#
# There is insufficient memory for the Java Runtime Environment to continue.
# Native memory allocation (malloc) failed to allocate 1588016 bytes. Error detail: Chunk::new
# Possible reasons:
#   The system is out of physical RAM or swap space
#   This process is running with CompressedOops enabled, and the Java Heap may be blocking the growth of the native heap
# Possible solutions:
#   Reduce memory load on the system
#   Increase physical memory or swap space
#   Check if swap backing store is full
#   Decrease Java heap size (-Xmx/-Xms)
#   Decrease number of Java threads
#   Decrease Java thread stack sizes (-Xss)
#   Set larger code cache with -XX:ReservedCodeCacheSize=
#   JVM is running with Unscaled Compressed Oops mode in which the Java heap is
#     placed in the first 4GB address space. The Java Heap base address is the
#     maximum limit for the native heap growth. Please use -XX:HeapBaseMinAddress
#     to set the Java Heap base and to place the Java Heap above 4GB virtual address.
# This output file may be truncated or incomplete.
#
#  Out of Memory Error (arena.cpp:191), pid=16284, tid=21580
#
# JRE version: OpenJDK Runtime Environment Microsoft-11369865 (17.0.15+6) (build 17.0.15+6-LTS)
# Java VM: OpenJDK 64-Bit Server VM Microsoft-11369865 (17.0.15+6-LTS, mixed mode, sharing, tiered, compressed oops, compressed class ptrs, g1 gc, windows-amd64)
# No core dump will be written. Minidumps are not enabled by default on client versions of Windows
#

---------------  S U M M A R Y ------------

Command Line: --add-opens=java.base/java.util=ALL-UNNAMED --add-opens=java.base/java.lang=ALL-UNNAMED --add-opens=java.base/java.lang.invoke=ALL-UNNAMED --add-opens=java.prefs/java.util.prefs=ALL-UNNAMED --add-exports=jdk.compiler/com.sun.tools.javac.api=ALL-UNNAMED --add-exports=jdk.compiler/com.sun.tools.javac.util=ALL-UNNAMED --add-opens=java.base/java.nio.charset=ALL-UNNAMED --add-opens=java.base/java.net=ALL-UNNAMED --add-opens=java.base/java.util.concurrent.atomic=ALL-UNNAMED -XX:MaxMetaspaceSize=384m -XX:+HeapDumpOnOutOfMemoryError -Xms256m -Xmx512m -Dfile.encoding=utf8 -Duser.country=IN -Duser.language=en -Duser.variant -javaagent:C:\Users\HP\.gradle\wrapper\dists\gradle-8.9-bin\90cnw93cvbtalezasaz0blq0a\gradle-8.9\lib\agents\gradle-instrumentation-agent-8.9.jar org.gradle.launcher.daemon.bootstrap.GradleDaemon 8.9

Host: 12th Gen Intel(R) Core(TM) i5-1235U, 12 cores, 7G,  Windows 11 , 64 bit Build 26100 (10.0.26100.8972)
Time: Thu Aug  6 10:55:10 2026 India Standard Time elapsed time: 100.038069 seconds (0d 0h 1m 40s)

---------------  T H R E A D  ---------------

Current thread (0x00000234475808b0):  JavaThread "C2 CompilerThread0" daemon [_thread_in_native, id=21580, stack(0x000000557a400000,0x000000557a500000)]


Current CompileTask:
C2: 100045 12543   !   4       org.codehaus.groovy.reflection.stdclasses.CachedSAMClass::hasUsableImplementation (72 bytes)

Stack: [0x000000557a400000,0x000000557a500000]
Native frames: (J=compiled Java code, j=interpreted, Vv=VM code, C=native code)
V  [jvm.dll+0x6887a9]
V  [jvm.dll+0x83f5a8]
V  [jvm.dll+0x841053]
V  [jvm.dll+0x8416c3]
V  [jvm.dll+0x2496ef]
V  [jvm.dll+0xad134]
V  [jvm.dll+0xad7cc]
V  [jvm.dll+0x36aedf]
V  [jvm.dll+0x335513]
V  [jvm.dll+0x3349aa]
V  [jvm.dll+0x21a908]
V  [jvm.dll+0x219d3f]
V  [jvm.dll+0x1a55f6]
V  [jvm.dll+0x22a39a]
V  [jvm.dll+0x2284db]
V  [jvm.dll+0x7f4e28]
V  [jvm.dll+0x7ef2dc]
V  [jvm.dll+0x687687]
C  [ucrtbase.dll+0x2cd30]
C  [KERNEL32.DLL+0x2ccb7]
C  [ntdll.dll+0xaad6c]


---------------  P R O C E S S  ---------------

Threads class SMR info:
_java_thread_list=0x00000234631b7410, length=81, elements={
0x000002342c57e5f0, 0x00000234475640a0, 0x00000234475656e0, 0x000002344757aeb0,
0x000002344757b780, 0x000002344757dbd0, 0x0000023447585fe0, 0x00000234475808b0,
0x0000023447598470, 0x0000023447587420, 0x0000023447588860, 0x0000023447585ad0,
0x0000023447586f10, 0x0000023447587930, 0x0000023447588350, 0x00000234475855c0,
0x00000234477c28a0, 0x00000234477c2db0, 0x00000234477c32c0, 0x00000234477bfb10,
0x00000234477c37d0, 0x00000234477c5b40, 0x00000234477c5120, 0x00000234477c2390,
0x00000234477c6050, 0x00000234477c6560, 0x000002346347cc10, 0x0000023463479970,
0x000002346347d630, 0x00000234634808d0, 0x0000023463480de0, 0x00000234634803c0,
0x00000234634812f0, 0x00000234630a8670, 0x00000234630a6300, 0x00000234630a8b80,
0x0000023463e91870, 0x0000023463e8eae0, 0x00000234477c0f50, 0x00000234477c1970,
0x00000234477c0020, 0x00000234477c4c10, 0x00000234477c1460, 0x00000234477c1e80,
0x00000234478371d0, 0x0000023447836cc0, 0x0000023447835d90, 0x0000023447838b20,
0x0000023447839030, 0x0000023447839540, 0x0000023447839a50, 0x0000023447838610,
0x00000234478362a0, 0x0000023447838100, 0x0000023447839f60, 0x00000234478367b0,
0x00000234478376e0, 0x000002344783d710, 0x000002344783bdc0, 0x000002344783a980,
0x000002344783ae90, 0x000002344783b8b0, 0x000002344783b3a0, 0x000002344783ccf0,
0x000002344783c2d0, 0x000002344783c7e0, 0x0000023463e927a0, 0x0000023463e8eff0,
0x0000023463e8fa10, 0x0000023463e92cb0, 0x0000023463e8f500, 0x0000023463e931c0,
0x0000023463e936d0, 0x0000023463e8ff20, 0x0000023463e96460, 0x0000023463e95530,
0x0000023463e93be0, 0x0000023463e95020, 0x0000023463e940f0, 0x0000023463e94600,
0x0000023463e94b10
}

Java Threads: ( => current thread )
  0x000002342c57e5f0 JavaThread "main" [_thread_blocked, id=15292, stack(0x0000005579700000,0x0000005579800000)]
  0x00000234475640a0 JavaThread "Reference Handler" daemon [_thread_blocked, id=29024, stack(0x0000005579e00000,0x0000005579f00000)]
  0x00000234475656e0 JavaThread "Finalizer" daemon [_thread_blocked, id=29168, stack(0x0000005579f00000,0x000000557a000000)]
  0x000002344757aeb0 JavaThread "Signal Dispatcher" daemon [_thread_blocked, id=28688, stack(0x000000557a000000,0x000000557a100000)]
  0x000002344757b780 JavaThread "Attach Listener" daemon [_thread_blocked, id=17160, stack(0x000000557a100000,0x000000557a200000)]
  0x000002344757dbd0 JavaThread "Service Thread" daemon [_thread_blocked, id=1344, stack(0x000000557a200000,0x000000557a300000)]
  0x0000023447585fe0 JavaThread "Monitor Deflation Thread" daemon [_thread_blocked, id=29308, stack(0x000000557a300000,0x000000557a400000)]
=>0x00000234475808b0 JavaThread "C2 CompilerThread0" daemon [_thread_in_native, id=21580, stack(0x000000557a400000,0x000000557a500000)]
  0x0000023447598470 JavaThread "C1 CompilerThread0" daemon [_thread_blocked, id=1948, stack(0x000000557a500000,0x000000557a600000)]
  0x0000023447587420 JavaThread "Sweeper thread" daemon [_thread_blocked, id=14804, stack(0x000000557a600000,0x000000557a700000)]
  0x0000023447588860 JavaThread "Common-Cleaner" daemon [_thread_blocked, id=19168, stack(0x000000557a700000,0x000000557a800000)]
  0x0000023447585ad0 JavaThread "Notification Thread" daemon [_thread_blocked, id=29556, stack(0x000000557a800000,0x000000557a900000)]
  0x0000023447586f10 JavaThread "Daemon health stats" [_thread_blocked, id=28648, stack(0x000000557aa00000,0x000000557ab00000)]
  0x0000023447587930 JavaThread "Incoming local TCP Connector on port 57247" [_thread_in_native, id=27916, stack(0x000000557b000000,0x000000557b100000)]
  0x0000023447588350 JavaThread "Daemon periodic checks" [_thread_blocked, id=24900, stack(0x000000557b100000,0x000000557b200000)]
  0x00000234475855c0 JavaThread "Daemon" [_thread_blocked, id=20364, stack(0x000000557b200000,0x000000557b300000)]
  0x00000234477c28a0 JavaThread "Daemon worker" [_thread_in_Java, id=29592, stack(0x000000557b500000,0x000000557b600000)]
  0x00000234477c2db0 JavaThread "Cache worker for journal cache (C:\Users\HP\.gradle\caches\journal-1)" [_thread_blocked, id=820, stack(0x000000557b900000,0x000000557ba00000)]
  0x00000234477c32c0 JavaThread "File lock request listener" [_thread_in_native, id=22712, stack(0x000000557ba00000,0x000000557bb00000)]
  0x00000234477bfb10 JavaThread "File lock release action executor" [_thread_blocked, id=26592, stack(0x000000557bb00000,0x000000557bc00000)]
  0x00000234477c37d0 JavaThread "Cache worker for file hash cache (C:\Users\HP\.gradle\caches\8.9\fileHashes)" [_thread_blocked, id=22192, stack(0x000000557bc00000,0x000000557bd00000)]
  0x00000234477c5b40 JavaThread "File watcher server" daemon [_thread_in_native, id=28584, stack(0x000000557c600000,0x000000557c700000)]
  0x00000234477c5120 JavaThread "File watcher consumer" daemon [_thread_blocked, id=25876, stack(0x000000557c700000,0x000000557c800000)]
  0x00000234477c2390 JavaThread "jar transforms" [_thread_blocked, id=24524, stack(0x000000557c800000,0x000000557c900000)]
  0x00000234477c6050 JavaThread "jar transforms Thread 2" [_thread_blocked, id=24304, stack(0x000000557c900000,0x000000557ca00000)]
  0x00000234477c6560 JavaThread "jar transforms Thread 3" [_thread_blocked, id=25408, stack(0x000000557ca00000,0x000000557cb00000)]
  0x000002346347cc10 JavaThread "Cache worker for file content cache (C:\Users\HP\.gradle\caches\8.9\fileContent)" [_thread_blocked, id=27720, stack(0x000000557cb00000,0x000000557cc00000)]
  0x0000023463479970 JavaThread "jar transforms Thread 4" [_thread_blocked, id=26976, stack(0x000000557ce00000,0x000000557cf00000)]
  0x000002346347d630 JavaThread "jar transforms Thread 5" [_thread_blocked, id=26668, stack(0x000000557d000000,0x000000557d100000)]
  0x00000234634808d0 JavaThread "jar transforms Thread 6" [_thread_blocked, id=29884, stack(0x000000557cf00000,0x000000557d000000)]
  0x0000023463480de0 JavaThread "jar transforms Thread 7" [_thread_blocked, id=29896, stack(0x000000557d100000,0x000000557d200000)]
  0x00000234634803c0 JavaThread "jar transforms Thread 8" [_thread_blocked, id=29908, stack(0x000000557d200000,0x000000557d300000)]
  0x00000234634812f0 JavaThread "jar transforms Thread 9" [_thread_blocked, id=29912, stack(0x000000557d300000,0x000000557d400000)]
  0x00000234630a8670 JavaThread "jar transforms Thread 10" [_thread_blocked, id=30300, stack(0x000000557d400000,0x000000557d500000)]
  0x00000234630a6300 JavaThread "jar transforms Thread 11" [_thread_blocked, id=30344, stack(0x000000557d500000,0x000000557d600000)]
  0x00000234630a8b80 JavaThread "jar transforms Thread 12" [_thread_blocked, id=30348, stack(0x000000557d600000,0x000000557d700000)]
  0x0000023463e91870 JavaThread "Memory manager" [_thread_blocked, id=8608, stack(0x000000557fa00000,0x000000557fb00000)]
  0x0000023463e8eae0 JavaThread "VFS cleanup" [_thread_blocked, id=13176, stack(0x0000005579600000,0x0000005579700000)]
  0x00000234477c0f50 JavaThread "Handler for socket connection from /127.0.0.1:57247 to /127.0.0.1:59748" [_thread_in_native, id=27488, stack(0x0000005579400000,0x0000005579500000)]
  0x00000234477c1970 JavaThread "Cancel handler" [_thread_blocked, id=19124, stack(0x0000005579500000,0x0000005579600000)]
  0x00000234477c0020 JavaThread "Asynchronous log dispatcher for DefaultDaemonConnection: socket connection from /127.0.0.1:57247 to /127.0.0.1:59748" [_thread_blocked, id=18208, stack(0x000000557b300000,0x000000557b400000)]
  0x00000234477c4c10 JavaThread "Stdin handler" [_thread_blocked, id=6000, stack(0x000000557b400000,0x000000557b500000)]
  0x00000234477c1460 JavaThread "Daemon client event forwarder" [_thread_blocked, id=24208, stack(0x000000557b600000,0x000000557b700000)]
  0x00000234477c1e80 JavaThread "Cache worker for file hash cache (D:\parkit-app\parkit\node_modules\@maplibre\maplibre-react-native\android\.gradle\8.9\fileHashes)" [_thread_blocked, id=3900, stack(0x000000557b700000,0x000000557b800000)]
  0x00000234478371d0 JavaThread "Cache worker for Build Output Cleanup Cache (D:\parkit-app\parkit\node_modules\@maplibre\maplibre-react-native\android\.gradle\buildOutputCleanup)" [_thread_blocked, id=7956, stack(0x000000557b800000,0x000000557b900000)]
  0x0000023447836cc0 JavaThread "Cache worker for checksums cache (D:\parkit-app\parkit\node_modules\@maplibre\maplibre-react-native\android\.gradle\8.9\checksums)" [_thread_blocked, id=30172, stack(0x000000557c100000,0x000000557c200000)]
  0x0000023447835d90 JavaThread "Cache worker for cache directory md-rule (C:\Users\HP\.gradle\caches\8.9\md-rule)" [_thread_blocked, id=30144, stack(0x000000557c200000,0x000000557c300000)]
  0x0000023447838b20 JavaThread "Cache worker for cache directory md-supplier (C:\Users\HP\.gradle\caches\8.9\md-supplier)" [_thread_blocked, id=30104, stack(0x000000557c300000,0x000000557c400000)]
  0x0000023447839030 JavaThread "Unconstrained build operations" [_thread_blocked, id=24148, stack(0x000000557cc00000,0x000000557cd00000)]
  0x0000023447839540 JavaThread "Unconstrained build operations Thread 2" [_thread_blocked, id=30264, stack(0x000000557cd00000,0x000000557ce00000)]
  0x0000023447839a50 JavaThread "Unconstrained build operations Thread 3" [_thread_blocked, id=30272, stack(0x000000557d900000,0x000000557da00000)]
  0x0000023447838610 JavaThread "Unconstrained build operations Thread 4" [_thread_blocked, id=23892, stack(0x000000557da00000,0x000000557db00000)]
  0x00000234478362a0 JavaThread "Unconstrained build operations Thread 5" [_thread_blocked, id=7368, stack(0x000000557db00000,0x000000557dc00000)]
  0x0000023447838100 JavaThread "Unconstrained build operations Thread 6" [_thread_blocked, id=17980, stack(0x000000557dc00000,0x000000557dd00000)]
  0x0000023447839f60 JavaThread "Unconstrained build operations Thread 7" [_thread_blocked, id=29084, stack(0x000000557dd00000,0x000000557de00000)]
  0x00000234478367b0 JavaThread "Unconstrained build operations Thread 8" [_thread_blocked, id=10912, stack(0x000000557de00000,0x000000557df00000)]
  0x00000234478376e0 JavaThread "Unconstrained build operations Thread 9" [_thread_blocked, id=22256, stack(0x000000557df00000,0x000000557e000000)]
  0x000002344783d710 JavaThread "Unconstrained build operations Thread 10" [_thread_blocked, id=29144, stack(0x000000557e000000,0x000000557e100000)]
  0x000002344783bdc0 JavaThread "Unconstrained build operations Thread 11" [_thread_blocked, id=25156, stack(0x000000557e100000,0x000000557e200000)]
  0x000002344783a980 JavaThread "Unconstrained build operations Thread 12" [_thread_blocked, id=7724, stack(0x000000557e200000,0x000000557e300000)]
  0x000002344783ae90 JavaThread "Unconstrained build operations Thread 13" [_thread_blocked, id=18576, stack(0x000000557e300000,0x000000557e400000)]
  0x000002344783b8b0 JavaThread "Unconstrained build operations Thread 14" [_thread_blocked, id=28440, stack(0x000000557e400000,0x000000557e500000)]
  0x000002344783b3a0 JavaThread "Unconstrained build operations Thread 15" [_thread_blocked, id=30664, stack(0x000000557e500000,0x000000557e600000)]
  0x000002344783ccf0 JavaThread "Unconstrained build operations Thread 16" [_thread_blocked, id=30652, stack(0x000000557e600000,0x000000557e700000)]
  0x000002344783c2d0 JavaThread "Unconstrained build operations Thread 17" [_thread_blocked, id=30472, stack(0x000000557e700000,0x000000557e800000)]
  0x000002344783c7e0 JavaThread "Unconstrained build operations Thread 18" [_thread_blocked, id=30356, stack(0x000000557e800000,0x000000557e900000)]
  0x0000023463e927a0 JavaThread "Unconstrained build operations Thread 19" [_thread_blocked, id=30352, stack(0x000000557e900000,0x000000557ea00000)]
  0x0000023463e8eff0 JavaThread "Unconstrained build operations Thread 20" [_thread_blocked, id=30660, stack(0x000000557ea00000,0x000000557eb00000)]
  0x0000023463e8fa10 JavaThread "Unconstrained build operations Thread 21" [_thread_blocked, id=30468, stack(0x000000557eb00000,0x000000557ec00000)]
  0x0000023463e92cb0 JavaThread "Unconstrained build operations Thread 22" [_thread_blocked, id=30480, stack(0x000000557ec00000,0x000000557ed00000)]
  0x0000023463e8f500 JavaThread "Unconstrained build operations Thread 23" [_thread_blocked, id=30340, stack(0x000000557ed00000,0x000000557ee00000)]
  0x0000023463e931c0 JavaThread "Unconstrained build operations Thread 24" [_thread_blocked, id=30280, stack(0x000000557ee00000,0x000000557ef00000)]
  0x0000023463e936d0 JavaThread "Unconstrained build operations Thread 25" [_thread_blocked, id=30288, stack(0x000000557ef00000,0x000000557f000000)]
  0x0000023463e8ff20 JavaThread "Unconstrained build operations Thread 26" [_thread_blocked, id=30504, stack(0x000000557f000000,0x000000557f100000)]
  0x0000023463e96460 JavaThread "Unconstrained build operations Thread 27" [_thread_blocked, id=30648, stack(0x000000557f100000,0x000000557f200000)]
  0x0000023463e95530 JavaThread "Unconstrained build operations Thread 28" [_thread_blocked, id=30508, stack(0x000000557f200000,0x000000557f300000)]
  0x0000023463e93be0 JavaThread "Unconstrained build operations Thread 29" [_thread_blocked, id=30656, stack(0x000000557f300000,0x000000557f400000)]
  0x0000023463e95020 JavaThread "Unconstrained build operations Thread 30" [_thread_blocked, id=30668, stack(0x000000557f400000,0x000000557f500000)]
  0x0000023463e940f0 JavaThread "Unconstrained build operations Thread 31" [_thread_blocked, id=30672, stack(0x000000557f500000,0x000000557f600000)]
  0x0000023463e94600 JavaThread "Unconstrained build operations Thread 32" [_thread_blocked, id=30476, stack(0x000000557f600000,0x000000557f700000)]
  0x0000023463e94b10 JavaThread "Unconstrained build operations Thread 33" [_thread_blocked, id=30484, stack(0x000000557f700000,0x000000557f800000)]

Other Threads:
  0x000002344755f540 VMThread "VM Thread" [stack: 0x0000005579d00000,0x0000005579e00000] [id=27252]
  0x000002342c57f380 WatcherThread [stack: 0x000000557a900000,0x000000557aa00000] [id=22264]
  0x000002342c5ae1f0 GCTaskThread "GC Thread#0" [stack: 0x0000005579800000,0x0000005579900000] [id=17660]
  0x00000234610d4970 GCTaskThread "GC Thread#1" [stack: 0x000000557ab00000,0x000000557ac00000] [id=5304]
  0x00000234617a2fa0 GCTaskThread "GC Thread#2" [stack: 0x000000557ac00000,0x000000557ad00000] [id=24760]
  0x00000234617a3260 GCTaskThread "GC Thread#3" [stack: 0x000000557ad00000,0x000000557ae00000] [id=28400]
  0x00000234615c1c80 GCTaskThread "GC Thread#4" [stack: 0x000000557ae00000,0x000000557af00000] [id=28184]
  0x00000234617a3520 GCTaskThread "GC Thread#5" [stack: 0x000000557af00000,0x000000557b000000] [id=25872]
  0x0000023461047da0 GCTaskThread "GC Thread#6" [stack: 0x000000557bd00000,0x000000557be00000] [id=24048]
  0x0000023463f5e8c0 GCTaskThread "GC Thread#7" [stack: 0x000000557be00000,0x000000557bf00000] [id=6756]
  0x0000023463f5eb80 GCTaskThread "GC Thread#8" [stack: 0x000000557bf00000,0x000000557c000000] [id=25848]
  0x0000023462f18fd0 GCTaskThread "GC Thread#9" [stack: 0x000000557c000000,0x000000557c100000] [id=25636]
  0x000002342c5b4060 ConcurrentGCThread "G1 Main Marker" [stack: 0x0000005579900000,0x0000005579a00000] [id=25868]
  0x000002342c5b5660 ConcurrentGCThread "G1 Conc#0" [stack: 0x0000005579a00000,0x0000005579b00000] [id=25744]
  0x0000023464c3b870 ConcurrentGCThread "G1 Conc#1" [stack: 0x000000557c400000,0x000000557c500000] [id=2280]
  0x0000023464c3c370 ConcurrentGCThread "G1 Conc#2" [stack: 0x000000557c500000,0x000000557c600000] [id=28676]
  0x000002342c62e980 ConcurrentGCThread "G1 Refine#0" [stack: 0x0000005579b00000,0x0000005579c00000] [id=27164]
  0x0000023447425560 ConcurrentGCThread "G1 Service" [stack: 0x0000005579c00000,0x0000005579d00000] [id=26256]

Threads with active compile tasks:
C2 CompilerThread0   100508 12543   !   4       org.codehaus.groovy.reflection.stdclasses.CachedSAMClass::hasUsableImplementation (72 bytes)

VM state: not at safepoint (normal execution)

VM Mutex/Monitor currently owned by a thread: None

Heap address: 0x00000000e0000000, size: 512 MB, Compressed Oops mode: 32-bit

CDS archive(s) mapped at: [0x0000023448000000-0x0000023448bb0000-0x0000023448bb0000), size 12255232, SharedBaseAddress: 0x0000023448000000, ArchiveRelocationMode: 1.
Compressed class space mapped at: 0x0000023449000000-0x000002345d000000, reserved size: 335544320
Narrow klass base: 0x0000023448000000, Narrow klass shift: 0, Narrow klass range: 0x100000000

GC Precious Log:
 CPUs: 12 total, 12 available
 Memory: 7835M
 Large Page Support: Disabled
 NUMA Support: Disabled
 Compressed Oops: Enabled (32-bit)
 Heap Region Size: 1M
 Heap Min Capacity: 256M
 Heap Initial Capacity: 256M
 Heap Max Capacity: 512M
 Pre-touch: Disabled
 Parallel Workers: 10
 Concurrent Workers: 3
 Concurrent Refinement Workers: 10
 Periodic GC: Disabled

Heap:
 garbage-first heap   total 262144K, used 132001K [0x00000000e0000000, 0x0000000100000000)
  region size 1024K, 28 young (28672K), 11 survivors (11264K)
 Metaspace       used 91324K, committed 92160K, reserved 458752K
  class space    used 12431K, committed 12864K, reserved 327680K

Heap Regions: E=young(eden), S=young(survivor), O=old, HS=humongous(starts), HC=humongous(continues), CS=collection set, F=free, OA=open archive, CA=closed archive, TAMS=top-at-mark-start (previous, next)
|   0|0x00000000e0000000, 0x00000000e0100000, 0x00000000e0100000|100%|HS|  |TAMS 0x00000000e0100000, 0x00000000e0000000| Complete 
|   1|0x00000000e0100000, 0x00000000e0200000, 0x00000000e0200000|100%|HC|  |TAMS 0x00000000e0200000, 0x00000000e0100000| Complete 
|   2|0x00000000e0200000, 0x00000000e0300000, 0x00000000e0300000|100%|HC|  |TAMS 0x00000000e0300000, 0x00000000e0200000| Complete 
|   3|0x00000000e0300000, 0x00000000e0400000, 0x00000000e0400000|100%|HC|  |TAMS 0x00000000e0400000, 0x00000000e0300000| Complete 
|   4|0x00000000e0400000, 0x00000000e0500000, 0x00000000e0500000|100%| O|  |TAMS 0x00000000e0500000, 0x00000000e0400000| Untracked 
|   5|0x00000000e0500000, 0x00000000e0600000, 0x00000000e0600000|100%| O|  |TAMS 0x00000000e0600000, 0x00000000e0500000| Untracked 
|   6|0x00000000e0600000, 0x00000000e0700000, 0x00000000e0700000|100%| O|  |TAMS 0x00000000e0700000, 0x00000000e0600000| Untracked 
|   7|0x00000000e0700000, 0x00000000e0800000, 0x00000000e0800000|100%| O|  |TAMS 0x00000000e0800000, 0x00000000e0700000| Untracked 
|   8|0x00000000e0800000, 0x00000000e0900000, 0x00000000e0900000|100%| O|  |TAMS 0x00000000e0900000, 0x00000000e0800000| Untracked 
|   9|0x00000000e0900000, 0x00000000e0a00000, 0x00000000e0a00000|100%| O|  |TAMS 0x00000000e0a00000, 0x00000000e0900000| Untracked 
|  10|0x00000000e0a00000, 0x00000000e0b00000, 0x00000000e0b00000|100%| O|  |TAMS 0x00000000e0b00000, 0x00000000e0a00000| Untracked 
|  11|0x00000000e0b00000, 0x00000000e0c00000, 0x00000000e0c00000|100%|HS|  |TAMS 0x00000000e0c00000, 0x00000000e0b00000| Complete 
|  12|0x00000000e0c00000, 0x00000000e0d00000, 0x00000000e0d00000|100%| O|  |TAMS 0x00000000e0d00000, 0x00000000e0c00000| Untracked 
|  13|0x00000000e0d00000, 0x00000000e0e00000, 0x00000000e0e00000|100%| O|  |TAMS 0x00000000e0e00000, 0x00000000e0d00000| Untracked 
|  14|0x00000000e0e00000, 0x00000000e0f00000, 0x00000000e0f00000|100%| O|  |TAMS 0x00000000e0f00000, 0x00000000e0e00000| Untracked 
|  15|0x00000000e0f00000, 0x00000000e1000000, 0x00000000e1000000|100%| O|  |TAMS 0x00000000e1000000, 0x00000000e0f00000| Untracked 
|  16|0x00000000e1000000, 0x00000000e1100000, 0x00000000e1100000|100%| O|  |TAMS 0x00000000e1100000, 0x00000000e1000000| Untracked 
|  17|0x00000000e1100000, 0x00000000e1200000, 0x00000000e1200000|100%| O|  |TAMS 0x00000000e1200000, 0x00000000e1100000| Untracked 
|  18|0x00000000e1200000, 0x00000000e1300000, 0x00000000e1300000|100%| O|  |TAMS 0x00000000e1300000, 0x00000000e1200000| Untracked 
|  19|0x00000000e1300000, 0x00000000e1400000, 0x00000000e1400000|100%| O|  |TAMS 0x00000000e1400000, 0x00000000e1300000| Untracked 
|  20|0x00000000e1400000, 0x00000000e1500000, 0x00000000e1500000|100%| O|  |TAMS 0x00000000e1500000, 0x00000000e1400000| Untracked 
|  21|0x00000000e1500000, 0x00000000e1600000, 0x00000000e1600000|100%| O|  |TAMS 0x00000000e1600000, 0x00000000e1500000| Untracked 
|  22|0x00000000e1600000, 0x00000000e1700000, 0x00000000e1700000|100%| O|  |TAMS 0x00000000e1700000, 0x00000000e1600000| Untracked 
|  23|0x00000000e1700000, 0x00000000e1800000, 0x00000000e1800000|100%| O|  |TAMS 0x00000000e1800000, 0x00000000e1700000| Untracked 
|  24|0x00000000e1800000, 0x00000000e1900000, 0x00000000e1900000|100%| O|  |TAMS 0x00000000e1900000, 0x00000000e1800000| Untracked 
|  25|0x00000000e1900000, 0x00000000e1a00000, 0x00000000e1a00000|100%| O|  |TAMS 0x00000000e1a00000, 0x00000000e1900000| Untracked 
|  26|0x00000000e1a00000, 0x00000000e1b00000, 0x00000000e1b00000|100%| O|  |TAMS 0x00000000e1b00000, 0x00000000e1a00000| Untracked 
|  27|0x00000000e1b00000, 0x00000000e1c00000, 0x00000000e1c00000|100%| O|  |TAMS 0x00000000e1c00000, 0x00000000e1b00000| Untracked 
|  28|0x00000000e1c00000, 0x00000000e1d00000, 0x00000000e1d00000|100%| O|  |TAMS 0x00000000e1d00000, 0x00000000e1c00000| Untracked 
|  29|0x00000000e1d00000, 0x00000000e1e00000, 0x00000000e1e00000|100%| O|  |TAMS 0x00000000e1e00000, 0x00000000e1d00000| Untracked 
|  30|0x00000000e1e00000, 0x00000000e1f00000, 0x00000000e1f00000|100%| O|  |TAMS 0x00000000e1f00000, 0x00000000e1e00000| Untracked 
|  31|0x00000000e1f00000, 0x00000000e2000000, 0x00000000e2000000|100%|HS|  |TAMS 0x00000000e2000000, 0x00000000e1f00000| Complete 
|  32|0x00000000e2000000, 0x00000000e2100000, 0x00000000e2100000|100%|HS|  |TAMS 0x00000000e2100000, 0x00000000e2000000| Complete 
|  33|0x00000000e2100000, 0x00000000e2200000, 0x00000000e2200000|100%|HS|  |TAMS 0x00000000e2200000, 0x00000000e2100000| Complete 
|  34|0x00000000e2200000, 0x00000000e2300000, 0x00000000e2300000|100%|HS|  |TAMS 0x00000000e2300000, 0x00000000e2200000| Complete 
|  35|0x00000000e2300000, 0x00000000e2400000, 0x00000000e2400000|100%|HC|  |TAMS 0x00000000e2400000, 0x00000000e2300000| Complete 
|  36|0x00000000e2400000, 0x00000000e2500000, 0x00000000e2500000|100%| O|  |TAMS 0x00000000e2500000, 0x00000000e2400000| Untracked 
|  37|0x00000000e2500000, 0x00000000e2600000, 0x00000000e2600000|100%| O|  |TAMS 0x00000000e2600000, 0x00000000e2500000| Untracked 
|  38|0x00000000e2600000, 0x00000000e2700000, 0x00000000e2700000|100%| O|  |TAMS 0x00000000e2700000, 0x00000000e2600000| Untracked 
|  39|0x00000000e2700000, 0x00000000e2800000, 0x00000000e2800000|100%| O|  |TAMS 0x00000000e2800000, 0x00000000e2700000| Untracked 
|  40|0x00000000e2800000, 0x00000000e2900000, 0x00000000e2900000|100%| O|  |TAMS 0x00000000e2900000, 0x00000000e2800000| Untracked 
|  41|0x00000000e2900000, 0x00000000e2a00000, 0x00000000e2a00000|100%| O|  |TAMS 0x00000000e2a00000, 0x00000000e2900000| Untracked 
|  42|0x00000000e2a00000, 0x00000000e2b00000, 0x00000000e2b00000|100%| O|  |TAMS 0x00000000e2b00000, 0x00000000e2a00000| Untracked 
|  43|0x00000000e2b00000, 0x00000000e2c00000, 0x00000000e2c00000|100%| O|  |TAMS 0x00000000e2c00000, 0x00000000e2b00000| Untracked 
|  44|0x00000000e2c00000, 0x00000000e2d00000, 0x00000000e2d00000|100%| O|  |TAMS 0x00000000e2d00000, 0x00000000e2c00000| Untracked 
|  45|0x00000000e2d00000, 0x00000000e2e00000, 0x00000000e2e00000|100%| O|  |TAMS 0x00000000e2da0c00, 0x00000000e2d00000| Untracked 
|  46|0x00000000e2e00000, 0x00000000e2f00000, 0x00000000e2f00000|100%|HS|  |TAMS 0x00000000e2f00000, 0x00000000e2e00000| Complete 
|  47|0x00000000e2f00000, 0x00000000e3000000, 0x00000000e3000000|100%| O|  |TAMS 0x00000000e2f00000, 0x00000000e2f00000| Untracked 
|  48|0x00000000e3000000, 0x00000000e3100000, 0x00000000e3100000|100%| O|  |TAMS 0x00000000e3000000, 0x00000000e3000000| Untracked 
|  49|0x00000000e3100000, 0x00000000e3200000, 0x00000000e3200000|100%| O|  |TAMS 0x00000000e3100000, 0x00000000e3100000| Untracked 
|  50|0x00000000e3200000, 0x00000000e3300000, 0x00000000e3300000|100%| O|  |TAMS 0x00000000e3200000, 0x00000000e3200000| Untracked 
|  51|0x00000000e3300000, 0x00000000e3400000, 0x00000000e3400000|100%| O|  |TAMS 0x00000000e3300000, 0x00000000e3300000| Untracked 
|  52|0x00000000e3400000, 0x00000000e3500000, 0x00000000e3500000|100%| O|  |TAMS 0x00000000e3400000, 0x00000000e3400000| Untracked 
|  53|0x00000000e3500000, 0x00000000e3600000, 0x00000000e3600000|100%| O|  |TAMS 0x00000000e3500000, 0x00000000e3500000| Untracked 
|  54|0x00000000e3600000, 0x00000000e3700000, 0x00000000e3700000|100%| O|  |TAMS 0x00000000e3600000, 0x00000000e3600000| Untracked 
|  55|0x00000000e3700000, 0x00000000e3800000, 0x00000000e3800000|100%| O|  |TAMS 0x00000000e3700000, 0x00000000e3700000| Untracked 
|  56|0x00000000e3800000, 0x00000000e3900000, 0x00000000e3900000|100%| O|  |TAMS 0x00000000e3800000, 0x00000000e3800000| Untracked 
|  57|0x00000000e3900000, 0x00000000e3a00000, 0x00000000e3a00000|100%| O|  |TAMS 0x00000000e3900000, 0x00000000e3900000| Untracked 
|  58|0x00000000e3a00000, 0x00000000e3b00000, 0x00000000e3b00000|100%| O|  |TAMS 0x00000000e3a00000, 0x00000000e3a00000| Untracked 
|  59|0x00000000e3b00000, 0x00000000e3c00000, 0x00000000e3c00000|100%| O|  |TAMS 0x00000000e3b00000, 0x00000000e3b00000| Untracked 
|  60|0x00000000e3c00000, 0x00000000e3d00000, 0x00000000e3d00000|100%| O|  |TAMS 0x00000000e3c00000, 0x00000000e3c00000| Untracked 
|  61|0x00000000e3d00000, 0x00000000e3e00000, 0x00000000e3e00000|100%| O|  |TAMS 0x00000000e3d00000, 0x00000000e3d00000| Untracked 
|  62|0x00000000e3e00000, 0x00000000e3f00000, 0x00000000e3f00000|100%| O|  |TAMS 0x00000000e3e00000, 0x00000000e3e00000| Untracked 
|  63|0x00000000e3f00000, 0x00000000e4000000, 0x00000000e4000000|100%| O|  |TAMS 0x00000000e3f00000, 0x00000000e3f00000| Untracked 
|  64|0x00000000e4000000, 0x00000000e4100000, 0x00000000e4100000|100%| O|  |TAMS 0x00000000e4000000, 0x00000000e4000000| Untracked 
|  65|0x00000000e4100000, 0x00000000e4200000, 0x00000000e4200000|100%| O|  |TAMS 0x00000000e4100000, 0x00000000e4100000| Untracked 
|  66|0x00000000e4200000, 0x00000000e4300000, 0x00000000e4300000|100%| O|  |TAMS 0x00000000e4200000, 0x00000000e4200000| Untracked 
|  67|0x00000000e4300000, 0x00000000e4400000, 0x00000000e4400000|100%| O|  |TAMS 0x00000000e4300000, 0x00000000e4300000| Untracked 
|  68|0x00000000e4400000, 0x00000000e4500000, 0x00000000e4500000|100%| O|  |TAMS 0x00000000e4400000, 0x00000000e4400000| Untracked 
|  69|0x00000000e4500000, 0x00000000e4600000, 0x00000000e4600000|100%| O|  |TAMS 0x00000000e4500000, 0x00000000e4500000| Untracked 
|  70|0x00000000e4600000, 0x00000000e4700000, 0x00000000e4700000|100%| O|  |TAMS 0x00000000e4600000, 0x00000000e4600000| Untracked 
|  71|0x00000000e4700000, 0x00000000e4800000, 0x00000000e4800000|100%| O|  |TAMS 0x00000000e4700000, 0x00000000e4700000| Untracked 
|  72|0x00000000e4800000, 0x00000000e4900000, 0x00000000e4900000|100%| O|  |TAMS 0x00000000e4800000, 0x00000000e4800000| Untracked 
|  73|0x00000000e4900000, 0x00000000e4a00000, 0x00000000e4a00000|100%|HS|  |TAMS 0x00000000e4900000, 0x00000000e4900000| Complete 
|  74|0x00000000e4a00000, 0x00000000e4b00000, 0x00000000e4b00000|100%|HC|  |TAMS 0x00000000e4a00000, 0x00000000e4a00000| Complete 
|  75|0x00000000e4b00000, 0x00000000e4c00000, 0x00000000e4c00000|100%| O|  |TAMS 0x00000000e4b00000, 0x00000000e4b00000| Untracked 
|  76|0x00000000e4c00000, 0x00000000e4d00000, 0x00000000e4d00000|100%| O|  |TAMS 0x00000000e4c00000, 0x00000000e4c00000| Untracked 
|  77|0x00000000e4d00000, 0x00000000e4e00000, 0x00000000e4e00000|100%| O|  |TAMS 0x00000000e4d00000, 0x00000000e4d00000| Untracked 
|  78|0x00000000e4e00000, 0x00000000e4f00000, 0x00000000e4f00000|100%| O|  |TAMS 0x00000000e4e00000, 0x00000000e4e00000| Untracked 
|  79|0x00000000e4f00000, 0x00000000e5000000, 0x00000000e5000000|100%| O|  |TAMS 0x00000000e4f00000, 0x00000000e4f00000| Untracked 
|  80|0x00000000e5000000, 0x00000000e5100000, 0x00000000e5100000|100%| O|  |TAMS 0x00000000e5000000, 0x00000000e5000000| Untracked 
|  81|0x00000000e5100000, 0x00000000e5200000, 0x00000000e5200000|100%|HS|  |TAMS 0x00000000e5100000, 0x00000000e5100000| Complete 
|  82|0x00000000e5200000, 0x00000000e5300000, 0x00000000e5300000|100%|HS|  |TAMS 0x00000000e5200000, 0x00000000e5200000| Complete 
|  83|0x00000000e5300000, 0x00000000e5400000, 0x00000000e5400000|100%|HS|  |TAMS 0x00000000e5300000, 0x00000000e5300000| Complete 
|  84|0x00000000e5400000, 0x00000000e5500000, 0x00000000e5500000|100%|HC|  |TAMS 0x00000000e5400000, 0x00000000e5400000| Complete 
|  85|0x00000000e5500000, 0x00000000e5600000, 0x00000000e5600000|100%|HC|  |TAMS 0x00000000e5500000, 0x00000000e5500000| Complete 
|  86|0x00000000e5600000, 0x00000000e5700000, 0x00000000e5700000|100%| O|  |TAMS 0x00000000e5600000, 0x00000000e5600000| Untracked 
|  87|0x00000000e5700000, 0x00000000e5800000, 0x00000000e5800000|100%| O|  |TAMS 0x00000000e5700000, 0x00000000e5700000| Untracked 
|  88|0x00000000e5800000, 0x00000000e5900000, 0x00000000e5900000|100%| O|  |TAMS 0x00000000e5800000, 0x00000000e5800000| Untracked 
|  89|0x00000000e5900000, 0x00000000e5a00000, 0x00000000e5a00000|100%| O|  |TAMS 0x00000000e5900000, 0x00000000e5900000| Untracked 
|  90|0x00000000e5a00000, 0x00000000e5b00000, 0x00000000e5b00000|100%| O|  |TAMS 0x00000000e5a00000, 0x00000000e5a00000| Untracked 
|  91|0x00000000e5b00000, 0x00000000e5c00000, 0x00000000e5c00000|100%| O|  |TAMS 0x00000000e5b00000, 0x00000000e5b00000| Untracked 
|  92|0x00000000e5c00000, 0x00000000e5d00000, 0x00000000e5d00000|100%| O|  |TAMS 0x00000000e5c00000, 0x00000000e5c00000| Untracked 
|  93|0x00000000e5d00000, 0x00000000e5e00000, 0x00000000e5e00000|100%| O|  |TAMS 0x00000000e5d00000, 0x00000000e5d00000| Untracked 
|  94|0x00000000e5e00000, 0x00000000e5f00000, 0x00000000e5f00000|100%| O|  |TAMS 0x00000000e5e00000, 0x00000000e5e00000| Untracked 
|  95|0x00000000e5f00000, 0x00000000e6000000, 0x00000000e6000000|100%| O|  |TAMS 0x00000000e5f00000, 0x00000000e5f00000| Untracked 
|  96|0x00000000e6000000, 0x00000000e6100000, 0x00000000e6100000|100%| O|  |TAMS 0x00000000e6000000, 0x00000000e6000000| Untracked 
|  97|0x00000000e6100000, 0x00000000e6200000, 0x00000000e6200000|100%| O|  |TAMS 0x00000000e6100000, 0x00000000e6100000| Untracked 
|  98|0x00000000e6200000, 0x00000000e6296400, 0x00000000e6300000| 58%| O|  |TAMS 0x00000000e6200000, 0x00000000e6200000| Untracked 
|  99|0x00000000e6300000, 0x00000000e6300000, 0x00000000e6400000|  0%| F|  |TAMS 0x00000000e6300000, 0x00000000e6300000| Untracked 
| 100|0x00000000e6400000, 0x00000000e6500000, 0x00000000e6500000|100%|HS|  |TAMS 0x00000000e6400000, 0x00000000e6400000| Complete 
| 101|0x00000000e6500000, 0x00000000e6600000, 0x00000000e6600000|100%|HS|  |TAMS 0x00000000e6500000, 0x00000000e6500000| Complete 
| 102|0x00000000e6600000, 0x00000000e6700000, 0x00000000e6700000|100%|HC|  |TAMS 0x00000000e6600000, 0x00000000e6600000| Complete 
| 103|0x00000000e6700000, 0x00000000e6800000, 0x00000000e6800000|100%|HC|  |TAMS 0x00000000e6700000, 0x00000000e6700000| Complete 
| 104|0x00000000e6800000, 0x00000000e6800000, 0x00000000e6900000|  0%| F|  |TAMS 0x00000000e6800000, 0x00000000e6800000| Untracked 
| 105|0x00000000e6900000, 0x00000000e6900000, 0x00000000e6a00000|  0%| F|  |TAMS 0x00000000e6900000, 0x00000000e6900000| Untracked 
| 106|0x00000000e6a00000, 0x00000000e6a00000, 0x00000000e6b00000|  0%| F|  |TAMS 0x00000000e6a00000, 0x00000000e6a00000| Untracked 
| 107|0x00000000e6b00000, 0x00000000e6b00000, 0x00000000e6c00000|  0%| F|  |TAMS 0x00000000e6b00000, 0x00000000e6b00000| Untracked 
| 108|0x00000000e6c00000, 0x00000000e6c00000, 0x00000000e6d00000|  0%| F|  |TAMS 0x00000000e6c00000, 0x00000000e6c00000| Untracked 
| 109|0x00000000e6d00000, 0x00000000e6d00000, 0x00000000e6e00000|  0%| F|  |TAMS 0x00000000e6d00000, 0x00000000e6d00000| Untracked 
| 110|0x00000000e6e00000, 0x00000000e6e00000, 0x00000000e6f00000|  0%| F|  |TAMS 0x00000000e6e00000, 0x00000000e6e00000| Untracked 
| 111|0x00000000e6f00000, 0x00000000e6f00000, 0x00000000e7000000|  0%| F|  |TAMS 0x00000000e6f00000, 0x00000000e6f00000| Untracked 
| 112|0x00000000e7000000, 0x00000000e7000000, 0x00000000e7100000|  0%| F|  |TAMS 0x00000000e7000000, 0x00000000e7000000| Untracked 
| 113|0x00000000e7100000, 0x00000000e7100000, 0x00000000e7200000|  0%| F|  |TAMS 0x00000000e7100000, 0x00000000e7100000| Untracked 
| 114|0x00000000e7200000, 0x00000000e7200000, 0x00000000e7300000|  0%| F|  |TAMS 0x00000000e7200000, 0x00000000e7200000| Untracked 
| 115|0x00000000e7300000, 0x00000000e7300000, 0x00000000e7400000|  0%| F|  |TAMS 0x00000000e7300000, 0x00000000e7300000| Untracked 
| 116|0x00000000e7400000, 0x00000000e7400000, 0x00000000e7500000|  0%| F|  |TAMS 0x00000000e7400000, 0x00000000e7400000| Untracked 
| 117|0x00000000e7500000, 0x00000000e7500000, 0x00000000e7600000|  0%| F|  |TAMS 0x00000000e7500000, 0x00000000e7500000| Untracked 
| 118|0x00000000e7600000, 0x00000000e7600000, 0x00000000e7700000|  0%| F|  |TAMS 0x00000000e7600000, 0x00000000e7600000| Untracked 
| 119|0x00000000e7700000, 0x00000000e7700000, 0x00000000e7800000|  0%| F|  |TAMS 0x00000000e7700000, 0x00000000e7700000| Untracked 
| 120|0x00000000e7800000, 0x00000000e7800000, 0x00000000e7900000|  0%| F|  |TAMS 0x00000000e7800000, 0x00000000e7800000| Untracked 
| 121|0x00000000e7900000, 0x00000000e7900000, 0x00000000e7a00000|  0%| F|  |TAMS 0x00000000e7900000, 0x00000000e7900000| Untracked 
| 122|0x00000000e7a00000, 0x00000000e7a00000, 0x00000000e7b00000|  0%| F|  |TAMS 0x00000000e7a00000, 0x00000000e7a00000| Untracked 
| 123|0x00000000e7b00000, 0x00000000e7b00000, 0x00000000e7c00000|  0%| F|  |TAMS 0x00000000e7b00000, 0x00000000e7b00000| Untracked 
| 124|0x00000000e7c00000, 0x00000000e7c00000, 0x00000000e7d00000|  0%| F|  |TAMS 0x00000000e7c00000, 0x00000000e7c00000| Untracked 
| 125|0x00000000e7d00000, 0x00000000e7d00000, 0x00000000e7e00000|  0%| F|  |TAMS 0x00000000e7d00000, 0x00000000e7d00000| Untracked 
| 126|0x00000000e7e00000, 0x00000000e7e00000, 0x00000000e7f00000|  0%| F|  |TAMS 0x00000000e7e00000, 0x00000000e7e00000| Untracked 
| 127|0x00000000e7f00000, 0x00000000e7f00000, 0x00000000e8000000|  0%| F|  |TAMS 0x00000000e7f00000, 0x00000000e7f00000| Untracked 
| 128|0x00000000e8000000, 0x00000000e8000000, 0x00000000e8100000|  0%| F|  |TAMS 0x00000000e8000000, 0x00000000e8000000| Untracked 
| 129|0x00000000e8100000, 0x00000000e8100000, 0x00000000e8200000|  0%| F|  |TAMS 0x00000000e8100000, 0x00000000e8100000| Untracked 
| 130|0x00000000e8200000, 0x00000000e8200000, 0x00000000e8300000|  0%| F|  |TAMS 0x00000000e8200000, 0x00000000e8200000| Untracked 
| 131|0x00000000e8300000, 0x00000000e8300000, 0x00000000e8400000|  0%| F|  |TAMS 0x00000000e8300000, 0x00000000e8300000| Untracked 
| 132|0x00000000e8400000, 0x00000000e8400000, 0x00000000e8500000|  0%| F|  |TAMS 0x00000000e8400000, 0x00000000e8400000| Untracked 
| 133|0x00000000e8500000, 0x00000000e8500000, 0x00000000e8600000|  0%| F|  |TAMS 0x00000000e8500000, 0x00000000e8500000| Untracked 
| 134|0x00000000e8600000, 0x00000000e8600000, 0x00000000e8700000|  0%| F|  |TAMS 0x00000000e8600000, 0x00000000e8600000| Untracked 
| 135|0x00000000e8700000, 0x00000000e8700000, 0x00000000e8800000|  0%| F|  |TAMS 0x00000000e8700000, 0x00000000e8700000| Untracked 
| 136|0x00000000e8800000, 0x00000000e8800000, 0x00000000e8900000|  0%| F|  |TAMS 0x00000000e8800000, 0x00000000e8800000| Untracked 
| 137|0x00000000e8900000, 0x00000000e89521d0, 0x00000000e8a00000| 32%| S|CS|TAMS 0x00000000e8900000, 0x00000000e8900000| Complete 
| 138|0x00000000e8a00000, 0x00000000e8b00000, 0x00000000e8b00000|100%| S|CS|TAMS 0x00000000e8a00000, 0x00000000e8a00000| Complete 
| 139|0x00000000e8b00000, 0x00000000e8c00000, 0x00000000e8c00000|100%| S|CS|TAMS 0x00000000e8b00000, 0x00000000e8b00000| Complete 
| 140|0x00000000e8c00000, 0x00000000e8d00000, 0x00000000e8d00000|100%| S|CS|TAMS 0x00000000e8c00000, 0x00000000e8c00000| Complete 
| 141|0x00000000e8d00000, 0x00000000e8e00000, 0x00000000e8e00000|100%| S|CS|TAMS 0x00000000e8d00000, 0x00000000e8d00000| Complete 
| 142|0x00000000e8e00000, 0x00000000e8f00000, 0x00000000e8f00000|100%| S|CS|TAMS 0x00000000e8e00000, 0x00000000e8e00000| Complete 
| 143|0x00000000e8f00000, 0x00000000e9000000, 0x00000000e9000000|100%| S|CS|TAMS 0x00000000e8f00000, 0x00000000e8f00000| Complete 
| 144|0x00000000e9000000, 0x00000000e9100000, 0x00000000e9100000|100%| S|CS|TAMS 0x00000000e9000000, 0x00000000e9000000| Complete 
| 145|0x00000000e9100000, 0x00000000e9100000, 0x00000000e9200000|  0%| F|  |TAMS 0x00000000e9100000, 0x00000000e9100000| Untracked 
| 146|0x00000000e9200000, 0x00000000e9200000, 0x00000000e9300000|  0%| F|  |TAMS 0x00000000e9200000, 0x00000000e9200000| Untracked 
| 147|0x00000000e9300000, 0x00000000e9300000, 0x00000000e9400000|  0%| F|  |TAMS 0x00000000e9300000, 0x00000000e9300000| Untracked 
| 148|0x00000000e9400000, 0x00000000e9400000, 0x00000000e9500000|  0%| F|  |TAMS 0x00000000e9400000, 0x00000000e9400000| Untracked 
| 149|0x00000000e9500000, 0x00000000e9500000, 0x00000000e9600000|  0%| F|  |TAMS 0x00000000e9500000, 0x00000000e9500000| Untracked 
| 150|0x00000000e9600000, 0x00000000e9700000, 0x00000000e9700000|100%| S|CS|TAMS 0x00000000e9600000, 0x00000000e9600000| Complete 
| 151|0x00000000e9700000, 0x00000000e9800000, 0x00000000e9800000|100%| S|CS|TAMS 0x00000000e9700000, 0x00000000e9700000| Complete 
| 152|0x00000000e9800000, 0x00000000e9900000, 0x00000000e9900000|100%| S|CS|TAMS 0x00000000e9800000, 0x00000000e9800000| Complete 
| 153|0x00000000e9900000, 0x00000000e9900000, 0x00000000e9a00000|  0%| F|  |TAMS 0x00000000e9900000, 0x00000000e9900000| Untracked 
| 154|0x00000000e9a00000, 0x00000000e9a00000, 0x00000000e9b00000|  0%| F|  |TAMS 0x00000000e9a00000, 0x00000000e9a00000| Untracked 
| 155|0x00000000e9b00000, 0x00000000e9b00000, 0x00000000e9c00000|  0%| F|  |TAMS 0x00000000e9b00000, 0x00000000e9b00000| Untracked 
| 156|0x00000000e9c00000, 0x00000000e9c00000, 0x00000000e9d00000|  0%| F|  |TAMS 0x00000000e9c00000, 0x00000000e9c00000| Untracked 
| 157|0x00000000e9d00000, 0x00000000e9d00000, 0x00000000e9e00000|  0%| F|  |TAMS 0x00000000e9d00000, 0x00000000e9d00000| Untracked 
| 158|0x00000000e9e00000, 0x00000000e9e00000, 0x00000000e9f00000|  0%| F|  |TAMS 0x00000000e9e00000, 0x00000000e9e00000| Untracked 
| 159|0x00000000e9f00000, 0x00000000e9f00000, 0x00000000ea000000|  0%| F|  |TAMS 0x00000000e9f00000, 0x00000000e9f00000| Untracked 
| 160|0x00000000ea000000, 0x00000000ea000000, 0x00000000ea100000|  0%| F|  |TAMS 0x00000000ea000000, 0x00000000ea000000| Untracked 
| 161|0x00000000ea100000, 0x00000000ea100000, 0x00000000ea200000|  0%| F|  |TAMS 0x00000000ea100000, 0x00000000ea100000| Untracked 
| 162|0x00000000ea200000, 0x00000000ea200000, 0x00000000ea300000|  0%| F|  |TAMS 0x00000000ea200000, 0x00000000ea200000| Untracked 
| 163|0x00000000ea300000, 0x00000000ea300000, 0x00000000ea400000|  0%| F|  |TAMS 0x00000000ea300000, 0x00000000ea300000| Untracked 
| 164|0x00000000ea400000, 0x00000000ea400000, 0x00000000ea500000|  0%| F|  |TAMS 0x00000000ea400000, 0x00000000ea400000| Untracked 
| 165|0x00000000ea500000, 0x00000000ea500000, 0x00000000ea600000|  0%| F|  |TAMS 0x00000000ea500000, 0x00000000ea500000| Untracked 
| 166|0x00000000ea600000, 0x00000000ea600000, 0x00000000ea700000|  0%| F|  |TAMS 0x00000000ea600000, 0x00000000ea600000| Untracked 
| 167|0x00000000ea700000, 0x00000000ea700000, 0x00000000ea800000|  0%| F|  |TAMS 0x00000000ea700000, 0x00000000ea700000| Untracked 
| 168|0x00000000ea800000, 0x00000000ea800000, 0x00000000ea900000|  0%| F|  |TAMS 0x00000000ea800000, 0x00000000ea800000| Untracked 
| 169|0x00000000ea900000, 0x00000000ea900000, 0x00000000eaa00000|  0%| F|  |TAMS 0x00000000ea900000, 0x00000000ea900000| Untracked 
| 170|0x00000000eaa00000, 0x00000000eaa00000, 0x00000000eab00000|  0%| F|  |TAMS 0x00000000eaa00000, 0x00000000eaa00000| Untracked 
| 171|0x00000000eab00000, 0x00000000eab00000, 0x00000000eac00000|  0%| F|  |TAMS 0x00000000eab00000, 0x00000000eab00000| Untracked 
| 172|0x00000000eac00000, 0x00000000eac00000, 0x00000000ead00000|  0%| F|  |TAMS 0x00000000eac00000, 0x00000000eac00000| Untracked 
| 173|0x00000000ead00000, 0x00000000ead00000, 0x00000000eae00000|  0%| F|  |TAMS 0x00000000ead00000, 0x00000000ead00000| Untracked 
| 174|0x00000000eae00000, 0x00000000eae00000, 0x00000000eaf00000|  0%| F|  |TAMS 0x00000000eae00000, 0x00000000eae00000| Untracked 
| 175|0x00000000eaf00000, 0x00000000eaf00000, 0x00000000eb000000|  0%| F|  |TAMS 0x00000000eaf00000, 0x00000000eaf00000| Untracked 
| 176|0x00000000eb000000, 0x00000000eb000000, 0x00000000eb100000|  0%| F|  |TAMS 0x00000000eb000000, 0x00000000eb000000| Untracked 
| 177|0x00000000eb100000, 0x00000000eb100000, 0x00000000eb200000|  0%| F|  |TAMS 0x00000000eb100000, 0x00000000eb100000| Untracked 
| 178|0x00000000eb200000, 0x00000000eb200000, 0x00000000eb300000|  0%| F|  |TAMS 0x00000000eb200000, 0x00000000eb200000| Untracked 
| 179|0x00000000eb300000, 0x00000000eb300000, 0x00000000eb400000|  0%| F|  |TAMS 0x00000000eb300000, 0x00000000eb300000| Untracked 
| 180|0x00000000eb400000, 0x00000000eb400000, 0x00000000eb500000|  0%| F|  |TAMS 0x00000000eb400000, 0x00000000eb400000| Untracked 
| 181|0x00000000eb500000, 0x00000000eb500000, 0x00000000eb600000|  0%| F|  |TAMS 0x00000000eb500000, 0x00000000eb500000| Untracked 
| 182|0x00000000eb600000, 0x00000000eb600000, 0x00000000eb700000|  0%| F|  |TAMS 0x00000000eb600000, 0x00000000eb600000| Untracked 
| 183|0x00000000eb700000, 0x00000000eb700000, 0x00000000eb800000|  0%| F|  |TAMS 0x00000000eb700000, 0x00000000eb700000| Untracked 
| 184|0x00000000eb800000, 0x00000000eb800000, 0x00000000eb900000|  0%| F|  |TAMS 0x00000000eb800000, 0x00000000eb800000| Untracked 
| 185|0x00000000eb900000, 0x00000000eb900000, 0x00000000eba00000|  0%| F|  |TAMS 0x00000000eb900000, 0x00000000eb900000| Untracked 
| 186|0x00000000eba00000, 0x00000000eba00000, 0x00000000ebb00000|  0%| F|  |TAMS 0x00000000eba00000, 0x00000000eba00000| Untracked 
| 187|0x00000000ebb00000, 0x00000000ebb00000, 0x00000000ebc00000|  0%| F|  |TAMS 0x00000000ebb00000, 0x00000000ebb00000| Untracked 
| 188|0x00000000ebc00000, 0x00000000ebc00000, 0x00000000ebd00000|  0%| F|  |TAMS 0x00000000ebc00000, 0x00000000ebc00000| Untracked 
| 189|0x00000000ebd00000, 0x00000000ebd00000, 0x00000000ebe00000|  0%| F|  |TAMS 0x00000000ebd00000, 0x00000000ebd00000| Untracked 
| 190|0x00000000ebe00000, 0x00000000ebe00000, 0x00000000ebf00000|  0%| F|  |TAMS 0x00000000ebe00000, 0x00000000ebe00000| Untracked 
| 191|0x00000000ebf00000, 0x00000000ebf00000, 0x00000000ec000000|  0%| F|  |TAMS 0x00000000ebf00000, 0x00000000ebf00000| Untracked 
| 192|0x00000000ec000000, 0x00000000ec000000, 0x00000000ec100000|  0%| F|  |TAMS 0x00000000ec000000, 0x00000000ec000000| Untracked 
| 193|0x00000000ec100000, 0x00000000ec100000, 0x00000000ec200000|  0%| F|  |TAMS 0x00000000ec100000, 0x00000000ec100000| Untracked 
| 194|0x00000000ec200000, 0x00000000ec200000, 0x00000000ec300000|  0%| F|  |TAMS 0x00000000ec200000, 0x00000000ec200000| Untracked 
| 195|0x00000000ec300000, 0x00000000ec300000, 0x00000000ec400000|  0%| F|  |TAMS 0x00000000ec300000, 0x00000000ec300000| Untracked 
| 196|0x00000000ec400000, 0x00000000ec400000, 0x00000000ec500000|  0%| F|  |TAMS 0x00000000ec400000, 0x00000000ec400000| Untracked 
| 197|0x00000000ec500000, 0x00000000ec500000, 0x00000000ec600000|  0%| F|  |TAMS 0x00000000ec500000, 0x00000000ec500000| Untracked 
| 198|0x00000000ec600000, 0x00000000ec600000, 0x00000000ec700000|  0%| F|  |TAMS 0x00000000ec600000, 0x00000000ec600000| Untracked 
| 199|0x00000000ec700000, 0x00000000ec700000, 0x00000000ec800000|  0%| F|  |TAMS 0x00000000ec700000, 0x00000000ec700000| Untracked 
| 200|0x00000000ec800000, 0x00000000ec800000, 0x00000000ec900000|  0%| F|  |TAMS 0x00000000ec800000, 0x00000000ec800000| Untracked 
| 201|0x00000000ec900000, 0x00000000ec900000, 0x00000000eca00000|  0%| F|  |TAMS 0x00000000ec900000, 0x00000000ec900000| Untracked 
| 202|0x00000000eca00000, 0x00000000eca00000, 0x00000000ecb00000|  0%| F|  |TAMS 0x00000000eca00000, 0x00000000eca00000| Untracked 
| 203|0x00000000ecb00000, 0x00000000ecb00000, 0x00000000ecc00000|  0%| F|  |TAMS 0x00000000ecb00000, 0x00000000ecb00000| Untracked 
| 204|0x00000000ecc00000, 0x00000000ecc00000, 0x00000000ecd00000|  0%| F|  |TAMS 0x00000000ecc00000, 0x00000000ecc00000| Untracked 
| 205|0x00000000ecd00000, 0x00000000ecd00000, 0x00000000ece00000|  0%| F|  |TAMS 0x00000000ecd00000, 0x00000000ecd00000| Untracked 
| 206|0x00000000ece00000, 0x00000000ece00000, 0x00000000ecf00000|  0%| F|  |TAMS 0x00000000ece00000, 0x00000000ece00000| Untracked 
| 207|0x00000000ecf00000, 0x00000000ecf00000, 0x00000000ed000000|  0%| F|  |TAMS 0x00000000ecf00000, 0x00000000ecf00000| Untracked 
| 208|0x00000000ed000000, 0x00000000ed000000, 0x00000000ed100000|  0%| F|  |TAMS 0x00000000ed000000, 0x00000000ed000000| Untracked 
| 209|0x00000000ed100000, 0x00000000ed100000, 0x00000000ed200000|  0%| F|  |TAMS 0x00000000ed100000, 0x00000000ed100000| Untracked 
| 210|0x00000000ed200000, 0x00000000ed200000, 0x00000000ed300000|  0%| F|  |TAMS 0x00000000ed200000, 0x00000000ed200000| Untracked 
| 211|0x00000000ed300000, 0x00000000ed300000, 0x00000000ed400000|  0%| F|  |TAMS 0x00000000ed300000, 0x00000000ed300000| Untracked 
| 212|0x00000000ed400000, 0x00000000ed400000, 0x00000000ed500000|  0%| F|  |TAMS 0x00000000ed400000, 0x00000000ed400000| Untracked 
| 213|0x00000000ed500000, 0x00000000ed500000, 0x00000000ed600000|  0%| F|  |TAMS 0x00000000ed500000, 0x00000000ed500000| Untracked 
| 214|0x00000000ed600000, 0x00000000ed600000, 0x00000000ed700000|  0%| F|  |TAMS 0x00000000ed600000, 0x00000000ed600000| Untracked 
| 215|0x00000000ed700000, 0x00000000ed700000, 0x00000000ed800000|  0%| F|  |TAMS 0x00000000ed700000, 0x00000000ed700000| Untracked 
| 216|0x00000000ed800000, 0x00000000ed800000, 0x00000000ed900000|  0%| F|  |TAMS 0x00000000ed800000, 0x00000000ed800000| Untracked 
| 217|0x00000000ed900000, 0x00000000ed900000, 0x00000000eda00000|  0%| F|  |TAMS 0x00000000ed900000, 0x00000000ed900000| Untracked 
| 218|0x00000000eda00000, 0x00000000eda00000, 0x00000000edb00000|  0%| F|  |TAMS 0x00000000eda00000, 0x00000000eda00000| Untracked 
| 219|0x00000000edb00000, 0x00000000edb00000, 0x00000000edc00000|  0%| F|  |TAMS 0x00000000edb00000, 0x00000000edb00000| Untracked 
| 220|0x00000000edc00000, 0x00000000edc00000, 0x00000000edd00000|  0%| F|  |TAMS 0x00000000edc00000, 0x00000000edc00000| Untracked 
| 221|0x00000000edd00000, 0x00000000edd00000, 0x00000000ede00000|  0%| F|  |TAMS 0x00000000edd00000, 0x00000000edd00000| Untracked 
| 222|0x00000000ede00000, 0x00000000ede00000, 0x00000000edf00000|  0%| F|  |TAMS 0x00000000ede00000, 0x00000000ede00000| Untracked 
| 223|0x00000000edf00000, 0x00000000edf00000, 0x00000000ee000000|  0%| F|  |TAMS 0x00000000edf00000, 0x00000000edf00000| Untracked 
| 224|0x00000000ee000000, 0x00000000ee000000, 0x00000000ee100000|  0%| F|  |TAMS 0x00000000ee000000, 0x00000000ee000000| Untracked 
| 225|0x00000000ee100000, 0x00000000ee100000, 0x00000000ee200000|  0%| F|  |TAMS 0x00000000ee100000, 0x00000000ee100000| Untracked 
| 226|0x00000000ee200000, 0x00000000ee200000, 0x00000000ee300000|  0%| F|  |TAMS 0x00000000ee200000, 0x00000000ee200000| Untracked 
| 227|0x00000000ee300000, 0x00000000ee300000, 0x00000000ee400000|  0%| F|  |TAMS 0x00000000ee300000, 0x00000000ee300000| Untracked 
| 228|0x00000000ee400000, 0x00000000ee400000, 0x00000000ee500000|  0%| F|  |TAMS 0x00000000ee400000, 0x00000000ee400000| Untracked 
| 229|0x00000000ee500000, 0x00000000ee500000, 0x00000000ee600000|  0%| F|  |TAMS 0x00000000ee500000, 0x00000000ee500000| Untracked 
| 230|0x00000000ee600000, 0x00000000ee600000, 0x00000000ee700000|  0%| F|  |TAMS 0x00000000ee600000, 0x00000000ee600000| Untracked 
| 231|0x00000000ee700000, 0x00000000ee700000, 0x00000000ee800000|  0%| F|  |TAMS 0x00000000ee700000, 0x00000000ee700000| Untracked 
| 232|0x00000000ee800000, 0x00000000ee800000, 0x00000000ee900000|  0%| F|  |TAMS 0x00000000ee800000, 0x00000000ee800000| Untracked 
| 233|0x00000000ee900000, 0x00000000ee900000, 0x00000000eea00000|  0%| F|  |TAMS 0x00000000ee900000, 0x00000000ee900000| Untracked 
| 234|0x00000000eea00000, 0x00000000eea00000, 0x00000000eeb00000|  0%| F|  |TAMS 0x00000000eea00000, 0x00000000eea00000| Untracked 
| 235|0x00000000eeb00000, 0x00000000eeb00000, 0x00000000eec00000|  0%| F|  |TAMS 0x00000000eeb00000, 0x00000000eeb00000| Untracked 
| 236|0x00000000eec00000, 0x00000000eec00000, 0x00000000eed00000|  0%| F|  |TAMS 0x00000000eec00000, 0x00000000eec00000| Untracked 
| 237|0x00000000eed00000, 0x00000000eed80000, 0x00000000eee00000| 50%| E|  |TAMS 0x00000000eed00000, 0x00000000eed00000| Complete 
| 238|0x00000000eee00000, 0x00000000eef00000, 0x00000000eef00000|100%| E|CS|TAMS 0x00000000eee00000, 0x00000000eee00000| Complete 
| 239|0x00000000eef00000, 0x00000000ef000000, 0x00000000ef000000|100%| E|CS|TAMS 0x00000000eef00000, 0x00000000eef00000| Complete 
| 240|0x00000000ef000000, 0x00000000ef100000, 0x00000000ef100000|100%| E|CS|TAMS 0x00000000ef000000, 0x00000000ef000000| Complete 
| 241|0x00000000ef100000, 0x00000000ef200000, 0x00000000ef200000|100%| E|CS|TAMS 0x00000000ef100000, 0x00000000ef100000| Complete 
| 242|0x00000000ef200000, 0x00000000ef300000, 0x00000000ef300000|100%| E|CS|TAMS 0x00000000ef200000, 0x00000000ef200000| Complete 
| 243|0x00000000ef300000, 0x00000000ef400000, 0x00000000ef400000|100%| E|CS|TAMS 0x00000000ef300000, 0x00000000ef300000| Complete 
| 244|0x00000000ef400000, 0x00000000ef500000, 0x00000000ef500000|100%| E|CS|TAMS 0x00000000ef400000, 0x00000000ef400000| Complete 
| 245|0x00000000ef500000, 0x00000000ef600000, 0x00000000ef600000|100%| E|CS|TAMS 0x00000000ef500000, 0x00000000ef500000| Complete 
| 246|0x00000000ef600000, 0x00000000ef700000, 0x00000000ef700000|100%| E|CS|TAMS 0x00000000ef600000, 0x00000000ef600000| Complete 
| 247|0x00000000ef700000, 0x00000000ef800000, 0x00000000ef800000|100%| E|CS|TAMS 0x00000000ef700000, 0x00000000ef700000| Complete 
| 248|0x00000000ef800000, 0x00000000ef900000, 0x00000000ef900000|100%| E|CS|TAMS 0x00000000ef800000, 0x00000000ef800000| Complete 
| 249|0x00000000ef900000, 0x00000000efa00000, 0x00000000efa00000|100%| E|CS|TAMS 0x00000000ef900000, 0x00000000ef900000| Complete 
| 250|0x00000000efa00000, 0x00000000efb00000, 0x00000000efb00000|100%| E|CS|TAMS 0x00000000efa00000, 0x00000000efa00000| Complete 
| 251|0x00000000efb00000, 0x00000000efc00000, 0x00000000efc00000|100%| E|CS|TAMS 0x00000000efb00000, 0x00000000efb00000| Complete 
| 252|0x00000000efc00000, 0x00000000efd00000, 0x00000000efd00000|100%| E|CS|TAMS 0x00000000efc00000, 0x00000000efc00000| Complete 
| 253|0x00000000efd00000, 0x00000000efe00000, 0x00000000efe00000|100%| E|CS|TAMS 0x00000000efd00000, 0x00000000efd00000| Complete 
| 254|0x00000000efe00000, 0x00000000eff00000, 0x00000000eff00000|100%| E|CS|TAMS 0x00000000efe00000, 0x00000000efe00000| Complete 
| 255|0x00000000eff00000, 0x00000000f0000000, 0x00000000f0000000|100%| E|CS|TAMS 0x00000000eff00000, 0x00000000eff00000| Complete 

Card table byte_map: [0x0000023443710000,0x0000023443810000] _byte_map_base: 0x0000023443010000

Marking Bits (Prev, Next): (CMBitMap*) 0x000002342c5af770, (CMBitMap*) 0x000002342c5af730
 Prev Bits: [0x0000023444110000, 0x0000023444910000)
 Next Bits: [0x0000023443910000, 0x0000023444110000)

Polling page: 0x000002342a3b0000

Metaspace:

Usage:
  Non-class:     77.04 MB used.
      Class:     12.14 MB used.
       Both:     89.18 MB used.

Virtual space:
  Non-class space:      128.00 MB reserved,      77.44 MB ( 60%) committed,  2 nodes.
      Class space:      320.00 MB reserved,      12.56 MB (  4%) committed,  1 nodes.
             Both:      448.00 MB reserved,      90.00 MB ( 20%) committed. 

Chunk freelists:
   Non-Class:  2.44 MB
       Class:  3.49 MB
        Both:  5.93 MB

MaxMetaspaceSize: 384.00 MB
CompressedClassSpaceSize: 320.00 MB
Initial GC threshold: 21.00 MB
Current GC threshold: 98.12 MB
CDS: on
MetaspaceReclaimPolicy: balanced
 - commit_granule_bytes: 65536.
 - commit_granule_words: 8192.
 - virtual_space_node_default_size: 8388608.
 - enlarge_chunks_in_place: 1.
 - new_chunks_are_fully_committed: 0.
 - uncommit_free_chunks: 1.
 - use_allocation_guard: 0.
 - handle_deallocations: 1.


Internal statistics:

num_allocs_failed_limit: 9.
num_arena_births: 1084.
num_arena_deaths: 0.
num_vsnodes_births: 3.
num_vsnodes_deaths: 0.
num_space_committed: 1440.
num_space_uncommitted: 0.
num_chunks_returned_to_freelist: 9.
num_chunks_taken_from_freelist: 4874.
num_chunk_merges: 9.
num_chunk_splits: 3222.
num_chunks_enlarged: 2131.
num_inconsistent_stats: 0.

CodeHeap 'non-profiled nmethods': size=120000Kb used=8169Kb max_used=8197Kb free=111830Kb
 bounds [0x000002343bb90000, 0x000002343c3a0000, 0x00000234430c0000]
CodeHeap 'profiled nmethods': size=120000Kb used=21403Kb max_used=21403Kb free=98596Kb
 bounds [0x00000234340c0000, 0x00000234355b0000, 0x000002343b5f0000]
CodeHeap 'non-nmethods': size=5760Kb used=2381Kb max_used=2451Kb free=3378Kb
 bounds [0x000002343b5f0000, 0x000002343b860000, 0x000002343bb90000]
 total_blobs=11910 nmethods=10999 adapters=823
 compilation: enabled
              stopped_count=0, restarted_count=0
 full_count=0

Compilation events (20 events):
Event: 98.875 Thread 0x0000023447598470 12554   !   3       java.beans.WeakIdentityMap::removeStaleEntries (151 bytes)
Event: 98.877 Thread 0x0000023447598470 nmethod 12554 0x0000023435595d10 code [0x0000023435595f60, 0x0000023435596cf8]
Event: 98.910 Thread 0x0000023447598470 12555       3       java.util.TimSort::gallopRight (335 bytes)
Event: 98.911 Thread 0x0000023447598470 nmethod 12555 0x0000023435597410 code [0x0000023435597640, 0x0000023435598118]
Event: 98.935 Thread 0x0000023447598470 12556       1       org.codehaus.groovy.runtime.metaclass.MultipleSetterProperty::setField (6 bytes)
Event: 98.935 Thread 0x0000023447598470 nmethod 12556 0x000002343c048e10 code [0x000002343c048fa0, 0x000002343c0490b8]
Event: 98.947 Thread 0x0000023447598470 12557       1       org.gradle.internal.metaobject.BeanDynamicObject::access$600 (5 bytes)
Event: 98.948 Thread 0x0000023447598470 nmethod 12557 0x000002343c07d990 code [0x000002343c07db20, 0x000002343c07dbd8]
Event: 98.950 Thread 0x0000023447598470 12558       3       sun.nio.fs.WindowsPath::getName (47 bytes)
Event: 98.950 Thread 0x0000023447598470 nmethod 12558 0x0000023435598490 code [0x0000023435598680, 0x0000023435598cc8]
Event: 98.955 Thread 0x0000023447598470 12560       1       org.gradle.internal.extensibility.ExtensionsStorage$ExtensionHolder::getPublicType (5 bytes)
Event: 98.955 Thread 0x0000023447598470 nmethod 12560 0x000002343c07d690 code [0x000002343c07d820, 0x000002343c07d8f8]
Event: 99.953 Thread 0x0000023447598470 12561       3       org.codehaus.groovy.runtime.metaclass.MetaClassRegistryImpl::getMetaClass (8 bytes)
Event: 99.956 Thread 0x0000023447598470 nmethod 12561 0x0000023435598e90 code [0x0000023435599180, 0x000002343559a1d8]
Event: 99.959 Thread 0x0000023447598470 12562       3       java.lang.Class$1::<init> (15 bytes)
Event: 99.960 Thread 0x0000023447598470 nmethod 12562 0x00000234343b7b10 code [0x00000234343b7cc0, 0x00000234343b7ed8]
Event: 99.960 Thread 0x0000023447598470 12563       3       java.lang.Class$1::run (5 bytes)
Event: 99.961 Thread 0x0000023447598470 nmethod 12563 0x000002343559a790 code [0x000002343559a9a0, 0x000002343559afa8]
Event: 99.961 Thread 0x0000023447598470 12564       3       org.codehaus.groovy.runtime.InvokerHelper::getMetaClass (10 bytes)
Event: 99.962 Thread 0x0000023447598470 nmethod 12564 0x000002343559b210 code [0x000002343559b3e0, 0x000002343559b798]

GC Heap History (20 events):
Event: 45.568 GC heap before
{Heap before GC invocations=7 (full 0):
 garbage-first heap   total 262144K, used 183732K [0x00000000e0000000, 0x0000000100000000)
  region size 1024K, 153 young (156672K), 12 survivors (12288K)
 Metaspace       used 47225K, committed 47808K, reserved 393216K
  class space    used 6561K, committed 6848K, reserved 327680K
}
Event: 45.607 GC heap after
{Heap after GC invocations=8 (full 0):
 garbage-first heap   total 262144K, used 43443K [0x00000000e0000000, 0x0000000100000000)
  region size 1024K, 19 young (19456K), 19 survivors (19456K)
 Metaspace       used 47225K, committed 47808K, reserved 393216K
  class space    used 6561K, committed 6848K, reserved 327680K
}
Event: 49.715 GC heap before
{Heap before GC invocations=8 (full 0):
 garbage-first heap   total 262144K, used 179635K [0x00000000e0000000, 0x0000000100000000)
  region size 1024K, 153 young (156672K), 19 survivors (19456K)
 Metaspace       used 49080K, committed 49600K, reserved 393216K
  class space    used 6777K, committed 7040K, reserved 327680K
}
Event: 49.736 GC heap after
{Heap after GC invocations=9 (full 0):
 garbage-first heap   total 262144K, used 49457K [0x00000000e0000000, 0x0000000100000000)
  region size 1024K, 18 young (18432K), 18 survivors (18432K)
 Metaspace       used 49080K, committed 49600K, reserved 393216K
  class space    used 6777K, committed 7040K, reserved 327680K
}
Event: 60.225 GC heap before
{Heap before GC invocations=9 (full 0):
 garbage-first heap   total 262144K, used 192817K [0x00000000e0000000, 0x0000000100000000)
  region size 1024K, 153 young (156672K), 18 survivors (18432K)
 Metaspace       used 57827K, committed 58368K, reserved 393216K
  class space    used 7935K, committed 8192K, reserved 327680K
}
Event: 60.261 GC heap after
{Heap after GC invocations=10 (full 0):
 garbage-first heap   total 262144K, used 62024K [0x00000000e0000000, 0x0000000100000000)
  region size 1024K, 15 young (15360K), 15 survivors (15360K)
 Metaspace       used 57827K, committed 58368K, reserved 393216K
  class space    used 7935K, committed 8192K, reserved 327680K
}
Event: 61.774 GC heap before
{Heap before GC invocations=10 (full 0):
 garbage-first heap   total 262144K, used 89672K [0x00000000e0000000, 0x0000000100000000)
  region size 1024K, 43 young (44032K), 15 survivors (15360K)
 Metaspace       used 59585K, committed 60096K, reserved 393216K
  class space    used 8154K, committed 8384K, reserved 327680K
}
Event: 61.784 GC heap after
{Heap after GC invocations=11 (full 0):
 garbage-first heap   total 262144K, used 65868K [0x00000000e0000000, 0x0000000100000000)
  region size 1024K, 14 young (14336K), 14 survivors (14336K)
 Metaspace       used 59585K, committed 60096K, reserved 393216K
  class space    used 8154K, committed 8384K, reserved 327680K
}
Event: 67.074 GC heap before
{Heap before GC invocations=12 (full 0):
 garbage-first heap   total 262144K, used 201036K [0x00000000e0000000, 0x0000000100000000)
  region size 1024K, 146 young (149504K), 14 survivors (14336K)
 Metaspace       used 66277K, committed 66944K, reserved 393216K
  class space    used 9223K, committed 9536K, reserved 327680K
}
Event: 67.087 GC heap after
{Heap after GC invocations=13 (full 0):
 garbage-first heap   total 262144K, used 74617K [0x00000000e0000000, 0x0000000100000000)
  region size 1024K, 13 young (13312K), 13 survivors (13312K)
 Metaspace       used 66277K, committed 66944K, reserved 393216K
  class space    used 9223K, committed 9536K, reserved 327680K
}
Event: 76.093 GC heap before
{Heap before GC invocations=13 (full 0):
 garbage-first heap   total 262144K, used 202617K [0x00000000e0000000, 0x0000000100000000)
  region size 1024K, 138 young (141312K), 13 survivors (13312K)
 Metaspace       used 74351K, committed 75136K, reserved 393216K
  class space    used 10409K, committed 10816K, reserved 327680K
}
Event: 76.108 GC heap after
{Heap after GC invocations=14 (full 0):
 garbage-first heap   total 262144K, used 81733K [0x00000000e0000000, 0x0000000100000000)
  region size 1024K, 16 young (16384K), 16 survivors (16384K)
 Metaspace       used 74351K, committed 75136K, reserved 393216K
  class space    used 10409K, committed 10816K, reserved 327680K
}
Event: 80.602 GC heap before
{Heap before GC invocations=14 (full 0):
 garbage-first heap   total 262144K, used 206661K [0x00000000e0000000, 0x0000000100000000)
  region size 1024K, 139 young (142336K), 16 survivors (16384K)
 Metaspace       used 74662K, committed 75456K, reserved 393216K
  class space    used 10427K, committed 10816K, reserved 327680K
}
Event: 80.622 GC heap after
{Heap after GC invocations=15 (full 0):
 garbage-first heap   total 262144K, used 88329K [0x00000000e0000000, 0x0000000100000000)
  region size 1024K, 14 young (14336K), 14 survivors (14336K)
 Metaspace       used 74662K, committed 75456K, reserved 393216K
  class space    used 10427K, committed 10816K, reserved 327680K
}
Event: 87.881 GC heap before
{Heap before GC invocations=15 (full 0):
 garbage-first heap   total 262144K, used 210185K [0x00000000e0000000, 0x0000000100000000)
  region size 1024K, 132 young (135168K), 14 survivors (14336K)
 Metaspace       used 79748K, committed 80576K, reserved 458752K
  class space    used 10989K, committed 11392K, reserved 327680K
}
Event: 87.896 GC heap after
{Heap after GC invocations=16 (full 0):
 garbage-first heap   total 262144K, used 99968K [0x00000000e0000000, 0x0000000100000000)
  region size 1024K, 17 young (17408K), 17 survivors (17408K)
 Metaspace       used 79748K, committed 80576K, reserved 458752K
  class space    used 10989K, committed 11392K, reserved 327680K
}
Event: 91.393 GC heap before
{Heap before GC invocations=16 (full 0):
 garbage-first heap   total 262144K, used 212608K [0x00000000e0000000, 0x0000000100000000)
  region size 1024K, 123 young (125952K), 17 survivors (17408K)
 Metaspace       used 83420K, committed 84352K, reserved 458752K
  class space    used 11475K, committed 11904K, reserved 327680K
}
Event: 91.409 GC heap after
{Heap after GC invocations=17 (full 0):
 garbage-first heap   total 262144K, used 105799K [0x00000000e0000000, 0x0000000100000000)
  region size 1024K, 5 young (5120K), 5 survivors (5120K)
 Metaspace       used 83420K, committed 84352K, reserved 458752K
  class space    used 11475K, committed 11904K, reserved 327680K
}
Event: 98.677 GC heap before
{Heap before GC invocations=17 (full 0):
 garbage-first heap   total 262144K, used 215367K [0x00000000e0000000, 0x0000000100000000)
  region size 1024K, 108 young (110592K), 5 survivors (5120K)
 Metaspace       used 91219K, committed 92096K, reserved 458752K
  class space    used 12420K, committed 12864K, reserved 327680K
}
Event: 98.688 GC heap after
{Heap after GC invocations=18 (full 0):
 garbage-first heap   total 262144K, used 115617K [0x00000000e0000000, 0x0000000100000000)
  region size 1024K, 11 young (11264K), 11 survivors (11264K)
 Metaspace       used 91219K, committed 92096K, reserved 458752K
  class space    used 12420K, committed 12864K, reserved 327680K
}

Dll operation events (15 events):
Event: 0.017 Loaded shared library C:\Program Files\Microsoft\jdk-17.0.15.6-hotspot\bin\java.dll
Event: 0.051 Loaded shared library C:\Program Files\Microsoft\jdk-17.0.15.6-hotspot\bin\jsvml.dll
Event: 0.149 Loaded shared library C:\Program Files\Microsoft\jdk-17.0.15.6-hotspot\bin\zip.dll
Event: 0.155 Loaded shared library C:\Program Files\Microsoft\jdk-17.0.15.6-hotspot\bin\instrument.dll
Event: 0.165 Loaded shared library C:\Program Files\Microsoft\jdk-17.0.15.6-hotspot\bin\net.dll
Event: 0.170 Loaded shared library C:\Program Files\Microsoft\jdk-17.0.15.6-hotspot\bin\nio.dll
Event: 0.176 Loaded shared library C:\Program Files\Microsoft\jdk-17.0.15.6-hotspot\bin\zip.dll
Event: 0.874 Loaded shared library C:\Program Files\Microsoft\jdk-17.0.15.6-hotspot\bin\jimage.dll
Event: 1.256 Loaded shared library C:\Program Files\Microsoft\jdk-17.0.15.6-hotspot\bin\verify.dll
Event: 1.655 Loaded shared library C:\Users\HP\.gradle\native\c067742578af261105cb4f569cf0c3c89f3d7b1fecec35dd04571415982c5e48\windows-amd64\native-platform.dll
Event: 1.682 Loaded shared library C:\Users\HP\.gradle\native\100fb08df4bc3b14c8652ba06237920a3bd2aa13389f12d3474272988ae205f9\windows-amd64\native-platform-file-events.dll
Event: 5.009 Loaded shared library C:\Program Files\Microsoft\jdk-17.0.15.6-hotspot\bin\management.dll
Event: 5.024 Loaded shared library C:\Program Files\Microsoft\jdk-17.0.15.6-hotspot\bin\management_ext.dll
Event: 5.823 Loaded shared library C:\Program Files\Microsoft\jdk-17.0.15.6-hotspot\bin\extnet.dll
Event: 7.004 Loaded shared library C:\Program Files\Microsoft\jdk-17.0.15.6-hotspot\bin\sunmscapi.dll

Deoptimization events (20 events):
Event: 97.547 Thread 0x00000234477c28a0 Uncommon trap: trap_request=0xffffff45 fr.pc=0x000002343c060504 relative=0x00000000000000e4
Event: 97.547 Thread 0x00000234477c28a0 Uncommon trap: reason=unstable_if action=reinterpret pc=0x000002343c060504 method=java.util.regex.Pattern.escape(ZZZ)I @ 8 c2
Event: 97.547 Thread 0x00000234477c28a0 DEOPT PACKING pc=0x000002343c060504 sp=0x000000557b5f7170
Event: 97.547 Thread 0x00000234477c28a0 DEOPT UNPACKING pc=0x000002343b6469a3 sp=0x000000557b5f7110 mode 2
Event: 98.702 Thread 0x00000234477c28a0 Uncommon trap: trap_request=0xfffffff4 fr.pc=0x000002343bd44268 relative=0x0000000000005e68
Event: 98.702 Thread 0x00000234477c28a0 Uncommon trap: reason=null_check action=make_not_entrant pc=0x000002343bd44268 method=java.lang.PublicMethods$MethodList.getMostSpecific()Ljava/lang/reflect/Method; @ 41 c2
Event: 98.702 Thread 0x00000234477c28a0 DEOPT PACKING pc=0x000002343bd44268 sp=0x000000557b5f3ba0
Event: 98.704 Thread 0x00000234477c28a0 DEOPT UNPACKING pc=0x000002343b6469a3 sp=0x000000557b5f3a40 mode 2
Event: 98.705 Thread 0x00000234477c28a0 Uncommon trap: trap_request=0xfffffff4 fr.pc=0x000002343be20170 relative=0x0000000000003b10
Event: 98.705 Thread 0x00000234477c28a0 Uncommon trap: reason=null_check action=make_not_entrant pc=0x000002343be20170 method=java.lang.PublicMethods$MethodList.getMostSpecific()Ljava/lang/reflect/Method; @ 41 c2
Event: 98.705 Thread 0x00000234477c28a0 DEOPT PACKING pc=0x000002343be20170 sp=0x000000557b5f3ac0
Event: 98.706 Thread 0x00000234477c28a0 DEOPT UNPACKING pc=0x000002343b6469a3 sp=0x000000557b5f39b8 mode 2
Event: 98.707 Thread 0x00000234477c28a0 Uncommon trap: trap_request=0xfffffff4 fr.pc=0x000002343bd49cd8 relative=0x00000000000001b8
Event: 98.707 Thread 0x00000234477c28a0 Uncommon trap: reason=null_check action=make_not_entrant pc=0x000002343bd49cd8 method=java.lang.PublicMethods$MethodList.getMostSpecific()Ljava/lang/reflect/Method; @ 41 c2
Event: 98.707 Thread 0x00000234477c28a0 DEOPT PACKING pc=0x000002343bd49cd8 sp=0x000000557b5f3b10
Event: 98.707 Thread 0x00000234477c28a0 DEOPT UNPACKING pc=0x000002343b6469a3 sp=0x000000557b5f3a28 mode 2
Event: 98.707 Thread 0x00000234477c28a0 Uncommon trap: trap_request=0xfffffff4 fr.pc=0x000002343bbdd490 relative=0x0000000000000170
Event: 98.707 Thread 0x00000234477c28a0 Uncommon trap: reason=null_check action=make_not_entrant pc=0x000002343bbdd490 method=java.lang.PublicMethods$MethodList.getMostSpecific()Ljava/lang/reflect/Method; @ 41 c2
Event: 98.707 Thread 0x00000234477c28a0 DEOPT PACKING pc=0x000002343bbdd490 sp=0x000000557b5f3a30
Event: 98.707 Thread 0x00000234477c28a0 DEOPT UNPACKING pc=0x000002343b6469a3 sp=0x000000557b5f39b0 mode 2

Classes loaded (20 events):
Event: 85.976 Loading class java/util/HashMapBeanInfo
Event: 85.976 Loading class java/util/HashMapBeanInfo done
Event: 85.976 Loading class java/util/HashMapBeanInfo
Event: 85.976 Loading class java/util/HashMapBeanInfo done
Event: 85.977 Loading class java/util/AbstractMapBeanInfo
Event: 85.977 Loading class java/util/AbstractMapBeanInfo done
Event: 85.977 Loading class java/util/AbstractMapBeanInfo
Event: 85.977 Loading class java/util/AbstractMapBeanInfo done
Event: 85.977 Loading class java/util/AbstractMapCustomizer
Event: 85.977 Loading class java/util/AbstractMapCustomizer done
Event: 85.977 Loading class java/util/AbstractMapCustomizer
Event: 85.977 Loading class java/util/AbstractMapCustomizer done
Event: 85.981 Loading class java/util/HashMapCustomizer
Event: 85.981 Loading class java/util/HashMapCustomizer done
Event: 85.982 Loading class java/util/HashMapCustomizer
Event: 85.982 Loading class java/util/HashMapCustomizer done
Event: 86.921 Loading class java/util/LinkedList$LLSpliterator
Event: 86.924 Loading class java/util/LinkedList$LLSpliterator done
Event: 96.908 Loading class java/net/SocketTimeoutException
Event: 96.915 Loading class java/net/SocketTimeoutException done

Classes unloaded (0 events):
No events

Classes redefined (0 events):
No events

Internal exceptions (20 events):
Event: 98.642 Thread 0x00000234477c28a0 Exception <a 'java/lang/ClassNotFoundException'{0x00000000e99af788}: com/android/VersionBeanInfo> (0x00000000e99af788) 
thrown [s\src\hotspot\share\classfile\systemDictionary.cpp, line 256]
Event: 98.642 Thread 0x00000234477c28a0 Exception <a 'java/lang/ClassNotFoundException'{0x00000000e99b72d8}: com/android/VersionCustomizer> (0x00000000e99b72d8) 
thrown [s\src\hotspot\share\classfile\systemDictionary.cpp, line 256]
Event: 98.702 Thread 0x00000234477c28a0 Implicit null exception at 0x000002343bd40259 to 0x000002343bd44228
Event: 98.705 Thread 0x00000234477c28a0 Implicit null exception at 0x000002343be1d689 to 0x000002343be20130
Event: 98.707 Thread 0x00000234477c28a0 Implicit null exception at 0x000002343bd49bb9 to 0x000002343bd49cb8
Event: 98.707 Thread 0x00000234477c28a0 Implicit null exception at 0x000002343bbdd399 to 0x000002343bbdd470
Event: 98.868 Thread 0x00000234477c28a0 Exception <a 'java/lang/ClassNotFoundException'{0x00000000ef8f5850}: com/android/build/gradle/internal/dsl/DefaultConfig$AgpDecorated_DecoratedBeanInfo> (0x00000000ef8f5850) 
thrown [s\src\hotspot\share\classfile\systemDictionary.cpp, line 256]
Event: 98.870 Thread 0x00000234477c28a0 Exception <a 'java/lang/ClassNotFoundException'{0x00000000ef8fe658}: com/android/build/gradle/internal/dsl/DefaultConfig$AgpDecoratedBeanInfo> (0x00000000ef8fe658) 
thrown [s\src\hotspot\share\classfile\systemDictionary.cpp, line 256]
Event: 98.871 Thread 0x00000234477c28a0 Exception <a 'java/lang/ClassNotFoundException'{0x00000000ef7078b8}: com/android/build/gradle/internal/dsl/DefaultConfigBeanInfo> (0x00000000ef7078b8) 
thrown [s\src\hotspot\share\classfile\systemDictionary.cpp, line 256]
Event: 98.871 Thread 0x00000234477c28a0 Exception <a 'java/lang/ClassNotFoundException'{0x00000000ef711008}: com/android/build/gradle/internal/dsl/BaseFlavorBeanInfo> (0x00000000ef711008) 
thrown [s\src\hotspot\share\classfile\systemDictionary.cpp, line 256]
Event: 98.875 Thread 0x00000234477c28a0 Exception <a 'java/lang/ClassNotFoundException'{0x00000000ef71a5e8}: com/android/builder/core/AbstractProductFlavorBeanInfo> (0x00000000ef71a5e8) 
thrown [s\src\hotspot\share\classfile\systemDictionary.cpp, line 256]
Event: 98.877 Thread 0x00000234477c28a0 Exception <a 'java/lang/ClassNotFoundException'{0x00000000ef723f08}: com/android/builder/internal/BaseConfigImplBeanInfo> (0x00000000ef723f08) 
thrown [s\src\hotspot\share\classfile\systemDictionary.cpp, line 256]
Event: 98.878 Thread 0x00000234477c28a0 Exception <a 'java/lang/ClassNotFoundException'{0x00000000ef72d7f0}: com/android/builder/internal/BaseConfigImplCustomizer> (0x00000000ef72d7f0) 
thrown [s\src\hotspot\share\classfile\systemDictionary.cpp, line 256]
Event: 98.882 Thread 0x00000234477c28a0 Exception <a 'java/lang/ClassNotFoundException'{0x00000000ef7565c0}: com/android/builder/core/AbstractProductFlavorCustomizer> (0x00000000ef7565c0) 
thrown [s\src\hotspot\share\classfile\systemDictionary.cpp, line 256]
Event: 98.890 Thread 0x00000234477c28a0 Exception <a 'java/lang/ClassNotFoundException'{0x00000000ef79b998}: com/android/build/gradle/internal/dsl/BaseFlavorCustomizer> (0x00000000ef79b998) 
thrown [s\src\hotspot\share\classfile\systemDictionary.cpp, line 256]
Event: 98.898 Thread 0x00000234477c28a0 Exception <a 'java/lang/ClassNotFoundException'{0x00000000ef60e100}: com/android/build/gradle/internal/dsl/DefaultConfigCustomizer> (0x00000000ef60e100) 
thrown [s\src\hotspot\share\classfile\systemDictionary.cpp, line 256]
Event: 98.902 Thread 0x00000234477c28a0 Exception <a 'java/lang/ClassNotFoundException'{0x00000000ef636088}: com/android/build/gradle/internal/dsl/DefaultConfig$AgpDecoratedCustomizer> (0x00000000ef636088) 
thrown [s\src\hotspot\share\classfile\systemDictionary.cpp, line 256]
Event: 98.906 Thread 0x00000234477c28a0 Exception <a 'java/lang/ClassNotFoundException'{0x00000000ef6804e8}: com/android/build/gradle/internal/dsl/DefaultConfig$AgpDecorated_DecoratedCustomizer> (0x00000000ef6804e8) 
thrown [s\src\hotspot\share\classfile\systemDictionary.cpp, line 256]
Event: 98.943 Thread 0x00000234477c28a0 Exception <a 'java/lang/ClassNotFoundException'{0x00000000ef585080}: build_2rtl041uucgp4l7tr09x9pc0$_run_closure1BeanInfo> (0x00000000ef585080) 
thrown [s\src\hotspot\share\classfile\systemDictionary.cpp, line 256]
Event: 98.945 Thread 0x00000234477c28a0 Exception <a 'java/lang/ClassNotFoundException'{0x00000000ef58f110}: build_2rtl041uucgp4l7tr09x9pc0$_run_closure1Customizer> (0x00000000ef58f110) 
thrown [s\src\hotspot\share\classfile\systemDictionary.cpp, line 256]

VM Operations (20 events):
Event: 91.393 Executing VM operation: G1CollectForAllocation
Event: 91.409 Executing VM operation: G1CollectForAllocation done
Event: 92.419 Executing VM operation: Cleanup
Event: 92.419 Executing VM operation: Cleanup done
Event: 93.435 Executing VM operation: Cleanup
Event: 93.435 Executing VM operation: Cleanup done
Event: 94.437 Executing VM operation: Cleanup
Event: 94.437 Executing VM operation: Cleanup done
Event: 95.452 Executing VM operation: Cleanup
Event: 95.452 Executing VM operation: Cleanup done
Event: 96.466 Executing VM operation: Cleanup
Event: 96.482 Executing VM operation: Cleanup done
Event: 96.917 Executing VM operation: HandshakeAllThreads
Event: 96.917 Executing VM operation: HandshakeAllThreads done
Event: 97.919 Executing VM operation: Cleanup
Event: 97.919 Executing VM operation: Cleanup done
Event: 98.634 Executing VM operation: HandshakeAllThreads
Event: 98.635 Executing VM operation: HandshakeAllThreads done
Event: 98.676 Executing VM operation: G1CollectForAllocation
Event: 98.688 Executing VM operation: G1CollectForAllocation done

Memory protections (0 events):
No events

Nmethod flushes (20 events):
Event: 68.423 Thread 0x0000023447587420 flushing  nmethod 0x0000023434f69410
Event: 68.423 Thread 0x0000023447587420 flushing  nmethod 0x0000023434fa1f90
Event: 68.423 Thread 0x0000023447587420 flushing  nmethod 0x0000023434fa5190
Event: 68.423 Thread 0x0000023447587420 flushing  nmethod 0x0000023434fddb90
Event: 68.423 Thread 0x0000023447587420 flushing  nmethod 0x0000023435001f90
Event: 68.423 Thread 0x0000023447587420 flushing  nmethod 0x0000023435016c10
Event: 68.423 Thread 0x0000023447587420 flushing  nmethod 0x0000023435067490
Event: 68.423 Thread 0x0000023447587420 flushing  nmethod 0x000002343506a290
Event: 68.423 Thread 0x0000023447587420 flushing  nmethod 0x000002343506c190
Event: 68.424 Thread 0x0000023447587420 flushing  nmethod 0x0000023435098510
Event: 68.424 Thread 0x0000023447587420 flushing  nmethod 0x000002343509cb10
Event: 68.424 Thread 0x0000023447587420 flushing  nmethod 0x00000234350a1010
Event: 68.424 Thread 0x0000023447587420 flushing  nmethod 0x00000234350c1610
Event: 78.148 Thread 0x0000023447587420 flushing  nmethod 0x00000234347d7810
Event: 78.149 Thread 0x0000023447587420 flushing  nmethod 0x000002343489ca90
Event: 78.150 Thread 0x0000023447587420 flushing  nmethod 0x0000023434950c90
Event: 98.661 Thread 0x0000023447587420 flushing  nmethod 0x000002343c048e10
Event: 98.661 Thread 0x0000023447587420 flushing  nmethod 0x000002343c049290
Event: 98.661 Thread 0x0000023447587420 flushing  nmethod 0x000002343c076610
Event: 98.675 Thread 0x0000023447587420 flushing  nmethod 0x00000234343b7610

Events (20 events):
Event: 87.331 Thread 0x00000234477c28a0 Thread added: 0x000002344783b8b0
Event: 87.335 Thread 0x00000234477c28a0 Thread added: 0x000002344783b3a0
Event: 87.340 Thread 0x00000234477c28a0 Thread added: 0x000002344783ccf0
Event: 87.343 Thread 0x00000234477c28a0 Thread added: 0x000002344783c2d0
Event: 87.350 Thread 0x00000234477c28a0 Thread added: 0x000002344783c7e0
Event: 87.355 Thread 0x00000234477c28a0 Thread added: 0x0000023463e927a0
Event: 87.359 Thread 0x00000234477c28a0 Thread added: 0x0000023463e8eff0
Event: 87.362 Thread 0x00000234477c28a0 Thread added: 0x0000023463e8fa10
Event: 87.368 Thread 0x00000234477c28a0 Thread added: 0x0000023463e92cb0
Event: 87.505 Thread 0x00000234477c28a0 Thread added: 0x0000023463e8f500
Event: 87.506 Thread 0x00000234477c28a0 Thread added: 0x0000023463e931c0
Event: 87.507 Thread 0x00000234477c28a0 Thread added: 0x0000023463e936d0
Event: 87.509 Thread 0x00000234477c28a0 Thread added: 0x0000023463e8ff20
Event: 87.510 Thread 0x00000234477c28a0 Thread added: 0x0000023463e96460
Event: 87.510 Thread 0x00000234477c28a0 Thread added: 0x0000023463e95530
Event: 87.513 Thread 0x00000234477c28a0 Thread added: 0x0000023463e93be0
Event: 87.515 Thread 0x00000234477c28a0 Thread added: 0x0000023463e95020
Event: 87.517 Thread 0x00000234477c28a0 Thread added: 0x0000023463e940f0
Event: 87.518 Thread 0x00000234477c28a0 Thread added: 0x0000023463e94600
Event: 87.519 Thread 0x00000234477c28a0 Thread added: 0x0000023463e94b10


Dynamic libraries:
0x00007ff690cc0000 - 0x00007ff690cce000 	C:\Program Files\Microsoft\jdk-17.0.15.6-hotspot\bin\java.exe
0x00007ffd5dce0000 - 0x00007ffd5df46000 	C:\WINDOWS\SYSTEM32\ntdll.dll
0x00007ffd5d550000 - 0x00007ffd5d619000 	C:\WINDOWS\System32\KERNEL32.DLL
0x00007ffd5b1a0000 - 0x00007ffd5b59f000 	C:\WINDOWS\System32\KERNELBASE.dll
0x00007ffd5aef0000 - 0x00007ffd5b03c000 	C:\WINDOWS\System32\ucrtbase.dll
0x00007ffd09490000 - 0x00007ffd094a7000 	C:\Program Files\Microsoft\jdk-17.0.15.6-hotspot\bin\jli.dll
0x00007ffd16920000 - 0x00007ffd1693d000 	C:\Program Files\Microsoft\jdk-17.0.15.6-hotspot\bin\VCRUNTIME140.dll
0x00007ffd5cda0000 - 0x00007ffd5cf66000 	C:\WINDOWS\System32\USER32.dll
0x00007ffd5b800000 - 0x00007ffd5b827000 	C:\WINDOWS\System32\win32u.dll
0x00007ffd36320000 - 0x00007ffd365b1000 	C:\WINDOWS\WinSxS\amd64_microsoft.windows.common-controls_6595b64144ccf1df_6.0.26100.8972_none_3e0da176e32f9d4b\COMCTL32.dll
0x00007ffd5c8f0000 - 0x00007ffd5c91b000 	C:\WINDOWS\System32\GDI32.dll
0x00007ffd5dbf0000 - 0x00007ffd5dc99000 	C:\WINDOWS\System32\msvcrt.dll
0x00007ffd5b830000 - 0x00007ffd5b959000 	C:\WINDOWS\System32\gdi32full.dll
0x00007ffd5b960000 - 0x00007ffd5ba03000 	C:\WINDOWS\System32\msvcp_win.dll
0x00007ffd5d850000 - 0x00007ffd5d882000 	C:\WINDOWS\System32\IMM32.DLL
0x00007ffd177b0000 - 0x00007ffd177bc000 	C:\Program Files\Microsoft\jdk-17.0.15.6-hotspot\bin\vcruntime140_1.dll
0x00007ffd07b60000 - 0x00007ffd07bed000 	C:\Program Files\Microsoft\jdk-17.0.15.6-hotspot\bin\msvcp140.dll
0x00007ffc9bb40000 - 0x00007ffc9c7b2000 	C:\Program Files\Microsoft\jdk-17.0.15.6-hotspot\bin\server\jvm.dll
0x00007ffd5cb30000 - 0x00007ffd5cbec000 	C:\WINDOWS\System32\ADVAPI32.dll
0x00007ffd5d890000 - 0x00007ffd5d939000 	C:\WINDOWS\System32\sechost.dll
0x00007ffd5c7a0000 - 0x00007ffd5c8b8000 	C:\WINDOWS\System32\RPCRT4.dll
0x00007ffd5c920000 - 0x00007ffd5c9a2000 	C:\WINDOWS\System32\WS2_32.dll
0x00007ffd5ad50000 - 0x00007ffd5adae000 	C:\WINDOWS\SYSTEM32\POWRPROF.dll
0x00007ffd46400000 - 0x00007ffd4640b000 	C:\WINDOWS\SYSTEM32\VERSION.dll
0x00007ffd522f0000 - 0x00007ffd52326000 	C:\WINDOWS\SYSTEM32\WINMM.dll
0x00007ffd5ad30000 - 0x00007ffd5ad45000 	C:\WINDOWS\SYSTEM32\UMPDC.dll
0x00007ffd59be0000 - 0x00007ffd59bfb000 	C:\WINDOWS\SYSTEM32\kernel.appcore.dll
0x00007ffd176b0000 - 0x00007ffd176ba000 	C:\Program Files\Microsoft\jdk-17.0.15.6-hotspot\bin\jimage.dll
0x00007ffd58440000 - 0x00007ffd58682000 	C:\WINDOWS\SYSTEM32\DBGHELP.DLL
0x00007ffd5cf90000 - 0x00007ffd5d315000 	C:\WINDOWS\System32\combase.dll
0x00007ffd5d620000 - 0x00007ffd5d6f9000 	C:\WINDOWS\System32\OLEAUT32.dll
0x00007ffd30cd0000 - 0x00007ffd30d0b000 	C:\WINDOWS\SYSTEM32\dbgcore.DLL
0x00007ffd5b5b0000 - 0x00007ffd5b65c000 	C:\WINDOWS\System32\bcryptPrimitives.dll
0x00007ffd4d850000 - 0x00007ffd4d85e000 	C:\Program Files\Microsoft\jdk-17.0.15.6-hotspot\bin\instrument.dll
0x00007ffd07b30000 - 0x00007ffd07b55000 	C:\Program Files\Microsoft\jdk-17.0.15.6-hotspot\bin\java.dll
0x00007ffd07a50000 - 0x00007ffd07b26000 	C:\Program Files\Microsoft\jdk-17.0.15.6-hotspot\bin\jsvml.dll
0x00007ffd5bea0000 - 0x00007ffd5c628000 	C:\WINDOWS\System32\SHELL32.dll
0x00007ffd58970000 - 0x00007ffd5920b000 	C:\WINDOWS\SYSTEM32\windows.storage.dll
0x00007ffd5d980000 - 0x00007ffd5da79000 	C:\WINDOWS\System32\SHCORE.dll
0x00007ffd5c9b0000 - 0x00007ffd5ca16000 	C:\WINDOWS\System32\shlwapi.dll
0x00007ffd5ae10000 - 0x00007ffd5ae39000 	C:\WINDOWS\SYSTEM32\profapi.dll
0x00007ffd07a30000 - 0x00007ffd07a48000 	C:\Program Files\Microsoft\jdk-17.0.15.6-hotspot\bin\zip.dll
0x00007ffd07a10000 - 0x00007ffd07a2a000 	C:\Program Files\Microsoft\jdk-17.0.15.6-hotspot\bin\net.dll
0x00007ffd4fd70000 - 0x00007ffd4fe97000 	C:\WINDOWS\SYSTEM32\WINHTTP.dll
0x00007ffd5a190000 - 0x00007ffd5a1fc000 	C:\WINDOWS\system32\mswsock.dll
0x00007ffd079f0000 - 0x00007ffd07a06000 	C:\Program Files\Microsoft\jdk-17.0.15.6-hotspot\bin\nio.dll
0x00007ffd13030000 - 0x00007ffd13040000 	C:\Program Files\Microsoft\jdk-17.0.15.6-hotspot\bin\verify.dll
0x00007ffd38b20000 - 0x00007ffd38b47000 	C:\Users\HP\.gradle\native\c067742578af261105cb4f569cf0c3c89f3d7b1fecec35dd04571415982c5e48\windows-amd64\native-platform.dll
0x00007ffd387b0000 - 0x00007ffd388f4000 	C:\Users\HP\.gradle\native\100fb08df4bc3b14c8652ba06237920a3bd2aa13389f12d3474272988ae205f9\windows-amd64\native-platform-file-events.dll
0x00007ffd0e4d0000 - 0x00007ffd0e4da000 	C:\Program Files\Microsoft\jdk-17.0.15.6-hotspot\bin\management.dll
0x00007ffd09480000 - 0x00007ffd0948b000 	C:\Program Files\Microsoft\jdk-17.0.15.6-hotspot\bin\management_ext.dll
0x00007ffd5d960000 - 0x00007ffd5d968000 	C:\WINDOWS\System32\PSAPI.DLL
0x00007ffd5a480000 - 0x00007ffd5a49b000 	C:\WINDOWS\SYSTEM32\CRYPTSP.dll
0x00007ffd59b40000 - 0x00007ffd59b79000 	C:\WINDOWS\system32\rsaenh.dll
0x00007ffd5a240000 - 0x00007ffd5a272000 	C:\WINDOWS\SYSTEM32\USERENV.dll
0x00007ffd5ade0000 - 0x00007ffd5ae0a000 	C:\WINDOWS\SYSTEM32\bcrypt.dll
0x00007ffd5a4a0000 - 0x00007ffd5a4ac000 	C:\WINDOWS\SYSTEM32\CRYPTBASE.dll
0x00007ffd595c0000 - 0x00007ffd595f3000 	C:\WINDOWS\SYSTEM32\IPHLPAPI.DLL
0x00007ffd5d970000 - 0x00007ffd5d97a000 	C:\WINDOWS\System32\NSI.dll
0x00007ffd51900000 - 0x00007ffd5191d000 	C:\WINDOWS\SYSTEM32\dhcpcsvc6.DLL
0x00007ffd518d0000 - 0x00007ffd518f5000 	C:\WINDOWS\SYSTEM32\dhcpcsvc.DLL
0x00007ffd59660000 - 0x00007ffd597b8000 	C:\WINDOWS\SYSTEM32\DNSAPI.dll
0x00007ffd59f40000 - 0x00007ffd59f4d000 	C:\WINDOWS\SYSTEM32\DSPARSE.dll
0x00007ffd092a0000 - 0x00007ffd092a9000 	C:\Program Files\Microsoft\jdk-17.0.15.6-hotspot\bin\extnet.dll
0x00007ffd079c0000 - 0x00007ffd079ce000 	C:\Program Files\Microsoft\jdk-17.0.15.6-hotspot\bin\sunmscapi.dll
0x00007ffd5b670000 - 0x00007ffd5b7ee000 	C:\WINDOWS\System32\CRYPT32.dll
0x00007ffd5a6c0000 - 0x00007ffd5a6f0000 	C:\WINDOWS\SYSTEM32\ncrypt.dll
0x00007ffd5a670000 - 0x00007ffd5a6af000 	C:\WINDOWS\SYSTEM32\NTASN1.dll
0x00007ffd1b130000 - 0x00007ffd1b138000 	C:\WINDOWS\system32\wshunix.dll

dbghelp: loaded successfully - version: 4.0.5 - missing functions: none
symbol engine: initialized successfully - sym options: 0x614 - pdb path: .;C:\Program Files\Microsoft\jdk-17.0.15.6-hotspot\bin;C:\WINDOWS\SYSTEM32;C:\WINDOWS\WinSxS\amd64_microsoft.windows.common-controls_6595b64144ccf1df_6.0.26100.8972_none_3e0da176e32f9d4b;C:\Program Files\Microsoft\jdk-17.0.15.6-hotspot\bin\server;C:\Users\HP\.gradle\native\c067742578af261105cb4f569cf0c3c89f3d7b1fecec35dd04571415982c5e48\windows-amd64;C:\Users\HP\.gradle\native\100fb08df4bc3b14c8652ba06237920a3bd2aa13389f12d3474272988ae205f9\windows-amd64

VM Arguments:
jvm_args: --add-opens=java.base/java.util=ALL-UNNAMED --add-opens=java.base/java.lang=ALL-UNNAMED --add-opens=java.base/java.lang.invoke=ALL-UNNAMED --add-opens=java.prefs/java.util.prefs=ALL-UNNAMED --add-exports=jdk.compiler/com.sun.tools.javac.api=ALL-UNNAMED --add-exports=jdk.compiler/com.sun.tools.javac.util=ALL-UNNAMED --add-opens=java.base/java.nio.charset=ALL-UNNAMED --add-opens=java.base/java.net=ALL-UNNAMED --add-opens=java.base/java.util.concurrent.atomic=ALL-UNNAMED -XX:MaxMetaspaceSize=384m -XX:+HeapDumpOnOutOfMemoryError -Xms256m -Xmx512m -Dfile.encoding=utf8 -Duser.country=IN -Duser.language=en -Duser.variant -javaagent:C:\Users\HP\.gradle\wrapper\dists\gradle-8.9-bin\90cnw93cvbtalezasaz0blq0a\gradle-8.9\lib\agents\gradle-instrumentation-agent-8.9.jar 
java_command: org.gradle.launcher.daemon.bootstrap.GradleDaemon 8.9
java_class_path (initial): C:\Users\HP\.gradle\wrapper\dists\gradle-8.9-bin\90cnw93cvbtalezasaz0blq0a\gradle-8.9\lib\gradle-daemon-main-8.9.jar
Launcher Type: SUN_STANDARD

[Global flags]
     intx CICompilerCount                          = 4                                         {product} {ergonomic}
   size_t CompressedClassSpaceSize                 = 335544320                                 {product} {ergonomic}
     uint ConcGCThreads                            = 3                                         {product} {ergonomic}
     uint G1ConcRefinementThreads                  = 10                                        {product} {ergonomic}
   size_t G1HeapRegionSize                         = 1048576                                   {product} {ergonomic}
    uintx GCDrainStackTargetSize                   = 64                                        {product} {ergonomic}
     bool HeapDumpOnOutOfMemoryError               = true                                   {manageable} {command line}
   size_t InitialHeapSize                          = 268435456                                 {product} {command line}
   size_t MarkStackSize                            = 4194304                                   {product} {ergonomic}
   size_t MaxHeapSize                              = 536870912                                 {product} {command line}
   size_t MaxMetaspaceSize                         = 402653184                                 {product} {command line}
   size_t MaxNewSize                               = 321912832                                 {product} {ergonomic}
   size_t MinHeapDeltaBytes                        = 1048576                                   {product} {ergonomic}
   size_t MinHeapSize                              = 268435456                                 {product} {command line}
    uintx NonNMethodCodeHeapSize                   = 5839372                                {pd product} {ergonomic}
    uintx NonProfiledCodeHeapSize                  = 122909434                              {pd product} {ergonomic}
    uintx ProfiledCodeHeapSize                     = 122909434                              {pd product} {ergonomic}
    uintx ReservedCodeCacheSize                    = 251658240                              {pd product} {ergonomic}
     bool SegmentedCodeCache                       = true                                      {product} {ergonomic}
   size_t SoftMaxHeapSize                          = 536870912                              {manageable} {ergonomic}
     bool UseCompressedClassPointers               = true                           {product lp64_product} {ergonomic}
     bool UseCompressedOops                        = true                           {product lp64_product} {ergonomic}
     bool UseG1GC                                  = true                                      {product} {ergonomic}
     bool UseLargePagesIndividualAllocation        = false                                  {pd product} {ergonomic}

Logging:
Log output configuration:
 #0: stdout all=warning uptime,level,tags
 #1: stderr all=off uptime,level,tags

Environment Variables:
JAVA_HOME=C:\Program Files\Microsoft\jdk-17.0.15.6-hotspot
PATH=C:\Program Files\Microsoft\jdk-17.0.15.6-hotspot\bin;C:\WINDOWS\system32;C:\WINDOWS;C:\WINDOWS\System32\Wbem;C:\WINDOWS\System32\WindowsPowerShell\v1.0\;C:\WINDOWS\System32\OpenSSH\;C:\Program Files\Git\cmd;C:\Program Files\dotnet\;C:\ProgramData\chocolatey\bin;C:\Users\HP\AppData\Local\Android\Sdk\platform-tools;C:\Users\HP\AppData\Local\Android\Sdk;C:\Users\HP\AppData\Local\Android\Sdk\emulator;;C:\Program Files\Docker\Docker\resources\bin;C:\Program Files\PuTTY\;C:\Program Files\nodejs\;C:\Program Files\MySQL\MySQL Shell 8.0\bin\;C:\Users\HP\AppData\Local\Microsoft\WindowsApps;C:\Users\HP\AppData\Local\Programs\Microsoft VS Code\bin;C:\Users\HP\AppData\Local\Android\Sdk\platform-tools;C:\Users\HP\AppData\Local\Android\Sdk;C:\Users\HP\AppData\Local\Android\Sdk\emulator;C:\Users\HP\AppData\Roaming\npm;D:\Antigravity IDE\bin
USERNAME=HP
OS=Windows_NT
PROCESSOR_IDENTIFIER=Intel64 Family 6 Model 154 Stepping 4, GenuineIntel
TMP=C:\Users\HP\AppData\Local\Temp
TEMP=C:\Users\HP\AppData\Local\Temp



Periodic native trim disabled


---------------  S Y S T E M  ---------------

OS:
 Windows 11 , 64 bit Build 26100 (10.0.26100.8972)
OS uptime: 0 days 1:13 hours
Hyper-V role detected

CPU: total 12 (initial active 12) (6 cores per cpu, 2 threads per core) family 6 model 154 stepping 4 microcode 0x437, cx8, cmov, fxsr, ht, mmx, 3dnowpref, sse, sse2, sse3, ssse3, sse4.1, sse4.2, popcnt, lzcnt, tsc, tscinvbit, avx, avx2, aes, erms, clmul, bmi1, bmi2, adx, sha, fma, vzeroupper, clflush, clflushopt, clwb, hv
Processor Information for the first 12 processors :
  Max Mhz: 1300, Current Mhz: 1300, Mhz Limit: 1300

Memory: 4k page, system-wide physical 7835M (369M free)
TotalPageFile size 31387M (AvailPageFile size 22M)
current process WorkingSet (physical memory assigned to process): 351M, peak: 428M
current process commit charge ("private bytes"): 570M, peak: 574M

vm_info: OpenJDK 64-Bit Server VM (17.0.15+6-LTS) for windows-amd64 JRE (17.0.15+6-LTS), built on Apr  9 2025 22:27:25 by "MicrosoftCorporation" with unknown MS VC++:1939

END.
