#
# There is insufficient memory for the Java Runtime Environment to continue.
# Native memory allocation (malloc) failed to allocate 1740656 bytes. Error detail: Chunk::new
# Possible reasons:
#   The system is out of physical RAM or swap space
#   This process is running with CompressedOops enabled, and the Java Heap may be blocking the growth of the native heap
# Possible solutions:
#   Reduce memory load on the system
#   Increase physical memory or swap space
#   Check if swap backing store is full
#   Decrease Java heap size (-Xmx/-Xms)
#   Decrease number of Java threads
#   Decrease Java thread stack sizes (-Xss)
#   Set larger code cache with -XX:ReservedCodeCacheSize=
#   JVM is running with Unscaled Compressed Oops mode in which the Java heap is
#     placed in the first 4GB address space. The Java Heap base address is the
#     maximum limit for the native heap growth. Please use -XX:HeapBaseMinAddress
#     to set the Java Heap base and to place the Java Heap above 4GB virtual address.
# This output file may be truncated or incomplete.
#
#  Out of Memory Error (arena.cpp:191), pid=24764, tid=17420
#
# JRE version: OpenJDK Runtime Environment Microsoft-11369865 (17.0.15+6) (build 17.0.15+6-LTS)
# Java VM: OpenJDK 64-Bit Server VM Microsoft-11369865 (17.0.15+6-LTS, mixed mode, sharing, tiered, compressed oops, compressed class ptrs, g1 gc, windows-amd64)
# No core dump will be written. Minidumps are not enabled by default on client versions of Windows
#

---------------  S U M M A R Y ------------

Command Line: --add-opens=java.base/java.util=ALL-UNNAMED --add-opens=java.base/java.lang=ALL-UNNAMED --add-opens=java.base/java.lang.invoke=ALL-UNNAMED --add-opens=java.prefs/java.util.prefs=ALL-UNNAMED --add-exports=jdk.compiler/com.sun.tools.javac.api=ALL-UNNAMED --add-exports=jdk.compiler/com.sun.tools.javac.util=ALL-UNNAMED --add-opens=java.base/java.nio.charset=ALL-UNNAMED --add-opens=java.base/java.net=ALL-UNNAMED --add-opens=java.base/java.util.concurrent.atomic=ALL-UNNAMED -XX:MaxMetaspaceSize=384m -XX:+HeapDumpOnOutOfMemoryError -Xms256m -Xmx512m -Dfile.encoding=utf8 -Duser.country=IN -Duser.language=en -Duser.variant -javaagent:C:\Users\HP\.gradle\wrapper\dists\gradle-8.9-bin\90cnw93cvbtalezasaz0blq0a\gradle-8.9\lib\agents\gradle-instrumentation-agent-8.9.jar org.gradle.launcher.daemon.bootstrap.GradleDaemon 8.9

Host: 12th Gen Intel(R) Core(TM) i5-1235U, 12 cores, 7G,  Windows 11 , 64 bit Build 26100 (10.0.26100.7920)
Time: Thu Mar 26 11:06:22 2026 India Standard Time elapsed time: 18.864619 seconds (0d 0h 0m 18s)

---------------  T H R E A D  ---------------

Current thread (0x000001e93205eca0):  JavaThread "C2 CompilerThread1" daemon [_thread_in_native, id=17420, stack(0x0000007eb9600000,0x0000007eb9700000)]


Current CompileTask:
C2:  18864 10203   !   4       java.io.ObjectOutputStream::writeObject0 (620 bytes)

Stack: [0x0000007eb9600000,0x0000007eb9700000]
Native frames: (J=compiled Java code, j=interpreted, Vv=VM code, C=native code)
V  [jvm.dll+0x6887a9]
V  [jvm.dll+0x83f5a8]
V  [jvm.dll+0x841053]
V  [jvm.dll+0x8416c3]
V  [jvm.dll+0x2496ef]
V  [jvm.dll+0xad134]
V  [jvm.dll+0xad7cc]
V  [jvm.dll+0x36af2e]
V  [jvm.dll+0x1bd065]
V  [jvm.dll+0x21aa7c]
V  [jvm.dll+0x219d3f]
V  [jvm.dll+0x1a55f6]
V  [jvm.dll+0x22a39a]
V  [jvm.dll+0x2284db]
V  [jvm.dll+0x7f4e28]
V  [jvm.dll+0x7ef2dc]
V  [jvm.dll+0x687687]
C  [ucrtbase.dll+0x37b0]
C  [KERNEL32.DLL+0x2e8d7]
C  [ntdll.dll+0x8c48c]


---------------  P R O C E S S  ---------------

Threads class SMR info:
_java_thread_list=0x000001e935340910, length=49, elements={
0x000001e97da0c680, 0x000001e97ffa7670, 0x000001e97ffa8140, 0x000001e97ffbcf20,
0x000001e97ffbd7f0, 0x000001e97ffbe0c0, 0x000001e97ffbe990, 0x000001e918aa27b0,
0x000001e918aa30c0, 0x000001e918aa39d0, 0x000001e918bcb180, 0x000001e918c81050,
0x000001e9338d3a20, 0x000001e933907080, 0x000001e93398e6a0, 0x000001e933904fa0,
0x000001e933b3a370, 0x000001e933b39e60, 0x000001e933b3c1d0, 0x000001e933b3a880,
0x000001e933b3b7b0, 0x000001e933b3bcc0, 0x000001e9364c9070, 0x000001e9364caed0,
0x000001e9364ccd30, 0x000001e9364c9580, 0x000001e9364c9fa0, 0x000001e9364cb3e0,
0x000001e9364cfac0, 0x000001e9364d04e0, 0x000001e9364cffd0, 0x000001e9364d09f0,
0x000001e9364ceb90, 0x000001e9364ce680, 0x000001e9364cf0a0, 0x000001e93205eca0,
0x000001e934d40590, 0x000001e934d460b0, 0x000001e935a7adf0, 0x000001e935a7b810,
0x000001e935a78060, 0x000001e935a7bd20, 0x000001e935a78570, 0x000001e935a799b0,
0x000001e935a7a3d0, 0x000001e935a7a8e0, 0x000001e935a7b300, 0x000001e935a7c230,
0x000001e935a78a80
}

Java Threads: ( => current thread )
  0x000001e97da0c680 JavaThread "main" [_thread_blocked, id=8684, stack(0x0000007eb7100000,0x0000007eb7200000)]
  0x000001e97ffa7670 JavaThread "Reference Handler" daemon [_thread_blocked, id=11080, stack(0x0000007eb7800000,0x0000007eb7900000)]
  0x000001e97ffa8140 JavaThread "Finalizer" daemon [_thread_blocked, id=15956, stack(0x0000007eb7900000,0x0000007eb7a00000)]
  0x000001e97ffbcf20 JavaThread "Signal Dispatcher" daemon [_thread_blocked, id=12496, stack(0x0000007eb7a00000,0x0000007eb7b00000)]
  0x000001e97ffbd7f0 JavaThread "Attach Listener" daemon [_thread_blocked, id=26608, stack(0x0000007eb7b00000,0x0000007eb7c00000)]
  0x000001e97ffbe0c0 JavaThread "Service Thread" daemon [_thread_blocked, id=25164, stack(0x0000007eb7c00000,0x0000007eb7d00000)]
  0x000001e97ffbe990 JavaThread "Monitor Deflation Thread" daemon [_thread_blocked, id=2856, stack(0x0000007eb7d00000,0x0000007eb7e00000)]
  0x000001e918aa27b0 JavaThread "C2 CompilerThread0" daemon [_thread_in_native, id=13648, stack(0x0000007eb7e00000,0x0000007eb7f00000)]
  0x000001e918aa30c0 JavaThread "C1 CompilerThread0" daemon [_thread_blocked, id=18428, stack(0x0000007eb7f00000,0x0000007eb8000000)]
  0x000001e918aa39d0 JavaThread "Sweeper thread" daemon [_thread_blocked, id=18912, stack(0x0000007eb8000000,0x0000007eb8100000)]
  0x000001e918bcb180 JavaThread "Common-Cleaner" daemon [_thread_blocked, id=1908, stack(0x0000007eb8100000,0x0000007eb8200000)]
  0x000001e918c81050 JavaThread "Notification Thread" daemon [_thread_blocked, id=12464, stack(0x0000007eb8200000,0x0000007eb8300000)]
  0x000001e9338d3a20 JavaThread "Daemon health stats" [_thread_blocked, id=13364, stack(0x0000007eb8500000,0x0000007eb8600000)]
  0x000001e933907080 JavaThread "Incoming local TCP Connector on port 53582" [_thread_in_native, id=24440, stack(0x0000007eb8400000,0x0000007eb8500000)]
  0x000001e93398e6a0 JavaThread "Daemon periodic checks" [_thread_blocked, id=31304, stack(0x0000007eb8b00000,0x0000007eb8c00000)]
  0x000001e933904fa0 JavaThread "Daemon" [_thread_blocked, id=28004, stack(0x0000007eb8c00000,0x0000007eb8d00000)]
  0x000001e933b3a370 JavaThread "Daemon worker" [_thread_in_vm, id=25144, stack(0x0000007eb8f00000,0x0000007eb9000000)]
  0x000001e933b39e60 JavaThread "Cache worker for journal cache (C:\Users\HP\.gradle\caches\journal-1)" [_thread_blocked, id=26912, stack(0x0000007eb9300000,0x0000007eb9400000)]
  0x000001e933b3c1d0 JavaThread "File lock request listener" [_thread_in_native, id=16012, stack(0x0000007eb9400000,0x0000007eb9500000)]
  0x000001e933b3a880 JavaThread "Cache worker for file hash cache (C:\Users\HP\.gradle\caches\8.9\fileHashes)" [_thread_blocked, id=21756, stack(0x0000007eb9500000,0x0000007eb9600000)]
  0x000001e933b3b7b0 JavaThread "File watcher server" daemon [_thread_in_native, id=8712, stack(0x0000007eb9f00000,0x0000007eba000000)]
  0x000001e933b3bcc0 JavaThread "File watcher consumer" daemon [_thread_blocked, id=23800, stack(0x0000007eba000000,0x0000007eba100000)]
  0x000001e9364c9070 JavaThread "jar transforms" [_thread_blocked, id=14876, stack(0x0000007eba100000,0x0000007eba200000)]
  0x000001e9364caed0 JavaThread "jar transforms Thread 2" [_thread_blocked, id=23264, stack(0x0000007eba200000,0x0000007eba300000)]
  0x000001e9364ccd30 JavaThread "jar transforms Thread 3" [_thread_blocked, id=7488, stack(0x0000007eba300000,0x0000007eba400000)]
  0x000001e9364c9580 JavaThread "Cache worker for file content cache (C:\Users\HP\.gradle\caches\8.9\fileContent)" [_thread_blocked, id=19884, stack(0x0000007eba600000,0x0000007eba700000)]
  0x000001e9364c9fa0 JavaThread "jar transforms Thread 4" [_thread_blocked, id=2404, stack(0x0000007eba900000,0x0000007ebaa00000)]
  0x000001e9364cb3e0 JavaThread "jar transforms Thread 5" [_thread_blocked, id=26844, stack(0x0000007ebaa00000,0x0000007ebab00000)]
  0x000001e9364cfac0 JavaThread "jar transforms Thread 6" [_thread_blocked, id=21912, stack(0x0000007ebab00000,0x0000007ebac00000)]
  0x000001e9364d04e0 JavaThread "jar transforms Thread 7" [_thread_blocked, id=17204, stack(0x0000007ebac00000,0x0000007ebad00000)]
  0x000001e9364cffd0 JavaThread "jar transforms Thread 8" [_thread_blocked, id=9696, stack(0x0000007ebad00000,0x0000007ebae00000)]
  0x000001e9364d09f0 JavaThread "jar transforms Thread 9" [_thread_blocked, id=28360, stack(0x0000007ebae00000,0x0000007ebaf00000)]
  0x000001e9364ceb90 JavaThread "jar transforms Thread 10" [_thread_blocked, id=4888, stack(0x0000007ebaf00000,0x0000007ebb000000)]
  0x000001e9364ce680 JavaThread "jar transforms Thread 11" [_thread_blocked, id=9552, stack(0x0000007ebb000000,0x0000007ebb100000)]
  0x000001e9364cf0a0 JavaThread "jar transforms Thread 12" [_thread_blocked, id=9412, stack(0x0000007ebb100000,0x0000007ebb200000)]
=>0x000001e93205eca0 JavaThread "C2 CompilerThread1" daemon [_thread_in_native, id=17420, stack(0x0000007eb9600000,0x0000007eb9700000)]
  0x000001e934d40590 JavaThread "Memory manager" [_thread_blocked, id=9228, stack(0x0000007ebd200000,0x0000007ebd300000)]
  0x000001e934d460b0 JavaThread "included builds" [_thread_blocked, id=23724, stack(0x0000007ebd300000,0x0000007ebd400000)]
  0x000001e935a7adf0 JavaThread "VFS cleanup" [_thread_blocked, id=13888, stack(0x0000007eb9000000,0x0000007eb9100000)]
  0x000001e935a7b810 JavaThread "Handler for socket connection from /127.0.0.1:53582 to /127.0.0.1:53615" [_thread_in_native, id=15404, stack(0x0000007eb8d00000,0x0000007eb8e00000)]
  0x000001e935a78060 JavaThread "Cancel handler" [_thread_blocked, id=16664, stack(0x0000007eb8e00000,0x0000007eb8f00000)]
  0x000001e935a7bd20 JavaThread "Asynchronous log dispatcher for DefaultDaemonConnection: socket connection from /127.0.0.1:53582 to /127.0.0.1:53615" [_thread_blocked, id=21696, stack(0x0000007eb9100000,0x0000007eb9200000)]
  0x000001e935a78570 JavaThread "Stdin handler" [_thread_blocked, id=22996, stack(0x0000007eb9200000,0x0000007eb9300000)]
  0x000001e935a799b0 JavaThread "Daemon client event forwarder" [_thread_blocked, id=1208, stack(0x0000007eb9b00000,0x0000007eb9c00000)]
  0x000001e935a7a3d0 JavaThread "Cache worker for file hash cache (D:\Parkitdemo\Updated-Sundukpay\node_modules\react-native-inappbrowser-reborn\android\.gradle\8.9\fileHashes)" [_thread_blocked, id=12704, stack(0x0000007eb9c00000,0x0000007eb9d00000)]
  0x000001e935a7a8e0 JavaThread "Cache worker for Build Output Cleanup Cache (D:\Parkitdemo\Updated-Sundukpay\node_modules\react-native-inappbrowser-reborn\android\.gradle\buildOutputCleanup)" [_thread_blocked, id=17672, stack(0x0000007eba400000,0x0000007eba500000)]
  0x000001e935a7b300 JavaThread "Cache worker for checksums cache (D:\Parkitdemo\Updated-Sundukpay\node_modules\react-native-inappbrowser-reborn\android\.gradle\8.9\checksums)" [_thread_blocked, id=13792, stack(0x0000007eba500000,0x0000007eba600000)]
  0x000001e935a7c230 JavaThread "Cache worker for cache directory md-rule (C:\Users\HP\.gradle\caches\8.9\md-rule)" [_thread_blocked, id=23376, stack(0x0000007eba700000,0x0000007eba800000)]
  0x000001e935a78a80 JavaThread "Cache worker for cache directory md-supplier (C:\Users\HP\.gradle\caches\8.9\md-supplier)" [_thread_blocked, id=16072, stack(0x0000007eba800000,0x0000007eba900000)]

Other Threads:
  0x000001e97ffa3680 VMThread "VM Thread" [stack: 0x0000007eb7700000,0x0000007eb7800000] [id=18924]
  0x000001e97da0d410 WatcherThread [stack: 0x0000007eb8300000,0x0000007eb8400000] [id=18828]
  0x000001e97da3b460 GCTaskThread "GC Thread#0" [stack: 0x0000007eb7200000,0x0000007eb7300000] [id=31052]
  0x000001e9329feb40 GCTaskThread "GC Thread#1" [stack: 0x0000007eb8600000,0x0000007eb8700000] [id=24564]
  0x000001e932776240 GCTaskThread "GC Thread#2" [stack: 0x0000007eb8700000,0x0000007eb8800000] [id=16880]
  0x000001e918dccc50 GCTaskThread "GC Thread#3" [stack: 0x0000007eb8800000,0x0000007eb8900000] [id=15108]
  0x000001e9322b9100 GCTaskThread "GC Thread#4" [stack: 0x0000007eb8900000,0x0000007eb8a00000] [id=1888]
  0x000001e9322b93c0 GCTaskThread "GC Thread#5" [stack: 0x0000007eb8a00000,0x0000007eb8b00000] [id=11296]
  0x000001e9340a3690 GCTaskThread "GC Thread#6" [stack: 0x0000007eb9700000,0x0000007eb9800000] [id=228]
  0x000001e9340f1e00 GCTaskThread "GC Thread#7" [stack: 0x0000007eb9800000,0x0000007eb9900000] [id=29436]
  0x000001e933f2be70 GCTaskThread "GC Thread#8" [stack: 0x0000007eb9900000,0x0000007eb9a00000] [id=12120]
  0x000001e933d45790 GCTaskThread "GC Thread#9" [stack: 0x0000007eb9a00000,0x0000007eb9b00000] [id=764]
  0x000001e97da402c0 ConcurrentGCThread "G1 Main Marker" [stack: 0x0000007eb7300000,0x0000007eb7400000] [id=24880]
  0x000001e97da40bf0 ConcurrentGCThread "G1 Conc#0" [stack: 0x0000007eb7400000,0x0000007eb7500000] [id=10772]
  0x000001e936444540 ConcurrentGCThread "G1 Conc#1" [stack: 0x0000007eb9d00000,0x0000007eb9e00000] [id=15912]
  0x000001e936444ac0 ConcurrentGCThread "G1 Conc#2" [stack: 0x0000007eb9e00000,0x0000007eb9f00000] [id=30592]
  0x000001e97dabdfd0 ConcurrentGCThread "G1 Refine#0" [stack: 0x0000007eb7500000,0x0000007eb7600000] [id=26112]
  0x000001e97fe599c0 ConcurrentGCThread "G1 Service" [stack: 0x0000007eb7600000,0x0000007eb7700000] [id=21340]

Threads with active compile tasks:
C2 CompilerThread0    18940 10298       4       java.util.stream.AbstractPipeline::copyInto (54 bytes)
C1 CompilerThread0    18940 10332       2       java.lang.Integer::toUnsignedString0 (76 bytes)
C2 CompilerThread1    18941 10203   !   4       java.io.ObjectOutputStream::writeObject0 (620 bytes)

VM state: not at safepoint (normal execution)

VM Mutex/Monitor currently owned by a thread: None

Heap address: 0x00000000e0000000, size: 512 MB, Compressed Oops mode: 32-bit

CDS archive(s) mapped at: [0x000001e919000000-0x000001e919bb0000-0x000001e919bb0000), size 12255232, SharedBaseAddress: 0x000001e919000000, ArchiveRelocationMode: 1.
Compressed class space mapped at: 0x000001e91a000000-0x000001e92e000000, reserved size: 335544320
Narrow klass base: 0x000001e919000000, Narrow klass shift: 0, Narrow klass range: 0x100000000

GC Precious Log:
 CPUs: 12 total, 12 available
 Memory: 7835M
 Large Page Support: Disabled
 NUMA Support: Disabled
 Compressed Oops: Enabled (32-bit)
 Heap Region Size: 1M
 Heap Min Capacity: 256M
 Heap Initial Capacity: 256M
 Heap Max Capacity: 512M
 Pre-touch: Disabled
 Parallel Workers: 10
 Concurrent Workers: 3
 Concurrent Refinement Workers: 10
 Periodic GC: Disabled

Heap:
 garbage-first heap   total 262144K, used 168789K [0x00000000e0000000, 0x0000000100000000)
  region size 1024K, 108 young (110592K), 17 survivors (17408K)
 Metaspace       used 73940K, committed 74624K, reserved 393216K
  class space    used 10391K, committed 10688K, reserved 327680K

Heap Regions: E=young(eden), S=young(survivor), O=old, HS=humongous(starts), HC=humongous(continues), CS=collection set, F=free, OA=open archive, CA=closed archive, TAMS=top-at-mark-start (previous, next)
|   0|0x00000000e0000000, 0x00000000e0100000, 0x00000000e0100000|100%|HS|  |TAMS 0x00000000e0100000, 0x00000000e0000000| Complete 
|   1|0x00000000e0100000, 0x00000000e0200000, 0x00000000e0200000|100%|HC|  |TAMS 0x00000000e0200000, 0x00000000e0100000| Complete 
|   2|0x00000000e0200000, 0x00000000e0300000, 0x00000000e0300000|100%|HC|  |TAMS 0x00000000e0300000, 0x00000000e0200000| Complete 
|   3|0x00000000e0300000, 0x00000000e0400000, 0x00000000e0400000|100%|HC|  |TAMS 0x00000000e0400000, 0x00000000e0300000| Complete 
|   4|0x00000000e0400000, 0x00000000e0500000, 0x00000000e0500000|100%|HS|  |TAMS 0x00000000e0500000, 0x00000000e0400000| Complete 
|   5|0x00000000e0500000, 0x00000000e0600000, 0x00000000e0600000|100%| O|  |TAMS 0x00000000e0600000, 0x00000000e0500000| Untracked 
|   6|0x00000000e0600000, 0x00000000e0700000, 0x00000000e0700000|100%| O|  |TAMS 0x00000000e0700000, 0x00000000e0600000| Untracked 
|   7|0x00000000e0700000, 0x00000000e0800000, 0x00000000e0800000|100%| O|  |TAMS 0x00000000e0800000, 0x00000000e0700000| Untracked 
|   8|0x00000000e0800000, 0x00000000e0900000, 0x00000000e0900000|100%| O|  |TAMS 0x00000000e0900000, 0x00000000e0800000| Untracked 
|   9|0x00000000e0900000, 0x00000000e0a00000, 0x00000000e0a00000|100%| O|  |TAMS 0x00000000e0a00000, 0x00000000e0900000| Untracked 
|  10|0x00000000e0a00000, 0x00000000e0b00000, 0x00000000e0b00000|100%| O|  |TAMS 0x00000000e0b00000, 0x00000000e0a00000| Untracked 
|  11|0x00000000e0b00000, 0x00000000e0c00000, 0x00000000e0c00000|100%|HS|  |TAMS 0x00000000e0c00000, 0x00000000e0b00000| Complete 
|  12|0x00000000e0c00000, 0x00000000e0d00000, 0x00000000e0d00000|100%| O|  |TAMS 0x00000000e0d00000, 0x00000000e0c00000| Untracked 
|  13|0x00000000e0d00000, 0x00000000e0e00000, 0x00000000e0e00000|100%| O|  |TAMS 0x00000000e0e00000, 0x00000000e0d00000| Untracked 
|  14|0x00000000e0e00000, 0x00000000e0f00000, 0x00000000e0f00000|100%| O|  |TAMS 0x00000000e0f00000, 0x00000000e0e00000| Untracked 
|  15|0x00000000e0f00000, 0x00000000e1000000, 0x00000000e1000000|100%| O|  |TAMS 0x00000000e1000000, 0x00000000e0f00000| Untracked 
|  16|0x00000000e1000000, 0x00000000e1100000, 0x00000000e1100000|100%| O|  |TAMS 0x00000000e1100000, 0x00000000e1000000| Untracked 
|  17|0x00000000e1100000, 0x00000000e1200000, 0x00000000e1200000|100%| O|  |TAMS 0x00000000e1200000, 0x00000000e1100000| Untracked 
|  18|0x00000000e1200000, 0x00000000e1300000, 0x00000000e1300000|100%| O|  |TAMS 0x00000000e1300000, 0x00000000e1200000| Untracked 
|  19|0x00000000e1300000, 0x00000000e1400000, 0x00000000e1400000|100%| O|  |TAMS 0x00000000e1400000, 0x00000000e1300000| Untracked 
|  20|0x00000000e1400000, 0x00000000e1500000, 0x00000000e1500000|100%| O|  |TAMS 0x00000000e1500000, 0x00000000e1400000| Untracked 
|  21|0x00000000e1500000, 0x00000000e1600000, 0x00000000e1600000|100%| O|  |TAMS 0x00000000e1600000, 0x00000000e1500000| Untracked 
|  22|0x00000000e1600000, 0x00000000e1700000, 0x00000000e1700000|100%| O|  |TAMS 0x00000000e1700000, 0x00000000e1600000| Untracked 
|  23|0x00000000e1700000, 0x00000000e1800000, 0x00000000e1800000|100%| O|  |TAMS 0x00000000e1800000, 0x00000000e1700000| Untracked 
|  24|0x00000000e1800000, 0x00000000e1900000, 0x00000000e1900000|100%| O|  |TAMS 0x00000000e1900000, 0x00000000e1800000| Untracked 
|  25|0x00000000e1900000, 0x00000000e1a00000, 0x00000000e1a00000|100%| O|  |TAMS 0x00000000e1a00000, 0x00000000e1900000| Untracked 
|  26|0x00000000e1a00000, 0x00000000e1b00000, 0x00000000e1b00000|100%| O|  |TAMS 0x00000000e1b00000, 0x00000000e1a00000| Untracked 
|  27|0x00000000e1b00000, 0x00000000e1c00000, 0x00000000e1c00000|100%| O|  |TAMS 0x00000000e1c00000, 0x00000000e1b00000| Untracked 
|  28|0x00000000e1c00000, 0x00000000e1d00000, 0x00000000e1d00000|100%| O|  |TAMS 0x00000000e1d00000, 0x00000000e1c00000| Untracked 
|  29|0x00000000e1d00000, 0x00000000e1e00000, 0x00000000e1e00000|100%| O|  |TAMS 0x00000000e1e00000, 0x00000000e1d00000| Untracked 
|  30|0x00000000e1e00000, 0x00000000e1f00000, 0x00000000e1f00000|100%| O|  |TAMS 0x00000000e1f00000, 0x00000000e1e00000| Untracked 
|  31|0x00000000e1f00000, 0x00000000e2000000, 0x00000000e2000000|100%| O|  |TAMS 0x00000000e2000000, 0x00000000e1f00000| Untracked 
|  32|0x00000000e2000000, 0x00000000e2100000, 0x00000000e2100000|100%| O|  |TAMS 0x00000000e2100000, 0x00000000e2000000| Untracked 
|  33|0x00000000e2100000, 0x00000000e2200000, 0x00000000e2200000|100%|HS|  |TAMS 0x00000000e2200000, 0x00000000e2100000| Complete 
|  34|0x00000000e2200000, 0x00000000e2300000, 0x00000000e2300000|100%|HS|  |TAMS 0x00000000e2300000, 0x00000000e2200000| Complete 
|  35|0x00000000e2300000, 0x00000000e2400000, 0x00000000e2400000|100%| O|  |TAMS 0x00000000e2400000, 0x00000000e2300000| Untracked 
|  36|0x00000000e2400000, 0x00000000e2500000, 0x00000000e2500000|100%| O|  |TAMS 0x00000000e2500000, 0x00000000e2400000| Untracked 
|  37|0x00000000e2500000, 0x00000000e2600000, 0x00000000e2600000|100%| O|  |TAMS 0x00000000e2600000, 0x00000000e2500000| Untracked 
|  38|0x00000000e2600000, 0x00000000e2700000, 0x00000000e2700000|100%| O|  |TAMS 0x00000000e2700000, 0x00000000e2600000| Untracked 
|  39|0x00000000e2700000, 0x00000000e2800000, 0x00000000e2800000|100%| O|  |TAMS 0x00000000e2800000, 0x00000000e2700000| Untracked 
|  40|0x00000000e2800000, 0x00000000e2900000, 0x00000000e2900000|100%| O|  |TAMS 0x00000000e2900000, 0x00000000e2800000| Untracked 
|  41|0x00000000e2900000, 0x00000000e2a00000, 0x00000000e2a00000|100%| O|  |TAMS 0x00000000e2a00000, 0x00000000e2900000| Untracked 
|  42|0x00000000e2a00000, 0x00000000e2b00000, 0x00000000e2b00000|100%| O|  |TAMS 0x00000000e2b00000, 0x00000000e2a00000| Untracked 
|  43|0x00000000e2b00000, 0x00000000e2c00000, 0x00000000e2c00000|100%| O|  |TAMS 0x00000000e2c00000, 0x00000000e2b00000| Untracked 
|  44|0x00000000e2c00000, 0x00000000e2d00000, 0x00000000e2d00000|100%| O|  |TAMS 0x00000000e2d00000, 0x00000000e2c00000| Untracked 
|  45|0x00000000e2d00000, 0x00000000e2e00000, 0x00000000e2e00000|100%| O|  |TAMS 0x00000000e2e00000, 0x00000000e2d00000| Untracked 
|  46|0x00000000e2e00000, 0x00000000e2f00000, 0x00000000e2f00000|100%| O|  |TAMS 0x00000000e2e23800, 0x00000000e2e00000| Untracked 
|  47|0x00000000e2f00000, 0x00000000e3000000, 0x00000000e3000000|100%|HS|  |TAMS 0x00000000e3000000, 0x00000000e2f00000| Complete 
|  48|0x00000000e3000000, 0x00000000e3100000, 0x00000000e3100000|100%|HC|  |TAMS 0x00000000e3100000, 0x00000000e3000000| Complete 
|  49|0x00000000e3100000, 0x00000000e3200000, 0x00000000e3200000|100%|HS|  |TAMS 0x00000000e3200000, 0x00000000e3100000| Complete 
|  50|0x00000000e3200000, 0x00000000e3200000, 0x00000000e3300000|  0%| F|  |TAMS 0x00000000e3200000, 0x00000000e3200000| Untracked 
|  51|0x00000000e3300000, 0x00000000e3400000, 0x00000000e3400000|100%| O|  |TAMS 0x00000000e3300000, 0x00000000e3300000| Untracked 
|  52|0x00000000e3400000, 0x00000000e3500000, 0x00000000e3500000|100%| O|  |TAMS 0x00000000e3400000, 0x00000000e3400000| Untracked 
|  53|0x00000000e3500000, 0x00000000e3600000, 0x00000000e3600000|100%| O|  |TAMS 0x00000000e3500000, 0x00000000e3500000| Untracked 
|  54|0x00000000e3600000, 0x00000000e3700000, 0x00000000e3700000|100%| O|  |TAMS 0x00000000e3600000, 0x00000000e3600000| Untracked 
|  55|0x00000000e3700000, 0x00000000e3800000, 0x00000000e3800000|100%| O|  |TAMS 0x00000000e3700000, 0x00000000e3700000| Untracked 
|  56|0x00000000e3800000, 0x00000000e3900000, 0x00000000e3900000|100%| O|  |TAMS 0x00000000e3800000, 0x00000000e3800000| Untracked 
|  57|0x00000000e3900000, 0x00000000e3a00000, 0x00000000e3a00000|100%| O|  |TAMS 0x00000000e3900000, 0x00000000e3900000| Untracked 
|  58|0x00000000e3a00000, 0x00000000e3b00000, 0x00000000e3b00000|100%| O|  |TAMS 0x00000000e3a00000, 0x00000000e3a00000| Untracked 
|  59|0x00000000e3b00000, 0x00000000e3b9bc00, 0x00000000e3c00000| 60%| O|  |TAMS 0x00000000e3b00000, 0x00000000e3b00000| Untracked 
|  60|0x00000000e3c00000, 0x00000000e3c00000, 0x00000000e3d00000|  0%| F|  |TAMS 0x00000000e3c00000, 0x00000000e3c00000| Untracked 
|  61|0x00000000e3d00000, 0x00000000e3d00000, 0x00000000e3e00000|  0%| F|  |TAMS 0x00000000e3d00000, 0x00000000e3d00000| Untracked 
|  62|0x00000000e3e00000, 0x00000000e3e00000, 0x00000000e3f00000|  0%| F|  |TAMS 0x00000000e3e00000, 0x00000000e3e00000| Untracked 
|  63|0x00000000e3f00000, 0x00000000e3f00000, 0x00000000e4000000|  0%| F|  |TAMS 0x00000000e3f00000, 0x00000000e3f00000| Untracked 
|  64|0x00000000e4000000, 0x00000000e4000000, 0x00000000e4100000|  0%| F|  |TAMS 0x00000000e4000000, 0x00000000e4000000| Untracked 
|  65|0x00000000e4100000, 0x00000000e4100000, 0x00000000e4200000|  0%| F|  |TAMS 0x00000000e4100000, 0x00000000e4100000| Untracked 
|  66|0x00000000e4200000, 0x00000000e4200000, 0x00000000e4300000|  0%| F|  |TAMS 0x00000000e4200000, 0x00000000e4200000| Untracked 
|  67|0x00000000e4300000, 0x00000000e4300000, 0x00000000e4400000|  0%| F|  |TAMS 0x00000000e4300000, 0x00000000e4300000| Untracked 
|  68|0x00000000e4400000, 0x00000000e4400000, 0x00000000e4500000|  0%| F|  |TAMS 0x00000000e4400000, 0x00000000e4400000| Untracked 
|  69|0x00000000e4500000, 0x00000000e4500000, 0x00000000e4600000|  0%| F|  |TAMS 0x00000000e4500000, 0x00000000e4500000| Untracked 
|  70|0x00000000e4600000, 0x00000000e4600000, 0x00000000e4700000|  0%| F|  |TAMS 0x00000000e4600000, 0x00000000e4600000| Untracked 
|  71|0x00000000e4700000, 0x00000000e4700000, 0x00000000e4800000|  0%| F|  |TAMS 0x00000000e4700000, 0x00000000e4700000| Untracked 
|  72|0x00000000e4800000, 0x00000000e4800000, 0x00000000e4900000|  0%| F|  |TAMS 0x00000000e4800000, 0x00000000e4800000| Untracked 
|  73|0x00000000e4900000, 0x00000000e4900000, 0x00000000e4a00000|  0%| F|  |TAMS 0x00000000e4900000, 0x00000000e4900000| Untracked 
|  74|0x00000000e4a00000, 0x00000000e4a00000, 0x00000000e4b00000|  0%| F|  |TAMS 0x00000000e4a00000, 0x00000000e4a00000| Untracked 
|  75|0x00000000e4b00000, 0x00000000e4b00000, 0x00000000e4c00000|  0%| F|  |TAMS 0x00000000e4b00000, 0x00000000e4b00000| Untracked 
|  76|0x00000000e4c00000, 0x00000000e4c00000, 0x00000000e4d00000|  0%| F|  |TAMS 0x00000000e4c00000, 0x00000000e4c00000| Untracked 
|  77|0x00000000e4d00000, 0x00000000e4d00000, 0x00000000e4e00000|  0%| F|  |TAMS 0x00000000e4d00000, 0x00000000e4d00000| Untracked 
|  78|0x00000000e4e00000, 0x00000000e4e00000, 0x00000000e4f00000|  0%| F|  |TAMS 0x00000000e4e00000, 0x00000000e4e00000| Untracked 
|  79|0x00000000e4f00000, 0x00000000e4f00000, 0x00000000e5000000|  0%| F|  |TAMS 0x00000000e4f00000, 0x00000000e4f00000| Untracked 
|  80|0x00000000e5000000, 0x00000000e5000000, 0x00000000e5100000|  0%| F|  |TAMS 0x00000000e5000000, 0x00000000e5000000| Untracked 
|  81|0x00000000e5100000, 0x00000000e5100000, 0x00000000e5200000|  0%| F|  |TAMS 0x00000000e5100000, 0x00000000e5100000| Untracked 
|  82|0x00000000e5200000, 0x00000000e5200000, 0x00000000e5300000|  0%| F|  |TAMS 0x00000000e5200000, 0x00000000e5200000| Untracked 
|  83|0x00000000e5300000, 0x00000000e5300000, 0x00000000e5400000|  0%| F|  |TAMS 0x00000000e5300000, 0x00000000e5300000| Untracked 
|  84|0x00000000e5400000, 0x00000000e5400000, 0x00000000e5500000|  0%| F|  |TAMS 0x00000000e5400000, 0x00000000e5400000| Untracked 
|  85|0x00000000e5500000, 0x00000000e5500000, 0x00000000e5600000|  0%| F|  |TAMS 0x00000000e5500000, 0x00000000e5500000| Untracked 
|  86|0x00000000e5600000, 0x00000000e5600000, 0x00000000e5700000|  0%| F|  |TAMS 0x00000000e5600000, 0x00000000e5600000| Untracked 
|  87|0x00000000e5700000, 0x00000000e5700000, 0x00000000e5800000|  0%| F|  |TAMS 0x00000000e5700000, 0x00000000e5700000| Untracked 
|  88|0x00000000e5800000, 0x00000000e5800000, 0x00000000e5900000|  0%| F|  |TAMS 0x00000000e5800000, 0x00000000e5800000| Untracked 
|  89|0x00000000e5900000, 0x00000000e5900000, 0x00000000e5a00000|  0%| F|  |TAMS 0x00000000e5900000, 0x00000000e5900000| Untracked 
|  90|0x00000000e5a00000, 0x00000000e5a39b98, 0x00000000e5b00000| 22%| S|CS|TAMS 0x00000000e5a00000, 0x00000000e5a00000| Complete 
|  91|0x00000000e5b00000, 0x00000000e5c00000, 0x00000000e5c00000|100%| S|CS|TAMS 0x00000000e5b00000, 0x00000000e5b00000| Complete 
|  92|0x00000000e5c00000, 0x00000000e5d00000, 0x00000000e5d00000|100%| S|CS|TAMS 0x00000000e5c00000, 0x00000000e5c00000| Complete 
|  93|0x00000000e5d00000, 0x00000000e5e00000, 0x00000000e5e00000|100%| S|CS|TAMS 0x00000000e5d00000, 0x00000000e5d00000| Complete 
|  94|0x00000000e5e00000, 0x00000000e5f00000, 0x00000000e5f00000|100%| S|CS|TAMS 0x00000000e5e00000, 0x00000000e5e00000| Complete 
|  95|0x00000000e5f00000, 0x00000000e6000000, 0x00000000e6000000|100%| S|CS|TAMS 0x00000000e5f00000, 0x00000000e5f00000| Complete 
|  96|0x00000000e6000000, 0x00000000e6100000, 0x00000000e6100000|100%| S|CS|TAMS 0x00000000e6000000, 0x00000000e6000000| Complete 
|  97|0x00000000e6100000, 0x00000000e6200000, 0x00000000e6200000|100%| S|CS|TAMS 0x00000000e6100000, 0x00000000e6100000| Complete 
|  98|0x00000000e6200000, 0x00000000e6300000, 0x00000000e6300000|100%| S|CS|TAMS 0x00000000e6200000, 0x00000000e6200000| Complete 
|  99|0x00000000e6300000, 0x00000000e6400000, 0x00000000e6400000|100%| S|CS|TAMS 0x00000000e6300000, 0x00000000e6300000| Complete 
| 100|0x00000000e6400000, 0x00000000e6500000, 0x00000000e6500000|100%| S|CS|TAMS 0x00000000e6400000, 0x00000000e6400000| Complete 
| 101|0x00000000e6500000, 0x00000000e6600000, 0x00000000e6600000|100%| S|CS|TAMS 0x00000000e6500000, 0x00000000e6500000| Complete 
| 102|0x00000000e6600000, 0x00000000e6700000, 0x00000000e6700000|100%| S|CS|TAMS 0x00000000e6600000, 0x00000000e6600000| Complete 
| 103|0x00000000e6700000, 0x00000000e6800000, 0x00000000e6800000|100%| S|CS|TAMS 0x00000000e6700000, 0x00000000e6700000| Complete 
| 104|0x00000000e6800000, 0x00000000e6900000, 0x00000000e6900000|100%| S|CS|TAMS 0x00000000e6800000, 0x00000000e6800000| Complete 
| 105|0x00000000e6900000, 0x00000000e6a00000, 0x00000000e6a00000|100%| S|CS|TAMS 0x00000000e6900000, 0x00000000e6900000| Complete 
| 106|0x00000000e6a00000, 0x00000000e6b00000, 0x00000000e6b00000|100%| S|CS|TAMS 0x00000000e6a00000, 0x00000000e6a00000| Complete 
| 107|0x00000000e6b00000, 0x00000000e6b00000, 0x00000000e6c00000|  0%| F|  |TAMS 0x00000000e6b00000, 0x00000000e6b00000| Untracked 
| 108|0x00000000e6c00000, 0x00000000e6c00000, 0x00000000e6d00000|  0%| F|  |TAMS 0x00000000e6c00000, 0x00000000e6c00000| Untracked 
| 109|0x00000000e6d00000, 0x00000000e6d00000, 0x00000000e6e00000|  0%| F|  |TAMS 0x00000000e6d00000, 0x00000000e6d00000| Untracked 
| 110|0x00000000e6e00000, 0x00000000e6e00000, 0x00000000e6f00000|  0%| F|  |TAMS 0x00000000e6e00000, 0x00000000e6e00000| Untracked 
| 111|0x00000000e6f00000, 0x00000000e6f00000, 0x00000000e7000000|  0%| F|  |TAMS 0x00000000e6f00000, 0x00000000e6f00000| Untracked 
| 112|0x00000000e7000000, 0x00000000e7000000, 0x00000000e7100000|  0%| F|  |TAMS 0x00000000e7000000, 0x00000000e7000000| Untracked 
| 113|0x00000000e7100000, 0x00000000e7100000, 0x00000000e7200000|  0%| F|  |TAMS 0x00000000e7100000, 0x00000000e7100000| Untracked 
| 114|0x00000000e7200000, 0x00000000e7200000, 0x00000000e7300000|  0%| F|  |TAMS 0x00000000e7200000, 0x00000000e7200000| Untracked 
| 115|0x00000000e7300000, 0x00000000e7300000, 0x00000000e7400000|  0%| F|  |TAMS 0x00000000e7300000, 0x00000000e7300000| Untracked 
| 116|0x00000000e7400000, 0x00000000e7400000, 0x00000000e7500000|  0%| F|  |TAMS 0x00000000e7400000, 0x00000000e7400000| Untracked 
| 117|0x00000000e7500000, 0x00000000e7500000, 0x00000000e7600000|  0%| F|  |TAMS 0x00000000e7500000, 0x00000000e7500000| Untracked 
| 118|0x00000000e7600000, 0x00000000e7600000, 0x00000000e7700000|  0%| F|  |TAMS 0x00000000e7600000, 0x00000000e7600000| Untracked 
| 119|0x00000000e7700000, 0x00000000e7700000, 0x00000000e7800000|  0%| F|  |TAMS 0x00000000e7700000, 0x00000000e7700000| Untracked 
| 120|0x00000000e7800000, 0x00000000e7800000, 0x00000000e7900000|  0%| F|  |TAMS 0x00000000e7800000, 0x00000000e7800000| Untracked 
| 121|0x00000000e7900000, 0x00000000e7900000, 0x00000000e7a00000|  0%| F|  |TAMS 0x00000000e7900000, 0x00000000e7900000| Untracked 
| 122|0x00000000e7a00000, 0x00000000e7a00000, 0x00000000e7b00000|  0%| F|  |TAMS 0x00000000e7a00000, 0x00000000e7a00000| Untracked 
| 123|0x00000000e7b00000, 0x00000000e7b00000, 0x00000000e7c00000|  0%| F|  |TAMS 0x00000000e7b00000, 0x00000000e7b00000| Untracked 
| 124|0x00000000e7c00000, 0x00000000e7c00000, 0x00000000e7d00000|  0%| F|  |TAMS 0x00000000e7c00000, 0x00000000e7c00000| Untracked 
| 125|0x00000000e7d00000, 0x00000000e7d00000, 0x00000000e7e00000|  0%| F|  |TAMS 0x00000000e7d00000, 0x00000000e7d00000| Untracked 
| 126|0x00000000e7e00000, 0x00000000e7e00000, 0x00000000e7f00000|  0%| F|  |TAMS 0x00000000e7e00000, 0x00000000e7e00000| Untracked 
| 127|0x00000000e7f00000, 0x00000000e7f00000, 0x00000000e8000000|  0%| F|  |TAMS 0x00000000e7f00000, 0x00000000e7f00000| Untracked 
| 128|0x00000000e8000000, 0x00000000e8000000, 0x00000000e8100000|  0%| F|  |TAMS 0x00000000e8000000, 0x00000000e8000000| Untracked 
| 129|0x00000000e8100000, 0x00000000e8100000, 0x00000000e8200000|  0%| F|  |TAMS 0x00000000e8100000, 0x00000000e8100000| Untracked 
| 130|0x00000000e8200000, 0x00000000e8200000, 0x00000000e8300000|  0%| F|  |TAMS 0x00000000e8200000, 0x00000000e8200000| Untracked 
| 131|0x00000000e8300000, 0x00000000e8300000, 0x00000000e8400000|  0%| F|  |TAMS 0x00000000e8300000, 0x00000000e8300000| Untracked 
| 132|0x00000000e8400000, 0x00000000e8400000, 0x00000000e8500000|  0%| F|  |TAMS 0x00000000e8400000, 0x00000000e8400000| Untracked 
| 133|0x00000000e8500000, 0x00000000e8500000, 0x00000000e8600000|  0%| F|  |TAMS 0x00000000e8500000, 0x00000000e8500000| Untracked 
| 134|0x00000000e8600000, 0x00000000e8600000, 0x00000000e8700000|  0%| F|  |TAMS 0x00000000e8600000, 0x00000000e8600000| Untracked 
| 135|0x00000000e8700000, 0x00000000e8700000, 0x00000000e8800000|  0%| F|  |TAMS 0x00000000e8700000, 0x00000000e8700000| Untracked 
| 136|0x00000000e8800000, 0x00000000e8800000, 0x00000000e8900000|  0%| F|  |TAMS 0x00000000e8800000, 0x00000000e8800000| Untracked 
| 137|0x00000000e8900000, 0x00000000e8900000, 0x00000000e8a00000|  0%| F|  |TAMS 0x00000000e8900000, 0x00000000e8900000| Untracked 
| 138|0x00000000e8a00000, 0x00000000e8a00000, 0x00000000e8b00000|  0%| F|  |TAMS 0x00000000e8a00000, 0x00000000e8a00000| Untracked 
| 139|0x00000000e8b00000, 0x00000000e8b00000, 0x00000000e8c00000|  0%| F|  |TAMS 0x00000000e8b00000, 0x00000000e8b00000| Untracked 
| 140|0x00000000e8c00000, 0x00000000e8c00000, 0x00000000e8d00000|  0%| F|  |TAMS 0x00000000e8c00000, 0x00000000e8c00000| Untracked 
| 141|0x00000000e8d00000, 0x00000000e8d00000, 0x00000000e8e00000|  0%| F|  |TAMS 0x00000000e8d00000, 0x00000000e8d00000| Untracked 
| 142|0x00000000e8e00000, 0x00000000e8e00000, 0x00000000e8f00000|  0%| F|  |TAMS 0x00000000e8e00000, 0x00000000e8e00000| Untracked 
| 143|0x00000000e8f00000, 0x00000000e8f00000, 0x00000000e9000000|  0%| F|  |TAMS 0x00000000e8f00000, 0x00000000e8f00000| Untracked 
| 144|0x00000000e9000000, 0x00000000e9000000, 0x00000000e9100000|  0%| F|  |TAMS 0x00000000e9000000, 0x00000000e9000000| Untracked 
| 145|0x00000000e9100000, 0x00000000e9100000, 0x00000000e9200000|  0%| F|  |TAMS 0x00000000e9100000, 0x00000000e9100000| Untracked 
| 146|0x00000000e9200000, 0x00000000e9200000, 0x00000000e9300000|  0%| F|  |TAMS 0x00000000e9200000, 0x00000000e9200000| Untracked 
| 147|0x00000000e9300000, 0x00000000e9300000, 0x00000000e9400000|  0%| F|  |TAMS 0x00000000e9300000, 0x00000000e9300000| Untracked 
| 148|0x00000000e9400000, 0x00000000e9400000, 0x00000000e9500000|  0%| F|  |TAMS 0x00000000e9400000, 0x00000000e9400000| Untracked 
| 149|0x00000000e9500000, 0x00000000e9500000, 0x00000000e9600000|  0%| F|  |TAMS 0x00000000e9500000, 0x00000000e9500000| Untracked 
| 150|0x00000000e9600000, 0x00000000e9600000, 0x00000000e9700000|  0%| F|  |TAMS 0x00000000e9600000, 0x00000000e9600000| Untracked 
| 151|0x00000000e9700000, 0x00000000e9700000, 0x00000000e9800000|  0%| F|  |TAMS 0x00000000e9700000, 0x00000000e9700000| Untracked 
| 152|0x00000000e9800000, 0x00000000e9800000, 0x00000000e9900000|  0%| F|  |TAMS 0x00000000e9800000, 0x00000000e9800000| Untracked 
| 153|0x00000000e9900000, 0x00000000e9900000, 0x00000000e9a00000|  0%| F|  |TAMS 0x00000000e9900000, 0x00000000e9900000| Untracked 
| 154|0x00000000e9a00000, 0x00000000e9a00000, 0x00000000e9b00000|  0%| F|  |TAMS 0x00000000e9a00000, 0x00000000e9a00000| Untracked 
| 155|0x00000000e9b00000, 0x00000000e9b00000, 0x00000000e9c00000|  0%| F|  |TAMS 0x00000000e9b00000, 0x00000000e9b00000| Untracked 
| 156|0x00000000e9c00000, 0x00000000e9c00000, 0x00000000e9d00000|  0%| F|  |TAMS 0x00000000e9c00000, 0x00000000e9c00000| Untracked 
| 157|0x00000000e9d00000, 0x00000000e9d00000, 0x00000000e9e00000|  0%| F|  |TAMS 0x00000000e9d00000, 0x00000000e9d00000| Untracked 
| 158|0x00000000e9e00000, 0x00000000e9e00000, 0x00000000e9f00000|  0%| F|  |TAMS 0x00000000e9e00000, 0x00000000e9e00000| Untracked 
| 159|0x00000000e9f00000, 0x00000000e9f00000, 0x00000000ea000000|  0%| F|  |TAMS 0x00000000e9f00000, 0x00000000e9f00000| Untracked 
| 160|0x00000000ea000000, 0x00000000ea000000, 0x00000000ea100000|  0%| F|  |TAMS 0x00000000ea000000, 0x00000000ea000000| Untracked 
| 161|0x00000000ea100000, 0x00000000ea100000, 0x00000000ea200000|  0%| F|  |TAMS 0x00000000ea100000, 0x00000000ea100000| Untracked 
| 162|0x00000000ea200000, 0x00000000ea200000, 0x00000000ea300000|  0%| F|  |TAMS 0x00000000ea200000, 0x00000000ea200000| Untracked 
| 163|0x00000000ea300000, 0x00000000ea300000, 0x00000000ea400000|  0%| F|  |TAMS 0x00000000ea300000, 0x00000000ea300000| Untracked 
| 164|0x00000000ea400000, 0x00000000ea480000, 0x00000000ea500000| 50%| E|  |TAMS 0x00000000ea400000, 0x00000000ea400000| Complete 
| 165|0x00000000ea500000, 0x00000000ea600000, 0x00000000ea600000|100%| E|CS|TAMS 0x00000000ea500000, 0x00000000ea500000| Complete 
| 166|0x00000000ea600000, 0x00000000ea700000, 0x00000000ea700000|100%| E|CS|TAMS 0x00000000ea600000, 0x00000000ea600000| Complete 
| 167|0x00000000ea700000, 0x00000000ea800000, 0x00000000ea800000|100%| E|CS|TAMS 0x00000000ea700000, 0x00000000ea700000| Complete 
| 168|0x00000000ea800000, 0x00000000ea900000, 0x00000000ea900000|100%| E|CS|TAMS 0x00000000ea800000, 0x00000000ea800000| Complete 
| 169|0x00000000ea900000, 0x00000000eaa00000, 0x00000000eaa00000|100%| E|CS|TAMS 0x00000000ea900000, 0x00000000ea900000| Complete 
| 170|0x00000000eaa00000, 0x00000000eab00000, 0x00000000eab00000|100%| E|CS|TAMS 0x00000000eaa00000, 0x00000000eaa00000| Complete 
| 171|0x00000000eab00000, 0x00000000eac00000, 0x00000000eac00000|100%| E|CS|TAMS 0x00000000eab00000, 0x00000000eab00000| Complete 
| 172|0x00000000eac00000, 0x00000000ead00000, 0x00000000ead00000|100%| E|CS|TAMS 0x00000000eac00000, 0x00000000eac00000| Complete 
| 173|0x00000000ead00000, 0x00000000eae00000, 0x00000000eae00000|100%| E|CS|TAMS 0x00000000ead00000, 0x00000000ead00000| Complete 
| 174|0x00000000eae00000, 0x00000000eaf00000, 0x00000000eaf00000|100%| E|CS|TAMS 0x00000000eae00000, 0x00000000eae00000| Complete 
| 175|0x00000000eaf00000, 0x00000000eb000000, 0x00000000eb000000|100%| E|CS|TAMS 0x00000000eaf00000, 0x00000000eaf00000| Complete 
| 176|0x00000000eb000000, 0x00000000eb100000, 0x00000000eb100000|100%| E|CS|TAMS 0x00000000eb000000, 0x00000000eb000000| Complete 
| 177|0x00000000eb100000, 0x00000000eb200000, 0x00000000eb200000|100%| E|CS|TAMS 0x00000000eb100000, 0x00000000eb100000| Complete 
| 178|0x00000000eb200000, 0x00000000eb300000, 0x00000000eb300000|100%| E|CS|TAMS 0x00000000eb200000, 0x00000000eb200000| Complete 
| 179|0x00000000eb300000, 0x00000000eb400000, 0x00000000eb400000|100%| E|CS|TAMS 0x00000000eb300000, 0x00000000eb300000| Complete 
| 180|0x00000000eb400000, 0x00000000eb500000, 0x00000000eb500000|100%| E|CS|TAMS 0x00000000eb400000, 0x00000000eb400000| Complete 
| 181|0x00000000eb500000, 0x00000000eb600000, 0x00000000eb600000|100%| E|CS|TAMS 0x00000000eb500000, 0x00000000eb500000| Complete 
| 182|0x00000000eb600000, 0x00000000eb700000, 0x00000000eb700000|100%| E|CS|TAMS 0x00000000eb600000, 0x00000000eb600000| Complete 
| 183|0x00000000eb700000, 0x00000000eb800000, 0x00000000eb800000|100%| E|CS|TAMS 0x00000000eb700000, 0x00000000eb700000| Complete 
| 184|0x00000000eb800000, 0x00000000eb900000, 0x00000000eb900000|100%| E|CS|TAMS 0x00000000eb800000, 0x00000000eb800000| Complete 
| 185|0x00000000eb900000, 0x00000000eba00000, 0x00000000eba00000|100%| E|CS|TAMS 0x00000000eb900000, 0x00000000eb900000| Complete 
| 186|0x00000000eba00000, 0x00000000ebb00000, 0x00000000ebb00000|100%| E|CS|TAMS 0x00000000eba00000, 0x00000000eba00000| Complete 
| 187|0x00000000ebb00000, 0x00000000ebc00000, 0x00000000ebc00000|100%| E|CS|TAMS 0x00000000ebb00000, 0x00000000ebb00000| Complete 
| 188|0x00000000ebc00000, 0x00000000ebd00000, 0x00000000ebd00000|100%| E|CS|TAMS 0x00000000ebc00000, 0x00000000ebc00000| Complete 
| 189|0x00000000ebd00000, 0x00000000ebe00000, 0x00000000ebe00000|100%| E|CS|TAMS 0x00000000ebd00000, 0x00000000ebd00000| Complete 
| 190|0x00000000ebe00000, 0x00000000ebf00000, 0x00000000ebf00000|100%| E|CS|TAMS 0x00000000ebe00000, 0x00000000ebe00000| Complete 
| 191|0x00000000ebf00000, 0x00000000ec000000, 0x00000000ec000000|100%| E|CS|TAMS 0x00000000ebf00000, 0x00000000ebf00000| Complete 
| 192|0x00000000ec000000, 0x00000000ec100000, 0x00000000ec100000|100%| E|CS|TAMS 0x00000000ec000000, 0x00000000ec000000| Complete 
| 193|0x00000000ec100000, 0x00000000ec200000, 0x00000000ec200000|100%| E|CS|TAMS 0x00000000ec100000, 0x00000000ec100000| Complete 
| 194|0x00000000ec200000, 0x00000000ec300000, 0x00000000ec300000|100%| E|CS|TAMS 0x00000000ec200000, 0x00000000ec200000| Complete 
| 195|0x00000000ec300000, 0x00000000ec400000, 0x00000000ec400000|100%| E|CS|TAMS 0x00000000ec300000, 0x00000000ec300000| Complete 
| 196|0x00000000ec400000, 0x00000000ec500000, 0x00000000ec500000|100%| E|CS|TAMS 0x00000000ec400000, 0x00000000ec400000| Complete 
| 197|0x00000000ec500000, 0x00000000ec600000, 0x00000000ec600000|100%| E|CS|TAMS 0x00000000ec500000, 0x00000000ec500000| Complete 
| 198|0x00000000ec600000, 0x00000000ec700000, 0x00000000ec700000|100%| E|CS|TAMS 0x00000000ec600000, 0x00000000ec600000| Complete 
| 199|0x00000000ec700000, 0x00000000ec800000, 0x00000000ec800000|100%| E|CS|TAMS 0x00000000ec700000, 0x00000000ec700000| Complete 
| 200|0x00000000ec800000, 0x00000000ec900000, 0x00000000ec900000|100%| E|CS|TAMS 0x00000000ec800000, 0x00000000ec800000| Complete 
| 201|0x00000000ec900000, 0x00000000eca00000, 0x00000000eca00000|100%| E|CS|TAMS 0x00000000ec900000, 0x00000000ec900000| Complete 
| 202|0x00000000eca00000, 0x00000000ecb00000, 0x00000000ecb00000|100%| E|CS|TAMS 0x00000000eca00000, 0x00000000eca00000| Complete 
| 203|0x00000000ecb00000, 0x00000000ecc00000, 0x00000000ecc00000|100%| E|CS|TAMS 0x00000000ecb00000, 0x00000000ecb00000| Complete 
| 204|0x00000000ecc00000, 0x00000000ecd00000, 0x00000000ecd00000|100%| E|CS|TAMS 0x00000000ecc00000, 0x00000000ecc00000| Complete 
| 205|0x00000000ecd00000, 0x00000000ece00000, 0x00000000ece00000|100%| E|CS|TAMS 0x00000000ecd00000, 0x00000000ecd00000| Complete 
| 206|0x00000000ece00000, 0x00000000ecf00000, 0x00000000ecf00000|100%| E|CS|TAMS 0x00000000ece00000, 0x00000000ece00000| Complete 
| 207|0x00000000ecf00000, 0x00000000ed000000, 0x00000000ed000000|100%| E|CS|TAMS 0x00000000ecf00000, 0x00000000ecf00000| Complete 
| 208|0x00000000ed000000, 0x00000000ed100000, 0x00000000ed100000|100%| E|CS|TAMS 0x00000000ed000000, 0x00000000ed000000| Complete 
| 209|0x00000000ed100000, 0x00000000ed200000, 0x00000000ed200000|100%| E|CS|TAMS 0x00000000ed100000, 0x00000000ed100000| Complete 
| 210|0x00000000ed200000, 0x00000000ed300000, 0x00000000ed300000|100%| E|CS|TAMS 0x00000000ed200000, 0x00000000ed200000| Complete 
| 211|0x00000000ed300000, 0x00000000ed400000, 0x00000000ed400000|100%| E|CS|TAMS 0x00000000ed300000, 0x00000000ed300000| Complete 
| 212|0x00000000ed400000, 0x00000000ed500000, 0x00000000ed500000|100%| E|CS|TAMS 0x00000000ed400000, 0x00000000ed400000| Complete 
| 213|0x00000000ed500000, 0x00000000ed600000, 0x00000000ed600000|100%| E|CS|TAMS 0x00000000ed500000, 0x00000000ed500000| Complete 
| 214|0x00000000ed600000, 0x00000000ed700000, 0x00000000ed700000|100%| E|CS|TAMS 0x00000000ed600000, 0x00000000ed600000| Complete 
| 215|0x00000000ed700000, 0x00000000ed800000, 0x00000000ed800000|100%| E|CS|TAMS 0x00000000ed700000, 0x00000000ed700000| Complete 
| 216|0x00000000ed800000, 0x00000000ed900000, 0x00000000ed900000|100%| E|CS|TAMS 0x00000000ed800000, 0x00000000ed800000| Complete 
| 217|0x00000000ed900000, 0x00000000eda00000, 0x00000000eda00000|100%| E|CS|TAMS 0x00000000ed900000, 0x00000000ed900000| Complete 
| 218|0x00000000eda00000, 0x00000000edb00000, 0x00000000edb00000|100%| E|CS|TAMS 0x00000000eda00000, 0x00000000eda00000| Complete 
| 219|0x00000000edb00000, 0x00000000edc00000, 0x00000000edc00000|100%| E|CS|TAMS 0x00000000edb00000, 0x00000000edb00000| Complete 
| 220|0x00000000edc00000, 0x00000000edd00000, 0x00000000edd00000|100%| E|CS|TAMS 0x00000000edc00000, 0x00000000edc00000| Complete 
| 221|0x00000000edd00000, 0x00000000ede00000, 0x00000000ede00000|100%| E|CS|TAMS 0x00000000edd00000, 0x00000000edd00000| Complete 
| 222|0x00000000ede00000, 0x00000000edf00000, 0x00000000edf00000|100%| E|CS|TAMS 0x00000000ede00000, 0x00000000ede00000| Complete 
| 223|0x00000000edf00000, 0x00000000ee000000, 0x00000000ee000000|100%| E|CS|TAMS 0x00000000edf00000, 0x00000000edf00000| Complete 
| 224|0x00000000ee000000, 0x00000000ee100000, 0x00000000ee100000|100%| E|CS|TAMS 0x00000000ee000000, 0x00000000ee000000| Complete 
| 225|0x00000000ee100000, 0x00000000ee200000, 0x00000000ee200000|100%| E|CS|TAMS 0x00000000ee100000, 0x00000000ee100000| Complete 
| 226|0x00000000ee200000, 0x00000000ee300000, 0x00000000ee300000|100%| E|CS|TAMS 0x00000000ee200000, 0x00000000ee200000| Complete 
| 227|0x00000000ee300000, 0x00000000ee400000, 0x00000000ee400000|100%| E|CS|TAMS 0x00000000ee300000, 0x00000000ee300000| Complete 
| 228|0x00000000ee400000, 0x00000000ee500000, 0x00000000ee500000|100%| E|CS|TAMS 0x00000000ee400000, 0x00000000ee400000| Complete 
| 229|0x00000000ee500000, 0x00000000ee600000, 0x00000000ee600000|100%| E|CS|TAMS 0x00000000ee500000, 0x00000000ee500000| Complete 
| 230|0x00000000ee600000, 0x00000000ee700000, 0x00000000ee700000|100%| E|CS|TAMS 0x00000000ee600000, 0x00000000ee600000| Complete 
| 231|0x00000000ee700000, 0x00000000ee800000, 0x00000000ee800000|100%| E|CS|TAMS 0x00000000ee700000, 0x00000000ee700000| Complete 
| 232|0x00000000ee800000, 0x00000000ee900000, 0x00000000ee900000|100%| E|CS|TAMS 0x00000000ee800000, 0x00000000ee800000| Complete 
| 233|0x00000000ee900000, 0x00000000eea00000, 0x00000000eea00000|100%| E|CS|TAMS 0x00000000ee900000, 0x00000000ee900000| Complete 
| 234|0x00000000eea00000, 0x00000000eeb00000, 0x00000000eeb00000|100%| E|CS|TAMS 0x00000000eea00000, 0x00000000eea00000| Complete 
| 235|0x00000000eeb00000, 0x00000000eec00000, 0x00000000eec00000|100%| E|CS|TAMS 0x00000000eeb00000, 0x00000000eeb00000| Complete 
| 236|0x00000000eec00000, 0x00000000eed00000, 0x00000000eed00000|100%| E|CS|TAMS 0x00000000eec00000, 0x00000000eec00000| Complete 
| 237|0x00000000eed00000, 0x00000000eee00000, 0x00000000eee00000|100%| E|CS|TAMS 0x00000000eed00000, 0x00000000eed00000| Complete 
| 238|0x00000000eee00000, 0x00000000eef00000, 0x00000000eef00000|100%| E|CS|TAMS 0x00000000eee00000, 0x00000000eee00000| Complete 
| 239|0x00000000eef00000, 0x00000000ef000000, 0x00000000ef000000|100%| E|CS|TAMS 0x00000000eef00000, 0x00000000eef00000| Complete 
| 240|0x00000000ef000000, 0x00000000ef100000, 0x00000000ef100000|100%| E|CS|TAMS 0x00000000ef000000, 0x00000000ef000000| Complete 
| 241|0x00000000ef100000, 0x00000000ef200000, 0x00000000ef200000|100%| E|CS|TAMS 0x00000000ef100000, 0x00000000ef100000| Complete 
| 242|0x00000000ef200000, 0x00000000ef300000, 0x00000000ef300000|100%| E|CS|TAMS 0x00000000ef200000, 0x00000000ef200000| Complete 
| 243|0x00000000ef300000, 0x00000000ef400000, 0x00000000ef400000|100%| E|CS|TAMS 0x00000000ef300000, 0x00000000ef300000| Complete 
| 244|0x00000000ef400000, 0x00000000ef500000, 0x00000000ef500000|100%| E|CS|TAMS 0x00000000ef400000, 0x00000000ef400000| Complete 
| 245|0x00000000ef500000, 0x00000000ef600000, 0x00000000ef600000|100%| E|CS|TAMS 0x00000000ef500000, 0x00000000ef500000| Complete 
| 246|0x00000000ef600000, 0x00000000ef700000, 0x00000000ef700000|100%| E|CS|TAMS 0x00000000ef600000, 0x00000000ef600000| Complete 
| 247|0x00000000ef700000, 0x00000000ef800000, 0x00000000ef800000|100%| E|CS|TAMS 0x00000000ef700000, 0x00000000ef700000| Complete 
| 248|0x00000000ef800000, 0x00000000ef900000, 0x00000000ef900000|100%| E|CS|TAMS 0x00000000ef800000, 0x00000000ef800000| Complete 
| 249|0x00000000ef900000, 0x00000000efa00000, 0x00000000efa00000|100%| E|CS|TAMS 0x00000000ef900000, 0x00000000ef900000| Complete 
| 250|0x00000000efa00000, 0x00000000efb00000, 0x00000000efb00000|100%| E|CS|TAMS 0x00000000efa00000, 0x00000000efa00000| Complete 
| 251|0x00000000efb00000, 0x00000000efc00000, 0x00000000efc00000|100%| E|CS|TAMS 0x00000000efb00000, 0x00000000efb00000| Complete 
| 252|0x00000000efc00000, 0x00000000efd00000, 0x00000000efd00000|100%| E|CS|TAMS 0x00000000efc00000, 0x00000000efc00000| Complete 
| 253|0x00000000efd00000, 0x00000000efe00000, 0x00000000efe00000|100%| E|CS|TAMS 0x00000000efd00000, 0x00000000efd00000| Complete 
| 254|0x00000000efe00000, 0x00000000eff00000, 0x00000000eff00000|100%| E|CS|TAMS 0x00000000efe00000, 0x00000000efe00000| Complete 
| 255|0x00000000eff00000, 0x00000000f0000000, 0x00000000f0000000|100%| E|CS|TAMS 0x00000000eff00000, 0x00000000eff00000| Complete 

Card table byte_map: [0x000001e97e120000,0x000001e97e220000] _byte_map_base: 0x000001e97da20000

Marking Bits (Prev, Next): (CMBitMap*) 0x000001e97da3b9d0, (CMBitMap*) 0x000001e97da3b990
 Prev Bits: [0x000001e97eb20000, 0x000001e97f320000)
 Next Bits: [0x000001e97e320000, 0x000001e97eb20000)

Polling page: 0x000001e97bc50000

Metaspace:

Usage:
  Non-class:     62.07 MB used.
      Class:     10.15 MB used.
       Both:     72.22 MB used.

Virtual space:
  Non-class space:       64.00 MB reserved,      62.44 MB ( 98%) committed,  1 nodes.
      Class space:      320.00 MB reserved,      10.44 MB (  3%) committed,  1 nodes.
             Both:      384.00 MB reserved,      72.88 MB ( 19%) committed. 

Chunk freelists:
   Non-Class:  938.00 KB
       Class:  5.51 MB
        Both:  6.43 MB

MaxMetaspaceSize: 384.00 MB
CompressedClassSpaceSize: 320.00 MB
Initial GC threshold: 21.00 MB
Current GC threshold: 99.19 MB
CDS: on
MetaspaceReclaimPolicy: balanced
 - commit_granule_bytes: 65536.
 - commit_granule_words: 8192.
 - virtual_space_node_default_size: 8388608.
 - enlarge_chunks_in_place: 1.
 - new_chunks_are_fully_committed: 0.
 - uncommit_free_chunks: 1.
 - use_allocation_guard: 0.
 - handle_deallocations: 1.


Internal statistics:

num_allocs_failed_limit: 12.
num_arena_births: 920.
num_arena_deaths: 0.
num_vsnodes_births: 2.
num_vsnodes_deaths: 0.
num_space_committed: 1166.
num_space_uncommitted: 0.
num_chunks_returned_to_freelist: 12.
num_chunks_taken_from_freelist: 4134.
num_chunk_merges: 12.
num_chunk_splits: 2624.
num_chunks_enlarged: 1658.
num_inconsistent_stats: 0.

CodeHeap 'non-profiled nmethods': size=120000Kb used=5010Kb max_used=5577Kb free=114989Kb
 bounds [0x000001e90f560000, 0x000001e90fae0000, 0x000001e916a90000]
CodeHeap 'profiled nmethods': size=120000Kb used=16346Kb max_used=17601Kb free=103653Kb
 bounds [0x000001e907a90000, 0x000001e908bd0000, 0x000001e90efc0000]
CodeHeap 'non-nmethods': size=5760Kb used=2372Kb max_used=2440Kb free=3387Kb
 bounds [0x000001e90efc0000, 0x000001e90f230000, 0x000001e90f560000]
 total_blobs=9689 nmethods=8786 adapters=813
 compilation: enabled
              stopped_count=0, restarted_count=0
 full_count=0

Compilation events (20 events):
Event: 17.833 Thread 0x000001e918aa30c0 nmethod 10293 0x000001e9089b0c90 code [0x000001e9089b0e40, 0x000001e9089b0fa8]
Event: 17.838 Thread 0x000001e918aa30c0 10294   !   2       org.gradle.internal.service.DefaultServiceRegistry$ConstructorService::invokeMethod (70 bytes)
Event: 17.840 Thread 0x000001e918aa30c0 nmethod 10294 0x000001e908070090 code [0x000001e908070360, 0x000001e908071068]
Event: 17.846 Thread 0x000001e918aa30c0 10295       2       java.util.stream.AbstractPipeline::wrapAndCopyInto (18 bytes)
Event: 17.846 Thread 0x000001e918aa30c0 nmethod 10295 0x000001e908055410 code [0x000001e9080555e0, 0x000001e908055868]
Event: 17.846 Thread 0x000001e918aa30c0 10296       2       java.util.stream.AbstractPipeline::copyInto (54 bytes)
Event: 17.847 Thread 0x000001e918aa30c0 nmethod 10296 0x000001e908235290 code [0x000001e908235480, 0x000001e908235778]
Event: 17.850 Thread 0x000001e918aa30c0 10299       2       java.net.URI::hashCode (123 bytes)
Event: 17.851 Thread 0x000001e918aa30c0 nmethod 10299 0x000001e907c67c90 code [0x000001e907c67f20, 0x000001e907c685b8]
Event: 17.851 Thread 0x000001e918aa30c0 10300       2       java.io.ObjectInputStream$HandleTable::assign (48 bytes)
Event: 17.852 Thread 0x000001e918aa30c0 nmethod 10300 0x000001e908389890 code [0x000001e908389a40, 0x000001e908389cc8]
Event: 17.852 Thread 0x000001e918aa30c0 10301       2       java.io.ObjectInputStream$HandleTable::finish (111 bytes)
Event: 17.852 Thread 0x000001e918aa30c0 nmethod 10301 0x000001e90839d210 code [0x000001e90839d3e0, 0x000001e90839d708]
Event: 17.852 Thread 0x000001e918aa30c0 10303       2       org.gradle.internal.io.StreamByteBuffer$StreamByteBufferChunk::read (34 bytes)
Event: 17.853 Thread 0x000001e918aa30c0 nmethod 10303 0x000001e9084a8710 code [0x000001e9084a88a0, 0x000001e9084a8a18]
Event: 17.853 Thread 0x000001e918aa30c0 10302       1       java.io.ObjectStreamClass::getResolveException (5 bytes)
Event: 17.853 Thread 0x000001e918aa30c0 nmethod 10302 0x000001e90f7abb90 code [0x000001e90f7abd20, 0x000001e90f7abdf8]
Event: 17.853 Thread 0x000001e918aa30c0 10304       2       java.io.Bits::getShort (18 bytes)
Event: 17.853 Thread 0x000001e918aa30c0 nmethod 10304 0x000001e9084a8310 code [0x000001e9084a84a0, 0x000001e9084a85f8]
Event: 17.853 Thread 0x000001e918aa30c0 10305   !   2       java.io.ObjectInputStream::readObject0 (681 bytes)

GC Heap History (20 events):
Event: 0.990 GC heap before
{Heap before GC invocations=1 (full 0):
 garbage-first heap   total 262144K, used 40160K [0x00000000e0000000, 0x0000000100000000)
  region size 1024K, 32 young (32768K), 3 survivors (3072K)
 Metaspace       used 4252K, committed 4416K, reserved 393216K
  class space    used 535K, committed 640K, reserved 327680K
}
Event: 0.994 GC heap after
{Heap after GC invocations=2 (full 0):
 garbage-first heap   total 262144K, used 12053K [0x00000000e0000000, 0x0000000100000000)
  region size 1024K, 2 young (2048K), 2 survivors (2048K)
 Metaspace       used 4252K, committed 4416K, reserved 393216K
  class space    used 535K, committed 640K, reserved 327680K
}
Event: 2.739 GC heap before
{Heap before GC invocations=2 (full 0):
 garbage-first heap   total 262144K, used 116501K [0x00000000e0000000, 0x0000000100000000)
  region size 1024K, 102 young (104448K), 2 survivors (2048K)
 Metaspace       used 16300K, committed 16576K, reserved 393216K
  class space    used 2286K, committed 2368K, reserved 327680K
}
Event: 2.746 GC heap after
{Heap after GC invocations=3 (full 0):
 garbage-first heap   total 262144K, used 22025K [0x00000000e0000000, 0x0000000100000000)
  region size 1024K, 11 young (11264K), 11 survivors (11264K)
 Metaspace       used 16300K, committed 16576K, reserved 393216K
  class space    used 2286K, committed 2368K, reserved 327680K
}
Event: 3.564 GC heap before
{Heap before GC invocations=3 (full 0):
 garbage-first heap   total 262144K, used 65033K [0x00000000e0000000, 0x0000000100000000)
  region size 1024K, 54 young (55296K), 11 survivors (11264K)
 Metaspace       used 21203K, committed 21504K, reserved 393216K
  class space    used 3103K, committed 3264K, reserved 327680K
}
Event: 3.571 GC heap after
{Heap after GC invocations=4 (full 0):
 garbage-first heap   total 262144K, used 24957K [0x00000000e0000000, 0x0000000100000000)
  region size 1024K, 12 young (12288K), 12 survivors (12288K)
 Metaspace       used 21203K, committed 21504K, reserved 393216K
  class space    used 3103K, committed 3264K, reserved 327680K
}
Event: 5.813 GC heap before
{Heap before GC invocations=5 (full 0):
 garbage-first heap   total 262144K, used 129405K [0x00000000e0000000, 0x0000000100000000)
  region size 1024K, 116 young (118784K), 12 survivors (12288K)
 Metaspace       used 35507K, committed 35968K, reserved 393216K
  class space    used 5040K, committed 5248K, reserved 327680K
}
Event: 5.826 GC heap after
{Heap after GC invocations=6 (full 0):
 garbage-first heap   total 262144K, used 32709K [0x00000000e0000000, 0x0000000100000000)
  region size 1024K, 11 young (11264K), 11 survivors (11264K)
 Metaspace       used 35507K, committed 35968K, reserved 393216K
  class space    used 5040K, committed 5248K, reserved 327680K
}
Event: 5.844 GC heap before
{Heap before GC invocations=6 (full 0):
 garbage-first heap   total 262144K, used 33733K [0x00000000e0000000, 0x0000000100000000)
  region size 1024K, 12 young (12288K), 11 survivors (11264K)
 Metaspace       used 35668K, committed 36160K, reserved 393216K
  class space    used 5053K, committed 5248K, reserved 327680K
}
Event: 5.853 GC heap after
{Heap after GC invocations=7 (full 0):
 garbage-first heap   total 262144K, used 33706K [0x00000000e0000000, 0x0000000100000000)
  region size 1024K, 2 young (2048K), 2 survivors (2048K)
 Metaspace       used 35668K, committed 36160K, reserved 393216K
  class space    used 5053K, committed 5248K, reserved 327680K
}
Event: 5.970 GC heap before
{Heap before GC invocations=7 (full 0):
 garbage-first heap   total 262144K, used 52138K [0x00000000e0000000, 0x0000000100000000)
  region size 1024K, 21 young (21504K), 2 survivors (2048K)
 Metaspace       used 35869K, committed 36288K, reserved 393216K
  class space    used 5068K, committed 5248K, reserved 327680K
}
Event: 5.972 GC heap after
{Heap after GC invocations=8 (full 0):
 garbage-first heap   total 262144K, used 33784K [0x00000000e0000000, 0x0000000100000000)
  region size 1024K, 2 young (2048K), 2 survivors (2048K)
 Metaspace       used 35869K, committed 36288K, reserved 393216K
  class space    used 5068K, committed 5248K, reserved 327680K
}
Event: 9.170 GC heap before
{Heap before GC invocations=9 (full 0):
 garbage-first heap   total 262144K, used 194552K [0x00000000e0000000, 0x0000000100000000)
  region size 1024K, 153 young (156672K), 2 survivors (2048K)
 Metaspace       used 48157K, committed 48768K, reserved 393216K
  class space    used 6736K, committed 7040K, reserved 327680K
}
Event: 9.184 GC heap after
{Heap after GC invocations=10 (full 0):
 garbage-first heap   total 262144K, used 46234K [0x00000000e0000000, 0x0000000100000000)
  region size 1024K, 14 young (14336K), 14 survivors (14336K)
 Metaspace       used 48157K, committed 48768K, reserved 393216K
  class space    used 6736K, committed 7040K, reserved 327680K
}
Event: 10.921 GC heap before
{Heap before GC invocations=10 (full 0):
 garbage-first heap   total 262144K, used 191642K [0x00000000e0000000, 0x0000000100000000)
  region size 1024K, 153 young (156672K), 14 survivors (14336K)
 Metaspace       used 50304K, committed 50880K, reserved 393216K
  class space    used 6943K, committed 7232K, reserved 327680K
}
Event: 10.934 GC heap after
{Heap after GC invocations=11 (full 0):
 garbage-first heap   total 262144K, used 58133K [0x00000000e0000000, 0x0000000100000000)
  region size 1024K, 11 young (11264K), 11 survivors (11264K)
 Metaspace       used 50304K, committed 50880K, reserved 393216K
  class space    used 6943K, committed 7232K, reserved 327680K
}
Event: 13.514 GC heap before
{Heap before GC invocations=11 (full 0):
 garbage-first heap   total 262144K, used 176917K [0x00000000e0000000, 0x0000000100000000)
  region size 1024K, 126 young (129024K), 11 survivors (11264K)
 Metaspace       used 60189K, committed 60736K, reserved 393216K
  class space    used 8246K, committed 8512K, reserved 327680K
}
Event: 13.523 GC heap after
{Heap after GC invocations=12 (full 0):
 garbage-first heap   total 262144K, used 68680K [0x00000000e0000000, 0x0000000100000000)
  region size 1024K, 18 young (18432K), 18 survivors (18432K)
 Metaspace       used 60189K, committed 60736K, reserved 393216K
  class space    used 8246K, committed 8512K, reserved 327680K
}
Event: 15.800 GC heap before
{Heap before GC invocations=13 (full 0):
 garbage-first heap   total 262144K, used 203848K [0x00000000e0000000, 0x0000000100000000)
  region size 1024K, 149 young (152576K), 18 survivors (18432K)
 Metaspace       used 68086K, committed 68736K, reserved 393216K
  class space    used 9487K, committed 9792K, reserved 327680K
}
Event: 15.815 GC heap after
{Heap after GC invocations=14 (full 0):
 garbage-first heap   total 262144K, used 76629K [0x00000000e0000000, 0x0000000100000000)
  region size 1024K, 17 young (17408K), 17 survivors (17408K)
 Metaspace       used 68086K, committed 68736K, reserved 393216K
  class space    used 9487K, committed 9792K, reserved 327680K
}

Dll operation events (15 events):
Event: 0.018 Loaded shared library C:\Program Files\Microsoft\jdk-17.0.15.6-hotspot\bin\java.dll
Event: 0.036 Loaded shared library C:\Program Files\Microsoft\jdk-17.0.15.6-hotspot\bin\jsvml.dll
Event: 0.089 Loaded shared library C:\Program Files\Microsoft\jdk-17.0.15.6-hotspot\bin\zip.dll
Event: 0.093 Loaded shared library C:\Program Files\Microsoft\jdk-17.0.15.6-hotspot\bin\instrument.dll
Event: 0.097 Loaded shared library C:\Program Files\Microsoft\jdk-17.0.15.6-hotspot\bin\net.dll
Event: 0.099 Loaded shared library C:\Program Files\Microsoft\jdk-17.0.15.6-hotspot\bin\nio.dll
Event: 0.100 Loaded shared library C:\Program Files\Microsoft\jdk-17.0.15.6-hotspot\bin\zip.dll
Event: 0.311 Loaded shared library C:\Program Files\Microsoft\jdk-17.0.15.6-hotspot\bin\jimage.dll
Event: 0.480 Loaded shared library C:\Program Files\Microsoft\jdk-17.0.15.6-hotspot\bin\verify.dll
Event: 0.658 Loaded shared library C:\Users\HP\.gradle\native\c067742578af261105cb4f569cf0c3c89f3d7b1fecec35dd04571415982c5e48\windows-amd64\native-platform.dll
Event: 0.665 Loaded shared library C:\Users\HP\.gradle\native\100fb08df4bc3b14c8652ba06237920a3bd2aa13389f12d3474272988ae205f9\windows-amd64\native-platform-file-events.dll
Event: 1.557 Loaded shared library C:\Program Files\Microsoft\jdk-17.0.15.6-hotspot\bin\management.dll
Event: 1.564 Loaded shared library C:\Program Files\Microsoft\jdk-17.0.15.6-hotspot\bin\management_ext.dll
Event: 1.795 Loaded shared library C:\Program Files\Microsoft\jdk-17.0.15.6-hotspot\bin\extnet.dll
Event: 2.031 Loaded shared library C:\Program Files\Microsoft\jdk-17.0.15.6-hotspot\bin\sunmscapi.dll

Deoptimization events (20 events):
Event: 17.809 Thread 0x000001e935a799b0 Uncommon trap: trap_request=0xffffff45 fr.pc=0x000001e90face4b0 relative=0x0000000000003c90
Event: 17.809 Thread 0x000001e935a799b0 Uncommon trap: reason=unstable_if action=reinterpret pc=0x000001e90face4b0 method=org.gradle.internal.serialize.AbstractEncoder.getOutputStream()Ljava/io/OutputStream; @ 4 c2
Event: 17.809 Thread 0x000001e935a799b0 DEOPT PACKING pc=0x000001e90face4b0 sp=0x0000007eb9bfefe0
Event: 17.809 Thread 0x000001e935a799b0 DEOPT UNPACKING pc=0x000001e90f0169a3 sp=0x0000007eb9bfec40 mode 2
Event: 17.818 Thread 0x000001e933b3a370 Uncommon trap: trap_request=0xffffff45 fr.pc=0x000001e90f8e2d50 relative=0x00000000000000d0
Event: 17.819 Thread 0x000001e933b3a370 Uncommon trap: reason=unstable_if action=reinterpret pc=0x000001e90f8e2d50 method=jdk.internal.misc.Unsafe.convEndian(ZJ)J @ 4 c2
Event: 17.819 Thread 0x000001e933b3a370 DEOPT PACKING pc=0x000001e90f8e2d50 sp=0x0000007eb8ffd470
Event: 17.819 Thread 0x000001e933b3a370 DEOPT UNPACKING pc=0x000001e90f0169a3 sp=0x0000007eb8ffd1c8 mode 2
Event: 17.819 Thread 0x000001e933b3a370 Uncommon trap: trap_request=0xffffff45 fr.pc=0x000001e90f8e3188 relative=0x0000000000000088
Event: 17.819 Thread 0x000001e933b3a370 Uncommon trap: reason=unstable_if action=reinterpret pc=0x000001e90f8e3188 method=jdk.internal.misc.Unsafe.convEndian(ZJ)J @ 4 c2
Event: 17.819 Thread 0x000001e933b3a370 DEOPT PACKING pc=0x000001e90f8e3188 sp=0x0000007eb8ffd310
Event: 17.819 Thread 0x000001e933b3a370 DEOPT UNPACKING pc=0x000001e90f0169a3 sp=0x0000007eb8ffd1f0 mode 2
Event: 17.852 Thread 0x000001e933b3a370 DEOPT PACKING pc=0x000001e908065ee1 sp=0x0000007eb8ffa720
Event: 17.852 Thread 0x000001e933b3a370 DEOPT UNPACKING pc=0x000001e90f017143 sp=0x0000007eb8ff9c18 mode 0
Event: 17.855 Thread 0x000001e933b3a370 DEOPT PACKING pc=0x000001e908065ee1 sp=0x0000007eb8ffb8c0
Event: 17.855 Thread 0x000001e933b3a370 DEOPT UNPACKING pc=0x000001e90f017143 sp=0x0000007eb8ffadb8 mode 0
Event: 17.859 Thread 0x000001e933b3a370 Uncommon trap: trap_request=0xfffffff4 fr.pc=0x000001e90fac5ca8 relative=0x00000000000002c8
Event: 17.859 Thread 0x000001e933b3a370 Uncommon trap: reason=null_check action=make_not_entrant pc=0x000001e90fac5ca8 method=org.gradle.tooling.internal.provider.runner.ClientBuildEventGenerator$Enabled.accept(Lorg/gradle/internal/operations/BuildOperationDescriptor;)Lorg/gradle/tooling/intern
Event: 17.859 Thread 0x000001e933b3a370 DEOPT PACKING pc=0x000001e90fac5ca8 sp=0x0000007eb8ffa770
Event: 17.859 Thread 0x000001e933b3a370 DEOPT UNPACKING pc=0x000001e90f0169a3 sp=0x0000007eb8ffa708 mode 2

Classes loaded (20 events):
Event: 17.296 Loading class java/util/Collections$EmptyListIterator
Event: 17.297 Loading class java/util/Collections$EmptyListIterator done
Event: 17.308 Loading class java/time/Instant$1
Event: 17.312 Loading class java/time/Instant$1 done
Event: 17.359 Loading class java/util/Locale$1
Event: 17.360 Loading class java/util/Locale$1 done
Event: 17.379 Loading class java/net/UrlDeserializedState
Event: 17.380 Loading class java/net/UrlDeserializedState done
Event: 17.381 Loading class java/net/Proxy
Event: 17.381 Loading class java/net/Proxy done
Event: 17.385 Loading class java/util/concurrent/CompletableFuture$AsyncRun
Event: 17.386 Loading class java/util/concurrent/CompletableFuture$AsyncRun done
Event: 17.800 Loading class jdk/internal/math/FormattedFloatingDecimal$Form
Event: 17.800 Loading class jdk/internal/math/FormattedFloatingDecimal$Form done
Event: 17.801 Loading class jdk/internal/math/FormattedFloatingDecimal
Event: 17.801 Loading class jdk/internal/math/FormattedFloatingDecimal done
Event: 17.801 Loading class jdk/internal/math/FormattedFloatingDecimal$1
Event: 17.801 Loading class jdk/internal/math/FormattedFloatingDecimal$1 done
Event: 17.802 Loading class jdk/internal/math/FormattedFloatingDecimal$2
Event: 17.802 Loading class jdk/internal/math/FormattedFloatingDecimal$2 done

Classes unloaded (0 events):
No events

Classes redefined (0 events):
No events

Internal exceptions (20 events):
Event: 15.901 Thread 0x000001e933b3a370 Implicit null exception at 0x000001e90f9d0109 to 0x000001e90f9d2c5c
Event: 16.191 Thread 0x000001e933b39950 Exception <a 'java/lang/NoSuchMethodError'{0x00000000ef2045a0}: static Lorg/gradle/tooling/internal/provider/PhasedBuildActionResult;.<clinit>()V> (0x00000000ef2045a0) 
thrown [s\src\hotspot\share\prims\jni.cpp, line 1112]
Event: 16.192 Thread 0x000001e933b39950 Exception <a 'java/lang/NoSuchMethodError'{0x00000000ef20c460}: static Lorg/gradle/tooling/internal/provider/serialization/SerializedPayload;.<clinit>()V> (0x00000000ef20c460) 
thrown [s\src\hotspot\share\prims\jni.cpp, line 1112]
Event: 16.287 Thread 0x000001e934d460b0 Exception <a 'java/lang/NoSuchMethodError'{0x00000000eee3c3c0}: 'java.lang.Object java.lang.invoke.DirectMethodHandle$Holder.newInvokeSpecial(java.lang.Object, java.lang.Object, int, java.lang.Object, java.lang.Object)'> (0x00000000eee3c3c0) 
thrown [s\src\hotspot\share\interpreter\linkResolver.cpp, line 759]
Event: 16.355 Thread 0x000001e933b39950 Exception <a 'java/lang/NoSuchMethodError'{0x00000000eef0d8f0}: static Lorg/gradle/internal/build/event/types/DefaultTaskStartedProgressEvent;.<clinit>()V> (0x00000000eef0d8f0) 
thrown [s\src\hotspot\share\prims\jni.cpp, line 1112]
Event: 16.357 Thread 0x000001e933b39950 Exception <a 'java/lang/NoSuchMethodError'{0x00000000eef17998}: static Lorg/gradle/internal/build/event/types/DefaultTaskDescriptor;.<clinit>()V> (0x00000000eef17998) 
thrown [s\src\hotspot\share\prims\jni.cpp, line 1112]
Event: 16.363 Thread 0x000001e933b39950 Exception <a 'java/lang/NoSuchMethodError'{0x00000000ee98dbe0}: static Lorg/gradle/internal/build/event/types/DefaultTaskFinishedProgressEvent;.<clinit>()V> (0x00000000ee98dbe0) 
thrown [s\src\hotspot\share\prims\jni.cpp, line 1112]
Event: 16.364 Thread 0x000001e933b39950 Exception <a 'java/lang/NoSuchMethodError'{0x00000000ee9d5a30}: static Lorg/gradle/internal/build/event/types/DefaultTaskSuccessResult;.<clinit>()V> (0x00000000ee9d5a30) 
thrown [s\src\hotspot\share\prims\jni.cpp, line 1112]
Event: 16.364 Thread 0x000001e933b39950 Exception <a 'java/lang/NoSuchMethodError'{0x00000000ee9d6ca0}: static Lorg/gradle/internal/build/event/types/AbstractTaskResult;.<clinit>()V> (0x00000000ee9d6ca0) 
thrown [s\src\hotspot\share\prims\jni.cpp, line 1112]
Event: 16.380 Thread 0x000001e933b3a370 Exception <a 'java/lang/NoSuchMethodError'{0x00000000eeffc990}: 'java.lang.Object java.lang.invoke.DirectMethodHandle$Holder.invokeStatic(java.lang.Object, int, java.lang.Object)'> (0x00000000eeffc990) 
thrown [s\src\hotspot\share\interpreter\linkResolver.cpp, line 759]
Event: 17.153 Thread 0x000001e933b39950 Exception <a 'java/lang/NoSuchMethodError'{0x00000000eb9830c8}: static Lorg/gradle/internal/build/event/types/DefaultFailureResult;.<clinit>()V> (0x00000000eb9830c8) 
thrown [s\src\hotspot\share\prims\jni.cpp, line 1112]
Event: 17.154 Thread 0x000001e933b39950 Exception <a 'java/lang/NoSuchMethodError'{0x00000000eb995d28}: static Lorg/gradle/internal/build/event/types/DefaultFailure;.<clinit>()V> (0x00000000eb995d28) 
thrown [s\src\hotspot\share\prims\jni.cpp, line 1112]
Event: 17.172 Thread 0x000001e933b3a370 Exception <a 'java/lang/NoSuchMethodError'{0x00000000eb85e4e0}: 'void java.lang.invoke.DirectMethodHandle$Holder.invokeSpecial(java.lang.Object, java.lang.Object, int)'> (0x00000000eb85e4e0) 
thrown [s\src\hotspot\share\interpreter\linkResolver.cpp, line 759]
Event: 17.184 Thread 0x000001e933b3a370 Exception <a 'java/lang/NoSuchMethodError'{0x00000000eb8bbd40}: 'void java.lang.invoke.DirectMethodHandle$Holder.invokeStatic(java.lang.Object, int, java.lang.Object)'> (0x00000000eb8bbd40) 
thrown [s\src\hotspot\share\interpreter\linkResolver.cpp, line 759]
Event: 17.187 Thread 0x000001e933b3a370 Implicit null exception at 0x000001e90f9539f9 to 0x000001e90f953c0e
Event: 17.251 Thread 0x000001e933b3a370 Implicit null exception at 0x000001e90fa4618f to 0x000001e90fa461dc
Event: 17.377 Thread 0x000001e933904fa0 Exception <a 'java/lang/NoSuchMethodError'{0x00000000eacc5588}: static Lorg/gradle/internal/classloader/ClassLoaderSpec;.<clinit>()V> (0x00000000eacc5588) 
thrown [s\src\hotspot\share\prims\jni.cpp, line 1112]
Event: 17.379 Thread 0x000001e933904fa0 Exception <a 'java/lang/NoSuchMethodError'{0x00000000eacd16c0}: static Lorg/gradle/internal/classloader/VisitableURLClassLoader$Spec;.<clinit>()V> (0x00000000eacd16c0) 
thrown [s\src\hotspot\share\prims\jni.cpp, line 1112]
Event: 17.809 Thread 0x000001e933b3a370 Implicit null exception at 0x000001e90fabd263 to 0x000001e90fabf5c0
Event: 17.859 Thread 0x000001e933b3a370 Implicit null exception at 0x000001e90fac5a24 to 0x000001e90fac5c9c

VM Operations (20 events):
Event: 16.354 Executing VM operation: HandshakeAllThreads done
Event: 16.360 Executing VM operation: HandshakeAllThreads
Event: 16.360 Executing VM operation: HandshakeAllThreads done
Event: 16.399 Executing VM operation: HandshakeAllThreads
Event: 16.399 Executing VM operation: HandshakeAllThreads done
Event: 16.664 Executing VM operation: HandshakeAllThreads
Event: 16.664 Executing VM operation: HandshakeAllThreads done
Event: 16.671 Executing VM operation: HandshakeAllThreads
Event: 16.671 Executing VM operation: HandshakeAllThreads done
Event: 16.686 Executing VM operation: HandshakeAllThreads
Event: 16.687 Executing VM operation: HandshakeAllThreads done
Event: 17.192 Executing VM operation: ICBufferFull
Event: 17.192 Executing VM operation: ICBufferFull done
Event: 17.209 Executing VM operation: HandshakeAllThreads
Event: 17.209 Executing VM operation: HandshakeAllThreads done
Event: 17.211 Executing VM operation: HandshakeAllThreads
Event: 17.211 Executing VM operation: HandshakeAllThreads done
Event: 17.268 Executing VM operation: HandshakeAllThreads
Event: 17.268 Executing VM operation: HandshakeAllThreads done
Event: 18.269 Executing VM operation: Cleanup

Memory protections (0 events):
No events

Nmethod flushes (20 events):
Event: 16.700 Thread 0x000001e918aa39d0 flushing  nmethod 0x000001e90880a710
Event: 16.700 Thread 0x000001e918aa39d0 flushing  nmethod 0x000001e90880aa90
Event: 16.700 Thread 0x000001e918aa39d0 flushing  nmethod 0x000001e90880b390
Event: 16.700 Thread 0x000001e918aa39d0 flushing  nmethod 0x000001e90880c190
Event: 16.700 Thread 0x000001e918aa39d0 flushing  nmethod 0x000001e908815490
Event: 16.700 Thread 0x000001e918aa39d0 flushing  nmethod 0x000001e908816f10
Event: 16.700 Thread 0x000001e918aa39d0 flushing  nmethod 0x000001e90882b690
Event: 16.700 Thread 0x000001e918aa39d0 flushing  nmethod 0x000001e908832c10
Event: 16.700 Thread 0x000001e918aa39d0 flushing  nmethod 0x000001e908833690
Event: 16.700 Thread 0x000001e918aa39d0 flushing  nmethod 0x000001e90884a490
Event: 16.700 Thread 0x000001e918aa39d0 flushing  nmethod 0x000001e90884d490
Event: 16.701 Thread 0x000001e918aa39d0 flushing  nmethod 0x000001e908880b10
Event: 16.701 Thread 0x000001e918aa39d0 flushing  nmethod 0x000001e908904710
Event: 16.701 Thread 0x000001e918aa39d0 flushing  nmethod 0x000001e908967310
Event: 16.701 Thread 0x000001e918aa39d0 flushing  nmethod 0x000001e90897ab90
Event: 16.701 Thread 0x000001e918aa39d0 flushing  nmethod 0x000001e90897d990
Event: 16.701 Thread 0x000001e918aa39d0 flushing  nmethod 0x000001e90897f890
Event: 16.702 Thread 0x000001e918aa39d0 flushing  nmethod 0x000001e9089b0c90
Event: 16.702 Thread 0x000001e918aa39d0 flushing  nmethod 0x000001e9089b2c10
Event: 16.703 Thread 0x000001e918aa39d0 flushing  nmethod 0x000001e908b4aa10

Events (20 events):
Event: 17.320 Thread 0x000001e933c355e0 Thread exited: 0x000001e933c355e0
Event: 17.320 Thread 0x000001e933c309f0 Thread exited: 0x000001e933c309f0
Event: 17.320 Thread 0x000001e934d42900 Thread exited: 0x000001e934d42900
Event: 17.320 Thread 0x000001e933c30f00 Thread exited: 0x000001e933c30f00
Event: 17.321 Thread 0x000001e934d43d40 Thread exited: 0x000001e934d43d40
Event: 17.321 Thread 0x000001e933c341a0 Thread exited: 0x000001e933c341a0
Event: 17.321 Thread 0x000001e933c36f30 Thread exited: 0x000001e933c36f30
Event: 17.341 Thread 0x000001e933b39950 Thread exited: 0x000001e933b39950
Event: 17.343 Thread 0x000001e933b39440 Thread exited: 0x000001e933b39440
Event: 17.356 Thread 0x000001e933b38f30 Thread exited: 0x000001e933b38f30
Event: 17.387 Thread 0x000001e933904fa0 Thread added: 0x000001e935a7adf0
Event: 17.388 Thread 0x000001e933b38a20 Thread exited: 0x000001e933b38a20
Event: 17.393 Thread 0x000001e933a2e8c0 Thread exited: 0x000001e933a2e8c0
Event: 17.768 Thread 0x000001e933904fa0 Thread added: 0x000001e935a7b810
Event: 17.781 Thread 0x000001e933904fa0 Thread added: 0x000001e935a78060
Event: 17.799 Thread 0x000001e933b3a370 Thread added: 0x000001e935a7bd20
Event: 17.803 Thread 0x000001e933b3a370 Thread added: 0x000001e935a78570
Event: 17.804 Thread 0x000001e933b3a370 Thread added: 0x000001e935a799b0
Event: 17.825 Thread 0x000001e933b3a370 Thread added: 0x000001e935a7a3d0
Event: 17.832 Thread 0x000001e933b3a370 Thread added: 0x000001e935a7a8e0


Dynamic libraries:
0x00007ff77d7d0000 - 0x00007ff77d7de000 	C:\Program Files\Microsoft\jdk-17.0.15.6-hotspot\bin\java.exe
0x00007ff8dc440000 - 0x00007ff8dc6a7000 	C:\WINDOWS\SYSTEM32\ntdll.dll
0x00007ff8db7d0000 - 0x00007ff8db899000 	C:\WINDOWS\System32\KERNEL32.DLL
0x00007ff8d9bd0000 - 0x00007ff8d9fc1000 	C:\WINDOWS\System32\KERNELBASE.dll
0x00007ff8d9fd0000 - 0x00007ff8da11b000 	C:\WINDOWS\System32\ucrtbase.dll
0x00007ff897430000 - 0x00007ff897447000 	C:\Program Files\Microsoft\jdk-17.0.15.6-hotspot\bin\jli.dll
0x00007ff8b9530000 - 0x00007ff8b954d000 	C:\Program Files\Microsoft\jdk-17.0.15.6-hotspot\bin\VCRUNTIME140.dll
0x00007ff8db410000 - 0x00007ff8db5d5000 	C:\WINDOWS\System32\USER32.dll
0x00007ff8d9970000 - 0x00007ff8d9997000 	C:\WINDOWS\System32\win32u.dll
0x00007ff8b8ca0000 - 0x00007ff8b8f33000 	C:\WINDOWS\WinSxS\amd64_microsoft.windows.common-controls_6595b64144ccf1df_6.0.26100.7922_none_3e089e1ee3342171\COMCTL32.dll
0x00007ff8dbed0000 - 0x00007ff8dbefb000 	C:\WINDOWS\System32\GDI32.dll
0x00007ff8da2b0000 - 0x00007ff8da359000 	C:\WINDOWS\System32\msvcrt.dll
0x00007ff8d97b0000 - 0x00007ff8d98da000 	C:\WINDOWS\System32\gdi32full.dll
0x00007ff8d9b20000 - 0x00007ff8d9bc3000 	C:\WINDOWS\System32\msvcp_win.dll
0x00007ff8da360000 - 0x00007ff8da391000 	C:\WINDOWS\System32\IMM32.DLL
0x00007ff899b90000 - 0x00007ff899b9c000 	C:\Program Files\Microsoft\jdk-17.0.15.6-hotspot\bin\vcruntime140_1.dll
0x00007ff83d120000 - 0x00007ff83d1ad000 	C:\Program Files\Microsoft\jdk-17.0.15.6-hotspot\bin\msvcp140.dll
0x00007ff834070000 - 0x00007ff834ce2000 	C:\Program Files\Microsoft\jdk-17.0.15.6-hotspot\bin\server\jvm.dll
0x00007ff8db220000 - 0x00007ff8db2db000 	C:\WINDOWS\System32\ADVAPI32.dll
0x00007ff8da9f0000 - 0x00007ff8daa97000 	C:\WINDOWS\System32\sechost.dll
0x00007ff8db2e0000 - 0x00007ff8db3f8000 	C:\WINDOWS\System32\RPCRT4.dll
0x00007ff8db740000 - 0x00007ff8db7b4000 	C:\WINDOWS\System32\WS2_32.dll
0x00007ff8d8b80000 - 0x00007ff8d8bde000 	C:\WINDOWS\SYSTEM32\POWRPROF.dll
0x00007ff8c6ef0000 - 0x00007ff8c6efb000 	C:\WINDOWS\SYSTEM32\VERSION.dll
0x00007ff8d0b20000 - 0x00007ff8d0b55000 	C:\WINDOWS\SYSTEM32\WINMM.dll
0x00007ff8d8b60000 - 0x00007ff8d8b74000 	C:\WINDOWS\SYSTEM32\UMPDC.dll
0x00007ff8d7ab0000 - 0x00007ff8d7acb000 	C:\WINDOWS\SYSTEM32\kernel.appcore.dll
0x00007ff897890000 - 0x00007ff89789a000 	C:\Program Files\Microsoft\jdk-17.0.15.6-hotspot\bin\jimage.dll
0x00007ff8d6bc0000 - 0x00007ff8d6e02000 	C:\WINDOWS\SYSTEM32\DBGHELP.DLL
0x00007ff8dbf70000 - 0x00007ff8dc2f2000 	C:\WINDOWS\System32\combase.dll
0x00007ff8dbb90000 - 0x00007ff8dbc67000 	C:\WINDOWS\System32\OLEAUT32.dll
0x00007ff8b6050000 - 0x00007ff8b608b000 	C:\WINDOWS\SYSTEM32\dbgcore.DLL
0x00007ff8d9700000 - 0x00007ff8d97a5000 	C:\WINDOWS\System32\bcryptPrimitives.dll
0x00007ff88e7d0000 - 0x00007ff88e7de000 	C:\Program Files\Microsoft\jdk-17.0.15.6-hotspot\bin\instrument.dll
0x00007ff897400000 - 0x00007ff897425000 	C:\Program Files\Microsoft\jdk-17.0.15.6-hotspot\bin\java.dll
0x00007ff83d040000 - 0x00007ff83d116000 	C:\Program Files\Microsoft\jdk-17.0.15.6-hotspot\bin\jsvml.dll
0x00007ff8daab0000 - 0x00007ff8db20f000 	C:\WINDOWS\System32\SHELL32.dll
0x00007ff8d8d20000 - 0x00007ff8d8e8a000 	C:\WINDOWS\System32\wintypes.dll
0x00007ff8d8e90000 - 0x00007ff8d96f4000 	C:\WINDOWS\System32\windows.storage.dll
0x00007ff8dbdd0000 - 0x00007ff8dbec7000 	C:\WINDOWS\System32\SHCORE.dll
0x00007ff8dbf00000 - 0x00007ff8dbf67000 	C:\WINDOWS\System32\shlwapi.dll
0x00007ff8d8c40000 - 0x00007ff8d8c69000 	C:\WINDOWS\SYSTEM32\profapi.dll
0x00007ff8838b0000 - 0x00007ff8838c8000 	C:\Program Files\Microsoft\jdk-17.0.15.6-hotspot\bin\zip.dll
0x00007ff88a720000 - 0x00007ff88a73a000 	C:\Program Files\Microsoft\jdk-17.0.15.6-hotspot\bin\net.dll
0x00007ff8cda60000 - 0x00007ff8cdb87000 	C:\WINDOWS\SYSTEM32\WINHTTP.dll
0x00007ff8d8020000 - 0x00007ff8d808b000 	C:\WINDOWS\system32\mswsock.dll
0x00007ff88a700000 - 0x00007ff88a716000 	C:\Program Files\Microsoft\jdk-17.0.15.6-hotspot\bin\nio.dll
0x00007ff8976e0000 - 0x00007ff8976f0000 	C:\Program Files\Microsoft\jdk-17.0.15.6-hotspot\bin\verify.dll
0x00007ff886160000 - 0x00007ff886187000 	C:\Users\HP\.gradle\native\c067742578af261105cb4f569cf0c3c89f3d7b1fecec35dd04571415982c5e48\windows-amd64\native-platform.dll
0x00007ff8796e0000 - 0x00007ff879824000 	C:\Users\HP\.gradle\native\100fb08df4bc3b14c8652ba06237920a3bd2aa13389f12d3474272988ae205f9\windows-amd64\native-platform-file-events.dll
0x00007ff894870000 - 0x00007ff89487a000 	C:\Program Files\Microsoft\jdk-17.0.15.6-hotspot\bin\management.dll
0x00007ff893630000 - 0x00007ff89363b000 	C:\Program Files\Microsoft\jdk-17.0.15.6-hotspot\bin\management_ext.dll
0x00007ff8db7c0000 - 0x00007ff8db7c8000 	C:\WINDOWS\System32\PSAPI.DLL
0x00007ff8d8300000 - 0x00007ff8d831b000 	C:\WINDOWS\SYSTEM32\CRYPTSP.dll
0x00007ff8d7a10000 - 0x00007ff8d7a49000 	C:\WINDOWS\system32\rsaenh.dll
0x00007ff8d80d0000 - 0x00007ff8d8102000 	C:\WINDOWS\SYSTEM32\USERENV.dll
0x00007ff8d8c10000 - 0x00007ff8d8c3a000 	C:\WINDOWS\SYSTEM32\bcrypt.dll
0x00007ff8d8320000 - 0x00007ff8d832c000 	C:\WINDOWS\SYSTEM32\CRYPTBASE.dll
0x00007ff8d7470000 - 0x00007ff8d74a3000 	C:\WINDOWS\SYSTEM32\IPHLPAPI.DLL
0x00007ff8daaa0000 - 0x00007ff8daaaa000 	C:\WINDOWS\System32\NSI.dll
0x00007ff8d0ef0000 - 0x00007ff8d0f0d000 	C:\WINDOWS\SYSTEM32\dhcpcsvc6.DLL
0x00007ff8cfb00000 - 0x00007ff8cfb23000 	C:\WINDOWS\SYSTEM32\dhcpcsvc.DLL
0x00007ff8d7500000 - 0x00007ff8d762a000 	C:\WINDOWS\SYSTEM32\DNSAPI.dll
0x00007ff893090000 - 0x00007ff893099000 	C:\Program Files\Microsoft\jdk-17.0.15.6-hotspot\bin\extnet.dll
0x00007ff88de20000 - 0x00007ff88de2e000 	C:\Program Files\Microsoft\jdk-17.0.15.6-hotspot\bin\sunmscapi.dll
0x00007ff8d99a0000 - 0x00007ff8d9b17000 	C:\WINDOWS\System32\CRYPT32.dll
0x00007ff8d8520000 - 0x00007ff8d8550000 	C:\WINDOWS\SYSTEM32\ncrypt.dll
0x00007ff8d84d0000 - 0x00007ff8d850f000 	C:\WINDOWS\SYSTEM32\NTASN1.dll
0x00007ff8c4030000 - 0x00007ff8c4038000 	C:\WINDOWS\system32\wshunix.dll

dbghelp: loaded successfully - version: 4.0.5 - missing functions: none
symbol engine: initialized successfully - sym options: 0x614 - pdb path: .;C:\Program Files\Microsoft\jdk-17.0.15.6-hotspot\bin;C:\WINDOWS\SYSTEM32;C:\WINDOWS\WinSxS\amd64_microsoft.windows.common-controls_6595b64144ccf1df_6.0.26100.7922_none_3e089e1ee3342171;C:\Program Files\Microsoft\jdk-17.0.15.6-hotspot\bin\server;C:\Users\HP\.gradle\native\c067742578af261105cb4f569cf0c3c89f3d7b1fecec35dd04571415982c5e48\windows-amd64;C:\Users\HP\.gradle\native\100fb08df4bc3b14c8652ba06237920a3bd2aa13389f12d3474272988ae205f9\windows-amd64

VM Arguments:
jvm_args: --add-opens=java.base/java.util=ALL-UNNAMED --add-opens=java.base/java.lang=ALL-UNNAMED --add-opens=java.base/java.lang.invoke=ALL-UNNAMED --add-opens=java.prefs/java.util.prefs=ALL-UNNAMED --add-exports=jdk.compiler/com.sun.tools.javac.api=ALL-UNNAMED --add-exports=jdk.compiler/com.sun.tools.javac.util=ALL-UNNAMED --add-opens=java.base/java.nio.charset=ALL-UNNAMED --add-opens=java.base/java.net=ALL-UNNAMED --add-opens=java.base/java.util.concurrent.atomic=ALL-UNNAMED -XX:MaxMetaspaceSize=384m -XX:+HeapDumpOnOutOfMemoryError -Xms256m -Xmx512m -Dfile.encoding=utf8 -Duser.country=IN -Duser.language=en -Duser.variant -javaagent:C:\Users\HP\.gradle\wrapper\dists\gradle-8.9-bin\90cnw93cvbtalezasaz0blq0a\gradle-8.9\lib\agents\gradle-instrumentation-agent-8.9.jar 
java_command: org.gradle.launcher.daemon.bootstrap.GradleDaemon 8.9
java_class_path (initial): C:\Users\HP\.gradle\wrapper\dists\gradle-8.9-bin\90cnw93cvbtalezasaz0blq0a\gradle-8.9\lib\gradle-daemon-main-8.9.jar
Launcher Type: SUN_STANDARD

[Global flags]
     intx CICompilerCount                          = 4                                         {product} {ergonomic}
   size_t CompressedClassSpaceSize                 = 335544320                                 {product} {ergonomic}
     uint ConcGCThreads                            = 3                                         {product} {ergonomic}
     uint G1ConcRefinementThreads                  = 10                                        {product} {ergonomic}
   size_t G1HeapRegionSize                         = 1048576                                   {product} {ergonomic}
    uintx GCDrainStackTargetSize                   = 64                                        {product} {ergonomic}
     bool HeapDumpOnOutOfMemoryError               = true                                   {manageable} {command line}
   size_t InitialHeapSize                          = 268435456                                 {product} {command line}
   size_t MarkStackSize                            = 4194304                                   {product} {ergonomic}
   size_t MaxHeapSize                              = 536870912                                 {product} {command line}
   size_t MaxMetaspaceSize                         = 402653184                                 {product} {command line}
   size_t MaxNewSize                               = 321912832                                 {product} {ergonomic}
   size_t MinHeapDeltaBytes                        = 1048576                                   {product} {ergonomic}
   size_t MinHeapSize                              = 268435456                                 {product} {command line}
    uintx NonNMethodCodeHeapSize                   = 5839372                                {pd product} {ergonomic}
    uintx NonProfiledCodeHeapSize                  = 122909434                              {pd product} {ergonomic}
    uintx ProfiledCodeHeapSize                     = 122909434                              {pd product} {ergonomic}
    uintx ReservedCodeCacheSize                    = 251658240                              {pd product} {ergonomic}
     bool SegmentedCodeCache                       = true                                      {product} {ergonomic}
   size_t SoftMaxHeapSize                          = 536870912                              {manageable} {ergonomic}
     bool UseCompressedClassPointers               = true                           {product lp64_product} {ergonomic}
     bool UseCompressedOops                        = true                           {product lp64_product} {ergonomic}
     bool UseG1GC                                  = true                                      {product} {ergonomic}
     bool UseLargePagesIndividualAllocation        = false                                  {pd product} {ergonomic}

Logging:
Log output configuration:
 #0: stdout all=warning uptime,level,tags
 #1: stderr all=off uptime,level,tags

Environment Variables:
JAVA_HOME=C:\Program Files\Microsoft\jdk-17.0.15.6-hotspot
PATH=C:\Users\HP\AppData\Local\Programs\Microsoft VS Code;C:\Program Files\Microsoft\jdk-17.0.15.6-hotspot\bin;C:\WINDOWS\system32;C:\WINDOWS;C:\WINDOWS\System32\Wbem;C:\WINDOWS\System32\WindowsPowerShell\v1.0\;C:\WINDOWS\System32\OpenSSH\;C:\Program Files\Git\cmd;C:\Program Files\dotnet\;C:\ProgramData\chocolatey\bin;C:\Users\HP\AppData\Local\Android\Sdk\platform-tools;C:\Users\HP\AppData\Local\Android\Sdk;C:\Users\HP\AppData\Local\Android\Sdk\emulator;;C:\Program Files\Docker\Docker\resources\bin;C:\Program Files\PuTTY\;C:\Program Files\nodejs\;C:\Program Files\MySQL\MySQL Shell 8.0\bin\;C:\Users\HP\AppData\Local\Microsoft\WindowsApps;C:\Users\HP\AppData\Local\Programs\Microsoft VS Code\bin;C:\Users\HP\AppData\Local\Android\Sdk\platform-tools;C:\Users\HP\AppData\Local\Android\Sdk;C:\Users\HP\AppData\Local\Android\Sdk\emulator;C:\Users\HP\AppData\Roaming\npm
USERNAME=HP
OS=Windows_NT
PROCESSOR_IDENTIFIER=Intel64 Family 6 Model 154 Stepping 4, GenuineIntel
TMP=C:\Users\HP\AppData\Local\Temp
TEMP=C:\Users\HP\AppData\Local\Temp



Periodic native trim disabled


---------------  S Y S T E M  ---------------

OS:
 Windows 11 , 64 bit Build 26100 (10.0.26100.7920)
OS uptime: 13 days 22:19 hours
Hyper-V role detected

CPU: total 12 (initial active 12) (6 cores per cpu, 2 threads per core) family 6 model 154 stepping 4 microcode 0x432, cx8, cmov, fxsr, ht, mmx, 3dnowpref, sse, sse2, sse3, ssse3, sse4.1, sse4.2, popcnt, lzcnt, tsc, tscinvbit, avx, avx2, aes, erms, clmul, bmi1, bmi2, adx, sha, fma, vzeroupper, clflush, clflushopt, clwb, hv
Processor Information for processor 0
  Max Mhz: 1300, Current Mhz: 1300, Mhz Limit: 1300
Processor Information for processor 1
  Max Mhz: 1300, Current Mhz: 1300, Mhz Limit: 1300
Processor Information for processor 2
  Max Mhz: 1300, Current Mhz: 1300, Mhz Limit: 1300
Processor Information for processor 3
  Max Mhz: 1300, Current Mhz: 1300, Mhz Limit: 1300
Processor Information for processor 4
  Max Mhz: 1300, Current Mhz: 900, Mhz Limit: 897
Processor Information for processor 5
  Max Mhz: 1300, Current Mhz: 900, Mhz Limit: 897
Processor Information for processor 6
  Max Mhz: 1300, Current Mhz: 900, Mhz Limit: 897
Processor Information for processor 7
  Max Mhz: 1300, Current Mhz: 900, Mhz Limit: 897
Processor Information for processor 8
  Max Mhz: 1300, Current Mhz: 900, Mhz Limit: 897
Processor Information for processor 9
  Max Mhz: 1300, Current Mhz: 900, Mhz Limit: 897
Processor Information for processor 10
  Max Mhz: 1300, Current Mhz: 900, Mhz Limit: 897
Processor Information for processor 11
  Max Mhz: 1300, Current Mhz: 900, Mhz Limit: 897

Memory: 4k page, system-wide physical 7835M (411M free)
TotalPageFile size 31387M (AvailPageFile size 37M)
current process WorkingSet (physical memory assigned to process): 445M, peak: 476M
current process commit charge ("private bytes"): 545M, peak: 552M

vm_info: OpenJDK 64-Bit Server VM (17.0.15+6-LTS) for windows-amd64 JRE (17.0.15+6-LTS), built on Apr  9 2025 22:27:25 by "MicrosoftCorporation" with unknown MS VC++:1939

END.
