#
# There is insufficient memory for the Java Runtime Environment to continue.
# Native memory allocation (malloc) failed to allocate 1092656 bytes. Error detail: Chunk::new
# Possible reasons:
#   The system is out of physical RAM or swap space
#   This process is running with CompressedOops enabled, and the Java Heap may be blocking the growth of the native heap
# Possible solutions:
#   Reduce memory load on the system
#   Increase physical memory or swap space
#   Check if swap backing store is full
#   Decrease Java heap size (-Xmx/-Xms)
#   Decrease number of Java threads
#   Decrease Java thread stack sizes (-Xss)
#   Set larger code cache with -XX:ReservedCodeCacheSize=
#   JVM is running with Unscaled Compressed Oops mode in which the Java heap is
#     placed in the first 4GB address space. The Java Heap base address is the
#     maximum limit for the native heap growth. Please use -XX:HeapBaseMinAddress
#     to set the Java Heap base and to place the Java Heap above 4GB virtual address.
# This output file may be truncated or incomplete.
#
#  Out of Memory Error (arena.cpp:191), pid=8484, tid=26068
#
# JRE version: OpenJDK Runtime Environment Microsoft-11369865 (17.0.15+6) (build 17.0.15+6-LTS)
# Java VM: OpenJDK 64-Bit Server VM Microsoft-11369865 (17.0.15+6-LTS, mixed mode, sharing, tiered, compressed oops, compressed class ptrs, g1 gc, windows-amd64)
# No core dump will be written. Minidumps are not enabled by default on client versions of Windows
#

---------------  S U M M A R Y ------------

Command Line: --add-opens=java.base/java.util=ALL-UNNAMED --add-opens=java.base/java.lang=ALL-UNNAMED --add-opens=java.base/java.lang.invoke=ALL-UNNAMED --add-opens=java.prefs/java.util.prefs=ALL-UNNAMED --add-exports=jdk.compiler/com.sun.tools.javac.api=ALL-UNNAMED --add-exports=jdk.compiler/com.sun.tools.javac.util=ALL-UNNAMED --add-opens=java.base/java.nio.charset=ALL-UNNAMED --add-opens=java.base/java.net=ALL-UNNAMED --add-opens=java.base/java.util.concurrent.atomic=ALL-UNNAMED -XX:MaxMetaspaceSize=384m -XX:+HeapDumpOnOutOfMemoryError -Xms256m -Xmx512m -Dfile.encoding=utf8 -Duser.country=IN -Duser.language=en -Duser.variant -javaagent:C:\Users\HP\.gradle\wrapper\dists\gradle-8.9-bin\90cnw93cvbtalezasaz0blq0a\gradle-8.9\lib\agents\gradle-instrumentation-agent-8.9.jar org.gradle.launcher.daemon.bootstrap.GradleDaemon 8.9

Host: 12th Gen Intel(R) Core(TM) i5-1235U, 12 cores, 7G,  Windows 11 , 64 bit Build 26100 (10.0.26100.7920)
Time: Thu Mar 26 10:46:11 2026 India Standard Time elapsed time: 17.544877 seconds (0d 0h 0m 17s)

---------------  T H R E A D  ---------------

Current thread (0x000002db96adc860):  JavaThread "C2 CompilerThread1" daemon [_thread_in_native, id=26068, stack(0x000000f1c8e00000,0x000000f1c8f00000)]


Current CompileTask:
C2:  17544 9022   !   4       java.io.ObjectOutputStream::writeObject0 (620 bytes)

Stack: [0x000000f1c8e00000,0x000000f1c8f00000]
Native frames: (J=compiled Java code, j=interpreted, Vv=VM code, C=native code)
V  [jvm.dll+0x6887a9]
V  [jvm.dll+0x83f5a8]
V  [jvm.dll+0x841053]
V  [jvm.dll+0x8416c3]
V  [jvm.dll+0x2496ef]
V  [jvm.dll+0xad134]
V  [jvm.dll+0xad7cc]
V  [jvm.dll+0x2b0e1f]
V  [jvm.dll+0x58e789]
V  [jvm.dll+0x223972]
V  [jvm.dll+0x223d6f]
V  [jvm.dll+0x21cb10]
V  [jvm.dll+0x219c3b]
V  [jvm.dll+0x1a55f6]
V  [jvm.dll+0x22a39a]
V  [jvm.dll+0x2284db]
V  [jvm.dll+0x7f4e28]
V  [jvm.dll+0x7ef2dc]
V  [jvm.dll+0x687687]
C  [ucrtbase.dll+0x37b0]
C  [KERNEL32.DLL+0x2e8d7]
C  [ntdll.dll+0x8c48c]


---------------  P R O C E S S  ---------------

Threads class SMR info:
_java_thread_list=0x000002dbff18dc60, length=80, elements={
0x000002dbdef0dfe0, 0x000002dbf9efa000, 0x000002dbf9efaad0, 0x000002dbf9f12830,
0x000002dbf9f15110, 0x000002dbf9f159e0, 0x000002dbf9f162b0, 0x000002dbf9f18f70,
0x000002dbf9f19930, 0x000002dbf9f1e250, 0x000002dbfe0f9a80, 0x000002dbfe0f62d0,
0x000002dbfe0f8640, 0x000002dbfe0f67e0, 0x000002dbfe0f9570, 0x000002dbfe0f6cf0,
0x000002dbfe0f7200, 0x000002db9540a600, 0x000002db9540b020, 0x000002db9540b530,
0x000002db95409be0, 0x000002db9540a0f0, 0x000002db9540d8a0, 0x000002db9540ddb0,
0x000002db9540c970, 0x000002db9540ece0, 0x000002db95410120, 0x000002db95410630,
0x000002dbfee02dd0, 0x000002dbfee01990, 0x000002dbfee06a90, 0x000002dbfee074b0,
0x000002dbfee06580, 0x000002dbfee05650, 0x000002dbfee06070, 0x000002dbfee03d00,
0x000002dbfee05b60, 0x000002dbfee079c0, 0x000002dbfee04210, 0x000002dbfee07ed0,
0x000002dbfee083e0, 0x000002dbfee05140, 0x000002dbfee04c30, 0x000002dbfee088f0,
0x000002dbfee08e00, 0x000002db9540bf50, 0x000002db9540ba40, 0x000002db9540fc10,
0x000002db9540c460, 0x000002dbfe0f7710, 0x000002dbfe0f7c20, 0x000002dbfe0f8130,
0x000002dbfe0f8b50, 0x000002db96849df0, 0x000002db968498e0, 0x000002db96847570,
0x000002db9684a810, 0x000002db968484a0, 0x000002db96847060, 0x000002db9684b230,
0x000002db96847a80, 0x000002db9684b740, 0x000002db96847f90, 0x000002db9684a300,
0x000002db9684ad20, 0x000002db96848ec0, 0x000002db9684bc50, 0x000002db9684c160,
0x000002db9684c670, 0x000002db9684cb80, 0x000002db968493d0, 0x000002db9684dab0,
0x000002db9684d090, 0x000002db9684d5a0, 0x000002db9684dfc0, 0x000002db9684e4d0,
0x000002db96f72fb0, 0x000002db96f74900, 0x000002db96f72aa0, 0x000002db96adc860
}

Java Threads: ( => current thread )
  0x000002dbdef0dfe0 JavaThread "main" [_thread_blocked, id=20572, stack(0x000000f1c6300000,0x000000f1c6400000)]
  0x000002dbf9efa000 JavaThread "Reference Handler" daemon [_thread_blocked, id=13360, stack(0x000000f1c6a00000,0x000000f1c6b00000)]
  0x000002dbf9efaad0 JavaThread "Finalizer" daemon [_thread_blocked, id=31028, stack(0x000000f1c6b00000,0x000000f1c6c00000)]
  0x000002dbf9f12830 JavaThread "Signal Dispatcher" daemon [_thread_blocked, id=16300, stack(0x000000f1c6c00000,0x000000f1c6d00000)]
  0x000002dbf9f15110 JavaThread "Attach Listener" daemon [_thread_blocked, id=13180, stack(0x000000f1c6d00000,0x000000f1c6e00000)]
  0x000002dbf9f159e0 JavaThread "Service Thread" daemon [_thread_blocked, id=16040, stack(0x000000f1c6e00000,0x000000f1c6f00000)]
  0x000002dbf9f162b0 JavaThread "Monitor Deflation Thread" daemon [_thread_blocked, id=16604, stack(0x000000f1c6f00000,0x000000f1c7000000)]
  0x000002dbf9f18f70 JavaThread "C2 CompilerThread0" daemon [_thread_in_native, id=16528, stack(0x000000f1c7000000,0x000000f1c7100000)]
  0x000002dbf9f19930 JavaThread "C1 CompilerThread0" daemon [_thread_blocked, id=25356, stack(0x000000f1c7100000,0x000000f1c7200000)]
  0x000002dbf9f1e250 JavaThread "Sweeper thread" daemon [_thread_blocked, id=18428, stack(0x000000f1c7200000,0x000000f1c7300000)]
  0x000002dbfe0f9a80 JavaThread "Common-Cleaner" daemon [_thread_blocked, id=15880, stack(0x000000f1c7300000,0x000000f1c7400000)]
  0x000002dbfe0f62d0 JavaThread "Notification Thread" daemon [_thread_blocked, id=24844, stack(0x000000f1c7400000,0x000000f1c7500000)]
  0x000002dbfe0f8640 JavaThread "Daemon health stats" [_thread_blocked, id=12620, stack(0x000000f1c7700000,0x000000f1c7800000)]
  0x000002dbfe0f67e0 JavaThread "Incoming local TCP Connector on port 55572" [_thread_in_native, id=31088, stack(0x000000f1c7600000,0x000000f1c7700000)]
  0x000002dbfe0f9570 JavaThread "Daemon periodic checks" [_thread_blocked, id=20104, stack(0x000000f1c7d00000,0x000000f1c7e00000)]
  0x000002dbfe0f6cf0 JavaThread "Daemon" [_thread_blocked, id=4692, stack(0x000000f1c7e00000,0x000000f1c7f00000)]
  0x000002dbfe0f7200 JavaThread "Daemon worker" [_thread_in_vm, id=9276, stack(0x000000f1c8100000,0x000000f1c8200000)]
  0x000002db9540a600 JavaThread "Cache worker for journal cache (C:\Users\HP\.gradle\caches\journal-1)" [_thread_blocked, id=8488, stack(0x000000f1c8500000,0x000000f1c8600000)]
  0x000002db9540b020 JavaThread "File lock request listener" [_thread_in_native, id=11220, stack(0x000000f1c8600000,0x000000f1c8700000)]
  0x000002db9540b530 JavaThread "Cache worker for file hash cache (C:\Users\HP\.gradle\caches\8.9\fileHashes)" [_thread_blocked, id=5336, stack(0x000000f1c8700000,0x000000f1c8800000)]
  0x000002db95409be0 JavaThread "File watcher server" daemon [_thread_in_native, id=21880, stack(0x000000f1c9200000,0x000000f1c9300000)]
  0x000002db9540a0f0 JavaThread "File watcher consumer" daemon [_thread_blocked, id=10780, stack(0x000000f1c9300000,0x000000f1c9400000)]
  0x000002db9540d8a0 JavaThread "jar transforms" [_thread_blocked, id=28112, stack(0x000000f1c8d00000,0x000000f1c8e00000)]
  0x000002db9540ddb0 JavaThread "jar transforms Thread 2" [_thread_blocked, id=7488, stack(0x000000f1c9400000,0x000000f1c9500000)]
  0x000002db9540c970 JavaThread "jar transforms Thread 3" [_thread_blocked, id=19864, stack(0x000000f1c9500000,0x000000f1c9600000)]
  0x000002db9540ece0 JavaThread "Cache worker for file content cache (C:\Users\HP\.gradle\caches\8.9\fileContent)" [_thread_blocked, id=14964, stack(0x000000f1c9800000,0x000000f1c9900000)]
  0x000002db95410120 JavaThread "jar transforms Thread 4" [_thread_blocked, id=1364, stack(0x000000f1c9600000,0x000000f1c9700000)]
  0x000002db95410630 JavaThread "jar transforms Thread 5" [_thread_blocked, id=18616, stack(0x000000f1c9b00000,0x000000f1c9c00000)]
  0x000002dbfee02dd0 JavaThread "jar transforms Thread 6" [_thread_blocked, id=8912, stack(0x000000f1c9c00000,0x000000f1c9d00000)]
  0x000002dbfee01990 JavaThread "jar transforms Thread 7" [_thread_blocked, id=11512, stack(0x000000f1c9d00000,0x000000f1c9e00000)]
  0x000002dbfee06a90 JavaThread "jar transforms Thread 8" [_thread_blocked, id=11016, stack(0x000000f1c9e00000,0x000000f1c9f00000)]
  0x000002dbfee074b0 JavaThread "jar transforms Thread 9" [_thread_blocked, id=23080, stack(0x000000f1c9f00000,0x000000f1ca000000)]
  0x000002dbfee06580 JavaThread "jar transforms Thread 10" [_thread_blocked, id=12976, stack(0x000000f1ca000000,0x000000f1ca100000)]
  0x000002dbfee05650 JavaThread "jar transforms Thread 11" [_thread_blocked, id=26164, stack(0x000000f1ca100000,0x000000f1ca200000)]
  0x000002dbfee06070 JavaThread "jar transforms Thread 12" [_thread_blocked, id=13868, stack(0x000000f1ca200000,0x000000f1ca300000)]
  0x000002dbfee03d00 JavaThread "VFS cleanup" [_thread_blocked, id=28972, stack(0x000000f1c8200000,0x000000f1c8300000)]
  0x000002dbfee05b60 JavaThread "Handler for socket connection from /127.0.0.1:55572 to /127.0.0.1:64501" [_thread_in_native, id=1228, stack(0x000000f1c7f00000,0x000000f1c8000000)]
  0x000002dbfee079c0 JavaThread "Cancel handler" [_thread_blocked, id=14904, stack(0x000000f1c8000000,0x000000f1c8100000)]
  0x000002dbfee04210 JavaThread "Asynchronous log dispatcher for DefaultDaemonConnection: socket connection from /127.0.0.1:55572 to /127.0.0.1:64501" [_thread_blocked, id=3656, stack(0x000000f1c8300000,0x000000f1c8400000)]
  0x000002dbfee07ed0 JavaThread "Stdin handler" [_thread_blocked, id=15640, stack(0x000000f1c8400000,0x000000f1c8500000)]
  0x000002dbfee083e0 JavaThread "Daemon client event forwarder" [_thread_blocked, id=12712, stack(0x000000f1c8c00000,0x000000f1c8d00000)]
  0x000002dbfee05140 JavaThread "Cache worker for file hash cache (D:\Parkitdemo\Updated-Sundukpay\node_modules\react-native-blob-util\android\.gradle\8.9\fileHashes)" [_thread_blocked, id=16980, stack(0x000000f1c8f00000,0x000000f1c9000000)]
  0x000002dbfee04c30 JavaThread "Cache worker for Build Output Cleanup Cache (D:\Parkitdemo\Updated-Sundukpay\node_modules\react-native-blob-util\android\.gradle\buildOutputCleanup)" [_thread_blocked, id=30196, stack(0x000000f1c9700000,0x000000f1c9800000)]
  0x000002dbfee088f0 JavaThread "Cache worker for checksums cache (D:\Parkitdemo\Updated-Sundukpay\node_modules\react-native-blob-util\android\.gradle\8.9\checksums)" [_thread_blocked, id=16724, stack(0x000000f1c9900000,0x000000f1c9a00000)]
  0x000002dbfee08e00 JavaThread "Cache worker for cache directory md-rule (C:\Users\HP\.gradle\caches\8.9\md-rule)" [_thread_blocked, id=21148, stack(0x000000f1c9a00000,0x000000f1c9b00000)]
  0x000002db9540bf50 JavaThread "Cache worker for cache directory md-supplier (C:\Users\HP\.gradle\caches\8.9\md-supplier)" [_thread_blocked, id=9616, stack(0x000000f1ca300000,0x000000f1ca400000)]
  0x000002db9540ba40 JavaThread "Unconstrained build operations" [_thread_blocked, id=21696, stack(0x000000f1ca400000,0x000000f1ca500000)]
  0x000002db9540fc10 JavaThread "Unconstrained build operations Thread 2" [_thread_blocked, id=13792, stack(0x000000f1ca500000,0x000000f1ca600000)]
  0x000002db9540c460 JavaThread "Unconstrained build operations Thread 3" [_thread_blocked, id=15864, stack(0x000000f1ca600000,0x000000f1ca700000)]
  0x000002dbfe0f7710 JavaThread "Unconstrained build operations Thread 4" [_thread_blocked, id=3036, stack(0x000000f1ca700000,0x000000f1ca800000)]
  0x000002dbfe0f7c20 JavaThread "Unconstrained build operations Thread 5" [_thread_blocked, id=10232, stack(0x000000f1ca800000,0x000000f1ca900000)]
  0x000002dbfe0f8130 JavaThread "Unconstrained build operations Thread 6" [_thread_blocked, id=28024, stack(0x000000f1ca900000,0x000000f1caa00000)]
  0x000002dbfe0f8b50 JavaThread "Unconstrained build operations Thread 7" [_thread_blocked, id=6368, stack(0x000000f1caa00000,0x000000f1cab00000)]
  0x000002db96849df0 JavaThread "Unconstrained build operations Thread 8" [_thread_blocked, id=15104, stack(0x000000f1cab00000,0x000000f1cac00000)]
  0x000002db968498e0 JavaThread "Unconstrained build operations Thread 9" [_thread_blocked, id=11912, stack(0x000000f1cac00000,0x000000f1cad00000)]
  0x000002db96847570 JavaThread "Unconstrained build operations Thread 10" [_thread_blocked, id=6692, stack(0x000000f1cad00000,0x000000f1cae00000)]
  0x000002db9684a810 JavaThread "Unconstrained build operations Thread 11" [_thread_blocked, id=28856, stack(0x000000f1cae00000,0x000000f1caf00000)]
  0x000002db968484a0 JavaThread "Unconstrained build operations Thread 12" [_thread_blocked, id=27656, stack(0x000000f1caf00000,0x000000f1cb000000)]
  0x000002db96847060 JavaThread "Unconstrained build operations Thread 13" [_thread_blocked, id=9976, stack(0x000000f1cb000000,0x000000f1cb100000)]
  0x000002db9684b230 JavaThread "Unconstrained build operations Thread 14" [_thread_blocked, id=18644, stack(0x000000f1cb100000,0x000000f1cb200000)]
  0x000002db96847a80 JavaThread "Unconstrained build operations Thread 15" [_thread_blocked, id=22304, stack(0x000000f1cb200000,0x000000f1cb300000)]
  0x000002db9684b740 JavaThread "Unconstrained build operations Thread 16" [_thread_blocked, id=10108, stack(0x000000f1cb300000,0x000000f1cb400000)]
  0x000002db96847f90 JavaThread "Unconstrained build operations Thread 17" [_thread_blocked, id=17284, stack(0x000000f1cb400000,0x000000f1cb500000)]
  0x000002db9684a300 JavaThread "Unconstrained build operations Thread 18" [_thread_blocked, id=21024, stack(0x000000f1cb500000,0x000000f1cb600000)]
  0x000002db9684ad20 JavaThread "Unconstrained build operations Thread 19" [_thread_blocked, id=16992, stack(0x000000f1cb600000,0x000000f1cb700000)]
  0x000002db96848ec0 JavaThread "Unconstrained build operations Thread 20" [_thread_blocked, id=14352, stack(0x000000f1cb700000,0x000000f1cb800000)]
  0x000002db9684bc50 JavaThread "Unconstrained build operations Thread 21" [_thread_blocked, id=6064, stack(0x000000f1cb800000,0x000000f1cb900000)]
  0x000002db9684c160 JavaThread "Unconstrained build operations Thread 22" [_thread_blocked, id=1660, stack(0x000000f1cb900000,0x000000f1cba00000)]
  0x000002db9684c670 JavaThread "Unconstrained build operations Thread 23" [_thread_blocked, id=20972, stack(0x000000f1cba00000,0x000000f1cbb00000)]
  0x000002db9684cb80 JavaThread "Unconstrained build operations Thread 24" [_thread_blocked, id=15292, stack(0x000000f1cbb00000,0x000000f1cbc00000)]
  0x000002db968493d0 JavaThread "Unconstrained build operations Thread 25" [_thread_blocked, id=31704, stack(0x000000f1cbc00000,0x000000f1cbd00000)]
  0x000002db9684dab0 JavaThread "Unconstrained build operations Thread 26" [_thread_blocked, id=18128, stack(0x000000f1cbd00000,0x000000f1cbe00000)]
  0x000002db9684d090 JavaThread "Unconstrained build operations Thread 27" [_thread_blocked, id=13060, stack(0x000000f1cbe00000,0x000000f1cbf00000)]
  0x000002db9684d5a0 JavaThread "Unconstrained build operations Thread 28" [_thread_blocked, id=2404, stack(0x000000f1cbf00000,0x000000f1cc000000)]
  0x000002db9684dfc0 JavaThread "Unconstrained build operations Thread 29" [_thread_blocked, id=28636, stack(0x000000f1cc000000,0x000000f1cc100000)]
  0x000002db9684e4d0 JavaThread "Unconstrained build operations Thread 30" [_thread_blocked, id=26372, stack(0x000000f1cc100000,0x000000f1cc200000)]
  0x000002db96f72fb0 JavaThread "Unconstrained build operations Thread 31" [_thread_blocked, id=6816, stack(0x000000f1cc200000,0x000000f1cc300000)]
  0x000002db96f74900 JavaThread "Unconstrained build operations Thread 32" [_thread_blocked, id=28232, stack(0x000000f1cc300000,0x000000f1cc400000)]
  0x000002db96f72aa0 JavaThread "Unconstrained build operations Thread 33" [_thread_blocked, id=8468, stack(0x000000f1cc400000,0x000000f1cc500000)]
=>0x000002db96adc860 JavaThread "C2 CompilerThread1" daemon [_thread_in_native, id=26068, stack(0x000000f1c8e00000,0x000000f1c8f00000)]

Other Threads:
  0x000002dbf9ef6010 VMThread "VM Thread" [stack: 0x000000f1c6900000,0x000000f1c6a00000] [id=18588]
  0x000002dbdef0ed70 WatcherThread [stack: 0x000000f1c7500000,0x000000f1c7600000] [id=15680]
  0x000002dbdef3cdc0 GCTaskThread "GC Thread#0" [stack: 0x000000f1c6400000,0x000000f1c6500000] [id=15444]
  0x000002dbfe77e810 GCTaskThread "GC Thread#1" [stack: 0x000000f1c7800000,0x000000f1c7900000] [id=9664]
  0x000002dbfe77ead0 GCTaskThread "GC Thread#2" [stack: 0x000000f1c7900000,0x000000f1c7a00000] [id=27476]
  0x000002dbfed05930 GCTaskThread "GC Thread#3" [stack: 0x000000f1c7a00000,0x000000f1c7b00000] [id=8584]
  0x000002dbfed05bf0 GCTaskThread "GC Thread#4" [stack: 0x000000f1c7b00000,0x000000f1c7c00000] [id=27064]
  0x000002dbfe510370 GCTaskThread "GC Thread#5" [stack: 0x000000f1c7c00000,0x000000f1c7d00000] [id=21576]
  0x000002dbff4084d0 GCTaskThread "GC Thread#6" [stack: 0x000000f1c8800000,0x000000f1c8900000] [id=3292]
  0x000002dbff409ad0 GCTaskThread "GC Thread#7" [stack: 0x000000f1c8900000,0x000000f1c8a00000] [id=10524]
  0x000002dbff409550 GCTaskThread "GC Thread#8" [stack: 0x000000f1c8a00000,0x000000f1c8b00000] [id=19116]
  0x000002dbff408790 GCTaskThread "GC Thread#9" [stack: 0x000000f1c8b00000,0x000000f1c8c00000] [id=21704]
  0x000002dbdef41c20 ConcurrentGCThread "G1 Main Marker" [stack: 0x000000f1c6500000,0x000000f1c6600000] [id=13560]
  0x000002dbdef43220 ConcurrentGCThread "G1 Conc#0" [stack: 0x000000f1c6600000,0x000000f1c6700000] [id=1296]
  0x000002dbff409810 ConcurrentGCThread "G1 Conc#1" [stack: 0x000000f1c9000000,0x000000f1c9100000] [id=16892]
  0x000002dbff408210 ConcurrentGCThread "G1 Conc#2" [stack: 0x000000f1c9100000,0x000000f1c9200000] [id=17116]
  0x000002dbdefbea40 ConcurrentGCThread "G1 Refine#0" [stack: 0x000000f1c6700000,0x000000f1c6800000] [id=30656]
  0x000002dbf9db1550 ConcurrentGCThread "G1 Service" [stack: 0x000000f1c6800000,0x000000f1c6900000] [id=8824]

Threads with active compile tasks:
C2 CompilerThread0    17588 9075       4       jdk.internal.org.objectweb.asm.MethodWriter::visitVarInsn (302 bytes)
C2 CompilerThread1    17588 9022   !   4       java.io.ObjectOutputStream::writeObject0 (620 bytes)

VM state: not at safepoint (normal execution)

VM Mutex/Monitor currently owned by a thread: None

Heap address: 0x00000000e0000000, size: 512 MB, Compressed Oops mode: 32-bit

CDS archive(s) mapped at: [0x000002db80000000-0x000002db80bb0000-0x000002db80bb0000), size 12255232, SharedBaseAddress: 0x000002db80000000, ArchiveRelocationMode: 1.
Compressed class space mapped at: 0x000002db81000000-0x000002db95000000, reserved size: 335544320
Narrow klass base: 0x000002db80000000, Narrow klass shift: 0, Narrow klass range: 0x100000000

GC Precious Log:
 CPUs: 12 total, 12 available
 Memory: 7835M
 Large Page Support: Disabled
 NUMA Support: Disabled
 Compressed Oops: Enabled (32-bit)
 Heap Region Size: 1M
 Heap Min Capacity: 256M
 Heap Initial Capacity: 256M
 Heap Max Capacity: 512M
 Pre-touch: Disabled
 Parallel Workers: 10
 Concurrent Workers: 3
 Concurrent Refinement Workers: 10
 Periodic GC: Disabled

Heap:
 garbage-first heap   total 262144K, used 96683K [0x00000000e0000000, 0x0000000100000000)
  region size 1024K, 45 young (46080K), 19 survivors (19456K)
 Metaspace       used 59362K, committed 60032K, reserved 393216K
  class space    used 8169K, committed 8512K, reserved 327680K

Heap Regions: E=young(eden), S=young(survivor), O=old, HS=humongous(starts), HC=humongous(continues), CS=collection set, F=free, OA=open archive, CA=closed archive, TAMS=top-at-mark-start (previous, next)
|   0|0x00000000e0000000, 0x00000000e0100000, 0x00000000e0100000|100%|HS|  |TAMS 0x00000000e0100000, 0x00000000e0000000| Complete 
|   1|0x00000000e0100000, 0x00000000e0200000, 0x00000000e0200000|100%|HC|  |TAMS 0x00000000e0200000, 0x00000000e0100000| Complete 
|   2|0x00000000e0200000, 0x00000000e0300000, 0x00000000e0300000|100%|HC|  |TAMS 0x00000000e0300000, 0x00000000e0200000| Complete 
|   3|0x00000000e0300000, 0x00000000e0400000, 0x00000000e0400000|100%|HC|  |TAMS 0x00000000e0400000, 0x00000000e0300000| Complete 
|   4|0x00000000e0400000, 0x00000000e0500000, 0x00000000e0500000|100%| O|  |TAMS 0x00000000e0500000, 0x00000000e0400000| Untracked 
|   5|0x00000000e0500000, 0x00000000e0600000, 0x00000000e0600000|100%| O|  |TAMS 0x00000000e0600000, 0x00000000e0500000| Untracked 
|   6|0x00000000e0600000, 0x00000000e0700000, 0x00000000e0700000|100%| O|  |TAMS 0x00000000e0700000, 0x00000000e0600000| Untracked 
|   7|0x00000000e0700000, 0x00000000e0800000, 0x00000000e0800000|100%| O|  |TAMS 0x00000000e0800000, 0x00000000e0700000| Untracked 
|   8|0x00000000e0800000, 0x00000000e0900000, 0x00000000e0900000|100%| O|  |TAMS 0x00000000e0900000, 0x00000000e0800000| Untracked 
|   9|0x00000000e0900000, 0x00000000e0a00000, 0x00000000e0a00000|100%| O|  |TAMS 0x00000000e0a00000, 0x00000000e0900000| Untracked 
|  10|0x00000000e0a00000, 0x00000000e0b00000, 0x00000000e0b00000|100%|HS|  |TAMS 0x00000000e0b00000, 0x00000000e0a00000| Complete 
|  11|0x00000000e0b00000, 0x00000000e0c00000, 0x00000000e0c00000|100%| O|  |TAMS 0x00000000e0c00000, 0x00000000e0b00000| Untracked 
|  12|0x00000000e0c00000, 0x00000000e0d00000, 0x00000000e0d00000|100%| O|  |TAMS 0x00000000e0c4ce00, 0x00000000e0c00000| Untracked 
|  13|0x00000000e0d00000, 0x00000000e0e00000, 0x00000000e0e00000|100%| O|  |TAMS 0x00000000e0d00000, 0x00000000e0d00000| Untracked 
|  14|0x00000000e0e00000, 0x00000000e0f00000, 0x00000000e0f00000|100%| O|  |TAMS 0x00000000e0e00000, 0x00000000e0e00000| Untracked 
|  15|0x00000000e0f00000, 0x00000000e1000000, 0x00000000e1000000|100%| O|  |TAMS 0x00000000e0f00000, 0x00000000e0f00000| Untracked 
|  16|0x00000000e1000000, 0x00000000e1100000, 0x00000000e1100000|100%| O|  |TAMS 0x00000000e1000000, 0x00000000e1000000| Untracked 
|  17|0x00000000e1100000, 0x00000000e1200000, 0x00000000e1200000|100%| O|  |TAMS 0x00000000e1100000, 0x00000000e1100000| Untracked 
|  18|0x00000000e1200000, 0x00000000e1300000, 0x00000000e1300000|100%| O|  |TAMS 0x00000000e1200000, 0x00000000e1200000| Untracked 
|  19|0x00000000e1300000, 0x00000000e1400000, 0x00000000e1400000|100%| O|  |TAMS 0x00000000e1300000, 0x00000000e1300000| Untracked 
|  20|0x00000000e1400000, 0x00000000e1500000, 0x00000000e1500000|100%| O|  |TAMS 0x00000000e1400000, 0x00000000e1400000| Untracked 
|  21|0x00000000e1500000, 0x00000000e1600000, 0x00000000e1600000|100%| O|  |TAMS 0x00000000e1500000, 0x00000000e1500000| Untracked 
|  22|0x00000000e1600000, 0x00000000e1700000, 0x00000000e1700000|100%|HS|  |TAMS 0x00000000e1600000, 0x00000000e1600000| Complete 
|  23|0x00000000e1700000, 0x00000000e1800000, 0x00000000e1800000|100%|HC|  |TAMS 0x00000000e1700000, 0x00000000e1700000| Complete 
|  24|0x00000000e1800000, 0x00000000e1900000, 0x00000000e1900000|100%|HS|  |TAMS 0x00000000e1800000, 0x00000000e1800000| Complete 
|  25|0x00000000e1900000, 0x00000000e1a00000, 0x00000000e1a00000|100%|HC|  |TAMS 0x00000000e1900000, 0x00000000e1900000| Complete 
|  26|0x00000000e1a00000, 0x00000000e1b00000, 0x00000000e1b00000|100%|HC|  |TAMS 0x00000000e1a00000, 0x00000000e1a00000| Complete 
|  27|0x00000000e1b00000, 0x00000000e1c00000, 0x00000000e1c00000|100%| O|  |TAMS 0x00000000e1b00000, 0x00000000e1b00000| Untracked 
|  28|0x00000000e1c00000, 0x00000000e1d00000, 0x00000000e1d00000|100%| O|  |TAMS 0x00000000e1c00000, 0x00000000e1c00000| Untracked 
|  29|0x00000000e1d00000, 0x00000000e1e00000, 0x00000000e1e00000|100%| O|  |TAMS 0x00000000e1d00000, 0x00000000e1d00000| Untracked 
|  30|0x00000000e1e00000, 0x00000000e1f00000, 0x00000000e1f00000|100%| O|  |TAMS 0x00000000e1e00000, 0x00000000e1e00000| Untracked 
|  31|0x00000000e1f00000, 0x00000000e2000000, 0x00000000e2000000|100%| O|  |TAMS 0x00000000e1f00000, 0x00000000e1f00000| Untracked 
|  32|0x00000000e2000000, 0x00000000e2100000, 0x00000000e2100000|100%| O|  |TAMS 0x00000000e2000000, 0x00000000e2000000| Untracked 
|  33|0x00000000e2100000, 0x00000000e2200000, 0x00000000e2200000|100%| O|  |TAMS 0x00000000e2100000, 0x00000000e2100000| Untracked 
|  34|0x00000000e2200000, 0x00000000e2300000, 0x00000000e2300000|100%| O|  |TAMS 0x00000000e2200000, 0x00000000e2200000| Untracked 
|  35|0x00000000e2300000, 0x00000000e2400000, 0x00000000e2400000|100%| O|  |TAMS 0x00000000e2300000, 0x00000000e2300000| Untracked 
|  36|0x00000000e2400000, 0x00000000e2500000, 0x00000000e2500000|100%| O|  |TAMS 0x00000000e2400000, 0x00000000e2400000| Untracked 
|  37|0x00000000e2500000, 0x00000000e2600000, 0x00000000e2600000|100%| O|  |TAMS 0x00000000e2500000, 0x00000000e2500000| Untracked 
|  38|0x00000000e2600000, 0x00000000e2700000, 0x00000000e2700000|100%| O|  |TAMS 0x00000000e2600000, 0x00000000e2600000| Untracked 
|  39|0x00000000e2700000, 0x00000000e2800000, 0x00000000e2800000|100%| O|  |TAMS 0x00000000e2700000, 0x00000000e2700000| Untracked 
|  40|0x00000000e2800000, 0x00000000e2900000, 0x00000000e2900000|100%| O|  |TAMS 0x00000000e2800000, 0x00000000e2800000| Untracked 
|  41|0x00000000e2900000, 0x00000000e2a00000, 0x00000000e2a00000|100%| O|  |TAMS 0x00000000e2900000, 0x00000000e2900000| Untracked 
|  42|0x00000000e2a00000, 0x00000000e2b00000, 0x00000000e2b00000|100%| O|  |TAMS 0x00000000e2a00000, 0x00000000e2a00000| Untracked 
|  43|0x00000000e2b00000, 0x00000000e2c00000, 0x00000000e2c00000|100%| O|  |TAMS 0x00000000e2b00000, 0x00000000e2b00000| Untracked 
|  44|0x00000000e2c00000, 0x00000000e2d00000, 0x00000000e2d00000|100%| O|  |TAMS 0x00000000e2c00000, 0x00000000e2c00000| Untracked 
|  45|0x00000000e2d00000, 0x00000000e2d6ac00, 0x00000000e2e00000| 41%| O|  |TAMS 0x00000000e2d00000, 0x00000000e2d00000| Untracked 
|  46|0x00000000e2e00000, 0x00000000e2f00000, 0x00000000e2f00000|100%|HS|  |TAMS 0x00000000e2e00000, 0x00000000e2e00000| Complete 
|  47|0x00000000e2f00000, 0x00000000e3000000, 0x00000000e3000000|100%|HS|  |TAMS 0x00000000e2f00000, 0x00000000e2f00000| Complete 
|  48|0x00000000e3000000, 0x00000000e3100000, 0x00000000e3100000|100%|HS|  |TAMS 0x00000000e3000000, 0x00000000e3000000| Complete 
|  49|0x00000000e3100000, 0x00000000e3200000, 0x00000000e3200000|100%|HS|  |TAMS 0x00000000e3100000, 0x00000000e3100000| Complete 
|  50|0x00000000e3200000, 0x00000000e3300000, 0x00000000e3300000|100%|HC|  |TAMS 0x00000000e3200000, 0x00000000e3200000| Complete 
|  51|0x00000000e3300000, 0x00000000e3300000, 0x00000000e3400000|  0%| F|  |TAMS 0x00000000e3300000, 0x00000000e3300000| Untracked 
|  52|0x00000000e3400000, 0x00000000e3400000, 0x00000000e3500000|  0%| F|  |TAMS 0x00000000e3400000, 0x00000000e3400000| Untracked 
|  53|0x00000000e3500000, 0x00000000e3500000, 0x00000000e3600000|  0%| F|  |TAMS 0x00000000e3500000, 0x00000000e3500000| Untracked 
|  54|0x00000000e3600000, 0x00000000e3600000, 0x00000000e3700000|  0%| F|  |TAMS 0x00000000e3600000, 0x00000000e3600000| Untracked 
|  55|0x00000000e3700000, 0x00000000e3700000, 0x00000000e3800000|  0%| F|  |TAMS 0x00000000e3700000, 0x00000000e3700000| Untracked 
|  56|0x00000000e3800000, 0x00000000e3800000, 0x00000000e3900000|  0%| F|  |TAMS 0x00000000e3800000, 0x00000000e3800000| Untracked 
|  57|0x00000000e3900000, 0x00000000e3900000, 0x00000000e3a00000|  0%| F|  |TAMS 0x00000000e3900000, 0x00000000e3900000| Untracked 
|  58|0x00000000e3a00000, 0x00000000e3a00000, 0x00000000e3b00000|  0%| F|  |TAMS 0x00000000e3a00000, 0x00000000e3a00000| Untracked 
|  59|0x00000000e3b00000, 0x00000000e3b00000, 0x00000000e3c00000|  0%| F|  |TAMS 0x00000000e3b00000, 0x00000000e3b00000| Untracked 
|  60|0x00000000e3c00000, 0x00000000e3c00000, 0x00000000e3d00000|  0%| F|  |TAMS 0x00000000e3c00000, 0x00000000e3c00000| Untracked 
|  61|0x00000000e3d00000, 0x00000000e3d00000, 0x00000000e3e00000|  0%| F|  |TAMS 0x00000000e3d00000, 0x00000000e3d00000| Untracked 
|  62|0x00000000e3e00000, 0x00000000e3e00000, 0x00000000e3f00000|  0%| F|  |TAMS 0x00000000e3e00000, 0x00000000e3e00000| Untracked 
|  63|0x00000000e3f00000, 0x00000000e3f00000, 0x00000000e4000000|  0%| F|  |TAMS 0x00000000e3f00000, 0x00000000e3f00000| Untracked 
|  64|0x00000000e4000000, 0x00000000e4000000, 0x00000000e4100000|  0%| F|  |TAMS 0x00000000e4000000, 0x00000000e4000000| Untracked 
|  65|0x00000000e4100000, 0x00000000e4100000, 0x00000000e4200000|  0%| F|  |TAMS 0x00000000e4100000, 0x00000000e4100000| Untracked 
|  66|0x00000000e4200000, 0x00000000e4200000, 0x00000000e4300000|  0%| F|  |TAMS 0x00000000e4200000, 0x00000000e4200000| Untracked 
|  67|0x00000000e4300000, 0x00000000e4300000, 0x00000000e4400000|  0%| F|  |TAMS 0x00000000e4300000, 0x00000000e4300000| Untracked 
|  68|0x00000000e4400000, 0x00000000e4400000, 0x00000000e4500000|  0%| F|  |TAMS 0x00000000e4400000, 0x00000000e4400000| Untracked 
|  69|0x00000000e4500000, 0x00000000e4500000, 0x00000000e4600000|  0%| F|  |TAMS 0x00000000e4500000, 0x00000000e4500000| Untracked 
|  70|0x00000000e4600000, 0x00000000e4600000, 0x00000000e4700000|  0%| F|  |TAMS 0x00000000e4600000, 0x00000000e4600000| Untracked 
|  71|0x00000000e4700000, 0x00000000e4700000, 0x00000000e4800000|  0%| F|  |TAMS 0x00000000e4700000, 0x00000000e4700000| Untracked 
|  72|0x00000000e4800000, 0x00000000e4800000, 0x00000000e4900000|  0%| F|  |TAMS 0x00000000e4800000, 0x00000000e4800000| Untracked 
|  73|0x00000000e4900000, 0x00000000e4900000, 0x00000000e4a00000|  0%| F|  |TAMS 0x00000000e4900000, 0x00000000e4900000| Untracked 
|  74|0x00000000e4a00000, 0x00000000e4a00000, 0x00000000e4b00000|  0%| F|  |TAMS 0x00000000e4a00000, 0x00000000e4a00000| Untracked 
|  75|0x00000000e4b00000, 0x00000000e4b00000, 0x00000000e4c00000|  0%| F|  |TAMS 0x00000000e4b00000, 0x00000000e4b00000| Untracked 
|  76|0x00000000e4c00000, 0x00000000e4c00000, 0x00000000e4d00000|  0%| F|  |TAMS 0x00000000e4c00000, 0x00000000e4c00000| Untracked 
|  77|0x00000000e4d00000, 0x00000000e4d00000, 0x00000000e4e00000|  0%| F|  |TAMS 0x00000000e4d00000, 0x00000000e4d00000| Untracked 
|  78|0x00000000e4e00000, 0x00000000e4e00000, 0x00000000e4f00000|  0%| F|  |TAMS 0x00000000e4e00000, 0x00000000e4e00000| Untracked 
|  79|0x00000000e4f00000, 0x00000000e4f00000, 0x00000000e5000000|  0%| F|  |TAMS 0x00000000e4f00000, 0x00000000e4f00000| Untracked 
|  80|0x00000000e5000000, 0x00000000e5000000, 0x00000000e5100000|  0%| F|  |TAMS 0x00000000e5000000, 0x00000000e5000000| Untracked 
|  81|0x00000000e5100000, 0x00000000e5100000, 0x00000000e5200000|  0%| F|  |TAMS 0x00000000e5100000, 0x00000000e5100000| Untracked 
|  82|0x00000000e5200000, 0x00000000e5200000, 0x00000000e5300000|  0%| F|  |TAMS 0x00000000e5200000, 0x00000000e5200000| Untracked 
|  83|0x00000000e5300000, 0x00000000e5300000, 0x00000000e5400000|  0%| F|  |TAMS 0x00000000e5300000, 0x00000000e5300000| Untracked 
|  84|0x00000000e5400000, 0x00000000e5400000, 0x00000000e5500000|  0%| F|  |TAMS 0x00000000e5400000, 0x00000000e5400000| Untracked 
|  85|0x00000000e5500000, 0x00000000e5500000, 0x00000000e5600000|  0%| F|  |TAMS 0x00000000e5500000, 0x00000000e5500000| Untracked 
|  86|0x00000000e5600000, 0x00000000e5600000, 0x00000000e5700000|  0%| F|  |TAMS 0x00000000e5600000, 0x00000000e5600000| Untracked 
|  87|0x00000000e5700000, 0x00000000e5700000, 0x00000000e5800000|  0%| F|  |TAMS 0x00000000e5700000, 0x00000000e5700000| Untracked 
|  88|0x00000000e5800000, 0x00000000e5800000, 0x00000000e5900000|  0%| F|  |TAMS 0x00000000e5800000, 0x00000000e5800000| Untracked 
|  89|0x00000000e5900000, 0x00000000e5900000, 0x00000000e5a00000|  0%| F|  |TAMS 0x00000000e5900000, 0x00000000e5900000| Untracked 
|  90|0x00000000e5a00000, 0x00000000e5a00000, 0x00000000e5b00000|  0%| F|  |TAMS 0x00000000e5a00000, 0x00000000e5a00000| Untracked 
|  91|0x00000000e5b00000, 0x00000000e5b00000, 0x00000000e5c00000|  0%| F|  |TAMS 0x00000000e5b00000, 0x00000000e5b00000| Untracked 
|  92|0x00000000e5c00000, 0x00000000e5d00000, 0x00000000e5d00000|100%| S|CS|TAMS 0x00000000e5c00000, 0x00000000e5c00000| Complete 
|  93|0x00000000e5d00000, 0x00000000e5e00000, 0x00000000e5e00000|100%| S|CS|TAMS 0x00000000e5d00000, 0x00000000e5d00000| Complete 
|  94|0x00000000e5e00000, 0x00000000e5f00000, 0x00000000e5f00000|100%| S|CS|TAMS 0x00000000e5e00000, 0x00000000e5e00000| Complete 
|  95|0x00000000e5f00000, 0x00000000e6000000, 0x00000000e6000000|100%| S|CS|TAMS 0x00000000e5f00000, 0x00000000e5f00000| Complete 
|  96|0x00000000e6000000, 0x00000000e6100000, 0x00000000e6100000|100%| S|CS|TAMS 0x00000000e6000000, 0x00000000e6000000| Complete 
|  97|0x00000000e6100000, 0x00000000e6200000, 0x00000000e6200000|100%| S|CS|TAMS 0x00000000e6100000, 0x00000000e6100000| Complete 
|  98|0x00000000e6200000, 0x00000000e6300000, 0x00000000e6300000|100%| S|CS|TAMS 0x00000000e6200000, 0x00000000e6200000| Complete 
|  99|0x00000000e6300000, 0x00000000e6400000, 0x00000000e6400000|100%| S|CS|TAMS 0x00000000e6300000, 0x00000000e6300000| Complete 
| 100|0x00000000e6400000, 0x00000000e6500000, 0x00000000e6500000|100%| S|CS|TAMS 0x00000000e6400000, 0x00000000e6400000| Complete 
| 101|0x00000000e6500000, 0x00000000e6600000, 0x00000000e6600000|100%| S|CS|TAMS 0x00000000e6500000, 0x00000000e6500000| Complete 
| 102|0x00000000e6600000, 0x00000000e6700000, 0x00000000e6700000|100%| S|CS|TAMS 0x00000000e6600000, 0x00000000e6600000| Complete 
| 103|0x00000000e6700000, 0x00000000e6800000, 0x00000000e6800000|100%| S|CS|TAMS 0x00000000e6700000, 0x00000000e6700000| Complete 
| 104|0x00000000e6800000, 0x00000000e6900000, 0x00000000e6900000|100%| S|CS|TAMS 0x00000000e6800000, 0x00000000e6800000| Complete 
| 105|0x00000000e6900000, 0x00000000e6a00000, 0x00000000e6a00000|100%| S|CS|TAMS 0x00000000e6900000, 0x00000000e6900000| Complete 
| 106|0x00000000e6a00000, 0x00000000e6b00000, 0x00000000e6b00000|100%| S|CS|TAMS 0x00000000e6a00000, 0x00000000e6a00000| Complete 
| 107|0x00000000e6b00000, 0x00000000e6c00000, 0x00000000e6c00000|100%| S|CS|TAMS 0x00000000e6b00000, 0x00000000e6b00000| Complete 
| 108|0x00000000e6c00000, 0x00000000e6d00000, 0x00000000e6d00000|100%| S|CS|TAMS 0x00000000e6c00000, 0x00000000e6c00000| Complete 
| 109|0x00000000e6d00000, 0x00000000e6e00000, 0x00000000e6e00000|100%| S|CS|TAMS 0x00000000e6d00000, 0x00000000e6d00000| Complete 
| 110|0x00000000e6e00000, 0x00000000e6f00000, 0x00000000e6f00000|100%| S|CS|TAMS 0x00000000e6e00000, 0x00000000e6e00000| Complete 
| 111|0x00000000e6f00000, 0x00000000e6f00000, 0x00000000e7000000|  0%| F|  |TAMS 0x00000000e6f00000, 0x00000000e6f00000| Untracked 
| 112|0x00000000e7000000, 0x00000000e7000000, 0x00000000e7100000|  0%| F|  |TAMS 0x00000000e7000000, 0x00000000e7000000| Untracked 
| 113|0x00000000e7100000, 0x00000000e7100000, 0x00000000e7200000|  0%| F|  |TAMS 0x00000000e7100000, 0x00000000e7100000| Untracked 
| 114|0x00000000e7200000, 0x00000000e7200000, 0x00000000e7300000|  0%| F|  |TAMS 0x00000000e7200000, 0x00000000e7200000| Untracked 
| 115|0x00000000e7300000, 0x00000000e7300000, 0x00000000e7400000|  0%| F|  |TAMS 0x00000000e7300000, 0x00000000e7300000| Untracked 
| 116|0x00000000e7400000, 0x00000000e7400000, 0x00000000e7500000|  0%| F|  |TAMS 0x00000000e7400000, 0x00000000e7400000| Untracked 
| 117|0x00000000e7500000, 0x00000000e7500000, 0x00000000e7600000|  0%| F|  |TAMS 0x00000000e7500000, 0x00000000e7500000| Untracked 
| 118|0x00000000e7600000, 0x00000000e7600000, 0x00000000e7700000|  0%| F|  |TAMS 0x00000000e7600000, 0x00000000e7600000| Untracked 
| 119|0x00000000e7700000, 0x00000000e7700000, 0x00000000e7800000|  0%| F|  |TAMS 0x00000000e7700000, 0x00000000e7700000| Untracked 
| 120|0x00000000e7800000, 0x00000000e7800000, 0x00000000e7900000|  0%| F|  |TAMS 0x00000000e7800000, 0x00000000e7800000| Untracked 
| 121|0x00000000e7900000, 0x00000000e7900000, 0x00000000e7a00000|  0%| F|  |TAMS 0x00000000e7900000, 0x00000000e7900000| Untracked 
| 122|0x00000000e7a00000, 0x00000000e7a00000, 0x00000000e7b00000|  0%| F|  |TAMS 0x00000000e7a00000, 0x00000000e7a00000| Untracked 
| 123|0x00000000e7b00000, 0x00000000e7b00000, 0x00000000e7c00000|  0%| F|  |TAMS 0x00000000e7b00000, 0x00000000e7b00000| Untracked 
| 124|0x00000000e7c00000, 0x00000000e7c00000, 0x00000000e7d00000|  0%| F|  |TAMS 0x00000000e7c00000, 0x00000000e7c00000| Untracked 
| 125|0x00000000e7d00000, 0x00000000e7d00000, 0x00000000e7e00000|  0%| F|  |TAMS 0x00000000e7d00000, 0x00000000e7d00000| Untracked 
| 126|0x00000000e7e00000, 0x00000000e7e00000, 0x00000000e7f00000|  0%| F|  |TAMS 0x00000000e7e00000, 0x00000000e7e00000| Untracked 
| 127|0x00000000e7f00000, 0x00000000e7f00000, 0x00000000e8000000|  0%| F|  |TAMS 0x00000000e7f00000, 0x00000000e7f00000| Untracked 
| 128|0x00000000e8000000, 0x00000000e8000000, 0x00000000e8100000|  0%| F|  |TAMS 0x00000000e8000000, 0x00000000e8000000| Untracked 
| 129|0x00000000e8100000, 0x00000000e8100000, 0x00000000e8200000|  0%| F|  |TAMS 0x00000000e8100000, 0x00000000e8100000| Untracked 
| 130|0x00000000e8200000, 0x00000000e8200000, 0x00000000e8300000|  0%| F|  |TAMS 0x00000000e8200000, 0x00000000e8200000| Untracked 
| 131|0x00000000e8300000, 0x00000000e8300000, 0x00000000e8400000|  0%| F|  |TAMS 0x00000000e8300000, 0x00000000e8300000| Untracked 
| 132|0x00000000e8400000, 0x00000000e8400000, 0x00000000e8500000|  0%| F|  |TAMS 0x00000000e8400000, 0x00000000e8400000| Untracked 
| 133|0x00000000e8500000, 0x00000000e8500000, 0x00000000e8600000|  0%| F|  |TAMS 0x00000000e8500000, 0x00000000e8500000| Untracked 
| 134|0x00000000e8600000, 0x00000000e8600000, 0x00000000e8700000|  0%| F|  |TAMS 0x00000000e8600000, 0x00000000e8600000| Untracked 
| 135|0x00000000e8700000, 0x00000000e8700000, 0x00000000e8800000|  0%| F|  |TAMS 0x00000000e8700000, 0x00000000e8700000| Untracked 
| 136|0x00000000e8800000, 0x00000000e8800000, 0x00000000e8900000|  0%| F|  |TAMS 0x00000000e8800000, 0x00000000e8800000| Untracked 
| 137|0x00000000e8900000, 0x00000000e8900000, 0x00000000e8a00000|  0%| F|  |TAMS 0x00000000e8900000, 0x00000000e8900000| Untracked 
| 138|0x00000000e8a00000, 0x00000000e8a00000, 0x00000000e8b00000|  0%| F|  |TAMS 0x00000000e8a00000, 0x00000000e8a00000| Untracked 
| 139|0x00000000e8b00000, 0x00000000e8b00000, 0x00000000e8c00000|  0%| F|  |TAMS 0x00000000e8b00000, 0x00000000e8b00000| Untracked 
| 140|0x00000000e8c00000, 0x00000000e8c00000, 0x00000000e8d00000|  0%| F|  |TAMS 0x00000000e8c00000, 0x00000000e8c00000| Untracked 
| 141|0x00000000e8d00000, 0x00000000e8d00000, 0x00000000e8e00000|  0%| F|  |TAMS 0x00000000e8d00000, 0x00000000e8d00000| Untracked 
| 142|0x00000000e8e00000, 0x00000000e8e00000, 0x00000000e8f00000|  0%| F|  |TAMS 0x00000000e8e00000, 0x00000000e8e00000| Untracked 
| 143|0x00000000e8f00000, 0x00000000e8f00000, 0x00000000e9000000|  0%| F|  |TAMS 0x00000000e8f00000, 0x00000000e8f00000| Untracked 
| 144|0x00000000e9000000, 0x00000000e9000000, 0x00000000e9100000|  0%| F|  |TAMS 0x00000000e9000000, 0x00000000e9000000| Untracked 
| 145|0x00000000e9100000, 0x00000000e9100000, 0x00000000e9200000|  0%| F|  |TAMS 0x00000000e9100000, 0x00000000e9100000| Untracked 
| 146|0x00000000e9200000, 0x00000000e9200000, 0x00000000e9300000|  0%| F|  |TAMS 0x00000000e9200000, 0x00000000e9200000| Untracked 
| 147|0x00000000e9300000, 0x00000000e9300000, 0x00000000e9400000|  0%| F|  |TAMS 0x00000000e9300000, 0x00000000e9300000| Untracked 
| 148|0x00000000e9400000, 0x00000000e9400000, 0x00000000e9500000|  0%| F|  |TAMS 0x00000000e9400000, 0x00000000e9400000| Untracked 
| 149|0x00000000e9500000, 0x00000000e9500000, 0x00000000e9600000|  0%| F|  |TAMS 0x00000000e9500000, 0x00000000e9500000| Untracked 
| 150|0x00000000e9600000, 0x00000000e9600000, 0x00000000e9700000|  0%| F|  |TAMS 0x00000000e9600000, 0x00000000e9600000| Untracked 
| 151|0x00000000e9700000, 0x00000000e9700000, 0x00000000e9800000|  0%| F|  |TAMS 0x00000000e9700000, 0x00000000e9700000| Untracked 
| 152|0x00000000e9800000, 0x00000000e9800000, 0x00000000e9900000|  0%| F|  |TAMS 0x00000000e9800000, 0x00000000e9800000| Untracked 
| 153|0x00000000e9900000, 0x00000000e9900000, 0x00000000e9a00000|  0%| F|  |TAMS 0x00000000e9900000, 0x00000000e9900000| Untracked 
| 154|0x00000000e9a00000, 0x00000000e9a00000, 0x00000000e9b00000|  0%| F|  |TAMS 0x00000000e9a00000, 0x00000000e9a00000| Untracked 
| 155|0x00000000e9b00000, 0x00000000e9b00000, 0x00000000e9c00000|  0%| F|  |TAMS 0x00000000e9b00000, 0x00000000e9b00000| Untracked 
| 156|0x00000000e9c00000, 0x00000000e9c00000, 0x00000000e9d00000|  0%| F|  |TAMS 0x00000000e9c00000, 0x00000000e9c00000| Untracked 
| 157|0x00000000e9d00000, 0x00000000e9d00000, 0x00000000e9e00000|  0%| F|  |TAMS 0x00000000e9d00000, 0x00000000e9d00000| Untracked 
| 158|0x00000000e9e00000, 0x00000000e9e00000, 0x00000000e9f00000|  0%| F|  |TAMS 0x00000000e9e00000, 0x00000000e9e00000| Untracked 
| 159|0x00000000e9f00000, 0x00000000e9f00000, 0x00000000ea000000|  0%| F|  |TAMS 0x00000000e9f00000, 0x00000000e9f00000| Untracked 
| 160|0x00000000ea000000, 0x00000000ea000000, 0x00000000ea100000|  0%| F|  |TAMS 0x00000000ea000000, 0x00000000ea000000| Untracked 
| 161|0x00000000ea100000, 0x00000000ea100000, 0x00000000ea200000|  0%| F|  |TAMS 0x00000000ea100000, 0x00000000ea100000| Untracked 
| 162|0x00000000ea200000, 0x00000000ea200000, 0x00000000ea300000|  0%| F|  |TAMS 0x00000000ea200000, 0x00000000ea200000| Untracked 
| 163|0x00000000ea300000, 0x00000000ea300000, 0x00000000ea400000|  0%| F|  |TAMS 0x00000000ea300000, 0x00000000ea300000| Untracked 
| 164|0x00000000ea400000, 0x00000000ea400000, 0x00000000ea500000|  0%| F|  |TAMS 0x00000000ea400000, 0x00000000ea400000| Untracked 
| 165|0x00000000ea500000, 0x00000000ea500000, 0x00000000ea600000|  0%| F|  |TAMS 0x00000000ea500000, 0x00000000ea500000| Untracked 
| 166|0x00000000ea600000, 0x00000000ea600000, 0x00000000ea700000|  0%| F|  |TAMS 0x00000000ea600000, 0x00000000ea600000| Untracked 
| 167|0x00000000ea700000, 0x00000000ea700000, 0x00000000ea800000|  0%| F|  |TAMS 0x00000000ea700000, 0x00000000ea700000| Untracked 
| 168|0x00000000ea800000, 0x00000000ea800000, 0x00000000ea900000|  0%| F|  |TAMS 0x00000000ea800000, 0x00000000ea800000| Untracked 
| 169|0x00000000ea900000, 0x00000000ea900000, 0x00000000eaa00000|  0%| F|  |TAMS 0x00000000ea900000, 0x00000000ea900000| Untracked 
| 170|0x00000000eaa00000, 0x00000000eaa00000, 0x00000000eab00000|  0%| F|  |TAMS 0x00000000eaa00000, 0x00000000eaa00000| Untracked 
| 171|0x00000000eab00000, 0x00000000eab00000, 0x00000000eac00000|  0%| F|  |TAMS 0x00000000eab00000, 0x00000000eab00000| Untracked 
| 172|0x00000000eac00000, 0x00000000eac00000, 0x00000000ead00000|  0%| F|  |TAMS 0x00000000eac00000, 0x00000000eac00000| Untracked 
| 173|0x00000000ead00000, 0x00000000ead00000, 0x00000000eae00000|  0%| F|  |TAMS 0x00000000ead00000, 0x00000000ead00000| Untracked 
| 174|0x00000000eae00000, 0x00000000eae00000, 0x00000000eaf00000|  0%| F|  |TAMS 0x00000000eae00000, 0x00000000eae00000| Untracked 
| 175|0x00000000eaf00000, 0x00000000eaf00000, 0x00000000eb000000|  0%| F|  |TAMS 0x00000000eaf00000, 0x00000000eaf00000| Untracked 
| 176|0x00000000eb000000, 0x00000000eb000000, 0x00000000eb100000|  0%| F|  |TAMS 0x00000000eb000000, 0x00000000eb000000| Untracked 
| 177|0x00000000eb100000, 0x00000000eb100000, 0x00000000eb200000|  0%| F|  |TAMS 0x00000000eb100000, 0x00000000eb100000| Untracked 
| 178|0x00000000eb200000, 0x00000000eb200000, 0x00000000eb300000|  0%| F|  |TAMS 0x00000000eb200000, 0x00000000eb200000| Untracked 
| 179|0x00000000eb300000, 0x00000000eb300000, 0x00000000eb400000|  0%| F|  |TAMS 0x00000000eb300000, 0x00000000eb300000| Untracked 
| 180|0x00000000eb400000, 0x00000000eb400000, 0x00000000eb500000|  0%| F|  |TAMS 0x00000000eb400000, 0x00000000eb400000| Untracked 
| 181|0x00000000eb500000, 0x00000000eb500000, 0x00000000eb600000|  0%| F|  |TAMS 0x00000000eb500000, 0x00000000eb500000| Untracked 
| 182|0x00000000eb600000, 0x00000000eb600000, 0x00000000eb700000|  0%| F|  |TAMS 0x00000000eb600000, 0x00000000eb600000| Untracked 
| 183|0x00000000eb700000, 0x00000000eb700000, 0x00000000eb800000|  0%| F|  |TAMS 0x00000000eb700000, 0x00000000eb700000| Untracked 
| 184|0x00000000eb800000, 0x00000000eb800000, 0x00000000eb900000|  0%| F|  |TAMS 0x00000000eb800000, 0x00000000eb800000| Untracked 
| 185|0x00000000eb900000, 0x00000000eb900000, 0x00000000eba00000|  0%| F|  |TAMS 0x00000000eb900000, 0x00000000eb900000| Untracked 
| 186|0x00000000eba00000, 0x00000000eba00000, 0x00000000ebb00000|  0%| F|  |TAMS 0x00000000eba00000, 0x00000000eba00000| Untracked 
| 187|0x00000000ebb00000, 0x00000000ebb00000, 0x00000000ebc00000|  0%| F|  |TAMS 0x00000000ebb00000, 0x00000000ebb00000| Untracked 
| 188|0x00000000ebc00000, 0x00000000ebc00000, 0x00000000ebd00000|  0%| F|  |TAMS 0x00000000ebc00000, 0x00000000ebc00000| Untracked 
| 189|0x00000000ebd00000, 0x00000000ebd00000, 0x00000000ebe00000|  0%| F|  |TAMS 0x00000000ebd00000, 0x00000000ebd00000| Untracked 
| 190|0x00000000ebe00000, 0x00000000ebe00000, 0x00000000ebf00000|  0%| F|  |TAMS 0x00000000ebe00000, 0x00000000ebe00000| Untracked 
| 191|0x00000000ebf00000, 0x00000000ebf00000, 0x00000000ec000000|  0%| F|  |TAMS 0x00000000ebf00000, 0x00000000ebf00000| Untracked 
| 192|0x00000000ec000000, 0x00000000ec000000, 0x00000000ec100000|  0%| F|  |TAMS 0x00000000ec000000, 0x00000000ec000000| Untracked 
| 193|0x00000000ec100000, 0x00000000ec100000, 0x00000000ec200000|  0%| F|  |TAMS 0x00000000ec100000, 0x00000000ec100000| Untracked 
| 194|0x00000000ec200000, 0x00000000ec200000, 0x00000000ec300000|  0%| F|  |TAMS 0x00000000ec200000, 0x00000000ec200000| Untracked 
| 195|0x00000000ec300000, 0x00000000ec300000, 0x00000000ec400000|  0%| F|  |TAMS 0x00000000ec300000, 0x00000000ec300000| Untracked 
| 196|0x00000000ec400000, 0x00000000ec400000, 0x00000000ec500000|  0%| F|  |TAMS 0x00000000ec400000, 0x00000000ec400000| Untracked 
| 197|0x00000000ec500000, 0x00000000ec500000, 0x00000000ec600000|  0%| F|  |TAMS 0x00000000ec500000, 0x00000000ec500000| Untracked 
| 198|0x00000000ec600000, 0x00000000ec600000, 0x00000000ec700000|  0%| F|  |TAMS 0x00000000ec600000, 0x00000000ec600000| Untracked 
| 199|0x00000000ec700000, 0x00000000ec700000, 0x00000000ec800000|  0%| F|  |TAMS 0x00000000ec700000, 0x00000000ec700000| Untracked 
| 200|0x00000000ec800000, 0x00000000ec800000, 0x00000000ec900000|  0%| F|  |TAMS 0x00000000ec800000, 0x00000000ec800000| Untracked 
| 201|0x00000000ec900000, 0x00000000ec900000, 0x00000000eca00000|  0%| F|  |TAMS 0x00000000ec900000, 0x00000000ec900000| Untracked 
| 202|0x00000000eca00000, 0x00000000eca00000, 0x00000000ecb00000|  0%| F|  |TAMS 0x00000000eca00000, 0x00000000eca00000| Untracked 
| 203|0x00000000ecb00000, 0x00000000ecb00000, 0x00000000ecc00000|  0%| F|  |TAMS 0x00000000ecb00000, 0x00000000ecb00000| Untracked 
| 204|0x00000000ecc00000, 0x00000000ecc00000, 0x00000000ecd00000|  0%| F|  |TAMS 0x00000000ecc00000, 0x00000000ecc00000| Untracked 
| 205|0x00000000ecd00000, 0x00000000ecd00000, 0x00000000ece00000|  0%| F|  |TAMS 0x00000000ecd00000, 0x00000000ecd00000| Untracked 
| 206|0x00000000ece00000, 0x00000000ece00000, 0x00000000ecf00000|  0%| F|  |TAMS 0x00000000ece00000, 0x00000000ece00000| Untracked 
| 207|0x00000000ecf00000, 0x00000000ecf00000, 0x00000000ed000000|  0%| F|  |TAMS 0x00000000ecf00000, 0x00000000ecf00000| Untracked 
| 208|0x00000000ed000000, 0x00000000ed000000, 0x00000000ed100000|  0%| F|  |TAMS 0x00000000ed000000, 0x00000000ed000000| Untracked 
| 209|0x00000000ed100000, 0x00000000ed100000, 0x00000000ed200000|  0%| F|  |TAMS 0x00000000ed100000, 0x00000000ed100000| Untracked 
| 210|0x00000000ed200000, 0x00000000ed200000, 0x00000000ed300000|  0%| F|  |TAMS 0x00000000ed200000, 0x00000000ed200000| Untracked 
| 211|0x00000000ed300000, 0x00000000ed300000, 0x00000000ed400000|  0%| F|  |TAMS 0x00000000ed300000, 0x00000000ed300000| Untracked 
| 212|0x00000000ed400000, 0x00000000ed400000, 0x00000000ed500000|  0%| F|  |TAMS 0x00000000ed400000, 0x00000000ed400000| Untracked 
| 213|0x00000000ed500000, 0x00000000ed500000, 0x00000000ed600000|  0%| F|  |TAMS 0x00000000ed500000, 0x00000000ed500000| Untracked 
| 214|0x00000000ed600000, 0x00000000ed600000, 0x00000000ed700000|  0%| F|  |TAMS 0x00000000ed600000, 0x00000000ed600000| Untracked 
| 215|0x00000000ed700000, 0x00000000ed700000, 0x00000000ed800000|  0%| F|  |TAMS 0x00000000ed700000, 0x00000000ed700000| Untracked 
| 216|0x00000000ed800000, 0x00000000ed800000, 0x00000000ed900000|  0%| F|  |TAMS 0x00000000ed800000, 0x00000000ed800000| Untracked 
| 217|0x00000000ed900000, 0x00000000ed900000, 0x00000000eda00000|  0%| F|  |TAMS 0x00000000ed900000, 0x00000000ed900000| Untracked 
| 218|0x00000000eda00000, 0x00000000eda00000, 0x00000000edb00000|  0%| F|  |TAMS 0x00000000eda00000, 0x00000000eda00000| Untracked 
| 219|0x00000000edb00000, 0x00000000edb00000, 0x00000000edc00000|  0%| F|  |TAMS 0x00000000edb00000, 0x00000000edb00000| Untracked 
| 220|0x00000000edc00000, 0x00000000edc00000, 0x00000000edd00000|  0%| F|  |TAMS 0x00000000edc00000, 0x00000000edc00000| Untracked 
| 221|0x00000000edd00000, 0x00000000edd00000, 0x00000000ede00000|  0%| F|  |TAMS 0x00000000edd00000, 0x00000000edd00000| Untracked 
| 222|0x00000000ede00000, 0x00000000ede00000, 0x00000000edf00000|  0%| F|  |TAMS 0x00000000ede00000, 0x00000000ede00000| Untracked 
| 223|0x00000000edf00000, 0x00000000edf00000, 0x00000000ee000000|  0%| F|  |TAMS 0x00000000edf00000, 0x00000000edf00000| Untracked 
| 224|0x00000000ee000000, 0x00000000ee000000, 0x00000000ee100000|  0%| F|  |TAMS 0x00000000ee000000, 0x00000000ee000000| Untracked 
| 225|0x00000000ee100000, 0x00000000ee100000, 0x00000000ee200000|  0%| F|  |TAMS 0x00000000ee100000, 0x00000000ee100000| Untracked 
| 226|0x00000000ee200000, 0x00000000ee200000, 0x00000000ee300000|  0%| F|  |TAMS 0x00000000ee200000, 0x00000000ee200000| Untracked 
| 227|0x00000000ee300000, 0x00000000ee300000, 0x00000000ee400000|  0%| F|  |TAMS 0x00000000ee300000, 0x00000000ee300000| Untracked 
| 228|0x00000000ee400000, 0x00000000ee400000, 0x00000000ee500000|  0%| F|  |TAMS 0x00000000ee400000, 0x00000000ee400000| Untracked 
| 229|0x00000000ee500000, 0x00000000ee500000, 0x00000000ee600000|  0%| F|  |TAMS 0x00000000ee500000, 0x00000000ee500000| Untracked 
| 230|0x00000000ee600000, 0x00000000ee700000, 0x00000000ee700000|100%| E|  |TAMS 0x00000000ee600000, 0x00000000ee600000| Complete 
| 231|0x00000000ee700000, 0x00000000ee800000, 0x00000000ee800000|100%| E|CS|TAMS 0x00000000ee700000, 0x00000000ee700000| Complete 
| 232|0x00000000ee800000, 0x00000000ee900000, 0x00000000ee900000|100%| E|CS|TAMS 0x00000000ee800000, 0x00000000ee800000| Complete 
| 233|0x00000000ee900000, 0x00000000eea00000, 0x00000000eea00000|100%| E|CS|TAMS 0x00000000ee900000, 0x00000000ee900000| Complete 
| 234|0x00000000eea00000, 0x00000000eeb00000, 0x00000000eeb00000|100%| E|CS|TAMS 0x00000000eea00000, 0x00000000eea00000| Complete 
| 235|0x00000000eeb00000, 0x00000000eec00000, 0x00000000eec00000|100%| E|CS|TAMS 0x00000000eeb00000, 0x00000000eeb00000| Complete 
| 236|0x00000000eec00000, 0x00000000eed00000, 0x00000000eed00000|100%| E|CS|TAMS 0x00000000eec00000, 0x00000000eec00000| Complete 
| 237|0x00000000eed00000, 0x00000000eee00000, 0x00000000eee00000|100%| E|CS|TAMS 0x00000000eed00000, 0x00000000eed00000| Complete 
| 238|0x00000000eee00000, 0x00000000eef00000, 0x00000000eef00000|100%| E|CS|TAMS 0x00000000eee00000, 0x00000000eee00000| Complete 
| 239|0x00000000eef00000, 0x00000000ef000000, 0x00000000ef000000|100%| E|CS|TAMS 0x00000000eef00000, 0x00000000eef00000| Complete 
| 240|0x00000000ef000000, 0x00000000ef100000, 0x00000000ef100000|100%| E|CS|TAMS 0x00000000ef000000, 0x00000000ef000000| Complete 
| 241|0x00000000ef100000, 0x00000000ef200000, 0x00000000ef200000|100%| E|CS|TAMS 0x00000000ef100000, 0x00000000ef100000| Complete 
| 242|0x00000000ef200000, 0x00000000ef300000, 0x00000000ef300000|100%| E|CS|TAMS 0x00000000ef200000, 0x00000000ef200000| Complete 
| 243|0x00000000ef300000, 0x00000000ef400000, 0x00000000ef400000|100%| E|CS|TAMS 0x00000000ef300000, 0x00000000ef300000| Complete 
| 244|0x00000000ef400000, 0x00000000ef500000, 0x00000000ef500000|100%| E|CS|TAMS 0x00000000ef400000, 0x00000000ef400000| Complete 
| 245|0x00000000ef500000, 0x00000000ef600000, 0x00000000ef600000|100%| E|CS|TAMS 0x00000000ef500000, 0x00000000ef500000| Complete 
| 246|0x00000000ef600000, 0x00000000ef700000, 0x00000000ef700000|100%| E|CS|TAMS 0x00000000ef600000, 0x00000000ef600000| Complete 
| 247|0x00000000ef700000, 0x00000000ef800000, 0x00000000ef800000|100%| E|CS|TAMS 0x00000000ef700000, 0x00000000ef700000| Complete 
| 248|0x00000000ef800000, 0x00000000ef900000, 0x00000000ef900000|100%| E|CS|TAMS 0x00000000ef800000, 0x00000000ef800000| Complete 
| 249|0x00000000ef900000, 0x00000000efa00000, 0x00000000efa00000|100%| E|CS|TAMS 0x00000000ef900000, 0x00000000ef900000| Complete 
| 250|0x00000000efa00000, 0x00000000efb00000, 0x00000000efb00000|100%| E|CS|TAMS 0x00000000efa00000, 0x00000000efa00000| Complete 
| 251|0x00000000efb00000, 0x00000000efc00000, 0x00000000efc00000|100%| E|CS|TAMS 0x00000000efb00000, 0x00000000efb00000| Complete 
| 252|0x00000000efc00000, 0x00000000efd00000, 0x00000000efd00000|100%| E|CS|TAMS 0x00000000efc00000, 0x00000000efc00000| Complete 
| 253|0x00000000efd00000, 0x00000000efe00000, 0x00000000efe00000|100%| E|CS|TAMS 0x00000000efd00000, 0x00000000efd00000| Complete 
| 254|0x00000000efe00000, 0x00000000eff00000, 0x00000000eff00000|100%| E|CS|TAMS 0x00000000efe00000, 0x00000000efe00000| Complete 
| 255|0x00000000eff00000, 0x00000000f0000000, 0x00000000f0000000|100%| E|CS|TAMS 0x00000000eff00000, 0x00000000eff00000| Complete 

Card table byte_map: [0x000002dbf60a0000,0x000002dbf61a0000] _byte_map_base: 0x000002dbf59a0000

Marking Bits (Prev, Next): (CMBitMap*) 0x000002dbdef3d2f0, (CMBitMap*) 0x000002dbdef3d330
 Prev Bits: [0x000002dbf62a0000, 0x000002dbf6aa0000)
 Next Bits: [0x000002dbf6aa0000, 0x000002dbf72a0000)

Polling page: 0x000002dbdcff0000

Metaspace:

Usage:
  Non-class:     50.02 MB used.
      Class:      7.98 MB used.
       Both:     58.00 MB used.

Virtual space:
  Non-class space:       64.00 MB reserved,      50.38 MB ( 79%) committed,  1 nodes.
      Class space:      320.00 MB reserved,       8.31 MB (  3%) committed,  1 nodes.
             Both:      384.00 MB reserved,      58.69 MB ( 15%) committed. 

Chunk freelists:
   Non-Class:  13.36 MB
       Class:  7.64 MB
        Both:  21.00 MB

MaxMetaspaceSize: 384.00 MB
CompressedClassSpaceSize: 320.00 MB
Initial GC threshold: 21.00 MB
Current GC threshold: 58.69 MB
CDS: on
MetaspaceReclaimPolicy: balanced
 - commit_granule_bytes: 65536.
 - commit_granule_words: 8192.
 - virtual_space_node_default_size: 8388608.
 - enlarge_chunks_in_place: 1.
 - new_chunks_are_fully_committed: 0.
 - uncommit_free_chunks: 1.
 - use_allocation_guard: 0.
 - handle_deallocations: 1.


Internal statistics:

num_allocs_failed_limit: 6.
num_arena_births: 900.
num_arena_deaths: 0.
num_vsnodes_births: 2.
num_vsnodes_deaths: 0.
num_space_committed: 939.
num_space_uncommitted: 0.
num_chunks_returned_to_freelist: 6.
num_chunks_taken_from_freelist: 3370.
num_chunk_merges: 3.
num_chunk_splits: 2141.
num_chunks_enlarged: 1354.
num_inconsistent_stats: 0.

CodeHeap 'non-profiled nmethods': size=120000Kb used=5049Kb max_used=5049Kb free=114950Kb
 bounds [0x000002dbee520000, 0x000002dbeea10000, 0x000002dbf5a50000]
CodeHeap 'profiled nmethods': size=120000Kb used=16178Kb max_used=16178Kb free=103821Kb
 bounds [0x000002dbe6a50000, 0x000002dbe7a20000, 0x000002dbedf80000]
CodeHeap 'non-nmethods': size=5760Kb used=2338Kb max_used=2382Kb free=3421Kb
 bounds [0x000002dbedf80000, 0x000002dbee1f0000, 0x000002dbee520000]
 total_blobs=9161 nmethods=8300 adapters=771
 compilation: enabled
              stopped_count=0, restarted_count=0
 full_count=0

Compilation events (20 events):
Event: 16.512 Thread 0x000002dbf9f18f70 9023       4       org.gradle.internal.logging.slf4j.BuildOperationAwareLogger::debug (18 bytes)
Event: 16.513 Thread 0x000002dbf9f18f70 nmethod 9023 0x000002dbeea0a010 code [0x000002dbeea0a1a0, 0x000002dbeea0a2c8]
Event: 16.513 Thread 0x000002dbf9f18f70 9031       4       com.google.common.reflect.TypeResolver$TypeVariableKey::equalsTypeVariable (48 bytes)
Event: 16.517 Thread 0x000002dbf9f18f70 nmethod 9031 0x000002dbeea0a490 code [0x000002dbeea0a660, 0x000002dbeea0aaf8]
Event: 16.518 Thread 0x000002dbf9f18f70 9020       4       java.lang.invoke.MethodHandleNatives::refKindIsField (32 bytes)
Event: 16.518 Thread 0x000002dbf9f18f70 nmethod 9020 0x000002dbeea0ae90 code [0x000002dbeea0b000, 0x000002dbeea0b078]
Event: 16.519 Thread 0x000002dbf9f19930 9057       3       org.gradle.api.internal.provider.DefaultProperty::value (7 bytes)
Event: 16.519 Thread 0x000002dbf9f19930 nmethod 9057 0x000002dbe7a14690 code [0x000002dbe7a14840, 0x000002dbe7a14a28]
Event: 16.520 Thread 0x000002dbf9f19930 9058       3       org.gradle.cache.internal.DefaultCrossBuildInMemoryCacheFactory$DefaultClassMap::maybeGetRetainedValue (9 bytes)
Event: 16.520 Thread 0x000002dbf9f19930 nmethod 9058 0x000002dbe7a14b10 code [0x000002dbe7a14ce0, 0x000002dbe7a15058]
Event: 16.520 Thread 0x000002dbf9f19930 9059       3       org.gradle.cache.internal.DefaultCrossBuildInMemoryCacheFactory$DefaultClassMap::maybeGetRetainedValue (12 bytes)
Event: 16.521 Thread 0x000002dbf9f19930 nmethod 9059 0x000002dbe7a15190 code [0x000002dbe7a153c0, 0x000002dbe7a15df8]
Event: 16.524 Thread 0x000002dbf9f19930 9060       3       org.gradle.internal.instantiation.generator.AsmBackedClassGenerator$ClassBuilderImpl::access$8000 (4 bytes)
Event: 16.524 Thread 0x000002dbf9f19930 nmethod 9060 0x000002dbe7a16110 code [0x000002dbe7a162a0, 0x000002dbe7a16398]
Event: 16.524 Thread 0x000002dbf9f19930 9061       3       org.gradle.model.internal.asm.MethodVisitorScope::_INVOKEDYNAMIC (15 bytes)
Event: 16.524 Thread 0x000002dbf9f19930 nmethod 9061 0x000002dbe7a16410 code [0x000002dbe7a165c0, 0x000002dbe7a167f8]
Event: 16.524 Thread 0x000002dbf9f19930 9062       3       org.gradle.internal.instantiation.generator.AsmBackedClassGenerator$ClassBuilderImpl::access$8300 (4 bytes)
Event: 16.524 Thread 0x000002dbf9f19930 nmethod 9062 0x000002dbe7a16910 code [0x000002dbe7a16aa0, 0x000002dbe7a16b98]
Event: 16.533 Thread 0x000002dbf9f19930 9063       3       org.gradle.internal.instantiation.generator.AsmBackedClassGenerator$ClassBuilderImpl::access$1400 (4 bytes)
Event: 16.533 Thread 0x000002dbf9f19930 nmethod 9063 0x000002dbe7a16c10 code [0x000002dbe7a16da0, 0x000002dbe7a16e98]

GC Heap History (16 events):
Event: 0.677 GC heap before
{Heap before GC invocations=0 (full 0):
 garbage-first heap   total 262144K, used 26624K [0x00000000e0000000, 0x0000000100000000)
  region size 1024K, 23 young (23552K), 0 survivors (0K)
 Metaspace       used 1097K, committed 1216K, reserved 393216K
  class space    used 72K, committed 128K, reserved 327680K
}
Event: 0.680 GC heap after
{Heap after GC invocations=1 (full 0):
 garbage-first heap   total 262144K, used 10347K [0x00000000e0000000, 0x0000000100000000)
  region size 1024K, 3 young (3072K), 3 survivors (3072K)
 Metaspace       used 1097K, committed 1216K, reserved 393216K
  class space    used 72K, committed 128K, reserved 327680K
}
Event: 1.426 GC heap before
{Heap before GC invocations=1 (full 0):
 garbage-first heap   total 262144K, used 40043K [0x00000000e0000000, 0x0000000100000000)
  region size 1024K, 32 young (32768K), 3 survivors (3072K)
 Metaspace       used 4273K, committed 4480K, reserved 393216K
  class space    used 535K, committed 640K, reserved 327680K
}
Event: 1.431 GC heap after
{Heap after GC invocations=2 (full 0):
 garbage-first heap   total 262144K, used 11793K [0x00000000e0000000, 0x0000000100000000)
  region size 1024K, 2 young (2048K), 2 survivors (2048K)
 Metaspace       used 4273K, committed 4480K, reserved 393216K
  class space    used 535K, committed 640K, reserved 327680K
}
Event: 3.610 GC heap before
{Heap before GC invocations=2 (full 0):
 garbage-first heap   total 262144K, used 116241K [0x00000000e0000000, 0x0000000100000000)
  region size 1024K, 102 young (104448K), 2 survivors (2048K)
 Metaspace       used 16354K, committed 16640K, reserved 393216K
  class space    used 2299K, committed 2432K, reserved 327680K
}
Event: 3.618 GC heap after
{Heap after GC invocations=3 (full 0):
 garbage-first heap   total 262144K, used 21669K [0x00000000e0000000, 0x0000000100000000)
  region size 1024K, 11 young (11264K), 11 survivors (11264K)
 Metaspace       used 16354K, committed 16640K, reserved 393216K
  class space    used 2299K, committed 2432K, reserved 327680K
}
Event: 4.570 GC heap before
{Heap before GC invocations=3 (full 0):
 garbage-first heap   total 262144K, used 64677K [0x00000000e0000000, 0x0000000100000000)
  region size 1024K, 54 young (55296K), 11 survivors (11264K)
 Metaspace       used 21216K, committed 21504K, reserved 393216K
  class space    used 3103K, committed 3264K, reserved 327680K
}
Event: 4.577 GC heap after
{Heap after GC invocations=4 (full 0):
 garbage-first heap   total 262144K, used 24883K [0x00000000e0000000, 0x0000000100000000)
  region size 1024K, 12 young (12288K), 12 survivors (12288K)
 Metaspace       used 21216K, committed 21504K, reserved 393216K
  class space    used 3103K, committed 3264K, reserved 327680K
}
Event: 7.063 GC heap before
{Heap before GC invocations=5 (full 0):
 garbage-first heap   total 262144K, used 128307K [0x00000000e0000000, 0x0000000100000000)
  region size 1024K, 115 young (117760K), 12 survivors (12288K)
 Metaspace       used 35581K, committed 35968K, reserved 393216K
  class space    used 5043K, committed 5248K, reserved 327680K
}
Event: 7.076 GC heap after
{Heap after GC invocations=6 (full 0):
 garbage-first heap   total 262144K, used 32413K [0x00000000e0000000, 0x0000000100000000)
  region size 1024K, 11 young (11264K), 11 survivors (11264K)
 Metaspace       used 35581K, committed 35968K, reserved 393216K
  class space    used 5043K, committed 5248K, reserved 327680K
}
Event: 9.937 GC heap before
{Heap before GC invocations=7 (full 0):
 garbage-first heap   total 262144K, used 183965K [0x00000000e0000000, 0x0000000100000000)
  region size 1024K, 153 young (156672K), 11 survivors (11264K)
 Metaspace       used 46187K, committed 46848K, reserved 393216K
  class space    used 6445K, committed 6784K, reserved 327680K
}
Event: 9.950 GC heap after
{Heap after GC invocations=8 (full 0):
 garbage-first heap   total 262144K, used 42318K [0x00000000e0000000, 0x0000000100000000)
  region size 1024K, 20 young (20480K), 20 survivors (20480K)
 Metaspace       used 46187K, committed 46848K, reserved 393216K
  class space    used 6445K, committed 6784K, reserved 327680K
}
Event: 13.559 GC heap before
{Heap before GC invocations=8 (full 0):
 garbage-first heap   total 262144K, used 183630K [0x00000000e0000000, 0x0000000100000000)
  region size 1024K, 153 young (156672K), 20 survivors (20480K)
 Metaspace       used 51145K, committed 51776K, reserved 393216K
  class space    used 7109K, committed 7424K, reserved 327680K
}
Event: 13.576 GC heap after
{Heap after GC invocations=9 (full 0):
 garbage-first heap   total 262144K, used 56468K [0x00000000e0000000, 0x0000000100000000)
  region size 1024K, 10 young (10240K), 10 survivors (10240K)
 Metaspace       used 51145K, committed 51776K, reserved 393216K
  class space    used 7109K, committed 7424K, reserved 327680K
}
Event: 15.941 GC heap before
{Heap before GC invocations=9 (full 0):
 garbage-first heap   total 262144K, used 198804K [0x00000000e0000000, 0x0000000100000000)
  region size 1024K, 145 young (148480K), 10 survivors (10240K)
 Metaspace       used 56893K, committed 57600K, reserved 393216K
  class space    used 7795K, committed 8128K, reserved 327680K
}
Event: 15.951 GC heap after
{Heap after GC invocations=10 (full 0):
 garbage-first heap   total 262144K, used 71083K [0x00000000e0000000, 0x0000000100000000)
  region size 1024K, 19 young (19456K), 19 survivors (19456K)
 Metaspace       used 56893K, committed 57600K, reserved 393216K
  class space    used 7795K, committed 8128K, reserved 327680K
}

Dll operation events (15 events):
Event: 0.020 Loaded shared library C:\Program Files\Microsoft\jdk-17.0.15.6-hotspot\bin\java.dll
Event: 0.039 Loaded shared library C:\Program Files\Microsoft\jdk-17.0.15.6-hotspot\bin\jsvml.dll
Event: 0.079 Loaded shared library C:\Program Files\Microsoft\jdk-17.0.15.6-hotspot\bin\zip.dll
Event: 0.083 Loaded shared library C:\Program Files\Microsoft\jdk-17.0.15.6-hotspot\bin\instrument.dll
Event: 0.088 Loaded shared library C:\Program Files\Microsoft\jdk-17.0.15.6-hotspot\bin\net.dll
Event: 0.089 Loaded shared library C:\Program Files\Microsoft\jdk-17.0.15.6-hotspot\bin\nio.dll
Event: 0.091 Loaded shared library C:\Program Files\Microsoft\jdk-17.0.15.6-hotspot\bin\zip.dll
Event: 0.436 Loaded shared library C:\Program Files\Microsoft\jdk-17.0.15.6-hotspot\bin\jimage.dll
Event: 0.690 Loaded shared library C:\Program Files\Microsoft\jdk-17.0.15.6-hotspot\bin\verify.dll
Event: 0.924 Loaded shared library C:\Users\HP\.gradle\native\c067742578af261105cb4f569cf0c3c89f3d7b1fecec35dd04571415982c5e48\windows-amd64\native-platform.dll
Event: 0.938 Loaded shared library C:\Users\HP\.gradle\native\100fb08df4bc3b14c8652ba06237920a3bd2aa13389f12d3474272988ae205f9\windows-amd64\native-platform-file-events.dll
Event: 2.155 Loaded shared library C:\Program Files\Microsoft\jdk-17.0.15.6-hotspot\bin\management.dll
Event: 2.158 Loaded shared library C:\Program Files\Microsoft\jdk-17.0.15.6-hotspot\bin\management_ext.dll
Event: 2.424 Loaded shared library C:\Program Files\Microsoft\jdk-17.0.15.6-hotspot\bin\extnet.dll
Event: 2.710 Loaded shared library C:\Program Files\Microsoft\jdk-17.0.15.6-hotspot\bin\sunmscapi.dll

Deoptimization events (20 events):
Event: 16.177 Thread 0x000002dbfe0f7200 DEOPT PACKING pc=0x000002dbee73e110 sp=0x000000f1c81f6460
Event: 16.177 Thread 0x000002dbfe0f7200 DEOPT UNPACKING pc=0x000002dbedfd69a3 sp=0x000000f1c81f63f8 mode 2
Event: 16.430 Thread 0x000002dbfe0f7200 DEOPT PACKING pc=0x000002dbe6ab16f4 sp=0x000000f1c81f5a70
Event: 16.430 Thread 0x000002dbfe0f7200 DEOPT UNPACKING pc=0x000002dbedfd7143 sp=0x000000f1c81f4f30 mode 0
Event: 16.494 Thread 0x000002dbfe0f7200 Uncommon trap: trap_request=0xffffffde fr.pc=0x000002dbee956ffc relative=0x000000000000005c
Event: 16.494 Thread 0x000002dbfe0f7200 Uncommon trap: reason=class_check action=maybe_recompile pc=0x000002dbee956ffc method=java.lang.invoke.Invokers$Holder.linkToTargetMethod(Ljava/lang/Object;Ljava/lang/Object;Ljava/lang/Object;Ljava/lang/Object;)Ljava/lang/Object; @ 1 c2
Event: 16.494 Thread 0x000002dbfe0f7200 DEOPT PACKING pc=0x000002dbee956ffc sp=0x000000f1c81f4dc0
Event: 16.495 Thread 0x000002dbfe0f7200 DEOPT UNPACKING pc=0x000002dbedfd69a3 sp=0x000000f1c81f4d50 mode 2
Event: 16.498 Thread 0x000002dbfe0f7200 Uncommon trap: trap_request=0xffffffde fr.pc=0x000002dbee956ffc relative=0x000000000000005c
Event: 16.498 Thread 0x000002dbfe0f7200 Uncommon trap: reason=class_check action=maybe_recompile pc=0x000002dbee956ffc method=java.lang.invoke.Invokers$Holder.linkToTargetMethod(Ljava/lang/Object;Ljava/lang/Object;Ljava/lang/Object;Ljava/lang/Object;)Ljava/lang/Object; @ 1 c2
Event: 16.498 Thread 0x000002dbfe0f7200 DEOPT PACKING pc=0x000002dbee956ffc sp=0x000000f1c81f4b00
Event: 16.498 Thread 0x000002dbfe0f7200 DEOPT UNPACKING pc=0x000002dbedfd69a3 sp=0x000000f1c81f4a90 mode 2
Event: 16.504 Thread 0x000002dbfe0f7200 Uncommon trap: trap_request=0xffffff45 fr.pc=0x000002dbee90c378 relative=0x0000000000000498
Event: 16.504 Thread 0x000002dbfe0f7200 Uncommon trap: reason=unstable_if action=reinterpret pc=0x000002dbee90c378 method=java.io.WinNTFileSystem.prefixLength(Ljava/lang/String;)I @ 42 c2
Event: 16.504 Thread 0x000002dbfe0f7200 DEOPT PACKING pc=0x000002dbee90c378 sp=0x000000f1c81f4fe0
Event: 16.504 Thread 0x000002dbfe0f7200 DEOPT UNPACKING pc=0x000002dbedfd69a3 sp=0x000000f1c81f4f18 mode 2
Event: 16.504 Thread 0x000002dbfe0f7200 Uncommon trap: trap_request=0xffffff45 fr.pc=0x000002dbee681f60 relative=0x00000000000002a0
Event: 16.504 Thread 0x000002dbfe0f7200 Uncommon trap: reason=unstable_if action=reinterpret pc=0x000002dbee681f60 method=java.io.WinNTFileSystem.prefixLength(Ljava/lang/String;)I @ 42 c2
Event: 16.504 Thread 0x000002dbfe0f7200 DEOPT PACKING pc=0x000002dbee681f60 sp=0x000000f1c81f4f90
Event: 16.504 Thread 0x000002dbfe0f7200 DEOPT UNPACKING pc=0x000002dbedfd69a3 sp=0x000000f1c81f4f18 mode 2

Classes loaded (20 events):
Event: 16.499 Loading class jdk/xml/internal/XMLSecurityManager$Limit
Event: 16.500 Loading class jdk/xml/internal/XMLSecurityManager$Limit done
Event: 16.500 Loading class jdk/xml/internal/XMLSecurityManager$Processor
Event: 16.500 Loading class jdk/xml/internal/XMLSecurityManager$Processor done
Event: 16.500 Loading class jdk/xml/internal/XMLSecurityManager$NameMap
Event: 16.500 Loading class jdk/xml/internal/XMLSecurityManager$NameMap done
Event: 16.501 Loading class com/sun/org/apache/xerces/internal/jaxp/DocumentBuilderFactoryImpl
Event: 16.502 Loading class com/sun/org/apache/xerces/internal/jaxp/DocumentBuilderFactoryImpl done
Event: 16.502 Loading class com/sun/org/apache/xerces/internal/utils/XMLSecurityManager
Event: 16.502 Loading class com/sun/org/apache/xerces/internal/utils/XMLSecurityManager done
Event: 16.502 Loading class com/sun/org/apache/xerces/internal/utils/XMLSecurityManager$Limit
Event: 16.503 Loading class com/sun/org/apache/xerces/internal/utils/XMLSecurityManager$Limit done
Event: 16.503 Loading class com/sun/org/apache/xerces/internal/utils/XMLSecurityManager$NameMap
Event: 16.503 Loading class com/sun/org/apache/xerces/internal/utils/XMLSecurityManager$NameMap done
Event: 16.503 Loading class com/sun/org/apache/xerces/internal/utils/XMLSecurityPropertyManager
Event: 16.504 Loading class com/sun/org/apache/xerces/internal/utils/XMLSecurityPropertyManager done
Event: 16.504 Loading class com/sun/org/apache/xerces/internal/utils/XMLSecurityPropertyManager$State
Event: 16.504 Loading class com/sun/org/apache/xerces/internal/utils/XMLSecurityPropertyManager$State done
Event: 16.504 Loading class com/sun/org/apache/xerces/internal/utils/XMLSecurityPropertyManager$Property
Event: 16.504 Loading class com/sun/org/apache/xerces/internal/utils/XMLSecurityPropertyManager$Property done

Classes unloaded (0 events):
No events

Classes redefined (0 events):
No events

Internal exceptions (20 events):
Event: 9.966 Thread 0x000002dbfe0f7200 Exception <a 'java/lang/ClassNotFoundException'{0x00000000effafb60}: org/gradle/api/internal/artifacts/dsl/dependencies/DefaultDependencyHandler_DecoratedCustomizer> (0x00000000effafb60) 
thrown [s\src\hotspot\share\classfile\systemDictionary.cpp, line 256]
Event: 10.318 Thread 0x000002dbfe0f7200 Exception <a 'java/lang/NoSuchMethodError'{0x00000000ef419360}: 'java.lang.Object java.lang.invoke.DirectMethodHandle$Holder.invokeSpecial(java.lang.Object, java.lang.Object, long, java.lang.Object, java.lang.Object)'> (0x00000000ef419360) 
thrown [s\src\hotspot\share\interpreter\linkResolver.cpp, line 759]
Event: 10.446 Thread 0x000002dbfe0f7200 Exception <a 'java/lang/NoSuchMethodError'{0x00000000eeec9368}: 'int java.lang.invoke.DirectMethodHandle$Holder.invokeSpecialIFC(java.lang.Object, java.lang.Object, java.lang.Object)'> (0x00000000eeec9368) 
thrown [s\src\hotspot\share\interpreter\linkResolver.cpp, line 759]
Event: 10.643 Thread 0x000002dbfe0f7200 Exception <a 'java/lang/NoSuchMethodError'{0x00000000ee6bdbe0}: 'java.lang.Object java.lang.invoke.DirectMethodHandle$Holder.invokeSpecial(java.lang.Object, java.lang.Object, java.lang.Object, java.lang.Object, java.lang.Object, long)'> (0x00000000ee6bdbe0) 
thrown [s\src\hotspot\share\interpreter\linkResolver.cpp, line 759]
Event: 10.646 Thread 0x000002dbfe0f7200 Exception <a 'java/lang/NoSuchMethodError'{0x00000000ee6e7c98}: 'void java.lang.invoke.DirectMethodHandle$Holder.invokeStatic(java.lang.Object, java.lang.Object, java.lang.Object, int, java.lang.Object)'> (0x00000000ee6e7c98) 
thrown [s\src\hotspot\share\interpreter\linkResolver.cpp, line 759]
Event: 11.028 Thread 0x000002dbfe0f7200 Exception <a 'java/lang/NoSuchMethodError'{0x00000000ed781958}: 'java.lang.Object java.lang.invoke.DirectMethodHandle$Holder.invokeSpecialIFC(java.lang.Object, java.lang.Object, java.lang.Object)'> (0x00000000ed781958) 
thrown [s\src\hotspot\share\interpreter\linkResolver.cpp, line 759]
Event: 11.239 Thread 0x000002dbfe0f7200 Exception <a 'java/lang/ClassNotFoundException'{0x00000000ec71f6d8}: build_1kd2p99ts57p9gx0chi9bug57BeanInfo> (0x00000000ec71f6d8) 
thrown [s\src\hotspot\share\classfile\systemDictionary.cpp, line 256]
Event: 11.239 Thread 0x000002dbfe0f7200 Exception <a 'java/lang/ClassNotFoundException'{0x00000000ec726858}: build_1kd2p99ts57p9gx0chi9bug57Customizer> (0x00000000ec726858) 
thrown [s\src\hotspot\share\classfile\systemDictionary.cpp, line 256]
Event: 12.288 Thread 0x000002dbfe0f7200 Exception <a 'sun/nio/fs/WindowsException'{0x00000000eba53e20}> (0x00000000eba53e20) 
thrown [s\src\hotspot\share\prims\jni.cpp, line 516]
Event: 12.289 Thread 0x000002dbfe0f7200 Exception <a 'sun/nio/fs/WindowsException'{0x00000000eba55570}> (0x00000000eba55570) 
thrown [s\src\hotspot\share\prims\jni.cpp, line 516]
Event: 12.289 Thread 0x000002dbfe0f7200 Exception <a 'sun/nio/fs/WindowsException'{0x00000000eba56cb0}> (0x00000000eba56cb0) 
thrown [s\src\hotspot\share\prims\jni.cpp, line 516]
Event: 12.290 Thread 0x000002dbfe0f7200 Exception <a 'sun/nio/fs/WindowsException'{0x00000000eba583c8}> (0x00000000eba583c8) 
thrown [s\src\hotspot\share\prims\jni.cpp, line 516]
Event: 12.354 Thread 0x000002dbfe0f7200 Exception <a 'java/lang/ClassNotFoundException'{0x00000000eb9bf678}: build_4jz2n4ngqbgfh5h1ccwnd9ie1BeanInfo> (0x00000000eb9bf678) 
thrown [s\src\hotspot\share\classfile\systemDictionary.cpp, line 256]
Event: 12.355 Thread 0x000002dbfe0f7200 Exception <a 'java/lang/ClassNotFoundException'{0x00000000eb9c6880}: build_4jz2n4ngqbgfh5h1ccwnd9ie1Customizer> (0x00000000eb9c6880) 
thrown [s\src\hotspot\share\classfile\systemDictionary.cpp, line 256]
Event: 12.374 Thread 0x000002dbfe0f7200 Implicit null exception at 0x000002dbee81680f to 0x000002dbee816e40
Event: 13.433 Thread 0x000002db96f72fb0 Implicit null exception at 0x000002dbee917386 to 0x000002dbee917a44
Event: 14.199 Thread 0x000002dbfe0f7200 Exception <a 'java/lang/ClassNotFoundException'{0x00000000ebbe4980}: build_4jz2n4ngqbgfh5h1ccwnd9ie1BeanInfo> (0x00000000ebbe4980) 
thrown [s\src\hotspot\share\classfile\systemDictionary.cpp, line 256]
Event: 14.200 Thread 0x000002dbfe0f7200 Exception <a 'java/lang/ClassNotFoundException'{0x00000000ebbebb00}: build_4jz2n4ngqbgfh5h1ccwnd9ie1Customizer> (0x00000000ebbebb00) 
thrown [s\src\hotspot\share\classfile\systemDictionary.cpp, line 256]
Event: 14.824 Thread 0x000002dbfe0f7200 Implicit null exception at 0x000002dbee987df6 to 0x000002dbee989668
Event: 16.356 Thread 0x000002dbfe0f7200 Exception <a 'java/lang/NoSuchMethodError'{0x00000000eef08368}: 'void java.lang.invoke.DirectMethodHandle$Holder.invokeInterface(java.lang.Object, java.lang.Object, java.lang.Object, java.lang.Object)'> (0x00000000eef08368) 
thrown [s\src\hotspot\share\interpreter\linkResolver.cpp, line 759]

VM Operations (20 events):
Event: 13.289 Executing VM operation: ICBufferFull done
Event: 13.290 Executing VM operation: ICBufferFull
Event: 13.290 Executing VM operation: ICBufferFull done
Event: 13.290 Executing VM operation: ICBufferFull
Event: 13.290 Executing VM operation: ICBufferFull done
Event: 13.291 Executing VM operation: ICBufferFull
Event: 13.292 Executing VM operation: ICBufferFull done
Event: 13.558 Executing VM operation: G1CollectForAllocation
Event: 13.576 Executing VM operation: G1CollectForAllocation done
Event: 14.319 Executing VM operation: ICBufferFull
Event: 14.319 Executing VM operation: ICBufferFull done
Event: 14.368 Executing VM operation: HandshakeAllThreads
Event: 14.369 Executing VM operation: HandshakeAllThreads done
Event: 15.379 Executing VM operation: Cleanup
Event: 15.379 Executing VM operation: Cleanup done
Event: 15.513 Executing VM operation: HandshakeAllThreads
Event: 15.513 Executing VM operation: HandshakeAllThreads done
Event: 15.941 Executing VM operation: G1CollectForAllocation
Event: 15.951 Executing VM operation: G1CollectForAllocation done
Event: 16.965 Executing VM operation: Cleanup

Memory protections (0 events):
No events

Nmethod flushes (20 events):
Event: 7.898 Thread 0x000002dbf9f1e250 flushing  nmethod 0x000002dbe724a610
Event: 7.898 Thread 0x000002dbf9f1e250 flushing  nmethod 0x000002dbe724e810
Event: 7.898 Thread 0x000002dbf9f1e250 flushing  nmethod 0x000002dbe726b410
Event: 7.898 Thread 0x000002dbf9f1e250 flushing  nmethod 0x000002dbe72b1510
Event: 12.918 Thread 0x000002dbf9f1e250 flushing  nmethod 0x000002dbee54e290
Event: 12.919 Thread 0x000002dbf9f1e250 flushing  nmethod 0x000002dbee673d10
Event: 12.920 Thread 0x000002dbf9f1e250 flushing  nmethod 0x000002dbee6d9f10
Event: 12.920 Thread 0x000002dbf9f1e250 flushing  nmethod 0x000002dbee6dae10
Event: 12.920 Thread 0x000002dbf9f1e250 flushing  nmethod 0x000002dbee702690
Event: 12.926 Thread 0x000002dbf9f1e250 flushing  nmethod 0x000002dbe6d0be90
Event: 12.927 Thread 0x000002dbf9f1e250 flushing  nmethod 0x000002dbe6ddd590
Event: 12.928 Thread 0x000002dbf9f1e250 flushing  nmethod 0x000002dbe6e60010
Event: 12.928 Thread 0x000002dbf9f1e250 flushing  nmethod 0x000002dbe6e91790
Event: 12.928 Thread 0x000002dbf9f1e250 flushing  nmethod 0x000002dbe6f51390
Event: 12.928 Thread 0x000002dbf9f1e250 flushing  nmethod 0x000002dbe6f5ec90
Event: 12.929 Thread 0x000002dbf9f1e250 flushing  nmethod 0x000002dbe6fdb790
Event: 12.929 Thread 0x000002dbf9f1e250 flushing  nmethod 0x000002dbe6fdea10
Event: 12.930 Thread 0x000002dbf9f1e250 flushing  nmethod 0x000002dbe7100c10
Event: 12.930 Thread 0x000002dbf9f1e250 flushing  nmethod 0x000002dbe71d2510
Event: 12.932 Thread 0x000002dbf9f1e250 flushing  nmethod 0x000002dbe72dc310

Events (20 events):
Event: 13.028 Thread 0x000002dbfe0f7200 Thread added: 0x000002db9684b740
Event: 13.030 Thread 0x000002dbfe0f7200 Thread added: 0x000002db96847f90
Event: 13.032 Thread 0x000002dbfe0f7200 Thread added: 0x000002db9684a300
Event: 13.034 Thread 0x000002dbfe0f7200 Thread added: 0x000002db9684ad20
Event: 13.036 Thread 0x000002dbfe0f7200 Thread added: 0x000002db96848ec0
Event: 13.038 Thread 0x000002dbfe0f7200 Thread added: 0x000002db9684bc50
Event: 13.039 Thread 0x000002dbfe0f7200 Thread added: 0x000002db9684c160
Event: 13.247 Thread 0x000002dbfe0f7200 Thread added: 0x000002db9684c670
Event: 13.248 Thread 0x000002dbfe0f7200 Thread added: 0x000002db9684cb80
Event: 13.249 Thread 0x000002dbfe0f7200 Thread added: 0x000002db968493d0
Event: 13.250 Thread 0x000002dbfe0f7200 Thread added: 0x000002db9684dab0
Event: 13.251 Thread 0x000002dbfe0f7200 Thread added: 0x000002db9684d090
Event: 13.252 Thread 0x000002dbfe0f7200 Thread added: 0x000002db9684d5a0
Event: 13.253 Thread 0x000002dbfe0f7200 Thread added: 0x000002db9684dfc0
Event: 13.257 Thread 0x000002dbfe0f7200 Thread added: 0x000002db9684e4d0
Event: 13.266 Thread 0x000002dbfe0f7200 Thread added: 0x000002db96f72fb0
Event: 13.268 Thread 0x000002dbfe0f7200 Thread added: 0x000002db96f74900
Event: 13.269 Thread 0x000002dbfe0f7200 Thread added: 0x000002db96f72aa0
Event: 15.386 Thread 0x000002dbfe07b7d0 Thread exited: 0x000002dbfe07b7d0
Event: 15.633 Thread 0x000002dbf9f19930 Thread added: 0x000002db96adc860


Dynamic libraries:
0x00007ff77d7d0000 - 0x00007ff77d7de000 	C:\Program Files\Microsoft\jdk-17.0.15.6-hotspot\bin\java.exe
0x00007ff8dc440000 - 0x00007ff8dc6a7000 	C:\WINDOWS\SYSTEM32\ntdll.dll
0x00007ff8db7d0000 - 0x00007ff8db899000 	C:\WINDOWS\System32\KERNEL32.DLL
0x00007ff8d9bd0000 - 0x00007ff8d9fc1000 	C:\WINDOWS\System32\KERNELBASE.dll
0x00007ff8d9fd0000 - 0x00007ff8da11b000 	C:\WINDOWS\System32\ucrtbase.dll
0x00007ff8b9530000 - 0x00007ff8b954d000 	C:\Program Files\Microsoft\jdk-17.0.15.6-hotspot\bin\VCRUNTIME140.dll
0x00007ff897430000 - 0x00007ff897447000 	C:\Program Files\Microsoft\jdk-17.0.15.6-hotspot\bin\jli.dll
0x00007ff8db410000 - 0x00007ff8db5d5000 	C:\WINDOWS\System32\USER32.dll
0x00007ff8d9970000 - 0x00007ff8d9997000 	C:\WINDOWS\System32\win32u.dll
0x00007ff8b8ca0000 - 0x00007ff8b8f33000 	C:\WINDOWS\WinSxS\amd64_microsoft.windows.common-controls_6595b64144ccf1df_6.0.26100.7922_none_3e089e1ee3342171\COMCTL32.dll
0x00007ff8dbed0000 - 0x00007ff8dbefb000 	C:\WINDOWS\System32\GDI32.dll
0x00007ff8da2b0000 - 0x00007ff8da359000 	C:\WINDOWS\System32\msvcrt.dll
0x00007ff8d97b0000 - 0x00007ff8d98da000 	C:\WINDOWS\System32\gdi32full.dll
0x00007ff8d9b20000 - 0x00007ff8d9bc3000 	C:\WINDOWS\System32\msvcp_win.dll
0x00007ff8da360000 - 0x00007ff8da391000 	C:\WINDOWS\System32\IMM32.DLL
0x00007ff899b90000 - 0x00007ff899b9c000 	C:\Program Files\Microsoft\jdk-17.0.15.6-hotspot\bin\vcruntime140_1.dll
0x00007ff83d120000 - 0x00007ff83d1ad000 	C:\Program Files\Microsoft\jdk-17.0.15.6-hotspot\bin\msvcp140.dll
0x00007ff834070000 - 0x00007ff834ce2000 	C:\Program Files\Microsoft\jdk-17.0.15.6-hotspot\bin\server\jvm.dll
0x00007ff8db220000 - 0x00007ff8db2db000 	C:\WINDOWS\System32\ADVAPI32.dll
0x00007ff8da9f0000 - 0x00007ff8daa97000 	C:\WINDOWS\System32\sechost.dll
0x00007ff8db2e0000 - 0x00007ff8db3f8000 	C:\WINDOWS\System32\RPCRT4.dll
0x00007ff8db740000 - 0x00007ff8db7b4000 	C:\WINDOWS\System32\WS2_32.dll
0x00007ff8d8b80000 - 0x00007ff8d8bde000 	C:\WINDOWS\SYSTEM32\POWRPROF.dll
0x00007ff8d0b20000 - 0x00007ff8d0b55000 	C:\WINDOWS\SYSTEM32\WINMM.dll
0x00007ff8c6ef0000 - 0x00007ff8c6efb000 	C:\WINDOWS\SYSTEM32\VERSION.dll
0x00007ff8d8b60000 - 0x00007ff8d8b74000 	C:\WINDOWS\SYSTEM32\UMPDC.dll
0x00007ff8d7ab0000 - 0x00007ff8d7acb000 	C:\WINDOWS\SYSTEM32\kernel.appcore.dll
0x00007ff897890000 - 0x00007ff89789a000 	C:\Program Files\Microsoft\jdk-17.0.15.6-hotspot\bin\jimage.dll
0x00007ff8d6bc0000 - 0x00007ff8d6e02000 	C:\WINDOWS\SYSTEM32\DBGHELP.DLL
0x00007ff8dbf70000 - 0x00007ff8dc2f2000 	C:\WINDOWS\System32\combase.dll
0x00007ff8dbb90000 - 0x00007ff8dbc67000 	C:\WINDOWS\System32\OLEAUT32.dll
0x00007ff8b6050000 - 0x00007ff8b608b000 	C:\WINDOWS\SYSTEM32\dbgcore.DLL
0x00007ff8d9700000 - 0x00007ff8d97a5000 	C:\WINDOWS\System32\bcryptPrimitives.dll
0x00007ff88e7d0000 - 0x00007ff88e7de000 	C:\Program Files\Microsoft\jdk-17.0.15.6-hotspot\bin\instrument.dll
0x00007ff897400000 - 0x00007ff897425000 	C:\Program Files\Microsoft\jdk-17.0.15.6-hotspot\bin\java.dll
0x00007ff83d040000 - 0x00007ff83d116000 	C:\Program Files\Microsoft\jdk-17.0.15.6-hotspot\bin\jsvml.dll
0x00007ff8daab0000 - 0x00007ff8db20f000 	C:\WINDOWS\System32\SHELL32.dll
0x00007ff8d8d20000 - 0x00007ff8d8e8a000 	C:\WINDOWS\System32\wintypes.dll
0x00007ff8d8e90000 - 0x00007ff8d96f4000 	C:\WINDOWS\System32\windows.storage.dll
0x00007ff8dbdd0000 - 0x00007ff8dbec7000 	C:\WINDOWS\System32\SHCORE.dll
0x00007ff8dbf00000 - 0x00007ff8dbf67000 	C:\WINDOWS\System32\shlwapi.dll
0x00007ff8d8c40000 - 0x00007ff8d8c69000 	C:\WINDOWS\SYSTEM32\profapi.dll
0x00007ff8838b0000 - 0x00007ff8838c8000 	C:\Program Files\Microsoft\jdk-17.0.15.6-hotspot\bin\zip.dll
0x00007ff88a720000 - 0x00007ff88a73a000 	C:\Program Files\Microsoft\jdk-17.0.15.6-hotspot\bin\net.dll
0x00007ff8cda60000 - 0x00007ff8cdb87000 	C:\WINDOWS\SYSTEM32\WINHTTP.dll
0x00007ff8d8020000 - 0x00007ff8d808b000 	C:\WINDOWS\system32\mswsock.dll
0x00007ff88a700000 - 0x00007ff88a716000 	C:\Program Files\Microsoft\jdk-17.0.15.6-hotspot\bin\nio.dll
0x00007ff8976e0000 - 0x00007ff8976f0000 	C:\Program Files\Microsoft\jdk-17.0.15.6-hotspot\bin\verify.dll
0x00007ff886160000 - 0x00007ff886187000 	C:\Users\HP\.gradle\native\c067742578af261105cb4f569cf0c3c89f3d7b1fecec35dd04571415982c5e48\windows-amd64\native-platform.dll
0x00007ff8796e0000 - 0x00007ff879824000 	C:\Users\HP\.gradle\native\100fb08df4bc3b14c8652ba06237920a3bd2aa13389f12d3474272988ae205f9\windows-amd64\native-platform-file-events.dll
0x00007ff894870000 - 0x00007ff89487a000 	C:\Program Files\Microsoft\jdk-17.0.15.6-hotspot\bin\management.dll
0x00007ff893630000 - 0x00007ff89363b000 	C:\Program Files\Microsoft\jdk-17.0.15.6-hotspot\bin\management_ext.dll
0x00007ff8db7c0000 - 0x00007ff8db7c8000 	C:\WINDOWS\System32\PSAPI.DLL
0x00007ff8d8300000 - 0x00007ff8d831b000 	C:\WINDOWS\SYSTEM32\CRYPTSP.dll
0x00007ff8d7a10000 - 0x00007ff8d7a49000 	C:\WINDOWS\system32\rsaenh.dll
0x00007ff8d80d0000 - 0x00007ff8d8102000 	C:\WINDOWS\SYSTEM32\USERENV.dll
0x00007ff8d8c10000 - 0x00007ff8d8c3a000 	C:\WINDOWS\SYSTEM32\bcrypt.dll
0x00007ff8d8320000 - 0x00007ff8d832c000 	C:\WINDOWS\SYSTEM32\CRYPTBASE.dll
0x00007ff8d7470000 - 0x00007ff8d74a3000 	C:\WINDOWS\SYSTEM32\IPHLPAPI.DLL
0x00007ff8daaa0000 - 0x00007ff8daaaa000 	C:\WINDOWS\System32\NSI.dll
0x00007ff8d0ef0000 - 0x00007ff8d0f0d000 	C:\WINDOWS\SYSTEM32\dhcpcsvc6.DLL
0x00007ff8cfb00000 - 0x00007ff8cfb23000 	C:\WINDOWS\SYSTEM32\dhcpcsvc.DLL
0x00007ff8d7500000 - 0x00007ff8d762a000 	C:\WINDOWS\SYSTEM32\DNSAPI.dll
0x00007ff893090000 - 0x00007ff893099000 	C:\Program Files\Microsoft\jdk-17.0.15.6-hotspot\bin\extnet.dll
0x00007ff88de20000 - 0x00007ff88de2e000 	C:\Program Files\Microsoft\jdk-17.0.15.6-hotspot\bin\sunmscapi.dll
0x00007ff8d99a0000 - 0x00007ff8d9b17000 	C:\WINDOWS\System32\CRYPT32.dll
0x00007ff8d8520000 - 0x00007ff8d8550000 	C:\WINDOWS\SYSTEM32\ncrypt.dll
0x00007ff8d84d0000 - 0x00007ff8d850f000 	C:\WINDOWS\SYSTEM32\NTASN1.dll
0x00007ff8c4030000 - 0x00007ff8c4038000 	C:\WINDOWS\system32\wshunix.dll

dbghelp: loaded successfully - version: 4.0.5 - missing functions: none
symbol engine: initialized successfully - sym options: 0x614 - pdb path: .;C:\Program Files\Microsoft\jdk-17.0.15.6-hotspot\bin;C:\WINDOWS\SYSTEM32;C:\WINDOWS\WinSxS\amd64_microsoft.windows.common-controls_6595b64144ccf1df_6.0.26100.7922_none_3e089e1ee3342171;C:\Program Files\Microsoft\jdk-17.0.15.6-hotspot\bin\server;C:\Users\HP\.gradle\native\c067742578af261105cb4f569cf0c3c89f3d7b1fecec35dd04571415982c5e48\windows-amd64;C:\Users\HP\.gradle\native\100fb08df4bc3b14c8652ba06237920a3bd2aa13389f12d3474272988ae205f9\windows-amd64

VM Arguments:
jvm_args: --add-opens=java.base/java.util=ALL-UNNAMED --add-opens=java.base/java.lang=ALL-UNNAMED --add-opens=java.base/java.lang.invoke=ALL-UNNAMED --add-opens=java.prefs/java.util.prefs=ALL-UNNAMED --add-exports=jdk.compiler/com.sun.tools.javac.api=ALL-UNNAMED --add-exports=jdk.compiler/com.sun.tools.javac.util=ALL-UNNAMED --add-opens=java.base/java.nio.charset=ALL-UNNAMED --add-opens=java.base/java.net=ALL-UNNAMED --add-opens=java.base/java.util.concurrent.atomic=ALL-UNNAMED -XX:MaxMetaspaceSize=384m -XX:+HeapDumpOnOutOfMemoryError -Xms256m -Xmx512m -Dfile.encoding=utf8 -Duser.country=IN -Duser.language=en -Duser.variant -javaagent:C:\Users\HP\.gradle\wrapper\dists\gradle-8.9-bin\90cnw93cvbtalezasaz0blq0a\gradle-8.9\lib\agents\gradle-instrumentation-agent-8.9.jar 
java_command: org.gradle.launcher.daemon.bootstrap.GradleDaemon 8.9
java_class_path (initial): C:\Users\HP\.gradle\wrapper\dists\gradle-8.9-bin\90cnw93cvbtalezasaz0blq0a\gradle-8.9\lib\gradle-daemon-main-8.9.jar
Launcher Type: SUN_STANDARD

[Global flags]
     intx CICompilerCount                          = 4                                         {product} {ergonomic}
   size_t CompressedClassSpaceSize                 = 335544320                                 {product} {ergonomic}
     uint ConcGCThreads                            = 3                                         {product} {ergonomic}
     uint G1ConcRefinementThreads                  = 10                                        {product} {ergonomic}
   size_t G1HeapRegionSize                         = 1048576                                   {product} {ergonomic}
    uintx GCDrainStackTargetSize                   = 64                                        {product} {ergonomic}
     bool HeapDumpOnOutOfMemoryError               = true                                   {manageable} {command line}
   size_t InitialHeapSize                          = 268435456                                 {product} {command line}
   size_t MarkStackSize                            = 4194304                                   {product} {ergonomic}
   size_t MaxHeapSize                              = 536870912                                 {product} {command line}
   size_t MaxMetaspaceSize                         = 402653184                                 {product} {command line}
   size_t MaxNewSize                               = 321912832                                 {product} {ergonomic}
   size_t MinHeapDeltaBytes                        = 1048576                                   {product} {ergonomic}
   size_t MinHeapSize                              = 268435456                                 {product} {command line}
    uintx NonNMethodCodeHeapSize                   = 5839372                                {pd product} {ergonomic}
    uintx NonProfiledCodeHeapSize                  = 122909434                              {pd product} {ergonomic}
    uintx ProfiledCodeHeapSize                     = 122909434                              {pd product} {ergonomic}
    uintx ReservedCodeCacheSize                    = 251658240                              {pd product} {ergonomic}
     bool SegmentedCodeCache                       = true                                      {product} {ergonomic}
   size_t SoftMaxHeapSize                          = 536870912                              {manageable} {ergonomic}
     bool UseCompressedClassPointers               = true                           {product lp64_product} {ergonomic}
     bool UseCompressedOops                        = true                           {product lp64_product} {ergonomic}
     bool UseG1GC                                  = true                                      {product} {ergonomic}
     bool UseLargePagesIndividualAllocation        = false                                  {pd product} {ergonomic}

Logging:
Log output configuration:
 #0: stdout all=warning uptime,level,tags
 #1: stderr all=off uptime,level,tags

Environment Variables:
JAVA_HOME=C:\Program Files\Microsoft\jdk-17.0.15.6-hotspot
PATH=C:\Users\HP\AppData\Local\Programs\Microsoft VS Code;C:\Program Files\Microsoft\jdk-17.0.15.6-hotspot\bin;C:\WINDOWS\system32;C:\WINDOWS;C:\WINDOWS\System32\Wbem;C:\WINDOWS\System32\WindowsPowerShell\v1.0\;C:\WINDOWS\System32\OpenSSH\;C:\Program Files\Git\cmd;C:\Program Files\dotnet\;C:\ProgramData\chocolatey\bin;C:\Users\HP\AppData\Local\Android\Sdk\platform-tools;C:\Users\HP\AppData\Local\Android\Sdk;C:\Users\HP\AppData\Local\Android\Sdk\emulator;;C:\Program Files\Docker\Docker\resources\bin;C:\Program Files\PuTTY\;C:\Program Files\nodejs\;C:\Program Files\MySQL\MySQL Shell 8.0\bin\;C:\Users\HP\AppData\Local\Microsoft\WindowsApps;C:\Users\HP\AppData\Local\Programs\Microsoft VS Code\bin;C:\Users\HP\AppData\Local\Android\Sdk\platform-tools;C:\Users\HP\AppData\Local\Android\Sdk;C:\Users\HP\AppData\Local\Android\Sdk\emulator;C:\Users\HP\AppData\Roaming\npm
USERNAME=HP
OS=Windows_NT
PROCESSOR_IDENTIFIER=Intel64 Family 6 Model 154 Stepping 4, GenuineIntel
TMP=C:\Users\HP\AppData\Local\Temp
TEMP=C:\Users\HP\AppData\Local\Temp



Periodic native trim disabled


---------------  S Y S T E M  ---------------

OS:
 Windows 11 , 64 bit Build 26100 (10.0.26100.7920)
OS uptime: 13 days 21:59 hours
Hyper-V role detected

CPU: total 12 (initial active 12) (6 cores per cpu, 2 threads per core) family 6 model 154 stepping 4 microcode 0x432, cx8, cmov, fxsr, ht, mmx, 3dnowpref, sse, sse2, sse3, ssse3, sse4.1, sse4.2, popcnt, lzcnt, tsc, tscinvbit, avx, avx2, aes, erms, clmul, bmi1, bmi2, adx, sha, fma, vzeroupper, clflush, clflushopt, clwb, hv
Processor Information for processor 0
  Max Mhz: 1300, Current Mhz: 1300, Mhz Limit: 1300
Processor Information for processor 1
  Max Mhz: 1300, Current Mhz: 1300, Mhz Limit: 1300
Processor Information for processor 2
  Max Mhz: 1300, Current Mhz: 1300, Mhz Limit: 1300
Processor Information for processor 3
  Max Mhz: 1300, Current Mhz: 1300, Mhz Limit: 1300
Processor Information for processor 4
  Max Mhz: 1300, Current Mhz: 900, Mhz Limit: 897
Processor Information for processor 5
  Max Mhz: 1300, Current Mhz: 900, Mhz Limit: 897
Processor Information for processor 6
  Max Mhz: 1300, Current Mhz: 900, Mhz Limit: 897
Processor Information for processor 7
  Max Mhz: 1300, Current Mhz: 900, Mhz Limit: 897
Processor Information for processor 8
  Max Mhz: 1300, Current Mhz: 900, Mhz Limit: 897
Processor Information for processor 9
  Max Mhz: 1300, Current Mhz: 900, Mhz Limit: 897
Processor Information for processor 10
  Max Mhz: 1300, Current Mhz: 900, Mhz Limit: 897
Processor Information for processor 11
  Max Mhz: 1300, Current Mhz: 900, Mhz Limit: 897

Memory: 4k page, system-wide physical 7835M (342M free)
TotalPageFile size 31387M (AvailPageFile size 8M)
current process WorkingSet (physical memory assigned to process): 412M, peak: 422M
current process commit charge ("private bytes"): 531M, peak: 537M

vm_info: OpenJDK 64-Bit Server VM (17.0.15+6-LTS) for windows-amd64 JRE (17.0.15+6-LTS), built on Apr  9 2025 22:27:25 by "MicrosoftCorporation" with unknown MS VC++:1939

END.
