#
# There is insufficient memory for the Java Runtime Environment to continue.
# Native memory allocation (malloc) failed to allocate 1172336 bytes. Error detail: Chunk::new
# Possible reasons:
#   The system is out of physical RAM or swap space
#   This process is running with CompressedOops enabled, and the Java Heap may be blocking the growth of the native heap
# Possible solutions:
#   Reduce memory load on the system
#   Increase physical memory or swap space
#   Check if swap backing store is full
#   Decrease Java heap size (-Xmx/-Xms)
#   Decrease number of Java threads
#   Decrease Java thread stack sizes (-Xss)
#   Set larger code cache with -XX:ReservedCodeCacheSize=
#   JVM is running with Zero Based Compressed Oops mode in which the Java heap is
#     placed in the first 32GB address space. The Java Heap base address is the
#     maximum limit for the native heap growth. Please use -XX:HeapBaseMinAddress
#     to set the Java Heap base and to place the Java Heap above 32GB virtual address.
# This output file may be truncated or incomplete.
#
#  Out of Memory Error (arena.cpp:191), pid=35120, tid=35888
#
# JRE version: OpenJDK Runtime Environment Microsoft-11369865 (17.0.15+6) (build 17.0.15+6-LTS)
# Java VM: OpenJDK 64-Bit Server VM Microsoft-11369865 (17.0.15+6-LTS, mixed mode, sharing, tiered, compressed oops, compressed class ptrs, g1 gc, windows-amd64)
# No core dump will be written. Minidumps are not enabled by default on client versions of Windows
#

---------------  S U M M A R Y ------------

Command Line: -XX:MaxMetaspaceSize=768m -XX:+HeapDumpOnOutOfMemoryError --add-opens=java.base/java.util=ALL-UNNAMED --add-opens=java.base/java.lang=ALL-UNNAMED --add-opens=java.base/java.lang.invoke=ALL-UNNAMED --add-opens=java.prefs/java.util.prefs=ALL-UNNAMED --add-exports=jdk.compiler/com.sun.tools.javac.api=ALL-UNNAMED --add-exports=jdk.compiler/com.sun.tools.javac.util=ALL-UNNAMED --add-opens=java.base/java.nio.charset=ALL-UNNAMED --add-opens=java.base/java.net=ALL-UNNAMED --add-opens=java.base/java.util.concurrent.atomic=ALL-UNNAMED -Xmx3072m -Dfile.encoding=UTF-8 -Duser.country=IN -Duser.language=en -Duser.variant -javaagent:C:\Users\HP\.gradle\wrapper\dists\gradle-8.9-bin\90cnw93cvbtalezasaz0blq0a\gradle-8.9\lib\agents\gradle-instrumentation-agent-8.9.jar org.gradle.launcher.daemon.bootstrap.GradleDaemon 8.9

Host: 12th Gen Intel(R) Core(TM) i5-1235U, 12 cores, 7G,  Windows 11 , 64 bit Build 26100 (10.0.26100.7920)
Time: Thu Mar 26 11:16:41 2026 India Standard Time elapsed time: 26.867463 seconds (0d 0h 0m 26s)

---------------  T H R E A D  ---------------

Current thread (0x000001eb7fd127a0):  JavaThread "C2 CompilerThread0" daemon [_thread_in_native, id=35888, stack(0x000000149bc00000,0x000000149bd00000)]


Current CompileTask:
C2:  26867 10985       4       java.net.URLStreamHandler::parseURL (1201 bytes)

Stack: [0x000000149bc00000,0x000000149bd00000]
Native frames: (J=compiled Java code, j=interpreted, Vv=VM code, C=native code)
V  [jvm.dll+0x6887a9]
V  [jvm.dll+0x83f5a8]
V  [jvm.dll+0x841053]
V  [jvm.dll+0x8416c3]
V  [jvm.dll+0x2496ef]
V  [jvm.dll+0xad134]
V  [jvm.dll+0xad7cc]
V  [jvm.dll+0x36aedf]
V  [jvm.dll+0x335513]
V  [jvm.dll+0x3349aa]
V  [jvm.dll+0x21a908]
V  [jvm.dll+0x219d3f]
V  [jvm.dll+0x1a55f6]
V  [jvm.dll+0x22a39a]
V  [jvm.dll+0x2284db]
V  [jvm.dll+0x7f4e28]
V  [jvm.dll+0x7ef2dc]
V  [jvm.dll+0x687687]
C  [ucrtbase.dll+0x37b0]
C  [KERNEL32.DLL+0x2e8d7]
C  [ntdll.dll+0x8c48c]


---------------  P R O C E S S  ---------------

Threads class SMR info:
_java_thread_list=0x000001eb3beeabc0, length=167, elements={
0x000001eb6de1c170, 0x000001eb7fcefe50, 0x000001eb7fcf0920, 0x000001eb7fd06120,
0x000001eb7fd08a00, 0x000001eb7fd0bc00, 0x000001eb7fd0c4d0, 0x000001eb7fd127a0,
0x000001eb7fd24bc0, 0x000001eb7fd324f0, 0x000001eb3b0e0360, 0x000001eb3b0e26d0,
0x000001eb3b0e0d80, 0x000001eb3b0e1290, 0x000001eb3b0e17a0, 0x000001eb3b0e3b10,
0x000001eb3b0e1cb0, 0x000001eb3b0e21c0, 0x000001eb3b0e2be0, 0x000001eb3b0e30f0,
0x000001eb3d5542d0, 0x000001eb3d554cf0, 0x000001eb3d555200, 0x000001eb3d555c20,
0x000001eb3d556640, 0x000001eb3d557570, 0x000001eb3d556130, 0x000001eb3d556b50,
0x000001eb3d555710, 0x000001eb3d557a80, 0x000001eb3d557060, 0x000001eb3d5547e0,
0x000001eb3d8c9790, 0x000001eb3d8ca6c0, 0x000001eb3d8c8d70, 0x000001eb3d8cabd0,
0x000001eb3d8c9280, 0x000001eb3d8c9ca0, 0x000001eb3d8c8860, 0x000001eb3d8c7e40,
0x000001eb3d8c8350, 0x000001eb3e5d4c90, 0x000001eb3e5d56b0, 0x000001eb3e5d6af0,
0x000001eb3e5d7000, 0x000001eb3e5d7a20, 0x000001eb3e5d51a0, 0x000001eb3e5d7510,
0x000001eb3e5d65e0, 0x000001eb3e5d7f30, 0x000001eb3e5d4780, 0x000001eb3e5dbbf0,
0x000001eb3e5da7b0, 0x000001eb3e5dacc0, 0x000001eb3e5da2a0, 0x000001eb3e5d9880,
0x000001eb3e5d8950, 0x000001eb3e5db1d0, 0x000001eb3e5d8440, 0x000001eb3e5db6e0,
0x000001eb3e5d8e60, 0x000001eb3e5dc100, 0x000001eb3e5d9370, 0x000001eb3e5d9d90,
0x000001eb3b0e3600, 0x000001eb3b80afe0, 0x000001eb3b80b4f0, 0x000001eb3b80c420,
0x000001eb3b80d350, 0x000001eb3b809ba0, 0x000001eb3b80c930, 0x000001eb3b80ce40,
0x000001eb3b80d860, 0x000001eb3b80a5c0, 0x000001eb3b80a0b0, 0x000001eb3b80dd70,
0x000001eb3b80ba00, 0x000001eb3b80e280, 0x000001eb3b80aad0, 0x000001eb3b80eca0,
0x000001eb3b80f6c0, 0x000001eb3b80e790, 0x000001eb3b80bf10, 0x000001eb3b810b00,
0x000001eb3b811010, 0x000001eb3b80f1b0, 0x000001eb3b811520, 0x000001eb3b50c670,
0x000001eb3b50b740, 0x000001eb3b50ad20, 0x000001eb3b50d090, 0x000001eb3b50cb80,
0x000001eb3b50c160, 0x000001eb3b50d5a0, 0x000001eb3b50dab0, 0x000001eb3b50dfc0,
0x000001eb3b50e4d0, 0x000001eb3b50bc50, 0x000001eb3b50b230, 0x000001eb3b50f400,
0x000001eb3b50fe20, 0x000001eb3b512190, 0x000001eb3b50eef0, 0x000001eb3b50e9e0,
0x000001eb3b510d50, 0x000001eb3b511c80, 0x000001eb3b510840, 0x000001eb3b5126a0,
0x000001eb3b50f910, 0x000001eb3b511260, 0x000001eb3b0e0870, 0x000001eb3c7d0610,
0x000001eb3c7d0b20, 0x000001eb3c7d33a0, 0x000001eb3c7d1030, 0x000001eb3c7d1f60,
0x000001eb3c7d1540, 0x000001eb3c7d2470, 0x000001eb3c7d2980, 0x000001eb3c7d1a50,
0x000001eb3c7cfbf0, 0x000001eb3c7d2e90, 0x000001eb3c7d38b0, 0x000001eb3c7d0100,
0x000001eb3c7d4cf0, 0x000001eb3c7d42d0, 0x000001eb3c7d5200, 0x000001eb3c7d6b50,
0x000001eb3c7d6640, 0x000001eb3c7d6130, 0x000001eb3c7d7570, 0x000001eb3c7d5710,
0x000001eb3c7d47e0, 0x000001eb3c7d5c20, 0x000001eb3c7d7060, 0x000001eb3c7d3dc0,
0x000001eb3f6fe760, 0x000001eb3f6fec70, 0x000001eb3f7005c0, 0x000001eb3f6fdd40,
0x000001eb3f6fe250, 0x000001eb3f701a00, 0x000001eb3f6ff690, 0x000001eb3f7014f0,
0x000001eb3f701f10, 0x000001eb3f702420, 0x000001eb3f702930, 0x000001eb3f703350,
0x000001eb3f700fe0, 0x000001eb3f6ffba0, 0x000001eb3f703860, 0x000001eb3f702e40,
0x000001eb3f7000b0, 0x000001eb3f704280, 0x000001eb3f704ca0, 0x000001eb3f7051b0,
0x000001eb3f703d70, 0x000001eb40c4a7d0, 0x000001eb40c49db0, 0x000001eb40c47f50,
0x000001eb40c48970, 0x000001eb40c4ace0, 0x000001eb40c4a2c0, 0x000001eb40c4b1f0,
0x000001eb40c47a40, 0x000001eb40c4b700, 0x000001eb3db02e10
}

Java Threads: ( => current thread )
  0x000001eb6de1c170 JavaThread "main" [_thread_blocked, id=32496, stack(0x000000149af00000,0x000000149b000000)]
  0x000001eb7fcefe50 JavaThread "Reference Handler" daemon [_thread_blocked, id=34740, stack(0x000000149b600000,0x000000149b700000)]
  0x000001eb7fcf0920 JavaThread "Finalizer" daemon [_thread_blocked, id=31276, stack(0x000000149b700000,0x000000149b800000)]
  0x000001eb7fd06120 JavaThread "Signal Dispatcher" daemon [_thread_blocked, id=34788, stack(0x000000149b800000,0x000000149b900000)]
  0x000001eb7fd08a00 JavaThread "Attach Listener" daemon [_thread_blocked, id=35932, stack(0x000000149b900000,0x000000149ba00000)]
  0x000001eb7fd0bc00 JavaThread "Service Thread" daemon [_thread_blocked, id=36668, stack(0x000000149ba00000,0x000000149bb00000)]
  0x000001eb7fd0c4d0 JavaThread "Monitor Deflation Thread" daemon [_thread_blocked, id=10060, stack(0x000000149bb00000,0x000000149bc00000)]
=>0x000001eb7fd127a0 JavaThread "C2 CompilerThread0" daemon [_thread_in_native, id=35888, stack(0x000000149bc00000,0x000000149bd00000)]
  0x000001eb7fd24bc0 JavaThread "C1 CompilerThread0" daemon [_thread_blocked, id=32656, stack(0x000000149bd00000,0x000000149be00000)]
  0x000001eb7fd324f0 JavaThread "Sweeper thread" daemon [_thread_blocked, id=18864, stack(0x000000149be00000,0x000000149bf00000)]
  0x000001eb3b0e0360 JavaThread "Common-Cleaner" daemon [_thread_blocked, id=35964, stack(0x000000149bf00000,0x000000149c000000)]
  0x000001eb3b0e26d0 JavaThread "Notification Thread" daemon [_thread_blocked, id=35808, stack(0x000000149c000000,0x000000149c100000)]
  0x000001eb3b0e0d80 JavaThread "Daemon health stats" [_thread_blocked, id=32612, stack(0x000000149c700000,0x000000149c800000)]
  0x000001eb3b0e1290 JavaThread "Incoming local TCP Connector on port 57865" [_thread_in_native, id=30276, stack(0x000000149c800000,0x000000149c900000)]
  0x000001eb3b0e17a0 JavaThread "Daemon periodic checks" [_thread_blocked, id=14116, stack(0x000000149c900000,0x000000149ca00000)]
  0x000001eb3b0e3b10 JavaThread "Daemon" [_thread_blocked, id=35728, stack(0x000000149ca00000,0x000000149cb00000)]
  0x000001eb3b0e1cb0 JavaThread "Handler for socket connection from /127.0.0.1:57865 to /127.0.0.1:57866" [_thread_in_native, id=32152, stack(0x000000149cb00000,0x000000149cc00000)]
  0x000001eb3b0e21c0 JavaThread "Cancel handler" [_thread_blocked, id=32208, stack(0x000000149cc00000,0x000000149cd00000)]
  0x000001eb3b0e2be0 JavaThread "Daemon worker" [_thread_blocked, id=19988, stack(0x000000149cd00000,0x000000149ce00000)]
  0x000001eb3b0e30f0 JavaThread "Asynchronous log dispatcher for DefaultDaemonConnection: socket connection from /127.0.0.1:57865 to /127.0.0.1:57866" [_thread_blocked, id=13828, stack(0x000000149ce00000,0x000000149cf00000)]
  0x000001eb3d5542d0 JavaThread "Stdin handler" [_thread_blocked, id=13508, stack(0x000000149cf00000,0x000000149d000000)]
  0x000001eb3d554cf0 JavaThread "Daemon client event forwarder" [_thread_blocked, id=22588, stack(0x000000149d000000,0x000000149d100000)]
  0x000001eb3d555200 JavaThread "Cache worker for journal cache (C:\Users\HP\.gradle\caches\journal-1)" [_thread_blocked, id=34596, stack(0x000000149d100000,0x000000149d200000)]
  0x000001eb3d555c20 JavaThread "File lock request listener" [_thread_in_native, id=24848, stack(0x000000149d200000,0x000000149d300000)]
  0x000001eb3d556640 JavaThread "Cache worker for file hash cache (C:\Users\HP\.gradle\caches\8.9\fileHashes)" [_thread_blocked, id=34012, stack(0x000000149d300000,0x000000149d400000)]
  0x000001eb3d557570 JavaThread "Cache worker for file hash cache (D:\Parkitdemo\Updated-Sundukpay\android\.gradle\8.9\fileHashes)" [_thread_blocked, id=36232, stack(0x000000149da00000,0x000000149db00000)]
  0x000001eb3d556130 JavaThread "Cache worker for Build Output Cleanup Cache (D:\Parkitdemo\Updated-Sundukpay\android\.gradle\buildOutputCleanup)" [_thread_blocked, id=32584, stack(0x000000149db00000,0x000000149dc00000)]
  0x000001eb3d556b50 JavaThread "File watcher server" daemon [_thread_in_native, id=36856, stack(0x000000149de00000,0x000000149df00000)]
  0x000001eb3d555710 JavaThread "File watcher consumer" daemon [_thread_blocked, id=36192, stack(0x000000149df00000,0x000000149e000000)]
  0x000001eb3d557a80 JavaThread "jar transforms" [_thread_blocked, id=30252, stack(0x000000149e000000,0x000000149e100000)]
  0x000001eb3d557060 JavaThread "jar transforms Thread 2" [_thread_blocked, id=12032, stack(0x000000149e100000,0x000000149e200000)]
  0x000001eb3d5547e0 JavaThread "jar transforms Thread 3" [_thread_blocked, id=25248, stack(0x000000149e200000,0x000000149e300000)]
  0x000001eb3d8c9790 JavaThread "Cache worker for checksums cache (D:\Parkitdemo\Updated-Sundukpay\android\.gradle\8.9\checksums)" [_thread_blocked, id=35672, stack(0x000000149e300000,0x000000149e400000)]
  0x000001eb3d8ca6c0 JavaThread "Cache worker for file content cache (C:\Users\HP\.gradle\caches\8.9\fileContent)" [_thread_blocked, id=20076, stack(0x000000149e400000,0x000000149e500000)]
  0x000001eb3d8c8d70 JavaThread "Cache worker for cache directory md-rule (C:\Users\HP\.gradle\caches\8.9\md-rule)" [_thread_blocked, id=7140, stack(0x000000149e500000,0x000000149e600000)]
  0x000001eb3d8cabd0 JavaThread "Cache worker for cache directory md-supplier (C:\Users\HP\.gradle\caches\8.9\md-supplier)" [_thread_blocked, id=2892, stack(0x000000149e600000,0x000000149e700000)]
  0x000001eb3d8c9280 JavaThread "jar transforms Thread 4" [_thread_blocked, id=23296, stack(0x000000149e700000,0x000000149e800000)]
  0x000001eb3d8c9ca0 JavaThread "jar transforms Thread 5" [_thread_blocked, id=15100, stack(0x000000149e800000,0x000000149e900000)]
  0x000001eb3d8c8860 JavaThread "jar transforms Thread 6" [_thread_blocked, id=31884, stack(0x000000149e900000,0x000000149ea00000)]
  0x000001eb3d8c7e40 JavaThread "jar transforms Thread 7" [_thread_blocked, id=33400, stack(0x000000149ea00000,0x000000149eb00000)]
  0x000001eb3d8c8350 JavaThread "jar transforms Thread 8" [_thread_blocked, id=34660, stack(0x000000149eb00000,0x000000149ec00000)]
  0x000001eb3e5d4c90 JavaThread "jar transforms Thread 9" [_thread_blocked, id=34744, stack(0x000000149ec00000,0x000000149ed00000)]
  0x000001eb3e5d56b0 JavaThread "jar transforms Thread 10" [_thread_blocked, id=13364, stack(0x000000149ed00000,0x000000149ee00000)]
  0x000001eb3e5d6af0 JavaThread "jar transforms Thread 11" [_thread_blocked, id=6824, stack(0x000000149ee00000,0x000000149ef00000)]
  0x000001eb3e5d7000 JavaThread "jar transforms Thread 12" [_thread_blocked, id=5728, stack(0x000000149ef00000,0x000000149f000000)]
  0x000001eb3e5d7a20 JavaThread "Cache worker for Build Output Cleanup Cache (D:\Parkitdemo\Updated-Sundukpay\node_modules\@react-native\gradle-plugin\.gradle\buildOutputCleanup)" [_thread_blocked, id=18408, stack(0x000000149f000000,0x000000149f100000)]
  0x000001eb3e5d51a0 JavaThread "Unconstrained build operations" [_thread_blocked, id=32764, stack(0x000000149d900000,0x000000149da00000)]
  0x000001eb3e5d7510 JavaThread "Unconstrained build operations Thread 2" [_thread_blocked, id=12508, stack(0x000000149f100000,0x000000149f200000)]
  0x000001eb3e5d65e0 JavaThread "Unconstrained build operations Thread 3" [_thread_blocked, id=33500, stack(0x000000149f200000,0x000000149f300000)]
  0x000001eb3e5d7f30 JavaThread "Unconstrained build operations Thread 4" [_thread_blocked, id=32588, stack(0x000000149f300000,0x000000149f400000)]
  0x000001eb3e5d4780 JavaThread "Unconstrained build operations Thread 5" [_thread_blocked, id=21652, stack(0x000000149f400000,0x000000149f500000)]
  0x000001eb3e5dbbf0 JavaThread "Unconstrained build operations Thread 6" [_thread_blocked, id=1888, stack(0x000000149f500000,0x000000149f600000)]
  0x000001eb3e5da7b0 JavaThread "Unconstrained build operations Thread 7" [_thread_blocked, id=25356, stack(0x000000149f600000,0x000000149f700000)]
  0x000001eb3e5dacc0 JavaThread "Unconstrained build operations Thread 8" [_thread_blocked, id=5008, stack(0x000000149f700000,0x000000149f800000)]
  0x000001eb3e5da2a0 JavaThread "Unconstrained build operations Thread 9" [_thread_blocked, id=4972, stack(0x000000149f800000,0x000000149f900000)]
  0x000001eb3e5d9880 JavaThread "Unconstrained build operations Thread 10" [_thread_blocked, id=35740, stack(0x000000149f900000,0x000000149fa00000)]
  0x000001eb3e5d8950 JavaThread "Unconstrained build operations Thread 11" [_thread_blocked, id=33192, stack(0x000000149fa00000,0x000000149fb00000)]
  0x000001eb3e5db1d0 JavaThread "Unconstrained build operations Thread 12" [_thread_blocked, id=29484, stack(0x000000149fb00000,0x000000149fc00000)]
  0x000001eb3e5d8440 JavaThread "Unconstrained build operations Thread 13" [_thread_blocked, id=34896, stack(0x000000149fc00000,0x000000149fd00000)]
  0x000001eb3e5db6e0 JavaThread "Unconstrained build operations Thread 14" [_thread_blocked, id=24904, stack(0x000000149fd00000,0x000000149fe00000)]
  0x000001eb3e5d8e60 JavaThread "Unconstrained build operations Thread 15" [_thread_blocked, id=7372, stack(0x000000149fe00000,0x000000149ff00000)]
  0x000001eb3e5dc100 JavaThread "Unconstrained build operations Thread 16" [_thread_blocked, id=4988, stack(0x000000149ff00000,0x00000014a0000000)]
  0x000001eb3e5d9370 JavaThread "Unconstrained build operations Thread 17" [_thread_blocked, id=33632, stack(0x00000014a0000000,0x00000014a0100000)]
  0x000001eb3e5d9d90 JavaThread "Unconstrained build operations Thread 18" [_thread_blocked, id=22992, stack(0x00000014a0100000,0x00000014a0200000)]
  0x000001eb3b0e3600 JavaThread "Unconstrained build operations Thread 19" [_thread_blocked, id=3724, stack(0x00000014a0200000,0x00000014a0300000)]
  0x000001eb3b80afe0 JavaThread "Unconstrained build operations Thread 20" [_thread_blocked, id=33528, stack(0x00000014a0300000,0x00000014a0400000)]
  0x000001eb3b80b4f0 JavaThread "Unconstrained build operations Thread 21" [_thread_blocked, id=31760, stack(0x00000014a0400000,0x00000014a0500000)]
  0x000001eb3b80c420 JavaThread "Unconstrained build operations Thread 22" [_thread_blocked, id=33948, stack(0x00000014a0500000,0x00000014a0600000)]
  0x000001eb3b80d350 JavaThread "Unconstrained build operations Thread 23" [_thread_blocked, id=35480, stack(0x00000014a0600000,0x00000014a0700000)]
  0x000001eb3b809ba0 JavaThread "Unconstrained build operations Thread 24" [_thread_blocked, id=34668, stack(0x00000014a0700000,0x00000014a0800000)]
  0x000001eb3b80c930 JavaThread "Unconstrained build operations Thread 25" [_thread_blocked, id=4140, stack(0x00000014a0800000,0x00000014a0900000)]
  0x000001eb3b80ce40 JavaThread "Unconstrained build operations Thread 26" [_thread_blocked, id=26732, stack(0x00000014a0900000,0x00000014a0a00000)]
  0x000001eb3b80d860 JavaThread "Unconstrained build operations Thread 27" [_thread_blocked, id=9552, stack(0x00000014a0a00000,0x00000014a0b00000)]
  0x000001eb3b80a5c0 JavaThread "Unconstrained build operations Thread 28" [_thread_blocked, id=35236, stack(0x00000014a0b00000,0x00000014a0c00000)]
  0x000001eb3b80a0b0 JavaThread "Unconstrained build operations Thread 29" [_thread_blocked, id=32564, stack(0x00000014a0c00000,0x00000014a0d00000)]
  0x000001eb3b80dd70 JavaThread "Unconstrained build operations Thread 30" [_thread_blocked, id=12316, stack(0x00000014a0d00000,0x00000014a0e00000)]
  0x000001eb3b80ba00 JavaThread "Unconstrained build operations Thread 31" [_thread_blocked, id=35232, stack(0x00000014a0e00000,0x00000014a0f00000)]
  0x000001eb3b80e280 JavaThread "Unconstrained build operations Thread 32" [_thread_blocked, id=36204, stack(0x00000014a0f00000,0x00000014a1000000)]
  0x000001eb3b80aad0 JavaThread "Unconstrained build operations Thread 33" [_thread_blocked, id=34516, stack(0x00000014a1000000,0x00000014a1100000)]
  0x000001eb3b80eca0 JavaThread "Unconstrained build operations Thread 34" [_thread_blocked, id=13372, stack(0x00000014a1100000,0x00000014a1200000)]
  0x000001eb3b80f6c0 JavaThread "Unconstrained build operations Thread 35" [_thread_blocked, id=8912, stack(0x00000014a1200000,0x00000014a1300000)]
  0x000001eb3b80e790 JavaThread "Unconstrained build operations Thread 36" [_thread_blocked, id=27564, stack(0x00000014a1300000,0x00000014a1400000)]
  0x000001eb3b80bf10 JavaThread "Unconstrained build operations Thread 37" [_thread_blocked, id=12640, stack(0x00000014a1400000,0x00000014a1500000)]
  0x000001eb3b810b00 JavaThread "Unconstrained build operations Thread 38" [_thread_blocked, id=32232, stack(0x00000014a1500000,0x00000014a1600000)]
  0x000001eb3b811010 JavaThread "Unconstrained build operations Thread 39" [_thread_blocked, id=5652, stack(0x00000014a1600000,0x00000014a1700000)]
  0x000001eb3b80f1b0 JavaThread "build event listener" [_thread_blocked, id=36028, stack(0x00000014a1700000,0x00000014a1800000)]
  0x000001eb3b811520 JavaThread "Memory manager" [_thread_blocked, id=35016, stack(0x00000014a1800000,0x00000014a1900000)]
  0x000001eb3b50c670 JavaThread "ForkJoinPool.commonPool-worker-1" daemon [_thread_blocked, id=32132, stack(0x00000014a1a00000,0x00000014a1b00000)]
  0x000001eb3b50b740 JavaThread "ForkJoinPool.commonPool-worker-2" daemon [_thread_blocked, id=31936, stack(0x00000014a1b00000,0x00000014a1c00000)]
  0x000001eb3b50ad20 JavaThread "ForkJoinPool.commonPool-worker-3" daemon [_thread_blocked, id=20752, stack(0x00000014a1c00000,0x00000014a1d00000)]
  0x000001eb3b50d090 JavaThread "ForkJoinPool.commonPool-worker-5" daemon [_thread_blocked, id=4932, stack(0x00000014a1d00000,0x00000014a1e00000)]
  0x000001eb3b50cb80 JavaThread "ForkJoinPool.commonPool-worker-4" daemon [_thread_blocked, id=32384, stack(0x00000014a1e00000,0x00000014a1f00000)]
  0x000001eb3b50c160 JavaThread "ForkJoinPool.commonPool-worker-7" daemon [_thread_blocked, id=14072, stack(0x00000014a1f00000,0x00000014a2000000)]
  0x000001eb3b50d5a0 JavaThread "ForkJoinPool.commonPool-worker-6" daemon [_thread_blocked, id=33416, stack(0x00000014a2000000,0x00000014a2100000)]
  0x000001eb3b50dab0 JavaThread "ForkJoinPool.commonPool-worker-8" daemon [_thread_blocked, id=19160, stack(0x00000014a2100000,0x00000014a2200000)]
  0x000001eb3b50dfc0 JavaThread "ForkJoinPool.commonPool-worker-9" daemon [_thread_blocked, id=35680, stack(0x00000014a2200000,0x00000014a2300000)]
  0x000001eb3b50e4d0 JavaThread "ForkJoinPool.commonPool-worker-10" daemon [_thread_blocked, id=35320, stack(0x00000014a2300000,0x00000014a2400000)]
  0x000001eb3b50bc50 JavaThread "included builds" [_thread_blocked, id=9392, stack(0x00000014a2400000,0x00000014a2500000)]
  0x000001eb3b50b230 JavaThread "Execution worker" [_thread_blocked, id=20488, stack(0x00000014a2500000,0x00000014a2600000)]
  0x000001eb3b50f400 JavaThread "Execution worker Thread 2" [_thread_blocked, id=2772, stack(0x00000014a2600000,0x00000014a2700000)]
  0x000001eb3b50fe20 JavaThread "Execution worker Thread 3" [_thread_blocked, id=34964, stack(0x00000014a2700000,0x00000014a2800000)]
  0x000001eb3b512190 JavaThread "Execution worker Thread 4" [_thread_blocked, id=36748, stack(0x00000014a2800000,0x00000014a2900000)]
  0x000001eb3b50eef0 JavaThread "Execution worker Thread 5" [_thread_blocked, id=15140, stack(0x00000014a2900000,0x00000014a2a00000)]
  0x000001eb3b50e9e0 JavaThread "Execution worker Thread 6" [_thread_blocked, id=26912, stack(0x00000014a2a00000,0x00000014a2b00000)]
  0x000001eb3b510d50 JavaThread "Execution worker Thread 7" [_thread_blocked, id=24880, stack(0x00000014a2b00000,0x00000014a2c00000)]
  0x000001eb3b511c80 JavaThread "Execution worker Thread 8" [_thread_blocked, id=32292, stack(0x00000014a2c00000,0x00000014a2d00000)]
  0x000001eb3b510840 JavaThread "Execution worker Thread 9" [_thread_blocked, id=24036, stack(0x00000014a2d00000,0x00000014a2e00000)]
  0x000001eb3b5126a0 JavaThread "Execution worker Thread 10" [_thread_blocked, id=11296, stack(0x00000014a2e00000,0x00000014a2f00000)]
  0x000001eb3b50f910 JavaThread "Execution worker Thread 11" [_thread_blocked, id=32484, stack(0x00000014a2f00000,0x00000014a3000000)]
  0x000001eb3b511260 JavaThread "Cache worker for execution history cache (D:\Parkitdemo\Updated-Sundukpay\node_modules\@react-native\gradle-plugin\.gradle\8.9\executionHistory)" [_thread_blocked, id=36084, stack(0x00000014a3000000,0x00000014a3100000)]
  0x000001eb3b0e0870 JavaThread "Unconstrained build operations Thread 40" [_thread_blocked, id=33276, stack(0x00000014a3100000,0x00000014a3200000)]
  0x000001eb3c7d0610 JavaThread "Unconstrained build operations Thread 41" [_thread_blocked, id=19816, stack(0x00000014a3200000,0x00000014a3300000)]
  0x000001eb3c7d0b20 JavaThread "Unconstrained build operations Thread 42" [_thread_blocked, id=33720, stack(0x00000014a3300000,0x00000014a3400000)]
  0x000001eb3c7d33a0 JavaThread "Unconstrained build operations Thread 43" [_thread_blocked, id=4696, stack(0x00000014a3400000,0x00000014a3500000)]
  0x000001eb3c7d1030 JavaThread "Unconstrained build operations Thread 44" [_thread_blocked, id=36428, stack(0x00000014a3500000,0x00000014a3600000)]
  0x000001eb3c7d1f60 JavaThread "Unconstrained build operations Thread 45" [_thread_blocked, id=36500, stack(0x00000014a3600000,0x00000014a3700000)]
  0x000001eb3c7d1540 JavaThread "Unconstrained build operations Thread 46" [_thread_blocked, id=4784, stack(0x00000014a3700000,0x00000014a3800000)]
  0x000001eb3c7d2470 JavaThread "Unconstrained build operations Thread 47" [_thread_blocked, id=36060, stack(0x00000014a3800000,0x00000014a3900000)]
  0x000001eb3c7d2980 JavaThread "Unconstrained build operations Thread 48" [_thread_blocked, id=36188, stack(0x00000014a3900000,0x00000014a3a00000)]
  0x000001eb3c7d1a50 JavaThread "Unconstrained build operations Thread 49" [_thread_blocked, id=33088, stack(0x00000014a3a00000,0x00000014a3b00000)]
  0x000001eb3c7cfbf0 JavaThread "Unconstrained build operations Thread 50" [_thread_blocked, id=35984, stack(0x00000014a3b00000,0x00000014a3c00000)]
  0x000001eb3c7d2e90 JavaThread "Unconstrained build operations Thread 51" [_thread_blocked, id=36572, stack(0x00000014a3c00000,0x00000014a3d00000)]
  0x000001eb3c7d38b0 JavaThread "Unconstrained build operations Thread 52" [_thread_blocked, id=30172, stack(0x00000014a3d00000,0x00000014a3e00000)]
  0x000001eb3c7d0100 JavaThread "Unconstrained build operations Thread 53" [_thread_blocked, id=35516, stack(0x00000014a3e00000,0x00000014a3f00000)]
  0x000001eb3c7d4cf0 JavaThread "Unconstrained build operations Thread 54" [_thread_blocked, id=33592, stack(0x00000014a3f00000,0x00000014a4000000)]
  0x000001eb3c7d42d0 JavaThread "Unconstrained build operations Thread 55" [_thread_blocked, id=34468, stack(0x00000014a4000000,0x00000014a4100000)]
  0x000001eb3c7d5200 JavaThread "Unconstrained build operations Thread 56" [_thread_blocked, id=35128, stack(0x00000014a4100000,0x00000014a4200000)]
  0x000001eb3c7d6b50 JavaThread "Unconstrained build operations Thread 57" [_thread_blocked, id=32436, stack(0x00000014a4200000,0x00000014a4300000)]
  0x000001eb3c7d6640 JavaThread "Unconstrained build operations Thread 58" [_thread_blocked, id=3252, stack(0x00000014a4300000,0x00000014a4400000)]
  0x000001eb3c7d6130 JavaThread "Unconstrained build operations Thread 59" [_thread_blocked, id=35100, stack(0x00000014a4400000,0x00000014a4500000)]
  0x000001eb3c7d7570 JavaThread "Unconstrained build operations Thread 60" [_thread_blocked, id=31776, stack(0x00000014a4500000,0x00000014a4600000)]
  0x000001eb3c7d5710 JavaThread "Unconstrained build operations Thread 61" [_thread_blocked, id=31608, stack(0x00000014a4600000,0x00000014a4700000)]
  0x000001eb3c7d47e0 JavaThread "Unconstrained build operations Thread 62" [_thread_blocked, id=24564, stack(0x00000014a4700000,0x00000014a4800000)]
  0x000001eb3c7d5c20 JavaThread "Unconstrained build operations Thread 63" [_thread_blocked, id=16804, stack(0x00000014a4800000,0x00000014a4900000)]
  0x000001eb3c7d7060 JavaThread "Unconstrained build operations Thread 64" [_thread_blocked, id=17000, stack(0x00000014a4900000,0x00000014a4a00000)]
  0x000001eb3c7d3dc0 JavaThread "Unconstrained build operations Thread 65" [_thread_blocked, id=15660, stack(0x00000014a4a00000,0x00000014a4b00000)]
  0x000001eb3f6fe760 JavaThread "Unconstrained build operations Thread 66" [_thread_blocked, id=3064, stack(0x00000014a4b00000,0x00000014a4c00000)]
  0x000001eb3f6fec70 JavaThread "Unconstrained build operations Thread 67" [_thread_blocked, id=34092, stack(0x00000014a4c00000,0x00000014a4d00000)]
  0x000001eb3f7005c0 JavaThread "Unconstrained build operations Thread 68" [_thread_blocked, id=15484, stack(0x00000014a4d00000,0x00000014a4e00000)]
  0x000001eb3f6fdd40 JavaThread "Unconstrained build operations Thread 69" [_thread_blocked, id=34892, stack(0x00000014a4e00000,0x00000014a4f00000)]
  0x000001eb3f6fe250 JavaThread "WorkerExecutor Queue" [_thread_blocked, id=26316, stack(0x00000014a4f00000,0x00000014a5000000)]
  0x000001eb3f701a00 JavaThread "RMI Scheduler(0)" daemon [_thread_blocked, id=14008, stack(0x00000014a1900000,0x00000014a1a00000)]
  0x000001eb3f6ff690 JavaThread "RMI GC Daemon" daemon [_thread_blocked, id=25988, stack(0x00000014a5100000,0x00000014a5200000)]
  0x000001eb3f7014f0 JavaThread "RMI TCP Accept-0" daemon [_thread_in_native, id=32804, stack(0x00000014a5200000,0x00000014a5300000)]
  0x000001eb3f701f10 JavaThread "RMI Reaper" [_thread_blocked, id=34160, stack(0x00000014a5300000,0x00000014a5400000)]
  0x000001eb3f702420 JavaThread "RMI TCP Connection(1)-127.0.0.1" daemon [_thread_in_native, id=34172, stack(0x00000014a5400000,0x00000014a5500000)]
  0x000001eb3f702930 JavaThread "Unconstrained build operations Thread 70" [_thread_blocked, id=34876, stack(0x00000014a5500000,0x00000014a5600000)]
  0x000001eb3f703350 JavaThread "Unconstrained build operations Thread 71" [_thread_blocked, id=31992, stack(0x000000149c200000,0x000000149c300000)]
  0x000001eb3f700fe0 JavaThread "Unconstrained build operations Thread 72" [_thread_blocked, id=24252, stack(0x00000014a5000000,0x00000014a5100000)]
  0x000001eb3f6ffba0 JavaThread "Unconstrained build operations Thread 73" [_thread_blocked, id=36360, stack(0x00000014a5700000,0x00000014a5800000)]
  0x000001eb3f703860 JavaThread "Unconstrained build operations Thread 74" [_thread_blocked, id=21700, stack(0x00000014a5900000,0x00000014a5a00000)]
  0x000001eb3f702e40 JavaThread "Unconstrained build operations Thread 75" [_thread_blocked, id=25332, stack(0x00000014a5a00000,0x00000014a5b00000)]
  0x000001eb3f7000b0 JavaThread "Unconstrained build operations Thread 76" [_thread_blocked, id=35416, stack(0x00000014a5800000,0x00000014a5900000)]
  0x000001eb3f704280 JavaThread "Unconstrained build operations Thread 77" [_thread_blocked, id=23032, stack(0x00000014a5b00000,0x00000014a5c00000)]
  0x000001eb3f704ca0 JavaThread "Unconstrained build operations Thread 78" [_thread_in_native, id=36000, stack(0x00000014a5c00000,0x00000014a5d00000)]
  0x000001eb3f7051b0 JavaThread "Unconstrained build operations Thread 79" [_thread_in_native, id=35220, stack(0x00000014a5d00000,0x00000014a5e00000)]
  0x000001eb3f703d70 JavaThread "Unconstrained build operations Thread 80" [_thread_blocked, id=18096, stack(0x00000014a5e00000,0x00000014a5f00000)]
  0x000001eb40c4a7d0 JavaThread "Unconstrained build operations Thread 81" [_thread_blocked, id=35608, stack(0x00000014a5f00000,0x00000014a6000000)]
  0x000001eb40c49db0 JavaThread "Unconstrained build operations Thread 82" [_thread_blocked, id=36288, stack(0x00000014a6000000,0x00000014a6100000)]
  0x000001eb40c47f50 JavaThread "Unconstrained build operations Thread 83" [_thread_blocked, id=36136, stack(0x00000014a6100000,0x00000014a6200000)]
  0x000001eb40c48970 JavaThread "Unconstrained build operations Thread 84" [_thread_blocked, id=35956, stack(0x00000014a6200000,0x00000014a6300000)]
  0x000001eb40c4ace0 JavaThread "Unconstrained build operations Thread 85" [_thread_blocked, id=936, stack(0x00000014a6300000,0x00000014a6400000)]
  0x000001eb40c4a2c0 JavaThread "Unconstrained build operations Thread 86" [_thread_blocked, id=32896, stack(0x00000014a6400000,0x00000014a6500000)]
  0x000001eb40c4b1f0 JavaThread "Unconstrained build operations Thread 87" [_thread_blocked, id=25816, stack(0x00000014a6500000,0x00000014a6600000)]
  0x000001eb40c47a40 JavaThread "Unconstrained build operations Thread 88" [_thread_blocked, id=35204, stack(0x00000014a6600000,0x00000014a6700000)]
  0x000001eb40c4b700 JavaThread "File lock release action executor" [_thread_blocked, id=31872, stack(0x00000014a6800000,0x00000014a6900000)]
  0x000001eb3db02e10 JavaThread "C2 CompilerThread1" daemon [_thread_in_native, id=31596, stack(0x00000014a6700000,0x00000014a6800000)]

Other Threads:
  0x000001eb7fcea950 VMThread "VM Thread" [stack: 0x000000149b500000,0x000000149b600000] [id=12800]
  0x000001eb3b1b1f30 WatcherThread [stack: 0x000000149c100000,0x000000149c200000] [id=21340]
  0x000001eb6de75d90 GCTaskThread "GC Thread#0" [stack: 0x000000149b000000,0x000000149b100000] [id=35524]
  0x000001eb3b257c10 GCTaskThread "GC Thread#1" [stack: 0x000000149c300000,0x000000149c400000] [id=23512]
  0x000001eb3b258190 GCTaskThread "GC Thread#2" [stack: 0x000000149c400000,0x000000149c500000] [id=27968]
  0x000001eb3b256b90 GCTaskThread "GC Thread#3" [stack: 0x000000149c500000,0x000000149c600000] [id=34716]
  0x000001eb3b257110 GCTaskThread "GC Thread#4" [stack: 0x000000149c600000,0x000000149c700000] [id=21552]
  0x000001eb3b256e50 GCTaskThread "GC Thread#5" [stack: 0x000000149d400000,0x000000149d500000] [id=12120]
  0x000001eb3b257690 GCTaskThread "GC Thread#6" [stack: 0x000000149d500000,0x000000149d600000] [id=31612]
  0x000001eb3dab85a0 GCTaskThread "GC Thread#7" [stack: 0x000000149d600000,0x000000149d700000] [id=14312]
  0x000001eb3dab6fa0 GCTaskThread "GC Thread#8" [stack: 0x000000149d700000,0x000000149d800000] [id=36344]
  0x000001eb3dab7aa0 GCTaskThread "GC Thread#9" [stack: 0x000000149d800000,0x000000149d900000] [id=18960]
  0x000001eb6de83600 ConcurrentGCThread "G1 Main Marker" [stack: 0x000000149b100000,0x000000149b200000] [id=30232]
  0x000001eb6de84570 ConcurrentGCThread "G1 Conc#0" [stack: 0x000000149b200000,0x000000149b300000] [id=27176]
  0x000001eb3dab8de0 ConcurrentGCThread "G1 Conc#1" [stack: 0x000000149dc00000,0x000000149dd00000] [id=24872]
  0x000001eb3dab8860 ConcurrentGCThread "G1 Conc#2" [stack: 0x000000149dd00000,0x000000149de00000] [id=15872]
  0x000001eb6dece4c0 ConcurrentGCThread "G1 Refine#0" [stack: 0x000000149b300000,0x000000149b400000] [id=11640]
  0x000001eb6dececa0 ConcurrentGCThread "G1 Service" [stack: 0x000000149b400000,0x000000149b500000] [id=4492]

Threads with active compile tasks:
C2 CompilerThread0    26910 10985       4       java.net.URLStreamHandler::parseURL (1201 bytes)
C2 CompilerThread1    26910 10993 % !   4       java.util.jar.Attributes::read @ 214 (494 bytes)

VM state: not at safepoint (normal execution)

VM Mutex/Monitor currently owned by a thread: None

Heap address: 0x0000000740000000, size: 3072 MB, Compressed Oops mode: Zero based, Oop shift amount: 3

CDS archive(s) mapped at: [0x000001eb0f000000-0x000001eb0fbb0000-0x000001eb0fbb0000), size 12255232, SharedBaseAddress: 0x000001eb0f000000, ArchiveRelocationMode: 1.
Compressed class space mapped at: 0x000001eb10000000-0x000001eb37000000, reserved size: 654311424
Narrow klass base: 0x000001eb0f000000, Narrow klass shift: 0, Narrow klass range: 0x100000000

GC Precious Log:
 CPUs: 12 total, 12 available
 Memory: 7835M
 Large Page Support: Disabled
 NUMA Support: Disabled
 Compressed Oops: Enabled (Zero based)
 Heap Region Size: 2M
 Heap Min Capacity: 8M
 Heap Initial Capacity: 124M
 Heap Max Capacity: 3G
 Pre-touch: Disabled
 Parallel Workers: 10
 Concurrent Workers: 3
 Concurrent Refinement Workers: 10
 Periodic GC: Disabled

Heap:
 garbage-first heap   total 151552K, used 106831K [0x0000000740000000, 0x0000000800000000)
  region size 2048K, 12 young (24576K), 3 survivors (6144K)
 Metaspace       used 85081K, committed 86080K, reserved 770048K
  class space    used 11967K, committed 12416K, reserved 638976K

Heap Regions: E=young(eden), S=young(survivor), O=old, HS=humongous(starts), HC=humongous(continues), CS=collection set, F=free, OA=open archive, CA=closed archive, TAMS=top-at-mark-start (previous, next)
|   0|0x0000000740000000, 0x0000000740200000, 0x0000000740200000|100%|HS|  |TAMS 0x0000000740200000, 0x0000000740000000| Complete 
|   1|0x0000000740200000, 0x0000000740400000, 0x0000000740400000|100%|HC|  |TAMS 0x0000000740400000, 0x0000000740200000| Complete 
|   2|0x0000000740400000, 0x0000000740600000, 0x0000000740600000|100%| O|  |TAMS 0x0000000740600000, 0x0000000740400000| Untracked 
|   3|0x0000000740600000, 0x0000000740800000, 0x0000000740800000|100%| O|  |TAMS 0x0000000740800000, 0x0000000740600000| Untracked 
|   4|0x0000000740800000, 0x0000000740a00000, 0x0000000740a00000|100%| O|  |TAMS 0x0000000740a00000, 0x0000000740800000| Untracked 
|   5|0x0000000740a00000, 0x0000000740c00000, 0x0000000740c00000|100%| O|  |TAMS 0x0000000740c00000, 0x0000000740a00000| Untracked 
|   6|0x0000000740c00000, 0x0000000740e00000, 0x0000000740e00000|100%| O|  |TAMS 0x0000000740e00000, 0x0000000740c00000| Untracked 
|   7|0x0000000740e00000, 0x0000000741000000, 0x0000000741000000|100%| O|  |TAMS 0x0000000741000000, 0x0000000740e00000| Untracked 
|   8|0x0000000741000000, 0x0000000741000000, 0x0000000741200000|  0%| F|  |TAMS 0x0000000741000000, 0x0000000741000000| Untracked 
|   9|0x0000000741200000, 0x0000000741400000, 0x0000000741400000|100%| O|  |TAMS 0x0000000741400000, 0x0000000741200000| Untracked 
|  10|0x0000000741400000, 0x0000000741600000, 0x0000000741600000|100%| O|  |TAMS 0x0000000741600000, 0x0000000741400000| Untracked 
|  11|0x0000000741600000, 0x0000000741800000, 0x0000000741800000|100%| O|  |TAMS 0x0000000741800000, 0x0000000741600000| Untracked 
|  12|0x0000000741800000, 0x0000000741a00000, 0x0000000741a00000|100%| O|  |TAMS 0x0000000741a00000, 0x0000000741800000| Untracked 
|  13|0x0000000741a00000, 0x0000000741c00000, 0x0000000741c00000|100%| O|  |TAMS 0x0000000741c00000, 0x0000000741a00000| Untracked 
|  14|0x0000000741c00000, 0x0000000741e00000, 0x0000000741e00000|100%| O|  |TAMS 0x0000000741e00000, 0x0000000741c00000| Untracked 
|  15|0x0000000741e00000, 0x0000000742000000, 0x0000000742000000|100%| O|  |TAMS 0x0000000742000000, 0x0000000741e00000| Untracked 
|  16|0x0000000742000000, 0x0000000742200000, 0x0000000742200000|100%| O|  |TAMS 0x0000000742200000, 0x0000000742000000| Untracked 
|  17|0x0000000742200000, 0x0000000742400000, 0x0000000742400000|100%| O|  |TAMS 0x0000000742400000, 0x0000000742200000| Untracked 
|  18|0x0000000742400000, 0x0000000742600000, 0x0000000742600000|100%| O|  |TAMS 0x0000000742600000, 0x0000000742400000| Untracked 
|  19|0x0000000742600000, 0x0000000742800000, 0x0000000742800000|100%| O|  |TAMS 0x0000000742800000, 0x0000000742600000| Untracked 
|  20|0x0000000742800000, 0x0000000742a00000, 0x0000000742a00000|100%| O|  |TAMS 0x0000000742a00000, 0x0000000742800000| Untracked 
|  21|0x0000000742a00000, 0x0000000742c00000, 0x0000000742c00000|100%|HS|  |TAMS 0x0000000742c00000, 0x0000000742a00000| Complete 
|  22|0x0000000742c00000, 0x0000000742e00000, 0x0000000742e00000|100%|HC|  |TAMS 0x0000000742e00000, 0x0000000742c00000| Complete 
|  23|0x0000000742e00000, 0x0000000743000000, 0x0000000743000000|100%|HS|  |TAMS 0x0000000743000000, 0x0000000742e00000| Complete 
|  24|0x0000000743000000, 0x0000000743200000, 0x0000000743200000|100%|HC|  |TAMS 0x0000000743200000, 0x0000000743000000| Complete 
|  25|0x0000000743200000, 0x0000000743400000, 0x0000000743400000|100%| O|  |TAMS 0x0000000743400000, 0x0000000743200000| Complete 
|  26|0x0000000743400000, 0x0000000743600000, 0x0000000743600000|100%| O|  |TAMS 0x0000000743600000, 0x0000000743400000| Untracked 
|  27|0x0000000743600000, 0x0000000743800000, 0x0000000743800000|100%| O|  |TAMS 0x0000000743800000, 0x0000000743600000| Untracked 
|  28|0x0000000743800000, 0x0000000743a00000, 0x0000000743a00000|100%| O|  |TAMS 0x0000000743a00000, 0x0000000743800000| Untracked 
|  29|0x0000000743a00000, 0x0000000743c00000, 0x0000000743c00000|100%| O|  |TAMS 0x0000000743c00000, 0x0000000743a00000| Untracked 
|  30|0x0000000743c00000, 0x0000000743e00000, 0x0000000743e00000|100%| O|  |TAMS 0x0000000743e00000, 0x0000000743c00000| Untracked 
|  31|0x0000000743e00000, 0x0000000744000000, 0x0000000744000000|100%| O|  |TAMS 0x0000000744000000, 0x0000000743e00000| Untracked 
|  32|0x0000000744000000, 0x0000000744200000, 0x0000000744200000|100%| O|  |TAMS 0x0000000744200000, 0x0000000744000000| Untracked 
|  33|0x0000000744200000, 0x0000000744400000, 0x0000000744400000|100%| O|  |TAMS 0x0000000744400000, 0x0000000744200000| Untracked 
|  34|0x0000000744400000, 0x0000000744600000, 0x0000000744600000|100%| O|  |TAMS 0x0000000744600000, 0x0000000744400000| Untracked 
|  35|0x0000000744600000, 0x0000000744800000, 0x0000000744800000|100%| O|  |TAMS 0x0000000744800000, 0x0000000744600000| Untracked 
|  36|0x0000000744800000, 0x0000000744a00000, 0x0000000744a00000|100%| O|  |TAMS 0x0000000744a00000, 0x0000000744800000| Untracked 
|  37|0x0000000744a00000, 0x0000000744c00000, 0x0000000744c00000|100%| O|  |TAMS 0x0000000744c00000, 0x0000000744a00000| Untracked 
|  38|0x0000000744c00000, 0x0000000744e00000, 0x0000000744e00000|100%| O|  |TAMS 0x0000000744e00000, 0x0000000744c00000| Untracked 
|  39|0x0000000744e00000, 0x0000000744e41800, 0x0000000745000000| 12%| O|  |TAMS 0x0000000744e41800, 0x0000000744e00000| Untracked 
|  40|0x0000000745000000, 0x0000000745200000, 0x0000000745200000|100%|HS|  |TAMS 0x0000000745000000, 0x0000000745000000| Complete 
|  41|0x0000000745200000, 0x0000000745400000, 0x0000000745400000|100%|HC|  |TAMS 0x0000000745200000, 0x0000000745200000| Complete 
|  42|0x0000000745400000, 0x0000000745600000, 0x0000000745600000|100%|HS|  |TAMS 0x0000000745400000, 0x0000000745400000| Complete 
|  43|0x0000000745600000, 0x0000000745800000, 0x0000000745800000|100%|HC|  |TAMS 0x0000000745600000, 0x0000000745600000| Complete 
|  44|0x0000000745800000, 0x0000000745a00000, 0x0000000745a00000|100%|HC|  |TAMS 0x0000000745800000, 0x0000000745800000| Complete 
|  45|0x0000000745a00000, 0x0000000745a00000, 0x0000000745c00000|  0%| F|  |TAMS 0x0000000745a00000, 0x0000000745a00000| Untracked 
|  46|0x0000000745c00000, 0x0000000745c00000, 0x0000000745e00000|  0%| F|  |TAMS 0x0000000745c00000, 0x0000000745c00000| Untracked 
|  47|0x0000000745e00000, 0x0000000745e00000, 0x0000000746000000|  0%| F|  |TAMS 0x0000000745e00000, 0x0000000745e00000| Untracked 
|  48|0x0000000746000000, 0x0000000746000000, 0x0000000746200000|  0%| F|  |TAMS 0x0000000746000000, 0x0000000746000000| Untracked 
|  49|0x0000000746200000, 0x0000000746212600, 0x0000000746400000|  3%| S|CS|TAMS 0x0000000746200000, 0x0000000746200000| Complete 
|  50|0x0000000746400000, 0x0000000746600000, 0x0000000746600000|100%| S|CS|TAMS 0x0000000746400000, 0x0000000746400000| Complete 
|  51|0x0000000746600000, 0x0000000746800000, 0x0000000746800000|100%| S|CS|TAMS 0x0000000746600000, 0x0000000746600000| Complete 
|  52|0x0000000746800000, 0x0000000746800000, 0x0000000746a00000|  0%| F|  |TAMS 0x0000000746800000, 0x0000000746800000| Untracked 
|  53|0x0000000746a00000, 0x0000000746a00000, 0x0000000746c00000|  0%| F|  |TAMS 0x0000000746a00000, 0x0000000746a00000| Untracked 
|  54|0x0000000746c00000, 0x0000000746c00000, 0x0000000746e00000|  0%| F|  |TAMS 0x0000000746c00000, 0x0000000746c00000| Untracked 
|  55|0x0000000746e00000, 0x0000000746e00000, 0x0000000747000000|  0%| F|  |TAMS 0x0000000746e00000, 0x0000000746e00000| Untracked 
|  56|0x0000000747000000, 0x0000000747000000, 0x0000000747200000|  0%| F|  |TAMS 0x0000000747000000, 0x0000000747000000| Untracked 
|  57|0x0000000747200000, 0x0000000747200000, 0x0000000747400000|  0%| F|  |TAMS 0x0000000747200000, 0x0000000747200000| Untracked 
|  58|0x0000000747400000, 0x0000000747400000, 0x0000000747600000|  0%| F|  |TAMS 0x0000000747400000, 0x0000000747400000| Untracked 
|  59|0x0000000747600000, 0x0000000747600000, 0x0000000747800000|  0%| F|  |TAMS 0x0000000747600000, 0x0000000747600000| Untracked 
|  60|0x0000000747800000, 0x0000000747800000, 0x0000000747a00000|  0%| F|  |TAMS 0x0000000747800000, 0x0000000747800000| Untracked 
|  61|0x0000000747a00000, 0x0000000747a00000, 0x0000000747c00000|  0%| F|  |TAMS 0x0000000747a00000, 0x0000000747a00000| Untracked 
|  62|0x0000000747c00000, 0x0000000747c00000, 0x0000000747e00000|  0%| F|  |TAMS 0x0000000747c00000, 0x0000000747c00000| Untracked 
|  63|0x0000000747e00000, 0x0000000747e00000, 0x0000000748000000|  0%| F|  |TAMS 0x0000000747e00000, 0x0000000747e00000| Untracked 
|  64|0x0000000748000000, 0x0000000748000000, 0x0000000748200000|  0%| F|  |TAMS 0x0000000748000000, 0x0000000748000000| Untracked 
|  65|0x0000000748200000, 0x00000007483c23c0, 0x0000000748400000| 87%| E|  |TAMS 0x0000000748200000, 0x0000000748200000| Complete 
|  66|0x0000000748400000, 0x0000000748600000, 0x0000000748600000|100%| E|  |TAMS 0x0000000748400000, 0x0000000748400000| Complete 
|  67|0x0000000748600000, 0x0000000748800000, 0x0000000748800000|100%| E|CS|TAMS 0x0000000748600000, 0x0000000748600000| Complete 
|  68|0x0000000748800000, 0x0000000748a00000, 0x0000000748a00000|100%| E|CS|TAMS 0x0000000748800000, 0x0000000748800000| Complete 
|  69|0x0000000748a00000, 0x0000000748c00000, 0x0000000748c00000|100%| E|CS|TAMS 0x0000000748a00000, 0x0000000748a00000| Complete 
|  70|0x0000000748c00000, 0x0000000748e00000, 0x0000000748e00000|100%| E|CS|TAMS 0x0000000748c00000, 0x0000000748c00000| Complete 
|  71|0x0000000748e00000, 0x0000000749000000, 0x0000000749000000|100%| E|CS|TAMS 0x0000000748e00000, 0x0000000748e00000| Complete 
|  72|0x0000000749000000, 0x0000000749200000, 0x0000000749200000|100%| E|CS|TAMS 0x0000000749000000, 0x0000000749000000| Complete 
|  73|0x0000000749200000, 0x0000000749400000, 0x0000000749400000|100%| E|CS|TAMS 0x0000000749200000, 0x0000000749200000| Complete 

Card table byte_map: [0x000001eb764b0000,0x000001eb76ab0000] _byte_map_base: 0x000001eb72ab0000

Marking Bits (Prev, Next): (CMBitMap*) 0x000001eb6de761a0, (CMBitMap*) 0x000001eb6de76160
 Prev Bits: [0x000001eb7a0b0000, 0x000001eb7d0b0000)
 Next Bits: [0x000001eb770b0000, 0x000001eb7a0b0000)

Polling page: 0x000001eb6bca0000

Metaspace:

Usage:
  Non-class:     71.42 MB used.
      Class:     11.69 MB used.
       Both:     83.10 MB used.

Virtual space:
  Non-class space:      128.00 MB reserved,      71.94 MB ( 56%) committed,  2 nodes.
      Class space:      624.00 MB reserved,      12.12 MB (  2%) committed,  1 nodes.
             Both:      752.00 MB reserved,      84.06 MB ( 11%) committed. 

Chunk freelists:
   Non-Class:  7.83 MB
       Class:  3.88 MB
        Both:  11.70 MB

MaxMetaspaceSize: 768.00 MB
CompressedClassSpaceSize: 624.00 MB
Initial GC threshold: 21.00 MB
Current GC threshold: 138.06 MB
CDS: on
MetaspaceReclaimPolicy: balanced
 - commit_granule_bytes: 65536.
 - commit_granule_words: 8192.
 - virtual_space_node_default_size: 8388608.
 - enlarge_chunks_in_place: 1.
 - new_chunks_are_fully_committed: 0.
 - uncommit_free_chunks: 1.
 - use_allocation_guard: 0.
 - handle_deallocations: 1.


Internal statistics:

num_allocs_failed_limit: 9.
num_arena_births: 1380.
num_arena_deaths: 0.
num_vsnodes_births: 3.
num_vsnodes_deaths: 0.
num_space_committed: 1345.
num_space_uncommitted: 0.
num_chunks_returned_to_freelist: 9.
num_chunks_taken_from_freelist: 5119.
num_chunk_merges: 6.
num_chunk_splits: 3169.
num_chunks_enlarged: 1888.
num_inconsistent_stats: 0.

CodeHeap 'non-profiled nmethods': size=120000Kb used=6011Kb max_used=6011Kb free=113988Kb
 bounds [0x000001eb07ad0000, 0x000001eb080b0000, 0x000001eb0f000000]
CodeHeap 'profiled nmethods': size=120000Kb used=18322Kb max_used=18322Kb free=101677Kb
 bounds [0x000001eb00000000, 0x000001eb011f0000, 0x000001eb07530000]
CodeHeap 'non-nmethods': size=5760Kb used=2444Kb max_used=2478Kb free=3316Kb
 bounds [0x000001eb07530000, 0x000001eb077c0000, 0x000001eb07ad0000]
 total_blobs=10534 nmethods=9549 adapters=897
 compilation: enabled
              stopped_count=0, restarted_count=0
 full_count=0

Compilation events (20 events):
Event: 25.740 Thread 0x000001eb7fd127a0 nmethod 10974 0x000001eb080a9c90 code [0x000001eb080a9e20, 0x000001eb080aa3b8]
Event: 25.740 Thread 0x000001eb7fd127a0 10976       4       jdk.internal.org.objectweb.asm.Type::getDescriptor (93 bytes)
Event: 25.763 Thread 0x000001eb7fd24bc0 10983       3       java.util.concurrent.CopyOnWriteArrayList::<init> (24 bytes)
Event: 25.764 Thread 0x000001eb7fd24bc0 nmethod 10983 0x000001eb011df090 code [0x000001eb011df240, 0x000001eb011df5f8]
Event: 25.769 Thread 0x000001eb7fd127a0 nmethod 10976 0x000001eb080aa710 code [0x000001eb080aa9c0, 0x000001eb080aced0]
Event: 25.769 Thread 0x000001eb7fd127a0 10975       4       org.gradle.api.internal.provider.ValueState$NonFinalizedValue::explicitValue (7 bytes)
Event: 25.769 Thread 0x000001eb7fd127a0 nmethod 10975 0x000001eb080adf10 code [0x000001eb080ae080, 0x000001eb080ae0f8]
Event: 25.812 Thread 0x000001eb7fd127a0 10984 %     4       java.net.URI::quote @ 24 (214 bytes)
Event: 25.816 Thread 0x000001eb7fd127a0 nmethod 10984% 0x000001eb080ae210 code [0x000001eb080ae3c0, 0x000001eb080ae7c8]
Event: 25.816 Thread 0x000001eb7fd127a0 10985       4       java.net.URLStreamHandler::parseURL (1201 bytes)
Event: 25.825 Thread 0x000001eb7fd24bc0 10989   !   3       sun.net.www.protocol.jar.JarURLConnection::connect (196 bytes)
Event: 25.826 Thread 0x000001eb7fd24bc0 nmethod 10989 0x000001eb011df710 code [0x000001eb011dfa40, 0x000001eb011e0c88]
Event: 25.826 Thread 0x000001eb7fd24bc0 10990       3       sun.net.www.protocol.jar.JarURLConnection::<init> (44 bytes)
Event: 25.827 Thread 0x000001eb7fd24bc0 nmethod 10990 0x000001eb011e1210 code [0x000001eb011e1400, 0x000001eb011e1a78]
Event: 25.827 Thread 0x000001eb7fd24bc0 10991       3       java.net.JarURLConnection::<init> (11 bytes)
Event: 25.827 Thread 0x000001eb7fd24bc0 nmethod 10991 0x000001eb011e1c90 code [0x000001eb011e1e40, 0x000001eb011e1fb8]
Event: 25.857 Thread 0x000001eb7fd24bc0 10992       3       java.util.ServiceLoader$3::checkReloadCount (23 bytes)
Event: 25.857 Thread 0x000001eb7fd24bc0 nmethod 10992 0x000001eb011e2090 code [0x000001eb011e2240, 0x000001eb011e2468]
Event: 25.862 Thread 0x000001eb7fd24bc0 10994   !   3       jdk.internal.loader.URLClassPath$JarLoader$1::run (175 bytes)
Event: 25.863 Thread 0x000001eb7fd24bc0 nmethod 10994 0x000001eb011e2590 code [0x000001eb011e27c0, 0x000001eb011e2f78]

GC Heap History (20 events):
Event: 9.530 GC heap before
{Heap before GC invocations=17 (full 0):
 garbage-first heap   total 124928K, used 64642K [0x0000000740000000, 0x0000000800000000)
  region size 2048K, 5 young (10240K), 3 survivors (6144K)
 Metaspace       used 59348K, committed 60096K, reserved 704512K
  class space    used 8299K, committed 8704K, reserved 638976K
}
Event: 9.533 GC heap after
{Heap after GC invocations=18 (full 0):
 garbage-first heap   total 124928K, used 63146K [0x0000000740000000, 0x0000000800000000)
  region size 2048K, 1 young (2048K), 1 survivors (2048K)
 Metaspace       used 59348K, committed 60096K, reserved 704512K
  class space    used 8299K, committed 8704K, reserved 638976K
}
Event: 9.987 GC heap before
{Heap before GC invocations=19 (full 0):
 garbage-first heap   total 124928K, used 95914K [0x0000000740000000, 0x0000000800000000)
  region size 2048K, 18 young (36864K), 1 survivors (2048K)
 Metaspace       used 61443K, committed 62272K, reserved 704512K
  class space    used 8577K, committed 8960K, reserved 638976K
}
Event: 9.989 GC heap after
{Heap after GC invocations=20 (full 0):
 garbage-first heap   total 124928K, used 63647K [0x0000000740000000, 0x0000000800000000)
  region size 2048K, 1 young (2048K), 1 survivors (2048K)
 Metaspace       used 61443K, committed 62272K, reserved 704512K
  class space    used 8577K, committed 8960K, reserved 638976K
}
Event: 10.440 GC heap before
{Heap before GC invocations=20 (full 0):
 garbage-first heap   total 124928K, used 100511K [0x0000000740000000, 0x0000000800000000)
  region size 2048K, 19 young (38912K), 1 survivors (2048K)
 Metaspace       used 64399K, committed 65152K, reserved 704512K
  class space    used 9097K, committed 9472K, reserved 638976K
}
Event: 10.443 GC heap after
{Heap after GC invocations=21 (full 0):
 garbage-first heap   total 124928K, used 64704K [0x0000000740000000, 0x0000000800000000)
  region size 2048K, 2 young (4096K), 2 survivors (4096K)
 Metaspace       used 64399K, committed 65152K, reserved 704512K
  class space    used 9097K, committed 9472K, reserved 638976K
}
Event: 10.816 GC heap before
{Heap before GC invocations=22 (full 0):
 garbage-first heap   total 124928K, used 99520K [0x0000000740000000, 0x0000000800000000)
  region size 2048K, 19 young (38912K), 2 survivors (4096K)
 Metaspace       used 66124K, committed 66880K, reserved 704512K
  class space    used 9353K, committed 9728K, reserved 638976K
}
Event: 10.819 GC heap after
{Heap after GC invocations=23 (full 0):
 garbage-first heap   total 124928K, used 65697K [0x0000000740000000, 0x0000000800000000)
  region size 2048K, 2 young (4096K), 2 survivors (4096K)
 Metaspace       used 66124K, committed 66880K, reserved 704512K
  class space    used 9353K, committed 9728K, reserved 638976K
}
Event: 11.371 GC heap before
{Heap before GC invocations=23 (full 0):
 garbage-first heap   total 124928K, used 102561K [0x0000000740000000, 0x0000000800000000)
  region size 2048K, 20 young (40960K), 2 survivors (4096K)
 Metaspace       used 67372K, committed 68224K, reserved 704512K
  class space    used 9519K, committed 9920K, reserved 638976K
}
Event: 11.377 GC heap after
{Heap after GC invocations=24 (full 0):
 garbage-first heap   total 124928K, used 69438K [0x0000000740000000, 0x0000000800000000)
  region size 2048K, 3 young (6144K), 3 survivors (6144K)
 Metaspace       used 67372K, committed 68224K, reserved 704512K
  class space    used 9519K, committed 9920K, reserved 638976K
}
Event: 11.905 GC heap before
{Heap before GC invocations=25 (full 0):
 garbage-first heap   total 124928K, used 102206K [0x0000000740000000, 0x0000000800000000)
  region size 2048K, 19 young (38912K), 3 survivors (6144K)
 Metaspace       used 68799K, committed 69696K, reserved 704512K
  class space    used 9745K, committed 10176K, reserved 638976K
}
Event: 11.911 GC heap after
{Heap after GC invocations=26 (full 0):
 garbage-first heap   total 151552K, used 72195K [0x0000000740000000, 0x0000000800000000)
  region size 2048K, 2 young (4096K), 2 survivors (4096K)
 Metaspace       used 68799K, committed 69696K, reserved 704512K
  class space    used 9745K, committed 10176K, reserved 638976K
}
Event: 12.831 GC heap before
{Heap before GC invocations=26 (full 0):
 garbage-first heap   total 151552K, used 123395K [0x0000000740000000, 0x0000000800000000)
  region size 2048K, 27 young (55296K), 2 survivors (4096K)
 Metaspace       used 72394K, committed 73280K, reserved 704512K
  class space    used 10318K, committed 10752K, reserved 638976K
}
Event: 12.838 GC heap after
{Heap after GC invocations=27 (full 0):
 garbage-first heap   total 151552K, used 75340K [0x0000000740000000, 0x0000000800000000)
  region size 2048K, 4 young (8192K), 4 survivors (8192K)
 Metaspace       used 72394K, committed 73280K, reserved 704512K
  class space    used 10318K, committed 10752K, reserved 638976K
}
Event: 13.521 GC heap before
{Heap before GC invocations=28 (full 0):
 garbage-first heap   total 151552K, used 122444K [0x0000000740000000, 0x0000000800000000)
  region size 2048K, 27 young (55296K), 4 survivors (8192K)
 Metaspace       used 76221K, committed 77248K, reserved 770048K
  class space    used 10848K, committed 11328K, reserved 638976K
}
Event: 13.529 GC heap after
{Heap after GC invocations=29 (full 0):
 garbage-first heap   total 151552K, used 79313K [0x0000000740000000, 0x0000000800000000)
  region size 2048K, 4 young (8192K), 4 survivors (8192K)
 Metaspace       used 76221K, committed 77248K, reserved 770048K
  class space    used 10848K, committed 11328K, reserved 638976K
}
Event: 13.570 GC heap before
{Heap before GC invocations=29 (full 0):
 garbage-first heap   total 151552K, used 79313K [0x0000000740000000, 0x0000000800000000)
  region size 2048K, 5 young (10240K), 4 survivors (8192K)
 Metaspace       used 76770K, committed 77696K, reserved 770048K
  class space    used 10916K, committed 11328K, reserved 638976K
}
Event: 13.575 GC heap after
{Heap after GC invocations=30 (full 0):
 garbage-first heap   total 151552K, used 79458K [0x0000000740000000, 0x0000000800000000)
  region size 2048K, 1 young (2048K), 1 survivors (2048K)
 Metaspace       used 76770K, committed 77696K, reserved 770048K
  class space    used 10916K, committed 11328K, reserved 638976K
}
Event: 24.596 GC heap before
{Heap before GC invocations=30 (full 0):
 garbage-first heap   total 151552K, used 122466K [0x0000000740000000, 0x0000000800000000)
  region size 2048K, 22 young (45056K), 1 survivors (2048K)
 Metaspace       used 83558K, committed 84544K, reserved 770048K
  class space    used 11794K, committed 12288K, reserved 638976K
}
Event: 24.600 GC heap after
{Heap after GC invocations=31 (full 0):
 garbage-first heap   total 151552K, used 82255K [0x0000000740000000, 0x0000000800000000)
  region size 2048K, 3 young (6144K), 3 survivors (6144K)
 Metaspace       used 83558K, committed 84544K, reserved 770048K
  class space    used 11794K, committed 12288K, reserved 638976K
}

Dll operation events (16 events):
Event: 0.017 Loaded shared library C:\Program Files\Microsoft\jdk-17.0.15.6-hotspot\bin\java.dll
Event: 0.040 Loaded shared library C:\Program Files\Microsoft\jdk-17.0.15.6-hotspot\bin\jsvml.dll
Event: 0.113 Loaded shared library C:\Program Files\Microsoft\jdk-17.0.15.6-hotspot\bin\zip.dll
Event: 0.121 Loaded shared library C:\Program Files\Microsoft\jdk-17.0.15.6-hotspot\bin\instrument.dll
Event: 0.131 Loaded shared library C:\Program Files\Microsoft\jdk-17.0.15.6-hotspot\bin\net.dll
Event: 0.136 Loaded shared library C:\Program Files\Microsoft\jdk-17.0.15.6-hotspot\bin\nio.dll
Event: 0.140 Loaded shared library C:\Program Files\Microsoft\jdk-17.0.15.6-hotspot\bin\zip.dll
Event: 0.560 Loaded shared library C:\Program Files\Microsoft\jdk-17.0.15.6-hotspot\bin\jimage.dll
Event: 0.710 Loaded shared library C:\Program Files\Microsoft\jdk-17.0.15.6-hotspot\bin\verify.dll
Event: 0.888 Loaded shared library C:\Users\HP\.gradle\native\c067742578af261105cb4f569cf0c3c89f3d7b1fecec35dd04571415982c5e48\windows-amd64\native-platform.dll
Event: 0.905 Loaded shared library C:\Users\HP\.gradle\native\100fb08df4bc3b14c8652ba06237920a3bd2aa13389f12d3474272988ae205f9\windows-amd64\native-platform-file-events.dll
Event: 1.855 Loaded shared library C:\Program Files\Microsoft\jdk-17.0.15.6-hotspot\bin\management.dll
Event: 1.860 Loaded shared library C:\Program Files\Microsoft\jdk-17.0.15.6-hotspot\bin\management_ext.dll
Event: 2.066 Loaded shared library C:\Program Files\Microsoft\jdk-17.0.15.6-hotspot\bin\extnet.dll
Event: 2.322 Loaded shared library C:\Program Files\Microsoft\jdk-17.0.15.6-hotspot\bin\sunmscapi.dll
Event: 14.345 Loaded shared library C:\Program Files\Microsoft\jdk-17.0.15.6-hotspot\bin\rmi.dll

Deoptimization events (20 events):
Event: 25.687 Thread 0x000001eb3d555200 DEOPT PACKING pc=0x000001eb07f93af8 sp=0x000000149d1fe700
Event: 25.687 Thread 0x000001eb3d555200 DEOPT UNPACKING pc=0x000001eb075869a3 sp=0x000000149d1fe680 mode 2
Event: 25.690 Thread 0x000001eb3d555200 Uncommon trap: trap_request=0xffffffbe fr.pc=0x000001eb07f93af8 relative=0x0000000000000258
Event: 25.690 Thread 0x000001eb3d555200 Uncommon trap: reason=profile_predicate action=maybe_recompile pc=0x000001eb07f93af8 method=java.util.Collections.indexedBinarySearch(Ljava/util/List;Ljava/lang/Object;)I @ 13 c2
Event: 25.690 Thread 0x000001eb3d555200 DEOPT PACKING pc=0x000001eb07f93af8 sp=0x000000149d1fe700
Event: 25.690 Thread 0x000001eb3d555200 DEOPT UNPACKING pc=0x000001eb075869a3 sp=0x000000149d1fe680 mode 2
Event: 25.691 Thread 0x000001eb3d555200 Uncommon trap: trap_request=0xffffffbe fr.pc=0x000001eb07f93af8 relative=0x0000000000000258
Event: 25.691 Thread 0x000001eb3d555200 Uncommon trap: reason=profile_predicate action=maybe_recompile pc=0x000001eb07f93af8 method=java.util.Collections.indexedBinarySearch(Ljava/util/List;Ljava/lang/Object;)I @ 13 c2
Event: 25.691 Thread 0x000001eb3d555200 DEOPT PACKING pc=0x000001eb07f93af8 sp=0x000000149d1fe700
Event: 25.691 Thread 0x000001eb3d555200 DEOPT UNPACKING pc=0x000001eb075869a3 sp=0x000000149d1fe680 mode 2
Event: 25.692 Thread 0x000001eb3d555200 Uncommon trap: trap_request=0xffffffbe fr.pc=0x000001eb07f93af8 relative=0x0000000000000258
Event: 25.692 Thread 0x000001eb3d555200 Uncommon trap: reason=profile_predicate action=maybe_recompile pc=0x000001eb07f93af8 method=java.util.Collections.indexedBinarySearch(Ljava/util/List;Ljava/lang/Object;)I @ 13 c2
Event: 25.692 Thread 0x000001eb3d555200 DEOPT PACKING pc=0x000001eb07f93af8 sp=0x000000149d1fe700
Event: 25.692 Thread 0x000001eb3d555200 DEOPT UNPACKING pc=0x000001eb075869a3 sp=0x000000149d1fe680 mode 2
Event: 25.726 Thread 0x000001eb40c4a2c0 Uncommon trap: trap_request=0xffffff45 fr.pc=0x000001eb08093638 relative=0x00000000000016f8
Event: 25.726 Thread 0x000001eb40c4a2c0 Uncommon trap: reason=unstable_if action=reinterpret pc=0x000001eb08093638 method=java.util.concurrent.ConcurrentHashMap.addCount(JI)V @ 171 c2
Event: 25.726 Thread 0x000001eb40c4a2c0 DEOPT PACKING pc=0x000001eb08093638 sp=0x00000014a64fbdb0
Event: 25.726 Thread 0x000001eb40c4a2c0 DEOPT UNPACKING pc=0x000001eb075869a3 sp=0x00000014a64fbc90 mode 2
Event: 25.825 Thread 0x000001eb40c4a7d0 DEOPT PACKING pc=0x000001eb010dcd81 sp=0x00000014a5ffa880
Event: 25.825 Thread 0x000001eb40c4a7d0 DEOPT UNPACKING pc=0x000001eb07587143 sp=0x00000014a5ff9d48 mode 0

Classes loaded (20 events):
Event: 24.822 Loading class sun/security/ssl/NewSessionTicket$NewSessionTicketMessage done
Event: 24.822 Loading class sun/security/ssl/NewSessionTicket$T13NewSessionTicketMessage done
Event: 24.902 Loading class sun/security/ssl/PreSharedKeyExtension$PskIdentity
Event: 24.903 Loading class sun/security/ssl/PreSharedKeyExtension$PskIdentity done
Event: 24.903 Loading class sun/security/ssl/PreSharedKeyExtension$CHPreSharedKeySpec
Event: 24.905 Loading class sun/security/ssl/PreSharedKeyExtension$CHPreSharedKeySpec done
Event: 24.905 Loading class sun/security/ssl/PreSharedKeyExtension$PartialClientHelloMessage
Event: 24.905 Loading class sun/security/ssl/PreSharedKeyExtension$PartialClientHelloMessage done
Event: 24.905 Loading class sun/security/ssl/SSLEngineOutputRecord
Event: 24.906 Loading class sun/security/ssl/SSLEngineOutputRecord done
Event: 24.906 Loading class sun/security/ssl/SSLEngineOutputRecord$HandshakeFragment
Event: 24.906 Loading class sun/security/ssl/SSLEngineOutputRecord$HandshakeFragment done
Event: 24.907 Loading class sun/security/ssl/SSLEngineOutputRecord$HandshakeMemo
Event: 24.907 Loading class sun/security/ssl/SSLEngineOutputRecord$RecordMemo
Event: 24.907 Loading class sun/security/ssl/SSLEngineOutputRecord$RecordMemo done
Event: 24.907 Loading class sun/security/ssl/SSLEngineOutputRecord$HandshakeMemo done
Event: 24.967 Loading class sun/security/ssl/PreSharedKeyExtension$SHPreSharedKeySpec
Event: 24.967 Loading class sun/security/ssl/PreSharedKeyExtension$SHPreSharedKeySpec done
Event: 25.701 Loading class java/util/concurrent/locks/ReentrantReadWriteLock$Sync$HoldCounter
Event: 25.703 Loading class java/util/concurrent/locks/ReentrantReadWriteLock$Sync$HoldCounter done

Classes unloaded (0 events):
No events

Classes redefined (0 events):
No events

Internal exceptions (20 events):
Event: 13.655 Thread 0x000001eb3f6fe250 Exception <a 'java/lang/NoSuchMethodError'{0x0000000748e1b4d8}: 'java.lang.Object java.lang.invoke.DirectMethodHandle$Holder.invokeStatic(java.lang.Object, java.lang.Object, long, java.lang.Object)'> (0x0000000748e1b4d8) 
thrown [s\src\hotspot\share\interpreter\linkResolver.cpp, line 759]
Event: 13.655 Thread 0x000001eb3f6fe250 Exception <a 'java/lang/NoSuchMethodError'{0x0000000748e1ef58}: 'java.lang.Object java.lang.invoke.DirectMethodHandle$Holder.invokeStaticInit(java.lang.Object, java.lang.Object, long, java.lang.Object)'> (0x0000000748e1ef58) 
thrown [s\src\hotspot\share\interpreter\linkResolver.cpp, line 759]
Event: 14.336 Thread 0x000001eb3f6fe250 Exception <a 'java/lang/NoSuchMethodError'{0x0000000748f98de8}: static Lorg/jetbrains/kotlin/daemon/common/LoopbackNetworkInterface$AbstractClientLoopbackSocketFactory;.<clinit>()V> (0x0000000748f98de8) 
thrown [s\src\hotspot\share\prims\jni.cpp, line 1112]
Event: 14.337 Thread 0x000001eb3f6fe250 Exception <a 'java/lang/NoSuchMethodError'{0x0000000748fa4928}: static Lorg/jetbrains/kotlin/daemon/common/LoopbackNetworkInterface$ClientLoopbackSocketFactory;.<clinit>()V> (0x0000000748fa4928) 
thrown [s\src\hotspot\share\prims\jni.cpp, line 1112]
Event: 14.348 Thread 0x000001eb3f6fe250 Exception <a 'java/lang/NoSuchMethodError'{0x0000000748c11cf0}: static [Ljava/rmi/server/ObjID;.<clinit>()V> (0x0000000748c11cf0) 
thrown [s\src\hotspot\share\prims\jni.cpp, line 1112]
Event: 14.349 Thread 0x000001eb3f6fe250 Exception <a 'java/lang/NoSuchMethodError'{0x0000000748c35758}: static [B.<clinit>()V> (0x0000000748c35758) 
thrown [s\src\hotspot\share\prims\jni.cpp, line 1112]
Event: 14.356 Thread 0x000001eb3f700fe0 Exception <a 'java/lang/InterruptedException'{0x0000000748c4bfe8}> (0x0000000748c4bfe8) 
thrown [s\src\hotspot\share\runtime\objectMonitor.cpp, line 1658]
Event: 14.356 Thread 0x000001eb3f700fe0 Exception <a 'java/lang/NoSuchMethodError'{0x0000000748c4d448}: 'java.lang.Object java.lang.invoke.DirectMethodHandle$Holder.invokeSpecial(java.lang.Object, java.lang.Object, int, java.lang.Object, long)'> (0x0000000748c4d448) 
thrown [s\src\hotspot\share\interpreter\linkResolver.cpp, line 759]
Event: 14.357 Thread 0x000001eb3f700fe0 Exception <a 'java/lang/NoSuchMethodError'{0x0000000748c548f8}: 'java.lang.Object java.lang.invoke.DirectMethodHandle$Holder.newInvokeSpecial(java.lang.Object, java.lang.Object, int, java.lang.Object, long)'> (0x0000000748c548f8) 
thrown [s\src\hotspot\share\interpreter\linkResolver.cpp, line 759]
Event: 14.373 Thread 0x000001eb3f6fe250 Exception <a 'java/lang/NoSuchMethodError'{0x0000000748c8f938}: static Lorg/jetbrains/kotlin/daemon/common/CompileService$CallResult;.<clinit>()V> (0x0000000748c8f938) 
thrown [s\src\hotspot\share\prims\jni.cpp, line 1112]
Event: 14.373 Thread 0x000001eb3f6fe250 Exception <a 'java/lang/NoSuchMethodError'{0x0000000748c9b700}: static Lorg/jetbrains/kotlin/daemon/common/CompileService$CallResult$Good;.<clinit>()V> (0x0000000748c9b700) 
thrown [s\src\hotspot\share\prims\jni.cpp, line 1112]
Event: 14.374 Thread 0x000001eb3f6fe250 Exception <a 'java/lang/NoSuchMethodError'{0x0000000748ca88d8}: static Lorg/jetbrains/kotlin/daemon/common/DaemonJVMOptions;.<clinit>()V> (0x0000000748ca88d8) 
thrown [s\src\hotspot\share\prims\jni.cpp, line 1112]
Event: 14.380 Thread 0x000001eb3f6fe250 Exception <a 'java/lang/NoSuchMethodError'{0x0000000748cc40a0}: static Lorg/jetbrains/kotlin/daemon/common/CompileService$CallResult$Ok;.<clinit>()V> (0x0000000748cc40a0) 
thrown [s\src\hotspot\share\prims\jni.cpp, line 1112]
Event: 14.406 Thread 0x000001eb3f6fe250 Exception <a 'java/lang/NoSuchMethodError'{0x0000000748a16df8}: static [Ljava/lang/Integer;.<clinit>()V> (0x0000000748a16df8) 
thrown [s\src\hotspot\share\prims\jni.cpp, line 1112]
Event: 21.960 Thread 0x000001eb3b50bc50 Exception <a 'sun/nio/fs/WindowsException'{0x00000007484d5368}> (0x00000007484d5368) 
thrown [s\src\hotspot\share\prims\jni.cpp, line 516]
Event: 21.967 Thread 0x000001eb3b50bc50 Exception <a 'sun/nio/fs/WindowsException'{0x00000007484d7c28}> (0x00000007484d7c28) 
thrown [s\src\hotspot\share\prims\jni.cpp, line 516]
Event: 21.969 Thread 0x000001eb3b50bc50 Exception <a 'sun/nio/fs/WindowsException'{0x00000007484da278}> (0x00000007484da278) 
thrown [s\src\hotspot\share\prims\jni.cpp, line 516]
Event: 21.970 Thread 0x000001eb3b50bc50 Exception <a 'sun/nio/fs/WindowsException'{0x00000007484dc4e0}> (0x00000007484dc4e0) 
thrown [s\src\hotspot\share\prims\jni.cpp, line 516]
Event: 23.933 Thread 0x000001eb3b50bc50 Exception <a 'sun/nio/fs/WindowsException'{0x0000000747c7a0b0}> (0x0000000747c7a0b0) 
thrown [s\src\hotspot\share\prims\jni.cpp, line 516]
Event: 24.836 Thread 0x000001eb3b50bc50 Implicit null exception at 0x000001eb07b2d7d2 to 0x000001eb07b2dd94

VM Operations (20 events):
Event: 23.954 Executing VM operation: HandshakeAllThreads done
Event: 23.956 Executing VM operation: HandshakeAllThreads
Event: 23.957 Executing VM operation: HandshakeAllThreads done
Event: 24.147 Executing VM operation: HandshakeAllThreads
Event: 24.148 Executing VM operation: HandshakeAllThreads done
Event: 24.307 Executing VM operation: HandshakeAllThreads
Event: 24.307 Executing VM operation: HandshakeAllThreads done
Event: 24.430 Executing VM operation: HandshakeAllThreads
Event: 24.430 Executing VM operation: HandshakeAllThreads done
Event: 24.490 Executing VM operation: HandshakeAllThreads
Event: 24.490 Executing VM operation: HandshakeAllThreads done
Event: 24.595 Executing VM operation: G1CollectForAllocation
Event: 24.600 Executing VM operation: G1CollectForAllocation done
Event: 24.640 Executing VM operation: G1PauseRemark
Event: 24.646 Executing VM operation: G1PauseRemark done
Event: 24.666 Executing VM operation: G1PauseCleanup
Event: 24.666 Executing VM operation: G1PauseCleanup done
Event: 25.667 Executing VM operation: Cleanup
Event: 25.667 Executing VM operation: Cleanup done
Event: 26.667 Executing VM operation: Cleanup

Memory protections (0 events):
No events

Nmethod flushes (20 events):
Event: 12.746 Thread 0x000001eb7fd324f0 flushing  nmethod 0x000001eb00cbe310
Event: 12.746 Thread 0x000001eb7fd324f0 flushing  nmethod 0x000001eb00ccd210
Event: 12.746 Thread 0x000001eb7fd324f0 flushing  nmethod 0x000001eb00ccdf10
Event: 12.746 Thread 0x000001eb7fd324f0 flushing  nmethod 0x000001eb00cd0510
Event: 12.746 Thread 0x000001eb7fd324f0 flushing  nmethod 0x000001eb00cd5690
Event: 12.746 Thread 0x000001eb7fd324f0 flushing  nmethod 0x000001eb00d1e710
Event: 12.746 Thread 0x000001eb7fd324f0 flushing  nmethod 0x000001eb00d5fe10
Event: 12.747 Thread 0x000001eb7fd324f0 flushing  nmethod 0x000001eb00d7a190
Event: 12.747 Thread 0x000001eb7fd324f0 flushing  nmethod 0x000001eb00d9be90
Event: 12.747 Thread 0x000001eb7fd324f0 flushing  nmethod 0x000001eb00d9d690
Event: 12.747 Thread 0x000001eb7fd324f0 flushing  nmethod 0x000001eb00dd7390
Event: 12.748 Thread 0x000001eb7fd324f0 flushing  nmethod 0x000001eb00edd490
Event: 12.748 Thread 0x000001eb7fd324f0 flushing  nmethod 0x000001eb00f15310
Event: 12.748 Thread 0x000001eb7fd324f0 flushing  nmethod 0x000001eb00f18d90
Event: 12.748 Thread 0x000001eb7fd324f0 flushing  nmethod 0x000001eb00f1ab90
Event: 12.748 Thread 0x000001eb7fd324f0 flushing  nmethod 0x000001eb00f1b010
Event: 12.748 Thread 0x000001eb7fd324f0 flushing  nmethod 0x000001eb00f1bb10
Event: 24.492 Thread 0x000001eb7fd324f0 flushing  nmethod 0x000001eb07f7be10
Event: 24.494 Thread 0x000001eb7fd324f0 flushing  nmethod 0x000001eb003c4b10
Event: 24.498 Thread 0x000001eb7fd324f0 flushing  nmethod 0x000001eb00e4e310

Events (20 events):
Event: 24.836 Thread 0x000001eb3b50bc50 Thread added: 0x000001eb3f700fe0
Event: 24.836 Thread 0x000001eb3b50bc50 Thread added: 0x000001eb3f6ffba0
Event: 24.901 Thread 0x000001eb7fd127a0 Thread added: 0x000001eb3db01e20
Event: 25.109 Thread 0x000001eb3b50bc50 Thread added: 0x000001eb3f703860
Event: 25.109 Thread 0x000001eb3b50bc50 Thread added: 0x000001eb3f702e40
Event: 25.254 Thread 0x000001eb3db01e20 Thread exited: 0x000001eb3db01e20
Event: 25.497 Thread 0x000001eb3b50bc50 Thread added: 0x000001eb3f7000b0
Event: 25.498 Thread 0x000001eb3b50bc50 Thread added: 0x000001eb3f704280
Event: 25.681 Thread 0x000001eb3b50bc50 Thread added: 0x000001eb3f704ca0
Event: 25.682 Thread 0x000001eb3b50bc50 Thread added: 0x000001eb3f7051b0
Event: 25.684 Thread 0x000001eb3b50bc50 Thread added: 0x000001eb3f703d70
Event: 25.685 Thread 0x000001eb3b50bc50 Thread added: 0x000001eb40c4a7d0
Event: 25.688 Thread 0x000001eb3b50bc50 Thread added: 0x000001eb40c49db0
Event: 25.691 Thread 0x000001eb3b50bc50 Thread added: 0x000001eb40c47f50
Event: 25.691 Thread 0x000001eb3b50bc50 Thread added: 0x000001eb40c48970
Event: 25.693 Thread 0x000001eb3b50bc50 Thread added: 0x000001eb40c4ace0
Event: 25.694 Thread 0x000001eb3b50bc50 Thread added: 0x000001eb40c4a2c0
Event: 25.695 Thread 0x000001eb3b50bc50 Thread added: 0x000001eb40c4b1f0
Event: 25.697 Thread 0x000001eb3b50bc50 Thread added: 0x000001eb40c47a40
Event: 26.863 Thread 0x000001eb3d555c20 Thread added: 0x000001eb40c4b700


Dynamic libraries:
0x00007ff77d7d0000 - 0x00007ff77d7de000 	C:\Program Files\Microsoft\jdk-17.0.15.6-hotspot\bin\java.exe
0x00007ff8dc440000 - 0x00007ff8dc6a7000 	C:\WINDOWS\SYSTEM32\ntdll.dll
0x00007ff8db7d0000 - 0x00007ff8db899000 	C:\WINDOWS\System32\KERNEL32.DLL
0x00007ff8d9bd0000 - 0x00007ff8d9fc1000 	C:\WINDOWS\System32\KERNELBASE.dll
0x00007ff8d9fd0000 - 0x00007ff8da11b000 	C:\WINDOWS\System32\ucrtbase.dll
0x00007ff8b9530000 - 0x00007ff8b954d000 	C:\Program Files\Microsoft\jdk-17.0.15.6-hotspot\bin\VCRUNTIME140.dll
0x00007ff897430000 - 0x00007ff897447000 	C:\Program Files\Microsoft\jdk-17.0.15.6-hotspot\bin\jli.dll
0x00007ff8db410000 - 0x00007ff8db5d5000 	C:\WINDOWS\System32\USER32.dll
0x00007ff8d9970000 - 0x00007ff8d9997000 	C:\WINDOWS\System32\win32u.dll
0x00007ff8b8ca0000 - 0x00007ff8b8f33000 	C:\WINDOWS\WinSxS\amd64_microsoft.windows.common-controls_6595b64144ccf1df_6.0.26100.7922_none_3e089e1ee3342171\COMCTL32.dll
0x00007ff8dbed0000 - 0x00007ff8dbefb000 	C:\WINDOWS\System32\GDI32.dll
0x00007ff8da2b0000 - 0x00007ff8da359000 	C:\WINDOWS\System32\msvcrt.dll
0x00007ff8d97b0000 - 0x00007ff8d98da000 	C:\WINDOWS\System32\gdi32full.dll
0x00007ff8d9b20000 - 0x00007ff8d9bc3000 	C:\WINDOWS\System32\msvcp_win.dll
0x00007ff8da360000 - 0x00007ff8da391000 	C:\WINDOWS\System32\IMM32.DLL
0x00007ff899b90000 - 0x00007ff899b9c000 	C:\Program Files\Microsoft\jdk-17.0.15.6-hotspot\bin\vcruntime140_1.dll
0x00007ff83d120000 - 0x00007ff83d1ad000 	C:\Program Files\Microsoft\jdk-17.0.15.6-hotspot\bin\msvcp140.dll
0x00007ff834070000 - 0x00007ff834ce2000 	C:\Program Files\Microsoft\jdk-17.0.15.6-hotspot\bin\server\jvm.dll
0x00007ff8db220000 - 0x00007ff8db2db000 	C:\WINDOWS\System32\ADVAPI32.dll
0x00007ff8da9f0000 - 0x00007ff8daa97000 	C:\WINDOWS\System32\sechost.dll
0x00007ff8db2e0000 - 0x00007ff8db3f8000 	C:\WINDOWS\System32\RPCRT4.dll
0x00007ff8db740000 - 0x00007ff8db7b4000 	C:\WINDOWS\System32\WS2_32.dll
0x00007ff8d8b80000 - 0x00007ff8d8bde000 	C:\WINDOWS\SYSTEM32\POWRPROF.dll
0x00007ff8d0b20000 - 0x00007ff8d0b55000 	C:\WINDOWS\SYSTEM32\WINMM.dll
0x00007ff8c6ef0000 - 0x00007ff8c6efb000 	C:\WINDOWS\SYSTEM32\VERSION.dll
0x00007ff8d8b60000 - 0x00007ff8d8b74000 	C:\WINDOWS\SYSTEM32\UMPDC.dll
0x00007ff8d7ab0000 - 0x00007ff8d7acb000 	C:\WINDOWS\SYSTEM32\kernel.appcore.dll
0x00007ff897890000 - 0x00007ff89789a000 	C:\Program Files\Microsoft\jdk-17.0.15.6-hotspot\bin\jimage.dll
0x00007ff8d6bc0000 - 0x00007ff8d6e02000 	C:\WINDOWS\SYSTEM32\DBGHELP.DLL
0x00007ff8dbf70000 - 0x00007ff8dc2f2000 	C:\WINDOWS\System32\combase.dll
0x00007ff8dbb90000 - 0x00007ff8dbc67000 	C:\WINDOWS\System32\OLEAUT32.dll
0x00007ff8b6050000 - 0x00007ff8b608b000 	C:\WINDOWS\SYSTEM32\dbgcore.DLL
0x00007ff8d9700000 - 0x00007ff8d97a5000 	C:\WINDOWS\System32\bcryptPrimitives.dll
0x00007ff88e7d0000 - 0x00007ff88e7de000 	C:\Program Files\Microsoft\jdk-17.0.15.6-hotspot\bin\instrument.dll
0x00007ff897400000 - 0x00007ff897425000 	C:\Program Files\Microsoft\jdk-17.0.15.6-hotspot\bin\java.dll
0x00007ff83d040000 - 0x00007ff83d116000 	C:\Program Files\Microsoft\jdk-17.0.15.6-hotspot\bin\jsvml.dll
0x00007ff8daab0000 - 0x00007ff8db20f000 	C:\WINDOWS\System32\SHELL32.dll
0x00007ff8d8d20000 - 0x00007ff8d8e8a000 	C:\WINDOWS\System32\wintypes.dll
0x00007ff8d8e90000 - 0x00007ff8d96f4000 	C:\WINDOWS\System32\windows.storage.dll
0x00007ff8dbdd0000 - 0x00007ff8dbec7000 	C:\WINDOWS\System32\SHCORE.dll
0x00007ff8dbf00000 - 0x00007ff8dbf67000 	C:\WINDOWS\System32\shlwapi.dll
0x00007ff8d8c40000 - 0x00007ff8d8c69000 	C:\WINDOWS\SYSTEM32\profapi.dll
0x00007ff8838b0000 - 0x00007ff8838c8000 	C:\Program Files\Microsoft\jdk-17.0.15.6-hotspot\bin\zip.dll
0x00007ff88a720000 - 0x00007ff88a73a000 	C:\Program Files\Microsoft\jdk-17.0.15.6-hotspot\bin\net.dll
0x00007ff8cda60000 - 0x00007ff8cdb87000 	C:\WINDOWS\SYSTEM32\WINHTTP.dll
0x00007ff8d8020000 - 0x00007ff8d808b000 	C:\WINDOWS\system32\mswsock.dll
0x00007ff88a700000 - 0x00007ff88a716000 	C:\Program Files\Microsoft\jdk-17.0.15.6-hotspot\bin\nio.dll
0x00007ff8976e0000 - 0x00007ff8976f0000 	C:\Program Files\Microsoft\jdk-17.0.15.6-hotspot\bin\verify.dll
0x00007ff886160000 - 0x00007ff886187000 	C:\Users\HP\.gradle\native\c067742578af261105cb4f569cf0c3c89f3d7b1fecec35dd04571415982c5e48\windows-amd64\native-platform.dll
0x00007ff8796e0000 - 0x00007ff879824000 	C:\Users\HP\.gradle\native\100fb08df4bc3b14c8652ba06237920a3bd2aa13389f12d3474272988ae205f9\windows-amd64\native-platform-file-events.dll
0x00007ff894870000 - 0x00007ff89487a000 	C:\Program Files\Microsoft\jdk-17.0.15.6-hotspot\bin\management.dll
0x00007ff893630000 - 0x00007ff89363b000 	C:\Program Files\Microsoft\jdk-17.0.15.6-hotspot\bin\management_ext.dll
0x00007ff8db7c0000 - 0x00007ff8db7c8000 	C:\WINDOWS\System32\PSAPI.DLL
0x00007ff8d8300000 - 0x00007ff8d831b000 	C:\WINDOWS\SYSTEM32\CRYPTSP.dll
0x00007ff8d7a10000 - 0x00007ff8d7a49000 	C:\WINDOWS\system32\rsaenh.dll
0x00007ff8d80d0000 - 0x00007ff8d8102000 	C:\WINDOWS\SYSTEM32\USERENV.dll
0x00007ff8d8c10000 - 0x00007ff8d8c3a000 	C:\WINDOWS\SYSTEM32\bcrypt.dll
0x00007ff8d8320000 - 0x00007ff8d832c000 	C:\WINDOWS\SYSTEM32\CRYPTBASE.dll
0x00007ff8d7470000 - 0x00007ff8d74a3000 	C:\WINDOWS\SYSTEM32\IPHLPAPI.DLL
0x00007ff8daaa0000 - 0x00007ff8daaaa000 	C:\WINDOWS\System32\NSI.dll
0x00007ff8d0ef0000 - 0x00007ff8d0f0d000 	C:\WINDOWS\SYSTEM32\dhcpcsvc6.DLL
0x00007ff8cfb00000 - 0x00007ff8cfb23000 	C:\WINDOWS\SYSTEM32\dhcpcsvc.DLL
0x00007ff8d7500000 - 0x00007ff8d762a000 	C:\WINDOWS\SYSTEM32\DNSAPI.dll
0x00007ff893090000 - 0x00007ff893099000 	C:\Program Files\Microsoft\jdk-17.0.15.6-hotspot\bin\extnet.dll
0x00007ff88de20000 - 0x00007ff88de2e000 	C:\Program Files\Microsoft\jdk-17.0.15.6-hotspot\bin\sunmscapi.dll
0x00007ff8d99a0000 - 0x00007ff8d9b17000 	C:\WINDOWS\System32\CRYPT32.dll
0x00007ff8d8520000 - 0x00007ff8d8550000 	C:\WINDOWS\SYSTEM32\ncrypt.dll
0x00007ff8d84d0000 - 0x00007ff8d850f000 	C:\WINDOWS\SYSTEM32\NTASN1.dll
0x00007ff8c4030000 - 0x00007ff8c4038000 	C:\WINDOWS\system32\wshunix.dll
0x00007ff8babb0000 - 0x00007ff8babb7000 	C:\Program Files\Microsoft\jdk-17.0.15.6-hotspot\bin\rmi.dll
0x00007ff8d0f70000 - 0x00007ff8d0f7b000 	C:\Windows\System32\rasadhlp.dll
0x00007ff8d1060000 - 0x00007ff8d10e6000 	C:\WINDOWS\System32\fwpuclnt.dll

dbghelp: loaded successfully - version: 4.0.5 - missing functions: none
symbol engine: initialized successfully - sym options: 0x614 - pdb path: .;C:\Program Files\Microsoft\jdk-17.0.15.6-hotspot\bin;C:\WINDOWS\SYSTEM32;C:\WINDOWS\WinSxS\amd64_microsoft.windows.common-controls_6595b64144ccf1df_6.0.26100.7922_none_3e089e1ee3342171;C:\Program Files\Microsoft\jdk-17.0.15.6-hotspot\bin\server;C:\Users\HP\.gradle\native\c067742578af261105cb4f569cf0c3c89f3d7b1fecec35dd04571415982c5e48\windows-amd64;C:\Users\HP\.gradle\native\100fb08df4bc3b14c8652ba06237920a3bd2aa13389f12d3474272988ae205f9\windows-amd64

VM Arguments:
jvm_args: -XX:MaxMetaspaceSize=768m -XX:+HeapDumpOnOutOfMemoryError --add-opens=java.base/java.util=ALL-UNNAMED --add-opens=java.base/java.lang=ALL-UNNAMED --add-opens=java.base/java.lang.invoke=ALL-UNNAMED --add-opens=java.prefs/java.util.prefs=ALL-UNNAMED --add-exports=jdk.compiler/com.sun.tools.javac.api=ALL-UNNAMED --add-exports=jdk.compiler/com.sun.tools.javac.util=ALL-UNNAMED --add-opens=java.base/java.nio.charset=ALL-UNNAMED --add-opens=java.base/java.net=ALL-UNNAMED --add-opens=java.base/java.util.concurrent.atomic=ALL-UNNAMED -Xmx3072m -Dfile.encoding=UTF-8 -Duser.country=IN -Duser.language=en -Duser.variant -javaagent:C:\Users\HP\.gradle\wrapper\dists\gradle-8.9-bin\90cnw93cvbtalezasaz0blq0a\gradle-8.9\lib\agents\gradle-instrumentation-agent-8.9.jar 
java_command: org.gradle.launcher.daemon.bootstrap.GradleDaemon 8.9
java_class_path (initial): C:\Users\HP\.gradle\wrapper\dists\gradle-8.9-bin\90cnw93cvbtalezasaz0blq0a\gradle-8.9\lib\gradle-daemon-main-8.9.jar
Launcher Type: SUN_STANDARD

[Global flags]
     intx CICompilerCount                          = 4                                         {product} {ergonomic}
   size_t CompressedClassSpaceSize                 = 654311424                                 {product} {ergonomic}
     uint ConcGCThreads                            = 3                                         {product} {ergonomic}
     uint G1ConcRefinementThreads                  = 10                                        {product} {ergonomic}
   size_t G1HeapRegionSize                         = 2097152                                   {product} {ergonomic}
    uintx GCDrainStackTargetSize                   = 64                                        {product} {ergonomic}
     bool HeapDumpOnOutOfMemoryError               = true                                   {manageable} {command line}
   size_t InitialHeapSize                          = 130023424                                 {product} {ergonomic}
   size_t MarkStackSize                            = 4194304                                   {product} {ergonomic}
   size_t MaxHeapSize                              = 3221225472                                {product} {command line}
   size_t MaxMetaspaceSize                         = 805306368                                 {product} {command line}
   size_t MaxNewSize                               = 1931476992                                {product} {ergonomic}
   size_t MinHeapDeltaBytes                        = 2097152                                   {product} {ergonomic}
   size_t MinHeapSize                              = 8388608                                   {product} {ergonomic}
    uintx NonNMethodCodeHeapSize                   = 5839372                                {pd product} {ergonomic}
    uintx NonProfiledCodeHeapSize                  = 122909434                              {pd product} {ergonomic}
    uintx ProfiledCodeHeapSize                     = 122909434                              {pd product} {ergonomic}
    uintx ReservedCodeCacheSize                    = 251658240                              {pd product} {ergonomic}
     bool SegmentedCodeCache                       = true                                      {product} {ergonomic}
   size_t SoftMaxHeapSize                          = 3221225472                             {manageable} {ergonomic}
     bool UseCompressedClassPointers               = true                           {product lp64_product} {ergonomic}
     bool UseCompressedOops                        = true                           {product lp64_product} {ergonomic}
     bool UseG1GC                                  = true                                      {product} {ergonomic}
     bool UseLargePagesIndividualAllocation        = false                                  {pd product} {ergonomic}

Logging:
Log output configuration:
 #0: stdout all=warning uptime,level,tags
 #1: stderr all=off uptime,level,tags

Environment Variables:
JAVA_HOME=C:\Program Files\Microsoft\jdk-17.0.15.6-hotspot
PATH=C:\Users\HP\AppData\Local\Programs\Microsoft VS Code;C:\Program Files\Microsoft\jdk-17.0.15.6-hotspot\bin;C:\WINDOWS\system32;C:\WINDOWS;C:\WINDOWS\System32\Wbem;C:\WINDOWS\System32\WindowsPowerShell\v1.0\;C:\WINDOWS\System32\OpenSSH\;C:\Program Files\Git\cmd;C:\Program Files\dotnet\;C:\ProgramData\chocolatey\bin;C:\Users\HP\AppData\Local\Android\Sdk\platform-tools;C:\Users\HP\AppData\Local\Android\Sdk;C:\Users\HP\AppData\Local\Android\Sdk\emulator;;C:\Program Files\Docker\Docker\resources\bin;C:\Program Files\PuTTY\;C:\Program Files\nodejs\;C:\Program Files\MySQL\MySQL Shell 8.0\bin\;C:\Users\HP\AppData\Local\Microsoft\WindowsApps;C:\Users\HP\AppData\Local\Programs\Microsoft VS Code\bin;C:\Users\HP\AppData\Local\Android\Sdk\platform-tools;C:\Users\HP\AppData\Local\Android\Sdk;C:\Users\HP\AppData\Local\Android\Sdk\emulator;C:\Users\HP\AppData\Roaming\npm
USERNAME=HP
OS=Windows_NT
PROCESSOR_IDENTIFIER=Intel64 Family 6 Model 154 Stepping 4, GenuineIntel
TMP=C:\Users\HP\AppData\Local\Temp
TEMP=C:\Users\HP\AppData\Local\Temp



Periodic native trim disabled


---------------  S Y S T E M  ---------------

OS:
 Windows 11 , 64 bit Build 26100 (10.0.26100.7920)
OS uptime: 13 days 22:30 hours
Hyper-V role detected

CPU: total 12 (initial active 12) (6 cores per cpu, 2 threads per core) family 6 model 154 stepping 4 microcode 0x432, cx8, cmov, fxsr, ht, mmx, 3dnowpref, sse, sse2, sse3, ssse3, sse4.1, sse4.2, popcnt, lzcnt, tsc, tscinvbit, avx, avx2, aes, erms, clmul, bmi1, bmi2, adx, sha, fma, vzeroupper, clflush, clflushopt, clwb, hv
Processor Information for processor 0
  Max Mhz: 1300, Current Mhz: 1300, Mhz Limit: 1300
Processor Information for processor 1
  Max Mhz: 1300, Current Mhz: 1300, Mhz Limit: 1300
Processor Information for processor 2
  Max Mhz: 1300, Current Mhz: 1300, Mhz Limit: 1300
Processor Information for processor 3
  Max Mhz: 1300, Current Mhz: 1300, Mhz Limit: 1300
Processor Information for processor 4
  Max Mhz: 1300, Current Mhz: 900, Mhz Limit: 897
Processor Information for processor 5
  Max Mhz: 1300, Current Mhz: 900, Mhz Limit: 897
Processor Information for processor 6
  Max Mhz: 1300, Current Mhz: 900, Mhz Limit: 897
Processor Information for processor 7
  Max Mhz: 1300, Current Mhz: 900, Mhz Limit: 897
Processor Information for processor 8
  Max Mhz: 1300, Current Mhz: 900, Mhz Limit: 897
Processor Information for processor 9
  Max Mhz: 1300, Current Mhz: 900, Mhz Limit: 897
Processor Information for processor 10
  Max Mhz: 1300, Current Mhz: 900, Mhz Limit: 897
Processor Information for processor 11
  Max Mhz: 1300, Current Mhz: 900, Mhz Limit: 897

Memory: 4k page, system-wide physical 7835M (644M free)
TotalPageFile size 31387M (AvailPageFile size 23M)
current process WorkingSet (physical memory assigned to process): 355M, peak: 396M
current process commit charge ("private bytes"): 434M, peak: 441M

vm_info: OpenJDK 64-Bit Server VM (17.0.15+6-LTS) for windows-amd64 JRE (17.0.15+6-LTS), built on Apr  9 2025 22:27:25 by "MicrosoftCorporation" with unknown MS VC++:1939

END.
