#
# There is insufficient memory for the Java Runtime Environment to continue.
# Native memory allocation (malloc) failed to allocate 1690576 bytes. Error detail: Chunk::new
# Possible reasons:
#   The system is out of physical RAM or swap space
#   This process is running with CompressedOops enabled, and the Java Heap may be blocking the growth of the native heap
# Possible solutions:
#   Reduce memory load on the system
#   Increase physical memory or swap space
#   Check if swap backing store is full
#   Decrease Java heap size (-Xmx/-Xms)
#   Decrease number of Java threads
#   Decrease Java thread stack sizes (-Xss)
#   Set larger code cache with -XX:ReservedCodeCacheSize=
#   JVM is running with Unscaled Compressed Oops mode in which the Java heap is
#     placed in the first 4GB address space. The Java Heap base address is the
#     maximum limit for the native heap growth. Please use -XX:HeapBaseMinAddress
#     to set the Java Heap base and to place the Java Heap above 4GB virtual address.
# This output file may be truncated or incomplete.
#
#  Out of Memory Error (arena.cpp:191), pid=34516, tid=33896
#
# JRE version: OpenJDK Runtime Environment Microsoft-11369865 (17.0.15+6) (build 17.0.15+6-LTS)
# Java VM: OpenJDK 64-Bit Server VM Microsoft-11369865 (17.0.15+6-LTS, mixed mode, sharing, tiered, compressed oops, compressed class ptrs, g1 gc, windows-amd64)
# No core dump will be written. Minidumps are not enabled by default on client versions of Windows
#

---------------  S U M M A R Y ------------

Command Line: --add-opens=java.base/java.util=ALL-UNNAMED --add-opens=java.base/java.lang=ALL-UNNAMED --add-opens=java.base/java.lang.invoke=ALL-UNNAMED --add-opens=java.prefs/java.util.prefs=ALL-UNNAMED --add-exports=jdk.compiler/com.sun.tools.javac.api=ALL-UNNAMED --add-exports=jdk.compiler/com.sun.tools.javac.util=ALL-UNNAMED --add-opens=java.base/java.nio.charset=ALL-UNNAMED --add-opens=java.base/java.net=ALL-UNNAMED --add-opens=java.base/java.util.concurrent.atomic=ALL-UNNAMED -XX:MaxMetaspaceSize=384m -XX:+HeapDumpOnOutOfMemoryError -Xms256m -Xmx512m -Dfile.encoding=utf8 -Duser.country=IN -Duser.language=en -Duser.variant -javaagent:C:\Users\HP\.gradle\wrapper\dists\gradle-8.9-bin\90cnw93cvbtalezasaz0blq0a\gradle-8.9\lib\agents\gradle-instrumentation-agent-8.9.jar org.gradle.launcher.daemon.bootstrap.GradleDaemon 8.9

Host: 12th Gen Intel(R) Core(TM) i5-1235U, 12 cores, 7G,  Windows 11 , 64 bit Build 26100 (10.0.26100.7920)
Time: Thu Mar 26 11:09:30 2026 India Standard Time elapsed time: 86.596723 seconds (0d 0h 1m 26s)

---------------  T H R E A D  ---------------

Current thread (0x00000219f5eb3bd0):  JavaThread "C2 CompilerThread0" daemon [_thread_in_native, id=33896, stack(0x000000fffcf00000,0x000000fffd000000)]


Current CompileTask:
C2:  86596 15337       4       java.io.ObjectOutputStream::writeClassDesc (60 bytes)

Stack: [0x000000fffcf00000,0x000000fffd000000]
Native frames: (J=compiled Java code, j=interpreted, Vv=VM code, C=native code)
V  [jvm.dll+0x6887a9]
V  [jvm.dll+0x83f5a8]
V  [jvm.dll+0x841053]
V  [jvm.dll+0x8416c3]
V  [jvm.dll+0x2496ef]
V  [jvm.dll+0xad134]
V  [jvm.dll+0xad7cc]
V  [jvm.dll+0x36aedf]
V  [jvm.dll+0x335513]
V  [jvm.dll+0x3349aa]
V  [jvm.dll+0x21a908]
V  [jvm.dll+0x219d3f]
V  [jvm.dll+0x1a55f6]
V  [jvm.dll+0x22a39a]
V  [jvm.dll+0x2284db]
V  [jvm.dll+0x7f4e28]
V  [jvm.dll+0x7ef2dc]
V  [jvm.dll+0x687687]
C  [ucrtbase.dll+0x37b0]
C  [KERNEL32.DLL+0x2e8d7]
C  [ntdll.dll+0x8c48c]


---------------  P R O C E S S  ---------------

Threads class SMR info:
_java_thread_list=0x00000219fa688fa0, length=81, elements={
0x00000219dae6e4a0, 0x00000219f5e724f0, 0x00000219f5e73b30, 0x00000219f5e8a770,
0x00000219f5e8d050, 0x00000219f5e8e490, 0x00000219f5eb18f0, 0x00000219f5eb3bd0,
0x00000219f5ebc4f0, 0x00000219f5ebea20, 0x00000219f5e60ad0, 0x00000219fa28e7b0,
0x00000219fb9b10b0, 0x00000219fbab16d0, 0x00000219fba82030, 0x00000219fbd27e90,
0x00000219fbc304f0, 0x00000219fbc32860, 0x00000219fbc32350, 0x00000219fbc33280,
0x00000219fbc30a00, 0x00000219fe03d280, 0x00000219fe03d790, 0x00000219fe03dca0,
0x00000219fe03f0e0, 0x00000219fe03e1b0, 0x00000219fe040520, 0x00000219fe03ebd0,
0x00000219fe040a30, 0x00000219fe040f40, 0x00000219fe041450, 0x00000219fe041960,
0x00000219fe041e70, 0x00000219fe042380, 0x00000219fe0432b0, 0x00000219fdd1fed0,
0x000002199fdb2450, 0x0000021995edc670, 0x00000219fc346b90, 0x00000219fc346680,
0x000002199fdb42b0, 0x00000219fe326330, 0x00000219fe326d50, 0x000002199f50fc70,
0x000002199f510180, 0x000002199f5110b0, 0x000002199f512f10, 0x000002199f5115c0,
0x00000219fe327260, 0x00000219fbe1f460, 0x00000219fbe20390, 0x00000219fbe1e530,
0x00000219fbe1e020, 0x00000219fbe1ea40, 0x00000219fbe208a0, 0x00000219fbe1d600,
0x00000219fbe1d0f0, 0x00000219fbe1db10, 0x00000219fbe1f970, 0x000002199f510ba0,
0x000002199f50f760, 0x000002199f511ad0, 0x000002199f511fe0, 0x000002199f5124f0,
0x000002199f512a00, 0x000002199e2bd960, 0x00000219fc3475b0, 0x00000219fc346170,
0x000002199c36d260, 0x000002199c36e6a0, 0x00000219fc763f30, 0x00000219fc763510,
0x00000219fc764e60, 0x00000219971ac6d0, 0x00000219971adb10, 0x00000219971ae020,
0x00000219971ac1c0, 0x00000219971af970, 0x00000219971af460, 0x00000219971acbe0,
0x00000219fbe1ef50
}

Java Threads: ( => current thread )
  0x00000219dae6e4a0 JavaThread "main" [_thread_blocked, id=31936, stack(0x000000fffc200000,0x000000fffc300000)]
  0x00000219f5e724f0 JavaThread "Reference Handler" daemon [_thread_blocked, id=32208, stack(0x000000fffc900000,0x000000fffca00000)]
  0x00000219f5e73b30 JavaThread "Finalizer" daemon [_thread_blocked, id=15536, stack(0x000000fffca00000,0x000000fffcb00000)]
  0x00000219f5e8a770 JavaThread "Signal Dispatcher" daemon [_thread_blocked, id=18544, stack(0x000000fffcb00000,0x000000fffcc00000)]
  0x00000219f5e8d050 JavaThread "Attach Listener" daemon [_thread_blocked, id=6824, stack(0x000000fffcc00000,0x000000fffcd00000)]
  0x00000219f5e8e490 JavaThread "Service Thread" daemon [_thread_blocked, id=22304, stack(0x000000fffcd00000,0x000000fffce00000)]
  0x00000219f5eb18f0 JavaThread "Monitor Deflation Thread" daemon [_thread_blocked, id=12372, stack(0x000000fffce00000,0x000000fffcf00000)]
=>0x00000219f5eb3bd0 JavaThread "C2 CompilerThread0" daemon [_thread_in_native, id=33896, stack(0x000000fffcf00000,0x000000fffd000000)]
  0x00000219f5ebc4f0 JavaThread "C1 CompilerThread0" daemon [_thread_blocked, id=34648, stack(0x000000fffd000000,0x000000fffd100000)]
  0x00000219f5ebea20 JavaThread "Sweeper thread" daemon [_thread_blocked, id=15628, stack(0x000000fffd100000,0x000000fffd200000)]
  0x00000219f5e60ad0 JavaThread "Common-Cleaner" daemon [_thread_blocked, id=34708, stack(0x000000fffd200000,0x000000fffd300000)]
  0x00000219fa28e7b0 JavaThread "Notification Thread" daemon [_thread_blocked, id=32676, stack(0x000000fffd300000,0x000000fffd400000)]
  0x00000219fb9b10b0 JavaThread "Daemon health stats" [_thread_blocked, id=33952, stack(0x000000fffd500000,0x000000fffd600000)]
  0x00000219fbab16d0 JavaThread "Incoming local TCP Connector on port 62207" [_thread_in_native, id=31596, stack(0x000000fffdb00000,0x000000fffdc00000)]
  0x00000219fba82030 JavaThread "Daemon periodic checks" [_thread_blocked, id=34604, stack(0x000000fffdc00000,0x000000fffdd00000)]
  0x00000219fbd27e90 JavaThread "Daemon" [_thread_blocked, id=31060, stack(0x000000fffdd00000,0x000000fffde00000)]
  0x00000219fbc304f0 JavaThread "Daemon worker" [_thread_in_vm, id=24364, stack(0x000000fffe000000,0x000000fffe100000)]
  0x00000219fbc32860 JavaThread "Cache worker for journal cache (C:\Users\HP\.gradle\caches\journal-1)" [_thread_blocked, id=34012, stack(0x000000fffe400000,0x000000fffe500000)]
  0x00000219fbc32350 JavaThread "File lock request listener" [_thread_in_native, id=32596, stack(0x000000fffe500000,0x000000fffe600000)]
  0x00000219fbc33280 JavaThread "Cache worker for file hash cache (C:\Users\HP\.gradle\caches\8.9\fileHashes)" [_thread_blocked, id=32872, stack(0x000000fffe600000,0x000000fffe700000)]
  0x00000219fbc30a00 JavaThread "File watcher server" daemon [_thread_in_native, id=2420, stack(0x000000ffff000000,0x000000ffff100000)]
  0x00000219fe03d280 JavaThread "File watcher consumer" daemon [_thread_blocked, id=34324, stack(0x000000ffff100000,0x000000ffff200000)]
  0x00000219fe03d790 JavaThread "jar transforms" [_thread_blocked, id=29372, stack(0x000000ffff200000,0x000000ffff300000)]
  0x00000219fe03dca0 JavaThread "jar transforms Thread 2" [_thread_blocked, id=24764, stack(0x000000ffff300000,0x000000ffff400000)]
  0x00000219fe03f0e0 JavaThread "jar transforms Thread 3" [_thread_blocked, id=32588, stack(0x000000ffff400000,0x000000ffff500000)]
  0x00000219fe03e1b0 JavaThread "Cache worker for file content cache (C:\Users\HP\.gradle\caches\8.9\fileContent)" [_thread_blocked, id=32884, stack(0x000000ffff700000,0x000000ffff800000)]
  0x00000219fe040520 JavaThread "jar transforms Thread 4" [_thread_blocked, id=28844, stack(0x000000ffffa00000,0x000000ffffb00000)]
  0x00000219fe03ebd0 JavaThread "jar transforms Thread 5" [_thread_blocked, id=32996, stack(0x000000ffffb00000,0x000000ffffc00000)]
  0x00000219fe040a30 JavaThread "jar transforms Thread 6" [_thread_blocked, id=32764, stack(0x000000ffffc00000,0x000000ffffd00000)]
  0x00000219fe040f40 JavaThread "jar transforms Thread 7" [_thread_blocked, id=16084, stack(0x000000ffffd00000,0x000000ffffe00000)]
  0x00000219fe041450 JavaThread "jar transforms Thread 8" [_thread_blocked, id=34128, stack(0x000000ffffe00000,0x000000fffff00000)]
  0x00000219fe041960 JavaThread "jar transforms Thread 9" [_thread_blocked, id=34752, stack(0x000000fffff00000,0x0000010000000000)]
  0x00000219fe041e70 JavaThread "jar transforms Thread 10" [_thread_blocked, id=21652, stack(0x000000ff80000000,0x000000ff80100000)]
  0x00000219fe042380 JavaThread "jar transforms Thread 11" [_thread_blocked, id=34668, stack(0x000000ff80100000,0x000000ff80200000)]
  0x00000219fe0432b0 JavaThread "jar transforms Thread 12" [_thread_blocked, id=33252, stack(0x000000ff80200000,0x000000ff80300000)]
  0x00000219fdd1fed0 JavaThread "VFS cleanup" [_thread_blocked, id=3116, stack(0x000000ff80400000,0x000000ff80500000)]
  0x000002199fdb2450 JavaThread "Memory manager" [_thread_blocked, id=13888, stack(0x000000ff83400000,0x000000ff83500000)]
  0x0000021995edc670 JavaThread "C2 CompilerThread1" daemon [_thread_blocked, id=28460, stack(0x000000ff80a00000,0x000000ff80b00000)]
  0x00000219fc346b90 JavaThread "Handler for socket connection from /127.0.0.1:62207 to /127.0.0.1:54231" [_thread_in_native, id=11640, stack(0x000000ff80300000,0x000000ff80400000)]
  0x00000219fc346680 JavaThread "Cancel handler" [_thread_blocked, id=24880, stack(0x000000ff80500000,0x000000ff80600000)]
  0x000002199fdb42b0 JavaThread "Asynchronous log dispatcher for DefaultDaemonConnection: socket connection from /127.0.0.1:62207 to /127.0.0.1:54231" [_thread_blocked, id=16220, stack(0x000000ff80600000,0x000000ff80700000)]
  0x00000219fe326330 JavaThread "Stdin handler" [_thread_blocked, id=21612, stack(0x000000ff80700000,0x000000ff80800000)]
  0x00000219fe326d50 JavaThread "Daemon client event forwarder" [_thread_blocked, id=23308, stack(0x000000ff80800000,0x000000ff80900000)]
  0x000002199f50fc70 JavaThread "Cache worker for file hash cache (D:\Parkitdemo\Updated-Sundukpay\node_modules\react-native-inappbrowser-reborn\android\.gradle\8.9\fileHashes)" [_thread_blocked, id=28004, stack(0x000000ff80900000,0x000000ff80a00000)]
  0x000002199f510180 JavaThread "Cache worker for Build Output Cleanup Cache (D:\Parkitdemo\Updated-Sundukpay\node_modules\react-native-inappbrowser-reborn\android\.gradle\buildOutputCleanup)" [_thread_blocked, id=19388, stack(0x000000ff80b00000,0x000000ff80c00000)]
  0x000002199f5110b0 JavaThread "Cache worker for checksums cache (D:\Parkitdemo\Updated-Sundukpay\node_modules\react-native-inappbrowser-reborn\android\.gradle\8.9\checksums)" [_thread_blocked, id=31368, stack(0x000000ff80c00000,0x000000ff80d00000)]
  0x000002199f512f10 JavaThread "Cache worker for cache directory md-rule (C:\Users\HP\.gradle\caches\8.9\md-rule)" [_thread_blocked, id=612, stack(0x000000ff80d00000,0x000000ff80e00000)]
  0x000002199f5115c0 JavaThread "Cache worker for cache directory md-supplier (C:\Users\HP\.gradle\caches\8.9\md-supplier)" [_thread_blocked, id=16832, stack(0x000000ff80e00000,0x000000ff80f00000)]
  0x00000219fe327260 JavaThread "Unconstrained build operations" [_thread_blocked, id=26772, stack(0x000000ff81100000,0x000000ff81200000)]
  0x00000219fbe1f460 JavaThread "Unconstrained build operations Thread 2" [_thread_blocked, id=20888, stack(0x000000ff81200000,0x000000ff81300000)]
  0x00000219fbe20390 JavaThread "Unconstrained build operations Thread 3" [_thread_blocked, id=33620, stack(0x000000ff81300000,0x000000ff81400000)]
  0x00000219fbe1e530 JavaThread "Unconstrained build operations Thread 4" [_thread_blocked, id=14008, stack(0x000000ff81400000,0x000000ff81500000)]
  0x00000219fbe1e020 JavaThread "Unconstrained build operations Thread 5" [_thread_blocked, id=33388, stack(0x000000ff81500000,0x000000ff81600000)]
  0x00000219fbe1ea40 JavaThread "Unconstrained build operations Thread 6" [_thread_blocked, id=33088, stack(0x000000ff81600000,0x000000ff81700000)]
  0x00000219fbe208a0 JavaThread "Unconstrained build operations Thread 7" [_thread_blocked, id=1948, stack(0x000000ff81700000,0x000000ff81800000)]
  0x00000219fbe1d600 JavaThread "Unconstrained build operations Thread 8" [_thread_blocked, id=23412, stack(0x000000ff81800000,0x000000ff81900000)]
  0x00000219fbe1d0f0 JavaThread "Unconstrained build operations Thread 9" [_thread_blocked, id=24624, stack(0x000000ff81900000,0x000000ff81a00000)]
  0x00000219fbe1db10 JavaThread "Unconstrained build operations Thread 10" [_thread_blocked, id=6688, stack(0x000000ff81a00000,0x000000ff81b00000)]
  0x00000219fbe1f970 JavaThread "Unconstrained build operations Thread 11" [_thread_blocked, id=33528, stack(0x000000ff81b00000,0x000000ff81c00000)]
  0x000002199f510ba0 JavaThread "Unconstrained build operations Thread 12" [_thread_blocked, id=33108, stack(0x000000ff81c00000,0x000000ff81d00000)]
  0x000002199f50f760 JavaThread "Unconstrained build operations Thread 13" [_thread_blocked, id=32500, stack(0x000000ff81d00000,0x000000ff81e00000)]
  0x000002199f511ad0 JavaThread "Unconstrained build operations Thread 14" [_thread_blocked, id=30820, stack(0x000000ff81e00000,0x000000ff81f00000)]
  0x000002199f511fe0 JavaThread "Unconstrained build operations Thread 15" [_thread_blocked, id=3396, stack(0x000000ff81f00000,0x000000ff82000000)]
  0x000002199f5124f0 JavaThread "Unconstrained build operations Thread 16" [_thread_blocked, id=14624, stack(0x000000ff82000000,0x000000ff82100000)]
  0x000002199f512a00 JavaThread "Unconstrained build operations Thread 17" [_thread_blocked, id=12956, stack(0x000000ff82100000,0x000000ff82200000)]
  0x000002199e2bd960 JavaThread "Unconstrained build operations Thread 18" [_thread_blocked, id=20104, stack(0x000000ff82200000,0x000000ff82300000)]
  0x00000219fc3475b0 JavaThread "Unconstrained build operations Thread 19" [_thread_blocked, id=7176, stack(0x000000ff82300000,0x000000ff82400000)]
  0x00000219fc346170 JavaThread "Unconstrained build operations Thread 20" [_thread_blocked, id=33716, stack(0x000000ff82400000,0x000000ff82500000)]
  0x000002199c36d260 JavaThread "Unconstrained build operations Thread 21" [_thread_blocked, id=32152, stack(0x000000ff82500000,0x000000ff82600000)]
  0x000002199c36e6a0 JavaThread "Unconstrained build operations Thread 22" [_thread_blocked, id=16252, stack(0x000000ff82600000,0x000000ff82700000)]
  0x00000219fc763f30 JavaThread "Unconstrained build operations Thread 23" [_thread_blocked, id=31304, stack(0x000000ff82900000,0x000000ff82a00000)]
  0x00000219fc763510 JavaThread "Unconstrained build operations Thread 24" [_thread_blocked, id=4400, stack(0x000000ff82a00000,0x000000ff82b00000)]
  0x00000219fc764e60 JavaThread "Unconstrained build operations Thread 25" [_thread_blocked, id=32724, stack(0x000000ff82b00000,0x000000ff82c00000)]
  0x00000219971ac6d0 JavaThread "Unconstrained build operations Thread 26" [_thread_blocked, id=33784, stack(0x000000ff82c00000,0x000000ff82d00000)]
  0x00000219971adb10 JavaThread "Unconstrained build operations Thread 27" [_thread_blocked, id=2892, stack(0x000000ff82d00000,0x000000ff82e00000)]
  0x00000219971ae020 JavaThread "Unconstrained build operations Thread 28" [_thread_blocked, id=33712, stack(0x000000ff82e00000,0x000000ff82f00000)]
  0x00000219971ac1c0 JavaThread "Unconstrained build operations Thread 29" [_thread_blocked, id=15224, stack(0x000000ff82f00000,0x000000ff83000000)]
  0x00000219971af970 JavaThread "Unconstrained build operations Thread 30" [_thread_blocked, id=32412, stack(0x000000ff83000000,0x000000ff83100000)]
  0x00000219971af460 JavaThread "Unconstrained build operations Thread 31" [_thread_blocked, id=13460, stack(0x000000ff83100000,0x000000ff83200000)]
  0x00000219971acbe0 JavaThread "Unconstrained build operations Thread 32" [_thread_blocked, id=31768, stack(0x000000ff83200000,0x000000ff83300000)]
  0x00000219fbe1ef50 JavaThread "Unconstrained build operations Thread 33" [_thread_blocked, id=25988, stack(0x000000ff83300000,0x000000ff83400000)]

Other Threads:
  0x00000219f5e6d990 VMThread "VM Thread" [stack: 0x000000fffc800000,0x000000fffc900000] [id=14820]
  0x00000219fa28f8b0 WatcherThread [stack: 0x000000fffd400000,0x000000fffd500000] [id=18376]
  0x00000219dae9d0a0 GCTaskThread "GC Thread#0" [stack: 0x000000fffc300000,0x000000fffc400000] [id=33500]
  0x00000219fa2bab10 GCTaskThread "GC Thread#1" [stack: 0x000000fffd600000,0x000000fffd700000] [id=19412]
  0x00000219fa2b9a90 GCTaskThread "GC Thread#2" [stack: 0x000000fffd700000,0x000000fffd800000] [id=8152]
  0x00000219fa2b9d50 GCTaskThread "GC Thread#3" [stack: 0x000000fffd800000,0x000000fffd900000] [id=34600]
  0x00000219fa2ba010 GCTaskThread "GC Thread#4" [stack: 0x000000fffd900000,0x000000fffda00000] [id=34048]
  0x00000219fa2badd0 GCTaskThread "GC Thread#5" [stack: 0x000000fffda00000,0x000000fffdb00000] [id=34104]
  0x00000219fa2b97d0 GCTaskThread "GC Thread#6" [stack: 0x000000fffe700000,0x000000fffe800000] [id=32684]
  0x00000219fc04ae20 GCTaskThread "GC Thread#7" [stack: 0x000000fffe800000,0x000000fffe900000] [id=33872]
  0x00000219fc04c420 GCTaskThread "GC Thread#8" [stack: 0x000000fffe900000,0x000000fffea00000] [id=24156]
  0x00000219fc04a8a0 GCTaskThread "GC Thread#9" [stack: 0x000000fffea00000,0x000000fffeb00000] [id=20212]
  0x00000219daea1f00 ConcurrentGCThread "G1 Main Marker" [stack: 0x000000fffc400000,0x000000fffc500000] [id=33588]
  0x00000219daea3500 ConcurrentGCThread "G1 Conc#0" [stack: 0x000000fffc500000,0x000000fffc600000] [id=17824]
  0x00000219fc04bea0 ConcurrentGCThread "G1 Conc#1" [stack: 0x000000fffee00000,0x000000fffef00000] [id=34272]
  0x00000219fc04ab60 ConcurrentGCThread "G1 Conc#2" [stack: 0x000000fffef00000,0x000000ffff000000] [id=33828]
  0x00000219daf1d8a0 ConcurrentGCThread "G1 Refine#0" [stack: 0x000000fffc600000,0x000000fffc700000] [id=29392]
  0x00000219fd85e7b0 ConcurrentGCThread "G1 Refine#1" [stack: 0x000000ff80f00000,0x000000ff81000000] [id=4492]
  0x00000219fd85ed90 ConcurrentGCThread "G1 Refine#2" [stack: 0x000000ff81000000,0x000000ff81100000] [id=8584]
  0x00000219daf1e1e0 ConcurrentGCThread "G1 Service" [stack: 0x000000fffc700000,0x000000fffc800000] [id=32732]

Threads with active compile tasks:
C2 CompilerThread0    86652 15337       4       java.io.ObjectOutputStream::writeClassDesc (60 bytes)

VM state: not at safepoint (normal execution)

VM Mutex/Monitor currently owned by a thread: None

Heap address: 0x00000000e0000000, size: 512 MB, Compressed Oops mode: 32-bit

CDS archive(s) mapped at: [0x0000021980000000-0x0000021980bb0000-0x0000021980bb0000), size 12255232, SharedBaseAddress: 0x0000021980000000, ArchiveRelocationMode: 1.
Compressed class space mapped at: 0x0000021981000000-0x0000021995000000, reserved size: 335544320
Narrow klass base: 0x0000021980000000, Narrow klass shift: 0, Narrow klass range: 0x100000000

GC Precious Log:
 CPUs: 12 total, 12 available
 Memory: 7835M
 Large Page Support: Disabled
 NUMA Support: Disabled
 Compressed Oops: Enabled (32-bit)
 Heap Region Size: 1M
 Heap Min Capacity: 256M
 Heap Initial Capacity: 256M
 Heap Max Capacity: 512M
 Pre-touch: Disabled
 Parallel Workers: 10
 Concurrent Workers: 3
 Concurrent Refinement Workers: 10
 Periodic GC: Disabled

Heap:
 garbage-first heap   total 262144K, used 208055K [0x00000000e0000000, 0x0000000100000000)
  region size 1024K, 50 young (51200K), 6 survivors (6144K)
 Metaspace       used 123271K, committed 125056K, reserved 458752K
  class space    used 15820K, committed 16640K, reserved 327680K

Heap Regions: E=young(eden), S=young(survivor), O=old, HS=humongous(starts), HC=humongous(continues), CS=collection set, F=free, OA=open archive, CA=closed archive, TAMS=top-at-mark-start (previous, next)
|   0|0x00000000e0000000, 0x00000000e0100000, 0x00000000e0100000|100%|HS|  |TAMS 0x00000000e0100000, 0x00000000e0000000| Complete 
|   1|0x00000000e0100000, 0x00000000e0200000, 0x00000000e0200000|100%|HC|  |TAMS 0x00000000e0200000, 0x00000000e0100000| Complete 
|   2|0x00000000e0200000, 0x00000000e0300000, 0x00000000e0300000|100%|HC|  |TAMS 0x00000000e0300000, 0x00000000e0200000| Complete 
|   3|0x00000000e0300000, 0x00000000e0400000, 0x00000000e0400000|100%|HC|  |TAMS 0x00000000e0400000, 0x00000000e0300000| Complete 
|   4|0x00000000e0400000, 0x00000000e0500000, 0x00000000e0500000|100%| O|  |TAMS 0x00000000e0500000, 0x00000000e0400000| Untracked 
|   5|0x00000000e0500000, 0x00000000e0600000, 0x00000000e0600000|100%| O|  |TAMS 0x00000000e0600000, 0x00000000e0500000| Untracked 
|   6|0x00000000e0600000, 0x00000000e0700000, 0x00000000e0700000|100%| O|  |TAMS 0x00000000e0700000, 0x00000000e0600000| Untracked 
|   7|0x00000000e0700000, 0x00000000e0800000, 0x00000000e0800000|100%| O|  |TAMS 0x00000000e0800000, 0x00000000e0700000| Untracked 
|   8|0x00000000e0800000, 0x00000000e0900000, 0x00000000e0900000|100%| O|  |TAMS 0x00000000e0900000, 0x00000000e0800000| Untracked 
|   9|0x00000000e0900000, 0x00000000e0a00000, 0x00000000e0a00000|100%| O|  |TAMS 0x00000000e0a00000, 0x00000000e0900000| Untracked 
|  10|0x00000000e0a00000, 0x00000000e0b00000, 0x00000000e0b00000|100%| O|  |TAMS 0x00000000e0b00000, 0x00000000e0a00000| Untracked 
|  11|0x00000000e0b00000, 0x00000000e0c00000, 0x00000000e0c00000|100%|HS|  |TAMS 0x00000000e0c00000, 0x00000000e0b00000| Complete 
|  12|0x00000000e0c00000, 0x00000000e0d00000, 0x00000000e0d00000|100%| O|  |TAMS 0x00000000e0d00000, 0x00000000e0c00000| Untracked 
|  13|0x00000000e0d00000, 0x00000000e0e00000, 0x00000000e0e00000|100%| O|  |TAMS 0x00000000e0e00000, 0x00000000e0d00000| Untracked 
|  14|0x00000000e0e00000, 0x00000000e0f00000, 0x00000000e0f00000|100%| O|  |TAMS 0x00000000e0f00000, 0x00000000e0e00000| Untracked 
|  15|0x00000000e0f00000, 0x00000000e1000000, 0x00000000e1000000|100%| O|  |TAMS 0x00000000e1000000, 0x00000000e0f00000| Untracked 
|  16|0x00000000e1000000, 0x00000000e1100000, 0x00000000e1100000|100%| O|  |TAMS 0x00000000e1100000, 0x00000000e1000000| Untracked 
|  17|0x00000000e1100000, 0x00000000e1200000, 0x00000000e1200000|100%| O|  |TAMS 0x00000000e1200000, 0x00000000e1100000| Untracked 
|  18|0x00000000e1200000, 0x00000000e1300000, 0x00000000e1300000|100%| O|  |TAMS 0x00000000e1300000, 0x00000000e1200000| Untracked 
|  19|0x00000000e1300000, 0x00000000e1400000, 0x00000000e1400000|100%| O|  |TAMS 0x00000000e1400000, 0x00000000e1300000| Untracked 
|  20|0x00000000e1400000, 0x00000000e1500000, 0x00000000e1500000|100%| O|  |TAMS 0x00000000e1500000, 0x00000000e1400000| Untracked 
|  21|0x00000000e1500000, 0x00000000e1600000, 0x00000000e1600000|100%| O|  |TAMS 0x00000000e1600000, 0x00000000e1500000| Untracked 
|  22|0x00000000e1600000, 0x00000000e1700000, 0x00000000e1700000|100%|HS|  |TAMS 0x00000000e1700000, 0x00000000e1600000| Complete 
|  23|0x00000000e1700000, 0x00000000e1800000, 0x00000000e1800000|100%|HC|  |TAMS 0x00000000e1800000, 0x00000000e1700000| Complete 
|  24|0x00000000e1800000, 0x00000000e1900000, 0x00000000e1900000|100%|HS|  |TAMS 0x00000000e1900000, 0x00000000e1800000| Complete 
|  25|0x00000000e1900000, 0x00000000e1a00000, 0x00000000e1a00000|100%|HC|  |TAMS 0x00000000e1a00000, 0x00000000e1900000| Complete 
|  26|0x00000000e1a00000, 0x00000000e1b00000, 0x00000000e1b00000|100%|HC|  |TAMS 0x00000000e1b00000, 0x00000000e1a00000| Complete 
|  27|0x00000000e1b00000, 0x00000000e1c00000, 0x00000000e1c00000|100%| O|  |TAMS 0x00000000e1c00000, 0x00000000e1b00000| Untracked 
|  28|0x00000000e1c00000, 0x00000000e1d00000, 0x00000000e1d00000|100%| O|  |TAMS 0x00000000e1d00000, 0x00000000e1c00000| Untracked 
|  29|0x00000000e1d00000, 0x00000000e1e00000, 0x00000000e1e00000|100%|HS|  |TAMS 0x00000000e1d00000, 0x00000000e1d00000| Complete 
|  30|0x00000000e1e00000, 0x00000000e1f00000, 0x00000000e1f00000|100%| O|  |TAMS 0x00000000e1f00000, 0x00000000e1e00000| Untracked 
|  31|0x00000000e1f00000, 0x00000000e2000000, 0x00000000e2000000|100%| O|  |TAMS 0x00000000e2000000, 0x00000000e1f00000| Untracked 
|  32|0x00000000e2000000, 0x00000000e2100000, 0x00000000e2100000|100%| O|  |TAMS 0x00000000e2100000, 0x00000000e2000000| Untracked 
|  33|0x00000000e2100000, 0x00000000e2200000, 0x00000000e2200000|100%| O|  |TAMS 0x00000000e2200000, 0x00000000e2100000| Untracked 
|  34|0x00000000e2200000, 0x00000000e2300000, 0x00000000e2300000|100%| O|  |TAMS 0x00000000e2300000, 0x00000000e2200000| Untracked 
|  35|0x00000000e2300000, 0x00000000e2400000, 0x00000000e2400000|100%| O|  |TAMS 0x00000000e2400000, 0x00000000e2300000| Untracked 
|  36|0x00000000e2400000, 0x00000000e2500000, 0x00000000e2500000|100%| O|  |TAMS 0x00000000e2500000, 0x00000000e2400000| Untracked 
|  37|0x00000000e2500000, 0x00000000e2600000, 0x00000000e2600000|100%| O|  |TAMS 0x00000000e2600000, 0x00000000e2500000| Untracked 
|  38|0x00000000e2600000, 0x00000000e2700000, 0x00000000e2700000|100%| O|  |TAMS 0x00000000e2700000, 0x00000000e2600000| Untracked 
|  39|0x00000000e2700000, 0x00000000e2800000, 0x00000000e2800000|100%| O|  |TAMS 0x00000000e2800000, 0x00000000e2700000| Untracked 
|  40|0x00000000e2800000, 0x00000000e2900000, 0x00000000e2900000|100%| O|  |TAMS 0x00000000e2900000, 0x00000000e2800000| Untracked 
|  41|0x00000000e2900000, 0x00000000e2a00000, 0x00000000e2a00000|100%| O|  |TAMS 0x00000000e2a00000, 0x00000000e2900000| Untracked 
|  42|0x00000000e2a00000, 0x00000000e2b00000, 0x00000000e2b00000|100%| O|  |TAMS 0x00000000e2b00000, 0x00000000e2a00000| Untracked 
|  43|0x00000000e2b00000, 0x00000000e2c00000, 0x00000000e2c00000|100%| O|  |TAMS 0x00000000e2c00000, 0x00000000e2b00000| Untracked 
|  44|0x00000000e2c00000, 0x00000000e2d00000, 0x00000000e2d00000|100%| O|  |TAMS 0x00000000e2d00000, 0x00000000e2c00000| Untracked 
|  45|0x00000000e2d00000, 0x00000000e2e00000, 0x00000000e2e00000|100%| O|  |TAMS 0x00000000e2d00000, 0x00000000e2d00000| Untracked 
|  46|0x00000000e2e00000, 0x00000000e2f00000, 0x00000000e2f00000|100%| O|  |TAMS 0x00000000e2f00000, 0x00000000e2e00000| Untracked 
|  47|0x00000000e2f00000, 0x00000000e3000000, 0x00000000e3000000|100%|HS|  |TAMS 0x00000000e3000000, 0x00000000e2f00000| Complete 
|  48|0x00000000e3000000, 0x00000000e3100000, 0x00000000e3100000|100%|HC|  |TAMS 0x00000000e3100000, 0x00000000e3000000| Complete 
|  49|0x00000000e3100000, 0x00000000e3200000, 0x00000000e3200000|100%| O|  |TAMS 0x00000000e3200000, 0x00000000e3100000| Untracked 
|  50|0x00000000e3200000, 0x00000000e3300000, 0x00000000e3300000|100%| O|  |TAMS 0x00000000e3300000, 0x00000000e3200000| Untracked 
|  51|0x00000000e3300000, 0x00000000e3400000, 0x00000000e3400000|100%| O|  |TAMS 0x00000000e3400000, 0x00000000e3300000| Untracked 
|  52|0x00000000e3400000, 0x00000000e3500000, 0x00000000e3500000|100%| O|  |TAMS 0x00000000e3500000, 0x00000000e3400000| Untracked 
|  53|0x00000000e3500000, 0x00000000e3600000, 0x00000000e3600000|100%| O|  |TAMS 0x00000000e3600000, 0x00000000e3500000| Untracked 
|  54|0x00000000e3600000, 0x00000000e3700000, 0x00000000e3700000|100%| O|  |TAMS 0x00000000e3600000, 0x00000000e3600000| Untracked 
|  55|0x00000000e3700000, 0x00000000e3800000, 0x00000000e3800000|100%|HS|  |TAMS 0x00000000e3800000, 0x00000000e3700000| Complete 
|  56|0x00000000e3800000, 0x00000000e3900000, 0x00000000e3900000|100%| O|  |TAMS 0x00000000e3900000, 0x00000000e3800000| Untracked 
|  57|0x00000000e3900000, 0x00000000e3a00000, 0x00000000e3a00000|100%| O|  |TAMS 0x00000000e3a00000, 0x00000000e3900000| Untracked 
|  58|0x00000000e3a00000, 0x00000000e3b00000, 0x00000000e3b00000|100%| O|  |TAMS 0x00000000e3b00000, 0x00000000e3a00000| Untracked 
|  59|0x00000000e3b00000, 0x00000000e3c00000, 0x00000000e3c00000|100%| O|  |TAMS 0x00000000e3c00000, 0x00000000e3b00000| Untracked 
|  60|0x00000000e3c00000, 0x00000000e3d00000, 0x00000000e3d00000|100%| O|  |TAMS 0x00000000e3d00000, 0x00000000e3c00000| Untracked 
|  61|0x00000000e3d00000, 0x00000000e3e00000, 0x00000000e3e00000|100%| O|  |TAMS 0x00000000e3e00000, 0x00000000e3d00000| Untracked 
|  62|0x00000000e3e00000, 0x00000000e3f00000, 0x00000000e3f00000|100%| O|  |TAMS 0x00000000e3f00000, 0x00000000e3e00000| Untracked 
|  63|0x00000000e3f00000, 0x00000000e4000000, 0x00000000e4000000|100%| O|  |TAMS 0x00000000e4000000, 0x00000000e3f00000| Untracked 
|  64|0x00000000e4000000, 0x00000000e4100000, 0x00000000e4100000|100%| O|  |TAMS 0x00000000e4100000, 0x00000000e4000000| Untracked 
|  65|0x00000000e4100000, 0x00000000e4200000, 0x00000000e4200000|100%| O|  |TAMS 0x00000000e4200000, 0x00000000e4100000| Untracked 
|  66|0x00000000e4200000, 0x00000000e4300000, 0x00000000e4300000|100%| O|  |TAMS 0x00000000e4300000, 0x00000000e4200000| Untracked 
|  67|0x00000000e4300000, 0x00000000e4400000, 0x00000000e4400000|100%| O|  |TAMS 0x00000000e4300000, 0x00000000e4300000| Untracked 
|  68|0x00000000e4400000, 0x00000000e4500000, 0x00000000e4500000|100%| O|  |TAMS 0x00000000e4500000, 0x00000000e4400000| Untracked 
|  69|0x00000000e4500000, 0x00000000e4600000, 0x00000000e4600000|100%| O|  |TAMS 0x00000000e4600000, 0x00000000e4500000| Untracked 
|  70|0x00000000e4600000, 0x00000000e4700000, 0x00000000e4700000|100%| O|  |TAMS 0x00000000e4700000, 0x00000000e4600000| Untracked 
|  71|0x00000000e4700000, 0x00000000e4800000, 0x00000000e4800000|100%| O|  |TAMS 0x00000000e4800000, 0x00000000e4700000| Untracked 
|  72|0x00000000e4800000, 0x00000000e4900000, 0x00000000e4900000|100%| O|  |TAMS 0x00000000e4800000, 0x00000000e4800000| Untracked 
|  73|0x00000000e4900000, 0x00000000e4a00000, 0x00000000e4a00000|100%| O|  |TAMS 0x00000000e4a00000, 0x00000000e4900000| Untracked 
|  74|0x00000000e4a00000, 0x00000000e4b00000, 0x00000000e4b00000|100%| O|  |TAMS 0x00000000e4b00000, 0x00000000e4a00000| Untracked 
|  75|0x00000000e4b00000, 0x00000000e4c00000, 0x00000000e4c00000|100%| O|  |TAMS 0x00000000e4c00000, 0x00000000e4b00000| Untracked 
|  76|0x00000000e4c00000, 0x00000000e4d00000, 0x00000000e4d00000|100%| O|  |TAMS 0x00000000e4d00000, 0x00000000e4c00000| Untracked 
|  77|0x00000000e4d00000, 0x00000000e4e00000, 0x00000000e4e00000|100%| O|  |TAMS 0x00000000e4e00000, 0x00000000e4d00000| Untracked 
|  78|0x00000000e4e00000, 0x00000000e4f00000, 0x00000000e4f00000|100%|HS|  |TAMS 0x00000000e4f00000, 0x00000000e4e00000| Complete 
|  79|0x00000000e4f00000, 0x00000000e5000000, 0x00000000e5000000|100%|HC|  |TAMS 0x00000000e5000000, 0x00000000e4f00000| Complete 
|  80|0x00000000e5000000, 0x00000000e5100000, 0x00000000e5100000|100%|HS|  |TAMS 0x00000000e5100000, 0x00000000e5000000| Complete 
|  81|0x00000000e5100000, 0x00000000e5200000, 0x00000000e5200000|100%|HC|  |TAMS 0x00000000e5200000, 0x00000000e5100000| Complete 
|  82|0x00000000e5200000, 0x00000000e5300000, 0x00000000e5300000|100%|HC|  |TAMS 0x00000000e5300000, 0x00000000e5200000| Complete 
|  83|0x00000000e5300000, 0x00000000e5400000, 0x00000000e5400000|100%|HC|  |TAMS 0x00000000e5400000, 0x00000000e5300000| Complete 
|  84|0x00000000e5400000, 0x00000000e5500000, 0x00000000e5500000|100%|HS|  |TAMS 0x00000000e5500000, 0x00000000e5400000| Complete 
|  85|0x00000000e5500000, 0x00000000e5600000, 0x00000000e5600000|100%|HS|  |TAMS 0x00000000e5600000, 0x00000000e5500000| Complete 
|  86|0x00000000e5600000, 0x00000000e5700000, 0x00000000e5700000|100%|HS|  |TAMS 0x00000000e5700000, 0x00000000e5600000| Complete 
|  87|0x00000000e5700000, 0x00000000e5800000, 0x00000000e5800000|100%|HS|  |TAMS 0x00000000e5800000, 0x00000000e5700000| Complete 
|  88|0x00000000e5800000, 0x00000000e5900000, 0x00000000e5900000|100%| O|  |TAMS 0x00000000e5900000, 0x00000000e5800000| Untracked 
|  89|0x00000000e5900000, 0x00000000e5a00000, 0x00000000e5a00000|100%| O|  |TAMS 0x00000000e5a00000, 0x00000000e5900000| Untracked 
|  90|0x00000000e5a00000, 0x00000000e5b00000, 0x00000000e5b00000|100%| O|  |TAMS 0x00000000e5b00000, 0x00000000e5a00000| Untracked 
|  91|0x00000000e5b00000, 0x00000000e5c00000, 0x00000000e5c00000|100%| O|  |TAMS 0x00000000e5c00000, 0x00000000e5b00000| Untracked 
|  92|0x00000000e5c00000, 0x00000000e5d00000, 0x00000000e5d00000|100%| O|  |TAMS 0x00000000e5d00000, 0x00000000e5c00000| Untracked 
|  93|0x00000000e5d00000, 0x00000000e5e00000, 0x00000000e5e00000|100%| O|  |TAMS 0x00000000e5e00000, 0x00000000e5d00000| Untracked 
|  94|0x00000000e5e00000, 0x00000000e5f00000, 0x00000000e5f00000|100%| O|  |TAMS 0x00000000e5f00000, 0x00000000e5e00000| Untracked 
|  95|0x00000000e5f00000, 0x00000000e6000000, 0x00000000e6000000|100%| O|  |TAMS 0x00000000e6000000, 0x00000000e5f00000| Untracked 
|  96|0x00000000e6000000, 0x00000000e6100000, 0x00000000e6100000|100%| O|  |TAMS 0x00000000e6000000, 0x00000000e6000000| Untracked 
|  97|0x00000000e6100000, 0x00000000e6200000, 0x00000000e6200000|100%| O|  |TAMS 0x00000000e6100000, 0x00000000e6100000| Untracked 
|  98|0x00000000e6200000, 0x00000000e6300000, 0x00000000e6300000|100%| O|  |TAMS 0x00000000e6300000, 0x00000000e6200000| Untracked 
|  99|0x00000000e6300000, 0x00000000e6400000, 0x00000000e6400000|100%| O|  |TAMS 0x00000000e6400000, 0x00000000e6300000| Untracked 
| 100|0x00000000e6400000, 0x00000000e6500000, 0x00000000e6500000|100%| O|  |TAMS 0x00000000e6500000, 0x00000000e6400000| Untracked 
| 101|0x00000000e6500000, 0x00000000e6600000, 0x00000000e6600000|100%| O|  |TAMS 0x00000000e6600000, 0x00000000e6500000| Untracked 
| 102|0x00000000e6600000, 0x00000000e6700000, 0x00000000e6700000|100%| O|  |TAMS 0x00000000e6700000, 0x00000000e6600000| Untracked 
| 103|0x00000000e6700000, 0x00000000e6800000, 0x00000000e6800000|100%| O|  |TAMS 0x00000000e6700000, 0x00000000e6700000| Untracked 
| 104|0x00000000e6800000, 0x00000000e6900000, 0x00000000e6900000|100%| O|  |TAMS 0x00000000e6900000, 0x00000000e6800000| Untracked 
| 105|0x00000000e6900000, 0x00000000e6a00000, 0x00000000e6a00000|100%|HS|  |TAMS 0x00000000e6900000, 0x00000000e6900000| Complete 
| 106|0x00000000e6a00000, 0x00000000e6b00000, 0x00000000e6b00000|100%| O|  |TAMS 0x00000000e6b00000, 0x00000000e6a00000| Untracked 
| 107|0x00000000e6b00000, 0x00000000e6c00000, 0x00000000e6c00000|100%| O|  |TAMS 0x00000000e6c00000, 0x00000000e6b00000| Untracked 
| 108|0x00000000e6c00000, 0x00000000e6d00000, 0x00000000e6d00000|100%| O|  |TAMS 0x00000000e6d00000, 0x00000000e6c00000| Untracked 
| 109|0x00000000e6d00000, 0x00000000e6e00000, 0x00000000e6e00000|100%| O|  |TAMS 0x00000000e6e00000, 0x00000000e6d00000| Untracked 
| 110|0x00000000e6e00000, 0x00000000e6f00000, 0x00000000e6f00000|100%|HS|  |TAMS 0x00000000e6e00000, 0x00000000e6e00000| Complete 
| 111|0x00000000e6f00000, 0x00000000e7000000, 0x00000000e7000000|100%| O|  |TAMS 0x00000000e7000000, 0x00000000e6f00000| Untracked 
| 112|0x00000000e7000000, 0x00000000e7100000, 0x00000000e7100000|100%| O|  |TAMS 0x00000000e7000000, 0x00000000e7000000| Untracked 
| 113|0x00000000e7100000, 0x00000000e7200000, 0x00000000e7200000|100%|HS|  |TAMS 0x00000000e7100000, 0x00000000e7100000| Complete 
| 114|0x00000000e7200000, 0x00000000e7300000, 0x00000000e7300000|100%| O|  |TAMS 0x00000000e7300000, 0x00000000e7200000| Untracked 
| 115|0x00000000e7300000, 0x00000000e7400000, 0x00000000e7400000|100%| O|  |TAMS 0x00000000e7400000, 0x00000000e7300000| Untracked 
| 116|0x00000000e7400000, 0x00000000e7500000, 0x00000000e7500000|100%| O|  |TAMS 0x00000000e7500000, 0x00000000e7400000| Untracked 
| 117|0x00000000e7500000, 0x00000000e7600000, 0x00000000e7600000|100%| O|  |TAMS 0x00000000e7600000, 0x00000000e7500000| Untracked 
| 118|0x00000000e7600000, 0x00000000e7700000, 0x00000000e7700000|100%| O|  |TAMS 0x00000000e7700000, 0x00000000e7600000| Untracked 
| 119|0x00000000e7700000, 0x00000000e7800000, 0x00000000e7800000|100%| O|  |TAMS 0x00000000e7800000, 0x00000000e7700000| Untracked 
| 120|0x00000000e7800000, 0x00000000e7900000, 0x00000000e7900000|100%| O|  |TAMS 0x00000000e7900000, 0x00000000e7800000| Untracked 
| 121|0x00000000e7900000, 0x00000000e7a00000, 0x00000000e7a00000|100%| O|  |TAMS 0x00000000e7a00000, 0x00000000e7900000| Untracked 
| 122|0x00000000e7a00000, 0x00000000e7b00000, 0x00000000e7b00000|100%| O|  |TAMS 0x00000000e7b00000, 0x00000000e7a00000| Untracked 
| 123|0x00000000e7b00000, 0x00000000e7c00000, 0x00000000e7c00000|100%| O|  |TAMS 0x00000000e7bcdc00, 0x00000000e7b00000| Untracked 
| 124|0x00000000e7c00000, 0x00000000e7d00000, 0x00000000e7d00000|100%| O|  |TAMS 0x00000000e7c00000, 0x00000000e7c00000| Untracked 
| 125|0x00000000e7d00000, 0x00000000e7e00000, 0x00000000e7e00000|100%| O|  |TAMS 0x00000000e7d00000, 0x00000000e7d00000| Untracked 
| 126|0x00000000e7e00000, 0x00000000e7f00000, 0x00000000e7f00000|100%| O|  |TAMS 0x00000000e7e00000, 0x00000000e7e00000| Untracked 
| 127|0x00000000e7f00000, 0x00000000e8000000, 0x00000000e8000000|100%| O|  |TAMS 0x00000000e7f00000, 0x00000000e7f00000| Untracked 
| 128|0x00000000e8000000, 0x00000000e8100000, 0x00000000e8100000|100%| O|  |TAMS 0x00000000e8000000, 0x00000000e8000000| Untracked 
| 129|0x00000000e8100000, 0x00000000e8200000, 0x00000000e8200000|100%| O|  |TAMS 0x00000000e8100000, 0x00000000e8100000| Untracked 
| 130|0x00000000e8200000, 0x00000000e8300000, 0x00000000e8300000|100%| O|  |TAMS 0x00000000e8200000, 0x00000000e8200000| Untracked 
| 131|0x00000000e8300000, 0x00000000e8400000, 0x00000000e8400000|100%|HS|  |TAMS 0x00000000e8300000, 0x00000000e8300000| Complete 
| 132|0x00000000e8400000, 0x00000000e8500000, 0x00000000e8500000|100%|HS|  |TAMS 0x00000000e8400000, 0x00000000e8400000| Complete 
| 133|0x00000000e8500000, 0x00000000e8600000, 0x00000000e8600000|100%| O|  |TAMS 0x00000000e8500000, 0x00000000e8500000| Untracked 
| 134|0x00000000e8600000, 0x00000000e8700000, 0x00000000e8700000|100%| O|  |TAMS 0x00000000e8600000, 0x00000000e8600000| Untracked 
| 135|0x00000000e8700000, 0x00000000e8800000, 0x00000000e8800000|100%| O|  |TAMS 0x00000000e8700000, 0x00000000e8700000| Untracked 
| 136|0x00000000e8800000, 0x00000000e8900000, 0x00000000e8900000|100%| O|  |TAMS 0x00000000e8800000, 0x00000000e8800000| Untracked 
| 137|0x00000000e8900000, 0x00000000e8a00000, 0x00000000e8a00000|100%|HS|  |TAMS 0x00000000e8900000, 0x00000000e8900000| Complete 
| 138|0x00000000e8a00000, 0x00000000e8b00000, 0x00000000e8b00000|100%|HS|  |TAMS 0x00000000e8a00000, 0x00000000e8a00000| Complete 
| 139|0x00000000e8b00000, 0x00000000e8c00000, 0x00000000e8c00000|100%|HC|  |TAMS 0x00000000e8b00000, 0x00000000e8b00000| Complete 
| 140|0x00000000e8c00000, 0x00000000e8d00000, 0x00000000e8d00000|100%| O|  |TAMS 0x00000000e8c00000, 0x00000000e8c00000| Untracked 
| 141|0x00000000e8d00000, 0x00000000e8e00000, 0x00000000e8e00000|100%| O|  |TAMS 0x00000000e8d00000, 0x00000000e8d00000| Untracked 
| 142|0x00000000e8e00000, 0x00000000e8f00000, 0x00000000e8f00000|100%| O|  |TAMS 0x00000000e8e00000, 0x00000000e8e00000| Untracked 
| 143|0x00000000e8f00000, 0x00000000e9000000, 0x00000000e9000000|100%| O|  |TAMS 0x00000000e8f00000, 0x00000000e8f00000| Untracked 
| 144|0x00000000e9000000, 0x00000000e9100000, 0x00000000e9100000|100%| O|  |TAMS 0x00000000e9000000, 0x00000000e9000000| Untracked 
| 145|0x00000000e9100000, 0x00000000e9200000, 0x00000000e9200000|100%| O|  |TAMS 0x00000000e9100000, 0x00000000e9100000| Untracked 
| 146|0x00000000e9200000, 0x00000000e9300000, 0x00000000e9300000|100%| O|  |TAMS 0x00000000e9200000, 0x00000000e9200000| Untracked 
| 147|0x00000000e9300000, 0x00000000e9400000, 0x00000000e9400000|100%| O|  |TAMS 0x00000000e9300000, 0x00000000e9300000| Untracked 
| 148|0x00000000e9400000, 0x00000000e9500000, 0x00000000e9500000|100%| O|  |TAMS 0x00000000e9400000, 0x00000000e9400000| Untracked 
| 149|0x00000000e9500000, 0x00000000e9600000, 0x00000000e9600000|100%| O|  |TAMS 0x00000000e9500000, 0x00000000e9500000| Untracked 
| 150|0x00000000e9600000, 0x00000000e9700000, 0x00000000e9700000|100%| O|  |TAMS 0x00000000e9600000, 0x00000000e9600000| Untracked 
| 151|0x00000000e9700000, 0x00000000e9800000, 0x00000000e9800000|100%| O|  |TAMS 0x00000000e9700000, 0x00000000e9700000| Untracked 
| 152|0x00000000e9800000, 0x00000000e9854800, 0x00000000e9900000| 33%| O|  |TAMS 0x00000000e9800000, 0x00000000e9800000| Untracked 
| 153|0x00000000e9900000, 0x00000000e9a00000, 0x00000000e9a00000|100%|HS|  |TAMS 0x00000000e9900000, 0x00000000e9900000| Complete 
| 154|0x00000000e9a00000, 0x00000000e9b00000, 0x00000000e9b00000|100%|HC|  |TAMS 0x00000000e9a00000, 0x00000000e9a00000| Complete 
| 155|0x00000000e9b00000, 0x00000000e9c00000, 0x00000000e9c00000|100%|HC|  |TAMS 0x00000000e9b00000, 0x00000000e9b00000| Complete 
| 156|0x00000000e9c00000, 0x00000000e9c00000, 0x00000000e9d00000|  0%| F|  |TAMS 0x00000000e9c00000, 0x00000000e9c00000| Untracked 
| 157|0x00000000e9d00000, 0x00000000e9d00000, 0x00000000e9e00000|  0%| F|  |TAMS 0x00000000e9d00000, 0x00000000e9d00000| Untracked 
| 158|0x00000000e9e00000, 0x00000000e9e00000, 0x00000000e9f00000|  0%| F|  |TAMS 0x00000000e9e00000, 0x00000000e9e00000| Untracked 
| 159|0x00000000e9f00000, 0x00000000e9f00000, 0x00000000ea000000|  0%| F|  |TAMS 0x00000000e9f00000, 0x00000000e9f00000| Untracked 
| 160|0x00000000ea000000, 0x00000000ea000000, 0x00000000ea100000|  0%| F|  |TAMS 0x00000000ea000000, 0x00000000ea000000| Untracked 
| 161|0x00000000ea100000, 0x00000000ea100000, 0x00000000ea200000|  0%| F|  |TAMS 0x00000000ea100000, 0x00000000ea100000| Untracked 
| 162|0x00000000ea200000, 0x00000000ea200000, 0x00000000ea300000|  0%| F|  |TAMS 0x00000000ea200000, 0x00000000ea200000| Untracked 
| 163|0x00000000ea300000, 0x00000000ea300000, 0x00000000ea400000|  0%| F|  |TAMS 0x00000000ea300000, 0x00000000ea300000| Untracked 
| 164|0x00000000ea400000, 0x00000000ea400000, 0x00000000ea500000|  0%| F|  |TAMS 0x00000000ea400000, 0x00000000ea400000| Untracked 
| 165|0x00000000ea500000, 0x00000000ea500000, 0x00000000ea600000|  0%| F|  |TAMS 0x00000000ea500000, 0x00000000ea500000| Untracked 
| 166|0x00000000ea600000, 0x00000000ea600000, 0x00000000ea700000|  0%| F|  |TAMS 0x00000000ea600000, 0x00000000ea600000| Untracked 
| 167|0x00000000ea700000, 0x00000000ea700000, 0x00000000ea800000|  0%| F|  |TAMS 0x00000000ea700000, 0x00000000ea700000| Untracked 
| 168|0x00000000ea800000, 0x00000000ea800000, 0x00000000ea900000|  0%| F|  |TAMS 0x00000000ea800000, 0x00000000ea800000| Untracked 
| 169|0x00000000ea900000, 0x00000000ea900000, 0x00000000eaa00000|  0%| F|  |TAMS 0x00000000ea900000, 0x00000000ea900000| Untracked 
| 170|0x00000000eaa00000, 0x00000000eaa00000, 0x00000000eab00000|  0%| F|  |TAMS 0x00000000eaa00000, 0x00000000eaa00000| Untracked 
| 171|0x00000000eab00000, 0x00000000eab00000, 0x00000000eac00000|  0%| F|  |TAMS 0x00000000eab00000, 0x00000000eab00000| Untracked 
| 172|0x00000000eac00000, 0x00000000eac00000, 0x00000000ead00000|  0%| F|  |TAMS 0x00000000eac00000, 0x00000000eac00000| Untracked 
| 173|0x00000000ead00000, 0x00000000ead00000, 0x00000000eae00000|  0%| F|  |TAMS 0x00000000ead00000, 0x00000000ead00000| Untracked 
| 174|0x00000000eae00000, 0x00000000eae00000, 0x00000000eaf00000|  0%| F|  |TAMS 0x00000000eae00000, 0x00000000eae00000| Untracked 
| 175|0x00000000eaf00000, 0x00000000eaf00000, 0x00000000eb000000|  0%| F|  |TAMS 0x00000000eaf00000, 0x00000000eaf00000| Untracked 
| 176|0x00000000eb000000, 0x00000000eb000000, 0x00000000eb100000|  0%| F|  |TAMS 0x00000000eb000000, 0x00000000eb000000| Untracked 
| 177|0x00000000eb100000, 0x00000000eb100000, 0x00000000eb200000|  0%| F|  |TAMS 0x00000000eb100000, 0x00000000eb100000| Untracked 
| 178|0x00000000eb200000, 0x00000000eb200000, 0x00000000eb300000|  0%| F|  |TAMS 0x00000000eb200000, 0x00000000eb200000| Untracked 
| 179|0x00000000eb300000, 0x00000000eb300000, 0x00000000eb400000|  0%| F|  |TAMS 0x00000000eb300000, 0x00000000eb300000| Untracked 
| 180|0x00000000eb400000, 0x00000000eb400000, 0x00000000eb500000|  0%| F|  |TAMS 0x00000000eb400000, 0x00000000eb400000| Untracked 
| 181|0x00000000eb500000, 0x00000000eb500000, 0x00000000eb600000|  0%| F|  |TAMS 0x00000000eb500000, 0x00000000eb500000| Untracked 
| 182|0x00000000eb600000, 0x00000000eb600000, 0x00000000eb700000|  0%| F|  |TAMS 0x00000000eb600000, 0x00000000eb600000| Untracked 
| 183|0x00000000eb700000, 0x00000000eb700000, 0x00000000eb800000|  0%| F|  |TAMS 0x00000000eb700000, 0x00000000eb700000| Untracked 
| 184|0x00000000eb800000, 0x00000000eb8d94f0, 0x00000000eb900000| 84%| S|CS|TAMS 0x00000000eb800000, 0x00000000eb800000| Complete 
| 185|0x00000000eb900000, 0x00000000eba00000, 0x00000000eba00000|100%| S|CS|TAMS 0x00000000eb900000, 0x00000000eb900000| Complete 
| 186|0x00000000eba00000, 0x00000000ebb00000, 0x00000000ebb00000|100%| S|CS|TAMS 0x00000000eba00000, 0x00000000eba00000| Complete 
| 187|0x00000000ebb00000, 0x00000000ebc00000, 0x00000000ebc00000|100%| S|CS|TAMS 0x00000000ebb00000, 0x00000000ebb00000| Complete 
| 188|0x00000000ebc00000, 0x00000000ebd00000, 0x00000000ebd00000|100%| S|CS|TAMS 0x00000000ebc00000, 0x00000000ebc00000| Complete 
| 189|0x00000000ebd00000, 0x00000000ebd00000, 0x00000000ebe00000|  0%| F|  |TAMS 0x00000000ebd00000, 0x00000000ebd00000| Untracked 
| 190|0x00000000ebe00000, 0x00000000ebe00000, 0x00000000ebf00000|  0%| F|  |TAMS 0x00000000ebe00000, 0x00000000ebe00000| Untracked 
| 191|0x00000000ebf00000, 0x00000000ebf00000, 0x00000000ec000000|  0%| F|  |TAMS 0x00000000ebf00000, 0x00000000ebf00000| Untracked 
| 192|0x00000000ec000000, 0x00000000ec100000, 0x00000000ec100000|100%| S|CS|TAMS 0x00000000ec000000, 0x00000000ec000000| Complete 
| 193|0x00000000ec100000, 0x00000000ec100000, 0x00000000ec200000|  0%| F|  |TAMS 0x00000000ec100000, 0x00000000ec100000| Untracked 
| 194|0x00000000ec200000, 0x00000000ec200000, 0x00000000ec300000|  0%| F|  |TAMS 0x00000000ec200000, 0x00000000ec200000| Untracked 
| 195|0x00000000ec300000, 0x00000000ec300000, 0x00000000ec400000|  0%| F|  |TAMS 0x00000000ec300000, 0x00000000ec300000| Untracked 
| 196|0x00000000ec400000, 0x00000000ec400000, 0x00000000ec500000|  0%| F|  |TAMS 0x00000000ec400000, 0x00000000ec400000| Untracked 
| 197|0x00000000ec500000, 0x00000000ec500000, 0x00000000ec600000|  0%| F|  |TAMS 0x00000000ec500000, 0x00000000ec500000| Untracked 
| 198|0x00000000ec600000, 0x00000000ec600000, 0x00000000ec700000|  0%| F|  |TAMS 0x00000000ec600000, 0x00000000ec600000| Untracked 
| 199|0x00000000ec700000, 0x00000000ec700000, 0x00000000ec800000|  0%| F|  |TAMS 0x00000000ec700000, 0x00000000ec700000| Untracked 
| 200|0x00000000ec800000, 0x00000000ec800000, 0x00000000ec900000|  0%| F|  |TAMS 0x00000000ec800000, 0x00000000ec800000| Untracked 
| 201|0x00000000ec900000, 0x00000000ec900000, 0x00000000eca00000|  0%| F|  |TAMS 0x00000000ec900000, 0x00000000ec900000| Untracked 
| 202|0x00000000eca00000, 0x00000000eca00000, 0x00000000ecb00000|  0%| F|  |TAMS 0x00000000eca00000, 0x00000000eca00000| Untracked 
| 203|0x00000000ecb00000, 0x00000000ecb00000, 0x00000000ecc00000|  0%| F|  |TAMS 0x00000000ecb00000, 0x00000000ecb00000| Untracked 
| 204|0x00000000ecc00000, 0x00000000ecc00000, 0x00000000ecd00000|  0%| F|  |TAMS 0x00000000ecc00000, 0x00000000ecc00000| Untracked 
| 205|0x00000000ecd00000, 0x00000000ecd00000, 0x00000000ece00000|  0%| F|  |TAMS 0x00000000ecd00000, 0x00000000ecd00000| Untracked 
| 206|0x00000000ece00000, 0x00000000ece00000, 0x00000000ecf00000|  0%| F|  |TAMS 0x00000000ece00000, 0x00000000ece00000| Untracked 
| 207|0x00000000ecf00000, 0x00000000ecf00000, 0x00000000ed000000|  0%| F|  |TAMS 0x00000000ecf00000, 0x00000000ecf00000| Untracked 
| 208|0x00000000ed000000, 0x00000000ed000000, 0x00000000ed100000|  0%| F|  |TAMS 0x00000000ed000000, 0x00000000ed000000| Untracked 
| 209|0x00000000ed100000, 0x00000000ed100000, 0x00000000ed200000|  0%| F|  |TAMS 0x00000000ed100000, 0x00000000ed100000| Untracked 
| 210|0x00000000ed200000, 0x00000000ed200000, 0x00000000ed300000|  0%| F|  |TAMS 0x00000000ed200000, 0x00000000ed200000| Untracked 
| 211|0x00000000ed300000, 0x00000000ed300000, 0x00000000ed400000|  0%| F|  |TAMS 0x00000000ed300000, 0x00000000ed300000| Untracked 
| 212|0x00000000ed400000, 0x00000000ed500000, 0x00000000ed500000|100%| E|  |TAMS 0x00000000ed400000, 0x00000000ed400000| Complete 
| 213|0x00000000ed500000, 0x00000000ed600000, 0x00000000ed600000|100%| E|CS|TAMS 0x00000000ed500000, 0x00000000ed500000| Complete 
| 214|0x00000000ed600000, 0x00000000ed700000, 0x00000000ed700000|100%| E|CS|TAMS 0x00000000ed600000, 0x00000000ed600000| Complete 
| 215|0x00000000ed700000, 0x00000000ed800000, 0x00000000ed800000|100%| E|CS|TAMS 0x00000000ed700000, 0x00000000ed700000| Complete 
| 216|0x00000000ed800000, 0x00000000ed900000, 0x00000000ed900000|100%| E|CS|TAMS 0x00000000ed800000, 0x00000000ed800000| Complete 
| 217|0x00000000ed900000, 0x00000000eda00000, 0x00000000eda00000|100%| E|CS|TAMS 0x00000000ed900000, 0x00000000ed900000| Complete 
| 218|0x00000000eda00000, 0x00000000edb00000, 0x00000000edb00000|100%| E|CS|TAMS 0x00000000eda00000, 0x00000000eda00000| Complete 
| 219|0x00000000edb00000, 0x00000000edc00000, 0x00000000edc00000|100%| E|CS|TAMS 0x00000000edb00000, 0x00000000edb00000| Complete 
| 220|0x00000000edc00000, 0x00000000edd00000, 0x00000000edd00000|100%| E|CS|TAMS 0x00000000edc00000, 0x00000000edc00000| Complete 
| 221|0x00000000edd00000, 0x00000000ede00000, 0x00000000ede00000|100%| E|CS|TAMS 0x00000000edd00000, 0x00000000edd00000| Complete 
| 222|0x00000000ede00000, 0x00000000edf00000, 0x00000000edf00000|100%| E|CS|TAMS 0x00000000ede00000, 0x00000000ede00000| Complete 
| 223|0x00000000edf00000, 0x00000000ee000000, 0x00000000ee000000|100%| E|CS|TAMS 0x00000000edf00000, 0x00000000edf00000| Complete 
| 224|0x00000000ee000000, 0x00000000ee100000, 0x00000000ee100000|100%| E|CS|TAMS 0x00000000ee000000, 0x00000000ee000000| Complete 
| 225|0x00000000ee100000, 0x00000000ee200000, 0x00000000ee200000|100%| E|CS|TAMS 0x00000000ee100000, 0x00000000ee100000| Complete 
| 226|0x00000000ee200000, 0x00000000ee300000, 0x00000000ee300000|100%| E|CS|TAMS 0x00000000ee200000, 0x00000000ee200000| Complete 
| 227|0x00000000ee300000, 0x00000000ee400000, 0x00000000ee400000|100%| E|CS|TAMS 0x00000000ee300000, 0x00000000ee300000| Complete 
| 228|0x00000000ee400000, 0x00000000ee500000, 0x00000000ee500000|100%| E|CS|TAMS 0x00000000ee400000, 0x00000000ee400000| Complete 
| 229|0x00000000ee500000, 0x00000000ee600000, 0x00000000ee600000|100%| E|CS|TAMS 0x00000000ee500000, 0x00000000ee500000| Complete 
| 230|0x00000000ee600000, 0x00000000ee700000, 0x00000000ee700000|100%| E|CS|TAMS 0x00000000ee600000, 0x00000000ee600000| Complete 
| 231|0x00000000ee700000, 0x00000000ee800000, 0x00000000ee800000|100%| E|CS|TAMS 0x00000000ee700000, 0x00000000ee700000| Complete 
| 232|0x00000000ee800000, 0x00000000ee900000, 0x00000000ee900000|100%| E|  |TAMS 0x00000000ee800000, 0x00000000ee800000| Complete 
| 233|0x00000000ee900000, 0x00000000eea00000, 0x00000000eea00000|100%| E|CS|TAMS 0x00000000ee900000, 0x00000000ee900000| Complete 
| 234|0x00000000eea00000, 0x00000000eeb00000, 0x00000000eeb00000|100%| E|CS|TAMS 0x00000000eea00000, 0x00000000eea00000| Complete 
| 235|0x00000000eeb00000, 0x00000000eec00000, 0x00000000eec00000|100%| E|CS|TAMS 0x00000000eeb00000, 0x00000000eeb00000| Complete 
| 236|0x00000000eec00000, 0x00000000eed00000, 0x00000000eed00000|100%| E|CS|TAMS 0x00000000eec00000, 0x00000000eec00000| Complete 
| 237|0x00000000eed00000, 0x00000000eee00000, 0x00000000eee00000|100%| E|CS|TAMS 0x00000000eed00000, 0x00000000eed00000| Complete 
| 238|0x00000000eee00000, 0x00000000eef00000, 0x00000000eef00000|100%| E|CS|TAMS 0x00000000eee00000, 0x00000000eee00000| Complete 
| 239|0x00000000eef00000, 0x00000000ef000000, 0x00000000ef000000|100%| E|CS|TAMS 0x00000000eef00000, 0x00000000eef00000| Complete 
| 240|0x00000000ef000000, 0x00000000ef100000, 0x00000000ef100000|100%| E|CS|TAMS 0x00000000ef000000, 0x00000000ef000000| Complete 
| 241|0x00000000ef100000, 0x00000000ef200000, 0x00000000ef200000|100%| E|CS|TAMS 0x00000000ef100000, 0x00000000ef100000| Complete 
| 242|0x00000000ef200000, 0x00000000ef300000, 0x00000000ef300000|100%| E|CS|TAMS 0x00000000ef200000, 0x00000000ef200000| Complete 
| 243|0x00000000ef300000, 0x00000000ef400000, 0x00000000ef400000|100%| E|CS|TAMS 0x00000000ef300000, 0x00000000ef300000| Complete 
| 244|0x00000000ef400000, 0x00000000ef500000, 0x00000000ef500000|100%| E|CS|TAMS 0x00000000ef400000, 0x00000000ef400000| Complete 
| 245|0x00000000ef500000, 0x00000000ef600000, 0x00000000ef600000|100%| E|CS|TAMS 0x00000000ef500000, 0x00000000ef500000| Complete 
| 246|0x00000000ef600000, 0x00000000ef700000, 0x00000000ef700000|100%| E|CS|TAMS 0x00000000ef600000, 0x00000000ef600000| Complete 
| 247|0x00000000ef700000, 0x00000000ef800000, 0x00000000ef800000|100%| E|CS|TAMS 0x00000000ef700000, 0x00000000ef700000| Complete 
| 248|0x00000000ef800000, 0x00000000ef900000, 0x00000000ef900000|100%| E|CS|TAMS 0x00000000ef800000, 0x00000000ef800000| Complete 
| 249|0x00000000ef900000, 0x00000000efa00000, 0x00000000efa00000|100%| E|CS|TAMS 0x00000000ef900000, 0x00000000ef900000| Complete 
| 250|0x00000000efa00000, 0x00000000efb00000, 0x00000000efb00000|100%| E|CS|TAMS 0x00000000efa00000, 0x00000000efa00000| Complete 
| 251|0x00000000efb00000, 0x00000000efc00000, 0x00000000efc00000|100%| E|CS|TAMS 0x00000000efb00000, 0x00000000efb00000| Complete 
| 252|0x00000000efc00000, 0x00000000efd00000, 0x00000000efd00000|100%| E|CS|TAMS 0x00000000efc00000, 0x00000000efc00000| Complete 
| 253|0x00000000efd00000, 0x00000000efe00000, 0x00000000efe00000|100%| E|CS|TAMS 0x00000000efd00000, 0x00000000efd00000| Complete 
| 254|0x00000000efe00000, 0x00000000eff00000, 0x00000000eff00000|100%| E|CS|TAMS 0x00000000efe00000, 0x00000000efe00000| Complete 
| 255|0x00000000eff00000, 0x00000000f0000000, 0x00000000f0000000|100%| E|CS|TAMS 0x00000000eff00000, 0x00000000eff00000| Complete 

Card table byte_map: [0x00000219f2010000,0x00000219f2110000] _byte_map_base: 0x00000219f1910000

Marking Bits (Prev, Next): (CMBitMap*) 0x00000219dae9d5d0, (CMBitMap*) 0x00000219dae9d610
 Prev Bits: [0x00000219f2210000, 0x00000219f2a10000)
 Next Bits: [0x00000219f2a10000, 0x00000219f3210000)

Polling page: 0x00000219d8d20000

Metaspace:

Usage:
  Non-class:    104.98 MB used.
      Class:     15.46 MB used.
       Both:    120.43 MB used.

Virtual space:
  Non-class space:      128.00 MB reserved,     105.88 MB ( 83%) committed,  2 nodes.
      Class space:      320.00 MB reserved,      16.25 MB (  5%) committed,  1 nodes.
             Both:      448.00 MB reserved,     122.12 MB ( 27%) committed. 

Chunk freelists:
   Non-Class:  6.00 MB
       Class:  15.75 MB
        Both:  21.75 MB

MaxMetaspaceSize: 384.00 MB
CompressedClassSpaceSize: 320.00 MB
Initial GC threshold: 21.00 MB
Current GC threshold: 160.25 MB
CDS: on
MetaspaceReclaimPolicy: balanced
 - commit_granule_bytes: 65536.
 - commit_granule_words: 8192.
 - virtual_space_node_default_size: 8388608.
 - enlarge_chunks_in_place: 1.
 - new_chunks_are_fully_committed: 0.
 - uncommit_free_chunks: 1.
 - use_allocation_guard: 0.
 - handle_deallocations: 1.


Internal statistics:

num_allocs_failed_limit: 9.
num_arena_births: 2196.
num_arena_deaths: 0.
num_vsnodes_births: 3.
num_vsnodes_deaths: 0.
num_space_committed: 1954.
num_space_uncommitted: 0.
num_chunks_returned_to_freelist: 9.
num_chunks_taken_from_freelist: 7384.
num_chunk_merges: 6.
num_chunk_splits: 4985.
num_chunks_enlarged: 3287.
num_inconsistent_stats: 0.

CodeHeap 'non-profiled nmethods': size=120000Kb used=12550Kb max_used=12550Kb free=107449Kb
 bounds [0x00000219ea480000, 0x00000219eb0d0000, 0x00000219f19b0000]
CodeHeap 'profiled nmethods': size=120000Kb used=23223Kb max_used=23241Kb free=96776Kb
 bounds [0x00000219e29b0000, 0x00000219e4070000, 0x00000219e9ee0000]
CodeHeap 'non-nmethods': size=5760Kb used=2387Kb max_used=2448Kb free=3372Kb
 bounds [0x00000219e9ee0000, 0x00000219ea150000, 0x00000219ea480000]
 total_blobs=13764 nmethods=12853 adapters=821
 compilation: enabled
              stopped_count=0, restarted_count=0
 full_count=0

Compilation events (20 events):
Event: 83.191 Thread 0x0000021995edc670 nmethod 15329 0x00000219eb0a8a10 code [0x00000219eb0a8bc0, 0x00000219eb0a8f38]
Event: 83.191 Thread 0x0000021995edc670 15330       4       org.gradle.api.internal.artifacts.ivyservice.resolveengine.graph.CompositeDependencyGraphVisitor::visitEdges (40 bytes)
Event: 83.191 Thread 0x00000219f5ebc4f0 15331       3       org.gradle.api.internal.artifacts.ivyservice.resolveengine.artifact.CompositeResolvedArtifactSet::visit (40 bytes)
Event: 83.192 Thread 0x00000219f5ebc4f0 nmethod 15331 0x00000219e3629d10 code [0x00000219e3629f00, 0x00000219e362a4f8]
Event: 83.200 Thread 0x0000021995edc670 nmethod 15330 0x00000219eb0a9290 code [0x00000219eb0a9440, 0x00000219eb0a97b8]
Event: 83.200 Thread 0x0000021995edc670 15333       4       java.io.ObjectStreamField::getSignature (39 bytes)
Event: 83.206 Thread 0x0000021995edc670 nmethod 15333 0x00000219eb0a9b10 code [0x00000219eb0a9cc0, 0x00000219eb0aa070]
Event: 83.206 Thread 0x0000021995edc670 15332       4       java.io.ObjectStreamClass::getSuperDesc (9 bytes)
Event: 83.207 Thread 0x0000021995edc670 nmethod 15332 0x00000219eb0aa290 code [0x00000219eb0aa400, 0x00000219eb0aa498]
Event: 83.222 Thread 0x0000021995edc670 15334       4       java.io.ObjectOutputStream$BlockDataOutputStream::writeLong (48 bytes)
Event: 83.224 Thread 0x0000021995edc670 nmethod 15334 0x00000219eb0aa590 code [0x00000219eb0aa700, 0x00000219eb0aa898]
Event: 83.230 Thread 0x0000021995edc670 15335       4       org.gradle.api.internal.artifacts.transform.DefaultTransformInvocationFactory::determineProducerProject (33 bytes)
Event: 83.236 Thread 0x0000021995edc670 nmethod 15335 0x00000219eb0aaa10 code [0x00000219eb0aac20, 0x00000219eb0aafe8]
Event: 83.236 Thread 0x0000021995edc670 15336       4       org.gradle.api.internal.artifacts.transform.DefaultTransformInvocationFactory::createInvocation (273 bytes)
Event: 83.287 Thread 0x00000219f5eb3bd0 nmethod 15285 0x00000219eb0ab490 code [0x00000219eb0aba00, 0x00000219eb0b2108]
Event: 83.288 Thread 0x00000219f5eb3bd0 15337       4       java.io.ObjectOutputStream::writeClassDesc (60 bytes)
Event: 84.421 Thread 0x0000021995edc670 nmethod 15336 0x00000219eb0b6390 code [0x00000219eb0b6700, 0x00000219eb0b9310]
Event: 84.421 Thread 0x0000021995edc670 15339       4       java.io.ObjectStreamClass::writeNonProxy (161 bytes)
Event: 85.562 Thread 0x0000021995edc670 nmethod 15339 0x00000219eb0bac10 code [0x00000219eb0bafc0, 0x00000219eb0bd960]
Event: 85.564 Thread 0x0000021995edc670 15338       4       org.gradle.internal.buildoption.DefaultInternalOptions::getOption (58 bytes)

GC Heap History (20 events):
Event: 67.696 GC heap before
{Heap before GC invocations=43 (full 0):
 garbage-first heap   total 262144K, used 130385K [0x00000000e0000000, 0x0000000100000000)
  region size 1024K, 12 young (12288K), 4 survivors (4096K)
 Metaspace       used 97077K, committed 98688K, reserved 458752K
  class space    used 12409K, committed 13184K, reserved 327680K
}
Event: 67.704 GC heap after
{Heap after GC invocations=44 (full 0):
 garbage-first heap   total 262144K, used 121915K [0x00000000e0000000, 0x0000000100000000)
  region size 1024K, 2 young (2048K), 2 survivors (2048K)
 Metaspace       used 97077K, committed 98688K, reserved 458752K
  class space    used 12409K, committed 13184K, reserved 327680K
}
Event: 68.938 GC heap before
{Heap before GC invocations=44 (full 0):
 garbage-first heap   total 262144K, used 220219K [0x00000000e0000000, 0x0000000100000000)
  region size 1024K, 99 young (101376K), 2 survivors (2048K)
 Metaspace       used 100036K, committed 101632K, reserved 458752K
  class space    used 12753K, committed 13504K, reserved 327680K
}
Event: 68.943 GC heap after
{Heap after GC invocations=45 (full 0):
 garbage-first heap   total 262144K, used 124902K [0x00000000e0000000, 0x0000000100000000)
  region size 1024K, 5 young (5120K), 5 survivors (5120K)
 Metaspace       used 100036K, committed 101632K, reserved 458752K
  class space    used 12753K, committed 13504K, reserved 327680K
}
Event: 70.255 GC heap before
{Heap before GC invocations=45 (full 0):
 garbage-first heap   total 262144K, used 220134K [0x00000000e0000000, 0x0000000100000000)
  region size 1024K, 99 young (101376K), 5 survivors (5120K)
 Metaspace       used 102984K, committed 104640K, reserved 458752K
  class space    used 13097K, committed 13888K, reserved 327680K
}
Event: 70.260 GC heap after
{Heap after GC invocations=46 (full 0):
 garbage-first heap   total 262144K, used 125962K [0x00000000e0000000, 0x0000000100000000)
  region size 1024K, 6 young (6144K), 6 survivors (6144K)
 Metaspace       used 102984K, committed 104640K, reserved 458752K
  class space    used 13097K, committed 13888K, reserved 327680K
}
Event: 71.327 GC heap before
{Heap before GC invocations=46 (full 0):
 garbage-first heap   total 262144K, used 221194K [0x00000000e0000000, 0x0000000100000000)
  region size 1024K, 100 young (102400K), 6 survivors (6144K)
 Metaspace       used 102997K, committed 104640K, reserved 458752K
  class space    used 13097K, committed 13888K, reserved 327680K
}
Event: 71.336 GC heap after
{Heap after GC invocations=47 (full 0):
 garbage-first heap   total 262144K, used 128802K [0x00000000e0000000, 0x0000000100000000)
  region size 1024K, 9 young (9216K), 9 survivors (9216K)
 Metaspace       used 102997K, committed 104640K, reserved 458752K
  class space    used 13097K, committed 13888K, reserved 327680K
}
Event: 73.214 GC heap before
{Heap before GC invocations=47 (full 0):
 garbage-first heap   total 262144K, used 219938K [0x00000000e0000000, 0x0000000100000000)
  region size 1024K, 98 young (100352K), 9 survivors (9216K)
 Metaspace       used 103300K, committed 104960K, reserved 458752K
  class space    used 13133K, committed 13888K, reserved 327680K
}
Event: 73.225 GC heap after
{Heap after GC invocations=48 (full 0):
 garbage-first heap   total 262144K, used 132178K [0x00000000e0000000, 0x0000000100000000)
  region size 1024K, 10 young (10240K), 10 survivors (10240K)
 Metaspace       used 103300K, committed 104960K, reserved 458752K
  class space    used 13133K, committed 13888K, reserved 327680K
}
Event: 74.117 GC heap before
{Heap before GC invocations=48 (full 0):
 garbage-first heap   total 262144K, used 221266K [0x00000000e0000000, 0x0000000100000000)
  region size 1024K, 94 young (96256K), 10 survivors (10240K)
 Metaspace       used 103338K, committed 105024K, reserved 458752K
  class space    used 13138K, committed 13888K, reserved 327680K
}
Event: 74.132 GC heap after
{Heap after GC invocations=49 (full 0):
 garbage-first heap   total 262144K, used 139727K [0x00000000e0000000, 0x0000000100000000)
  region size 1024K, 6 young (6144K), 6 survivors (6144K)
 Metaspace       used 103338K, committed 105024K, reserved 458752K
  class space    used 13138K, committed 13888K, reserved 327680K
}
Event: 76.486 GC heap before
{Heap before GC invocations=49 (full 0):
 garbage-first heap   total 262144K, used 222671K [0x00000000e0000000, 0x0000000100000000)
  region size 1024K, 83 young (84992K), 6 survivors (6144K)
 Metaspace       used 110160K, committed 111872K, reserved 458752K
  class space    used 14025K, committed 14848K, reserved 327680K
}
Event: 76.494 GC heap after
{Heap after GC invocations=50 (full 0):
 garbage-first heap   total 262144K, used 148453K [0x00000000e0000000, 0x0000000100000000)
  region size 1024K, 11 young (11264K), 11 survivors (11264K)
 Metaspace       used 110160K, committed 111872K, reserved 458752K
  class space    used 14025K, committed 14848K, reserved 327680K
}
Event: 78.471 GC heap before
{Heap before GC invocations=50 (full 0):
 garbage-first heap   total 262144K, used 227301K [0x00000000e0000000, 0x0000000100000000)
  region size 1024K, 82 young (83968K), 11 survivors (11264K)
 Metaspace       used 115091K, committed 116800K, reserved 458752K
  class space    used 14707K, committed 15488K, reserved 327680K
}
Event: 78.482 GC heap after
{Heap after GC invocations=51 (full 0):
 garbage-first heap   total 262144K, used 156132K [0x00000000e0000000, 0x0000000100000000)
  region size 1024K, 11 young (11264K), 11 survivors (11264K)
 Metaspace       used 115091K, committed 116800K, reserved 458752K
  class space    used 14707K, committed 15488K, reserved 327680K
}
Event: 81.021 GC heap before
{Heap before GC invocations=51 (full 0):
 garbage-first heap   total 262144K, used 221668K [0x00000000e0000000, 0x0000000100000000)
  region size 1024K, 75 young (76800K), 11 survivors (11264K)
 Metaspace       used 120937K, committed 122688K, reserved 458752K
  class space    used 15495K, committed 16320K, reserved 327680K
}
Event: 81.031 GC heap after
{Heap after GC invocations=52 (full 0):
 garbage-first heap   total 262144K, used 158689K [0x00000000e0000000, 0x0000000100000000)
  region size 1024K, 3 young (3072K), 3 survivors (3072K)
 Metaspace       used 120937K, committed 122688K, reserved 458752K
  class space    used 15495K, committed 16320K, reserved 327680K
}
Event: 83.239 GC heap before
{Heap before GC invocations=52 (full 0):
 garbage-first heap   total 262144K, used 226273K [0x00000000e0000000, 0x0000000100000000)
  region size 1024K, 66 young (67584K), 3 survivors (3072K)
 Metaspace       used 122619K, committed 124352K, reserved 458752K
  class space    used 15753K, committed 16576K, reserved 327680K
}
Event: 83.245 GC heap after
{Heap after GC invocations=53 (full 0):
 garbage-first heap   total 262144K, used 165047K [0x00000000e0000000, 0x0000000100000000)
  region size 1024K, 6 young (6144K), 6 survivors (6144K)
 Metaspace       used 122619K, committed 124352K, reserved 458752K
  class space    used 15753K, committed 16576K, reserved 327680K
}

Dll operation events (15 events):
Event: 0.015 Loaded shared library C:\Program Files\Microsoft\jdk-17.0.15.6-hotspot\bin\java.dll
Event: 0.035 Loaded shared library C:\Program Files\Microsoft\jdk-17.0.15.6-hotspot\bin\jsvml.dll
Event: 0.106 Loaded shared library C:\Program Files\Microsoft\jdk-17.0.15.6-hotspot\bin\zip.dll
Event: 0.123 Loaded shared library C:\Program Files\Microsoft\jdk-17.0.15.6-hotspot\bin\instrument.dll
Event: 0.148 Loaded shared library C:\Program Files\Microsoft\jdk-17.0.15.6-hotspot\bin\net.dll
Event: 0.157 Loaded shared library C:\Program Files\Microsoft\jdk-17.0.15.6-hotspot\bin\nio.dll
Event: 0.164 Loaded shared library C:\Program Files\Microsoft\jdk-17.0.15.6-hotspot\bin\zip.dll
Event: 0.613 Loaded shared library C:\Program Files\Microsoft\jdk-17.0.15.6-hotspot\bin\jimage.dll
Event: 0.906 Loaded shared library C:\Program Files\Microsoft\jdk-17.0.15.6-hotspot\bin\verify.dll
Event: 1.123 Loaded shared library C:\Users\HP\.gradle\native\c067742578af261105cb4f569cf0c3c89f3d7b1fecec35dd04571415982c5e48\windows-amd64\native-platform.dll
Event: 1.135 Loaded shared library C:\Users\HP\.gradle\native\100fb08df4bc3b14c8652ba06237920a3bd2aa13389f12d3474272988ae205f9\windows-amd64\native-platform-file-events.dll
Event: 2.541 Loaded shared library C:\Program Files\Microsoft\jdk-17.0.15.6-hotspot\bin\management.dll
Event: 2.547 Loaded shared library C:\Program Files\Microsoft\jdk-17.0.15.6-hotspot\bin\management_ext.dll
Event: 2.812 Loaded shared library C:\Program Files\Microsoft\jdk-17.0.15.6-hotspot\bin\extnet.dll
Event: 3.663 Loaded shared library C:\Program Files\Microsoft\jdk-17.0.15.6-hotspot\bin\sunmscapi.dll

Deoptimization events (20 events):
Event: 82.487 Thread 0x00000219fbc304f0 Uncommon trap: trap_request=0xffffffde fr.pc=0x00000219eab5456c relative=0x0000000000001c2c
Event: 82.487 Thread 0x00000219fbc304f0 Uncommon trap: reason=class_check action=maybe_recompile pc=0x00000219eab5456c method=com.google.common.cache.LocalCache$Segment.put(Ljava/lang/Object;ILjava/lang/Object;Z)Ljava/lang/Object; @ 75 c2
Event: 82.487 Thread 0x00000219fbc304f0 DEOPT PACKING pc=0x00000219eab5456c sp=0x000000fffe0fd140
Event: 82.487 Thread 0x00000219fbc304f0 DEOPT UNPACKING pc=0x00000219e9f369a3 sp=0x000000fffe0fd0d8 mode 2
Event: 82.487 Thread 0x00000219fbc304f0 Uncommon trap: trap_request=0xffffffde fr.pc=0x00000219eab5456c relative=0x0000000000001c2c
Event: 82.487 Thread 0x00000219fbc304f0 Uncommon trap: reason=class_check action=maybe_recompile pc=0x00000219eab5456c method=com.google.common.cache.LocalCache$Segment.put(Ljava/lang/Object;ILjava/lang/Object;Z)Ljava/lang/Object; @ 75 c2
Event: 82.487 Thread 0x00000219fbc304f0 DEOPT PACKING pc=0x00000219eab5456c sp=0x000000fffe0fd5f0
Event: 82.487 Thread 0x00000219fbc304f0 DEOPT UNPACKING pc=0x00000219e9f369a3 sp=0x000000fffe0fd588 mode 2
Event: 82.527 Thread 0x00000219fbd27e90 Uncommon trap: trap_request=0xffffffd6 fr.pc=0x00000219eb05e824 relative=0x00000000000007e4
Event: 82.527 Thread 0x00000219fbd27e90 Uncommon trap: reason=array_check action=maybe_recompile pc=0x00000219eb05e824 method=java.util.TimSort.binarySort([Ljava/lang/Object;IIILjava/util/Comparator;)V @ 193 c2
Event: 82.527 Thread 0x00000219fbd27e90 DEOPT PACKING pc=0x00000219eb05e824 sp=0x000000fffddfce20
Event: 82.527 Thread 0x00000219fbd27e90 DEOPT UNPACKING pc=0x00000219e9f369a3 sp=0x000000fffddfcde0 mode 2
Event: 82.527 Thread 0x00000219fbd27e90 Uncommon trap: trap_request=0xffffffd6 fr.pc=0x00000219eb05e910 relative=0x00000000000008d0
Event: 82.527 Thread 0x00000219fbd27e90 Uncommon trap: reason=array_check action=maybe_recompile pc=0x00000219eb05e910 method=java.util.TimSort.binarySort([Ljava/lang/Object;IIILjava/util/Comparator;)V @ 183 c2
Event: 82.527 Thread 0x00000219fbd27e90 DEOPT PACKING pc=0x00000219eb05e910 sp=0x000000fffddfce20
Event: 82.527 Thread 0x00000219fbd27e90 DEOPT UNPACKING pc=0x00000219e9f369a3 sp=0x000000fffddfcde0 mode 2
Event: 82.527 Thread 0x00000219fbd27e90 Uncommon trap: trap_request=0xffffffd6 fr.pc=0x00000219eb05e6d0 relative=0x0000000000000690
Event: 82.527 Thread 0x00000219fbd27e90 Uncommon trap: reason=array_check action=maybe_recompile pc=0x00000219eb05e6d0 method=java.util.TimSort.binarySort([Ljava/lang/Object;IIILjava/util/Comparator;)V @ 215 c2
Event: 82.527 Thread 0x00000219fbd27e90 DEOPT PACKING pc=0x00000219eb05e6d0 sp=0x000000fffddfce20
Event: 82.527 Thread 0x00000219fbd27e90 DEOPT UNPACKING pc=0x00000219e9f369a3 sp=0x000000fffddfcde0 mode 2

Classes loaded (20 events):
Event: 76.410 Loading class java/security/interfaces/DSAPrivateKey
Event: 76.411 Loading class java/security/interfaces/DSAPrivateKey done
Event: 76.411 Loading class java/security/interfaces/DSAParams
Event: 76.411 Loading class java/security/interfaces/DSAParams done
Event: 76.411 Loading class java/security/spec/DSAParameterSpec
Event: 76.412 Loading class java/security/spec/DSAParameterSpec done
Event: 76.413 Loading class java/math/SignedMutableBigInteger
Event: 76.414 Loading class java/math/SignedMutableBigInteger done
Event: 77.593 Loading class javax/xml/stream/XMLStreamException
Event: 77.594 Loading class javax/xml/stream/XMLStreamException done
Event: 77.623 Loading class java/security/KeyStore
Event: 77.625 Loading class java/security/KeyStore done
Event: 77.625 Loading class java/security/KeyStore$1
Event: 77.626 Loading class java/security/KeyStore$1 done
Event: 77.640 Loading class sun/reflect/annotation/AnnotationInvocationHandler$1
Event: 77.640 Loading class sun/reflect/annotation/AnnotationInvocationHandler$1 done
Event: 78.870 Loading class java/lang/Override
Event: 78.871 Loading class java/lang/Override done
Event: 79.018 Loading class java/net/SocketTimeoutException
Event: 79.018 Loading class java/net/SocketTimeoutException done

Classes unloaded (0 events):
No events

Classes redefined (0 events):
No events

Internal exceptions (20 events):
Event: 81.265 Thread 0x00000219fbc304f0 Exception <a 'java/lang/ClassNotFoundException'{0x00000000ef525e00}: org/jetbrains/kotlin/gradle/targets/js/npm/NpmDependencyExtensionKt$defaultNpmDependencyDelegate$1Customizer> (0x00000000ef525e00) 
thrown [s\src\hotspot\share\classfile\systemDictionary.cpp, line 256]
Event: 81.268 Thread 0x00000219fbc304f0 Exception <a 'java/lang/ClassNotFoundException'{0x00000000ef5628b8}: org/jetbrains/kotlin/gradle/targets/js/npm/DefaultDevNpmDependencyExtensionBeanInfo> (0x00000000ef5628b8) 
thrown [s\src\hotspot\share\classfile\systemDictionary.cpp, line 256]
Event: 81.268 Thread 0x00000219fbc304f0 Exception <a 'java/lang/ClassNotFoundException'{0x00000000ef56e350}: org/jetbrains/kotlin/gradle/targets/js/npm/DefaultDevNpmDependencyExtensionCustomizer> (0x00000000ef56e350) 
thrown [s\src\hotspot\share\classfile\systemDictionary.cpp, line 256]
Event: 81.273 Thread 0x00000219fbc304f0 Exception <a 'java/lang/ClassNotFoundException'{0x00000000ef5b3d40}: org/jetbrains/kotlin/gradle/targets/js/npm/DefaultPeerNpmDependencyExtensionBeanInfo> (0x00000000ef5b3d40) 
thrown [s\src\hotspot\share\classfile\systemDictionary.cpp, line 256]
Event: 81.273 Thread 0x00000219fbc304f0 Exception <a 'java/lang/ClassNotFoundException'{0x00000000ef5bf800}: org/jetbrains/kotlin/gradle/targets/js/npm/DefaultPeerNpmDependencyExtensionCustomizer> (0x00000000ef5bf800) 
thrown [s\src\hotspot\share\classfile\systemDictionary.cpp, line 256]
Event: 81.277 Thread 0x00000219fbc304f0 Exception <a 'java/lang/ClassNotFoundException'{0x00000000ef40db38}: org/jetbrains/kotlin/gradle/targets/js/npm/DefaultPeerNpmDependencyExtension$delegate$1BeanInfo> (0x00000000ef40db38) 
thrown [s\src\hotspot\share\classfile\systemDictionary.cpp, line 256]
Event: 81.277 Thread 0x00000219fbc304f0 Exception <a 'java/lang/ClassNotFoundException'{0x00000000ef419828}: org/jetbrains/kotlin/gradle/targets/js/npm/DefaultPeerNpmDependencyExtension$delegate$1Customizer> (0x00000000ef419828) 
thrown [s\src\hotspot\share\classfile\systemDictionary.cpp, line 256]
Event: 81.298 Thread 0x00000219fbc304f0 Exception <a 'java/lang/NoSuchMethodError'{0x00000000ef30a330}: static Lorg/jetbrains/kotlin/gradle/plugin/internal/DefaultIdeaSyncDetector$createIdeaPropertiesEvaluator$1;.<clinit>()V> (0x00000000ef30a330) 
thrown [s\src\hotspot\share\prims\jni.cpp, line 1112]
Event: 81.690 Thread 0x00000219fbc304f0 Exception <a 'java/lang/NoSuchMethodError'{0x00000000ee29f4e0}: static Ljava/lang/Object;.<clinit>()V> (0x00000000ee29f4e0) 
thrown [s\src\hotspot\share\prims\jni.cpp, line 1112]
Event: 81.692 Thread 0x00000219fbc304f0 Exception <a 'java/lang/NoSuchMethodError'{0x00000000ee2b0ff8}: static Lorg/jetbrains/kotlin/gradle/plugin/statistics/MetricContainer;.<clinit>()V> (0x00000000ee2b0ff8) 
thrown [s\src\hotspot\share\prims\jni.cpp, line 1112]
Event: 82.452 Thread 0x00000219fbc304f0 Implicit null exception at 0x00000219ead94c5d to 0x00000219ead94f98
Event: 82.525 Thread 0x00000219fbd27e90 Exception <a 'java/lang/NoSuchMethodError'{0x00000000ed7036f8}: static [Ljava/net/URL;.<clinit>()V> (0x00000000ed7036f8) 
thrown [s\src\hotspot\share\prims\jni.cpp, line 1112]
Event: 82.527 Thread 0x00000219fbd27e90 Exception <a 'java/lang/NoSuchMethodError'{0x00000000ed71b6c8}: static Lorg/gradle/internal/classloader/FilteringClassLoader$Spec;.<clinit>()V> (0x00000000ed71b6c8) 
thrown [s\src\hotspot\share\prims\jni.cpp, line 1112]
Event: 82.529 Thread 0x00000219fbd27e90 Exception <a 'java/lang/NoSuchMethodError'{0x00000000ed736428}: static Lorg/gradle/internal/classloader/CachingClassLoader$Spec;.<clinit>()V> (0x00000000ed736428) 
thrown [s\src\hotspot\share\prims\jni.cpp, line 1112]
Event: 83.008 Thread 0x00000219fbc304f0 Exception <a 'sun/nio/fs/WindowsException'{0x00000000ecc16648}> (0x00000000ecc16648) 
thrown [s\src\hotspot\share\prims\jni.cpp, line 516]
Event: 83.008 Thread 0x00000219fbc304f0 Exception <a 'sun/nio/fs/WindowsException'{0x00000000ecc17ca8}> (0x00000000ecc17ca8) 
thrown [s\src\hotspot\share\prims\jni.cpp, line 516]
Event: 83.009 Thread 0x00000219fbc304f0 Exception <a 'sun/nio/fs/WindowsException'{0x00000000ecc192f8}> (0x00000000ecc192f8) 
thrown [s\src\hotspot\share\prims\jni.cpp, line 516]
Event: 83.009 Thread 0x00000219fbc304f0 Exception <a 'sun/nio/fs/WindowsException'{0x00000000ecc1a920}> (0x00000000ecc1a920) 
thrown [s\src\hotspot\share\prims\jni.cpp, line 516]
Event: 84.439 Thread 0x00000219fbc304f0 Exception <a 'java/lang/ClassNotFoundException'{0x00000000edc6bb20}: build_7rnjo2eo8nb709uqg7gfki7b7BeanInfo> (0x00000000edc6bb20) 
thrown [s\src\hotspot\share\classfile\systemDictionary.cpp, line 256]
Event: 84.440 Thread 0x00000219fbc304f0 Exception <a 'java/lang/ClassNotFoundException'{0x00000000edc72c70}: build_7rnjo2eo8nb709uqg7gfki7b7Customizer> (0x00000000edc72c70) 
thrown [s\src\hotspot\share\classfile\systemDictionary.cpp, line 256]

VM Operations (20 events):
Event: 80.025 Executing VM operation: Cleanup
Event: 80.113 Executing VM operation: Cleanup done
Event: 80.288 Executing VM operation: HandshakeAllThreads
Event: 80.288 Executing VM operation: HandshakeAllThreads done
Event: 80.297 Executing VM operation: HandshakeAllThreads
Event: 80.297 Executing VM operation: HandshakeAllThreads done
Event: 80.479 Executing VM operation: HandshakeAllThreads
Event: 80.479 Executing VM operation: HandshakeAllThreads done
Event: 81.021 Executing VM operation: G1CollectForAllocation
Event: 81.031 Executing VM operation: G1CollectForAllocation done
Event: 81.250 Executing VM operation: HandshakeAllThreads
Event: 81.250 Executing VM operation: HandshakeAllThreads done
Event: 82.247 Executing VM operation: Cleanup
Event: 82.247 Executing VM operation: Cleanup done
Event: 83.032 Executing VM operation: HandshakeAllThreads
Event: 83.032 Executing VM operation: HandshakeAllThreads done
Event: 83.239 Executing VM operation: G1CollectForAllocation
Event: 83.245 Executing VM operation: G1CollectForAllocation done
Event: 85.247 Executing VM operation: Cleanup
Event: 85.247 Executing VM operation: Cleanup done

Memory protections (0 events):
No events

Nmethod flushes (20 events):
Event: 68.818 Thread 0x00000219f5ebea20 flushing  nmethod 0x00000219e2ecad90
Event: 68.819 Thread 0x00000219f5ebea20 flushing  nmethod 0x00000219e2f57890
Event: 68.820 Thread 0x00000219f5ebea20 flushing  nmethod 0x00000219e30c1a10
Event: 68.821 Thread 0x00000219f5ebea20 flushing  nmethod 0x00000219e31de710
Event: 68.827 Thread 0x00000219f5ebea20 flushing  nmethod 0x00000219e3837b90
Event: 68.828 Thread 0x00000219f5ebea20 flushing  nmethod 0x00000219e3893a90
Event: 68.828 Thread 0x00000219f5ebea20 flushing  nmethod 0x00000219e3899b10
Event: 68.829 Thread 0x00000219f5ebea20 flushing  nmethod 0x00000219e39dbf90
Event: 68.830 Thread 0x00000219f5ebea20 flushing  nmethod 0x00000219e3ad9e10
Event: 68.832 Thread 0x00000219f5ebea20 flushing osr nmethod 0x00000219e3c3b690
Event: 68.832 Thread 0x00000219f5ebea20 flushing  nmethod 0x00000219e3c88890
Event: 83.035 Thread 0x00000219f5ebea20 flushing  nmethod 0x00000219eab36a90
Event: 83.041 Thread 0x00000219f5ebea20 flushing  nmethod 0x00000219e2cf4a90
Event: 83.044 Thread 0x00000219f5ebea20 flushing  nmethod 0x00000219e2fe1890
Event: 83.052 Thread 0x00000219f5ebea20 flushing  nmethod 0x00000219e3629d10
Event: 83.053 Thread 0x00000219f5ebea20 flushing  nmethod 0x00000219e367ee90
Event: 83.053 Thread 0x00000219f5ebea20 flushing  nmethod 0x00000219e3688590
Event: 83.054 Thread 0x00000219f5ebea20 flushing  nmethod 0x00000219e37caa90
Event: 83.054 Thread 0x00000219f5ebea20 flushing  nmethod 0x00000219e37cdc90
Event: 83.057 Thread 0x00000219f5ebea20 flushing  nmethod 0x00000219e3b30a10

Events (20 events):
Event: 83.222 Thread 0x00000219fbc304f0 Thread added: 0x000002199f511ad0
Event: 83.222 Thread 0x00000219fbc304f0 Thread added: 0x000002199f511fe0
Event: 83.222 Thread 0x00000219fbc304f0 Thread added: 0x000002199f5124f0
Event: 83.225 Thread 0x00000219fbc304f0 Thread added: 0x000002199f512a00
Event: 83.226 Thread 0x00000219fbc304f0 Thread added: 0x000002199e2bd960
Event: 83.226 Thread 0x00000219fbc304f0 Thread added: 0x00000219fc3475b0
Event: 83.227 Thread 0x00000219fbc304f0 Thread added: 0x00000219fc346170
Event: 83.227 Thread 0x00000219fbc304f0 Thread added: 0x000002199c36d260
Event: 83.227 Thread 0x00000219fbc304f0 Thread added: 0x000002199c36e6a0
Event: 83.271 Thread 0x00000219fbc304f0 Thread added: 0x00000219fc763f30
Event: 83.271 Thread 0x00000219fbc304f0 Thread added: 0x00000219fc763510
Event: 83.271 Thread 0x00000219fbc304f0 Thread added: 0x00000219fc764e60
Event: 83.271 Thread 0x00000219fbc304f0 Thread added: 0x00000219971ac6d0
Event: 83.272 Thread 0x00000219fbc304f0 Thread added: 0x00000219971adb10
Event: 83.272 Thread 0x00000219fbc304f0 Thread added: 0x00000219971ae020
Event: 83.273 Thread 0x00000219fbc304f0 Thread added: 0x00000219971ac1c0
Event: 83.273 Thread 0x00000219fbc304f0 Thread added: 0x00000219971af970
Event: 83.273 Thread 0x00000219fbc304f0 Thread added: 0x00000219971af460
Event: 83.273 Thread 0x00000219fbc304f0 Thread added: 0x00000219971acbe0
Event: 83.275 Thread 0x00000219fbc304f0 Thread added: 0x00000219fbe1ef50


Dynamic libraries:
0x00007ff77d7d0000 - 0x00007ff77d7de000 	C:\Program Files\Microsoft\jdk-17.0.15.6-hotspot\bin\java.exe
0x00007ff8dc440000 - 0x00007ff8dc6a7000 	C:\WINDOWS\SYSTEM32\ntdll.dll
0x00007ff8db7d0000 - 0x00007ff8db899000 	C:\WINDOWS\System32\KERNEL32.DLL
0x00007ff8d9bd0000 - 0x00007ff8d9fc1000 	C:\WINDOWS\System32\KERNELBASE.dll
0x00007ff8d9fd0000 - 0x00007ff8da11b000 	C:\WINDOWS\System32\ucrtbase.dll
0x00007ff897430000 - 0x00007ff897447000 	C:\Program Files\Microsoft\jdk-17.0.15.6-hotspot\bin\jli.dll
0x00007ff8b9530000 - 0x00007ff8b954d000 	C:\Program Files\Microsoft\jdk-17.0.15.6-hotspot\bin\VCRUNTIME140.dll
0x00007ff8db410000 - 0x00007ff8db5d5000 	C:\WINDOWS\System32\USER32.dll
0x00007ff8b8ca0000 - 0x00007ff8b8f33000 	C:\WINDOWS\WinSxS\amd64_microsoft.windows.common-controls_6595b64144ccf1df_6.0.26100.7922_none_3e089e1ee3342171\COMCTL32.dll
0x00007ff8d9970000 - 0x00007ff8d9997000 	C:\WINDOWS\System32\win32u.dll
0x00007ff8dbed0000 - 0x00007ff8dbefb000 	C:\WINDOWS\System32\GDI32.dll
0x00007ff8da2b0000 - 0x00007ff8da359000 	C:\WINDOWS\System32\msvcrt.dll
0x00007ff8d97b0000 - 0x00007ff8d98da000 	C:\WINDOWS\System32\gdi32full.dll
0x00007ff8d9b20000 - 0x00007ff8d9bc3000 	C:\WINDOWS\System32\msvcp_win.dll
0x00007ff8da360000 - 0x00007ff8da391000 	C:\WINDOWS\System32\IMM32.DLL
0x00007ff899b90000 - 0x00007ff899b9c000 	C:\Program Files\Microsoft\jdk-17.0.15.6-hotspot\bin\vcruntime140_1.dll
0x00007ff83d120000 - 0x00007ff83d1ad000 	C:\Program Files\Microsoft\jdk-17.0.15.6-hotspot\bin\msvcp140.dll
0x00007ff834070000 - 0x00007ff834ce2000 	C:\Program Files\Microsoft\jdk-17.0.15.6-hotspot\bin\server\jvm.dll
0x00007ff8db220000 - 0x00007ff8db2db000 	C:\WINDOWS\System32\ADVAPI32.dll
0x00007ff8da9f0000 - 0x00007ff8daa97000 	C:\WINDOWS\System32\sechost.dll
0x00007ff8db2e0000 - 0x00007ff8db3f8000 	C:\WINDOWS\System32\RPCRT4.dll
0x00007ff8db740000 - 0x00007ff8db7b4000 	C:\WINDOWS\System32\WS2_32.dll
0x00007ff8d8b80000 - 0x00007ff8d8bde000 	C:\WINDOWS\SYSTEM32\POWRPROF.dll
0x00007ff8c6ef0000 - 0x00007ff8c6efb000 	C:\WINDOWS\SYSTEM32\VERSION.dll
0x00007ff8d0b20000 - 0x00007ff8d0b55000 	C:\WINDOWS\SYSTEM32\WINMM.dll
0x00007ff8d8b60000 - 0x00007ff8d8b74000 	C:\WINDOWS\SYSTEM32\UMPDC.dll
0x00007ff8d7ab0000 - 0x00007ff8d7acb000 	C:\WINDOWS\SYSTEM32\kernel.appcore.dll
0x00007ff897890000 - 0x00007ff89789a000 	C:\Program Files\Microsoft\jdk-17.0.15.6-hotspot\bin\jimage.dll
0x00007ff8d6bc0000 - 0x00007ff8d6e02000 	C:\WINDOWS\SYSTEM32\DBGHELP.DLL
0x00007ff8dbf70000 - 0x00007ff8dc2f2000 	C:\WINDOWS\System32\combase.dll
0x00007ff8dbb90000 - 0x00007ff8dbc67000 	C:\WINDOWS\System32\OLEAUT32.dll
0x00007ff8b6050000 - 0x00007ff8b608b000 	C:\WINDOWS\SYSTEM32\dbgcore.DLL
0x00007ff8d9700000 - 0x00007ff8d97a5000 	C:\WINDOWS\System32\bcryptPrimitives.dll
0x00007ff88e7d0000 - 0x00007ff88e7de000 	C:\Program Files\Microsoft\jdk-17.0.15.6-hotspot\bin\instrument.dll
0x00007ff897400000 - 0x00007ff897425000 	C:\Program Files\Microsoft\jdk-17.0.15.6-hotspot\bin\java.dll
0x00007ff83d040000 - 0x00007ff83d116000 	C:\Program Files\Microsoft\jdk-17.0.15.6-hotspot\bin\jsvml.dll
0x00007ff8daab0000 - 0x00007ff8db20f000 	C:\WINDOWS\System32\SHELL32.dll
0x00007ff8d8d20000 - 0x00007ff8d8e8a000 	C:\WINDOWS\System32\wintypes.dll
0x00007ff8d8e90000 - 0x00007ff8d96f4000 	C:\WINDOWS\System32\windows.storage.dll
0x00007ff8dbdd0000 - 0x00007ff8dbec7000 	C:\WINDOWS\System32\SHCORE.dll
0x00007ff8dbf00000 - 0x00007ff8dbf67000 	C:\WINDOWS\System32\shlwapi.dll
0x00007ff8d8c40000 - 0x00007ff8d8c69000 	C:\WINDOWS\SYSTEM32\profapi.dll
0x00007ff8838b0000 - 0x00007ff8838c8000 	C:\Program Files\Microsoft\jdk-17.0.15.6-hotspot\bin\zip.dll
0x00007ff88a720000 - 0x00007ff88a73a000 	C:\Program Files\Microsoft\jdk-17.0.15.6-hotspot\bin\net.dll
0x00007ff8cda60000 - 0x00007ff8cdb87000 	C:\WINDOWS\SYSTEM32\WINHTTP.dll
0x00007ff8d8020000 - 0x00007ff8d808b000 	C:\WINDOWS\system32\mswsock.dll
0x00007ff88a700000 - 0x00007ff88a716000 	C:\Program Files\Microsoft\jdk-17.0.15.6-hotspot\bin\nio.dll
0x00007ff8976e0000 - 0x00007ff8976f0000 	C:\Program Files\Microsoft\jdk-17.0.15.6-hotspot\bin\verify.dll
0x00007ff886160000 - 0x00007ff886187000 	C:\Users\HP\.gradle\native\c067742578af261105cb4f569cf0c3c89f3d7b1fecec35dd04571415982c5e48\windows-amd64\native-platform.dll
0x00007ff8796e0000 - 0x00007ff879824000 	C:\Users\HP\.gradle\native\100fb08df4bc3b14c8652ba06237920a3bd2aa13389f12d3474272988ae205f9\windows-amd64\native-platform-file-events.dll
0x00007ff894870000 - 0x00007ff89487a000 	C:\Program Files\Microsoft\jdk-17.0.15.6-hotspot\bin\management.dll
0x00007ff893630000 - 0x00007ff89363b000 	C:\Program Files\Microsoft\jdk-17.0.15.6-hotspot\bin\management_ext.dll
0x00007ff8db7c0000 - 0x00007ff8db7c8000 	C:\WINDOWS\System32\PSAPI.DLL
0x00007ff8d8300000 - 0x00007ff8d831b000 	C:\WINDOWS\SYSTEM32\CRYPTSP.dll
0x00007ff8d7a10000 - 0x00007ff8d7a49000 	C:\WINDOWS\system32\rsaenh.dll
0x00007ff8d80d0000 - 0x00007ff8d8102000 	C:\WINDOWS\SYSTEM32\USERENV.dll
0x00007ff8d8c10000 - 0x00007ff8d8c3a000 	C:\WINDOWS\SYSTEM32\bcrypt.dll
0x00007ff8d8320000 - 0x00007ff8d832c000 	C:\WINDOWS\SYSTEM32\CRYPTBASE.dll
0x00007ff8d7470000 - 0x00007ff8d74a3000 	C:\WINDOWS\SYSTEM32\IPHLPAPI.DLL
0x00007ff8daaa0000 - 0x00007ff8daaaa000 	C:\WINDOWS\System32\NSI.dll
0x00007ff8d0ef0000 - 0x00007ff8d0f0d000 	C:\WINDOWS\SYSTEM32\dhcpcsvc6.DLL
0x00007ff8cfb00000 - 0x00007ff8cfb23000 	C:\WINDOWS\SYSTEM32\dhcpcsvc.DLL
0x00007ff8d7500000 - 0x00007ff8d762a000 	C:\WINDOWS\SYSTEM32\DNSAPI.dll
0x00007ff893090000 - 0x00007ff893099000 	C:\Program Files\Microsoft\jdk-17.0.15.6-hotspot\bin\extnet.dll
0x00007ff88de20000 - 0x00007ff88de2e000 	C:\Program Files\Microsoft\jdk-17.0.15.6-hotspot\bin\sunmscapi.dll
0x00007ff8d99a0000 - 0x00007ff8d9b17000 	C:\WINDOWS\System32\CRYPT32.dll
0x00007ff8d8520000 - 0x00007ff8d8550000 	C:\WINDOWS\SYSTEM32\ncrypt.dll
0x00007ff8d84d0000 - 0x00007ff8d850f000 	C:\WINDOWS\SYSTEM32\NTASN1.dll
0x00007ff8c4030000 - 0x00007ff8c4038000 	C:\WINDOWS\system32\wshunix.dll

dbghelp: loaded successfully - version: 4.0.5 - missing functions: none
symbol engine: initialized successfully - sym options: 0x614 - pdb path: .;C:\Program Files\Microsoft\jdk-17.0.15.6-hotspot\bin;C:\WINDOWS\SYSTEM32;C:\WINDOWS\WinSxS\amd64_microsoft.windows.common-controls_6595b64144ccf1df_6.0.26100.7922_none_3e089e1ee3342171;C:\Program Files\Microsoft\jdk-17.0.15.6-hotspot\bin\server;C:\Users\HP\.gradle\native\c067742578af261105cb4f569cf0c3c89f3d7b1fecec35dd04571415982c5e48\windows-amd64;C:\Users\HP\.gradle\native\100fb08df4bc3b14c8652ba06237920a3bd2aa13389f12d3474272988ae205f9\windows-amd64

VM Arguments:
jvm_args: --add-opens=java.base/java.util=ALL-UNNAMED --add-opens=java.base/java.lang=ALL-UNNAMED --add-opens=java.base/java.lang.invoke=ALL-UNNAMED --add-opens=java.prefs/java.util.prefs=ALL-UNNAMED --add-exports=jdk.compiler/com.sun.tools.javac.api=ALL-UNNAMED --add-exports=jdk.compiler/com.sun.tools.javac.util=ALL-UNNAMED --add-opens=java.base/java.nio.charset=ALL-UNNAMED --add-opens=java.base/java.net=ALL-UNNAMED --add-opens=java.base/java.util.concurrent.atomic=ALL-UNNAMED -XX:MaxMetaspaceSize=384m -XX:+HeapDumpOnOutOfMemoryError -Xms256m -Xmx512m -Dfile.encoding=utf8 -Duser.country=IN -Duser.language=en -Duser.variant -javaagent:C:\Users\HP\.gradle\wrapper\dists\gradle-8.9-bin\90cnw93cvbtalezasaz0blq0a\gradle-8.9\lib\agents\gradle-instrumentation-agent-8.9.jar 
java_command: org.gradle.launcher.daemon.bootstrap.GradleDaemon 8.9
java_class_path (initial): C:\Users\HP\.gradle\wrapper\dists\gradle-8.9-bin\90cnw93cvbtalezasaz0blq0a\gradle-8.9\lib\gradle-daemon-main-8.9.jar
Launcher Type: SUN_STANDARD

[Global flags]
     intx CICompilerCount                          = 4                                         {product} {ergonomic}
   size_t CompressedClassSpaceSize                 = 335544320                                 {product} {ergonomic}
     uint ConcGCThreads                            = 3                                         {product} {ergonomic}
     uint G1ConcRefinementThreads                  = 10                                        {product} {ergonomic}
   size_t G1HeapRegionSize                         = 1048576                                   {product} {ergonomic}
    uintx GCDrainStackTargetSize                   = 64                                        {product} {ergonomic}
     bool HeapDumpOnOutOfMemoryError               = true                                   {manageable} {command line}
   size_t InitialHeapSize                          = 268435456                                 {product} {command line}
   size_t MarkStackSize                            = 4194304                                   {product} {ergonomic}
   size_t MaxHeapSize                              = 536870912                                 {product} {command line}
   size_t MaxMetaspaceSize                         = 402653184                                 {product} {command line}
   size_t MaxNewSize                               = 321912832                                 {product} {ergonomic}
   size_t MinHeapDeltaBytes                        = 1048576                                   {product} {ergonomic}
   size_t MinHeapSize                              = 268435456                                 {product} {command line}
    uintx NonNMethodCodeHeapSize                   = 5839372                                {pd product} {ergonomic}
    uintx NonProfiledCodeHeapSize                  = 122909434                              {pd product} {ergonomic}
    uintx ProfiledCodeHeapSize                     = 122909434                              {pd product} {ergonomic}
    uintx ReservedCodeCacheSize                    = 251658240                              {pd product} {ergonomic}
     bool SegmentedCodeCache                       = true                                      {product} {ergonomic}
   size_t SoftMaxHeapSize                          = 536870912                              {manageable} {ergonomic}
     bool UseCompressedClassPointers               = true                           {product lp64_product} {ergonomic}
     bool UseCompressedOops                        = true                           {product lp64_product} {ergonomic}
     bool UseG1GC                                  = true                                      {product} {ergonomic}
     bool UseLargePagesIndividualAllocation        = false                                  {pd product} {ergonomic}

Logging:
Log output configuration:
 #0: stdout all=warning uptime,level,tags
 #1: stderr all=off uptime,level,tags

Environment Variables:
JAVA_HOME=C:\Program Files\Microsoft\jdk-17.0.15.6-hotspot
PATH=C:\Users\HP\AppData\Local\Programs\Microsoft VS Code;C:\Program Files\Microsoft\jdk-17.0.15.6-hotspot\bin;C:\WINDOWS\system32;C:\WINDOWS;C:\WINDOWS\System32\Wbem;C:\WINDOWS\System32\WindowsPowerShell\v1.0\;C:\WINDOWS\System32\OpenSSH\;C:\Program Files\Git\cmd;C:\Program Files\dotnet\;C:\ProgramData\chocolatey\bin;C:\Users\HP\AppData\Local\Android\Sdk\platform-tools;C:\Users\HP\AppData\Local\Android\Sdk;C:\Users\HP\AppData\Local\Android\Sdk\emulator;;C:\Program Files\Docker\Docker\resources\bin;C:\Program Files\PuTTY\;C:\Program Files\nodejs\;C:\Program Files\MySQL\MySQL Shell 8.0\bin\;C:\Users\HP\AppData\Local\Microsoft\WindowsApps;C:\Users\HP\AppData\Local\Programs\Microsoft VS Code\bin;C:\Users\HP\AppData\Local\Android\Sdk\platform-tools;C:\Users\HP\AppData\Local\Android\Sdk;C:\Users\HP\AppData\Local\Android\Sdk\emulator;C:\Users\HP\AppData\Roaming\npm
USERNAME=HP
OS=Windows_NT
PROCESSOR_IDENTIFIER=Intel64 Family 6 Model 154 Stepping 4, GenuineIntel
TMP=C:\Users\HP\AppData\Local\Temp
TEMP=C:\Users\HP\AppData\Local\Temp



Periodic native trim disabled


---------------  S Y S T E M  ---------------

OS:
 Windows 11 , 64 bit Build 26100 (10.0.26100.7920)
OS uptime: 13 days 22:22 hours
Hyper-V role detected

CPU: total 12 (initial active 12) (6 cores per cpu, 2 threads per core) family 6 model 154 stepping 4 microcode 0x432, cx8, cmov, fxsr, ht, mmx, 3dnowpref, sse, sse2, sse3, ssse3, sse4.1, sse4.2, popcnt, lzcnt, tsc, tscinvbit, avx, avx2, aes, erms, clmul, bmi1, bmi2, adx, sha, fma, vzeroupper, clflush, clflushopt, clwb, hv
Processor Information for processor 0
  Max Mhz: 1300, Current Mhz: 1300, Mhz Limit: 1300
Processor Information for processor 1
  Max Mhz: 1300, Current Mhz: 1300, Mhz Limit: 1300
Processor Information for processor 2
  Max Mhz: 1300, Current Mhz: 1300, Mhz Limit: 1300
Processor Information for processor 3
  Max Mhz: 1300, Current Mhz: 1300, Mhz Limit: 1300
Processor Information for processor 4
  Max Mhz: 1300, Current Mhz: 900, Mhz Limit: 897
Processor Information for processor 5
  Max Mhz: 1300, Current Mhz: 900, Mhz Limit: 897
Processor Information for processor 6
  Max Mhz: 1300, Current Mhz: 900, Mhz Limit: 897
Processor Information for processor 7
  Max Mhz: 1300, Current Mhz: 900, Mhz Limit: 897
Processor Information for processor 8
  Max Mhz: 1300, Current Mhz: 900, Mhz Limit: 897
Processor Information for processor 9
  Max Mhz: 1300, Current Mhz: 900, Mhz Limit: 897
Processor Information for processor 10
  Max Mhz: 1300, Current Mhz: 900, Mhz Limit: 897
Processor Information for processor 11
  Max Mhz: 1300, Current Mhz: 900, Mhz Limit: 897

Memory: 4k page, system-wide physical 7835M (787M free)
TotalPageFile size 31387M (AvailPageFile size 14M)
current process WorkingSet (physical memory assigned to process): 401M, peak: 503M
current process commit charge ("private bytes"): 713M, peak: 715M

vm_info: OpenJDK 64-Bit Server VM (17.0.15+6-LTS) for windows-amd64 JRE (17.0.15+6-LTS), built on Apr  9 2025 22:27:25 by "MicrosoftCorporation" with unknown MS VC++:1939

END.
