#
# There is insufficient memory for the Java Runtime Environment to continue.
# Native memory allocation (malloc) failed to allocate 2088256 bytes. Error detail: Chunk::new
# Possible reasons:
#   The system is out of physical RAM or swap space
#   This process is running with CompressedOops enabled, and the Java Heap may be blocking the growth of the native heap
# Possible solutions:
#   Reduce memory load on the system
#   Increase physical memory or swap space
#   Check if swap backing store is full
#   Decrease Java heap size (-Xmx/-Xms)
#   Decrease number of Java threads
#   Decrease Java thread stack sizes (-Xss)
#   Set larger code cache with -XX:ReservedCodeCacheSize=
#   JVM is running with Unscaled Compressed Oops mode in which the Java heap is
#     placed in the first 4GB address space. The Java Heap base address is the
#     maximum limit for the native heap growth. Please use -XX:HeapBaseMinAddress
#     to set the Java Heap base and to place the Java Heap above 4GB virtual address.
# This output file may be truncated or incomplete.
#
#  Out of Memory Error (arena.cpp:191), pid=28108, tid=12396
#
# JRE version: OpenJDK Runtime Environment Microsoft-11369865 (17.0.15+6) (build 17.0.15+6-LTS)
# Java VM: OpenJDK 64-Bit Server VM Microsoft-11369865 (17.0.15+6-LTS, mixed mode, sharing, tiered, compressed oops, compressed class ptrs, g1 gc, windows-amd64)
# No core dump will be written. Minidumps are not enabled by default on client versions of Windows
#

---------------  S U M M A R Y ------------

Command Line: --add-opens=java.base/java.util=ALL-UNNAMED --add-opens=java.base/java.lang=ALL-UNNAMED --add-opens=java.base/java.lang.invoke=ALL-UNNAMED --add-opens=java.prefs/java.util.prefs=ALL-UNNAMED --add-exports=jdk.compiler/com.sun.tools.javac.api=ALL-UNNAMED --add-exports=jdk.compiler/com.sun.tools.javac.util=ALL-UNNAMED --add-opens=java.base/java.nio.charset=ALL-UNNAMED --add-opens=java.base/java.net=ALL-UNNAMED --add-opens=java.base/java.util.concurrent.atomic=ALL-UNNAMED -XX:MaxMetaspaceSize=384m -XX:+HeapDumpOnOutOfMemoryError -Xms256m -Xmx512m -Dfile.encoding=utf8 -Duser.country=IN -Duser.language=en -Duser.variant -javaagent:C:\Users\HP\.gradle\wrapper\dists\gradle-8.9-bin\90cnw93cvbtalezasaz0blq0a\gradle-8.9\lib\agents\gradle-instrumentation-agent-8.9.jar org.gradle.launcher.daemon.bootstrap.GradleDaemon 8.9

Host: 12th Gen Intel(R) Core(TM) i5-1235U, 12 cores, 7G,  Windows 11 , 64 bit Build 26100 (10.0.26100.7920)
Time: Thu Mar 26 11:02:32 2026 India Standard Time elapsed time: 22.152699 seconds (0d 0h 0m 22s)

---------------  T H R E A D  ---------------

Current thread (0x000001a8fc1a7f30):  JavaThread "C2 CompilerThread1" daemon [_thread_in_native, id=12396, stack(0x0000008449600000,0x0000008449700000)]


Current CompileTask:
C2:  22152 8968       4       org.objectweb.asm.Frame::execute (2303 bytes)

Stack: [0x0000008449600000,0x0000008449700000]
Native frames: (J=compiled Java code, j=interpreted, Vv=VM code, C=native code)
V  [jvm.dll+0x6887a9]
V  [jvm.dll+0x83f5a8]
V  [jvm.dll+0x841053]
V  [jvm.dll+0x8416c3]
V  [jvm.dll+0x2496ef]
V  [jvm.dll+0xad134]
V  [jvm.dll+0xad7cc]
V  [jvm.dll+0x36af2e]
V  [jvm.dll+0x335513]
V  [jvm.dll+0x3349aa]
V  [jvm.dll+0x21a908]
V  [jvm.dll+0x219d3f]
V  [jvm.dll+0x1a55f6]
V  [jvm.dll+0x22a39a]
V  [jvm.dll+0x2284db]
V  [jvm.dll+0x7f4e28]
V  [jvm.dll+0x7ef2dc]
V  [jvm.dll+0x687687]
C  [ucrtbase.dll+0x37b0]
C  [KERNEL32.DLL+0x2e8d7]
C  [ntdll.dll+0x8c48c]


---------------  P R O C E S S  ---------------

Threads class SMR info:
_java_thread_list=0x000001a89b91d670, length=80, elements={
0x000001a8e112c680, 0x000001a8fc12fcb0, 0x000001a8fc130780, 0x000001a8fc146740,
0x000001a8fc149020, 0x000001a8fc1498f0, 0x000001a8fc14a1c0, 0x000001a8fc14cdd0,
0x000001a8fc14e3a0, 0x000001a8fc14ecb0, 0x000001a8fc11e870, 0x000001a8fc311370,
0x000001a8fde14970, 0x000001a8fded4d20, 0x000001a8fdf2a5e0, 0x000001a8fdfd1fa0,
0x000001a8fdfd4310, 0x000001a8fdfd2ed0, 0x000001a8fdfd38f0, 0x000001a8fdfd3e00,
0x000001a8fe3b5e20, 0x000001a8fe3b49e0, 0x000001a8fe3b3090, 0x000001a8fe3b35a0,
0x000001a8fe3b6d50, 0x000001a8fe3b3ab0, 0x000001a8fe3b86a0, 0x000001a8fe3b7c80,
0x000001a8fe3b8190, 0x000001a8fe3b9ae0, 0x000001a8fe3b95d0, 0x000001a89b097c30,
0x000001a89b0967f0, 0x000001a89b099a90, 0x000001a89b097720, 0x000001a89919e7b0,
0x000001a89919c440, 0x000001a89919ce60, 0x000001a89919ba20, 0x000001a89919c950,
0x000001a89919bf30, 0x000001a89919ecc0, 0x000001a89919b510, 0x000001a89919f1d0,
0x000001a89919f6e0, 0x000001a8991a0610, 0x000001a89919fbf0, 0x000001a8991a0100,
0x000001a89919d880, 0x000001a8991a0b20, 0x000001a89919d370, 0x000001a8991a1030,
0x000001a8991a1540, 0x000001a89919dd90, 0x000001a8991a1a50, 0x000001a8991a1f60,
0x000001a8991a2470, 0x000001a8991a2980, 0x000001a8991a2e90, 0x000001a89b098650,
0x000001a89b096d00, 0x000001a89b098b60, 0x000001a89b099070, 0x000001a89b099580,
0x000001a89b097210, 0x000001a8fe3b6330, 0x000001a8fe3b7260, 0x000001a8fe3b3fc0,
0x000001a8fdfd24b0, 0x000001a8fdfd1070, 0x000001a8fdfd29c0, 0x000001a8fdfd33e0,
0x000001a8fdfd4820, 0x000001a8994edd70, 0x000001a8994ee790, 0x000001a8994ee280,
0x000001a8994ebf10, 0x000001a8994ed860, 0x000001a8994ec420, 0x000001a8fc1a7f30
}

Java Threads: ( => current thread )
  0x000001a8e112c680 JavaThread "main" [_thread_blocked, id=13988, stack(0x0000008445e00000,0x0000008445f00000)]
  0x000001a8fc12fcb0 JavaThread "Reference Handler" daemon [_thread_blocked, id=9932, stack(0x0000008446500000,0x0000008446600000)]
  0x000001a8fc130780 JavaThread "Finalizer" daemon [_thread_blocked, id=27820, stack(0x0000008446600000,0x0000008446700000)]
  0x000001a8fc146740 JavaThread "Signal Dispatcher" daemon [_thread_blocked, id=24900, stack(0x0000008446700000,0x0000008446800000)]
  0x000001a8fc149020 JavaThread "Attach Listener" daemon [_thread_blocked, id=25604, stack(0x0000008446800000,0x0000008446900000)]
  0x000001a8fc1498f0 JavaThread "Service Thread" daemon [_thread_blocked, id=3432, stack(0x0000008446900000,0x0000008446a00000)]
  0x000001a8fc14a1c0 JavaThread "Monitor Deflation Thread" daemon [_thread_blocked, id=30584, stack(0x0000008446a00000,0x0000008446b00000)]
  0x000001a8fc14cdd0 JavaThread "C2 CompilerThread0" daemon [_thread_in_native, id=27176, stack(0x0000008446b00000,0x0000008446c00000)]
  0x000001a8fc14e3a0 JavaThread "C1 CompilerThread0" daemon [_thread_blocked, id=22304, stack(0x0000008446c00000,0x0000008446d00000)]
  0x000001a8fc14ecb0 JavaThread "Sweeper thread" daemon [_thread_blocked, id=24328, stack(0x0000008446d00000,0x0000008446e00000)]
  0x000001a8fc11e870 JavaThread "Common-Cleaner" daemon [_thread_blocked, id=21412, stack(0x0000008446e00000,0x0000008446f00000)]
  0x000001a8fc311370 JavaThread "Notification Thread" daemon [_thread_blocked, id=27548, stack(0x0000008446f00000,0x0000008447000000)]
  0x000001a8fde14970 JavaThread "Daemon health stats" [_thread_blocked, id=12372, stack(0x0000008447200000,0x0000008447300000)]
  0x000001a8fded4d20 JavaThread "Incoming local TCP Connector on port 62042" [_thread_in_native, id=10500, stack(0x0000008447100000,0x0000008447200000)]
  0x000001a8fdf2a5e0 JavaThread "Daemon periodic checks" [_thread_blocked, id=10552, stack(0x0000008447800000,0x0000008447900000)]
  0x000001a8fdfd1fa0 JavaThread "Daemon" [_thread_blocked, id=14008, stack(0x0000008447900000,0x0000008447a00000)]
  0x000001a8fdfd4310 JavaThread "Daemon worker" [_thread_in_Java, id=16804, stack(0x0000008447c00000,0x0000008447d00000)]
  0x000001a8fdfd2ed0 JavaThread "Cache worker for journal cache (C:\Users\HP\.gradle\caches\journal-1)" [_thread_blocked, id=26732, stack(0x0000008448000000,0x0000008448100000)]
  0x000001a8fdfd38f0 JavaThread "File lock request listener" [_thread_in_native, id=10560, stack(0x0000008448100000,0x0000008448200000)]
  0x000001a8fdfd3e00 JavaThread "Cache worker for file hash cache (C:\Users\HP\.gradle\caches\8.9\fileHashes)" [_thread_blocked, id=23236, stack(0x0000008448200000,0x0000008448300000)]
  0x000001a8fe3b5e20 JavaThread "File watcher server" daemon [_thread_in_native, id=13144, stack(0x0000008448d00000,0x0000008448e00000)]
  0x000001a8fe3b49e0 JavaThread "File watcher consumer" daemon [_thread_blocked, id=9152, stack(0x0000008448e00000,0x0000008448f00000)]
  0x000001a8fe3b3090 JavaThread "jar transforms" [_thread_blocked, id=13192, stack(0x0000008448400000,0x0000008448500000)]
  0x000001a8fe3b35a0 JavaThread "jar transforms Thread 2" [_thread_blocked, id=26356, stack(0x0000008448f00000,0x0000008449000000)]
  0x000001a8fe3b6d50 JavaThread "jar transforms Thread 3" [_thread_blocked, id=30216, stack(0x0000008449000000,0x0000008449100000)]
  0x000001a8fe3b3ab0 JavaThread "Cache worker for file content cache (C:\Users\HP\.gradle\caches\8.9\fileContent)" [_thread_blocked, id=6960, stack(0x0000008449300000,0x0000008449400000)]
  0x000001a8fe3b86a0 JavaThread "jar transforms Thread 4" [_thread_blocked, id=17164, stack(0x0000008448300000,0x0000008448400000)]
  0x000001a8fe3b7c80 JavaThread "jar transforms Thread 5" [_thread_blocked, id=26748, stack(0x0000008449100000,0x0000008449200000)]
  0x000001a8fe3b8190 JavaThread "jar transforms Thread 6" [_thread_blocked, id=14904, stack(0x0000008449f00000,0x000000844a000000)]
  0x000001a8fe3b9ae0 JavaThread "jar transforms Thread 7" [_thread_blocked, id=7288, stack(0x000000844a000000,0x000000844a100000)]
  0x000001a8fe3b95d0 JavaThread "jar transforms Thread 8" [_thread_blocked, id=22448, stack(0x000000844a100000,0x000000844a200000)]
  0x000001a89b097c30 JavaThread "jar transforms Thread 9" [_thread_blocked, id=16072, stack(0x000000844a200000,0x000000844a300000)]
  0x000001a89b0967f0 JavaThread "jar transforms Thread 10" [_thread_blocked, id=25568, stack(0x000000844a300000,0x000000844a400000)]
  0x000001a89b099a90 JavaThread "jar transforms Thread 11" [_thread_blocked, id=9184, stack(0x000000844a400000,0x000000844a500000)]
  0x000001a89b097720 JavaThread "jar transforms Thread 12" [_thread_blocked, id=5928, stack(0x000000844a500000,0x000000844a600000)]
  0x000001a89919e7b0 JavaThread "VFS cleanup" [_thread_blocked, id=11244, stack(0x0000008447d00000,0x0000008447e00000)]
  0x000001a89919c440 JavaThread "Handler for socket connection from /127.0.0.1:62042 to /127.0.0.1:58300" [_thread_in_native, id=14236, stack(0x0000008447a00000,0x0000008447b00000)]
  0x000001a89919ce60 JavaThread "Cancel handler" [_thread_blocked, id=24116, stack(0x0000008447b00000,0x0000008447c00000)]
  0x000001a89919ba20 JavaThread "Asynchronous log dispatcher for DefaultDaemonConnection: socket connection from /127.0.0.1:62042 to /127.0.0.1:58300" [_thread_blocked, id=6812, stack(0x0000008447e00000,0x0000008447f00000)]
  0x000001a89919c950 JavaThread "Stdin handler" [_thread_blocked, id=20624, stack(0x0000008447f00000,0x0000008448000000)]
  0x000001a89919bf30 JavaThread "Daemon client event forwarder" [_thread_blocked, id=26644, stack(0x0000008448500000,0x0000008448600000)]
  0x000001a89919ecc0 JavaThread "Cache worker for file hash cache (D:\Parkitdemo\Updated-Sundukpay\node_modules\react-native-webview\android\.gradle\8.9\fileHashes)" [_thread_blocked, id=27212, stack(0x0000008448600000,0x0000008448700000)]
  0x000001a89919b510 JavaThread "Cache worker for Build Output Cleanup Cache (D:\Parkitdemo\Updated-Sundukpay\node_modules\react-native-webview\android\.gradle\buildOutputCleanup)" [_thread_blocked, id=27204, stack(0x0000008449200000,0x0000008449300000)]
  0x000001a89919f1d0 JavaThread "Cache worker for checksums cache (D:\Parkitdemo\Updated-Sundukpay\node_modules\react-native-webview\android\.gradle\8.9\checksums)" [_thread_blocked, id=11712, stack(0x0000008449400000,0x0000008449500000)]
  0x000001a89919f6e0 JavaThread "Cache worker for cache directory md-rule (C:\Users\HP\.gradle\caches\8.9\md-rule)" [_thread_blocked, id=19412, stack(0x0000008449500000,0x0000008449600000)]
  0x000001a8991a0610 JavaThread "Cache worker for cache directory md-supplier (C:\Users\HP\.gradle\caches\8.9\md-supplier)" [_thread_blocked, id=5228, stack(0x0000008449700000,0x0000008449800000)]
  0x000001a89919fbf0 JavaThread "Unconstrained build operations" [_thread_blocked, id=28556, stack(0x000000844a600000,0x000000844a700000)]
  0x000001a8991a0100 JavaThread "Unconstrained build operations Thread 2" [_thread_blocked, id=15592, stack(0x000000844a700000,0x000000844a800000)]
  0x000001a89919d880 JavaThread "Unconstrained build operations Thread 3" [_thread_blocked, id=31352, stack(0x000000844a800000,0x000000844a900000)]
  0x000001a8991a0b20 JavaThread "Unconstrained build operations Thread 4" [_thread_blocked, id=29044, stack(0x000000844a900000,0x000000844aa00000)]
  0x000001a89919d370 JavaThread "Unconstrained build operations Thread 5" [_thread_blocked, id=29784, stack(0x000000844aa00000,0x000000844ab00000)]
  0x000001a8991a1030 JavaThread "Unconstrained build operations Thread 6" [_thread_blocked, id=11204, stack(0x000000844ab00000,0x000000844ac00000)]
  0x000001a8991a1540 JavaThread "Unconstrained build operations Thread 7" [_thread_blocked, id=29120, stack(0x000000844ac00000,0x000000844ad00000)]
  0x000001a89919dd90 JavaThread "Unconstrained build operations Thread 8" [_thread_blocked, id=23300, stack(0x000000844ad00000,0x000000844ae00000)]
  0x000001a8991a1a50 JavaThread "Unconstrained build operations Thread 9" [_thread_blocked, id=26352, stack(0x000000844ae00000,0x000000844af00000)]
  0x000001a8991a1f60 JavaThread "Unconstrained build operations Thread 10" [_thread_blocked, id=25176, stack(0x000000844af00000,0x000000844b000000)]
  0x000001a8991a2470 JavaThread "Unconstrained build operations Thread 11" [_thread_blocked, id=9412, stack(0x000000844b000000,0x000000844b100000)]
  0x000001a8991a2980 JavaThread "Unconstrained build operations Thread 12" [_thread_blocked, id=16380, stack(0x000000844b100000,0x000000844b200000)]
  0x000001a8991a2e90 JavaThread "Unconstrained build operations Thread 13" [_thread_blocked, id=24820, stack(0x000000844b200000,0x000000844b300000)]
  0x000001a89b098650 JavaThread "Unconstrained build operations Thread 14" [_thread_blocked, id=13128, stack(0x000000844b300000,0x000000844b400000)]
  0x000001a89b096d00 JavaThread "Unconstrained build operations Thread 15" [_thread_blocked, id=18108, stack(0x000000844b400000,0x000000844b500000)]
  0x000001a89b098b60 JavaThread "Unconstrained build operations Thread 16" [_thread_blocked, id=25404, stack(0x000000844b500000,0x000000844b600000)]
  0x000001a89b099070 JavaThread "Unconstrained build operations Thread 17" [_thread_blocked, id=10800, stack(0x000000844b600000,0x000000844b700000)]
  0x000001a89b099580 JavaThread "Unconstrained build operations Thread 18" [_thread_blocked, id=22748, stack(0x000000844b800000,0x000000844b900000)]
  0x000001a89b097210 JavaThread "Unconstrained build operations Thread 19" [_thread_blocked, id=2392, stack(0x000000844b900000,0x000000844ba00000)]
  0x000001a8fe3b6330 JavaThread "Unconstrained build operations Thread 20" [_thread_blocked, id=22092, stack(0x000000844ba00000,0x000000844bb00000)]
  0x000001a8fe3b7260 JavaThread "Unconstrained build operations Thread 21" [_thread_blocked, id=9552, stack(0x000000844bb00000,0x000000844bc00000)]
  0x000001a8fe3b3fc0 JavaThread "Unconstrained build operations Thread 22" [_thread_blocked, id=7900, stack(0x000000844bc00000,0x000000844bd00000)]
  0x000001a8fdfd24b0 JavaThread "Unconstrained build operations Thread 23" [_thread_blocked, id=24268, stack(0x000000844bd00000,0x000000844be00000)]
  0x000001a8fdfd1070 JavaThread "Unconstrained build operations Thread 24" [_thread_blocked, id=23908, stack(0x000000844be00000,0x000000844bf00000)]
  0x000001a8fdfd29c0 JavaThread "Unconstrained build operations Thread 25" [_thread_blocked, id=11136, stack(0x000000844bf00000,0x000000844c000000)]
  0x000001a8fdfd33e0 JavaThread "Unconstrained build operations Thread 26" [_thread_blocked, id=28684, stack(0x000000844c000000,0x000000844c100000)]
  0x000001a8fdfd4820 JavaThread "Unconstrained build operations Thread 27" [_thread_blocked, id=3512, stack(0x000000844c100000,0x000000844c200000)]
  0x000001a8994edd70 JavaThread "Unconstrained build operations Thread 28" [_thread_blocked, id=3988, stack(0x000000844c200000,0x000000844c300000)]
  0x000001a8994ee790 JavaThread "Unconstrained build operations Thread 29" [_thread_blocked, id=5060, stack(0x000000844c300000,0x000000844c400000)]
  0x000001a8994ee280 JavaThread "Unconstrained build operations Thread 30" [_thread_blocked, id=12892, stack(0x000000844c400000,0x000000844c500000)]
  0x000001a8994ebf10 JavaThread "Unconstrained build operations Thread 31" [_thread_blocked, id=14624, stack(0x000000844c500000,0x000000844c600000)]
  0x000001a8994ed860 JavaThread "Unconstrained build operations Thread 32" [_thread_blocked, id=20120, stack(0x000000844c600000,0x000000844c700000)]
  0x000001a8994ec420 JavaThread "Unconstrained build operations Thread 33" [_thread_blocked, id=14820, stack(0x000000844c700000,0x000000844c800000)]
=>0x000001a8fc1a7f30 JavaThread "C2 CompilerThread1" daemon [_thread_in_native, id=12396, stack(0x0000008449600000,0x0000008449700000)]

Other Threads:
  0x000001a8fc12bcc0 VMThread "VM Thread" [stack: 0x0000008446400000,0x0000008446500000] [id=9940]
  0x000001a8e112d410 WatcherThread [stack: 0x0000008447000000,0x0000008447100000] [id=4784]
  0x000001a8e115b460 GCTaskThread "GC Thread#0" [stack: 0x0000008445f00000,0x0000008446000000] [id=6916]
  0x000001a8fd15a860 GCTaskThread "GC Thread#1" [stack: 0x0000008447300000,0x0000008447400000] [id=2180]
  0x000001a8fd15ab20 GCTaskThread "GC Thread#2" [stack: 0x0000008447400000,0x0000008447500000] [id=24868]
  0x000001a8fc8413b0 GCTaskThread "GC Thread#3" [stack: 0x0000008447500000,0x0000008447600000] [id=20276]
  0x000001a8fc841670 GCTaskThread "GC Thread#4" [stack: 0x0000008447600000,0x0000008447700000] [id=26616]
  0x000001a8fcedf3f0 GCTaskThread "GC Thread#5" [stack: 0x0000008447700000,0x0000008447800000] [id=23424]
  0x000001a8fc4f4030 GCTaskThread "GC Thread#6" [stack: 0x0000008448700000,0x0000008448800000] [id=8860]
  0x000001a8fd4e3ea0 GCTaskThread "GC Thread#7" [stack: 0x0000008448800000,0x0000008448900000] [id=19452]
  0x000001a8999a4680 GCTaskThread "GC Thread#8" [stack: 0x0000008448900000,0x0000008448a00000] [id=4912]
  0x000001a8999a2dc0 GCTaskThread "GC Thread#9" [stack: 0x0000008448a00000,0x0000008448b00000] [id=15224]
  0x000001a8e11602c0 ConcurrentGCThread "G1 Main Marker" [stack: 0x0000008446000000,0x0000008446100000] [id=6688]
  0x000001a8e11618c0 ConcurrentGCThread "G1 Conc#0" [stack: 0x0000008446100000,0x0000008446200000] [id=10316]
  0x000001a8999a2b00 ConcurrentGCThread "G1 Conc#1" [stack: 0x0000008448b00000,0x0000008448c00000] [id=4700]
  0x000001a8999a38c0 ConcurrentGCThread "G1 Conc#2" [stack: 0x0000008448c00000,0x0000008448d00000] [id=30000]
  0x000001a8e11de6a0 ConcurrentGCThread "G1 Refine#0" [stack: 0x0000008446200000,0x0000008446300000] [id=12568]
  0x000001a8fd449940 ConcurrentGCThread "G1 Refine#1" [stack: 0x0000008449800000,0x0000008449900000] [id=11228]
  0x000001a8fd449c30 ConcurrentGCThread "G1 Refine#2" [stack: 0x0000008449900000,0x0000008449a00000] [id=15484]
  0x000001a89a166b10 ConcurrentGCThread "G1 Refine#3" [stack: 0x0000008449a00000,0x0000008449b00000] [id=28612]
  0x000001a89a1641f0 ConcurrentGCThread "G1 Refine#4" [stack: 0x0000008449b00000,0x0000008449c00000] [id=3680]
  0x000001a89a1644e0 ConcurrentGCThread "G1 Refine#5" [stack: 0x0000008449c00000,0x0000008449d00000] [id=14172]
  0x000001a89a1670f0 ConcurrentGCThread "G1 Refine#6" [stack: 0x0000008449d00000,0x0000008449e00000] [id=12464]
  0x000001a89a166240 ConcurrentGCThread "G1 Refine#7" [stack: 0x0000008449e00000,0x0000008449f00000] [id=11208]
  0x000001a8fbfdf150 ConcurrentGCThread "G1 Service" [stack: 0x0000008446300000,0x0000008446400000] [id=30196]

Threads with active compile tasks:
C2 CompilerThread0    22232 9132       4       com.google.common.base.Preconditions::checkArgument (13 bytes)
C1 CompilerThread0    22233 9131       3       com.google.common.base.Preconditions::checkArgument (29 bytes)
C2 CompilerThread1    22233 8968       4       org.objectweb.asm.Frame::execute (2303 bytes)

VM state: not at safepoint (normal execution)

VM Mutex/Monitor currently owned by a thread: None

Heap address: 0x00000000e0000000, size: 512 MB, Compressed Oops mode: 32-bit

CDS archive(s) mapped at: [0x000001a880000000-0x000001a880bb0000-0x000001a880bb0000), size 12255232, SharedBaseAddress: 0x000001a880000000, ArchiveRelocationMode: 1.
Compressed class space mapped at: 0x000001a881000000-0x000001a895000000, reserved size: 335544320
Narrow klass base: 0x000001a880000000, Narrow klass shift: 0, Narrow klass range: 0x100000000

GC Precious Log:
 CPUs: 12 total, 12 available
 Memory: 7835M
 Large Page Support: Disabled
 NUMA Support: Disabled
 Compressed Oops: Enabled (32-bit)
 Heap Region Size: 1M
 Heap Min Capacity: 256M
 Heap Initial Capacity: 256M
 Heap Max Capacity: 512M
 Pre-touch: Disabled
 Parallel Workers: 10
 Concurrent Workers: 3
 Concurrent Refinement Workers: 10
 Periodic GC: Disabled

Heap:
 garbage-first heap   total 262144K, used 210354K [0x00000000e0000000, 0x0000000100000000)
  region size 1024K, 152 young (155648K), 12 survivors (12288K)
 Metaspace       used 58562K, committed 59328K, reserved 393216K
  class space    used 8038K, committed 8384K, reserved 327680K

Heap Regions: E=young(eden), S=young(survivor), O=old, HS=humongous(starts), HC=humongous(continues), CS=collection set, F=free, OA=open archive, CA=closed archive, TAMS=top-at-mark-start (previous, next)
|   0|0x00000000e0000000, 0x00000000e0100000, 0x00000000e0100000|100%|HS|  |TAMS 0x00000000e0100000, 0x00000000e0000000| Complete 
|   1|0x00000000e0100000, 0x00000000e0200000, 0x00000000e0200000|100%|HC|  |TAMS 0x00000000e0200000, 0x00000000e0100000| Complete 
|   2|0x00000000e0200000, 0x00000000e0300000, 0x00000000e0300000|100%|HC|  |TAMS 0x00000000e0300000, 0x00000000e0200000| Complete 
|   3|0x00000000e0300000, 0x00000000e0400000, 0x00000000e0400000|100%|HC|  |TAMS 0x00000000e0400000, 0x00000000e0300000| Complete 
|   4|0x00000000e0400000, 0x00000000e0500000, 0x00000000e0500000|100%| O|  |TAMS 0x00000000e0500000, 0x00000000e0400000| Untracked 
|   5|0x00000000e0500000, 0x00000000e0600000, 0x00000000e0600000|100%| O|  |TAMS 0x00000000e0600000, 0x00000000e0500000| Untracked 
|   6|0x00000000e0600000, 0x00000000e0700000, 0x00000000e0700000|100%| O|  |TAMS 0x00000000e0700000, 0x00000000e0600000| Untracked 
|   7|0x00000000e0700000, 0x00000000e0800000, 0x00000000e0800000|100%| O|  |TAMS 0x00000000e0700000, 0x00000000e0700000| Untracked 
|   8|0x00000000e0800000, 0x00000000e0900000, 0x00000000e0900000|100%| O|  |TAMS 0x00000000e0900000, 0x00000000e0800000| Untracked 
|   9|0x00000000e0900000, 0x00000000e0a00000, 0x00000000e0a00000|100%| O|  |TAMS 0x00000000e0a00000, 0x00000000e0900000| Untracked 
|  10|0x00000000e0a00000, 0x00000000e0b00000, 0x00000000e0b00000|100%| O|  |TAMS 0x00000000e0b00000, 0x00000000e0a00000| Untracked 
|  11|0x00000000e0b00000, 0x00000000e0c00000, 0x00000000e0c00000|100%|HS|  |TAMS 0x00000000e0c00000, 0x00000000e0b00000| Complete 
|  12|0x00000000e0c00000, 0x00000000e0d00000, 0x00000000e0d00000|100%| O|  |TAMS 0x00000000e0d00000, 0x00000000e0c00000| Untracked 
|  13|0x00000000e0d00000, 0x00000000e0e00000, 0x00000000e0e00000|100%| O|  |TAMS 0x00000000e0e00000, 0x00000000e0d00000| Untracked 
|  14|0x00000000e0e00000, 0x00000000e0f00000, 0x00000000e0f00000|100%| O|  |TAMS 0x00000000e0f00000, 0x00000000e0e00000| Untracked 
|  15|0x00000000e0f00000, 0x00000000e1000000, 0x00000000e1000000|100%| O|  |TAMS 0x00000000e1000000, 0x00000000e0f00000| Untracked 
|  16|0x00000000e1000000, 0x00000000e1100000, 0x00000000e1100000|100%| O|  |TAMS 0x00000000e1100000, 0x00000000e1000000| Untracked 
|  17|0x00000000e1100000, 0x00000000e1200000, 0x00000000e1200000|100%| O|  |TAMS 0x00000000e1200000, 0x00000000e1100000| Untracked 
|  18|0x00000000e1200000, 0x00000000e1300000, 0x00000000e1300000|100%| O|  |TAMS 0x00000000e1300000, 0x00000000e1200000| Untracked 
|  19|0x00000000e1300000, 0x00000000e1400000, 0x00000000e1400000|100%| O|  |TAMS 0x00000000e1400000, 0x00000000e1300000| Untracked 
|  20|0x00000000e1400000, 0x00000000e1500000, 0x00000000e1500000|100%| O|  |TAMS 0x00000000e1500000, 0x00000000e1400000| Untracked 
|  21|0x00000000e1500000, 0x00000000e1600000, 0x00000000e1600000|100%| O|  |TAMS 0x00000000e1600000, 0x00000000e1500000| Untracked 
|  22|0x00000000e1600000, 0x00000000e1700000, 0x00000000e1700000|100%| O|  |TAMS 0x00000000e1700000, 0x00000000e1600000| Untracked 
|  23|0x00000000e1700000, 0x00000000e1800000, 0x00000000e1800000|100%| O|  |TAMS 0x00000000e1800000, 0x00000000e1700000| Untracked 
|  24|0x00000000e1800000, 0x00000000e1900000, 0x00000000e1900000|100%| O|  |TAMS 0x00000000e1900000, 0x00000000e1800000| Untracked 
|  25|0x00000000e1900000, 0x00000000e1a00000, 0x00000000e1a00000|100%| O|  |TAMS 0x00000000e1a00000, 0x00000000e1900000| Untracked 
|  26|0x00000000e1a00000, 0x00000000e1b00000, 0x00000000e1b00000|100%| O|  |TAMS 0x00000000e1b00000, 0x00000000e1a00000| Untracked 
|  27|0x00000000e1b00000, 0x00000000e1c00000, 0x00000000e1c00000|100%| O|  |TAMS 0x00000000e1c00000, 0x00000000e1b00000| Untracked 
|  28|0x00000000e1c00000, 0x00000000e1d00000, 0x00000000e1d00000|100%| O|  |TAMS 0x00000000e1d00000, 0x00000000e1c00000| Untracked 
|  29|0x00000000e1d00000, 0x00000000e1e00000, 0x00000000e1e00000|100%| O|  |TAMS 0x00000000e1e00000, 0x00000000e1d00000| Untracked 
|  30|0x00000000e1e00000, 0x00000000e1f00000, 0x00000000e1f00000|100%| O|  |TAMS 0x00000000e1f00000, 0x00000000e1e00000| Untracked 
|  31|0x00000000e1f00000, 0x00000000e2000000, 0x00000000e2000000|100%| O|  |TAMS 0x00000000e2000000, 0x00000000e1f00000| Untracked 
|  32|0x00000000e2000000, 0x00000000e2100000, 0x00000000e2100000|100%| O|  |TAMS 0x00000000e2006800, 0x00000000e2000000| Untracked 
|  33|0x00000000e2100000, 0x00000000e2200000, 0x00000000e2200000|100%|HS|  |TAMS 0x00000000e2100000, 0x00000000e2100000| Complete 
|  34|0x00000000e2200000, 0x00000000e2300000, 0x00000000e2300000|100%|HC|  |TAMS 0x00000000e2200000, 0x00000000e2200000| Complete 
|  35|0x00000000e2300000, 0x00000000e2400000, 0x00000000e2400000|100%|HS|  |TAMS 0x00000000e2300000, 0x00000000e2300000| Complete 
|  36|0x00000000e2400000, 0x00000000e2500000, 0x00000000e2500000|100%|HC|  |TAMS 0x00000000e2400000, 0x00000000e2400000| Complete 
|  37|0x00000000e2500000, 0x00000000e2600000, 0x00000000e2600000|100%|HC|  |TAMS 0x00000000e2500000, 0x00000000e2500000| Complete 
|  38|0x00000000e2600000, 0x00000000e2700000, 0x00000000e2700000|100%| O|  |TAMS 0x00000000e2600000, 0x00000000e2600000| Untracked 
|  39|0x00000000e2700000, 0x00000000e2800000, 0x00000000e2800000|100%| O|  |TAMS 0x00000000e2700000, 0x00000000e2700000| Untracked 
|  40|0x00000000e2800000, 0x00000000e2900000, 0x00000000e2900000|100%| O|  |TAMS 0x00000000e2800000, 0x00000000e2800000| Untracked 
|  41|0x00000000e2900000, 0x00000000e2a00000, 0x00000000e2a00000|100%| O|  |TAMS 0x00000000e2900000, 0x00000000e2900000| Untracked 
|  42|0x00000000e2a00000, 0x00000000e2b00000, 0x00000000e2b00000|100%| O|  |TAMS 0x00000000e2a00000, 0x00000000e2a00000| Untracked 
|  43|0x00000000e2b00000, 0x00000000e2c00000, 0x00000000e2c00000|100%| O|  |TAMS 0x00000000e2b00000, 0x00000000e2b00000| Untracked 
|  44|0x00000000e2c00000, 0x00000000e2d00000, 0x00000000e2d00000|100%| O|  |TAMS 0x00000000e2c00000, 0x00000000e2c00000| Untracked 
|  45|0x00000000e2d00000, 0x00000000e2e00000, 0x00000000e2e00000|100%| O|  |TAMS 0x00000000e2d00000, 0x00000000e2d00000| Untracked 
|  46|0x00000000e2e00000, 0x00000000e2f00000, 0x00000000e2f00000|100%| O|  |TAMS 0x00000000e2e00000, 0x00000000e2e00000| Untracked 
|  47|0x00000000e2f00000, 0x00000000e3000000, 0x00000000e3000000|100%|HS|  |TAMS 0x00000000e2f00000, 0x00000000e2f00000| Complete 
|  48|0x00000000e3000000, 0x00000000e3100000, 0x00000000e3100000|100%|HS|  |TAMS 0x00000000e3000000, 0x00000000e3000000| Complete 
|  49|0x00000000e3100000, 0x00000000e3200000, 0x00000000e3200000|100%|HS|  |TAMS 0x00000000e3100000, 0x00000000e3100000| Complete 
|  50|0x00000000e3200000, 0x00000000e3300000, 0x00000000e3300000|100%|HS|  |TAMS 0x00000000e3200000, 0x00000000e3200000| Complete 
|  51|0x00000000e3300000, 0x00000000e3400000, 0x00000000e3400000|100%|HS|  |TAMS 0x00000000e3300000, 0x00000000e3300000| Complete 
|  52|0x00000000e3400000, 0x00000000e3500000, 0x00000000e3500000|100%|HC|  |TAMS 0x00000000e3400000, 0x00000000e3400000| Complete 
|  53|0x00000000e3500000, 0x00000000e3600000, 0x00000000e3600000|100%|HC|  |TAMS 0x00000000e3500000, 0x00000000e3500000| Complete 
|  54|0x00000000e3600000, 0x00000000e3700000, 0x00000000e3700000|100%|HS|  |TAMS 0x00000000e3600000, 0x00000000e3600000| Complete 
|  55|0x00000000e3700000, 0x00000000e3800000, 0x00000000e3800000|100%|HC|  |TAMS 0x00000000e3700000, 0x00000000e3700000| Complete 
|  56|0x00000000e3800000, 0x00000000e3900000, 0x00000000e3900000|100%| O|  |TAMS 0x00000000e3800000, 0x00000000e3800000| Untracked 
|  57|0x00000000e3900000, 0x00000000e3a00000, 0x00000000e3a00000|100%| O|  |TAMS 0x00000000e3900000, 0x00000000e3900000| Untracked 
|  58|0x00000000e3a00000, 0x00000000e3b00000, 0x00000000e3b00000|100%| O|  |TAMS 0x00000000e3a00000, 0x00000000e3a00000| Untracked 
|  59|0x00000000e3b00000, 0x00000000e3c00000, 0x00000000e3c00000|100%| O|  |TAMS 0x00000000e3b00000, 0x00000000e3b00000| Untracked 
|  60|0x00000000e3c00000, 0x00000000e3d00000, 0x00000000e3d00000|100%| O|  |TAMS 0x00000000e3c00000, 0x00000000e3c00000| Untracked 
|  61|0x00000000e3d00000, 0x00000000e3d799f8, 0x00000000e3e00000| 63%| O|  |TAMS 0x00000000e3d00000, 0x00000000e3d00000| Untracked 
|  62|0x00000000e3e00000, 0x00000000e3f00000, 0x00000000e3f00000|100%| O|  |TAMS 0x00000000e3e00000, 0x00000000e3e00000| Untracked 
|  63|0x00000000e3f00000, 0x00000000e3f288a8, 0x00000000e4000000| 15%| O|  |TAMS 0x00000000e3f00000, 0x00000000e3f00000| Untracked 
|  64|0x00000000e4000000, 0x00000000e4000000, 0x00000000e4100000|  0%| F|  |TAMS 0x00000000e4000000, 0x00000000e4000000| Untracked 
|  65|0x00000000e4100000, 0x00000000e4100000, 0x00000000e4200000|  0%| F|  |TAMS 0x00000000e4100000, 0x00000000e4100000| Untracked 
|  66|0x00000000e4200000, 0x00000000e4200000, 0x00000000e4300000|  0%| F|  |TAMS 0x00000000e4200000, 0x00000000e4200000| Untracked 
|  67|0x00000000e4300000, 0x00000000e4300000, 0x00000000e4400000|  0%| F|  |TAMS 0x00000000e4300000, 0x00000000e4300000| Untracked 
|  68|0x00000000e4400000, 0x00000000e4400000, 0x00000000e4500000|  0%| F|  |TAMS 0x00000000e4400000, 0x00000000e4400000| Untracked 
|  69|0x00000000e4500000, 0x00000000e4500000, 0x00000000e4600000|  0%| F|  |TAMS 0x00000000e4500000, 0x00000000e4500000| Untracked 
|  70|0x00000000e4600000, 0x00000000e4600000, 0x00000000e4700000|  0%| F|  |TAMS 0x00000000e4600000, 0x00000000e4600000| Untracked 
|  71|0x00000000e4700000, 0x00000000e4700000, 0x00000000e4800000|  0%| F|  |TAMS 0x00000000e4700000, 0x00000000e4700000| Untracked 
|  72|0x00000000e4800000, 0x00000000e4800000, 0x00000000e4900000|  0%| F|  |TAMS 0x00000000e4800000, 0x00000000e4800000| Untracked 
|  73|0x00000000e4900000, 0x00000000e4900000, 0x00000000e4a00000|  0%| F|  |TAMS 0x00000000e4900000, 0x00000000e4900000| Untracked 
|  74|0x00000000e4a00000, 0x00000000e4a00000, 0x00000000e4b00000|  0%| F|  |TAMS 0x00000000e4a00000, 0x00000000e4a00000| Untracked 
|  75|0x00000000e4b00000, 0x00000000e4b00000, 0x00000000e4c00000|  0%| F|  |TAMS 0x00000000e4b00000, 0x00000000e4b00000| Untracked 
|  76|0x00000000e4c00000, 0x00000000e4c00000, 0x00000000e4d00000|  0%| F|  |TAMS 0x00000000e4c00000, 0x00000000e4c00000| Untracked 
|  77|0x00000000e4d00000, 0x00000000e4d00000, 0x00000000e4e00000|  0%| F|  |TAMS 0x00000000e4d00000, 0x00000000e4d00000| Untracked 
|  78|0x00000000e4e00000, 0x00000000e4e00000, 0x00000000e4f00000|  0%| F|  |TAMS 0x00000000e4e00000, 0x00000000e4e00000| Untracked 
|  79|0x00000000e4f00000, 0x00000000e4f00000, 0x00000000e5000000|  0%| F|  |TAMS 0x00000000e4f00000, 0x00000000e4f00000| Untracked 
|  80|0x00000000e5000000, 0x00000000e5000000, 0x00000000e5100000|  0%| F|  |TAMS 0x00000000e5000000, 0x00000000e5000000| Untracked 
|  81|0x00000000e5100000, 0x00000000e5100000, 0x00000000e5200000|  0%| F|  |TAMS 0x00000000e5100000, 0x00000000e5100000| Untracked 
|  82|0x00000000e5200000, 0x00000000e5200000, 0x00000000e5300000|  0%| F|  |TAMS 0x00000000e5200000, 0x00000000e5200000| Untracked 
|  83|0x00000000e5300000, 0x00000000e5300000, 0x00000000e5400000|  0%| F|  |TAMS 0x00000000e5300000, 0x00000000e5300000| Untracked 
|  84|0x00000000e5400000, 0x00000000e5400000, 0x00000000e5500000|  0%| F|  |TAMS 0x00000000e5400000, 0x00000000e5400000| Untracked 
|  85|0x00000000e5500000, 0x00000000e5500000, 0x00000000e5600000|  0%| F|  |TAMS 0x00000000e5500000, 0x00000000e5500000| Untracked 
|  86|0x00000000e5600000, 0x00000000e5600000, 0x00000000e5700000|  0%| F|  |TAMS 0x00000000e5600000, 0x00000000e5600000| Untracked 
|  87|0x00000000e5700000, 0x00000000e5700000, 0x00000000e5800000|  0%| F|  |TAMS 0x00000000e5700000, 0x00000000e5700000| Untracked 
|  88|0x00000000e5800000, 0x00000000e5800000, 0x00000000e5900000|  0%| F|  |TAMS 0x00000000e5800000, 0x00000000e5800000| Untracked 
|  89|0x00000000e5900000, 0x00000000e5900000, 0x00000000e5a00000|  0%| F|  |TAMS 0x00000000e5900000, 0x00000000e5900000| Untracked 
|  90|0x00000000e5a00000, 0x00000000e5a2ff18, 0x00000000e5b00000| 18%| S|  |TAMS 0x00000000e5a00000, 0x00000000e5a00000| Complete 
|  91|0x00000000e5b00000, 0x00000000e5c00000, 0x00000000e5c00000|100%| S|  |TAMS 0x00000000e5b00000, 0x00000000e5b00000| Complete 
|  92|0x00000000e5c00000, 0x00000000e5d00000, 0x00000000e5d00000|100%| S|  |TAMS 0x00000000e5c00000, 0x00000000e5c00000| Complete 
|  93|0x00000000e5d00000, 0x00000000e5e00000, 0x00000000e5e00000|100%| S|  |TAMS 0x00000000e5d00000, 0x00000000e5d00000| Complete 
|  94|0x00000000e5e00000, 0x00000000e5f00000, 0x00000000e5f00000|100%| S|  |TAMS 0x00000000e5e00000, 0x00000000e5e00000| Complete 
|  95|0x00000000e5f00000, 0x00000000e6000000, 0x00000000e6000000|100%| S|  |TAMS 0x00000000e5f00000, 0x00000000e5f00000| Complete 
|  96|0x00000000e6000000, 0x00000000e6100000, 0x00000000e6100000|100%| S|  |TAMS 0x00000000e6000000, 0x00000000e6000000| Complete 
|  97|0x00000000e6100000, 0x00000000e6200000, 0x00000000e6200000|100%| S|  |TAMS 0x00000000e6100000, 0x00000000e6100000| Complete 
|  98|0x00000000e6200000, 0x00000000e6300000, 0x00000000e6300000|100%| S|  |TAMS 0x00000000e6200000, 0x00000000e6200000| Complete 
|  99|0x00000000e6300000, 0x00000000e6400000, 0x00000000e6400000|100%| S|  |TAMS 0x00000000e6300000, 0x00000000e6300000| Complete 
| 100|0x00000000e6400000, 0x00000000e6500000, 0x00000000e6500000|100%| S|  |TAMS 0x00000000e6400000, 0x00000000e6400000| Complete 
| 101|0x00000000e6500000, 0x00000000e6600000, 0x00000000e6600000|100%| S|  |TAMS 0x00000000e6500000, 0x00000000e6500000| Complete 
| 102|0x00000000e6600000, 0x00000000e6700000, 0x00000000e6700000|100%| S|  |TAMS 0x00000000e6600000, 0x00000000e6600000| Complete 
| 103|0x00000000e6700000, 0x00000000e6800000, 0x00000000e6800000|100%| S|  |TAMS 0x00000000e6700000, 0x00000000e6700000| Complete 
| 104|0x00000000e6800000, 0x00000000e6892430, 0x00000000e6900000| 57%| E|CS|TAMS 0x00000000e6800000, 0x00000000e6800000| Complete 
| 105|0x00000000e6900000, 0x00000000e6a00000, 0x00000000e6a00000|100%| E|CS|TAMS 0x00000000e6900000, 0x00000000e6900000| Complete 
| 106|0x00000000e6a00000, 0x00000000e6b00000, 0x00000000e6b00000|100%| E|CS|TAMS 0x00000000e6a00000, 0x00000000e6a00000| Complete 
| 107|0x00000000e6b00000, 0x00000000e6c00000, 0x00000000e6c00000|100%| E|CS|TAMS 0x00000000e6b00000, 0x00000000e6b00000| Complete 
| 108|0x00000000e6c00000, 0x00000000e6d00000, 0x00000000e6d00000|100%| E|CS|TAMS 0x00000000e6c00000, 0x00000000e6c00000| Complete 
| 109|0x00000000e6d00000, 0x00000000e6e00000, 0x00000000e6e00000|100%| E|CS|TAMS 0x00000000e6d00000, 0x00000000e6d00000| Complete 
| 110|0x00000000e6e00000, 0x00000000e6f00000, 0x00000000e6f00000|100%| E|CS|TAMS 0x00000000e6e00000, 0x00000000e6e00000| Complete 
| 111|0x00000000e6f00000, 0x00000000e7000000, 0x00000000e7000000|  0%| F|CS|TAMS 0x00000000e6f00000, 0x00000000e6f00000| Untracked 
| 112|0x00000000e7000000, 0x00000000e7000000, 0x00000000e7100000|  0%| F|  |TAMS 0x00000000e7000000, 0x00000000e7000000| Untracked 
| 113|0x00000000e7100000, 0x00000000e7100000, 0x00000000e7200000|  0%| F|  |TAMS 0x00000000e7100000, 0x00000000e7100000| Untracked 
| 114|0x00000000e7200000, 0x00000000e7200000, 0x00000000e7300000|  0%| F|  |TAMS 0x00000000e7200000, 0x00000000e7200000| Untracked 
| 115|0x00000000e7300000, 0x00000000e7300000, 0x00000000e7400000|  0%| F|  |TAMS 0x00000000e7300000, 0x00000000e7300000| Untracked 
| 116|0x00000000e7400000, 0x00000000e7400000, 0x00000000e7500000|  0%| F|  |TAMS 0x00000000e7400000, 0x00000000e7400000| Untracked 
| 117|0x00000000e7500000, 0x00000000e7500000, 0x00000000e7600000|  0%| F|  |TAMS 0x00000000e7500000, 0x00000000e7500000| Untracked 
| 118|0x00000000e7600000, 0x00000000e7600000, 0x00000000e7700000|  0%| F|  |TAMS 0x00000000e7600000, 0x00000000e7600000| Untracked 
| 119|0x00000000e7700000, 0x00000000e7700000, 0x00000000e7800000|  0%| F|  |TAMS 0x00000000e7700000, 0x00000000e7700000| Untracked 
| 120|0x00000000e7800000, 0x00000000e7800000, 0x00000000e7900000|  0%| F|  |TAMS 0x00000000e7800000, 0x00000000e7800000| Untracked 
| 121|0x00000000e7900000, 0x00000000e7900000, 0x00000000e7a00000|  0%| F|  |TAMS 0x00000000e7900000, 0x00000000e7900000| Untracked 
| 122|0x00000000e7a00000, 0x00000000e7a00000, 0x00000000e7b00000|  0%| F|  |TAMS 0x00000000e7a00000, 0x00000000e7a00000| Untracked 
| 123|0x00000000e7b00000, 0x00000000e7b00000, 0x00000000e7c00000|  0%| F|  |TAMS 0x00000000e7b00000, 0x00000000e7b00000| Untracked 
| 124|0x00000000e7c00000, 0x00000000e7c00000, 0x00000000e7d00000|  0%| F|  |TAMS 0x00000000e7c00000, 0x00000000e7c00000| Untracked 
| 125|0x00000000e7d00000, 0x00000000e7d00000, 0x00000000e7e00000|  0%| F|  |TAMS 0x00000000e7d00000, 0x00000000e7d00000| Untracked 
| 126|0x00000000e7e00000, 0x00000000e7e00000, 0x00000000e7f00000|  0%| F|  |TAMS 0x00000000e7e00000, 0x00000000e7e00000| Untracked 
| 127|0x00000000e7f00000, 0x00000000e7f00000, 0x00000000e8000000|  0%| F|  |TAMS 0x00000000e7f00000, 0x00000000e7f00000| Untracked 
| 128|0x00000000e8000000, 0x00000000e8000000, 0x00000000e8100000|  0%| F|  |TAMS 0x00000000e8000000, 0x00000000e8000000| Untracked 
| 129|0x00000000e8100000, 0x00000000e8100000, 0x00000000e8200000|  0%| F|  |TAMS 0x00000000e8100000, 0x00000000e8100000| Untracked 
| 130|0x00000000e8200000, 0x00000000e8200000, 0x00000000e8300000|  0%| F|  |TAMS 0x00000000e8200000, 0x00000000e8200000| Untracked 
| 131|0x00000000e8300000, 0x00000000e8300000, 0x00000000e8400000|  0%| F|  |TAMS 0x00000000e8300000, 0x00000000e8300000| Untracked 
| 132|0x00000000e8400000, 0x00000000e8400000, 0x00000000e8500000|  0%| F|  |TAMS 0x00000000e8400000, 0x00000000e8400000| Untracked 
| 133|0x00000000e8500000, 0x00000000e8500000, 0x00000000e8600000|  0%| F|  |TAMS 0x00000000e8500000, 0x00000000e8500000| Untracked 
| 134|0x00000000e8600000, 0x00000000e8600000, 0x00000000e8700000|  0%| F|  |TAMS 0x00000000e8600000, 0x00000000e8600000| Untracked 
| 135|0x00000000e8700000, 0x00000000e8700000, 0x00000000e8800000|  0%| F|  |TAMS 0x00000000e8700000, 0x00000000e8700000| Untracked 
| 136|0x00000000e8800000, 0x00000000e8800000, 0x00000000e8900000|  0%| F|  |TAMS 0x00000000e8800000, 0x00000000e8800000| Untracked 
| 137|0x00000000e8900000, 0x00000000e8900000, 0x00000000e8a00000|  0%| F|  |TAMS 0x00000000e8900000, 0x00000000e8900000| Untracked 
| 138|0x00000000e8a00000, 0x00000000e8a00000, 0x00000000e8b00000|  0%| F|  |TAMS 0x00000000e8a00000, 0x00000000e8a00000| Untracked 
| 139|0x00000000e8b00000, 0x00000000e8b00000, 0x00000000e8c00000|  0%| F|  |TAMS 0x00000000e8b00000, 0x00000000e8b00000| Untracked 
| 140|0x00000000e8c00000, 0x00000000e8c00000, 0x00000000e8d00000|  0%| F|  |TAMS 0x00000000e8c00000, 0x00000000e8c00000| Untracked 
| 141|0x00000000e8d00000, 0x00000000e8d00000, 0x00000000e8e00000|  0%| F|  |TAMS 0x00000000e8d00000, 0x00000000e8d00000| Untracked 
| 142|0x00000000e8e00000, 0x00000000e8e00000, 0x00000000e8f00000|  0%| F|  |TAMS 0x00000000e8e00000, 0x00000000e8e00000| Untracked 
| 143|0x00000000e8f00000, 0x00000000e8f00000, 0x00000000e9000000|  0%| F|  |TAMS 0x00000000e8f00000, 0x00000000e8f00000| Untracked 
| 144|0x00000000e9000000, 0x00000000e9000000, 0x00000000e9100000|  0%| F|  |TAMS 0x00000000e9000000, 0x00000000e9000000| Untracked 
| 145|0x00000000e9100000, 0x00000000e9100000, 0x00000000e9200000|  0%| F|  |TAMS 0x00000000e9100000, 0x00000000e9100000| Untracked 
| 146|0x00000000e9200000, 0x00000000e9200000, 0x00000000e9300000|  0%| F|  |TAMS 0x00000000e9200000, 0x00000000e9200000| Untracked 
| 147|0x00000000e9300000, 0x00000000e9300000, 0x00000000e9400000|  0%| F|  |TAMS 0x00000000e9300000, 0x00000000e9300000| Untracked 
| 148|0x00000000e9400000, 0x00000000e9400000, 0x00000000e9500000|  0%| F|  |TAMS 0x00000000e9400000, 0x00000000e9400000| Untracked 
| 149|0x00000000e9500000, 0x00000000e9500000, 0x00000000e9600000|  0%| F|  |TAMS 0x00000000e9500000, 0x00000000e9500000| Untracked 
| 150|0x00000000e9600000, 0x00000000e9600000, 0x00000000e9700000|  0%| F|  |TAMS 0x00000000e9600000, 0x00000000e9600000| Untracked 
| 151|0x00000000e9700000, 0x00000000e9700000, 0x00000000e9800000|  0%| F|  |TAMS 0x00000000e9700000, 0x00000000e9700000| Untracked 
| 152|0x00000000e9800000, 0x00000000e9800000, 0x00000000e9900000|  0%| F|  |TAMS 0x00000000e9800000, 0x00000000e9800000| Untracked 
| 153|0x00000000e9900000, 0x00000000e9900000, 0x00000000e9a00000|  0%| F|  |TAMS 0x00000000e9900000, 0x00000000e9900000| Untracked 
| 154|0x00000000e9a00000, 0x00000000e9a00000, 0x00000000e9b00000|  0%| F|  |TAMS 0x00000000e9a00000, 0x00000000e9a00000| Untracked 
| 155|0x00000000e9b00000, 0x00000000e9b00000, 0x00000000e9c00000|  0%| F|  |TAMS 0x00000000e9b00000, 0x00000000e9b00000| Untracked 
| 156|0x00000000e9c00000, 0x00000000e9c00000, 0x00000000e9d00000|  0%| F|  |TAMS 0x00000000e9c00000, 0x00000000e9c00000| Untracked 
| 157|0x00000000e9d00000, 0x00000000e9d00000, 0x00000000e9e00000|  0%| F|  |TAMS 0x00000000e9d00000, 0x00000000e9d00000| Untracked 
| 158|0x00000000e9e00000, 0x00000000e9e00000, 0x00000000e9f00000|  0%| F|  |TAMS 0x00000000e9e00000, 0x00000000e9e00000| Untracked 
| 159|0x00000000e9f00000, 0x00000000e9f00000, 0x00000000ea000000|  0%| F|  |TAMS 0x00000000e9f00000, 0x00000000e9f00000| Untracked 
| 160|0x00000000ea000000, 0x00000000ea000000, 0x00000000ea100000|  0%| F|  |TAMS 0x00000000ea000000, 0x00000000ea000000| Untracked 
| 161|0x00000000ea100000, 0x00000000ea100000, 0x00000000ea200000|  0%| F|  |TAMS 0x00000000ea100000, 0x00000000ea100000| Untracked 
| 162|0x00000000ea200000, 0x00000000ea200000, 0x00000000ea300000|  0%| F|  |TAMS 0x00000000ea200000, 0x00000000ea200000| Untracked 
| 163|0x00000000ea300000, 0x00000000ea300000, 0x00000000ea400000|  0%| F|  |TAMS 0x00000000ea300000, 0x00000000ea300000| Untracked 
| 164|0x00000000ea400000, 0x00000000ea400000, 0x00000000ea500000|  0%| F|  |TAMS 0x00000000ea400000, 0x00000000ea400000| Untracked 
| 165|0x00000000ea500000, 0x00000000ea500000, 0x00000000ea600000|  0%| F|  |TAMS 0x00000000ea500000, 0x00000000ea500000| Untracked 
| 166|0x00000000ea600000, 0x00000000ea600000, 0x00000000ea700000|  0%| F|  |TAMS 0x00000000ea600000, 0x00000000ea600000| Untracked 
| 167|0x00000000ea700000, 0x00000000ea700000, 0x00000000ea800000|  0%| F|  |TAMS 0x00000000ea700000, 0x00000000ea700000| Untracked 
| 168|0x00000000ea800000, 0x00000000ea800000, 0x00000000ea900000|  0%| F|  |TAMS 0x00000000ea800000, 0x00000000ea800000| Untracked 
| 169|0x00000000ea900000, 0x00000000ea900000, 0x00000000eaa00000|  0%| F|  |TAMS 0x00000000ea900000, 0x00000000ea900000| Untracked 
| 170|0x00000000eaa00000, 0x00000000eaa00000, 0x00000000eab00000|  0%| F|  |TAMS 0x00000000eaa00000, 0x00000000eaa00000| Untracked 
| 171|0x00000000eab00000, 0x00000000eab00000, 0x00000000eac00000|  0%| F|  |TAMS 0x00000000eab00000, 0x00000000eab00000| Untracked 
| 172|0x00000000eac00000, 0x00000000eac00000, 0x00000000ead00000|  0%| F|  |TAMS 0x00000000eac00000, 0x00000000eac00000| Untracked 
| 173|0x00000000ead00000, 0x00000000ead00000, 0x00000000eae00000|  0%| F|  |TAMS 0x00000000ead00000, 0x00000000ead00000| Untracked 
| 174|0x00000000eae00000, 0x00000000eae00000, 0x00000000eaf00000|  0%| F|  |TAMS 0x00000000eae00000, 0x00000000eae00000| Untracked 
| 175|0x00000000eaf00000, 0x00000000eaf00000, 0x00000000eb000000|  0%| F|  |TAMS 0x00000000eaf00000, 0x00000000eaf00000| Untracked 
| 176|0x00000000eb000000, 0x00000000eb000000, 0x00000000eb100000|  0%| F|  |TAMS 0x00000000eb000000, 0x00000000eb000000| Untracked 
| 177|0x00000000eb100000, 0x00000000eb100000, 0x00000000eb200000|  0%| F|  |TAMS 0x00000000eb100000, 0x00000000eb100000| Untracked 
| 178|0x00000000eb200000, 0x00000000eb200000, 0x00000000eb300000|  0%| F|  |TAMS 0x00000000eb200000, 0x00000000eb200000| Untracked 
| 179|0x00000000eb300000, 0x00000000eb300000, 0x00000000eb400000|  0%| F|  |TAMS 0x00000000eb300000, 0x00000000eb300000| Untracked 
| 180|0x00000000eb400000, 0x00000000eb400000, 0x00000000eb500000|  0%| F|  |TAMS 0x00000000eb400000, 0x00000000eb400000| Untracked 
| 181|0x00000000eb500000, 0x00000000eb500000, 0x00000000eb600000|  0%| F|  |TAMS 0x00000000eb500000, 0x00000000eb500000| Untracked 
| 182|0x00000000eb600000, 0x00000000eb600000, 0x00000000eb700000|  0%| F|  |TAMS 0x00000000eb600000, 0x00000000eb600000| Untracked 
| 183|0x00000000eb700000, 0x00000000eb700000, 0x00000000eb800000|  0%| F|  |TAMS 0x00000000eb700000, 0x00000000eb700000| Untracked 
| 184|0x00000000eb800000, 0x00000000eb800000, 0x00000000eb900000|  0%| F|  |TAMS 0x00000000eb800000, 0x00000000eb800000| Untracked 
| 185|0x00000000eb900000, 0x00000000eb900000, 0x00000000eba00000|  0%| F|  |TAMS 0x00000000eb900000, 0x00000000eb900000| Untracked 
| 186|0x00000000eba00000, 0x00000000eba00000, 0x00000000ebb00000|  0%| F|  |TAMS 0x00000000eba00000, 0x00000000eba00000| Untracked 
| 187|0x00000000ebb00000, 0x00000000ebb00000, 0x00000000ebc00000|  0%| F|  |TAMS 0x00000000ebb00000, 0x00000000ebb00000| Untracked 
| 188|0x00000000ebc00000, 0x00000000ebc00000, 0x00000000ebd00000|  0%| F|  |TAMS 0x00000000ebc00000, 0x00000000ebc00000| Untracked 
| 189|0x00000000ebd00000, 0x00000000ebd00000, 0x00000000ebe00000|  0%| F|  |TAMS 0x00000000ebd00000, 0x00000000ebd00000| Untracked 
| 190|0x00000000ebe00000, 0x00000000ebe00000, 0x00000000ebf00000|  0%| F|  |TAMS 0x00000000ebe00000, 0x00000000ebe00000| Untracked 
| 191|0x00000000ebf00000, 0x00000000ebf00000, 0x00000000ec000000|  0%| F|  |TAMS 0x00000000ebf00000, 0x00000000ebf00000| Untracked 
| 192|0x00000000ec000000, 0x00000000ec000000, 0x00000000ec100000|  0%| F|  |TAMS 0x00000000ec000000, 0x00000000ec000000| Untracked 
| 193|0x00000000ec100000, 0x00000000ec100000, 0x00000000ec200000|  0%| F|  |TAMS 0x00000000ec100000, 0x00000000ec100000| Untracked 
| 194|0x00000000ec200000, 0x00000000ec200000, 0x00000000ec300000|  0%| F|  |TAMS 0x00000000ec200000, 0x00000000ec200000| Untracked 
| 195|0x00000000ec300000, 0x00000000ec300000, 0x00000000ec400000|  0%| F|  |TAMS 0x00000000ec300000, 0x00000000ec300000| Untracked 
| 196|0x00000000ec400000, 0x00000000ec400000, 0x00000000ec500000|  0%| F|  |TAMS 0x00000000ec400000, 0x00000000ec400000| Untracked 
| 197|0x00000000ec500000, 0x00000000ec500000, 0x00000000ec600000|  0%| F|  |TAMS 0x00000000ec500000, 0x00000000ec500000| Untracked 
| 198|0x00000000ec600000, 0x00000000ec600000, 0x00000000ec700000|  0%| F|  |TAMS 0x00000000ec600000, 0x00000000ec600000| Untracked 
| 199|0x00000000ec700000, 0x00000000ec700000, 0x00000000ec800000|  0%| F|  |TAMS 0x00000000ec700000, 0x00000000ec700000| Untracked 
| 200|0x00000000ec800000, 0x00000000ec800000, 0x00000000ec900000|  0%| F|  |TAMS 0x00000000ec800000, 0x00000000ec800000| Untracked 
| 201|0x00000000ec900000, 0x00000000ec900000, 0x00000000eca00000|  0%| F|  |TAMS 0x00000000ec900000, 0x00000000ec900000| Untracked 
| 202|0x00000000eca00000, 0x00000000eca00000, 0x00000000ecb00000|  0%| F|  |TAMS 0x00000000eca00000, 0x00000000eca00000| Untracked 
| 203|0x00000000ecb00000, 0x00000000ecb00000, 0x00000000ecc00000|  0%| F|  |TAMS 0x00000000ecb00000, 0x00000000ecb00000| Untracked 
| 204|0x00000000ecc00000, 0x00000000ecc00000, 0x00000000ecd00000|  0%| F|  |TAMS 0x00000000ecc00000, 0x00000000ecc00000| Untracked 
| 205|0x00000000ecd00000, 0x00000000ecd00000, 0x00000000ece00000|  0%| F|  |TAMS 0x00000000ecd00000, 0x00000000ecd00000| Untracked 
| 206|0x00000000ece00000, 0x00000000ece00000, 0x00000000ecf00000|  0%| F|  |TAMS 0x00000000ece00000, 0x00000000ece00000| Untracked 
| 207|0x00000000ecf00000, 0x00000000ecf00000, 0x00000000ed000000|  0%| F|  |TAMS 0x00000000ecf00000, 0x00000000ecf00000| Untracked 
| 208|0x00000000ed000000, 0x00000000ed000000, 0x00000000ed100000|  0%| F|  |TAMS 0x00000000ed000000, 0x00000000ed000000| Untracked 
| 209|0x00000000ed100000, 0x00000000ed100000, 0x00000000ed200000|  0%| F|  |TAMS 0x00000000ed100000, 0x00000000ed100000| Untracked 
| 210|0x00000000ed200000, 0x00000000ed200000, 0x00000000ed300000|  0%| F|  |TAMS 0x00000000ed200000, 0x00000000ed200000| Untracked 
| 211|0x00000000ed300000, 0x00000000ed300000, 0x00000000ed400000|  0%| F|  |TAMS 0x00000000ed300000, 0x00000000ed300000| Untracked 
| 212|0x00000000ed400000, 0x00000000ed400000, 0x00000000ed500000|  0%| F|  |TAMS 0x00000000ed400000, 0x00000000ed400000| Untracked 
| 213|0x00000000ed500000, 0x00000000ed500000, 0x00000000ed600000|  0%| F|  |TAMS 0x00000000ed500000, 0x00000000ed500000| Untracked 
| 214|0x00000000ed600000, 0x00000000ed600000, 0x00000000ed700000|  0%| F|  |TAMS 0x00000000ed600000, 0x00000000ed600000| Untracked 
| 215|0x00000000ed700000, 0x00000000ed700000, 0x00000000ed800000|  0%| F|  |TAMS 0x00000000ed700000, 0x00000000ed700000| Untracked 
| 216|0x00000000ed800000, 0x00000000ed800000, 0x00000000ed900000|  0%| F|  |TAMS 0x00000000ed800000, 0x00000000ed800000| Untracked 
| 217|0x00000000ed900000, 0x00000000ed900000, 0x00000000eda00000|  0%| F|  |TAMS 0x00000000ed900000, 0x00000000ed900000| Untracked 
| 218|0x00000000eda00000, 0x00000000eda00000, 0x00000000edb00000|  0%| F|  |TAMS 0x00000000eda00000, 0x00000000eda00000| Untracked 
| 219|0x00000000edb00000, 0x00000000edb00000, 0x00000000edc00000|  0%| F|  |TAMS 0x00000000edb00000, 0x00000000edb00000| Untracked 
| 220|0x00000000edc00000, 0x00000000edc00000, 0x00000000edd00000|  0%| F|  |TAMS 0x00000000edc00000, 0x00000000edc00000| Untracked 
| 221|0x00000000edd00000, 0x00000000edd00000, 0x00000000ede00000|  0%| F|  |TAMS 0x00000000edd00000, 0x00000000edd00000| Untracked 
| 222|0x00000000ede00000, 0x00000000ede00000, 0x00000000edf00000|  0%| F|  |TAMS 0x00000000ede00000, 0x00000000ede00000| Untracked 
| 223|0x00000000edf00000, 0x00000000edf00000, 0x00000000ee000000|  0%| F|  |TAMS 0x00000000edf00000, 0x00000000edf00000| Untracked 
| 224|0x00000000ee000000, 0x00000000ee000000, 0x00000000ee100000|  0%| F|  |TAMS 0x00000000ee000000, 0x00000000ee000000| Untracked 
| 225|0x00000000ee100000, 0x00000000ee100000, 0x00000000ee200000|  0%| F|  |TAMS 0x00000000ee100000, 0x00000000ee100000| Untracked 
| 226|0x00000000ee200000, 0x00000000ee200000, 0x00000000ee300000|  0%| F|  |TAMS 0x00000000ee200000, 0x00000000ee200000| Untracked 
| 227|0x00000000ee300000, 0x00000000ee300000, 0x00000000ee400000|  0%| F|  |TAMS 0x00000000ee300000, 0x00000000ee300000| Untracked 
| 228|0x00000000ee400000, 0x00000000ee400000, 0x00000000ee500000|  0%| F|  |TAMS 0x00000000ee400000, 0x00000000ee400000| Untracked 
| 229|0x00000000ee500000, 0x00000000ee500000, 0x00000000ee600000|  0%| F|  |TAMS 0x00000000ee500000, 0x00000000ee500000| Untracked 
| 230|0x00000000ee600000, 0x00000000ee600000, 0x00000000ee700000|  0%| F|  |TAMS 0x00000000ee600000, 0x00000000ee600000| Untracked 
| 231|0x00000000ee700000, 0x00000000ee700000, 0x00000000ee800000|  0%| F|  |TAMS 0x00000000ee700000, 0x00000000ee700000| Untracked 
| 232|0x00000000ee800000, 0x00000000ee800000, 0x00000000ee900000|  0%| F|  |TAMS 0x00000000ee800000, 0x00000000ee800000| Untracked 
| 233|0x00000000ee900000, 0x00000000ee900000, 0x00000000eea00000|  0%| F|  |TAMS 0x00000000ee900000, 0x00000000ee900000| Untracked 
| 234|0x00000000eea00000, 0x00000000eea00000, 0x00000000eeb00000|  0%| F|  |TAMS 0x00000000eea00000, 0x00000000eea00000| Untracked 
| 235|0x00000000eeb00000, 0x00000000eeb00000, 0x00000000eec00000|  0%| F|  |TAMS 0x00000000eeb00000, 0x00000000eeb00000| Untracked 
| 236|0x00000000eec00000, 0x00000000eec00000, 0x00000000eed00000|  0%| F|  |TAMS 0x00000000eec00000, 0x00000000eec00000| Untracked 
| 237|0x00000000eed00000, 0x00000000eed00000, 0x00000000eee00000|  0%| F|  |TAMS 0x00000000eed00000, 0x00000000eed00000| Untracked 
| 238|0x00000000eee00000, 0x00000000eee00000, 0x00000000eef00000|  0%| F|  |TAMS 0x00000000eee00000, 0x00000000eee00000| Untracked 
| 239|0x00000000eef00000, 0x00000000eef00000, 0x00000000ef000000|  0%| F|  |TAMS 0x00000000eef00000, 0x00000000eef00000| Untracked 
| 240|0x00000000ef000000, 0x00000000ef000000, 0x00000000ef100000|  0%| F|  |TAMS 0x00000000ef000000, 0x00000000ef000000| Untracked 
| 241|0x00000000ef100000, 0x00000000ef100000, 0x00000000ef200000|  0%| F|  |TAMS 0x00000000ef100000, 0x00000000ef100000| Untracked 
| 242|0x00000000ef200000, 0x00000000ef200000, 0x00000000ef300000|  0%| F|  |TAMS 0x00000000ef200000, 0x00000000ef200000| Untracked 
| 243|0x00000000ef300000, 0x00000000ef300000, 0x00000000ef400000|  0%| F|  |TAMS 0x00000000ef300000, 0x00000000ef300000| Untracked 
| 244|0x00000000ef400000, 0x00000000ef400000, 0x00000000ef500000|  0%| F|  |TAMS 0x00000000ef400000, 0x00000000ef400000| Untracked 
| 245|0x00000000ef500000, 0x00000000ef500000, 0x00000000ef600000|  0%| F|  |TAMS 0x00000000ef500000, 0x00000000ef500000| Untracked 
| 246|0x00000000ef600000, 0x00000000ef600000, 0x00000000ef700000|  0%| F|  |TAMS 0x00000000ef600000, 0x00000000ef600000| Untracked 
| 247|0x00000000ef700000, 0x00000000ef700000, 0x00000000ef800000|  0%| F|  |TAMS 0x00000000ef700000, 0x00000000ef700000| Untracked 
| 248|0x00000000ef800000, 0x00000000ef800000, 0x00000000ef900000|  0%| F|  |TAMS 0x00000000ef800000, 0x00000000ef800000| Untracked 
| 249|0x00000000ef900000, 0x00000000ef900000, 0x00000000efa00000|  0%| F|  |TAMS 0x00000000ef900000, 0x00000000ef900000| Untracked 
| 250|0x00000000efa00000, 0x00000000efa00000, 0x00000000efb00000|  0%| F|  |TAMS 0x00000000efa00000, 0x00000000efa00000| Untracked 
| 251|0x00000000efb00000, 0x00000000efb00000, 0x00000000efc00000|  0%| F|  |TAMS 0x00000000efb00000, 0x00000000efb00000| Untracked 
| 252|0x00000000efc00000, 0x00000000efc00000, 0x00000000efd00000|  0%| F|  |TAMS 0x00000000efc00000, 0x00000000efc00000| Untracked 
| 253|0x00000000efd00000, 0x00000000efd00000, 0x00000000efe00000|  0%| F|  |TAMS 0x00000000efd00000, 0x00000000efd00000| Untracked 
| 254|0x00000000efe00000, 0x00000000efe00000, 0x00000000eff00000|  0%| F|  |TAMS 0x00000000efe00000, 0x00000000efe00000| Untracked 
| 255|0x00000000eff00000, 0x00000000eff9e188, 0x00000000f0000000| 61%| E|  |TAMS 0x00000000eff00000, 0x00000000eff00000| Complete 

Card table byte_map: [0x000001a8f82c0000,0x000001a8f83c0000] _byte_map_base: 0x000001a8f7bc0000

Marking Bits (Prev, Next): (CMBitMap*) 0x000001a8e115b990, (CMBitMap*) 0x000001a8e115b9d0
 Prev Bits: [0x000001a8f84c0000, 0x000001a8f8cc0000)
 Next Bits: [0x000001a8f8cc0000, 0x000001a8f94c0000)

Polling page: 0x000001a8def70000

Metaspace:

Usage:
  Non-class:     49.36 MB used.
      Class:      7.86 MB used.
       Both:     57.22 MB used.

Virtual space:
  Non-class space:       64.00 MB reserved,      49.75 MB ( 78%) committed,  1 nodes.
      Class space:      320.00 MB reserved,       8.19 MB (  3%) committed,  1 nodes.
             Both:      384.00 MB reserved,      57.94 MB ( 15%) committed. 

Chunk freelists:
   Non-Class:  13.47 MB
       Class:  7.77 MB
        Both:  21.23 MB

MaxMetaspaceSize: 384.00 MB
CompressedClassSpaceSize: 320.00 MB
Initial GC threshold: 21.00 MB
Current GC threshold: 59.31 MB
CDS: on
MetaspaceReclaimPolicy: balanced
 - commit_granule_bytes: 65536.
 - commit_granule_words: 8192.
 - virtual_space_node_default_size: 8388608.
 - enlarge_chunks_in_place: 1.
 - new_chunks_are_fully_committed: 0.
 - uncommit_free_chunks: 1.
 - use_allocation_guard: 0.
 - handle_deallocations: 1.


Internal statistics:

num_allocs_failed_limit: 9.
num_arena_births: 886.
num_arena_deaths: 0.
num_vsnodes_births: 2.
num_vsnodes_deaths: 0.
num_space_committed: 927.
num_space_uncommitted: 0.
num_chunks_returned_to_freelist: 9.
num_chunks_taken_from_freelist: 3361.
num_chunk_merges: 9.
num_chunk_splits: 2130.
num_chunks_enlarged: 1324.
num_inconsistent_stats: 0.

CodeHeap 'non-profiled nmethods': size=120000Kb used=5404Kb max_used=5404Kb free=114596Kb
 bounds [0x000001a8f0740000, 0x000001a8f0c90000, 0x000001a8f7c70000]
CodeHeap 'profiled nmethods': size=120000Kb used=15966Kb max_used=15966Kb free=104033Kb
 bounds [0x000001a8e8c70000, 0x000001a8e9c10000, 0x000001a8f01a0000]
CodeHeap 'non-nmethods': size=5760Kb used=2340Kb max_used=2396Kb free=3419Kb
 bounds [0x000001a8f01a0000, 0x000001a8f0410000, 0x000001a8f0740000]
 total_blobs=9216 nmethods=8361 adapters=765
 compilation: enabled
              stopped_count=0, restarted_count=0
 full_count=0

Compilation events (20 events):
Event: 21.082 Thread 0x000001a8fc14e3a0 nmethod 9108 0x000001a8e9bfbf90 code [0x000001a8e9bfc280, 0x000001a8e9bfd928]
Event: 21.083 Thread 0x000001a8fc14e3a0 9109       3       org.gradle.internal.service.DefaultServiceRegistry$OwnServices::<init> (82 bytes)
Event: 21.084 Thread 0x000001a8fc14e3a0 nmethod 9109 0x000001a8e9bfde90 code [0x000001a8e9bfe180, 0x000001a8e9bff448]
Event: 21.084 Thread 0x000001a8fc14e3a0 9110       3       org.gradle.internal.deprecation.DeprecationMessageBuilder$WithReplacement::<init> (10 bytes)
Event: 21.085 Thread 0x000001a8fc14e3a0 nmethod 9110 0x000001a8e9bff990 code [0x000001a8e9bffb40, 0x000001a8e9bffdf8]
Event: 21.085 Thread 0x000001a8fc14e3a0 9111       3       org.gradle.internal.instantiation.generator.ManagedObjectFactory::attachOwner (24 bytes)
Event: 21.085 Thread 0x000001a8fc14e3a0 nmethod 9111 0x000001a8e9bfff10 code [0x000001a8e9c000e0, 0x000001a8e9c00558]
Event: 21.086 Thread 0x000001a8fc14e3a0 9112   !   3       org.gradle.api.internal.provider.AbstractProperty::doCalculateValue (49 bytes)
Event: 21.087 Thread 0x000001a8fc14e3a0 nmethod 9112 0x000001a8e9c00690 code [0x000001a8e9c00920, 0x000001a8e9c01658]
Event: 21.087 Thread 0x000001a8fc14e3a0 9113       3       org.gradle.api.internal.provider.DefaultProperty::calculateValueFrom (11 bytes)
Event: 21.087 Thread 0x000001a8fc14e3a0 nmethod 9113 0x000001a8e9c01b10 code [0x000001a8e9c01cc0, 0x000001a8e9c02088]
Event: 21.087 Thread 0x000001a8fc14e3a0 9114       3       org.gradle.api.internal.provider.ValueState$NonFinalizedValue::maybeFinalizeOnRead (66 bytes)
Event: 21.088 Thread 0x000001a8fc14e3a0 nmethod 9114 0x000001a8e9c02190 code [0x000001a8e9c02380, 0x000001a8e9c02848]
Event: 21.092 Thread 0x000001a8fc14cdd0 nmethod 9081 0x000001a8f0c81410 code [0x000001a8f0c81600, 0x000001a8f0c81c10]
Event: 21.092 Thread 0x000001a8fc14cdd0 9097       4       org.gradle.internal.service.DefaultServiceRegistry::isSatisfiedBy (44 bytes)
Event: 21.101 Thread 0x000001a8fc14cdd0 nmethod 9097 0x000001a8f0c82210 code [0x000001a8f0c823e0, 0x000001a8f0c827d8]
Event: 21.101 Thread 0x000001a8fc14cdd0 9105       4       org.gradle.internal.service.DefaultServiceRegistry$SingletonService::getService (18 bytes)
Event: 21.118 Thread 0x000001a8fc14cdd0 nmethod 9105 0x000001a8f0c82b90 code [0x000001a8f0c82d80, 0x000001a8f0c83738]
Event: 21.118 Thread 0x000001a8fc14cdd0 9106       4       org.gradle.internal.instantiation.generator.AsmBackedClassGenerator::access$9400 (4 bytes)
Event: 21.119 Thread 0x000001a8fc14cdd0 nmethod 9106 0x000001a8f0c83c90 code [0x000001a8f0c83e00, 0x000001a8f0c83e58]

GC Heap History (16 events):
Event: 0.747 GC heap before
{Heap before GC invocations=0 (full 0):
 garbage-first heap   total 262144K, used 26624K [0x00000000e0000000, 0x0000000100000000)
  region size 1024K, 23 young (23552K), 0 survivors (0K)
 Metaspace       used 1141K, committed 1280K, reserved 393216K
  class space    used 83K, committed 128K, reserved 327680K
}
Event: 0.751 GC heap after
{Heap after GC invocations=1 (full 0):
 garbage-first heap   total 262144K, used 10196K [0x00000000e0000000, 0x0000000100000000)
  region size 1024K, 3 young (3072K), 3 survivors (3072K)
 Metaspace       used 1141K, committed 1280K, reserved 393216K
  class space    used 83K, committed 128K, reserved 327680K
}
Event: 1.759 GC heap before
{Heap before GC invocations=1 (full 0):
 garbage-first heap   total 262144K, used 39892K [0x00000000e0000000, 0x0000000100000000)
  region size 1024K, 32 young (32768K), 3 survivors (3072K)
 Metaspace       used 4269K, committed 4480K, reserved 393216K
  class space    used 535K, committed 640K, reserved 327680K
}
Event: 1.763 GC heap after
{Heap after GC invocations=2 (full 0):
 garbage-first heap   total 262144K, used 11892K [0x00000000e0000000, 0x0000000100000000)
  region size 1024K, 2 young (2048K), 2 survivors (2048K)
 Metaspace       used 4269K, committed 4480K, reserved 393216K
  class space    used 535K, committed 640K, reserved 327680K
}
Event: 6.259 GC heap before
{Heap before GC invocations=2 (full 0):
 garbage-first heap   total 262144K, used 158324K [0x00000000e0000000, 0x0000000100000000)
  region size 1024K, 144 young (147456K), 2 survivors (2048K)
 Metaspace       used 21153K, committed 21504K, reserved 393216K
  class space    used 3095K, committed 3264K, reserved 327680K
}
Event: 6.273 GC heap after
{Heap after GC invocations=3 (full 0):
 garbage-first heap   total 262144K, used 24142K [0x00000000e0000000, 0x0000000100000000)
  region size 1024K, 13 young (13312K), 13 survivors (13312K)
 Metaspace       used 21153K, committed 21504K, reserved 393216K
  class space    used 3095K, committed 3264K, reserved 327680K
}
Event: 9.316 GC heap before
{Heap before GC invocations=4 (full 0):
 garbage-first heap   total 262144K, used 126542K [0x00000000e0000000, 0x0000000100000000)
  region size 1024K, 115 young (117760K), 13 survivors (13312K)
 Metaspace       used 35528K, committed 35968K, reserved 393216K
  class space    used 5042K, committed 5248K, reserved 327680K
}
Event: 9.331 GC heap after
{Heap after GC invocations=5 (full 0):
 garbage-first heap   total 262144K, used 32662K [0x00000000e0000000, 0x0000000100000000)
  region size 1024K, 9 young (9216K), 9 survivors (9216K)
 Metaspace       used 35528K, committed 35968K, reserved 393216K
  class space    used 5042K, committed 5248K, reserved 327680K
}
Event: 9.374 GC heap before
{Heap before GC invocations=5 (full 0):
 garbage-first heap   total 262144K, used 35734K [0x00000000e0000000, 0x0000000100000000)
  region size 1024K, 12 young (12288K), 9 survivors (9216K)
 Metaspace       used 35705K, committed 36160K, reserved 393216K
  class space    used 5056K, committed 5248K, reserved 327680K
}
Event: 9.382 GC heap after
{Heap after GC invocations=6 (full 0):
 garbage-first heap   total 262144K, used 33226K [0x00000000e0000000, 0x0000000100000000)
  region size 1024K, 2 young (2048K), 2 survivors (2048K)
 Metaspace       used 35705K, committed 36160K, reserved 393216K
  class space    used 5056K, committed 5248K, reserved 327680K
}
Event: 9.514 GC heap before
{Heap before GC invocations=6 (full 0):
 garbage-first heap   total 262144K, used 48586K [0x00000000e0000000, 0x0000000100000000)
  region size 1024K, 18 young (18432K), 2 survivors (2048K)
 Metaspace       used 35875K, committed 36288K, reserved 393216K
  class space    used 5070K, committed 5248K, reserved 327680K
}
Event: 9.516 GC heap after
{Heap after GC invocations=7 (full 0):
 garbage-first heap   total 262144K, used 33504K [0x00000000e0000000, 0x0000000100000000)
  region size 1024K, 2 young (2048K), 2 survivors (2048K)
 Metaspace       used 35875K, committed 36288K, reserved 393216K
  class space    used 5070K, committed 5248K, reserved 327680K
}
Event: 13.595 GC heap before
{Heap before GC invocations=8 (full 0):
 garbage-first heap   total 262144K, used 194272K [0x00000000e0000000, 0x0000000100000000)
  region size 1024K, 153 young (156672K), 2 survivors (2048K)
 Metaspace       used 48767K, committed 49344K, reserved 393216K
  class space    used 6874K, committed 7168K, reserved 327680K
}
Event: 13.612 GC heap after
{Heap after GC invocations=9 (full 0):
 garbage-first heap   total 262144K, used 44629K [0x00000000e0000000, 0x0000000100000000)
  region size 1024K, 13 young (13312K), 13 survivors (13312K)
 Metaspace       used 48767K, committed 49344K, reserved 393216K
  class space    used 6874K, committed 7168K, reserved 327680K
}
Event: 17.884 GC heap before
{Heap before GC invocations=9 (full 0):
 garbage-first heap   total 262144K, used 192085K [0x00000000e0000000, 0x0000000100000000)
  region size 1024K, 153 young (156672K), 13 survivors (13312K)
 Metaspace       used 51126K, committed 51776K, reserved 393216K
  class space    used 7094K, committed 7424K, reserved 327680K
}
Event: 17.904 GC heap after
{Heap after GC invocations=10 (full 0):
 garbage-first heap   total 262144K, used 59826K [0x00000000e0000000, 0x0000000100000000)
  region size 1024K, 12 young (12288K), 12 survivors (12288K)
 Metaspace       used 51126K, committed 51776K, reserved 393216K
  class space    used 7094K, committed 7424K, reserved 327680K
}

Dll operation events (15 events):
Event: 0.013 Loaded shared library C:\Program Files\Microsoft\jdk-17.0.15.6-hotspot\bin\java.dll
Event: 0.031 Loaded shared library C:\Program Files\Microsoft\jdk-17.0.15.6-hotspot\bin\jsvml.dll
Event: 0.074 Loaded shared library C:\Program Files\Microsoft\jdk-17.0.15.6-hotspot\bin\zip.dll
Event: 0.080 Loaded shared library C:\Program Files\Microsoft\jdk-17.0.15.6-hotspot\bin\instrument.dll
Event: 0.084 Loaded shared library C:\Program Files\Microsoft\jdk-17.0.15.6-hotspot\bin\net.dll
Event: 0.087 Loaded shared library C:\Program Files\Microsoft\jdk-17.0.15.6-hotspot\bin\nio.dll
Event: 0.089 Loaded shared library C:\Program Files\Microsoft\jdk-17.0.15.6-hotspot\bin\zip.dll
Event: 0.424 Loaded shared library C:\Program Files\Microsoft\jdk-17.0.15.6-hotspot\bin\jimage.dll
Event: 0.742 Loaded shared library C:\Program Files\Microsoft\jdk-17.0.15.6-hotspot\bin\verify.dll
Event: 1.094 Loaded shared library C:\Users\HP\.gradle\native\c067742578af261105cb4f569cf0c3c89f3d7b1fecec35dd04571415982c5e48\windows-amd64\native-platform.dll
Event: 1.106 Loaded shared library C:\Users\HP\.gradle\native\100fb08df4bc3b14c8652ba06237920a3bd2aa13389f12d3474272988ae205f9\windows-amd64\native-platform-file-events.dll
Event: 2.564 Loaded shared library C:\Program Files\Microsoft\jdk-17.0.15.6-hotspot\bin\management.dll
Event: 2.568 Loaded shared library C:\Program Files\Microsoft\jdk-17.0.15.6-hotspot\bin\management_ext.dll
Event: 2.851 Loaded shared library C:\Program Files\Microsoft\jdk-17.0.15.6-hotspot\bin\extnet.dll
Event: 3.314 Loaded shared library C:\Program Files\Microsoft\jdk-17.0.15.6-hotspot\bin\sunmscapi.dll

Deoptimization events (20 events):
Event: 20.777 Thread 0x000001a8fdfd4310 Uncommon trap: trap_request=0xffffffc6 fr.pc=0x000001a8f0bcd544 relative=0x0000000000000184
Event: 20.777 Thread 0x000001a8fdfd4310 Uncommon trap: reason=bimorphic_or_optimized_type_check action=maybe_recompile pc=0x000001a8f0bcd544 method=java.util.stream.ReduceOps$ReduceOp.evaluateSequential(Ljava/util/stream/PipelineHelper;Ljava/util/Spliterator;)Ljava/lang/Object; @ 2 c2
Event: 20.778 Thread 0x000001a8fdfd4310 DEOPT PACKING pc=0x000001a8f0bcd544 sp=0x0000008447cf62f0
Event: 20.778 Thread 0x000001a8fdfd4310 DEOPT UNPACKING pc=0x000001a8f01f69a3 sp=0x0000008447cf6270 mode 2
Event: 20.779 Thread 0x000001a8fdfd4310 Uncommon trap: trap_request=0xffffffc6 fr.pc=0x000001a8f0bcd544 relative=0x0000000000000184
Event: 20.779 Thread 0x000001a8fdfd4310 Uncommon trap: reason=bimorphic_or_optimized_type_check action=maybe_recompile pc=0x000001a8f0bcd544 method=java.util.stream.ReduceOps$ReduceOp.evaluateSequential(Ljava/util/stream/PipelineHelper;Ljava/util/Spliterator;)Ljava/lang/Object; @ 2 c2
Event: 20.779 Thread 0x000001a8fdfd4310 DEOPT PACKING pc=0x000001a8f0bcd544 sp=0x0000008447cf62f0
Event: 20.779 Thread 0x000001a8fdfd4310 DEOPT UNPACKING pc=0x000001a8f01f69a3 sp=0x0000008447cf6270 mode 2
Event: 20.808 Thread 0x000001a8fdfd4310 Uncommon trap: trap_request=0xffffffc6 fr.pc=0x000001a8f0bcd544 relative=0x0000000000000184
Event: 20.808 Thread 0x000001a8fdfd4310 Uncommon trap: reason=bimorphic_or_optimized_type_check action=maybe_recompile pc=0x000001a8f0bcd544 method=java.util.stream.ReduceOps$ReduceOp.evaluateSequential(Ljava/util/stream/PipelineHelper;Ljava/util/Spliterator;)Ljava/lang/Object; @ 2 c2
Event: 20.808 Thread 0x000001a8fdfd4310 DEOPT PACKING pc=0x000001a8f0bcd544 sp=0x0000008447cf62e0
Event: 20.808 Thread 0x000001a8fdfd4310 DEOPT UNPACKING pc=0x000001a8f01f69a3 sp=0x0000008447cf6260 mode 2
Event: 20.860 Thread 0x000001a8fdfd4310 Uncommon trap: trap_request=0xffffff45 fr.pc=0x000001a8f093f490 relative=0x0000000000000110
Event: 20.860 Thread 0x000001a8fdfd4310 Uncommon trap: reason=unstable_if action=reinterpret pc=0x000001a8f093f490 method=jdk.internal.org.objectweb.asm.ByteVector.putInt(I)Ljdk/internal/org/objectweb/asm/ByteVector; @ 13 c2
Event: 20.860 Thread 0x000001a8fdfd4310 DEOPT PACKING pc=0x000001a8f093f490 sp=0x0000008447cf6200
Event: 20.860 Thread 0x000001a8fdfd4310 DEOPT UNPACKING pc=0x000001a8f01f69a3 sp=0x0000008447cf6198 mode 2
Event: 20.953 Thread 0x000001a8fdfd4310 Uncommon trap: trap_request=0xffffffdc fr.pc=0x000001a8f0c754c0 relative=0x00000000000002a0
Event: 20.953 Thread 0x000001a8fdfd4310 Uncommon trap: reason=class_check action=make_not_entrant pc=0x000001a8f0c754c0 method=java.util.ArrayList.toArray([Ljava/lang/Object;)[Ljava/lang/Object; @ 21 c2
Event: 20.953 Thread 0x000001a8fdfd4310 DEOPT PACKING pc=0x000001a8f0c754c0 sp=0x0000008447cf6a30
Event: 20.953 Thread 0x000001a8fdfd4310 DEOPT UNPACKING pc=0x000001a8f01f69a3 sp=0x0000008447cf6a00 mode 2

Classes loaded (20 events):
Event: 20.778 Loading class java/lang/management/ClassLoadingMXBean
Event: 20.779 Loading class java/lang/management/ClassLoadingMXBean done
Event: 20.779 Loading class sun/management/ClassLoadingImpl
Event: 20.779 Loading class sun/management/ClassLoadingImpl done
Event: 20.804 Loading class java/lang/management/ThreadMXBean
Event: 20.808 Loading class java/lang/management/ThreadMXBean done
Event: 20.808 Loading class com/sun/management/internal/HotSpotThreadImpl
Event: 20.814 Loading class com/sun/management/ThreadMXBean
Event: 20.817 Loading class com/sun/management/ThreadMXBean done
Event: 20.817 Loading class sun/management/ThreadImpl
Event: 20.820 Loading class sun/management/ThreadImpl done
Event: 20.820 Loading class com/sun/management/internal/HotSpotThreadImpl done
Event: 20.821 Loading class java/util/Collections$SynchronizedRandomAccessList
Event: 20.824 Loading class java/util/Collections$SynchronizedList
Event: 20.825 Loading class java/util/Collections$SynchronizedList done
Event: 20.825 Loading class java/util/Collections$SynchronizedRandomAccessList done
Event: 20.842 Loading class java/util/concurrent/Executors$DefaultThreadFactory
Event: 20.842 Loading class java/util/concurrent/Executors$DefaultThreadFactory done
Event: 21.099 Loading class java/util/regex/Pattern$1
Event: 21.100 Loading class java/util/regex/Pattern$1 done

Classes unloaded (0 events):
No events

Classes redefined (0 events):
No events

Internal exceptions (20 events):
Event: 14.361 Thread 0x000001a8fdfd4820 Exception <a 'java/lang/NoSuchMethodError'{0x00000000ee6071c8}: static Lorg/gradle/internal/build/event/types/DefaultPluginApplicationResult;.<clinit>()V> (0x00000000ee6071c8) 
thrown [s\src\hotspot\share\prims\jni.cpp, line 1112]
Event: 14.363 Thread 0x000001a8fdfd4820 Exception <a 'java/lang/NoSuchMethodError'{0x00000000ee611600}: static Lorg/gradle/internal/build/event/types/DefaultBinaryPluginIdentifier;.<clinit>()V> (0x00000000ee611600) 
thrown [s\src\hotspot\share\prims\jni.cpp, line 1112]
Event: 14.367 Thread 0x000001a8fdfd4820 Exception <a 'java/lang/NoSuchMethodError'{0x00000000ee6ac450}: static Lorg/gradle/internal/build/event/types/DefaultScriptPluginIdentifier;.<clinit>()V> (0x00000000ee6ac450) 
thrown [s\src\hotspot\share\prims\jni.cpp, line 1112]
Event: 14.399 Thread 0x000001a8fdfd4310 Exception <a 'java/lang/NoSuchMethodError'{0x00000000ee509e48}: 'void java.lang.invoke.DirectMethodHandle$Holder.invokeSpecial(java.lang.Object, java.lang.Object, int)'> (0x00000000ee509e48) 
thrown [s\src\hotspot\share\interpreter\linkResolver.cpp, line 759]
Event: 14.408 Thread 0x000001a8fdfd4310 Exception <a 'java/lang/NoSuchMethodError'{0x00000000ee539148}: 'void java.lang.invoke.DirectMethodHandle$Holder.invokeVirtual(java.lang.Object, java.lang.Object)'> (0x00000000ee539148) 
thrown [s\src\hotspot\share\interpreter\linkResolver.cpp, line 759]
Event: 14.418 Thread 0x000001a8fdfd4310 Exception <a 'java/lang/NoSuchMethodError'{0x00000000ee56c690}: 'void java.lang.invoke.DirectMethodHandle$Holder.invokeStatic(java.lang.Object, int, java.lang.Object)'> (0x00000000ee56c690) 
thrown [s\src\hotspot\share\interpreter\linkResolver.cpp, line 759]
Event: 14.778 Thread 0x000001a8fdfd1fa0 Exception <a 'java/lang/NoSuchMethodError'{0x00000000edaa1fe8}: static Lorg/gradle/internal/classloader/ClassLoaderSpec;.<clinit>()V> (0x00000000edaa1fe8) 
thrown [s\src\hotspot\share\prims\jni.cpp, line 1112]
Event: 14.779 Thread 0x000001a8fdfd1fa0 Exception <a 'java/lang/NoSuchMethodError'{0x00000000edaae120}: static Lorg/gradle/internal/classloader/VisitableURLClassLoader$Spec;.<clinit>()V> (0x00000000edaae120) 
thrown [s\src\hotspot\share\prims\jni.cpp, line 1112]
Event: 15.696 Thread 0x000001a8fdfd4310 Exception <a 'sun/nio/fs/WindowsException'{0x00000000ed699200}> (0x00000000ed699200) 
thrown [s\src\hotspot\share\prims\jni.cpp, line 516]
Event: 15.698 Thread 0x000001a8fdfd4310 Exception <a 'sun/nio/fs/WindowsException'{0x00000000ed69a950}> (0x00000000ed69a950) 
thrown [s\src\hotspot\share\prims\jni.cpp, line 516]
Event: 15.698 Thread 0x000001a8fdfd4310 Exception <a 'sun/nio/fs/WindowsException'{0x00000000ed69c090}> (0x00000000ed69c090) 
thrown [s\src\hotspot\share\prims\jni.cpp, line 516]
Event: 15.699 Thread 0x000001a8fdfd4310 Exception <a 'sun/nio/fs/WindowsException'{0x00000000ed69d7a8}> (0x00000000ed69d7a8) 
thrown [s\src\hotspot\share\prims\jni.cpp, line 516]
Event: 15.768 Thread 0x000001a8fdfd4310 Exception <a 'java/lang/ClassNotFoundException'{0x00000000ed447f80}: build_e6g2xtden2z60om4qeazb2auaBeanInfo> (0x00000000ed447f80) 
thrown [s\src\hotspot\share\classfile\systemDictionary.cpp, line 256]
Event: 15.769 Thread 0x000001a8fdfd4310 Exception <a 'java/lang/ClassNotFoundException'{0x00000000ed44f188}: build_e6g2xtden2z60om4qeazb2auaCustomizer> (0x00000000ed44f188) 
thrown [s\src\hotspot\share\classfile\systemDictionary.cpp, line 256]
Event: 15.801 Thread 0x000001a8fdfd4310 Exception <a 'java/lang/ClassNotFoundException'{0x00000000ed4c5ba0}: build_e6g2xtden2z60om4qeazb2aua$_run_closure1BeanInfo> (0x00000000ed4c5ba0) 
thrown [s\src\hotspot\share\classfile\systemDictionary.cpp, line 256]
Event: 15.802 Thread 0x000001a8fdfd4310 Exception <a 'java/lang/ClassNotFoundException'{0x00000000ed4cd998}: build_e6g2xtden2z60om4qeazb2aua$_run_closure1Customizer> (0x00000000ed4cd998) 
thrown [s\src\hotspot\share\classfile\systemDictionary.cpp, line 256]
Event: 17.010 Thread 0x000001a89b099070 Implicit null exception at 0x000001a8f0b81b86 to 0x000001a8f0b82238
Event: 18.600 Thread 0x000001a8fdfd4310 Exception <a 'java/lang/ClassNotFoundException'{0x00000000ec81c988}: build_e6g2xtden2z60om4qeazb2auaBeanInfo> (0x00000000ec81c988) 
thrown [s\src\hotspot\share\classfile\systemDictionary.cpp, line 256]
Event: 18.600 Thread 0x000001a8fdfd4310 Exception <a 'java/lang/ClassNotFoundException'{0x00000000ec823b08}: build_e6g2xtden2z60om4qeazb2auaCustomizer> (0x00000000ec823b08) 
thrown [s\src\hotspot\share\classfile\systemDictionary.cpp, line 256]
Event: 21.088 Thread 0x000001a8fdfd4310 Exception <a 'java/lang/NoSuchMethodError'{0x00000000e78f86b0}: 'void java.lang.invoke.DirectMethodHandle$Holder.invokeInterface(java.lang.Object, java.lang.Object, java.lang.Object, java.lang.Object)'> (0x00000000e78f86b0) 
thrown [s\src\hotspot\share\interpreter\linkResolver.cpp, line 759]

VM Operations (20 events):
Event: 16.678 Executing VM operation: ICBufferFull
Event: 16.678 Executing VM operation: ICBufferFull done
Event: 16.978 Executing VM operation: ICBufferFull
Event: 16.978 Executing VM operation: ICBufferFull done
Event: 17.362 Executing VM operation: ICBufferFull
Event: 17.362 Executing VM operation: ICBufferFull done
Event: 17.876 Executing VM operation: ICBufferFull
Event: 17.876 Executing VM operation: ICBufferFull done
Event: 17.884 Executing VM operation: G1CollectForAllocation
Event: 17.904 Executing VM operation: G1CollectForAllocation done
Event: 18.773 Executing VM operation: HandshakeAllThreads
Event: 18.773 Executing VM operation: HandshakeAllThreads done
Event: 19.042 Executing VM operation: ICBufferFull
Event: 19.043 Executing VM operation: ICBufferFull done
Event: 20.048 Executing VM operation: Cleanup
Event: 20.049 Executing VM operation: Cleanup done
Event: 20.068 Executing VM operation: HandshakeAllThreads
Event: 20.068 Executing VM operation: HandshakeAllThreads done
Event: 21.082 Executing VM operation: Cleanup
Event: 21.083 Executing VM operation: Cleanup done

Memory protections (0 events):
No events

Nmethod flushes (20 events):
Event: 10.550 Thread 0x000001a8fc14ecb0 flushing  nmethod 0x000001a8e943ee10
Event: 10.550 Thread 0x000001a8fc14ecb0 flushing  nmethod 0x000001a8e943f490
Event: 10.550 Thread 0x000001a8fc14ecb0 flushing  nmethod 0x000001a8e943fc90
Event: 10.550 Thread 0x000001a8fc14ecb0 flushing  nmethod 0x000001a8e9440210
Event: 10.550 Thread 0x000001a8fc14ecb0 flushing  nmethod 0x000001a8e9456d90
Event: 10.550 Thread 0x000001a8fc14ecb0 flushing  nmethod 0x000001a8e9457190
Event: 10.550 Thread 0x000001a8fc14ecb0 flushing  nmethod 0x000001a8e9463f10
Event: 10.550 Thread 0x000001a8fc14ecb0 flushing  nmethod 0x000001a8e9464310
Event: 10.550 Thread 0x000001a8fc14ecb0 flushing  nmethod 0x000001a8e946c810
Event: 10.550 Thread 0x000001a8fc14ecb0 flushing  nmethod 0x000001a8e946d390
Event: 10.550 Thread 0x000001a8fc14ecb0 flushing  nmethod 0x000001a8e946db90
Event: 10.550 Thread 0x000001a8fc14ecb0 flushing  nmethod 0x000001a8e946e610
Event: 10.550 Thread 0x000001a8fc14ecb0 flushing  nmethod 0x000001a8e946eb90
Event: 10.550 Thread 0x000001a8fc14ecb0 flushing  nmethod 0x000001a8e9471390
Event: 10.550 Thread 0x000001a8fc14ecb0 flushing  nmethod 0x000001a8e9478710
Event: 10.550 Thread 0x000001a8fc14ecb0 flushing  nmethod 0x000001a8e947bb90
Event: 10.550 Thread 0x000001a8fc14ecb0 flushing  nmethod 0x000001a8e9490d90
Event: 10.550 Thread 0x000001a8fc14ecb0 flushing  nmethod 0x000001a8e94d3090
Event: 14.603 Thread 0x000001a8fc14ecb0 flushing  nmethod 0x000001a8e8d30910
Event: 14.608 Thread 0x000001a8fc14ecb0 flushing  nmethod 0x000001a8e9154890

Events (20 events):
Event: 16.713 Thread 0x000001a8fdfd4310 Thread added: 0x000001a89b099070
Event: 16.715 Thread 0x000001a8fdfd4310 Thread added: 0x000001a89b099580
Event: 16.719 Thread 0x000001a8fdfd4310 Thread added: 0x000001a89b097210
Event: 16.725 Thread 0x000001a8fdfd4310 Thread added: 0x000001a8fe3b6330
Event: 16.729 Thread 0x000001a8fdfd4310 Thread added: 0x000001a8fe3b7260
Event: 16.732 Thread 0x000001a8fdfd4310 Thread added: 0x000001a8fe3b3fc0
Event: 17.237 Thread 0x000001a8fdfd4310 Thread added: 0x000001a8fdfd24b0
Event: 17.239 Thread 0x000001a8fdfd4310 Thread added: 0x000001a8fdfd1070
Event: 17.240 Thread 0x000001a8fdfd4310 Thread added: 0x000001a8fdfd29c0
Event: 17.240 Thread 0x000001a8fdfd4310 Thread added: 0x000001a8fdfd33e0
Event: 17.241 Thread 0x000001a8fdfd4310 Thread added: 0x000001a8fdfd4820
Event: 17.242 Thread 0x000001a8fdfd4310 Thread added: 0x000001a8994edd70
Event: 17.242 Thread 0x000001a8fdfd4310 Thread added: 0x000001a8994ee790
Event: 17.243 Thread 0x000001a8fdfd4310 Thread added: 0x000001a8994ee280
Event: 17.244 Thread 0x000001a8fdfd4310 Thread added: 0x000001a8994ebf10
Event: 17.245 Thread 0x000001a8fdfd4310 Thread added: 0x000001a8994ed860
Event: 17.246 Thread 0x000001a8fdfd4310 Thread added: 0x000001a8994ec420
Event: 18.832 Thread 0x000001a8fc1a5f50 Thread exited: 0x000001a8fc1a5f50
Event: 20.341 Thread 0x000001a8fc1a7f30 Thread exited: 0x000001a8fc1a7f30
Event: 20.381 Thread 0x000001a8fc14e3a0 Thread added: 0x000001a8fc1a7f30


Dynamic libraries:
0x00007ff77d7d0000 - 0x00007ff77d7de000 	C:\Program Files\Microsoft\jdk-17.0.15.6-hotspot\bin\java.exe
0x00007ff8dc440000 - 0x00007ff8dc6a7000 	C:\WINDOWS\SYSTEM32\ntdll.dll
0x00007ff8db7d0000 - 0x00007ff8db899000 	C:\WINDOWS\System32\KERNEL32.DLL
0x00007ff8d9bd0000 - 0x00007ff8d9fc1000 	C:\WINDOWS\System32\KERNELBASE.dll
0x00007ff8d9fd0000 - 0x00007ff8da11b000 	C:\WINDOWS\System32\ucrtbase.dll
0x00007ff897430000 - 0x00007ff897447000 	C:\Program Files\Microsoft\jdk-17.0.15.6-hotspot\bin\jli.dll
0x00007ff8b9530000 - 0x00007ff8b954d000 	C:\Program Files\Microsoft\jdk-17.0.15.6-hotspot\bin\VCRUNTIME140.dll
0x00007ff8db410000 - 0x00007ff8db5d5000 	C:\WINDOWS\System32\USER32.dll
0x00007ff8b8ca0000 - 0x00007ff8b8f33000 	C:\WINDOWS\WinSxS\amd64_microsoft.windows.common-controls_6595b64144ccf1df_6.0.26100.7922_none_3e089e1ee3342171\COMCTL32.dll
0x00007ff8d9970000 - 0x00007ff8d9997000 	C:\WINDOWS\System32\win32u.dll
0x00007ff8da2b0000 - 0x00007ff8da359000 	C:\WINDOWS\System32\msvcrt.dll
0x00007ff8dbed0000 - 0x00007ff8dbefb000 	C:\WINDOWS\System32\GDI32.dll
0x00007ff8d97b0000 - 0x00007ff8d98da000 	C:\WINDOWS\System32\gdi32full.dll
0x00007ff8d9b20000 - 0x00007ff8d9bc3000 	C:\WINDOWS\System32\msvcp_win.dll
0x00007ff8da360000 - 0x00007ff8da391000 	C:\WINDOWS\System32\IMM32.DLL
0x00007ff899b90000 - 0x00007ff899b9c000 	C:\Program Files\Microsoft\jdk-17.0.15.6-hotspot\bin\vcruntime140_1.dll
0x00007ff83d120000 - 0x00007ff83d1ad000 	C:\Program Files\Microsoft\jdk-17.0.15.6-hotspot\bin\msvcp140.dll
0x00007ff834070000 - 0x00007ff834ce2000 	C:\Program Files\Microsoft\jdk-17.0.15.6-hotspot\bin\server\jvm.dll
0x00007ff8db220000 - 0x00007ff8db2db000 	C:\WINDOWS\System32\ADVAPI32.dll
0x00007ff8da9f0000 - 0x00007ff8daa97000 	C:\WINDOWS\System32\sechost.dll
0x00007ff8db2e0000 - 0x00007ff8db3f8000 	C:\WINDOWS\System32\RPCRT4.dll
0x00007ff8db740000 - 0x00007ff8db7b4000 	C:\WINDOWS\System32\WS2_32.dll
0x00007ff8d0b20000 - 0x00007ff8d0b55000 	C:\WINDOWS\SYSTEM32\WINMM.dll
0x00007ff8d8b80000 - 0x00007ff8d8bde000 	C:\WINDOWS\SYSTEM32\POWRPROF.dll
0x00007ff8c6ef0000 - 0x00007ff8c6efb000 	C:\WINDOWS\SYSTEM32\VERSION.dll
0x00007ff8d8b60000 - 0x00007ff8d8b74000 	C:\WINDOWS\SYSTEM32\UMPDC.dll
0x00007ff8d7ab0000 - 0x00007ff8d7acb000 	C:\WINDOWS\SYSTEM32\kernel.appcore.dll
0x00007ff897890000 - 0x00007ff89789a000 	C:\Program Files\Microsoft\jdk-17.0.15.6-hotspot\bin\jimage.dll
0x00007ff8d6bc0000 - 0x00007ff8d6e02000 	C:\WINDOWS\SYSTEM32\DBGHELP.DLL
0x00007ff8dbf70000 - 0x00007ff8dc2f2000 	C:\WINDOWS\System32\combase.dll
0x00007ff8dbb90000 - 0x00007ff8dbc67000 	C:\WINDOWS\System32\OLEAUT32.dll
0x00007ff8b6050000 - 0x00007ff8b608b000 	C:\WINDOWS\SYSTEM32\dbgcore.DLL
0x00007ff8d9700000 - 0x00007ff8d97a5000 	C:\WINDOWS\System32\bcryptPrimitives.dll
0x00007ff88e7d0000 - 0x00007ff88e7de000 	C:\Program Files\Microsoft\jdk-17.0.15.6-hotspot\bin\instrument.dll
0x00007ff897400000 - 0x00007ff897425000 	C:\Program Files\Microsoft\jdk-17.0.15.6-hotspot\bin\java.dll
0x00007ff83d040000 - 0x00007ff83d116000 	C:\Program Files\Microsoft\jdk-17.0.15.6-hotspot\bin\jsvml.dll
0x00007ff8daab0000 - 0x00007ff8db20f000 	C:\WINDOWS\System32\SHELL32.dll
0x00007ff8d8d20000 - 0x00007ff8d8e8a000 	C:\WINDOWS\System32\wintypes.dll
0x00007ff8d8e90000 - 0x00007ff8d96f4000 	C:\WINDOWS\System32\windows.storage.dll
0x00007ff8dbdd0000 - 0x00007ff8dbec7000 	C:\WINDOWS\System32\SHCORE.dll
0x00007ff8dbf00000 - 0x00007ff8dbf67000 	C:\WINDOWS\System32\shlwapi.dll
0x00007ff8d8c40000 - 0x00007ff8d8c69000 	C:\WINDOWS\SYSTEM32\profapi.dll
0x00007ff8838b0000 - 0x00007ff8838c8000 	C:\Program Files\Microsoft\jdk-17.0.15.6-hotspot\bin\zip.dll
0x00007ff88a720000 - 0x00007ff88a73a000 	C:\Program Files\Microsoft\jdk-17.0.15.6-hotspot\bin\net.dll
0x00007ff8cda60000 - 0x00007ff8cdb87000 	C:\WINDOWS\SYSTEM32\WINHTTP.dll
0x00007ff8d8020000 - 0x00007ff8d808b000 	C:\WINDOWS\system32\mswsock.dll
0x00007ff88a700000 - 0x00007ff88a716000 	C:\Program Files\Microsoft\jdk-17.0.15.6-hotspot\bin\nio.dll
0x00007ff8976e0000 - 0x00007ff8976f0000 	C:\Program Files\Microsoft\jdk-17.0.15.6-hotspot\bin\verify.dll
0x00007ff886160000 - 0x00007ff886187000 	C:\Users\HP\.gradle\native\c067742578af261105cb4f569cf0c3c89f3d7b1fecec35dd04571415982c5e48\windows-amd64\native-platform.dll
0x00007ff8796e0000 - 0x00007ff879824000 	C:\Users\HP\.gradle\native\100fb08df4bc3b14c8652ba06237920a3bd2aa13389f12d3474272988ae205f9\windows-amd64\native-platform-file-events.dll
0x00007ff894870000 - 0x00007ff89487a000 	C:\Program Files\Microsoft\jdk-17.0.15.6-hotspot\bin\management.dll
0x00007ff893630000 - 0x00007ff89363b000 	C:\Program Files\Microsoft\jdk-17.0.15.6-hotspot\bin\management_ext.dll
0x00007ff8db7c0000 - 0x00007ff8db7c8000 	C:\WINDOWS\System32\PSAPI.DLL
0x00007ff8d8300000 - 0x00007ff8d831b000 	C:\WINDOWS\SYSTEM32\CRYPTSP.dll
0x00007ff8d7a10000 - 0x00007ff8d7a49000 	C:\WINDOWS\system32\rsaenh.dll
0x00007ff8d80d0000 - 0x00007ff8d8102000 	C:\WINDOWS\SYSTEM32\USERENV.dll
0x00007ff8d8c10000 - 0x00007ff8d8c3a000 	C:\WINDOWS\SYSTEM32\bcrypt.dll
0x00007ff8d8320000 - 0x00007ff8d832c000 	C:\WINDOWS\SYSTEM32\CRYPTBASE.dll
0x00007ff8d7470000 - 0x00007ff8d74a3000 	C:\WINDOWS\SYSTEM32\IPHLPAPI.DLL
0x00007ff8daaa0000 - 0x00007ff8daaaa000 	C:\WINDOWS\System32\NSI.dll
0x00007ff8d0ef0000 - 0x00007ff8d0f0d000 	C:\WINDOWS\SYSTEM32\dhcpcsvc6.DLL
0x00007ff8cfb00000 - 0x00007ff8cfb23000 	C:\WINDOWS\SYSTEM32\dhcpcsvc.DLL
0x00007ff8d7500000 - 0x00007ff8d762a000 	C:\WINDOWS\SYSTEM32\DNSAPI.dll
0x00007ff893090000 - 0x00007ff893099000 	C:\Program Files\Microsoft\jdk-17.0.15.6-hotspot\bin\extnet.dll
0x00007ff88de20000 - 0x00007ff88de2e000 	C:\Program Files\Microsoft\jdk-17.0.15.6-hotspot\bin\sunmscapi.dll
0x00007ff8d99a0000 - 0x00007ff8d9b17000 	C:\WINDOWS\System32\CRYPT32.dll
0x00007ff8d8520000 - 0x00007ff8d8550000 	C:\WINDOWS\SYSTEM32\ncrypt.dll
0x00007ff8d84d0000 - 0x00007ff8d850f000 	C:\WINDOWS\SYSTEM32\NTASN1.dll
0x00007ff8c4030000 - 0x00007ff8c4038000 	C:\WINDOWS\system32\wshunix.dll

dbghelp: loaded successfully - version: 4.0.5 - missing functions: none
symbol engine: initialized successfully - sym options: 0x614 - pdb path: .;C:\Program Files\Microsoft\jdk-17.0.15.6-hotspot\bin;C:\WINDOWS\SYSTEM32;C:\WINDOWS\WinSxS\amd64_microsoft.windows.common-controls_6595b64144ccf1df_6.0.26100.7922_none_3e089e1ee3342171;C:\Program Files\Microsoft\jdk-17.0.15.6-hotspot\bin\server;C:\Users\HP\.gradle\native\c067742578af261105cb4f569cf0c3c89f3d7b1fecec35dd04571415982c5e48\windows-amd64;C:\Users\HP\.gradle\native\100fb08df4bc3b14c8652ba06237920a3bd2aa13389f12d3474272988ae205f9\windows-amd64

VM Arguments:
jvm_args: --add-opens=java.base/java.util=ALL-UNNAMED --add-opens=java.base/java.lang=ALL-UNNAMED --add-opens=java.base/java.lang.invoke=ALL-UNNAMED --add-opens=java.prefs/java.util.prefs=ALL-UNNAMED --add-exports=jdk.compiler/com.sun.tools.javac.api=ALL-UNNAMED --add-exports=jdk.compiler/com.sun.tools.javac.util=ALL-UNNAMED --add-opens=java.base/java.nio.charset=ALL-UNNAMED --add-opens=java.base/java.net=ALL-UNNAMED --add-opens=java.base/java.util.concurrent.atomic=ALL-UNNAMED -XX:MaxMetaspaceSize=384m -XX:+HeapDumpOnOutOfMemoryError -Xms256m -Xmx512m -Dfile.encoding=utf8 -Duser.country=IN -Duser.language=en -Duser.variant -javaagent:C:\Users\HP\.gradle\wrapper\dists\gradle-8.9-bin\90cnw93cvbtalezasaz0blq0a\gradle-8.9\lib\agents\gradle-instrumentation-agent-8.9.jar 
java_command: org.gradle.launcher.daemon.bootstrap.GradleDaemon 8.9
java_class_path (initial): C:\Users\HP\.gradle\wrapper\dists\gradle-8.9-bin\90cnw93cvbtalezasaz0blq0a\gradle-8.9\lib\gradle-daemon-main-8.9.jar
Launcher Type: SUN_STANDARD

[Global flags]
     intx CICompilerCount                          = 4                                         {product} {ergonomic}
   size_t CompressedClassSpaceSize                 = 335544320                                 {product} {ergonomic}
     uint ConcGCThreads                            = 3                                         {product} {ergonomic}
     uint G1ConcRefinementThreads                  = 10                                        {product} {ergonomic}
   size_t G1HeapRegionSize                         = 1048576                                   {product} {ergonomic}
    uintx GCDrainStackTargetSize                   = 64                                        {product} {ergonomic}
     bool HeapDumpOnOutOfMemoryError               = true                                   {manageable} {command line}
   size_t InitialHeapSize                          = 268435456                                 {product} {command line}
   size_t MarkStackSize                            = 4194304                                   {product} {ergonomic}
   size_t MaxHeapSize                              = 536870912                                 {product} {command line}
   size_t MaxMetaspaceSize                         = 402653184                                 {product} {command line}
   size_t MaxNewSize                               = 321912832                                 {product} {ergonomic}
   size_t MinHeapDeltaBytes                        = 1048576                                   {product} {ergonomic}
   size_t MinHeapSize                              = 268435456                                 {product} {command line}
    uintx NonNMethodCodeHeapSize                   = 5839372                                {pd product} {ergonomic}
    uintx NonProfiledCodeHeapSize                  = 122909434                              {pd product} {ergonomic}
    uintx ProfiledCodeHeapSize                     = 122909434                              {pd product} {ergonomic}
    uintx ReservedCodeCacheSize                    = 251658240                              {pd product} {ergonomic}
     bool SegmentedCodeCache                       = true                                      {product} {ergonomic}
   size_t SoftMaxHeapSize                          = 536870912                              {manageable} {ergonomic}
     bool UseCompressedClassPointers               = true                           {product lp64_product} {ergonomic}
     bool UseCompressedOops                        = true                           {product lp64_product} {ergonomic}
     bool UseG1GC                                  = true                                      {product} {ergonomic}
     bool UseLargePagesIndividualAllocation        = false                                  {pd product} {ergonomic}

Logging:
Log output configuration:
 #0: stdout all=warning uptime,level,tags
 #1: stderr all=off uptime,level,tags

Environment Variables:
JAVA_HOME=C:\Program Files\Microsoft\jdk-17.0.15.6-hotspot
PATH=C:\Users\HP\AppData\Local\Programs\Microsoft VS Code;C:\Program Files\Microsoft\jdk-17.0.15.6-hotspot\bin;C:\WINDOWS\system32;C:\WINDOWS;C:\WINDOWS\System32\Wbem;C:\WINDOWS\System32\WindowsPowerShell\v1.0\;C:\WINDOWS\System32\OpenSSH\;C:\Program Files\Git\cmd;C:\Program Files\dotnet\;C:\ProgramData\chocolatey\bin;C:\Users\HP\AppData\Local\Android\Sdk\platform-tools;C:\Users\HP\AppData\Local\Android\Sdk;C:\Users\HP\AppData\Local\Android\Sdk\emulator;;C:\Program Files\Docker\Docker\resources\bin;C:\Program Files\PuTTY\;C:\Program Files\nodejs\;C:\Program Files\MySQL\MySQL Shell 8.0\bin\;C:\Users\HP\AppData\Local\Microsoft\WindowsApps;C:\Users\HP\AppData\Local\Programs\Microsoft VS Code\bin;C:\Users\HP\AppData\Local\Android\Sdk\platform-tools;C:\Users\HP\AppData\Local\Android\Sdk;C:\Users\HP\AppData\Local\Android\Sdk\emulator;C:\Users\HP\AppData\Roaming\npm
USERNAME=HP
OS=Windows_NT
PROCESSOR_IDENTIFIER=Intel64 Family 6 Model 154 Stepping 4, GenuineIntel
TMP=C:\Users\HP\AppData\Local\Temp
TEMP=C:\Users\HP\AppData\Local\Temp



Periodic native trim disabled


---------------  S Y S T E M  ---------------

OS:
 Windows 11 , 64 bit Build 26100 (10.0.26100.7920)
OS uptime: 13 days 22:16 hours
Hyper-V role detected

CPU: total 12 (initial active 12) (6 cores per cpu, 2 threads per core) family 6 model 154 stepping 4 microcode 0x432, cx8, cmov, fxsr, ht, mmx, 3dnowpref, sse, sse2, sse3, ssse3, sse4.1, sse4.2, popcnt, lzcnt, tsc, tscinvbit, avx, avx2, aes, erms, clmul, bmi1, bmi2, adx, sha, fma, vzeroupper, clflush, clflushopt, clwb, hv
Processor Information for processor 0
  Max Mhz: 1300, Current Mhz: 1300, Mhz Limit: 1300
Processor Information for processor 1
  Max Mhz: 1300, Current Mhz: 1300, Mhz Limit: 1300
Processor Information for processor 2
  Max Mhz: 1300, Current Mhz: 1300, Mhz Limit: 1300
Processor Information for processor 3
  Max Mhz: 1300, Current Mhz: 1300, Mhz Limit: 1300
Processor Information for processor 4
  Max Mhz: 1300, Current Mhz: 900, Mhz Limit: 897
Processor Information for processor 5
  Max Mhz: 1300, Current Mhz: 900, Mhz Limit: 897
Processor Information for processor 6
  Max Mhz: 1300, Current Mhz: 900, Mhz Limit: 897
Processor Information for processor 7
  Max Mhz: 1300, Current Mhz: 900, Mhz Limit: 897
Processor Information for processor 8
  Max Mhz: 1300, Current Mhz: 900, Mhz Limit: 897
Processor Information for processor 9
  Max Mhz: 1300, Current Mhz: 900, Mhz Limit: 897
Processor Information for processor 10
  Max Mhz: 1300, Current Mhz: 900, Mhz Limit: 897
Processor Information for processor 11
  Max Mhz: 1300, Current Mhz: 900, Mhz Limit: 897

Memory: 4k page, system-wide physical 7835M (549M free)
TotalPageFile size 31387M (AvailPageFile size 2M)
current process WorkingSet (physical memory assigned to process): 395M, peak: 432M
current process commit charge ("private bytes"): 511M, peak: 520M

vm_info: OpenJDK 64-Bit Server VM (17.0.15+6-LTS) for windows-amd64 JRE (17.0.15+6-LTS), built on Apr  9 2025 22:27:25 by "MicrosoftCorporation" with unknown MS VC++:1939

END.
