#
# There is insufficient memory for the Java Runtime Environment to continue.
# Native memory allocation (malloc) failed to allocate 1340784 bytes. Error detail: Chunk::new
# Possible reasons:
#   The system is out of physical RAM or swap space
#   This process is running with CompressedOops enabled, and the Java Heap may be blocking the growth of the native heap
# Possible solutions:
#   Reduce memory load on the system
#   Increase physical memory or swap space
#   Check if swap backing store is full
#   Decrease Java heap size (-Xmx/-Xms)
#   Decrease number of Java threads
#   Decrease Java thread stack sizes (-Xss)
#   Set larger code cache with -XX:ReservedCodeCacheSize=
#   JVM is running with Unscaled Compressed Oops mode in which the Java heap is
#     placed in the first 4GB address space. The Java Heap base address is the
#     maximum limit for the native heap growth. Please use -XX:HeapBaseMinAddress
#     to set the Java Heap base and to place the Java Heap above 4GB virtual address.
# This output file may be truncated or incomplete.
#
#  Out of Memory Error (arena.cpp:191), pid=25452, tid=8868
#
# JRE version: OpenJDK Runtime Environment Microsoft-11369865 (17.0.15+6) (build 17.0.15+6-LTS)
# Java VM: OpenJDK 64-Bit Server VM Microsoft-11369865 (17.0.15+6-LTS, mixed mode, sharing, tiered, compressed oops, compressed class ptrs, g1 gc, windows-amd64)
# No core dump will be written. Minidumps are not enabled by default on client versions of Windows
#

---------------  S U M M A R Y ------------

Command Line: --add-opens=java.base/java.util=ALL-UNNAMED --add-opens=java.base/java.lang=ALL-UNNAMED --add-opens=java.base/java.lang.invoke=ALL-UNNAMED --add-opens=java.prefs/java.util.prefs=ALL-UNNAMED --add-exports=jdk.compiler/com.sun.tools.javac.api=ALL-UNNAMED --add-exports=jdk.compiler/com.sun.tools.javac.util=ALL-UNNAMED --add-opens=java.base/java.nio.charset=ALL-UNNAMED --add-opens=java.base/java.net=ALL-UNNAMED --add-opens=java.base/java.util.concurrent.atomic=ALL-UNNAMED -XX:MaxMetaspaceSize=384m -XX:+HeapDumpOnOutOfMemoryError -Xms256m -Xmx512m -Dfile.encoding=utf8 -Duser.country=IN -Duser.language=en -Duser.variant -javaagent:C:\Users\HP\.gradle\wrapper\dists\gradle-8.9-bin\90cnw93cvbtalezasaz0blq0a\gradle-8.9\lib\agents\gradle-instrumentation-agent-8.9.jar org.gradle.launcher.daemon.bootstrap.GradleDaemon 8.9

Host: 12th Gen Intel(R) Core(TM) i5-1235U, 12 cores, 7G,  Windows 11 , 64 bit Build 26100 (10.0.26100.7920)
Time: Thu Mar 26 11:01:31 2026 India Standard Time elapsed time: 33.029992 seconds (0d 0h 0m 33s)

---------------  T H R E A D  ---------------

Current thread (0x00000212afc20b10):  JavaThread "C2 CompilerThread2" daemon [_thread_in_native, id=8868, stack(0x0000003decf00000,0x0000003ded000000)]


Current CompileTask:
C2:  33030 10355   !   4       org.gradle.internal.operations.DefaultBuildOperationRunner$2::execute (110 bytes)

Stack: [0x0000003decf00000,0x0000003ded000000]
Native frames: (J=compiled Java code, j=interpreted, Vv=VM code, C=native code)
V  [jvm.dll+0x6887a9]
V  [jvm.dll+0x83f5a8]
V  [jvm.dll+0x841053]
V  [jvm.dll+0x8416c3]
V  [jvm.dll+0x2496ef]
V  [jvm.dll+0xad134]
V  [jvm.dll+0xad7cc]
V  [jvm.dll+0x36af2e]
V  [jvm.dll+0x1bd065]
V  [jvm.dll+0x21aa7c]
V  [jvm.dll+0x219d3f]
V  [jvm.dll+0x1a55f6]
V  [jvm.dll+0x22a39a]
V  [jvm.dll+0x2284db]
V  [jvm.dll+0x7f4e28]
V  [jvm.dll+0x7ef2dc]
V  [jvm.dll+0x687687]
C  [ucrtbase.dll+0x37b0]
C  [KERNEL32.DLL+0x2e8d7]
C  [ntdll.dll+0x8c48c]


---------------  P R O C E S S  ---------------

Threads class SMR info:
_java_thread_list=0x00000212ae1d0fa0, length=82, elements={
0x00000212f52e48b0, 0x00000212924892c0, 0x0000021292489d90, 0x00000212924a1210,
0x00000212924a3af0, 0x00000212924a6b70, 0x00000212924a7440, 0x00000212924ac800,
0x00000212924c0820, 0x00000212924c18f0, 0x0000021292477320, 0x0000021292750490,
0x00000212ad0f3190, 0x00000212ada51260, 0x00000212ad67d130, 0x00000212add3a7e0,
0x00000212add38470, 0x00000212add398b0, 0x00000212add3b200, 0x00000212add3acf0,
0x00000212ade03f50, 0x00000212ade04e80, 0x00000212ade067d0, 0x00000212ade03a40,
0x00000212ade03020, 0x00000212ade062c0, 0x00000212aeee75e0, 0x00000212aeee6bc0,
0x00000212aeeead90, 0x00000212aeee8510, 0x00000212aeeeb2a0, 0x00000212aeeea370,
0x00000212aeeec1d0, 0x00000212aeee8a20, 0x00000212aeee8f30, 0x00000212af04f9d0,
0x00000212ac4c2430, 0x00000212af0a5410, 0x00000212b0676b90, 0x00000212b0676170,
0x00000212ac4c2940, 0x00000212ac4c1a10, 0x00000212ac4bf6a0, 0x00000212ac4c0ff0,
0x00000212ac4c05d0, 0x00000212ac4bf190, 0x00000212ac4bfbb0, 0x00000212ad1156d0,
0x00000212afc20b10, 0x00000212accffdc0, 0x00000212acd007e0, 0x00000212acd00cf0,
0x00000212accff3a0, 0x00000212acd002d0, 0x00000212accff8b0, 0x00000212ac1e0f60,
0x00000212ac1e32d0, 0x00000212ac1e1470, 0x00000212ac1e1e90, 0x00000212ac1e28b0,
0x00000212ac4c00c0, 0x00000212aedd1380, 0x00000212aedd1890, 0x00000212926435a0,
0x00000212aedd22b0, 0x00000212aedd27c0, 0x00000212ac1e2dc0, 0x00000212ac1e37e0,
0x00000212ad114290, 0x00000212ad114cb0, 0x00000212ad1147a0, 0x00000212af0503f0,
0x00000212ac4c1f20, 0x00000212ac4c0ae0, 0x00000212af348210, 0x00000212af345990,
0x00000212af348720, 0x00000212af3477f0, 0x00000212af345480, 0x00000212af344f70,
0x00000212af3463b0, 0x00000212af346dd0
}

Java Threads: ( => current thread )
  0x00000212f52e48b0 JavaThread "main" [_thread_blocked, id=20788, stack(0x0000003de8d00000,0x0000003de8e00000)]
  0x00000212924892c0 JavaThread "Reference Handler" daemon [_thread_blocked, id=14228, stack(0x0000003de9400000,0x0000003de9500000)]
  0x0000021292489d90 JavaThread "Finalizer" daemon [_thread_blocked, id=20276, stack(0x0000003de9500000,0x0000003de9600000)]
  0x00000212924a1210 JavaThread "Signal Dispatcher" daemon [_thread_blocked, id=2180, stack(0x0000003de9600000,0x0000003de9700000)]
  0x00000212924a3af0 JavaThread "Attach Listener" daemon [_thread_blocked, id=24868, stack(0x0000003de9700000,0x0000003de9800000)]
  0x00000212924a6b70 JavaThread "Service Thread" daemon [_thread_blocked, id=14836, stack(0x0000003de9800000,0x0000003de9900000)]
  0x00000212924a7440 JavaThread "Monitor Deflation Thread" daemon [_thread_blocked, id=29140, stack(0x0000003de9900000,0x0000003de9a00000)]
  0x00000212924ac800 JavaThread "C2 CompilerThread0" daemon [_thread_in_native, id=24764, stack(0x0000003de9a00000,0x0000003de9b00000)]
  0x00000212924c0820 JavaThread "C1 CompilerThread0" daemon [_thread_blocked, id=23424, stack(0x0000003de9b00000,0x0000003de9c00000)]
  0x00000212924c18f0 JavaThread "Sweeper thread" daemon [_thread_blocked, id=26616, stack(0x0000003de9c00000,0x0000003de9d00000)]
  0x0000021292477320 JavaThread "Common-Cleaner" daemon [_thread_blocked, id=29336, stack(0x0000003de9d00000,0x0000003de9e00000)]
  0x0000021292750490 JavaThread "Notification Thread" daemon [_thread_blocked, id=17784, stack(0x0000003de9e00000,0x0000003de9f00000)]
  0x00000212ad0f3190 JavaThread "Daemon health stats" [_thread_blocked, id=30968, stack(0x0000003dea700000,0x0000003dea800000)]
  0x00000212ada51260 JavaThread "Incoming local TCP Connector on port 65059" [_thread_in_native, id=8692, stack(0x0000003dea000000,0x0000003dea100000)]
  0x00000212ad67d130 JavaThread "Daemon periodic checks" [_thread_blocked, id=17412, stack(0x0000003dea100000,0x0000003dea200000)]
  0x00000212add3a7e0 JavaThread "Daemon" [_thread_blocked, id=24804, stack(0x0000003dea800000,0x0000003dea900000)]
  0x00000212add38470 JavaThread "Daemon worker" [_thread_in_native, id=1440, stack(0x0000003deab00000,0x0000003deac00000)]
  0x00000212add398b0 JavaThread "Cache worker for journal cache (C:\Users\HP\.gradle\caches\journal-1)" [_thread_blocked, id=12420, stack(0x0000003deaf00000,0x0000003deb000000)]
  0x00000212add3b200 JavaThread "File lock request listener" [_thread_in_native, id=8824, stack(0x0000003deb000000,0x0000003deb100000)]
  0x00000212add3acf0 JavaThread "Cache worker for file hash cache (C:\Users\HP\.gradle\caches\8.9\fileHashes)" [_thread_blocked, id=9696, stack(0x0000003deb100000,0x0000003deb200000)]
  0x00000212ade03f50 JavaThread "File watcher server" daemon [_thread_in_native, id=4660, stack(0x0000003debb00000,0x0000003debc00000)]
  0x00000212ade04e80 JavaThread "File watcher consumer" daemon [_thread_blocked, id=26076, stack(0x0000003debc00000,0x0000003debd00000)]
  0x00000212ade067d0 JavaThread "jar transforms" [_thread_blocked, id=20692, stack(0x0000003debd00000,0x0000003debe00000)]
  0x00000212ade03a40 JavaThread "jar transforms Thread 2" [_thread_blocked, id=20432, stack(0x0000003debe00000,0x0000003debf00000)]
  0x00000212ade03020 JavaThread "jar transforms Thread 3" [_thread_blocked, id=30836, stack(0x0000003debf00000,0x0000003dec000000)]
  0x00000212ade062c0 JavaThread "Cache worker for file content cache (C:\Users\HP\.gradle\caches\8.9\fileContent)" [_thread_blocked, id=19088, stack(0x0000003dec100000,0x0000003dec200000)]
  0x00000212aeee75e0 JavaThread "jar transforms Thread 4" [_thread_blocked, id=23732, stack(0x0000003dec400000,0x0000003dec500000)]
  0x00000212aeee6bc0 JavaThread "jar transforms Thread 5" [_thread_blocked, id=12372, stack(0x0000003dec500000,0x0000003dec600000)]
  0x00000212aeeead90 JavaThread "jar transforms Thread 6" [_thread_blocked, id=13888, stack(0x0000003dec600000,0x0000003dec700000)]
  0x00000212aeee8510 JavaThread "jar transforms Thread 7" [_thread_blocked, id=18912, stack(0x0000003dec700000,0x0000003dec800000)]
  0x00000212aeeeb2a0 JavaThread "jar transforms Thread 8" [_thread_blocked, id=21912, stack(0x0000003dec800000,0x0000003dec900000)]
  0x00000212aeeea370 JavaThread "jar transforms Thread 9" [_thread_blocked, id=21856, stack(0x0000003dec900000,0x0000003deca00000)]
  0x00000212aeeec1d0 JavaThread "jar transforms Thread 10" [_thread_blocked, id=25908, stack(0x0000003deca00000,0x0000003decb00000)]
  0x00000212aeee8a20 JavaThread "jar transforms Thread 11" [_thread_blocked, id=25332, stack(0x0000003decb00000,0x0000003decc00000)]
  0x00000212aeee8f30 JavaThread "jar transforms Thread 12" [_thread_blocked, id=10912, stack(0x0000003decc00000,0x0000003decd00000)]
  0x00000212af04f9d0 JavaThread "VFS cleanup" [_thread_blocked, id=25180, stack(0x0000003deac00000,0x0000003dead00000)]
  0x00000212ac4c2430 JavaThread "File lock release action executor" [_thread_blocked, id=13792, stack(0x0000003dea900000,0x0000003deaa00000)]
  0x00000212af0a5410 JavaThread "C2 CompilerThread1" daemon [_thread_in_native, id=16140, stack(0x0000003deb800000,0x0000003deb900000)]
  0x00000212b0676b90 JavaThread "Handler for socket connection from /127.0.0.1:65059 to /127.0.0.1:61943" [_thread_in_native, id=23656, stack(0x0000003deaa00000,0x0000003deab00000)]
  0x00000212b0676170 JavaThread "Cancel handler" [_thread_blocked, id=22540, stack(0x0000003dead00000,0x0000003deae00000)]
  0x00000212ac4c2940 JavaThread "Asynchronous log dispatcher for DefaultDaemonConnection: socket connection from /127.0.0.1:65059 to /127.0.0.1:61943" [_thread_blocked, id=14520, stack(0x0000003deae00000,0x0000003deaf00000)]
  0x00000212ac4c1a10 JavaThread "Stdin handler" [_thread_blocked, id=4044, stack(0x0000003deb600000,0x0000003deb700000)]
  0x00000212ac4bf6a0 JavaThread "Daemon client event forwarder" [_thread_blocked, id=5228, stack(0x0000003deb700000,0x0000003deb800000)]
  0x00000212ac4c0ff0 JavaThread "Cache worker for file hash cache (D:\Parkitdemo\Updated-Sundukpay\node_modules\react-native-webview\android\.gradle\8.9\fileHashes)" [_thread_blocked, id=10552, stack(0x0000003dec000000,0x0000003dec100000)]
  0x00000212ac4c05d0 JavaThread "Cache worker for Build Output Cleanup Cache (D:\Parkitdemo\Updated-Sundukpay\node_modules\react-native-webview\android\.gradle\buildOutputCleanup)" [_thread_blocked, id=27636, stack(0x0000003dec200000,0x0000003dec300000)]
  0x00000212ac4bf190 JavaThread "Cache worker for checksums cache (D:\Parkitdemo\Updated-Sundukpay\node_modules\react-native-webview\android\.gradle\8.9\checksums)" [_thread_blocked, id=24584, stack(0x0000003dec300000,0x0000003dec400000)]
  0x00000212ac4bfbb0 JavaThread "Cache worker for cache directory md-rule (C:\Users\HP\.gradle\caches\8.9\md-rule)" [_thread_blocked, id=14540, stack(0x0000003decd00000,0x0000003dece00000)]
  0x00000212ad1156d0 JavaThread "Cache worker for cache directory md-supplier (C:\Users\HP\.gradle\caches\8.9\md-supplier)" [_thread_blocked, id=11676, stack(0x0000003dece00000,0x0000003decf00000)]
=>0x00000212afc20b10 JavaThread "C2 CompilerThread2" daemon [_thread_in_native, id=8868, stack(0x0000003decf00000,0x0000003ded000000)]
  0x00000212accffdc0 JavaThread "Unconstrained build operations" [_thread_blocked, id=14812, stack(0x0000003ded000000,0x0000003ded100000)]
  0x00000212acd007e0 JavaThread "Unconstrained build operations Thread 2" [_thread_blocked, id=18980, stack(0x0000003ded100000,0x0000003ded200000)]
  0x00000212acd00cf0 JavaThread "Unconstrained build operations Thread 3" [_thread_blocked, id=26732, stack(0x0000003ded200000,0x0000003ded300000)]
  0x00000212accff3a0 JavaThread "Unconstrained build operations Thread 4" [_thread_blocked, id=10560, stack(0x0000003ded300000,0x0000003ded400000)]
  0x00000212acd002d0 JavaThread "Unconstrained build operations Thread 5" [_thread_blocked, id=3668, stack(0x0000003ded400000,0x0000003ded500000)]
  0x00000212accff8b0 JavaThread "Unconstrained build operations Thread 6" [_thread_blocked, id=20880, stack(0x0000003ded500000,0x0000003ded600000)]
  0x00000212ac1e0f60 JavaThread "Unconstrained build operations Thread 7" [_thread_blocked, id=13528, stack(0x0000003ded600000,0x0000003ded700000)]
  0x00000212ac1e32d0 JavaThread "Unconstrained build operations Thread 8" [_thread_blocked, id=25632, stack(0x0000003ded700000,0x0000003ded800000)]
  0x00000212ac1e1470 JavaThread "Unconstrained build operations Thread 9" [_thread_blocked, id=31196, stack(0x0000003ded800000,0x0000003ded900000)]
  0x00000212ac1e1e90 JavaThread "Unconstrained build operations Thread 10" [_thread_blocked, id=3616, stack(0x0000003ded900000,0x0000003deda00000)]
  0x00000212ac1e28b0 JavaThread "Unconstrained build operations Thread 11" [_thread_blocked, id=25128, stack(0x0000003deda00000,0x0000003dedb00000)]
  0x00000212ac4c00c0 JavaThread "Unconstrained build operations Thread 12" [_thread_blocked, id=23616, stack(0x0000003dedb00000,0x0000003dedc00000)]
  0x00000212aedd1380 JavaThread "Unconstrained build operations Thread 13" [_thread_blocked, id=2464, stack(0x0000003dedc00000,0x0000003dedd00000)]
  0x00000212aedd1890 JavaThread "Unconstrained build operations Thread 14" [_thread_blocked, id=10500, stack(0x0000003dedd00000,0x0000003dede00000)]
  0x00000212926435a0 JavaThread "Unconstrained build operations Thread 15" [_thread_blocked, id=2912, stack(0x0000003dede00000,0x0000003dedf00000)]
  0x00000212aedd22b0 JavaThread "Unconstrained build operations Thread 16" [_thread_blocked, id=20716, stack(0x0000003dedf00000,0x0000003dee000000)]
  0x00000212aedd27c0 JavaThread "Unconstrained build operations Thread 17" [_thread_blocked, id=14008, stack(0x0000003dee000000,0x0000003dee100000)]
  0x00000212ac1e2dc0 JavaThread "Unconstrained build operations Thread 18" [_thread_blocked, id=28032, stack(0x0000003dee100000,0x0000003dee200000)]
  0x00000212ac1e37e0 JavaThread "Unconstrained build operations Thread 19" [_thread_blocked, id=21880, stack(0x0000003dee200000,0x0000003dee300000)]
  0x00000212ad114290 JavaThread "Unconstrained build operations Thread 20" [_thread_blocked, id=21380, stack(0x0000003dee300000,0x0000003dee400000)]
  0x00000212ad114cb0 JavaThread "Unconstrained build operations Thread 21" [_thread_blocked, id=14968, stack(0x0000003dee400000,0x0000003dee500000)]
  0x00000212ad1147a0 JavaThread "Unconstrained build operations Thread 22" [_thread_blocked, id=27204, stack(0x0000003dee500000,0x0000003dee600000)]
  0x00000212af0503f0 JavaThread "Unconstrained build operations Thread 23" [_thread_blocked, id=16312, stack(0x0000003dee600000,0x0000003dee700000)]
  0x00000212ac4c1f20 JavaThread "Unconstrained build operations Thread 24" [_thread_blocked, id=22460, stack(0x0000003dee700000,0x0000003dee800000)]
  0x00000212ac4c0ae0 JavaThread "Unconstrained build operations Thread 25" [_thread_blocked, id=20720, stack(0x0000003dee800000,0x0000003dee900000)]
  0x00000212af348210 JavaThread "Unconstrained build operations Thread 26" [_thread_blocked, id=11712, stack(0x0000003dee900000,0x0000003deea00000)]
  0x00000212af345990 JavaThread "Unconstrained build operations Thread 27" [_thread_blocked, id=2740, stack(0x0000003deea00000,0x0000003deeb00000)]
  0x00000212af348720 JavaThread "Unconstrained build operations Thread 28" [_thread_blocked, id=23204, stack(0x0000003deeb00000,0x0000003deec00000)]
  0x00000212af3477f0 JavaThread "Unconstrained build operations Thread 29" [_thread_blocked, id=20436, stack(0x0000003deec00000,0x0000003deed00000)]
  0x00000212af345480 JavaThread "Unconstrained build operations Thread 30" [_thread_blocked, id=27132, stack(0x0000003deed00000,0x0000003deee00000)]
  0x00000212af344f70 JavaThread "Unconstrained build operations Thread 31" [_thread_blocked, id=31492, stack(0x0000003deee00000,0x0000003deef00000)]
  0x00000212af3463b0 JavaThread "Unconstrained build operations Thread 32" [_thread_blocked, id=16804, stack(0x0000003deef00000,0x0000003def000000)]
  0x00000212af346dd0 JavaThread "Unconstrained build operations Thread 33" [_thread_blocked, id=1308, stack(0x0000003def000000,0x0000003def100000)]

Other Threads:
  0x00000212924846d0 VMThread "VM Thread" [stack: 0x0000003de9300000,0x0000003de9400000] [id=22992]
  0x0000021292699780 WatcherThread [stack: 0x0000003de9f00000,0x0000003dea000000] [id=12336]
  0x00000212f5313220 GCTaskThread "GC Thread#0" [stack: 0x0000003de8e00000,0x0000003de8f00000] [id=2856]
  0x00000212ac80c0b0 GCTaskThread "GC Thread#1" [stack: 0x0000003dea200000,0x0000003dea300000] [id=30436]
  0x00000212ac2844c0 GCTaskThread "GC Thread#2" [stack: 0x0000003dea300000,0x0000003dea400000] [id=22312]
  0x00000212ac284780 GCTaskThread "GC Thread#3" [stack: 0x0000003dea400000,0x0000003dea500000] [id=17000]
  0x00000212ac344d20 GCTaskThread "GC Thread#4" [stack: 0x0000003dea500000,0x0000003dea600000] [id=21612]
  0x00000212ac344fe0 GCTaskThread "GC Thread#5" [stack: 0x0000003dea600000,0x0000003dea700000] [id=29752]
  0x00000212ac56e450 GCTaskThread "GC Thread#6" [stack: 0x0000003deb200000,0x0000003deb300000] [id=10604]
  0x00000212ac56f4d0 GCTaskThread "GC Thread#7" [stack: 0x0000003deb300000,0x0000003deb400000] [id=10372]
  0x00000212ac56f210 GCTaskThread "GC Thread#8" [stack: 0x0000003deb400000,0x0000003deb500000] [id=27768]
  0x00000212ac56f790 GCTaskThread "GC Thread#9" [stack: 0x0000003deb500000,0x0000003deb600000] [id=9700]
  0x00000212f5318080 ConcurrentGCThread "G1 Main Marker" [stack: 0x0000003de8f00000,0x0000003de9000000] [id=8712]
  0x00000212f53189b0 ConcurrentGCThread "G1 Conc#0" [stack: 0x0000003de9000000,0x0000003de9100000] [id=18664]
  0x00000212ac56ec90 ConcurrentGCThread "G1 Conc#1" [stack: 0x0000003deb900000,0x0000003deba00000] [id=24428]
  0x00000212afdadf40 ConcurrentGCThread "G1 Conc#2" [stack: 0x0000003deba00000,0x0000003debb00000] [id=13624]
  0x00000212f538ec80 ConcurrentGCThread "G1 Refine#0" [stack: 0x0000003de9100000,0x0000003de9200000] [id=7120]
  0x000002129234aaa0 ConcurrentGCThread "G1 Service" [stack: 0x0000003de9200000,0x0000003de9300000] [id=23376]

Threads with active compile tasks:
C2 CompilerThread0    33121 10372   !   4       org.gradle.internal.hash.DefaultStreamHasher::doHash (84 bytes)
C2 CompilerThread1    33121 10365   !   4       java.nio.file.FileTreeWalker::visit (204 bytes)
C2 CompilerThread2    33121 10355   !   4       org.gradle.internal.operations.DefaultBuildOperationRunner$2::execute (110 bytes)

VM state: not at safepoint (normal execution)

VM Mutex/Monitor currently owned by a thread: None

Heap address: 0x00000000e0000000, size: 512 MB, Compressed Oops mode: 32-bit

CDS archive(s) mapped at: [0x0000021293000000-0x0000021293bb0000-0x0000021293bb0000), size 12255232, SharedBaseAddress: 0x0000021293000000, ArchiveRelocationMode: 1.
Compressed class space mapped at: 0x0000021294000000-0x00000212a8000000, reserved size: 335544320
Narrow klass base: 0x0000021293000000, Narrow klass shift: 0, Narrow klass range: 0x100000000

GC Precious Log:
 CPUs: 12 total, 12 available
 Memory: 7835M
 Large Page Support: Disabled
 NUMA Support: Disabled
 Compressed Oops: Enabled (32-bit)
 Heap Region Size: 1M
 Heap Min Capacity: 256M
 Heap Initial Capacity: 256M
 Heap Max Capacity: 512M
 Pre-touch: Disabled
 Parallel Workers: 10
 Concurrent Workers: 3
 Concurrent Refinement Workers: 10
 Periodic GC: Disabled

Heap:
 garbage-first heap   total 262144K, used 119733K [0x00000000e0000000, 0x0000000100000000)
  region size 1024K, 47 young (48128K), 2 survivors (2048K)
 Metaspace       used 62564K, committed 63296K, reserved 393216K
  class space    used 8367K, committed 8704K, reserved 327680K

Heap Regions: E=young(eden), S=young(survivor), O=old, HS=humongous(starts), HC=humongous(continues), CS=collection set, F=free, OA=open archive, CA=closed archive, TAMS=top-at-mark-start (previous, next)
|   0|0x00000000e0000000, 0x00000000e0100000, 0x00000000e0100000|100%|HS|  |TAMS 0x00000000e0100000, 0x00000000e0000000| Complete 
|   1|0x00000000e0100000, 0x00000000e0200000, 0x00000000e0200000|100%|HC|  |TAMS 0x00000000e0200000, 0x00000000e0100000| Complete 
|   2|0x00000000e0200000, 0x00000000e0300000, 0x00000000e0300000|100%|HC|  |TAMS 0x00000000e0300000, 0x00000000e0200000| Complete 
|   3|0x00000000e0300000, 0x00000000e0400000, 0x00000000e0400000|100%|HC|  |TAMS 0x00000000e0400000, 0x00000000e0300000| Complete 
|   4|0x00000000e0400000, 0x00000000e0500000, 0x00000000e0500000|100%| O|  |TAMS 0x00000000e0500000, 0x00000000e0400000| Untracked 
|   5|0x00000000e0500000, 0x00000000e0600000, 0x00000000e0600000|100%| O|  |TAMS 0x00000000e0600000, 0x00000000e0500000| Untracked 
|   6|0x00000000e0600000, 0x00000000e0700000, 0x00000000e0700000|100%| O|  |TAMS 0x00000000e0700000, 0x00000000e0600000| Untracked 
|   7|0x00000000e0700000, 0x00000000e0800000, 0x00000000e0800000|100%| O|  |TAMS 0x00000000e0800000, 0x00000000e0700000| Untracked 
|   8|0x00000000e0800000, 0x00000000e0900000, 0x00000000e0900000|100%| O|  |TAMS 0x00000000e0900000, 0x00000000e0800000| Untracked 
|   9|0x00000000e0900000, 0x00000000e0a00000, 0x00000000e0a00000|100%| O|  |TAMS 0x00000000e0a00000, 0x00000000e0900000| Untracked 
|  10|0x00000000e0a00000, 0x00000000e0b00000, 0x00000000e0b00000|100%| O|  |TAMS 0x00000000e0b00000, 0x00000000e0a00000| Untracked 
|  11|0x00000000e0b00000, 0x00000000e0c00000, 0x00000000e0c00000|100%|HS|  |TAMS 0x00000000e0c00000, 0x00000000e0b00000| Complete 
|  12|0x00000000e0c00000, 0x00000000e0d00000, 0x00000000e0d00000|100%| O|  |TAMS 0x00000000e0d00000, 0x00000000e0c00000| Untracked 
|  13|0x00000000e0d00000, 0x00000000e0e00000, 0x00000000e0e00000|100%| O|  |TAMS 0x00000000e0e00000, 0x00000000e0d00000| Untracked 
|  14|0x00000000e0e00000, 0x00000000e0f00000, 0x00000000e0f00000|100%| O|  |TAMS 0x00000000e0f00000, 0x00000000e0e00000| Untracked 
|  15|0x00000000e0f00000, 0x00000000e1000000, 0x00000000e1000000|100%| O|  |TAMS 0x00000000e1000000, 0x00000000e0f00000| Untracked 
|  16|0x00000000e1000000, 0x00000000e1100000, 0x00000000e1100000|100%| O|  |TAMS 0x00000000e1100000, 0x00000000e1000000| Untracked 
|  17|0x00000000e1100000, 0x00000000e1200000, 0x00000000e1200000|100%| O|  |TAMS 0x00000000e1200000, 0x00000000e1100000| Untracked 
|  18|0x00000000e1200000, 0x00000000e1300000, 0x00000000e1300000|100%| O|  |TAMS 0x00000000e1300000, 0x00000000e1200000| Untracked 
|  19|0x00000000e1300000, 0x00000000e1400000, 0x00000000e1400000|100%| O|  |TAMS 0x00000000e1400000, 0x00000000e1300000| Untracked 
|  20|0x00000000e1400000, 0x00000000e1500000, 0x00000000e1500000|100%| O|  |TAMS 0x00000000e1500000, 0x00000000e1400000| Untracked 
|  21|0x00000000e1500000, 0x00000000e1600000, 0x00000000e1600000|100%| O|  |TAMS 0x00000000e1600000, 0x00000000e1500000| Untracked 
|  22|0x00000000e1600000, 0x00000000e1700000, 0x00000000e1700000|100%| O|  |TAMS 0x00000000e1700000, 0x00000000e1600000| Untracked 
|  23|0x00000000e1700000, 0x00000000e1800000, 0x00000000e1800000|100%| O|  |TAMS 0x00000000e1800000, 0x00000000e1700000| Untracked 
|  24|0x00000000e1800000, 0x00000000e1900000, 0x00000000e1900000|100%| O|  |TAMS 0x00000000e1900000, 0x00000000e1800000| Untracked 
|  25|0x00000000e1900000, 0x00000000e1a00000, 0x00000000e1a00000|100%| O|  |TAMS 0x00000000e1a00000, 0x00000000e1900000| Untracked 
|  26|0x00000000e1a00000, 0x00000000e1b00000, 0x00000000e1b00000|100%| O|  |TAMS 0x00000000e1b00000, 0x00000000e1a00000| Untracked 
|  27|0x00000000e1b00000, 0x00000000e1c00000, 0x00000000e1c00000|100%| O|  |TAMS 0x00000000e1c00000, 0x00000000e1b00000| Untracked 
|  28|0x00000000e1c00000, 0x00000000e1d00000, 0x00000000e1d00000|100%| O|  |TAMS 0x00000000e1d00000, 0x00000000e1c00000| Untracked 
|  29|0x00000000e1d00000, 0x00000000e1e00000, 0x00000000e1e00000|100%| O|  |TAMS 0x00000000e1e00000, 0x00000000e1d00000| Untracked 
|  30|0x00000000e1e00000, 0x00000000e1f00000, 0x00000000e1f00000|100%| O|  |TAMS 0x00000000e1f00000, 0x00000000e1e00000| Untracked 
|  31|0x00000000e1f00000, 0x00000000e2000000, 0x00000000e2000000|100%| O|  |TAMS 0x00000000e2000000, 0x00000000e1f00000| Untracked 
|  32|0x00000000e2000000, 0x00000000e2100000, 0x00000000e2100000|100%| O|  |TAMS 0x00000000e2100000, 0x00000000e2000000| Untracked 
|  33|0x00000000e2100000, 0x00000000e2200000, 0x00000000e2200000|100%| O|  |TAMS 0x00000000e2200000, 0x00000000e2100000| Untracked 
|  34|0x00000000e2200000, 0x00000000e2300000, 0x00000000e2300000|100%| O|  |TAMS 0x00000000e2300000, 0x00000000e2200000| Untracked 
|  35|0x00000000e2300000, 0x00000000e2400000, 0x00000000e2400000|100%| O|  |TAMS 0x00000000e2400000, 0x00000000e2300000| Untracked 
|  36|0x00000000e2400000, 0x00000000e2500000, 0x00000000e2500000|100%| O|  |TAMS 0x00000000e2500000, 0x00000000e2400000| Untracked 
|  37|0x00000000e2500000, 0x00000000e2600000, 0x00000000e2600000|100%| O|  |TAMS 0x00000000e2600000, 0x00000000e2500000| Untracked 
|  38|0x00000000e2600000, 0x00000000e2700000, 0x00000000e2700000|100%| O|  |TAMS 0x00000000e2700000, 0x00000000e2600000| Untracked 
|  39|0x00000000e2700000, 0x00000000e2800000, 0x00000000e2800000|100%| O|  |TAMS 0x00000000e2800000, 0x00000000e2700000| Untracked 
|  40|0x00000000e2800000, 0x00000000e2900000, 0x00000000e2900000|100%| O|  |TAMS 0x00000000e2900000, 0x00000000e2800000| Untracked 
|  41|0x00000000e2900000, 0x00000000e2900000, 0x00000000e2a00000|  0%| F|  |TAMS 0x00000000e2900000, 0x00000000e2900000| Untracked 
|  42|0x00000000e2a00000, 0x00000000e2b00000, 0x00000000e2b00000|100%| O|  |TAMS 0x00000000e2b00000, 0x00000000e2a00000| Untracked 
|  43|0x00000000e2b00000, 0x00000000e2c00000, 0x00000000e2c00000|100%| O|  |TAMS 0x00000000e2c00000, 0x00000000e2b00000| Untracked 
|  44|0x00000000e2c00000, 0x00000000e2d00000, 0x00000000e2d00000|100%| O|  |TAMS 0x00000000e2d00000, 0x00000000e2c00000| Untracked 
|  45|0x00000000e2d00000, 0x00000000e2e00000, 0x00000000e2e00000|100%|HS|  |TAMS 0x00000000e2e00000, 0x00000000e2d00000| Complete 
|  46|0x00000000e2e00000, 0x00000000e2f00000, 0x00000000e2f00000|100%|HC|  |TAMS 0x00000000e2f00000, 0x00000000e2e00000| Complete 
|  47|0x00000000e2f00000, 0x00000000e3000000, 0x00000000e3000000|100%|HS|  |TAMS 0x00000000e3000000, 0x00000000e2f00000| Complete 
|  48|0x00000000e3000000, 0x00000000e3100000, 0x00000000e3100000|100%|HC|  |TAMS 0x00000000e3100000, 0x00000000e3000000| Complete 
|  49|0x00000000e3100000, 0x00000000e3200000, 0x00000000e3200000|100%|HS|  |TAMS 0x00000000e3200000, 0x00000000e3100000| Complete 
|  50|0x00000000e3200000, 0x00000000e3300000, 0x00000000e3300000|100%|HC|  |TAMS 0x00000000e3300000, 0x00000000e3200000| Complete 
|  51|0x00000000e3300000, 0x00000000e3400000, 0x00000000e3400000|100%|HC|  |TAMS 0x00000000e3400000, 0x00000000e3300000| Complete 
|  52|0x00000000e3400000, 0x00000000e3500000, 0x00000000e3500000|100%| O|  |TAMS 0x00000000e3500000, 0x00000000e3400000| Untracked 
|  53|0x00000000e3500000, 0x00000000e3600000, 0x00000000e3600000|100%| O|  |TAMS 0x00000000e3600000, 0x00000000e3500000| Untracked 
|  54|0x00000000e3600000, 0x00000000e3700000, 0x00000000e3700000|100%| O|  |TAMS 0x00000000e3700000, 0x00000000e3600000| Untracked 
|  55|0x00000000e3700000, 0x00000000e3800000, 0x00000000e3800000|100%| O|  |TAMS 0x00000000e3800000, 0x00000000e3700000| Untracked 
|  56|0x00000000e3800000, 0x00000000e3900000, 0x00000000e3900000|100%| O|  |TAMS 0x00000000e3900000, 0x00000000e3800000| Untracked 
|  57|0x00000000e3900000, 0x00000000e3a00000, 0x00000000e3a00000|100%| O|  |TAMS 0x00000000e3a00000, 0x00000000e3900000| Untracked 
|  58|0x00000000e3a00000, 0x00000000e3b00000, 0x00000000e3b00000|100%| O|  |TAMS 0x00000000e3b00000, 0x00000000e3a00000| Untracked 
|  59|0x00000000e3b00000, 0x00000000e3c00000, 0x00000000e3c00000|100%| O|  |TAMS 0x00000000e3c00000, 0x00000000e3b00000| Untracked 
|  60|0x00000000e3c00000, 0x00000000e3d00000, 0x00000000e3d00000|100%| O|  |TAMS 0x00000000e3cb6600, 0x00000000e3c00000| Untracked 
|  61|0x00000000e3d00000, 0x00000000e3e00000, 0x00000000e3e00000|100%| O|  |TAMS 0x00000000e3d00000, 0x00000000e3d00000| Untracked 
|  62|0x00000000e3e00000, 0x00000000e3f00000, 0x00000000e3f00000|100%| O|  |TAMS 0x00000000e3e00000, 0x00000000e3e00000| Untracked 
|  63|0x00000000e3f00000, 0x00000000e4000000, 0x00000000e4000000|100%| O|  |TAMS 0x00000000e3f00000, 0x00000000e3f00000| Untracked 
|  64|0x00000000e4000000, 0x00000000e4100000, 0x00000000e4100000|100%| O|  |TAMS 0x00000000e4000000, 0x00000000e4000000| Untracked 
|  65|0x00000000e4100000, 0x00000000e4200000, 0x00000000e4200000|100%| O|  |TAMS 0x00000000e4100000, 0x00000000e4100000| Untracked 
|  66|0x00000000e4200000, 0x00000000e4300000, 0x00000000e4300000|100%| O|  |TAMS 0x00000000e4200000, 0x00000000e4200000| Untracked 
|  67|0x00000000e4300000, 0x00000000e43ffff8, 0x00000000e4400000| 99%| O|  |TAMS 0x00000000e4300000, 0x00000000e4300000| Untracked 
|  68|0x00000000e4400000, 0x00000000e4500000, 0x00000000e4500000|100%| O|  |TAMS 0x00000000e4400000, 0x00000000e4400000| Untracked 
|  69|0x00000000e4500000, 0x00000000e4600000, 0x00000000e4600000|100%| O|  |TAMS 0x00000000e4500000, 0x00000000e4500000| Untracked 
|  70|0x00000000e4600000, 0x00000000e4700000, 0x00000000e4700000|100%| O|  |TAMS 0x00000000e4600000, 0x00000000e4600000| Untracked 
|  71|0x00000000e4700000, 0x00000000e4800000, 0x00000000e4800000|100%| O|  |TAMS 0x00000000e4700000, 0x00000000e4700000| Untracked 
|  72|0x00000000e4800000, 0x00000000e4900000, 0x00000000e4900000|100%| O|  |TAMS 0x00000000e4800000, 0x00000000e4800000| Untracked 
|  73|0x00000000e4900000, 0x00000000e4921400, 0x00000000e4a00000| 12%| O|  |TAMS 0x00000000e4900000, 0x00000000e4900000| Untracked 
|  74|0x00000000e4a00000, 0x00000000e4a00000, 0x00000000e4b00000|  0%| F|  |TAMS 0x00000000e4a00000, 0x00000000e4a00000| Untracked 
|  75|0x00000000e4b00000, 0x00000000e4b00000, 0x00000000e4c00000|  0%| F|  |TAMS 0x00000000e4b00000, 0x00000000e4b00000| Untracked 
|  76|0x00000000e4c00000, 0x00000000e4c00000, 0x00000000e4d00000|  0%| F|  |TAMS 0x00000000e4c00000, 0x00000000e4c00000| Untracked 
|  77|0x00000000e4d00000, 0x00000000e4d00000, 0x00000000e4e00000|  0%| F|  |TAMS 0x00000000e4d00000, 0x00000000e4d00000| Untracked 
|  78|0x00000000e4e00000, 0x00000000e4e00000, 0x00000000e4f00000|  0%| F|  |TAMS 0x00000000e4e00000, 0x00000000e4e00000| Untracked 
|  79|0x00000000e4f00000, 0x00000000e4f00000, 0x00000000e5000000|  0%| F|  |TAMS 0x00000000e4f00000, 0x00000000e4f00000| Untracked 
|  80|0x00000000e5000000, 0x00000000e5000000, 0x00000000e5100000|  0%| F|  |TAMS 0x00000000e5000000, 0x00000000e5000000| Untracked 
|  81|0x00000000e5100000, 0x00000000e5100000, 0x00000000e5200000|  0%| F|  |TAMS 0x00000000e5100000, 0x00000000e5100000| Untracked 
|  82|0x00000000e5200000, 0x00000000e5200000, 0x00000000e5300000|  0%| F|  |TAMS 0x00000000e5200000, 0x00000000e5200000| Untracked 
|  83|0x00000000e5300000, 0x00000000e5300000, 0x00000000e5400000|  0%| F|  |TAMS 0x00000000e5300000, 0x00000000e5300000| Untracked 
|  84|0x00000000e5400000, 0x00000000e5400000, 0x00000000e5500000|  0%| F|  |TAMS 0x00000000e5400000, 0x00000000e5400000| Untracked 
|  85|0x00000000e5500000, 0x00000000e5500000, 0x00000000e5600000|  0%| F|  |TAMS 0x00000000e5500000, 0x00000000e5500000| Untracked 
|  86|0x00000000e5600000, 0x00000000e5600000, 0x00000000e5700000|  0%| F|  |TAMS 0x00000000e5600000, 0x00000000e5600000| Untracked 
|  87|0x00000000e5700000, 0x00000000e5700000, 0x00000000e5800000|  0%| F|  |TAMS 0x00000000e5700000, 0x00000000e5700000| Untracked 
|  88|0x00000000e5800000, 0x00000000e5800000, 0x00000000e5900000|  0%| F|  |TAMS 0x00000000e5800000, 0x00000000e5800000| Untracked 
|  89|0x00000000e5900000, 0x00000000e5900000, 0x00000000e5a00000|  0%| F|  |TAMS 0x00000000e5900000, 0x00000000e5900000| Untracked 
|  90|0x00000000e5a00000, 0x00000000e5a00000, 0x00000000e5b00000|  0%| F|  |TAMS 0x00000000e5a00000, 0x00000000e5a00000| Untracked 
|  91|0x00000000e5b00000, 0x00000000e5b00000, 0x00000000e5c00000|  0%| F|  |TAMS 0x00000000e5b00000, 0x00000000e5b00000| Untracked 
|  92|0x00000000e5c00000, 0x00000000e5c00000, 0x00000000e5d00000|  0%| F|  |TAMS 0x00000000e5c00000, 0x00000000e5c00000| Untracked 
|  93|0x00000000e5d00000, 0x00000000e5d00000, 0x00000000e5e00000|  0%| F|  |TAMS 0x00000000e5d00000, 0x00000000e5d00000| Untracked 
|  94|0x00000000e5e00000, 0x00000000e5e00000, 0x00000000e5f00000|  0%| F|  |TAMS 0x00000000e5e00000, 0x00000000e5e00000| Untracked 
|  95|0x00000000e5f00000, 0x00000000e5f00000, 0x00000000e6000000|  0%| F|  |TAMS 0x00000000e5f00000, 0x00000000e5f00000| Untracked 
|  96|0x00000000e6000000, 0x00000000e6000000, 0x00000000e6100000|  0%| F|  |TAMS 0x00000000e6000000, 0x00000000e6000000| Untracked 
|  97|0x00000000e6100000, 0x00000000e6100000, 0x00000000e6200000|  0%| F|  |TAMS 0x00000000e6100000, 0x00000000e6100000| Untracked 
|  98|0x00000000e6200000, 0x00000000e6200000, 0x00000000e6300000|  0%| F|  |TAMS 0x00000000e6200000, 0x00000000e6200000| Untracked 
|  99|0x00000000e6300000, 0x00000000e6300000, 0x00000000e6400000|  0%| F|  |TAMS 0x00000000e6300000, 0x00000000e6300000| Untracked 
| 100|0x00000000e6400000, 0x00000000e6400000, 0x00000000e6500000|  0%| F|  |TAMS 0x00000000e6400000, 0x00000000e6400000| Untracked 
| 101|0x00000000e6500000, 0x00000000e6500000, 0x00000000e6600000|  0%| F|  |TAMS 0x00000000e6500000, 0x00000000e6500000| Untracked 
| 102|0x00000000e6600000, 0x00000000e6600000, 0x00000000e6700000|  0%| F|  |TAMS 0x00000000e6600000, 0x00000000e6600000| Untracked 
| 103|0x00000000e6700000, 0x00000000e6700000, 0x00000000e6800000|  0%| F|  |TAMS 0x00000000e6700000, 0x00000000e6700000| Untracked 
| 104|0x00000000e6800000, 0x00000000e6800000, 0x00000000e6900000|  0%| F|  |TAMS 0x00000000e6800000, 0x00000000e6800000| Untracked 
| 105|0x00000000e6900000, 0x00000000e6900000, 0x00000000e6a00000|  0%| F|  |TAMS 0x00000000e6900000, 0x00000000e6900000| Untracked 
| 106|0x00000000e6a00000, 0x00000000e6a00000, 0x00000000e6b00000|  0%| F|  |TAMS 0x00000000e6a00000, 0x00000000e6a00000| Untracked 
| 107|0x00000000e6b00000, 0x00000000e6b00000, 0x00000000e6c00000|  0%| F|  |TAMS 0x00000000e6b00000, 0x00000000e6b00000| Untracked 
| 108|0x00000000e6c00000, 0x00000000e6c00000, 0x00000000e6d00000|  0%| F|  |TAMS 0x00000000e6c00000, 0x00000000e6c00000| Untracked 
| 109|0x00000000e6d00000, 0x00000000e6d00000, 0x00000000e6e00000|  0%| F|  |TAMS 0x00000000e6d00000, 0x00000000e6d00000| Untracked 
| 110|0x00000000e6e00000, 0x00000000e6e00000, 0x00000000e6f00000|  0%| F|  |TAMS 0x00000000e6e00000, 0x00000000e6e00000| Untracked 
| 111|0x00000000e6f00000, 0x00000000e6f00000, 0x00000000e7000000|  0%| F|  |TAMS 0x00000000e6f00000, 0x00000000e6f00000| Untracked 
| 112|0x00000000e7000000, 0x00000000e7000000, 0x00000000e7100000|  0%| F|  |TAMS 0x00000000e7000000, 0x00000000e7000000| Untracked 
| 113|0x00000000e7100000, 0x00000000e7100000, 0x00000000e7200000|  0%| F|  |TAMS 0x00000000e7100000, 0x00000000e7100000| Untracked 
| 114|0x00000000e7200000, 0x00000000e7200000, 0x00000000e7300000|  0%| F|  |TAMS 0x00000000e7200000, 0x00000000e7200000| Untracked 
| 115|0x00000000e7300000, 0x00000000e7300000, 0x00000000e7400000|  0%| F|  |TAMS 0x00000000e7300000, 0x00000000e7300000| Untracked 
| 116|0x00000000e7400000, 0x00000000e7400000, 0x00000000e7500000|  0%| F|  |TAMS 0x00000000e7400000, 0x00000000e7400000| Untracked 
| 117|0x00000000e7500000, 0x00000000e7500000, 0x00000000e7600000|  0%| F|  |TAMS 0x00000000e7500000, 0x00000000e7500000| Untracked 
| 118|0x00000000e7600000, 0x00000000e7600000, 0x00000000e7700000|  0%| F|  |TAMS 0x00000000e7600000, 0x00000000e7600000| Untracked 
| 119|0x00000000e7700000, 0x00000000e7700000, 0x00000000e7800000|  0%| F|  |TAMS 0x00000000e7700000, 0x00000000e7700000| Untracked 
| 120|0x00000000e7800000, 0x00000000e7800000, 0x00000000e7900000|  0%| F|  |TAMS 0x00000000e7800000, 0x00000000e7800000| Untracked 
| 121|0x00000000e7900000, 0x00000000e7900000, 0x00000000e7a00000|  0%| F|  |TAMS 0x00000000e7900000, 0x00000000e7900000| Untracked 
| 122|0x00000000e7a00000, 0x00000000e7a00000, 0x00000000e7b00000|  0%| F|  |TAMS 0x00000000e7a00000, 0x00000000e7a00000| Untracked 
| 123|0x00000000e7b00000, 0x00000000e7b00000, 0x00000000e7c00000|  0%| F|  |TAMS 0x00000000e7b00000, 0x00000000e7b00000| Untracked 
| 124|0x00000000e7c00000, 0x00000000e7c00000, 0x00000000e7d00000|  0%| F|  |TAMS 0x00000000e7c00000, 0x00000000e7c00000| Untracked 
| 125|0x00000000e7d00000, 0x00000000e7d00000, 0x00000000e7e00000|  0%| F|  |TAMS 0x00000000e7d00000, 0x00000000e7d00000| Untracked 
| 126|0x00000000e7e00000, 0x00000000e7e00000, 0x00000000e7f00000|  0%| F|  |TAMS 0x00000000e7e00000, 0x00000000e7e00000| Untracked 
| 127|0x00000000e7f00000, 0x00000000e7f00000, 0x00000000e8000000|  0%| F|  |TAMS 0x00000000e7f00000, 0x00000000e7f00000| Untracked 
| 128|0x00000000e8000000, 0x00000000e8000000, 0x00000000e8100000|  0%| F|  |TAMS 0x00000000e8000000, 0x00000000e8000000| Untracked 
| 129|0x00000000e8100000, 0x00000000e8100000, 0x00000000e8200000|  0%| F|  |TAMS 0x00000000e8100000, 0x00000000e8100000| Untracked 
| 130|0x00000000e8200000, 0x00000000e8200000, 0x00000000e8300000|  0%| F|  |TAMS 0x00000000e8200000, 0x00000000e8200000| Untracked 
| 131|0x00000000e8300000, 0x00000000e8300000, 0x00000000e8400000|  0%| F|  |TAMS 0x00000000e8300000, 0x00000000e8300000| Untracked 
| 132|0x00000000e8400000, 0x00000000e8400000, 0x00000000e8500000|  0%| F|  |TAMS 0x00000000e8400000, 0x00000000e8400000| Untracked 
| 133|0x00000000e8500000, 0x00000000e8500000, 0x00000000e8600000|  0%| F|  |TAMS 0x00000000e8500000, 0x00000000e8500000| Untracked 
| 134|0x00000000e8600000, 0x00000000e8600000, 0x00000000e8700000|  0%| F|  |TAMS 0x00000000e8600000, 0x00000000e8600000| Untracked 
| 135|0x00000000e8700000, 0x00000000e8700000, 0x00000000e8800000|  0%| F|  |TAMS 0x00000000e8700000, 0x00000000e8700000| Untracked 
| 136|0x00000000e8800000, 0x00000000e8800000, 0x00000000e8900000|  0%| F|  |TAMS 0x00000000e8800000, 0x00000000e8800000| Untracked 
| 137|0x00000000e8900000, 0x00000000e8900000, 0x00000000e8a00000|  0%| F|  |TAMS 0x00000000e8900000, 0x00000000e8900000| Untracked 
| 138|0x00000000e8a00000, 0x00000000e8a00000, 0x00000000e8b00000|  0%| F|  |TAMS 0x00000000e8a00000, 0x00000000e8a00000| Untracked 
| 139|0x00000000e8b00000, 0x00000000e8b00000, 0x00000000e8c00000|  0%| F|  |TAMS 0x00000000e8b00000, 0x00000000e8b00000| Untracked 
| 140|0x00000000e8c00000, 0x00000000e8c00000, 0x00000000e8d00000|  0%| F|  |TAMS 0x00000000e8c00000, 0x00000000e8c00000| Untracked 
| 141|0x00000000e8d00000, 0x00000000e8d00000, 0x00000000e8e00000|  0%| F|  |TAMS 0x00000000e8d00000, 0x00000000e8d00000| Untracked 
| 142|0x00000000e8e00000, 0x00000000e8e00000, 0x00000000e8f00000|  0%| F|  |TAMS 0x00000000e8e00000, 0x00000000e8e00000| Untracked 
| 143|0x00000000e8f00000, 0x00000000e8f00000, 0x00000000e9000000|  0%| F|  |TAMS 0x00000000e8f00000, 0x00000000e8f00000| Untracked 
| 144|0x00000000e9000000, 0x00000000e9000000, 0x00000000e9100000|  0%| F|  |TAMS 0x00000000e9000000, 0x00000000e9000000| Untracked 
| 145|0x00000000e9100000, 0x00000000e9100000, 0x00000000e9200000|  0%| F|  |TAMS 0x00000000e9100000, 0x00000000e9100000| Untracked 
| 146|0x00000000e9200000, 0x00000000e9200000, 0x00000000e9300000|  0%| F|  |TAMS 0x00000000e9200000, 0x00000000e9200000| Untracked 
| 147|0x00000000e9300000, 0x00000000e9300000, 0x00000000e9400000|  0%| F|  |TAMS 0x00000000e9300000, 0x00000000e9300000| Untracked 
| 148|0x00000000e9400000, 0x00000000e9400000, 0x00000000e9500000|  0%| F|  |TAMS 0x00000000e9400000, 0x00000000e9400000| Untracked 
| 149|0x00000000e9500000, 0x00000000e9500000, 0x00000000e9600000|  0%| F|  |TAMS 0x00000000e9500000, 0x00000000e9500000| Untracked 
| 150|0x00000000e9600000, 0x00000000e9600000, 0x00000000e9700000|  0%| F|  |TAMS 0x00000000e9600000, 0x00000000e9600000| Untracked 
| 151|0x00000000e9700000, 0x00000000e9700000, 0x00000000e9800000|  0%| F|  |TAMS 0x00000000e9700000, 0x00000000e9700000| Untracked 
| 152|0x00000000e9800000, 0x00000000e9800000, 0x00000000e9900000|  0%| F|  |TAMS 0x00000000e9800000, 0x00000000e9800000| Untracked 
| 153|0x00000000e9900000, 0x00000000e9900000, 0x00000000e9a00000|  0%| F|  |TAMS 0x00000000e9900000, 0x00000000e9900000| Untracked 
| 154|0x00000000e9a00000, 0x00000000e9a00000, 0x00000000e9b00000|  0%| F|  |TAMS 0x00000000e9a00000, 0x00000000e9a00000| Untracked 
| 155|0x00000000e9b00000, 0x00000000e9b00000, 0x00000000e9c00000|  0%| F|  |TAMS 0x00000000e9b00000, 0x00000000e9b00000| Untracked 
| 156|0x00000000e9c00000, 0x00000000e9c00000, 0x00000000e9d00000|  0%| F|  |TAMS 0x00000000e9c00000, 0x00000000e9c00000| Untracked 
| 157|0x00000000e9d00000, 0x00000000e9d00000, 0x00000000e9e00000|  0%| F|  |TAMS 0x00000000e9d00000, 0x00000000e9d00000| Untracked 
| 158|0x00000000e9e00000, 0x00000000e9e00000, 0x00000000e9f00000|  0%| F|  |TAMS 0x00000000e9e00000, 0x00000000e9e00000| Untracked 
| 159|0x00000000e9f00000, 0x00000000e9f00000, 0x00000000ea000000|  0%| F|  |TAMS 0x00000000e9f00000, 0x00000000e9f00000| Untracked 
| 160|0x00000000ea000000, 0x00000000ea000000, 0x00000000ea100000|  0%| F|  |TAMS 0x00000000ea000000, 0x00000000ea000000| Untracked 
| 161|0x00000000ea100000, 0x00000000ea100000, 0x00000000ea200000|  0%| F|  |TAMS 0x00000000ea100000, 0x00000000ea100000| Untracked 
| 162|0x00000000ea200000, 0x00000000ea200000, 0x00000000ea300000|  0%| F|  |TAMS 0x00000000ea200000, 0x00000000ea200000| Untracked 
| 163|0x00000000ea300000, 0x00000000ea300000, 0x00000000ea400000|  0%| F|  |TAMS 0x00000000ea300000, 0x00000000ea300000| Untracked 
| 164|0x00000000ea400000, 0x00000000ea400000, 0x00000000ea500000|  0%| F|  |TAMS 0x00000000ea400000, 0x00000000ea400000| Untracked 
| 165|0x00000000ea500000, 0x00000000ea500000, 0x00000000ea600000|  0%| F|  |TAMS 0x00000000ea500000, 0x00000000ea500000| Untracked 
| 166|0x00000000ea600000, 0x00000000ea600000, 0x00000000ea700000|  0%| F|  |TAMS 0x00000000ea600000, 0x00000000ea600000| Untracked 
| 167|0x00000000ea700000, 0x00000000ea700000, 0x00000000ea800000|  0%| F|  |TAMS 0x00000000ea700000, 0x00000000ea700000| Untracked 
| 168|0x00000000ea800000, 0x00000000ea800000, 0x00000000ea900000|  0%| F|  |TAMS 0x00000000ea800000, 0x00000000ea800000| Untracked 
| 169|0x00000000ea900000, 0x00000000ea900000, 0x00000000eaa00000|  0%| F|  |TAMS 0x00000000ea900000, 0x00000000ea900000| Untracked 
| 170|0x00000000eaa00000, 0x00000000eaa00000, 0x00000000eab00000|  0%| F|  |TAMS 0x00000000eaa00000, 0x00000000eaa00000| Untracked 
| 171|0x00000000eab00000, 0x00000000eab00000, 0x00000000eac00000|  0%| F|  |TAMS 0x00000000eab00000, 0x00000000eab00000| Untracked 
| 172|0x00000000eac00000, 0x00000000eac00000, 0x00000000ead00000|  0%| F|  |TAMS 0x00000000eac00000, 0x00000000eac00000| Untracked 
| 173|0x00000000ead00000, 0x00000000ead00000, 0x00000000eae00000|  0%| F|  |TAMS 0x00000000ead00000, 0x00000000ead00000| Untracked 
| 174|0x00000000eae00000, 0x00000000eae00000, 0x00000000eaf00000|  0%| F|  |TAMS 0x00000000eae00000, 0x00000000eae00000| Untracked 
| 175|0x00000000eaf00000, 0x00000000eaf00000, 0x00000000eb000000|  0%| F|  |TAMS 0x00000000eaf00000, 0x00000000eaf00000| Untracked 
| 176|0x00000000eb000000, 0x00000000eb000000, 0x00000000eb100000|  0%| F|  |TAMS 0x00000000eb000000, 0x00000000eb000000| Untracked 
| 177|0x00000000eb100000, 0x00000000eb100000, 0x00000000eb200000|  0%| F|  |TAMS 0x00000000eb100000, 0x00000000eb100000| Untracked 
| 178|0x00000000eb200000, 0x00000000eb200000, 0x00000000eb300000|  0%| F|  |TAMS 0x00000000eb200000, 0x00000000eb200000| Untracked 
| 179|0x00000000eb300000, 0x00000000eb300000, 0x00000000eb400000|  0%| F|  |TAMS 0x00000000eb300000, 0x00000000eb300000| Untracked 
| 180|0x00000000eb400000, 0x00000000eb400000, 0x00000000eb500000|  0%| F|  |TAMS 0x00000000eb400000, 0x00000000eb400000| Untracked 
| 181|0x00000000eb500000, 0x00000000eb500000, 0x00000000eb600000|  0%| F|  |TAMS 0x00000000eb500000, 0x00000000eb500000| Untracked 
| 182|0x00000000eb600000, 0x00000000eb600000, 0x00000000eb700000|  0%| F|  |TAMS 0x00000000eb600000, 0x00000000eb600000| Untracked 
| 183|0x00000000eb700000, 0x00000000eb700000, 0x00000000eb800000|  0%| F|  |TAMS 0x00000000eb700000, 0x00000000eb700000| Untracked 
| 184|0x00000000eb800000, 0x00000000eb800000, 0x00000000eb900000|  0%| F|  |TAMS 0x00000000eb800000, 0x00000000eb800000| Untracked 
| 185|0x00000000eb900000, 0x00000000eb900000, 0x00000000eba00000|  0%| F|  |TAMS 0x00000000eb900000, 0x00000000eb900000| Untracked 
| 186|0x00000000eba00000, 0x00000000eba00000, 0x00000000ebb00000|  0%| F|  |TAMS 0x00000000eba00000, 0x00000000eba00000| Untracked 
| 187|0x00000000ebb00000, 0x00000000ebb00000, 0x00000000ebc00000|  0%| F|  |TAMS 0x00000000ebb00000, 0x00000000ebb00000| Untracked 
| 188|0x00000000ebc00000, 0x00000000ebc00000, 0x00000000ebd00000|  0%| F|  |TAMS 0x00000000ebc00000, 0x00000000ebc00000| Untracked 
| 189|0x00000000ebd00000, 0x00000000ebd00000, 0x00000000ebe00000|  0%| F|  |TAMS 0x00000000ebd00000, 0x00000000ebd00000| Untracked 
| 190|0x00000000ebe00000, 0x00000000ebe00000, 0x00000000ebf00000|  0%| F|  |TAMS 0x00000000ebe00000, 0x00000000ebe00000| Untracked 
| 191|0x00000000ebf00000, 0x00000000ebf00000, 0x00000000ec000000|  0%| F|  |TAMS 0x00000000ebf00000, 0x00000000ebf00000| Untracked 
| 192|0x00000000ec000000, 0x00000000ec000000, 0x00000000ec100000|  0%| F|  |TAMS 0x00000000ec000000, 0x00000000ec000000| Untracked 
| 193|0x00000000ec100000, 0x00000000ec100000, 0x00000000ec200000|  0%| F|  |TAMS 0x00000000ec100000, 0x00000000ec100000| Untracked 
| 194|0x00000000ec200000, 0x00000000ec200000, 0x00000000ec300000|  0%| F|  |TAMS 0x00000000ec200000, 0x00000000ec200000| Untracked 
| 195|0x00000000ec300000, 0x00000000ec300000, 0x00000000ec400000|  0%| F|  |TAMS 0x00000000ec300000, 0x00000000ec300000| Untracked 
| 196|0x00000000ec400000, 0x00000000ec400000, 0x00000000ec500000|  0%| F|  |TAMS 0x00000000ec400000, 0x00000000ec400000| Untracked 
| 197|0x00000000ec500000, 0x00000000ec500000, 0x00000000ec600000|  0%| F|  |TAMS 0x00000000ec500000, 0x00000000ec500000| Untracked 
| 198|0x00000000ec600000, 0x00000000ec600000, 0x00000000ec700000|  0%| F|  |TAMS 0x00000000ec600000, 0x00000000ec600000| Untracked 
| 199|0x00000000ec700000, 0x00000000ec700000, 0x00000000ec800000|  0%| F|  |TAMS 0x00000000ec700000, 0x00000000ec700000| Untracked 
| 200|0x00000000ec800000, 0x00000000ec800000, 0x00000000ec900000|  0%| F|  |TAMS 0x00000000ec800000, 0x00000000ec800000| Untracked 
| 201|0x00000000ec900000, 0x00000000ec900000, 0x00000000eca00000|  0%| F|  |TAMS 0x00000000ec900000, 0x00000000ec900000| Untracked 
| 202|0x00000000eca00000, 0x00000000eca00000, 0x00000000ecb00000|  0%| F|  |TAMS 0x00000000eca00000, 0x00000000eca00000| Untracked 
| 203|0x00000000ecb00000, 0x00000000ecb00000, 0x00000000ecc00000|  0%| F|  |TAMS 0x00000000ecb00000, 0x00000000ecb00000| Untracked 
| 204|0x00000000ecc00000, 0x00000000ecc00000, 0x00000000ecd00000|  0%| F|  |TAMS 0x00000000ecc00000, 0x00000000ecc00000| Untracked 
| 205|0x00000000ecd00000, 0x00000000ecd00000, 0x00000000ece00000|  0%| F|  |TAMS 0x00000000ecd00000, 0x00000000ecd00000| Untracked 
| 206|0x00000000ece00000, 0x00000000ece00000, 0x00000000ecf00000|  0%| F|  |TAMS 0x00000000ece00000, 0x00000000ece00000| Untracked 
| 207|0x00000000ecf00000, 0x00000000ecf00000, 0x00000000ed000000|  0%| F|  |TAMS 0x00000000ecf00000, 0x00000000ecf00000| Untracked 
| 208|0x00000000ed000000, 0x00000000ed000000, 0x00000000ed100000|  0%| F|  |TAMS 0x00000000ed000000, 0x00000000ed000000| Untracked 
| 209|0x00000000ed100000, 0x00000000ed172ad8, 0x00000000ed200000| 44%| E|  |TAMS 0x00000000ed100000, 0x00000000ed100000| Complete 
| 210|0x00000000ed200000, 0x00000000ed300000, 0x00000000ed300000|100%| E|CS|TAMS 0x00000000ed200000, 0x00000000ed200000| Complete 
| 211|0x00000000ed300000, 0x00000000ed400000, 0x00000000ed400000|100%| E|  |TAMS 0x00000000ed300000, 0x00000000ed300000| Complete 
| 212|0x00000000ed400000, 0x00000000ed500000, 0x00000000ed500000|100%| E|CS|TAMS 0x00000000ed400000, 0x00000000ed400000| Complete 
| 213|0x00000000ed500000, 0x00000000ed600000, 0x00000000ed600000|100%| E|CS|TAMS 0x00000000ed500000, 0x00000000ed500000| Complete 
| 214|0x00000000ed600000, 0x00000000ed700000, 0x00000000ed700000|100%| E|CS|TAMS 0x00000000ed600000, 0x00000000ed600000| Complete 
| 215|0x00000000ed700000, 0x00000000ed800000, 0x00000000ed800000|100%| E|CS|TAMS 0x00000000ed700000, 0x00000000ed700000| Complete 
| 216|0x00000000ed800000, 0x00000000ed900000, 0x00000000ed900000|100%| E|CS|TAMS 0x00000000ed800000, 0x00000000ed800000| Complete 
| 217|0x00000000ed900000, 0x00000000eda00000, 0x00000000eda00000|100%| E|CS|TAMS 0x00000000ed900000, 0x00000000ed900000| Complete 
| 218|0x00000000eda00000, 0x00000000edb00000, 0x00000000edb00000|100%| E|CS|TAMS 0x00000000eda00000, 0x00000000eda00000| Complete 
| 219|0x00000000edb00000, 0x00000000edc00000, 0x00000000edc00000|100%| E|CS|TAMS 0x00000000edb00000, 0x00000000edb00000| Complete 
| 220|0x00000000edc00000, 0x00000000edd00000, 0x00000000edd00000|100%| E|CS|TAMS 0x00000000edc00000, 0x00000000edc00000| Complete 
| 221|0x00000000edd00000, 0x00000000ede00000, 0x00000000ede00000|100%| E|CS|TAMS 0x00000000edd00000, 0x00000000edd00000| Complete 
| 222|0x00000000ede00000, 0x00000000edf00000, 0x00000000edf00000|100%| E|CS|TAMS 0x00000000ede00000, 0x00000000ede00000| Complete 
| 223|0x00000000edf00000, 0x00000000ee000000, 0x00000000ee000000|100%| E|CS|TAMS 0x00000000edf00000, 0x00000000edf00000| Complete 
| 224|0x00000000ee000000, 0x00000000ee100000, 0x00000000ee100000|100%| E|CS|TAMS 0x00000000ee000000, 0x00000000ee000000| Complete 
| 225|0x00000000ee100000, 0x00000000ee200000, 0x00000000ee200000|100%| E|CS|TAMS 0x00000000ee100000, 0x00000000ee100000| Complete 
| 226|0x00000000ee200000, 0x00000000ee300000, 0x00000000ee300000|100%| E|CS|TAMS 0x00000000ee200000, 0x00000000ee200000| Complete 
| 227|0x00000000ee300000, 0x00000000ee400000, 0x00000000ee400000|100%| E|CS|TAMS 0x00000000ee300000, 0x00000000ee300000| Complete 
| 228|0x00000000ee400000, 0x00000000ee500000, 0x00000000ee500000|100%| E|CS|TAMS 0x00000000ee400000, 0x00000000ee400000| Complete 
| 229|0x00000000ee500000, 0x00000000ee600000, 0x00000000ee600000|100%| E|CS|TAMS 0x00000000ee500000, 0x00000000ee500000| Complete 
| 230|0x00000000ee600000, 0x00000000ee700000, 0x00000000ee700000|100%| E|CS|TAMS 0x00000000ee600000, 0x00000000ee600000| Complete 
| 231|0x00000000ee700000, 0x00000000ee800000, 0x00000000ee800000|100%| E|CS|TAMS 0x00000000ee700000, 0x00000000ee700000| Complete 
| 232|0x00000000ee800000, 0x00000000ee900000, 0x00000000ee900000|100%| E|CS|TAMS 0x00000000ee800000, 0x00000000ee800000| Complete 
| 233|0x00000000ee900000, 0x00000000eea00000, 0x00000000eea00000|100%| E|CS|TAMS 0x00000000ee900000, 0x00000000ee900000| Complete 
| 234|0x00000000eea00000, 0x00000000eeb00000, 0x00000000eeb00000|100%| E|CS|TAMS 0x00000000eea00000, 0x00000000eea00000| Complete 
| 235|0x00000000eeb00000, 0x00000000eec00000, 0x00000000eec00000|100%| E|CS|TAMS 0x00000000eeb00000, 0x00000000eeb00000| Complete 
| 236|0x00000000eec00000, 0x00000000eed00000, 0x00000000eed00000|100%| E|CS|TAMS 0x00000000eec00000, 0x00000000eec00000| Complete 
| 237|0x00000000eed00000, 0x00000000eee00000, 0x00000000eee00000|100%| E|CS|TAMS 0x00000000eed00000, 0x00000000eed00000| Complete 
| 238|0x00000000eee00000, 0x00000000eef00000, 0x00000000eef00000|100%| E|CS|TAMS 0x00000000eee00000, 0x00000000eee00000| Complete 
| 239|0x00000000eef00000, 0x00000000ef000000, 0x00000000ef000000|100%| E|CS|TAMS 0x00000000eef00000, 0x00000000eef00000| Complete 
| 240|0x00000000ef000000, 0x00000000ef100000, 0x00000000ef100000|100%| E|CS|TAMS 0x00000000ef000000, 0x00000000ef000000| Complete 
| 241|0x00000000ef100000, 0x00000000ef200000, 0x00000000ef200000|100%| E|CS|TAMS 0x00000000ef100000, 0x00000000ef100000| Complete 
| 242|0x00000000ef200000, 0x00000000ef300000, 0x00000000ef300000|100%| E|CS|TAMS 0x00000000ef200000, 0x00000000ef200000| Complete 
| 243|0x00000000ef300000, 0x00000000ef400000, 0x00000000ef400000|100%| E|CS|TAMS 0x00000000ef300000, 0x00000000ef300000| Complete 
| 244|0x00000000ef400000, 0x00000000ef500000, 0x00000000ef500000|100%| E|CS|TAMS 0x00000000ef400000, 0x00000000ef400000| Complete 
| 245|0x00000000ef500000, 0x00000000ef600000, 0x00000000ef600000|100%| E|CS|TAMS 0x00000000ef500000, 0x00000000ef500000| Complete 
| 246|0x00000000ef600000, 0x00000000ef700000, 0x00000000ef700000|100%| E|CS|TAMS 0x00000000ef600000, 0x00000000ef600000| Complete 
| 247|0x00000000ef700000, 0x00000000ef800000, 0x00000000ef800000|100%| E|CS|TAMS 0x00000000ef700000, 0x00000000ef700000| Complete 
| 248|0x00000000ef800000, 0x00000000ef900000, 0x00000000ef900000|100%| E|CS|TAMS 0x00000000ef800000, 0x00000000ef800000| Complete 
| 249|0x00000000ef900000, 0x00000000efa00000, 0x00000000efa00000|100%| E|CS|TAMS 0x00000000ef900000, 0x00000000ef900000| Complete 
| 250|0x00000000efa00000, 0x00000000efb00000, 0x00000000efb00000|100%| E|CS|TAMS 0x00000000efa00000, 0x00000000efa00000| Complete 
| 251|0x00000000efb00000, 0x00000000efc00000, 0x00000000efc00000|100%| E|CS|TAMS 0x00000000efb00000, 0x00000000efb00000| Complete 
| 252|0x00000000efc00000, 0x00000000efd00000, 0x00000000efd00000|100%| E|CS|TAMS 0x00000000efc00000, 0x00000000efc00000| Complete 
| 253|0x00000000efd00000, 0x00000000efdcc280, 0x00000000efe00000| 79%| S|CS|TAMS 0x00000000efd00000, 0x00000000efd00000| Complete 
| 254|0x00000000efe00000, 0x00000000eff00000, 0x00000000eff00000|100%| S|CS|TAMS 0x00000000efe00000, 0x00000000efe00000| Complete 
| 255|0x00000000eff00000, 0x00000000f0000000, 0x00000000f0000000|100%| E|CS|TAMS 0x00000000eff00000, 0x00000000eff00000| Complete 

Card table byte_map: [0x00000212ff4d0000,0x00000212ff5d0000] _byte_map_base: 0x00000212fedd0000

Marking Bits (Prev, Next): (CMBitMap*) 0x00000212f5313790, (CMBitMap*) 0x00000212f5313750
 Prev Bits: [0x000002128f000000, 0x000002128f800000)
 Next Bits: [0x00000212ff6d0000, 0x00000212ffed0000)

Polling page: 0x00000212f53a0000

Metaspace:

Usage:
  Non-class:     52.93 MB used.
      Class:      8.17 MB used.
       Both:     61.10 MB used.

Virtual space:
  Non-class space:       64.00 MB reserved,      53.31 MB ( 83%) committed,  1 nodes.
      Class space:      320.00 MB reserved,       8.50 MB (  3%) committed,  1 nodes.
             Both:      384.00 MB reserved,      61.81 MB ( 16%) committed. 

Chunk freelists:
   Non-Class:  10.70 MB
       Class:  7.52 MB
        Both:  18.22 MB

MaxMetaspaceSize: 384.00 MB
CompressedClassSpaceSize: 320.00 MB
Initial GC threshold: 21.00 MB
Current GC threshold: 99.94 MB
CDS: on
MetaspaceReclaimPolicy: balanced
 - commit_granule_bytes: 65536.
 - commit_granule_words: 8192.
 - virtual_space_node_default_size: 8388608.
 - enlarge_chunks_in_place: 1.
 - new_chunks_are_fully_committed: 0.
 - uncommit_free_chunks: 1.
 - use_allocation_guard: 0.
 - handle_deallocations: 1.


Internal statistics:

num_allocs_failed_limit: 14.
num_arena_births: 916.
num_arena_deaths: 0.
num_vsnodes_births: 2.
num_vsnodes_deaths: 0.
num_space_committed: 989.
num_space_uncommitted: 0.
num_chunks_returned_to_freelist: 14.
num_chunks_taken_from_freelist: 3474.
num_chunk_merges: 14.
num_chunk_splits: 2252.
num_chunks_enlarged: 1429.
num_inconsistent_stats: 0.

CodeHeap 'non-profiled nmethods': size=120000Kb used=5609Kb max_used=5609Kb free=114390Kb
 bounds [0x0000021287ad0000, 0x0000021288060000, 0x000002128f000000]
CodeHeap 'profiled nmethods': size=120000Kb used=16389Kb max_used=17534Kb free=103610Kb
 bounds [0x0000021280000000, 0x0000021281120000, 0x0000021287530000]
CodeHeap 'non-nmethods': size=5760Kb used=2336Kb max_used=2397Kb free=3423Kb
 bounds [0x0000021287530000, 0x00000212877a0000, 0x0000021287ad0000]
 total_blobs=9625 nmethods=8768 adapters=767
 compilation: enabled
              stopped_count=0, restarted_count=0
 full_count=0

Compilation events (20 events):
Event: 31.375 Thread 0x00000212af0a5410 10354       4       org.gradle.internal.operations.BuildOperationProgressEventListenerAdapter::start (53 bytes)
Event: 31.715 Thread 0x00000212afc20b10 nmethod 10343 0x0000021287de9810 code [0x0000021287de9b00, 0x0000021287dec080]
Event: 31.715 Thread 0x00000212afc20b10 10358       4       org.gradle.cache.internal.btree.FileBackedBlockStore$BlockImpl::getPos (31 bytes)
Event: 31.721 Thread 0x00000212afc20b10 nmethod 10358 0x0000021287e33c90 code [0x0000021287e33e20, 0x0000021287e340b8]
Event: 31.721 Thread 0x00000212afc20b10 10355   !   4       org.gradle.internal.operations.DefaultBuildOperationRunner$2::execute (110 bytes)
Event: 31.729 Thread 0x00000212924c0820 10359       3       java.util.stream.FindOps$FindOp::evaluateSequential (39 bytes)
Event: 31.729 Thread 0x00000212924c0820 nmethod 10359 0x000002128086f890 code [0x000002128086fa80, 0x0000021280870088]
Event: 31.729 Thread 0x00000212924c0820 10360       3       java.util.stream.FindOps$FindSink::<init> (5 bytes)
Event: 31.730 Thread 0x00000212924c0820 nmethod 10360 0x00000212808ac790 code [0x00000212808ac920, 0x00000212808aca78]
Event: 31.730 Thread 0x00000212924c0820 10361       3       sun.management.MemoryPoolImpl::getObjectName (10 bytes)
Event: 31.732 Thread 0x00000212924c0820 nmethod 10361 0x000002128017c290 code [0x000002128017c680, 0x000002128017e6d8]
Event: 31.781 Thread 0x00000212af0a5410 nmethod 10354 0x0000021287de4990 code [0x0000021287de4ce0, 0x0000021287de7d30]
Event: 31.781 Thread 0x00000212af0a5410 10362       4       org.gradle.cache.internal.btree.BTreePersistentIndexedCache$DataBlock::getSize (8 bytes)
Event: 31.782 Thread 0x00000212af0a5410 nmethod 10362 0x0000021287e33990 code [0x0000021287e33b00, 0x0000021287e33b78]
Event: 31.782 Thread 0x00000212af0a5410 10357       4       org.gradle.cache.internal.btree.FileBackedBlockStore::access$302 (7 bytes)
Event: 31.782 Thread 0x00000212af0a5410 nmethod 10357 0x0000021287e33690 code [0x0000021287e33800, 0x0000021287e33878]
Event: 31.782 Thread 0x00000212af0a5410 10356       4       org.gradle.cache.internal.btree.FileBackedBlockStore::alloc (17 bytes)
Event: 31.783 Thread 0x00000212af0a5410 nmethod 10356 0x0000021287e33390 code [0x0000021287e33500, 0x0000021287e33578]
Event: 31.787 Thread 0x00000212af0a5410 10363   !   4       com.google.common.cache.LocalCache$Segment::put (439 bytes)
Event: 32.082 Thread 0x00000212924c0820 10366       3       org.gradle.internal.operations.DefaultBuildOperationQueue$WorkerRunnable::doRunBatch (44 bytes)

GC Heap History (20 events):
Event: 7.254 GC heap before
{Heap before GC invocations=5 (full 0):
 garbage-first heap   total 262144K, used 143797K [0x00000000e0000000, 0x0000000100000000)
  region size 1024K, 132 young (135168K), 14 survivors (14336K)
 Metaspace       used 35727K, committed 36096K, reserved 393216K
  class space    used 5055K, committed 5248K, reserved 327680K
}
Event: 7.273 GC heap after
{Heap after GC invocations=6 (full 0):
 garbage-first heap   total 262144K, used 34464K [0x00000000e0000000, 0x0000000100000000)
  region size 1024K, 13 young (13312K), 13 survivors (13312K)
 Metaspace       used 35727K, committed 36096K, reserved 393216K
  class space    used 5055K, committed 5248K, reserved 327680K
}
Event: 7.287 GC heap before
{Heap before GC invocations=6 (full 0):
 garbage-first heap   total 262144K, used 35488K [0x00000000e0000000, 0x0000000100000000)
  region size 1024K, 14 young (14336K), 13 survivors (13312K)
 Metaspace       used 35747K, committed 36160K, reserved 393216K
  class space    used 5055K, committed 5248K, reserved 327680K
}
Event: 7.296 GC heap after
{Heap after GC invocations=7 (full 0):
 garbage-first heap   total 262144K, used 34720K [0x00000000e0000000, 0x0000000100000000)
  region size 1024K, 2 young (2048K), 2 survivors (2048K)
 Metaspace       used 35747K, committed 36160K, reserved 393216K
  class space    used 5055K, committed 5248K, reserved 327680K
}
Event: 7.401 GC heap before
{Heap before GC invocations=7 (full 0):
 garbage-first heap   total 262144K, used 38816K [0x00000000e0000000, 0x0000000100000000)
  region size 1024K, 7 young (7168K), 2 survivors (2048K)
 Metaspace       used 35997K, committed 36416K, reserved 393216K
  class space    used 5087K, committed 5312K, reserved 327680K
}
Event: 7.403 GC heap after
{Heap after GC invocations=8 (full 0):
 garbage-first heap   total 262144K, used 33683K [0x00000000e0000000, 0x0000000100000000)
  region size 1024K, 1 young (1024K), 1 survivors (1024K)
 Metaspace       used 35997K, committed 36416K, reserved 393216K
  class space    used 5087K, committed 5312K, reserved 327680K
}
Event: 11.757 GC heap before
{Heap before GC invocations=9 (full 0):
 garbage-first heap   total 262144K, used 196499K [0x00000000e0000000, 0x0000000100000000)
  region size 1024K, 153 young (156672K), 1 survivors (1024K)
 Metaspace       used 48193K, committed 48768K, reserved 393216K
  class space    used 6744K, committed 7040K, reserved 327680K
}
Event: 11.771 GC heap after
{Heap after GC invocations=10 (full 0):
 garbage-first heap   total 262144K, used 45155K [0x00000000e0000000, 0x0000000100000000)
  region size 1024K, 12 young (12288K), 12 survivors (12288K)
 Metaspace       used 48193K, committed 48768K, reserved 393216K
  class space    used 6744K, committed 7040K, reserved 327680K
}
Event: 11.791 GC heap before
{Heap before GC invocations=10 (full 0):
 garbage-first heap   total 262144K, used 46179K [0x00000000e0000000, 0x0000000100000000)
  region size 1024K, 13 young (13312K), 12 survivors (12288K)
 Metaspace       used 48203K, committed 48768K, reserved 393216K
  class space    used 6746K, committed 7040K, reserved 327680K
}
Event: 11.804 GC heap after
{Heap after GC invocations=11 (full 0):
 garbage-first heap   total 262144K, used 46532K [0x00000000e0000000, 0x0000000100000000)
  region size 1024K, 2 young (2048K), 2 survivors (2048K)
 Metaspace       used 48203K, committed 48768K, reserved 393216K
  class space    used 6746K, committed 7040K, reserved 327680K
}
Event: 21.388 GC heap before
{Heap before GC invocations=11 (full 0):
 garbage-first heap   total 262144K, used 192964K [0x00000000e0000000, 0x0000000100000000)
  region size 1024K, 144 young (147456K), 2 survivors (2048K)
 Metaspace       used 55134K, committed 55808K, reserved 393216K
  class space    used 7583K, committed 7872K, reserved 327680K
}
Event: 21.398 GC heap after
{Heap after GC invocations=12 (full 0):
 garbage-first heap   total 262144K, used 57928K [0x00000000e0000000, 0x0000000100000000)
  region size 1024K, 11 young (11264K), 11 survivors (11264K)
 Metaspace       used 55134K, committed 55808K, reserved 393216K
  class space    used 7583K, committed 7872K, reserved 327680K
}
Event: 28.179 GC heap before
{Heap before GC invocations=12 (full 0):
 garbage-first heap   total 262144K, used 202312K [0x00000000e0000000, 0x0000000100000000)
  region size 1024K, 147 young (150528K), 11 survivors (11264K)
 Metaspace       used 59132K, committed 59840K, reserved 393216K
  class space    used 8008K, committed 8320K, reserved 327680K
}
Event: 28.191 GC heap after
{Heap after GC invocations=13 (full 0):
 garbage-first heap   total 262144K, used 67671K [0x00000000e0000000, 0x0000000100000000)
  region size 1024K, 6 young (6144K), 6 survivors (6144K)
 Metaspace       used 59132K, committed 59840K, reserved 393216K
  class space    used 8008K, committed 8320K, reserved 327680K
}
Event: 28.895 GC heap before
{Heap before GC invocations=13 (full 0):
 garbage-first heap   total 262144K, used 102487K [0x00000000e0000000, 0x0000000100000000)
  region size 1024K, 41 young (41984K), 6 survivors (6144K)
 Metaspace       used 60566K, committed 61248K, reserved 393216K
  class space    used 8161K, committed 8512K, reserved 327680K
}
Event: 28.901 GC heap after
{Heap after GC invocations=14 (full 0):
 garbage-first heap   total 262144K, used 69913K [0x00000000e0000000, 0x0000000100000000)
  region size 1024K, 8 young (8192K), 8 survivors (8192K)
 Metaspace       used 60566K, committed 61248K, reserved 393216K
  class space    used 8161K, committed 8512K, reserved 327680K
}
Event: 31.687 GC heap before
{Heap before GC invocations=15 (full 0):
 garbage-first heap   total 262144K, used 195865K [0x00000000e0000000, 0x0000000100000000)
  region size 1024K, 132 young (135168K), 8 survivors (8192K)
 Metaspace       used 62560K, committed 63232K, reserved 393216K
  class space    used 8367K, committed 8704K, reserved 327680K
}
Event: 31.709 GC heap after
{Heap after GC invocations=16 (full 0):
 garbage-first heap   total 262144K, used 75264K [0x00000000e0000000, 0x0000000100000000)
  region size 1024K, 13 young (13312K), 13 survivors (13312K)
 Metaspace       used 62560K, committed 63232K, reserved 393216K
  class space    used 8367K, committed 8704K, reserved 327680K
}
Event: 31.755 GC heap before
{Heap before GC invocations=16 (full 0):
 garbage-first heap   total 262144K, used 76288K [0x00000000e0000000, 0x0000000100000000)
  region size 1024K, 14 young (14336K), 13 survivors (13312K)
 Metaspace       used 62561K, committed 63296K, reserved 393216K
  class space    used 8367K, committed 8704K, reserved 327680K
}
Event: 31.767 GC heap after
{Heap after GC invocations=17 (full 0):
 garbage-first heap   total 262144K, used 75701K [0x00000000e0000000, 0x0000000100000000)
  region size 1024K, 2 young (2048K), 2 survivors (2048K)
 Metaspace       used 62561K, committed 63296K, reserved 393216K
  class space    used 8367K, committed 8704K, reserved 327680K
}

Dll operation events (15 events):
Event: 0.010 Loaded shared library C:\Program Files\Microsoft\jdk-17.0.15.6-hotspot\bin\java.dll
Event: 0.024 Loaded shared library C:\Program Files\Microsoft\jdk-17.0.15.6-hotspot\bin\jsvml.dll
Event: 0.070 Loaded shared library C:\Program Files\Microsoft\jdk-17.0.15.6-hotspot\bin\zip.dll
Event: 0.072 Loaded shared library C:\Program Files\Microsoft\jdk-17.0.15.6-hotspot\bin\instrument.dll
Event: 0.078 Loaded shared library C:\Program Files\Microsoft\jdk-17.0.15.6-hotspot\bin\net.dll
Event: 0.080 Loaded shared library C:\Program Files\Microsoft\jdk-17.0.15.6-hotspot\bin\nio.dll
Event: 0.082 Loaded shared library C:\Program Files\Microsoft\jdk-17.0.15.6-hotspot\bin\zip.dll
Event: 0.311 Loaded shared library C:\Program Files\Microsoft\jdk-17.0.15.6-hotspot\bin\jimage.dll
Event: 0.505 Loaded shared library C:\Program Files\Microsoft\jdk-17.0.15.6-hotspot\bin\verify.dll
Event: 0.689 Loaded shared library C:\Users\HP\.gradle\native\c067742578af261105cb4f569cf0c3c89f3d7b1fecec35dd04571415982c5e48\windows-amd64\native-platform.dll
Event: 0.703 Loaded shared library C:\Users\HP\.gradle\native\100fb08df4bc3b14c8652ba06237920a3bd2aa13389f12d3474272988ae205f9\windows-amd64\native-platform-file-events.dll
Event: 1.670 Loaded shared library C:\Program Files\Microsoft\jdk-17.0.15.6-hotspot\bin\management.dll
Event: 1.673 Loaded shared library C:\Program Files\Microsoft\jdk-17.0.15.6-hotspot\bin\management_ext.dll
Event: 1.929 Loaded shared library C:\Program Files\Microsoft\jdk-17.0.15.6-hotspot\bin\extnet.dll
Event: 2.137 Loaded shared library C:\Program Files\Microsoft\jdk-17.0.15.6-hotspot\bin\sunmscapi.dll

Deoptimization events (20 events):
Event: 30.923 Thread 0x00000212af346dd0 DEOPT PACKING pc=0x0000021287d8b9d0 sp=0x0000003def0fd820
Event: 30.923 Thread 0x00000212af346dd0 DEOPT UNPACKING pc=0x00000212875869a3 sp=0x0000003def0fd770 mode 2
Event: 30.923 Thread 0x00000212af346dd0 Uncommon trap: trap_request=0xffffffd6 fr.pc=0x0000021287d8b9d0 relative=0x00000000000007b0
Event: 30.923 Thread 0x00000212af346dd0 Uncommon trap: reason=array_check action=maybe_recompile pc=0x0000021287d8b9d0 method=java.util.TimSort.reverseRange([Ljava/lang/Object;II)V @ 27 c2
Event: 30.923 Thread 0x00000212af346dd0 DEOPT PACKING pc=0x0000021287d8b9d0 sp=0x0000003def0fd820
Event: 30.923 Thread 0x00000212af346dd0 DEOPT UNPACKING pc=0x00000212875869a3 sp=0x0000003def0fd770 mode 2
Event: 30.948 Thread 0x00000212ac4c0ae0 Uncommon trap: trap_request=0xffffff45 fr.pc=0x0000021287f0ae18 relative=0x00000000000001d8
Event: 30.948 Thread 0x00000212ac4c0ae0 Uncommon trap: reason=unstable_if action=reinterpret pc=0x0000021287f0ae18 method=com.google.common.cache.LongAdder.add(J)V @ 46 c2
Event: 30.948 Thread 0x00000212ac4c0ae0 DEOPT PACKING pc=0x0000021287f0ae18 sp=0x0000003dee8fc050
Event: 30.948 Thread 0x00000212ac4c0ae0 DEOPT UNPACKING pc=0x00000212875869a3 sp=0x0000003dee8fbfb0 mode 2
Event: 31.049 Thread 0x00000212af346dd0 Uncommon trap: trap_request=0xffffff45 fr.pc=0x0000021287fc3994 relative=0x00000000000009b4
Event: 31.049 Thread 0x00000212af346dd0 Uncommon trap: reason=unstable_if action=reinterpret pc=0x0000021287fc3994 method=java.util.concurrent.ConcurrentLinkedQueue.updateHead(Ljava/util/concurrent/ConcurrentLinkedQueue$Node;Ljava/util/concurrent/ConcurrentLinkedQueue$Node;)V @ 14 c2
Event: 31.049 Thread 0x00000212af346dd0 DEOPT PACKING pc=0x0000021287fc3994 sp=0x0000003def0fc400
Event: 31.049 Thread 0x00000212af346dd0 DEOPT UNPACKING pc=0x00000212875869a3 sp=0x0000003def0fc2d8 mode 2
Event: 31.081 Thread 0x00000212af0503f0 Uncommon trap: trap_request=0xffffff45 fr.pc=0x0000021287ca4700 relative=0x00000000000004e0
Event: 31.081 Thread 0x00000212af0503f0 Uncommon trap: reason=unstable_if action=reinterpret pc=0x0000021287ca4700 method=java.util.concurrent.ConcurrentLinkedQueue.updateHead(Ljava/util/concurrent/ConcurrentLinkedQueue$Node;Ljava/util/concurrent/ConcurrentLinkedQueue$Node;)V @ 14 c2
Event: 31.081 Thread 0x00000212af0503f0 DEOPT PACKING pc=0x0000021287ca4700 sp=0x0000003dee6fb930
Event: 31.081 Thread 0x00000212af0503f0 DEOPT UNPACKING pc=0x00000212875869a3 sp=0x0000003dee6fb868 mode 2
Event: 32.325 Thread 0x00000212af345480 Uncommon trap: trap_request=0xffffff45 fr.pc=0x0000021287d44874 relative=0x0000000000001254
Event: 33.024 Thread 0x00000212af345480 Uncommon trap: reason=unstable_if action=reinterpret pc=0x0000021287d44874 method=java.util.concurrent.ConcurrentHashMap.putVal(Ljava/lang/Object;Ljava/lang/Object;Z)Ljava/lang/Object; @ 112 c2

Classes loaded (20 events):
Event: 21.339 Loading class java/text/CharacterIterator
Event: 21.340 Loading class java/text/CharacterIterator done
Event: 21.444 Loading class java/util/HashMapBeanInfo
Event: 21.444 Loading class java/util/HashMapBeanInfo done
Event: 21.444 Loading class java/util/HashMapBeanInfo
Event: 21.444 Loading class java/util/HashMapBeanInfo done
Event: 21.444 Loading class java/util/AbstractMapBeanInfo
Event: 21.444 Loading class java/util/AbstractMapBeanInfo done
Event: 21.445 Loading class java/util/AbstractMapBeanInfo
Event: 21.445 Loading class java/util/AbstractMapBeanInfo done
Event: 21.445 Loading class java/util/AbstractMapCustomizer
Event: 21.445 Loading class java/util/AbstractMapCustomizer done
Event: 21.445 Loading class java/util/AbstractMapCustomizer
Event: 21.445 Loading class java/util/AbstractMapCustomizer done
Event: 21.448 Loading class java/util/HashMapCustomizer
Event: 21.448 Loading class java/util/HashMapCustomizer done
Event: 21.448 Loading class java/util/HashMapCustomizer
Event: 21.448 Loading class java/util/HashMapCustomizer done
Event: 23.200 Loading class jdk/internal/misc/ScopedMemoryAccess$Scope$Handle
Event: 23.200 Loading class jdk/internal/misc/ScopedMemoryAccess$Scope$Handle done

Classes unloaded (0 events):
No events

Classes redefined (0 events):
No events

Internal exceptions (20 events):
Event: 27.603 Thread 0x00000212add38470 Exception <a 'sun/nio/fs/WindowsException'{0x00000000e8e99db0}> (0x00000000e8e99db0) 
thrown [s\src\hotspot\share\prims\jni.cpp, line 516]
Event: 27.603 Thread 0x00000212add38470 Exception <a 'sun/nio/fs/WindowsException'{0x00000000e8e9b4c8}> (0x00000000e8e9b4c8) 
thrown [s\src\hotspot\share\prims\jni.cpp, line 516]
Event: 27.798 Thread 0x00000212add38470 Exception <a 'java/lang/ClassNotFoundException'{0x00000000e8249a08}: build_1kd2p99ts57p9gx0chi9bug57BeanInfo> (0x00000000e8249a08) 
thrown [s\src\hotspot\share\classfile\systemDictionary.cpp, line 256]
Event: 27.799 Thread 0x00000212add38470 Exception <a 'java/lang/ClassNotFoundException'{0x00000000e8250b40}: build_1kd2p99ts57p9gx0chi9bug57Customizer> (0x00000000e8250b40) 
thrown [s\src\hotspot\share\classfile\systemDictionary.cpp, line 256]
Event: 28.169 Thread 0x00000212add38470 Exception <a 'sun/nio/fs/WindowsException'{0x00000000e78c4c50}> (0x00000000e78c4c50) 
thrown [s\src\hotspot\share\prims\jni.cpp, line 516]
Event: 28.171 Thread 0x00000212add38470 Exception <a 'sun/nio/fs/WindowsException'{0x00000000e78e9338}> (0x00000000e78e9338) 
thrown [s\src\hotspot\share\prims\jni.cpp, line 516]
Event: 28.172 Thread 0x00000212add38470 Exception <a 'sun/nio/fs/WindowsException'{0x00000000e78eaa78}> (0x00000000e78eaa78) 
thrown [s\src\hotspot\share\prims\jni.cpp, line 516]
Event: 28.173 Thread 0x00000212add38470 Exception <a 'sun/nio/fs/WindowsException'{0x00000000e78ec190}> (0x00000000e78ec190) 
thrown [s\src\hotspot\share\prims\jni.cpp, line 516]
Event: 28.668 Thread 0x00000212add38470 Exception <a 'java/lang/ClassNotFoundException'{0x00000000eead1740}: build_ae6so9sf2ro1v41hh3xetz1ayBeanInfo> (0x00000000eead1740) 
thrown [s\src\hotspot\share\classfile\systemDictionary.cpp, line 256]
Event: 28.669 Thread 0x00000212add38470 Exception <a 'java/lang/ClassNotFoundException'{0x00000000eead8878}: build_ae6so9sf2ro1v41hh3xetz1ayCustomizer> (0x00000000eead8878) 
thrown [s\src\hotspot\share\classfile\systemDictionary.cpp, line 256]
Event: 29.152 Thread 0x00000212add38470 Exception <a 'java/lang/NoClassDefFoundError'{0x00000000ef25fb60}: org/gradle/initialization/BuildCompletionListener> (0x00000000ef25fb60) 
thrown [s\src\hotspot\share\classfile\systemDictionary.cpp, line 245]
Event: 29.637 Thread 0x00000212add38470 Exception <a 'sun/nio/fs/WindowsException'{0x00000000ee1620b8}> (0x00000000ee1620b8) 
thrown [s\src\hotspot\share\prims\jni.cpp, line 516]
Event: 29.637 Thread 0x00000212add38470 Exception <a 'sun/nio/fs/WindowsException'{0x00000000ee163808}> (0x00000000ee163808) 
thrown [s\src\hotspot\share\prims\jni.cpp, line 516]
Event: 29.638 Thread 0x00000212add38470 Exception <a 'sun/nio/fs/WindowsException'{0x00000000ee164f48}> (0x00000000ee164f48) 
thrown [s\src\hotspot\share\prims\jni.cpp, line 516]
Event: 29.638 Thread 0x00000212add38470 Exception <a 'sun/nio/fs/WindowsException'{0x00000000ee166660}> (0x00000000ee166660) 
thrown [s\src\hotspot\share\prims\jni.cpp, line 516]
Event: 29.720 Thread 0x00000212add38470 Exception <a 'java/lang/ClassNotFoundException'{0x00000000ee0a4900}: build_e6g2xtden2z60om4qeazb2auaBeanInfo> (0x00000000ee0a4900) 
thrown [s\src\hotspot\share\classfile\systemDictionary.cpp, line 256]
Event: 29.721 Thread 0x00000212add38470 Exception <a 'java/lang/ClassNotFoundException'{0x00000000ee0abac0}: build_e6g2xtden2z60om4qeazb2auaCustomizer> (0x00000000ee0abac0) 
thrown [s\src\hotspot\share\classfile\systemDictionary.cpp, line 256]
Event: 29.745 Thread 0x00000212add38470 Exception <a 'java/lang/ClassNotFoundException'{0x00000000ede1b138}: build_e6g2xtden2z60om4qeazb2aua$_run_closure1BeanInfo> (0x00000000ede1b138) 
thrown [s\src\hotspot\share\classfile\systemDictionary.cpp, line 256]
Event: 29.745 Thread 0x00000212add38470 Exception <a 'java/lang/ClassNotFoundException'{0x00000000ede22f18}: build_e6g2xtden2z60om4qeazb2aua$_run_closure1Customizer> (0x00000000ede22f18) 
thrown [s\src\hotspot\share\classfile\systemDictionary.cpp, line 256]
Event: 30.948 Thread 0x00000212ac4c0ae0 Implicit null exception at 0x0000021287f0acf7 to 0x0000021287f0ae04

VM Operations (20 events):
Event: 28.767 Executing VM operation: ICBufferFull done
Event: 28.895 Executing VM operation: CollectForMetadataAllocation
Event: 28.901 Executing VM operation: CollectForMetadataAllocation done
Event: 28.944 Executing VM operation: G1PauseRemark
Event: 28.950 Executing VM operation: G1PauseRemark done
Event: 28.964 Executing VM operation: G1PauseCleanup
Event: 28.964 Executing VM operation: G1PauseCleanup done
Event: 29.521 Executing VM operation: HandshakeAllThreads
Event: 29.521 Executing VM operation: HandshakeAllThreads done
Event: 29.543 Executing VM operation: HandshakeAllThreads
Event: 29.543 Executing VM operation: HandshakeAllThreads done
Event: 29.988 Executing VM operation: ICBufferFull
Event: 29.989 Executing VM operation: ICBufferFull done
Event: 30.509 Executing VM operation: ICBufferFull
Event: 30.509 Executing VM operation: ICBufferFull done
Event: 31.686 Executing VM operation: G1CollectForAllocation
Event: 31.709 Executing VM operation: G1CollectForAllocation done
Event: 31.745 Executing VM operation: G1CollectForAllocation
Event: 31.767 Executing VM operation: G1CollectForAllocation done
Event: 32.769 Executing VM operation: Cleanup

Memory protections (0 events):
No events

Nmethod flushes (20 events):
Event: 29.554 Thread 0x00000212924c18f0 flushing  nmethod 0x0000021280d2b390
Event: 29.554 Thread 0x00000212924c18f0 flushing  nmethod 0x0000021280d2bf10
Event: 29.554 Thread 0x00000212924c18f0 flushing  nmethod 0x0000021280d2c890
Event: 29.554 Thread 0x00000212924c18f0 flushing  nmethod 0x0000021280d2e790
Event: 29.554 Thread 0x00000212924c18f0 flushing  nmethod 0x0000021280d3cf90
Event: 29.554 Thread 0x00000212924c18f0 flushing  nmethod 0x0000021280d42810
Event: 29.554 Thread 0x00000212924c18f0 flushing  nmethod 0x0000021280d4f110
Event: 29.555 Thread 0x00000212924c18f0 flushing  nmethod 0x0000021280d51590
Event: 29.555 Thread 0x00000212924c18f0 flushing  nmethod 0x0000021280d5c810
Event: 29.555 Thread 0x00000212924c18f0 flushing  nmethod 0x0000021280d5cf10
Event: 29.555 Thread 0x00000212924c18f0 flushing  nmethod 0x0000021280d73e90
Event: 29.555 Thread 0x00000212924c18f0 flushing  nmethod 0x0000021280d7c410
Event: 29.555 Thread 0x00000212924c18f0 flushing  nmethod 0x0000021280d7cb10
Event: 29.555 Thread 0x00000212924c18f0 flushing  nmethod 0x0000021280d7f890
Event: 29.555 Thread 0x00000212924c18f0 flushing  nmethod 0x0000021280db8090
Event: 29.555 Thread 0x00000212924c18f0 flushing  nmethod 0x0000021280db8e90
Event: 29.555 Thread 0x00000212924c18f0 flushing  nmethod 0x0000021280de7f10
Event: 29.555 Thread 0x00000212924c18f0 flushing  nmethod 0x0000021280df8a90
Event: 29.555 Thread 0x00000212924c18f0 flushing  nmethod 0x0000021280e35b90
Event: 29.555 Thread 0x00000212924c18f0 flushing  nmethod 0x0000021280e86f10

Events (20 events):
Event: 30.390 Thread 0x00000212add38470 Thread added: 0x00000212aedd1890
Event: 30.392 Thread 0x00000212add38470 Thread added: 0x00000212926435a0
Event: 30.394 Thread 0x00000212add38470 Thread added: 0x00000212aedd22b0
Event: 30.399 Thread 0x00000212add38470 Thread added: 0x00000212aedd27c0
Event: 30.401 Thread 0x00000212add38470 Thread added: 0x00000212ac1e2dc0
Event: 30.405 Thread 0x00000212add38470 Thread added: 0x00000212ac1e37e0
Event: 30.410 Thread 0x00000212add38470 Thread added: 0x00000212ad114290
Event: 30.416 Thread 0x00000212add38470 Thread added: 0x00000212ad114cb0
Event: 30.420 Thread 0x00000212add38470 Thread added: 0x00000212ad1147a0
Event: 30.778 Thread 0x00000212add38470 Thread added: 0x00000212af0503f0
Event: 30.779 Thread 0x00000212add38470 Thread added: 0x00000212ac4c1f20
Event: 30.779 Thread 0x00000212add38470 Thread added: 0x00000212ac4c0ae0
Event: 30.780 Thread 0x00000212add38470 Thread added: 0x00000212af348210
Event: 30.781 Thread 0x00000212add38470 Thread added: 0x00000212af345990
Event: 30.782 Thread 0x00000212add38470 Thread added: 0x00000212af348720
Event: 30.782 Thread 0x00000212add38470 Thread added: 0x00000212af3477f0
Event: 30.782 Thread 0x00000212add38470 Thread added: 0x00000212af345480
Event: 30.783 Thread 0x00000212add38470 Thread added: 0x00000212af344f70
Event: 30.784 Thread 0x00000212add38470 Thread added: 0x00000212af3463b0
Event: 30.785 Thread 0x00000212add38470 Thread added: 0x00000212af346dd0


Dynamic libraries:
0x00007ff77d7d0000 - 0x00007ff77d7de000 	C:\Program Files\Microsoft\jdk-17.0.15.6-hotspot\bin\java.exe
0x00007ff8dc440000 - 0x00007ff8dc6a7000 	C:\WINDOWS\SYSTEM32\ntdll.dll
0x00007ff8db7d0000 - 0x00007ff8db899000 	C:\WINDOWS\System32\KERNEL32.DLL
0x00007ff8d9bd0000 - 0x00007ff8d9fc1000 	C:\WINDOWS\System32\KERNELBASE.dll
0x00007ff8d9fd0000 - 0x00007ff8da11b000 	C:\WINDOWS\System32\ucrtbase.dll
0x00007ff897430000 - 0x00007ff897447000 	C:\Program Files\Microsoft\jdk-17.0.15.6-hotspot\bin\jli.dll
0x00007ff8b9530000 - 0x00007ff8b954d000 	C:\Program Files\Microsoft\jdk-17.0.15.6-hotspot\bin\VCRUNTIME140.dll
0x00007ff8db410000 - 0x00007ff8db5d5000 	C:\WINDOWS\System32\USER32.dll
0x00007ff8d9970000 - 0x00007ff8d9997000 	C:\WINDOWS\System32\win32u.dll
0x00007ff8dbed0000 - 0x00007ff8dbefb000 	C:\WINDOWS\System32\GDI32.dll
0x00007ff8b8ca0000 - 0x00007ff8b8f33000 	C:\WINDOWS\WinSxS\amd64_microsoft.windows.common-controls_6595b64144ccf1df_6.0.26100.7922_none_3e089e1ee3342171\COMCTL32.dll
0x00007ff8d97b0000 - 0x00007ff8d98da000 	C:\WINDOWS\System32\gdi32full.dll
0x00007ff8da2b0000 - 0x00007ff8da359000 	C:\WINDOWS\System32\msvcrt.dll
0x00007ff8d9b20000 - 0x00007ff8d9bc3000 	C:\WINDOWS\System32\msvcp_win.dll
0x00007ff8da360000 - 0x00007ff8da391000 	C:\WINDOWS\System32\IMM32.DLL
0x00007ff899b90000 - 0x00007ff899b9c000 	C:\Program Files\Microsoft\jdk-17.0.15.6-hotspot\bin\vcruntime140_1.dll
0x00007ff83d120000 - 0x00007ff83d1ad000 	C:\Program Files\Microsoft\jdk-17.0.15.6-hotspot\bin\msvcp140.dll
0x00007ff834070000 - 0x00007ff834ce2000 	C:\Program Files\Microsoft\jdk-17.0.15.6-hotspot\bin\server\jvm.dll
0x00007ff8db220000 - 0x00007ff8db2db000 	C:\WINDOWS\System32\ADVAPI32.dll
0x00007ff8da9f0000 - 0x00007ff8daa97000 	C:\WINDOWS\System32\sechost.dll
0x00007ff8db2e0000 - 0x00007ff8db3f8000 	C:\WINDOWS\System32\RPCRT4.dll
0x00007ff8db740000 - 0x00007ff8db7b4000 	C:\WINDOWS\System32\WS2_32.dll
0x00007ff8d0b20000 - 0x00007ff8d0b55000 	C:\WINDOWS\SYSTEM32\WINMM.dll
0x00007ff8c6ef0000 - 0x00007ff8c6efb000 	C:\WINDOWS\SYSTEM32\VERSION.dll
0x00007ff8d8b80000 - 0x00007ff8d8bde000 	C:\WINDOWS\SYSTEM32\POWRPROF.dll
0x00007ff8d8b60000 - 0x00007ff8d8b74000 	C:\WINDOWS\SYSTEM32\UMPDC.dll
0x00007ff8d7ab0000 - 0x00007ff8d7acb000 	C:\WINDOWS\SYSTEM32\kernel.appcore.dll
0x00007ff897890000 - 0x00007ff89789a000 	C:\Program Files\Microsoft\jdk-17.0.15.6-hotspot\bin\jimage.dll
0x00007ff8d6bc0000 - 0x00007ff8d6e02000 	C:\WINDOWS\SYSTEM32\DBGHELP.DLL
0x00007ff8dbf70000 - 0x00007ff8dc2f2000 	C:\WINDOWS\System32\combase.dll
0x00007ff8dbb90000 - 0x00007ff8dbc67000 	C:\WINDOWS\System32\OLEAUT32.dll
0x00007ff8b6050000 - 0x00007ff8b608b000 	C:\WINDOWS\SYSTEM32\dbgcore.DLL
0x00007ff8d9700000 - 0x00007ff8d97a5000 	C:\WINDOWS\System32\bcryptPrimitives.dll
0x00007ff88e7d0000 - 0x00007ff88e7de000 	C:\Program Files\Microsoft\jdk-17.0.15.6-hotspot\bin\instrument.dll
0x00007ff897400000 - 0x00007ff897425000 	C:\Program Files\Microsoft\jdk-17.0.15.6-hotspot\bin\java.dll
0x00007ff83d040000 - 0x00007ff83d116000 	C:\Program Files\Microsoft\jdk-17.0.15.6-hotspot\bin\jsvml.dll
0x00007ff8daab0000 - 0x00007ff8db20f000 	C:\WINDOWS\System32\SHELL32.dll
0x00007ff8d8d20000 - 0x00007ff8d8e8a000 	C:\WINDOWS\System32\wintypes.dll
0x00007ff8d8e90000 - 0x00007ff8d96f4000 	C:\WINDOWS\System32\windows.storage.dll
0x00007ff8dbdd0000 - 0x00007ff8dbec7000 	C:\WINDOWS\System32\SHCORE.dll
0x00007ff8dbf00000 - 0x00007ff8dbf67000 	C:\WINDOWS\System32\shlwapi.dll
0x00007ff8d8c40000 - 0x00007ff8d8c69000 	C:\WINDOWS\SYSTEM32\profapi.dll
0x00007ff8838b0000 - 0x00007ff8838c8000 	C:\Program Files\Microsoft\jdk-17.0.15.6-hotspot\bin\zip.dll
0x00007ff88a720000 - 0x00007ff88a73a000 	C:\Program Files\Microsoft\jdk-17.0.15.6-hotspot\bin\net.dll
0x00007ff8cda60000 - 0x00007ff8cdb87000 	C:\WINDOWS\SYSTEM32\WINHTTP.dll
0x00007ff8d8020000 - 0x00007ff8d808b000 	C:\WINDOWS\system32\mswsock.dll
0x00007ff88a700000 - 0x00007ff88a716000 	C:\Program Files\Microsoft\jdk-17.0.15.6-hotspot\bin\nio.dll
0x00007ff8976e0000 - 0x00007ff8976f0000 	C:\Program Files\Microsoft\jdk-17.0.15.6-hotspot\bin\verify.dll
0x00007ff886160000 - 0x00007ff886187000 	C:\Users\HP\.gradle\native\c067742578af261105cb4f569cf0c3c89f3d7b1fecec35dd04571415982c5e48\windows-amd64\native-platform.dll
0x00007ff8796e0000 - 0x00007ff879824000 	C:\Users\HP\.gradle\native\100fb08df4bc3b14c8652ba06237920a3bd2aa13389f12d3474272988ae205f9\windows-amd64\native-platform-file-events.dll
0x00007ff894870000 - 0x00007ff89487a000 	C:\Program Files\Microsoft\jdk-17.0.15.6-hotspot\bin\management.dll
0x00007ff893630000 - 0x00007ff89363b000 	C:\Program Files\Microsoft\jdk-17.0.15.6-hotspot\bin\management_ext.dll
0x00007ff8db7c0000 - 0x00007ff8db7c8000 	C:\WINDOWS\System32\PSAPI.DLL
0x00007ff8d8300000 - 0x00007ff8d831b000 	C:\WINDOWS\SYSTEM32\CRYPTSP.dll
0x00007ff8d7a10000 - 0x00007ff8d7a49000 	C:\WINDOWS\system32\rsaenh.dll
0x00007ff8d80d0000 - 0x00007ff8d8102000 	C:\WINDOWS\SYSTEM32\USERENV.dll
0x00007ff8d8c10000 - 0x00007ff8d8c3a000 	C:\WINDOWS\SYSTEM32\bcrypt.dll
0x00007ff8d8320000 - 0x00007ff8d832c000 	C:\WINDOWS\SYSTEM32\CRYPTBASE.dll
0x00007ff8d7470000 - 0x00007ff8d74a3000 	C:\WINDOWS\SYSTEM32\IPHLPAPI.DLL
0x00007ff8daaa0000 - 0x00007ff8daaaa000 	C:\WINDOWS\System32\NSI.dll
0x00007ff8d0ef0000 - 0x00007ff8d0f0d000 	C:\WINDOWS\SYSTEM32\dhcpcsvc6.DLL
0x00007ff8cfb00000 - 0x00007ff8cfb23000 	C:\WINDOWS\SYSTEM32\dhcpcsvc.DLL
0x00007ff8d7500000 - 0x00007ff8d762a000 	C:\WINDOWS\SYSTEM32\DNSAPI.dll
0x00007ff893090000 - 0x00007ff893099000 	C:\Program Files\Microsoft\jdk-17.0.15.6-hotspot\bin\extnet.dll
0x00007ff88de20000 - 0x00007ff88de2e000 	C:\Program Files\Microsoft\jdk-17.0.15.6-hotspot\bin\sunmscapi.dll
0x00007ff8d99a0000 - 0x00007ff8d9b17000 	C:\WINDOWS\System32\CRYPT32.dll
0x00007ff8d8520000 - 0x00007ff8d8550000 	C:\WINDOWS\SYSTEM32\ncrypt.dll
0x00007ff8d84d0000 - 0x00007ff8d850f000 	C:\WINDOWS\SYSTEM32\NTASN1.dll
0x00007ff8c4030000 - 0x00007ff8c4038000 	C:\WINDOWS\system32\wshunix.dll

dbghelp: loaded successfully - version: 4.0.5 - missing functions: none
symbol engine: initialized successfully - sym options: 0x614 - pdb path: .;C:\Program Files\Microsoft\jdk-17.0.15.6-hotspot\bin;C:\WINDOWS\SYSTEM32;C:\WINDOWS\WinSxS\amd64_microsoft.windows.common-controls_6595b64144ccf1df_6.0.26100.7922_none_3e089e1ee3342171;C:\Program Files\Microsoft\jdk-17.0.15.6-hotspot\bin\server;C:\Users\HP\.gradle\native\c067742578af261105cb4f569cf0c3c89f3d7b1fecec35dd04571415982c5e48\windows-amd64;C:\Users\HP\.gradle\native\100fb08df4bc3b14c8652ba06237920a3bd2aa13389f12d3474272988ae205f9\windows-amd64

VM Arguments:
jvm_args: --add-opens=java.base/java.util=ALL-UNNAMED --add-opens=java.base/java.lang=ALL-UNNAMED --add-opens=java.base/java.lang.invoke=ALL-UNNAMED --add-opens=java.prefs/java.util.prefs=ALL-UNNAMED --add-exports=jdk.compiler/com.sun.tools.javac.api=ALL-UNNAMED --add-exports=jdk.compiler/com.sun.tools.javac.util=ALL-UNNAMED --add-opens=java.base/java.nio.charset=ALL-UNNAMED --add-opens=java.base/java.net=ALL-UNNAMED --add-opens=java.base/java.util.concurrent.atomic=ALL-UNNAMED -XX:MaxMetaspaceSize=384m -XX:+HeapDumpOnOutOfMemoryError -Xms256m -Xmx512m -Dfile.encoding=utf8 -Duser.country=IN -Duser.language=en -Duser.variant -javaagent:C:\Users\HP\.gradle\wrapper\dists\gradle-8.9-bin\90cnw93cvbtalezasaz0blq0a\gradle-8.9\lib\agents\gradle-instrumentation-agent-8.9.jar 
java_command: org.gradle.launcher.daemon.bootstrap.GradleDaemon 8.9
java_class_path (initial): C:\Users\HP\.gradle\wrapper\dists\gradle-8.9-bin\90cnw93cvbtalezasaz0blq0a\gradle-8.9\lib\gradle-daemon-main-8.9.jar
Launcher Type: SUN_STANDARD

[Global flags]
     intx CICompilerCount                          = 4                                         {product} {ergonomic}
   size_t CompressedClassSpaceSize                 = 335544320                                 {product} {ergonomic}
     uint ConcGCThreads                            = 3                                         {product} {ergonomic}
     uint G1ConcRefinementThreads                  = 10                                        {product} {ergonomic}
   size_t G1HeapRegionSize                         = 1048576                                   {product} {ergonomic}
    uintx GCDrainStackTargetSize                   = 64                                        {product} {ergonomic}
     bool HeapDumpOnOutOfMemoryError               = true                                   {manageable} {command line}
   size_t InitialHeapSize                          = 268435456                                 {product} {command line}
   size_t MarkStackSize                            = 4194304                                   {product} {ergonomic}
   size_t MaxHeapSize                              = 536870912                                 {product} {command line}
   size_t MaxMetaspaceSize                         = 402653184                                 {product} {command line}
   size_t MaxNewSize                               = 321912832                                 {product} {ergonomic}
   size_t MinHeapDeltaBytes                        = 1048576                                   {product} {ergonomic}
   size_t MinHeapSize                              = 268435456                                 {product} {command line}
    uintx NonNMethodCodeHeapSize                   = 5839372                                {pd product} {ergonomic}
    uintx NonProfiledCodeHeapSize                  = 122909434                              {pd product} {ergonomic}
    uintx ProfiledCodeHeapSize                     = 122909434                              {pd product} {ergonomic}
    uintx ReservedCodeCacheSize                    = 251658240                              {pd product} {ergonomic}
     bool SegmentedCodeCache                       = true                                      {product} {ergonomic}
   size_t SoftMaxHeapSize                          = 536870912                              {manageable} {ergonomic}
     bool UseCompressedClassPointers               = true                           {product lp64_product} {ergonomic}
     bool UseCompressedOops                        = true                           {product lp64_product} {ergonomic}
     bool UseG1GC                                  = true                                      {product} {ergonomic}
     bool UseLargePagesIndividualAllocation        = false                                  {pd product} {ergonomic}

Logging:
Log output configuration:
 #0: stdout all=warning uptime,level,tags
 #1: stderr all=off uptime,level,tags

Environment Variables:
JAVA_HOME=C:\Program Files\Microsoft\jdk-17.0.15.6-hotspot
PATH=C:\Users\HP\AppData\Local\Programs\Microsoft VS Code;C:\Program Files\Microsoft\jdk-17.0.15.6-hotspot\bin;C:\WINDOWS\system32;C:\WINDOWS;C:\WINDOWS\System32\Wbem;C:\WINDOWS\System32\WindowsPowerShell\v1.0\;C:\WINDOWS\System32\OpenSSH\;C:\Program Files\Git\cmd;C:\Program Files\dotnet\;C:\ProgramData\chocolatey\bin;C:\Users\HP\AppData\Local\Android\Sdk\platform-tools;C:\Users\HP\AppData\Local\Android\Sdk;C:\Users\HP\AppData\Local\Android\Sdk\emulator;;C:\Program Files\Docker\Docker\resources\bin;C:\Program Files\PuTTY\;C:\Program Files\nodejs\;C:\Program Files\MySQL\MySQL Shell 8.0\bin\;C:\Users\HP\AppData\Local\Microsoft\WindowsApps;C:\Users\HP\AppData\Local\Programs\Microsoft VS Code\bin;C:\Users\HP\AppData\Local\Android\Sdk\platform-tools;C:\Users\HP\AppData\Local\Android\Sdk;C:\Users\HP\AppData\Local\Android\Sdk\emulator;C:\Users\HP\AppData\Roaming\npm
USERNAME=HP
OS=Windows_NT
PROCESSOR_IDENTIFIER=Intel64 Family 6 Model 154 Stepping 4, GenuineIntel
TMP=C:\Users\HP\AppData\Local\Temp
TEMP=C:\Users\HP\AppData\Local\Temp



Periodic native trim disabled


---------------  S Y S T E M  ---------------

OS:
 Windows 11 , 64 bit Build 26100 (10.0.26100.7920)
OS uptime: 13 days 22:14 hours
Hyper-V role detected

CPU: total 12 (initial active 12) (6 cores per cpu, 2 threads per core) family 6 model 154 stepping 4 microcode 0x432, cx8, cmov, fxsr, ht, mmx, 3dnowpref, sse, sse2, sse3, ssse3, sse4.1, sse4.2, popcnt, lzcnt, tsc, tscinvbit, avx, avx2, aes, erms, clmul, bmi1, bmi2, adx, sha, fma, vzeroupper, clflush, clflushopt, clwb, hv
Processor Information for processor 0
  Max Mhz: 1300, Current Mhz: 1300, Mhz Limit: 1300
Processor Information for processor 1
  Max Mhz: 1300, Current Mhz: 1300, Mhz Limit: 1300
Processor Information for processor 2
  Max Mhz: 1300, Current Mhz: 1300, Mhz Limit: 1300
Processor Information for processor 3
  Max Mhz: 1300, Current Mhz: 1300, Mhz Limit: 1300
Processor Information for processor 4
  Max Mhz: 1300, Current Mhz: 900, Mhz Limit: 897
Processor Information for processor 5
  Max Mhz: 1300, Current Mhz: 900, Mhz Limit: 897
Processor Information for processor 6
  Max Mhz: 1300, Current Mhz: 900, Mhz Limit: 897
Processor Information for processor 7
  Max Mhz: 1300, Current Mhz: 900, Mhz Limit: 897
Processor Information for processor 8
  Max Mhz: 1300, Current Mhz: 900, Mhz Limit: 897
Processor Information for processor 9
  Max Mhz: 1300, Current Mhz: 900, Mhz Limit: 897
Processor Information for processor 10
  Max Mhz: 1300, Current Mhz: 900, Mhz Limit: 897
Processor Information for processor 11
  Max Mhz: 1300, Current Mhz: 900, Mhz Limit: 897

Memory: 4k page, system-wide physical 7835M (960M free)
TotalPageFile size 31387M (AvailPageFile size 47M)
current process WorkingSet (physical memory assigned to process): 389M, peak: 399M
current process commit charge ("private bytes"): 529M, peak: 539M

vm_info: OpenJDK 64-Bit Server VM (17.0.15+6-LTS) for windows-amd64 JRE (17.0.15+6-LTS), built on Apr  9 2025 22:27:25 by "MicrosoftCorporation" with unknown MS VC++:1939

END.
