#
# There is insufficient memory for the Java Runtime Environment to continue.
# Native memory allocation (malloc) failed to allocate 1815456 bytes. Error detail: Chunk::new
# Possible reasons:
#   The system is out of physical RAM or swap space
#   This process is running with CompressedOops enabled, and the Java Heap may be blocking the growth of the native heap
# Possible solutions:
#   Reduce memory load on the system
#   Increase physical memory or swap space
#   Check if swap backing store is full
#   Decrease Java heap size (-Xmx/-Xms)
#   Decrease number of Java threads
#   Decrease Java thread stack sizes (-Xss)
#   Set larger code cache with -XX:ReservedCodeCacheSize=
#   JVM is running with Unscaled Compressed Oops mode in which the Java heap is
#     placed in the first 4GB address space. The Java Heap base address is the
#     maximum limit for the native heap growth. Please use -XX:HeapBaseMinAddress
#     to set the Java Heap base and to place the Java Heap above 4GB virtual address.
# This output file may be truncated or incomplete.
#
#  Out of Memory Error (arena.cpp:191), pid=5564, tid=26840
#
# JRE version: OpenJDK Runtime Environment Microsoft-11369865 (17.0.15+6) (build 17.0.15+6-LTS)
# Java VM: OpenJDK 64-Bit Server VM Microsoft-11369865 (17.0.15+6-LTS, mixed mode, sharing, tiered, compressed oops, compressed class ptrs, g1 gc, windows-amd64)
# No core dump will be written. Minidumps are not enabled by default on client versions of Windows
#

---------------  S U M M A R Y ------------

Command Line: --add-opens=java.base/java.util=ALL-UNNAMED --add-opens=java.base/java.lang=ALL-UNNAMED --add-opens=java.base/java.lang.invoke=ALL-UNNAMED --add-opens=java.prefs/java.util.prefs=ALL-UNNAMED --add-exports=jdk.compiler/com.sun.tools.javac.api=ALL-UNNAMED --add-exports=jdk.compiler/com.sun.tools.javac.util=ALL-UNNAMED --add-opens=java.base/java.nio.charset=ALL-UNNAMED --add-opens=java.base/java.net=ALL-UNNAMED --add-opens=java.base/java.util.concurrent.atomic=ALL-UNNAMED -XX:MaxMetaspaceSize=384m -XX:+HeapDumpOnOutOfMemoryError -Xms256m -Xmx512m -Dfile.encoding=utf8 -Duser.country=IN -Duser.language=en -Duser.variant -javaagent:C:\Users\HP\.gradle\wrapper\dists\gradle-8.9-bin\90cnw93cvbtalezasaz0blq0a\gradle-8.9\lib\agents\gradle-instrumentation-agent-8.9.jar org.gradle.launcher.daemon.bootstrap.GradleDaemon 8.9

Host: 12th Gen Intel(R) Core(TM) i5-1235U, 12 cores, 7G,  Windows 11 , 64 bit Build 26100 (10.0.26100.7920)
Time: Thu Mar 26 11:02:08 2026 India Standard Time elapsed time: 35.754212 seconds (0d 0h 0m 35s)

---------------  T H R E A D  ---------------

Current thread (0x000001d1d9406d40):  JavaThread "C2 CompilerThread0" daemon [_thread_in_native, id=26840, stack(0x000000a946600000,0x000000a946700000)]


Current CompileTask:
C2:  35754 12702       4       org.gradle.internal.operations.DefaultBuildOperationRunner$CallableBuildOperationWorker::execute (10 bytes)

Stack: [0x000000a946600000,0x000000a946700000]
Native frames: (J=compiled Java code, j=interpreted, Vv=VM code, C=native code)
V  [jvm.dll+0x6887a9]
V  [jvm.dll+0x83f5a8]
V  [jvm.dll+0x841053]
V  [jvm.dll+0x8416c3]
V  [jvm.dll+0x2496ef]
V  [jvm.dll+0xad134]
V  [jvm.dll+0xad7cc]
V  [jvm.dll+0x36af2e]
V  [jvm.dll+0x1bce62]
V  [jvm.dll+0x21aa7c]
V  [jvm.dll+0x219d3f]
V  [jvm.dll+0x1a55f6]
V  [jvm.dll+0x22a39a]
V  [jvm.dll+0x2284db]
V  [jvm.dll+0x7f4e28]
V  [jvm.dll+0x7ef2dc]
V  [jvm.dll+0x687687]
C  [ucrtbase.dll+0x37b0]
C  [KERNEL32.DLL+0x2e8d7]
C  [ntdll.dll+0x8c48c]


---------------  P R O C E S S  ---------------

Threads class SMR info:
_java_thread_list=0x000001d1f588a110, length=82, elements={
0x000001d1be3cd500, 0x000001d1d93e9bd0, 0x000001d1d93ea6a0, 0x000001d1d9400600,
0x000001d1d9402ee0, 0x000001d1d94037b0, 0x000001d1d9404080, 0x000001d1d9406d40,
0x000001d1d9407700, 0x000001d1d9410020, 0x000001d1d952a5c0, 0x000001d1d95b3050,
0x000001d1f4a8db80, 0x000001d1f4a074b0, 0x000001d1f3f3d140, 0x000001d1f4bb5180,
0x000001d1f4b1de90, 0x000001d1f4b1cf60, 0x000001d1f4b1e8b0, 0x000001d1f4b1f2d0,
0x000001d1f4b1f7e0, 0x000001d1f4b1d980, 0x000001d1f5801ea0, 0x000001d1f5800550,
0x000001d1f5800a60, 0x000001d1f5801990, 0x000001d1f5802dd0, 0x000001d1f58032e0,
0x000001d1f5805140, 0x000001d1f5806a90, 0x000001d1f5805650, 0x000001d1f5806fa0,
0x000001d1f58074b0, 0x000001d1f5805b60, 0x000001d1f5806070, 0x000001d1f5669400,
0x000001d1f566a840, 0x000001d1f5804c30, 0x000001d1f965d060, 0x000001d1f965e9b0,
0x000001d1f965fdf0, 0x000001d1f965eec0, 0x000001d1f965da80, 0x000001d1f9660d20,
0x000001d1f9660300, 0x000001d1f9660810, 0x000001d1f9661230, 0x000001d1f9661740,
0x000001d1f965df90, 0x000001d1f9662670, 0x000001d1f9661c50, 0x000001d1f9662b80,
0x000001d1f9663090, 0x000001d1f96635a0, 0x000001d1f9663fc0, 0x000001d1f96644d0,
0x000001d1f9663ab0, 0x000001d1f96649e0, 0x000001d1f4015010, 0x000001d1f40131b0,
0x000001d1f4015f40, 0x000001d1f4015520, 0x000001d1f4016e70, 0x000001d1f40145f0,
0x000001d1f40140e0, 0x000001d1f4016450, 0x000001d1f40136c0, 0x000001d1f4017380,
0x000001d1f4013bd0, 0x000001d1f4017890, 0x000001d1f40196f0, 0x000001d1f4017da0,
0x000001d1f4019c00, 0x000001d1f40182b0, 0x000001d1f40187c0, 0x000001d1f4018cd0,
0x000001d1f401a110, 0x000001d1f40191e0, 0x000001d1f401a620, 0x000001d1f401ab30,
0x000001d1f5667ab0, 0x000001d1f4d98f40
}

Java Threads: ( => current thread )
  0x000001d1be3cd500 JavaThread "main" [_thread_blocked, id=15404, stack(0x000000a945900000,0x000000a945a00000)]
  0x000001d1d93e9bd0 JavaThread "Reference Handler" daemon [_thread_blocked, id=9616, stack(0x000000a946000000,0x000000a946100000)]
  0x000001d1d93ea6a0 JavaThread "Finalizer" daemon [_thread_blocked, id=16260, stack(0x000000a946100000,0x000000a946200000)]
  0x000001d1d9400600 JavaThread "Signal Dispatcher" daemon [_thread_blocked, id=25748, stack(0x000000a946200000,0x000000a946300000)]
  0x000001d1d9402ee0 JavaThread "Attach Listener" daemon [_thread_blocked, id=24748, stack(0x000000a946300000,0x000000a946400000)]
  0x000001d1d94037b0 JavaThread "Service Thread" daemon [_thread_blocked, id=19884, stack(0x000000a946400000,0x000000a946500000)]
  0x000001d1d9404080 JavaThread "Monitor Deflation Thread" daemon [_thread_blocked, id=17004, stack(0x000000a946500000,0x000000a946600000)]
=>0x000001d1d9406d40 JavaThread "C2 CompilerThread0" daemon [_thread_in_native, id=26840, stack(0x000000a946600000,0x000000a946700000)]
  0x000001d1d9407700 JavaThread "C1 CompilerThread0" daemon [_thread_blocked, id=26692, stack(0x000000a946700000,0x000000a946800000)]
  0x000001d1d9410020 JavaThread "Sweeper thread" daemon [_thread_blocked, id=11932, stack(0x000000a946800000,0x000000a946900000)]
  0x000001d1d952a5c0 JavaThread "Common-Cleaner" daemon [_thread_blocked, id=908, stack(0x000000a946900000,0x000000a946a00000)]
  0x000001d1d95b3050 JavaThread "Notification Thread" daemon [_thread_blocked, id=22332, stack(0x000000a946a00000,0x000000a946b00000)]
  0x000001d1f4a8db80 JavaThread "Daemon health stats" [_thread_blocked, id=27788, stack(0x000000a946c00000,0x000000a946d00000)]
  0x000001d1f4a074b0 JavaThread "Incoming local TCP Connector on port 61964" [_thread_in_native, id=9000, stack(0x000000a946d00000,0x000000a946e00000)]
  0x000001d1f3f3d140 JavaThread "Daemon periodic checks" [_thread_blocked, id=2404, stack(0x000000a947300000,0x000000a947400000)]
  0x000001d1f4bb5180 JavaThread "Daemon" [_thread_blocked, id=27520, stack(0x000000a947400000,0x000000a947500000)]
  0x000001d1f4b1de90 JavaThread "Daemon worker" [_thread_in_native, id=26912, stack(0x000000a947700000,0x000000a947800000)]
  0x000001d1f4b1cf60 JavaThread "Cache worker for journal cache (C:\Users\HP\.gradle\caches\journal-1)" [_thread_blocked, id=9892, stack(0x000000a947b00000,0x000000a947c00000)]
  0x000001d1f4b1e8b0 JavaThread "File lock request listener" [_thread_in_native, id=13116, stack(0x000000a947c00000,0x000000a947d00000)]
  0x000001d1f4b1f2d0 JavaThread "Cache worker for file hash cache (C:\Users\HP\.gradle\caches\8.9\fileHashes)" [_thread_blocked, id=14004, stack(0x000000a947d00000,0x000000a947e00000)]
  0x000001d1f4b1f7e0 JavaThread "File watcher server" daemon [_thread_in_native, id=2636, stack(0x000000a948700000,0x000000a948800000)]
  0x000001d1f4b1d980 JavaThread "File watcher consumer" daemon [_thread_blocked, id=14884, stack(0x000000a948800000,0x000000a948900000)]
  0x000001d1f5801ea0 JavaThread "jar transforms" [_thread_blocked, id=21924, stack(0x000000a948900000,0x000000a948a00000)]
  0x000001d1f5800550 JavaThread "jar transforms Thread 2" [_thread_blocked, id=9824, stack(0x000000a948a00000,0x000000a948b00000)]
  0x000001d1f5800a60 JavaThread "jar transforms Thread 3" [_thread_blocked, id=11004, stack(0x000000a948b00000,0x000000a948c00000)]
  0x000001d1f5801990 JavaThread "Cache worker for file content cache (C:\Users\HP\.gradle\caches\8.9\fileContent)" [_thread_blocked, id=22328, stack(0x000000a948e00000,0x000000a948f00000)]
  0x000001d1f5802dd0 JavaThread "jar transforms Thread 4" [_thread_blocked, id=18428, stack(0x000000a949000000,0x000000a949100000)]
  0x000001d1f58032e0 JavaThread "jar transforms Thread 5" [_thread_blocked, id=24740, stack(0x000000a949100000,0x000000a949200000)]
  0x000001d1f5805140 JavaThread "jar transforms Thread 6" [_thread_blocked, id=5216, stack(0x000000a949300000,0x000000a949400000)]
  0x000001d1f5806a90 JavaThread "jar transforms Thread 7" [_thread_blocked, id=29544, stack(0x000000a949400000,0x000000a949500000)]
  0x000001d1f5805650 JavaThread "jar transforms Thread 8" [_thread_blocked, id=19184, stack(0x000000a949500000,0x000000a949600000)]
  0x000001d1f5806fa0 JavaThread "jar transforms Thread 9" [_thread_blocked, id=3920, stack(0x000000a949600000,0x000000a949700000)]
  0x000001d1f58074b0 JavaThread "jar transforms Thread 10" [_thread_blocked, id=18924, stack(0x000000a949700000,0x000000a949800000)]
  0x000001d1f5805b60 JavaThread "jar transforms Thread 11" [_thread_blocked, id=22072, stack(0x000000a949800000,0x000000a949900000)]
  0x000001d1f5806070 JavaThread "jar transforms Thread 12" [_thread_blocked, id=26892, stack(0x000000a949900000,0x000000a949a00000)]
  0x000001d1f5669400 JavaThread "VFS cleanup" [_thread_blocked, id=15004, stack(0x000000a947800000,0x000000a947900000)]
  0x000001d1f566a840 JavaThread "Memory manager" [_thread_blocked, id=8824, stack(0x000000a94bb00000,0x000000a94bc00000)]
  0x000001d1f5804c30 JavaThread "included builds" [_thread_blocked, id=10524, stack(0x000000a94be00000,0x000000a94bf00000)]
  0x000001d1f965d060 JavaThread "Handler for socket connection from /127.0.0.1:61964 to /127.0.0.1:62031" [_thread_in_native, id=25664, stack(0x000000a945800000,0x000000a945900000)]
  0x000001d1f965e9b0 JavaThread "Cancel handler" [_thread_blocked, id=25144, stack(0x000000a947500000,0x000000a947600000)]
  0x000001d1f965fdf0 JavaThread "Asynchronous log dispatcher for DefaultDaemonConnection: socket connection from /127.0.0.1:61964 to /127.0.0.1:62031" [_thread_blocked, id=14876, stack(0x000000a947600000,0x000000a947700000)]
  0x000001d1f965eec0 JavaThread "Stdin handler" [_thread_blocked, id=11992, stack(0x000000a947900000,0x000000a947a00000)]
  0x000001d1f965da80 JavaThread "Daemon client event forwarder" [_thread_blocked, id=8988, stack(0x000000a947a00000,0x000000a947b00000)]
  0x000001d1f9660d20 JavaThread "Cache worker for file hash cache (D:\Parkitdemo\Updated-Sundukpay\node_modules\react-native-webview\android\.gradle\8.9\fileHashes)" [_thread_blocked, id=22988, stack(0x000000a947e00000,0x000000a947f00000)]
  0x000001d1f9660300 JavaThread "Cache worker for Build Output Cleanup Cache (D:\Parkitdemo\Updated-Sundukpay\node_modules\react-native-webview\android\.gradle\buildOutputCleanup)" [_thread_blocked, id=15444, stack(0x000000a948300000,0x000000a948400000)]
  0x000001d1f9660810 JavaThread "Cache worker for checksums cache (D:\Parkitdemo\Updated-Sundukpay\node_modules\react-native-webview\android\.gradle\8.9\checksums)" [_thread_blocked, id=28028, stack(0x000000a948c00000,0x000000a948d00000)]
  0x000001d1f9661230 JavaThread "Cache worker for cache directory md-rule (C:\Users\HP\.gradle\caches\8.9\md-rule)" [_thread_blocked, id=26180, stack(0x000000a948d00000,0x000000a948e00000)]
  0x000001d1f9661740 JavaThread "Cache worker for cache directory md-supplier (C:\Users\HP\.gradle\caches\8.9\md-supplier)" [_thread_blocked, id=21832, stack(0x000000a948f00000,0x000000a949000000)]
  0x000001d1f965df90 JavaThread "Unconstrained build operations" [_thread_blocked, id=3672, stack(0x000000a949b00000,0x000000a949c00000)]
  0x000001d1f9662670 JavaThread "Unconstrained build operations Thread 2" [_thread_blocked, id=24120, stack(0x000000a949c00000,0x000000a949d00000)]
  0x000001d1f9661c50 JavaThread "Unconstrained build operations Thread 3" [_thread_blocked, id=11560, stack(0x000000a949d00000,0x000000a949e00000)]
  0x000001d1f9662b80 JavaThread "Unconstrained build operations Thread 4" [_thread_blocked, id=28824, stack(0x000000a949e00000,0x000000a949f00000)]
  0x000001d1f9663090 JavaThread "Unconstrained build operations Thread 5" [_thread_blocked, id=6328, stack(0x000000a949f00000,0x000000a94a000000)]
  0x000001d1f96635a0 JavaThread "Unconstrained build operations Thread 6" [_thread_blocked, id=22604, stack(0x000000a94a000000,0x000000a94a100000)]
  0x000001d1f9663fc0 JavaThread "Unconstrained build operations Thread 7" [_thread_blocked, id=3892, stack(0x000000a94a100000,0x000000a94a200000)]
  0x000001d1f96644d0 JavaThread "Unconstrained build operations Thread 8" [_thread_blocked, id=23628, stack(0x000000a94a200000,0x000000a94a300000)]
  0x000001d1f9663ab0 JavaThread "Unconstrained build operations Thread 9" [_thread_blocked, id=13460, stack(0x000000a94a300000,0x000000a94a400000)]
  0x000001d1f96649e0 JavaThread "Unconstrained build operations Thread 10" [_thread_blocked, id=11292, stack(0x000000a94a400000,0x000000a94a500000)]
  0x000001d1f4015010 JavaThread "Unconstrained build operations Thread 11" [_thread_blocked, id=10996, stack(0x000000a94a500000,0x000000a94a600000)]
  0x000001d1f40131b0 JavaThread "Unconstrained build operations Thread 12" [_thread_blocked, id=25248, stack(0x000000a94a600000,0x000000a94a700000)]
  0x000001d1f4015f40 JavaThread "Unconstrained build operations Thread 13" [_thread_blocked, id=1888, stack(0x000000a94a700000,0x000000a94a800000)]
  0x000001d1f4015520 JavaThread "Unconstrained build operations Thread 14" [_thread_blocked, id=18644, stack(0x000000a94a800000,0x000000a94a900000)]
  0x000001d1f4016e70 JavaThread "Unconstrained build operations Thread 15" [_thread_blocked, id=4900, stack(0x000000a94a900000,0x000000a94aa00000)]
  0x000001d1f40145f0 JavaThread "Unconstrained build operations Thread 16" [_thread_blocked, id=14412, stack(0x000000a94aa00000,0x000000a94ab00000)]
  0x000001d1f40140e0 JavaThread "Unconstrained build operations Thread 17" [_thread_blocked, id=9244, stack(0x000000a94ab00000,0x000000a94ac00000)]
  0x000001d1f4016450 JavaThread "Unconstrained build operations Thread 18" [_thread_blocked, id=23868, stack(0x000000a94ac00000,0x000000a94ad00000)]
  0x000001d1f40136c0 JavaThread "Unconstrained build operations Thread 19" [_thread_blocked, id=20836, stack(0x000000a94ad00000,0x000000a94ae00000)]
  0x000001d1f4017380 JavaThread "Unconstrained build operations Thread 20" [_thread_blocked, id=18064, stack(0x000000a94ae00000,0x000000a94af00000)]
  0x000001d1f4013bd0 JavaThread "Unconstrained build operations Thread 21" [_thread_blocked, id=24364, stack(0x000000a94af00000,0x000000a94b000000)]
  0x000001d1f4017890 JavaThread "Unconstrained build operations Thread 22" [_thread_blocked, id=8668, stack(0x000000a94b000000,0x000000a94b100000)]
  0x000001d1f40196f0 JavaThread "Unconstrained build operations Thread 23" [_thread_blocked, id=31708, stack(0x000000a94b100000,0x000000a94b200000)]
  0x000001d1f4017da0 JavaThread "Unconstrained build operations Thread 24" [_thread_blocked, id=9248, stack(0x000000a94b200000,0x000000a94b300000)]
  0x000001d1f4019c00 JavaThread "Unconstrained build operations Thread 25" [_thread_blocked, id=14076, stack(0x000000a94b300000,0x000000a94b400000)]
  0x000001d1f40182b0 JavaThread "Unconstrained build operations Thread 26" [_thread_blocked, id=23716, stack(0x000000a94b400000,0x000000a94b500000)]
  0x000001d1f40187c0 JavaThread "Unconstrained build operations Thread 27" [_thread_blocked, id=15756, stack(0x000000a94b500000,0x000000a94b600000)]
  0x000001d1f4018cd0 JavaThread "Unconstrained build operations Thread 28" [_thread_blocked, id=28392, stack(0x000000a94b600000,0x000000a94b700000)]
  0x000001d1f401a110 JavaThread "Unconstrained build operations Thread 29" [_thread_blocked, id=13376, stack(0x000000a94b700000,0x000000a94b800000)]
  0x000001d1f40191e0 JavaThread "Unconstrained build operations Thread 30" [_thread_blocked, id=29896, stack(0x000000a94b800000,0x000000a94b900000)]
  0x000001d1f401a620 JavaThread "Unconstrained build operations Thread 31" [_thread_blocked, id=26628, stack(0x000000a94b900000,0x000000a94ba00000)]
  0x000001d1f401ab30 JavaThread "Unconstrained build operations Thread 32" [_thread_blocked, id=28820, stack(0x000000a94ba00000,0x000000a94bb00000)]
  0x000001d1f5667ab0 JavaThread "Unconstrained build operations Thread 33" [_thread_blocked, id=5600, stack(0x000000a94bc00000,0x000000a94bd00000)]
  0x000001d1f4d98f40 JavaThread "C2 CompilerThread1" daemon [_thread_blocked, id=31372, stack(0x000000a948400000,0x000000a948500000)]

Other Threads:
  0x000001d1d93e5be0 VMThread "VM Thread" [stack: 0x000000a945f00000,0x000000a946000000] [id=21988]
  0x000001d1be3ce290 WatcherThread [stack: 0x000000a946b00000,0x000000a946c00000] [id=15892]
  0x000001d1be3fc2e0 GCTaskThread "GC Thread#0" [stack: 0x000000a945a00000,0x000000a945b00000] [id=2892]
  0x000001d1f3305540 GCTaskThread "GC Thread#1" [stack: 0x000000a946e00000,0x000000a946f00000] [id=26572]
  0x000001d1f39b5af0 GCTaskThread "GC Thread#2" [stack: 0x000000a946f00000,0x000000a947000000] [id=31184]
  0x000001d1f34e82e0 GCTaskThread "GC Thread#3" [stack: 0x000000a947000000,0x000000a947100000] [id=14512]
  0x000001d1f374a8d0 GCTaskThread "GC Thread#4" [stack: 0x000000a947100000,0x000000a947200000] [id=16636]
  0x000001d1f3749010 GCTaskThread "GC Thread#5" [stack: 0x000000a947200000,0x000000a947300000] [id=19696]
  0x000001d1f374a350 GCTaskThread "GC Thread#6" [stack: 0x000000a947f00000,0x000000a948000000] [id=4764]
  0x000001d1f3749b10 GCTaskThread "GC Thread#7" [stack: 0x000000a948000000,0x000000a948100000] [id=13648]
  0x000001d1f374ab90 GCTaskThread "GC Thread#8" [stack: 0x000000a948100000,0x000000a948200000] [id=11412]
  0x000001d1f3749590 GCTaskThread "GC Thread#9" [stack: 0x000000a948200000,0x000000a948300000] [id=21756]
  0x000001d1be401140 ConcurrentGCThread "G1 Main Marker" [stack: 0x000000a945b00000,0x000000a945c00000] [id=18544]
  0x000001d1be401a70 ConcurrentGCThread "G1 Conc#0" [stack: 0x000000a945c00000,0x000000a945d00000] [id=12508]
  0x000001d1f5d588d0 ConcurrentGCThread "G1 Conc#1" [stack: 0x000000a948500000,0x000000a948600000] [id=25564]
  0x000001d1f5d59110 ConcurrentGCThread "G1 Conc#2" [stack: 0x000000a948600000,0x000000a948700000] [id=25544]
  0x000001d1be47e790 ConcurrentGCThread "G1 Refine#0" [stack: 0x000000a945d00000,0x000000a945e00000] [id=16148]
  0x000001d1d92a0150 ConcurrentGCThread "G1 Service" [stack: 0x000000a945e00000,0x000000a945f00000] [id=8684]

Threads with active compile tasks:
C2 CompilerThread0    35963 12702       4       org.gradle.internal.operations.DefaultBuildOperationRunner$CallableBuildOperationWorker::execute (10 bytes)

VM state: not at safepoint (normal execution)

VM Mutex/Monitor currently owned by a thread: None

Heap address: 0x00000000e0000000, size: 512 MB, Compressed Oops mode: 32-bit

CDS archive(s) mapped at: [0x000001d1da000000-0x000001d1dabb0000-0x000001d1dabb0000), size 12255232, SharedBaseAddress: 0x000001d1da000000, ArchiveRelocationMode: 1.
Compressed class space mapped at: 0x000001d1db000000-0x000001d1ef000000, reserved size: 335544320
Narrow klass base: 0x000001d1da000000, Narrow klass shift: 0, Narrow klass range: 0x100000000

GC Precious Log:
 CPUs: 12 total, 12 available
 Memory: 7835M
 Large Page Support: Disabled
 NUMA Support: Disabled
 Compressed Oops: Enabled (32-bit)
 Heap Region Size: 1M
 Heap Min Capacity: 256M
 Heap Initial Capacity: 256M
 Heap Max Capacity: 512M
 Pre-touch: Disabled
 Parallel Workers: 10
 Concurrent Workers: 3
 Concurrent Refinement Workers: 10
 Periodic GC: Disabled

Heap:
 garbage-first heap   total 262144K, used 194829K [0x00000000e0000000, 0x0000000100000000)
  region size 1024K, 76 young (77824K), 6 survivors (6144K)
 Metaspace       used 93233K, committed 94208K, reserved 458752K
  class space    used 12609K, committed 13056K, reserved 327680K

Heap Regions: E=young(eden), S=young(survivor), O=old, HS=humongous(starts), HC=humongous(continues), CS=collection set, F=free, OA=open archive, CA=closed archive, TAMS=top-at-mark-start (previous, next)
|   0|0x00000000e0000000, 0x00000000e0100000, 0x00000000e0100000|100%|HS|  |TAMS 0x00000000e0100000, 0x00000000e0000000| Complete 
|   1|0x00000000e0100000, 0x00000000e0200000, 0x00000000e0200000|100%|HC|  |TAMS 0x00000000e0200000, 0x00000000e0100000| Complete 
|   2|0x00000000e0200000, 0x00000000e0300000, 0x00000000e0300000|100%|HC|  |TAMS 0x00000000e0300000, 0x00000000e0200000| Complete 
|   3|0x00000000e0300000, 0x00000000e0400000, 0x00000000e0400000|100%|HC|  |TAMS 0x00000000e0400000, 0x00000000e0300000| Complete 
|   4|0x00000000e0400000, 0x00000000e0500000, 0x00000000e0500000|100%| O|  |TAMS 0x00000000e0500000, 0x00000000e0400000| Untracked 
|   5|0x00000000e0500000, 0x00000000e0600000, 0x00000000e0600000|100%| O|  |TAMS 0x00000000e0600000, 0x00000000e0500000| Untracked 
|   6|0x00000000e0600000, 0x00000000e0700000, 0x00000000e0700000|100%| O|  |TAMS 0x00000000e0700000, 0x00000000e0600000| Untracked 
|   7|0x00000000e0700000, 0x00000000e0800000, 0x00000000e0800000|100%| O|  |TAMS 0x00000000e0800000, 0x00000000e0700000| Untracked 
|   8|0x00000000e0800000, 0x00000000e0900000, 0x00000000e0900000|100%| O|  |TAMS 0x00000000e0900000, 0x00000000e0800000| Untracked 
|   9|0x00000000e0900000, 0x00000000e0a00000, 0x00000000e0a00000|100%| O|  |TAMS 0x00000000e0a00000, 0x00000000e0900000| Untracked 
|  10|0x00000000e0a00000, 0x00000000e0b00000, 0x00000000e0b00000|100%| O|  |TAMS 0x00000000e0b00000, 0x00000000e0a00000| Untracked 
|  11|0x00000000e0b00000, 0x00000000e0c00000, 0x00000000e0c00000|100%|HS|  |TAMS 0x00000000e0c00000, 0x00000000e0b00000| Complete 
|  12|0x00000000e0c00000, 0x00000000e0d00000, 0x00000000e0d00000|100%| O|  |TAMS 0x00000000e0d00000, 0x00000000e0c00000| Untracked 
|  13|0x00000000e0d00000, 0x00000000e0e00000, 0x00000000e0e00000|100%| O|  |TAMS 0x00000000e0e00000, 0x00000000e0d00000| Untracked 
|  14|0x00000000e0e00000, 0x00000000e0f00000, 0x00000000e0f00000|100%| O|  |TAMS 0x00000000e0f00000, 0x00000000e0e00000| Untracked 
|  15|0x00000000e0f00000, 0x00000000e1000000, 0x00000000e1000000|100%| O|  |TAMS 0x00000000e1000000, 0x00000000e0f00000| Untracked 
|  16|0x00000000e1000000, 0x00000000e1100000, 0x00000000e1100000|100%| O|  |TAMS 0x00000000e1100000, 0x00000000e1000000| Untracked 
|  17|0x00000000e1100000, 0x00000000e1200000, 0x00000000e1200000|100%| O|  |TAMS 0x00000000e1200000, 0x00000000e1100000| Untracked 
|  18|0x00000000e1200000, 0x00000000e1300000, 0x00000000e1300000|100%| O|  |TAMS 0x00000000e1300000, 0x00000000e1200000| Untracked 
|  19|0x00000000e1300000, 0x00000000e1400000, 0x00000000e1400000|100%| O|  |TAMS 0x00000000e1400000, 0x00000000e1300000| Untracked 
|  20|0x00000000e1400000, 0x00000000e1500000, 0x00000000e1500000|100%| O|  |TAMS 0x00000000e1500000, 0x00000000e1400000| Untracked 
|  21|0x00000000e1500000, 0x00000000e1600000, 0x00000000e1600000|100%| O|  |TAMS 0x00000000e1600000, 0x00000000e1500000| Untracked 
|  22|0x00000000e1600000, 0x00000000e1700000, 0x00000000e1700000|100%|HS|  |TAMS 0x00000000e1700000, 0x00000000e1600000| Complete 
|  23|0x00000000e1700000, 0x00000000e1800000, 0x00000000e1800000|100%|HC|  |TAMS 0x00000000e1800000, 0x00000000e1700000| Complete 
|  24|0x00000000e1800000, 0x00000000e1900000, 0x00000000e1900000|100%|HS|  |TAMS 0x00000000e1900000, 0x00000000e1800000| Complete 
|  25|0x00000000e1900000, 0x00000000e1a00000, 0x00000000e1a00000|100%|HC|  |TAMS 0x00000000e1a00000, 0x00000000e1900000| Complete 
|  26|0x00000000e1a00000, 0x00000000e1b00000, 0x00000000e1b00000|100%|HC|  |TAMS 0x00000000e1b00000, 0x00000000e1a00000| Complete 
|  27|0x00000000e1b00000, 0x00000000e1c00000, 0x00000000e1c00000|100%| O|  |TAMS 0x00000000e1c00000, 0x00000000e1b00000| Untracked 
|  28|0x00000000e1c00000, 0x00000000e1d00000, 0x00000000e1d00000|100%| O|  |TAMS 0x00000000e1d00000, 0x00000000e1c00000| Untracked 
|  29|0x00000000e1d00000, 0x00000000e1e00000, 0x00000000e1e00000|100%| O|  |TAMS 0x00000000e1e00000, 0x00000000e1d00000| Untracked 
|  30|0x00000000e1e00000, 0x00000000e1f00000, 0x00000000e1f00000|100%| O|  |TAMS 0x00000000e1f00000, 0x00000000e1e00000| Untracked 
|  31|0x00000000e1f00000, 0x00000000e2000000, 0x00000000e2000000|100%| O|  |TAMS 0x00000000e2000000, 0x00000000e1f00000| Untracked 
|  32|0x00000000e2000000, 0x00000000e2100000, 0x00000000e2100000|100%| O|  |TAMS 0x00000000e2100000, 0x00000000e2000000| Untracked 
|  33|0x00000000e2100000, 0x00000000e2200000, 0x00000000e2200000|100%| O|  |TAMS 0x00000000e2200000, 0x00000000e2100000| Untracked 
|  34|0x00000000e2200000, 0x00000000e2300000, 0x00000000e2300000|100%| O|  |TAMS 0x00000000e2300000, 0x00000000e2200000| Untracked 
|  35|0x00000000e2300000, 0x00000000e2400000, 0x00000000e2400000|100%| O|  |TAMS 0x00000000e2400000, 0x00000000e2300000| Untracked 
|  36|0x00000000e2400000, 0x00000000e2500000, 0x00000000e2500000|100%| O|  |TAMS 0x00000000e2500000, 0x00000000e2400000| Untracked 
|  37|0x00000000e2500000, 0x00000000e2600000, 0x00000000e2600000|100%| O|  |TAMS 0x00000000e2600000, 0x00000000e2500000| Untracked 
|  38|0x00000000e2600000, 0x00000000e2700000, 0x00000000e2700000|100%| O|  |TAMS 0x00000000e2700000, 0x00000000e2600000| Untracked 
|  39|0x00000000e2700000, 0x00000000e2800000, 0x00000000e2800000|100%| O|  |TAMS 0x00000000e2800000, 0x00000000e2700000| Untracked 
|  40|0x00000000e2800000, 0x00000000e2900000, 0x00000000e2900000|100%| O|  |TAMS 0x00000000e2900000, 0x00000000e2800000| Untracked 
|  41|0x00000000e2900000, 0x00000000e2a00000, 0x00000000e2a00000|100%| O|  |TAMS 0x00000000e2a00000, 0x00000000e2900000| Untracked 
|  42|0x00000000e2a00000, 0x00000000e2b00000, 0x00000000e2b00000|100%| O|  |TAMS 0x00000000e2b00000, 0x00000000e2a00000| Untracked 
|  43|0x00000000e2b00000, 0x00000000e2c00000, 0x00000000e2c00000|100%| O|  |TAMS 0x00000000e2c00000, 0x00000000e2b00000| Untracked 
|  44|0x00000000e2c00000, 0x00000000e2d00000, 0x00000000e2d00000|100%| O|  |TAMS 0x00000000e2d00000, 0x00000000e2c00000| Untracked 
|  45|0x00000000e2d00000, 0x00000000e2e00000, 0x00000000e2e00000|100%|HS|  |TAMS 0x00000000e2e00000, 0x00000000e2d00000| Complete 
|  46|0x00000000e2e00000, 0x00000000e2f00000, 0x00000000e2f00000|100%|HC|  |TAMS 0x00000000e2f00000, 0x00000000e2e00000| Complete 
|  47|0x00000000e2f00000, 0x00000000e3000000, 0x00000000e3000000|100%| O|  |TAMS 0x00000000e3000000, 0x00000000e2f00000| Untracked 
|  48|0x00000000e3000000, 0x00000000e3100000, 0x00000000e3100000|100%| O|  |TAMS 0x00000000e3100000, 0x00000000e3000000| Untracked 
|  49|0x00000000e3100000, 0x00000000e3200000, 0x00000000e3200000|100%| O|  |TAMS 0x00000000e3200000, 0x00000000e3100000| Untracked 
|  50|0x00000000e3200000, 0x00000000e3300000, 0x00000000e3300000|100%| O|  |TAMS 0x00000000e3300000, 0x00000000e3200000| Untracked 
|  51|0x00000000e3300000, 0x00000000e3400000, 0x00000000e3400000|100%| O|  |TAMS 0x00000000e3400000, 0x00000000e3300000| Untracked 
|  52|0x00000000e3400000, 0x00000000e3500000, 0x00000000e3500000|100%| O|  |TAMS 0x00000000e3500000, 0x00000000e3400000| Untracked 
|  53|0x00000000e3500000, 0x00000000e3600000, 0x00000000e3600000|100%| O|  |TAMS 0x00000000e3600000, 0x00000000e3500000| Untracked 
|  54|0x00000000e3600000, 0x00000000e3700000, 0x00000000e3700000|100%|HS|  |TAMS 0x00000000e3700000, 0x00000000e3600000| Complete 
|  55|0x00000000e3700000, 0x00000000e3800000, 0x00000000e3800000|100%|HS|  |TAMS 0x00000000e3800000, 0x00000000e3700000| Complete 
|  56|0x00000000e3800000, 0x00000000e3900000, 0x00000000e3900000|100%|HS|  |TAMS 0x00000000e3900000, 0x00000000e3800000| Complete 
|  57|0x00000000e3900000, 0x00000000e3a00000, 0x00000000e3a00000|100%|HS|  |TAMS 0x00000000e3a00000, 0x00000000e3900000| Complete 
|  58|0x00000000e3a00000, 0x00000000e3b00000, 0x00000000e3b00000|100%|HS|  |TAMS 0x00000000e3b00000, 0x00000000e3a00000| Complete 
|  59|0x00000000e3b00000, 0x00000000e3c00000, 0x00000000e3c00000|100%|HS|  |TAMS 0x00000000e3c00000, 0x00000000e3b00000| Complete 
|  60|0x00000000e3c00000, 0x00000000e3d00000, 0x00000000e3d00000|100%|HC|  |TAMS 0x00000000e3d00000, 0x00000000e3c00000| Complete 
|  61|0x00000000e3d00000, 0x00000000e3e00000, 0x00000000e3e00000|100%|HC|  |TAMS 0x00000000e3e00000, 0x00000000e3d00000| Complete 
|  62|0x00000000e3e00000, 0x00000000e3f00000, 0x00000000e3f00000|100%| O|  |TAMS 0x00000000e3f00000, 0x00000000e3e00000| Untracked 
|  63|0x00000000e3f00000, 0x00000000e4000000, 0x00000000e4000000|100%| O|  |TAMS 0x00000000e4000000, 0x00000000e3f00000| Untracked 
|  64|0x00000000e4000000, 0x00000000e4100000, 0x00000000e4100000|100%| O|  |TAMS 0x00000000e4100000, 0x00000000e4000000| Untracked 
|  65|0x00000000e4100000, 0x00000000e4200000, 0x00000000e4200000|100%| O|  |TAMS 0x00000000e4200000, 0x00000000e4100000| Untracked 
|  66|0x00000000e4200000, 0x00000000e4300000, 0x00000000e4300000|100%| O|  |TAMS 0x00000000e4300000, 0x00000000e4200000| Untracked 
|  67|0x00000000e4300000, 0x00000000e4400000, 0x00000000e4400000|100%| O|  |TAMS 0x00000000e4400000, 0x00000000e4300000| Untracked 
|  68|0x00000000e4400000, 0x00000000e4500000, 0x00000000e4500000|100%| O|  |TAMS 0x00000000e4500000, 0x00000000e4400000| Untracked 
|  69|0x00000000e4500000, 0x00000000e4600000, 0x00000000e4600000|100%| O|  |TAMS 0x00000000e4600000, 0x00000000e4500000| Untracked 
|  70|0x00000000e4600000, 0x00000000e4700000, 0x00000000e4700000|100%| O|  |TAMS 0x00000000e4700000, 0x00000000e4600000| Untracked 
|  71|0x00000000e4700000, 0x00000000e4800000, 0x00000000e4800000|100%| O|  |TAMS 0x00000000e4800000, 0x00000000e4700000| Complete 
|  72|0x00000000e4800000, 0x00000000e4900000, 0x00000000e4900000|100%| O|  |TAMS 0x00000000e4900000, 0x00000000e4800000| Complete 
|  73|0x00000000e4900000, 0x00000000e4a00000, 0x00000000e4a00000|100%| O|  |TAMS 0x00000000e4a00000, 0x00000000e4900000| Complete 
|  74|0x00000000e4a00000, 0x00000000e4b00000, 0x00000000e4b00000|100%| O|  |TAMS 0x00000000e4b00000, 0x00000000e4a00000| Untracked 
|  75|0x00000000e4b00000, 0x00000000e4c00000, 0x00000000e4c00000|100%|HS|  |TAMS 0x00000000e4c00000, 0x00000000e4b00000| Complete 
|  76|0x00000000e4c00000, 0x00000000e4d00000, 0x00000000e4d00000|100%|HC|  |TAMS 0x00000000e4d00000, 0x00000000e4c00000| Complete 
|  77|0x00000000e4d00000, 0x00000000e4e00000, 0x00000000e4e00000|100%| O|  |TAMS 0x00000000e4e00000, 0x00000000e4d00000| Untracked 
|  78|0x00000000e4e00000, 0x00000000e4f00000, 0x00000000e4f00000|100%| O|  |TAMS 0x00000000e4f00000, 0x00000000e4e00000| Untracked 
|  79|0x00000000e4f00000, 0x00000000e5000000, 0x00000000e5000000|100%| O|  |TAMS 0x00000000e5000000, 0x00000000e4f00000| Untracked 
|  80|0x00000000e5000000, 0x00000000e5100000, 0x00000000e5100000|100%| O|  |TAMS 0x00000000e5100000, 0x00000000e5000000| Untracked 
|  81|0x00000000e5100000, 0x00000000e5200000, 0x00000000e5200000|100%| O|  |TAMS 0x00000000e5200000, 0x00000000e5100000| Untracked 
|  82|0x00000000e5200000, 0x00000000e5300000, 0x00000000e5300000|100%| O|  |TAMS 0x00000000e5300000, 0x00000000e5200000| Untracked 
|  83|0x00000000e5300000, 0x00000000e5400000, 0x00000000e5400000|100%| O|  |TAMS 0x00000000e5400000, 0x00000000e5300000| Untracked 
|  84|0x00000000e5400000, 0x00000000e5500000, 0x00000000e5500000|100%| O|  |TAMS 0x00000000e5500000, 0x00000000e5400000| Untracked 
|  85|0x00000000e5500000, 0x00000000e5600000, 0x00000000e5600000|100%| O|  |TAMS 0x00000000e5600000, 0x00000000e5500000| Complete 
|  86|0x00000000e5600000, 0x00000000e5700000, 0x00000000e5700000|100%| O|  |TAMS 0x00000000e5700000, 0x00000000e5600000| Complete 
|  87|0x00000000e5700000, 0x00000000e5800000, 0x00000000e5800000|100%|HS|  |TAMS 0x00000000e5800000, 0x00000000e5700000| Complete 
|  88|0x00000000e5800000, 0x00000000e5900000, 0x00000000e5900000|100%| O|  |TAMS 0x00000000e5900000, 0x00000000e5800000| Untracked 
|  89|0x00000000e5900000, 0x00000000e5a00000, 0x00000000e5a00000|100%| O|  |TAMS 0x00000000e5a00000, 0x00000000e5900000| Untracked 
|  90|0x00000000e5a00000, 0x00000000e5b00000, 0x00000000e5b00000|100%| O|  |TAMS 0x00000000e5b00000, 0x00000000e5a00000| Untracked 
|  91|0x00000000e5b00000, 0x00000000e5c00000, 0x00000000e5c00000|100%| O|  |TAMS 0x00000000e5c00000, 0x00000000e5b00000| Untracked 
|  92|0x00000000e5c00000, 0x00000000e5d00000, 0x00000000e5d00000|100%| O|  |TAMS 0x00000000e5d00000, 0x00000000e5c00000| Untracked 
|  93|0x00000000e5d00000, 0x00000000e5e00000, 0x00000000e5e00000|100%| O|  |TAMS 0x00000000e5e00000, 0x00000000e5d00000| Untracked 
|  94|0x00000000e5e00000, 0x00000000e5f00000, 0x00000000e5f00000|100%| O|  |TAMS 0x00000000e5f00000, 0x00000000e5e00000| Untracked 
|  95|0x00000000e5f00000, 0x00000000e6000000, 0x00000000e6000000|100%| O|  |TAMS 0x00000000e6000000, 0x00000000e5f00000| Untracked 
|  96|0x00000000e6000000, 0x00000000e6100000, 0x00000000e6100000|100%|HS|  |TAMS 0x00000000e6100000, 0x00000000e6000000| Complete 
|  97|0x00000000e6100000, 0x00000000e6200000, 0x00000000e6200000|100%|HC|  |TAMS 0x00000000e6200000, 0x00000000e6100000| Complete 
|  98|0x00000000e6200000, 0x00000000e6300000, 0x00000000e6300000|100%|HC|  |TAMS 0x00000000e6300000, 0x00000000e6200000| Complete 
|  99|0x00000000e6300000, 0x00000000e6400000, 0x00000000e6400000|100%| O|  |TAMS 0x00000000e6400000, 0x00000000e6300000| Untracked 
| 100|0x00000000e6400000, 0x00000000e6500000, 0x00000000e6500000|100%| O|  |TAMS 0x00000000e6500000, 0x00000000e6400000| Untracked 
| 101|0x00000000e6500000, 0x00000000e6600000, 0x00000000e6600000|100%| O|  |TAMS 0x00000000e6600000, 0x00000000e6500000| Untracked 
| 102|0x00000000e6600000, 0x00000000e6700000, 0x00000000e6700000|100%| O|  |TAMS 0x00000000e6700000, 0x00000000e6600000| Untracked 
| 103|0x00000000e6700000, 0x00000000e6800000, 0x00000000e6800000|100%| O|  |TAMS 0x00000000e6800000, 0x00000000e6700000| Untracked 
| 104|0x00000000e6800000, 0x00000000e6900000, 0x00000000e6900000|100%| O|  |TAMS 0x00000000e6900000, 0x00000000e6800000| Untracked 
| 105|0x00000000e6900000, 0x00000000e6a00000, 0x00000000e6a00000|100%| O|  |TAMS 0x00000000e6a00000, 0x00000000e6900000| Untracked 
| 106|0x00000000e6a00000, 0x00000000e6b00000, 0x00000000e6b00000|100%| O|  |TAMS 0x00000000e6b00000, 0x00000000e6a00000| Untracked 
| 107|0x00000000e6b00000, 0x00000000e6c00000, 0x00000000e6c00000|100%| O|  |TAMS 0x00000000e6c00000, 0x00000000e6b00000| Untracked 
| 108|0x00000000e6c00000, 0x00000000e6d00000, 0x00000000e6d00000|100%| O|  |TAMS 0x00000000e6d00000, 0x00000000e6c00000| Untracked 
| 109|0x00000000e6d00000, 0x00000000e6e00000, 0x00000000e6e00000|100%| O|  |TAMS 0x00000000e6e00000, 0x00000000e6d00000| Untracked 
| 110|0x00000000e6e00000, 0x00000000e6f00000, 0x00000000e6f00000|100%| O|  |TAMS 0x00000000e6f00000, 0x00000000e6e00000| Untracked 
| 111|0x00000000e6f00000, 0x00000000e7000000, 0x00000000e7000000|100%| O|  |TAMS 0x00000000e7000000, 0x00000000e6f00000| Untracked 
| 112|0x00000000e7000000, 0x00000000e7100000, 0x00000000e7100000|100%| O|  |TAMS 0x00000000e7100000, 0x00000000e7000000| Untracked 
| 113|0x00000000e7100000, 0x00000000e7200000, 0x00000000e7200000|100%| O|  |TAMS 0x00000000e7200000, 0x00000000e7100000| Untracked 
| 114|0x00000000e7200000, 0x00000000e7300000, 0x00000000e7300000|100%| O|  |TAMS 0x00000000e7300000, 0x00000000e7200000| Untracked 
| 115|0x00000000e7300000, 0x00000000e7400000, 0x00000000e7400000|100%| O|  |TAMS 0x00000000e7400000, 0x00000000e7300000| Untracked 
| 116|0x00000000e7400000, 0x00000000e7500000, 0x00000000e7500000|100%| O|  |TAMS 0x00000000e7500000, 0x00000000e7400000| Untracked 
| 117|0x00000000e7500000, 0x00000000e7529400, 0x00000000e7600000| 16%| O|  |TAMS 0x00000000e7529400, 0x00000000e7500000| Untracked 
| 118|0x00000000e7600000, 0x00000000e7600000, 0x00000000e7700000|  0%| F|  |TAMS 0x00000000e7600000, 0x00000000e7600000| Untracked 
| 119|0x00000000e7700000, 0x00000000e7700000, 0x00000000e7800000|  0%| F|  |TAMS 0x00000000e7700000, 0x00000000e7700000| Untracked 
| 120|0x00000000e7800000, 0x00000000e7800000, 0x00000000e7900000|  0%| F|  |TAMS 0x00000000e7800000, 0x00000000e7800000| Untracked 
| 121|0x00000000e7900000, 0x00000000e7900000, 0x00000000e7a00000|  0%| F|  |TAMS 0x00000000e7900000, 0x00000000e7900000| Untracked 
| 122|0x00000000e7a00000, 0x00000000e7a00000, 0x00000000e7b00000|  0%| F|  |TAMS 0x00000000e7a00000, 0x00000000e7a00000| Untracked 
| 123|0x00000000e7b00000, 0x00000000e7b00000, 0x00000000e7c00000|  0%| F|  |TAMS 0x00000000e7b00000, 0x00000000e7b00000| Untracked 
| 124|0x00000000e7c00000, 0x00000000e7c00000, 0x00000000e7d00000|  0%| F|  |TAMS 0x00000000e7c00000, 0x00000000e7c00000| Untracked 
| 125|0x00000000e7d00000, 0x00000000e7d00000, 0x00000000e7e00000|  0%| F|  |TAMS 0x00000000e7d00000, 0x00000000e7d00000| Untracked 
| 126|0x00000000e7e00000, 0x00000000e7e00000, 0x00000000e7f00000|  0%| F|  |TAMS 0x00000000e7e00000, 0x00000000e7e00000| Untracked 
| 127|0x00000000e7f00000, 0x00000000e7f00000, 0x00000000e8000000|  0%| F|  |TAMS 0x00000000e7f00000, 0x00000000e7f00000| Untracked 
| 128|0x00000000e8000000, 0x00000000e8000000, 0x00000000e8100000|  0%| F|  |TAMS 0x00000000e8000000, 0x00000000e8000000| Untracked 
| 129|0x00000000e8100000, 0x00000000e8100000, 0x00000000e8200000|  0%| F|  |TAMS 0x00000000e8100000, 0x00000000e8100000| Untracked 
| 130|0x00000000e8200000, 0x00000000e8200000, 0x00000000e8300000|  0%| F|  |TAMS 0x00000000e8200000, 0x00000000e8200000| Untracked 
| 131|0x00000000e8300000, 0x00000000e8300000, 0x00000000e8400000|  0%| F|  |TAMS 0x00000000e8300000, 0x00000000e8300000| Untracked 
| 132|0x00000000e8400000, 0x00000000e8400000, 0x00000000e8500000|  0%| F|  |TAMS 0x00000000e8400000, 0x00000000e8400000| Untracked 
| 133|0x00000000e8500000, 0x00000000e8500000, 0x00000000e8600000|  0%| F|  |TAMS 0x00000000e8500000, 0x00000000e8500000| Untracked 
| 134|0x00000000e8600000, 0x00000000e8600000, 0x00000000e8700000|  0%| F|  |TAMS 0x00000000e8600000, 0x00000000e8600000| Untracked 
| 135|0x00000000e8700000, 0x00000000e8700000, 0x00000000e8800000|  0%| F|  |TAMS 0x00000000e8700000, 0x00000000e8700000| Untracked 
| 136|0x00000000e8800000, 0x00000000e8800000, 0x00000000e8900000|  0%| F|  |TAMS 0x00000000e8800000, 0x00000000e8800000| Untracked 
| 137|0x00000000e8900000, 0x00000000e8900000, 0x00000000e8a00000|  0%| F|  |TAMS 0x00000000e8900000, 0x00000000e8900000| Untracked 
| 138|0x00000000e8a00000, 0x00000000e8a00000, 0x00000000e8b00000|  0%| F|  |TAMS 0x00000000e8a00000, 0x00000000e8a00000| Untracked 
| 139|0x00000000e8b00000, 0x00000000e8b00000, 0x00000000e8c00000|  0%| F|  |TAMS 0x00000000e8b00000, 0x00000000e8b00000| Untracked 
| 140|0x00000000e8c00000, 0x00000000e8c00000, 0x00000000e8d00000|  0%| F|  |TAMS 0x00000000e8c00000, 0x00000000e8c00000| Untracked 
| 141|0x00000000e8d00000, 0x00000000e8d00000, 0x00000000e8e00000|  0%| F|  |TAMS 0x00000000e8d00000, 0x00000000e8d00000| Untracked 
| 142|0x00000000e8e00000, 0x00000000e8e00000, 0x00000000e8f00000|  0%| F|  |TAMS 0x00000000e8e00000, 0x00000000e8e00000| Untracked 
| 143|0x00000000e8f00000, 0x00000000e8f00000, 0x00000000e9000000|  0%| F|  |TAMS 0x00000000e8f00000, 0x00000000e8f00000| Untracked 
| 144|0x00000000e9000000, 0x00000000e9000000, 0x00000000e9100000|  0%| F|  |TAMS 0x00000000e9000000, 0x00000000e9000000| Untracked 
| 145|0x00000000e9100000, 0x00000000e9100000, 0x00000000e9200000|  0%| F|  |TAMS 0x00000000e9100000, 0x00000000e9100000| Untracked 
| 146|0x00000000e9200000, 0x00000000e9200000, 0x00000000e9300000|  0%| F|  |TAMS 0x00000000e9200000, 0x00000000e9200000| Untracked 
| 147|0x00000000e9300000, 0x00000000e9300000, 0x00000000e9400000|  0%| F|  |TAMS 0x00000000e9300000, 0x00000000e9300000| Untracked 
| 148|0x00000000e9400000, 0x00000000e9400000, 0x00000000e9500000|  0%| F|  |TAMS 0x00000000e9400000, 0x00000000e9400000| Untracked 
| 149|0x00000000e9500000, 0x00000000e9500000, 0x00000000e9600000|  0%| F|  |TAMS 0x00000000e9500000, 0x00000000e9500000| Untracked 
| 150|0x00000000e9600000, 0x00000000e9600000, 0x00000000e9700000|  0%| F|  |TAMS 0x00000000e9600000, 0x00000000e9600000| Untracked 
| 151|0x00000000e9700000, 0x00000000e9700000, 0x00000000e9800000|  0%| F|  |TAMS 0x00000000e9700000, 0x00000000e9700000| Untracked 
| 152|0x00000000e9800000, 0x00000000e9800000, 0x00000000e9900000|  0%| F|  |TAMS 0x00000000e9800000, 0x00000000e9800000| Untracked 
| 153|0x00000000e9900000, 0x00000000e9900000, 0x00000000e9a00000|  0%| F|  |TAMS 0x00000000e9900000, 0x00000000e9900000| Untracked 
| 154|0x00000000e9a00000, 0x00000000e9a00000, 0x00000000e9b00000|  0%| F|  |TAMS 0x00000000e9a00000, 0x00000000e9a00000| Untracked 
| 155|0x00000000e9b00000, 0x00000000e9b00000, 0x00000000e9c00000|  0%| F|  |TAMS 0x00000000e9b00000, 0x00000000e9b00000| Untracked 
| 156|0x00000000e9c00000, 0x00000000e9c00000, 0x00000000e9d00000|  0%| F|  |TAMS 0x00000000e9c00000, 0x00000000e9c00000| Untracked 
| 157|0x00000000e9d00000, 0x00000000e9d00000, 0x00000000e9e00000|  0%| F|  |TAMS 0x00000000e9d00000, 0x00000000e9d00000| Untracked 
| 158|0x00000000e9e00000, 0x00000000e9e00000, 0x00000000e9f00000|  0%| F|  |TAMS 0x00000000e9e00000, 0x00000000e9e00000| Untracked 
| 159|0x00000000e9f00000, 0x00000000e9f00000, 0x00000000ea000000|  0%| F|  |TAMS 0x00000000e9f00000, 0x00000000e9f00000| Untracked 
| 160|0x00000000ea000000, 0x00000000ea01a258, 0x00000000ea100000| 10%| S|CS|TAMS 0x00000000ea000000, 0x00000000ea000000| Complete 
| 161|0x00000000ea100000, 0x00000000ea200000, 0x00000000ea200000|100%| S|CS|TAMS 0x00000000ea100000, 0x00000000ea100000| Complete 
| 162|0x00000000ea200000, 0x00000000ea300000, 0x00000000ea300000|100%| S|CS|TAMS 0x00000000ea200000, 0x00000000ea200000| Complete 
| 163|0x00000000ea300000, 0x00000000ea400000, 0x00000000ea400000|100%| S|CS|TAMS 0x00000000ea300000, 0x00000000ea300000| Complete 
| 164|0x00000000ea400000, 0x00000000ea500000, 0x00000000ea500000|100%| S|CS|TAMS 0x00000000ea400000, 0x00000000ea400000| Complete 
| 165|0x00000000ea500000, 0x00000000ea600000, 0x00000000ea600000|100%| S|CS|TAMS 0x00000000ea500000, 0x00000000ea500000| Complete 
| 166|0x00000000ea600000, 0x00000000ea600000, 0x00000000ea700000|  0%| F|  |TAMS 0x00000000ea600000, 0x00000000ea600000| Untracked 
| 167|0x00000000ea700000, 0x00000000ea700000, 0x00000000ea800000|  0%| F|  |TAMS 0x00000000ea700000, 0x00000000ea700000| Untracked 
| 168|0x00000000ea800000, 0x00000000ea800000, 0x00000000ea900000|  0%| F|  |TAMS 0x00000000ea800000, 0x00000000ea800000| Untracked 
| 169|0x00000000ea900000, 0x00000000ea900000, 0x00000000eaa00000|  0%| F|  |TAMS 0x00000000ea900000, 0x00000000ea900000| Untracked 
| 170|0x00000000eaa00000, 0x00000000eaa00000, 0x00000000eab00000|  0%| F|  |TAMS 0x00000000eaa00000, 0x00000000eaa00000| Untracked 
| 171|0x00000000eab00000, 0x00000000eab00000, 0x00000000eac00000|  0%| F|  |TAMS 0x00000000eab00000, 0x00000000eab00000| Untracked 
| 172|0x00000000eac00000, 0x00000000eac00000, 0x00000000ead00000|  0%| F|  |TAMS 0x00000000eac00000, 0x00000000eac00000| Untracked 
| 173|0x00000000ead00000, 0x00000000ead00000, 0x00000000eae00000|  0%| F|  |TAMS 0x00000000ead00000, 0x00000000ead00000| Untracked 
| 174|0x00000000eae00000, 0x00000000eae00000, 0x00000000eaf00000|  0%| F|  |TAMS 0x00000000eae00000, 0x00000000eae00000| Untracked 
| 175|0x00000000eaf00000, 0x00000000eaf00000, 0x00000000eb000000|  0%| F|  |TAMS 0x00000000eaf00000, 0x00000000eaf00000| Untracked 
| 176|0x00000000eb000000, 0x00000000eb000000, 0x00000000eb100000|  0%| F|  |TAMS 0x00000000eb000000, 0x00000000eb000000| Untracked 
| 177|0x00000000eb100000, 0x00000000eb100000, 0x00000000eb200000|  0%| F|  |TAMS 0x00000000eb100000, 0x00000000eb100000| Untracked 
| 178|0x00000000eb200000, 0x00000000eb200000, 0x00000000eb300000|  0%| F|  |TAMS 0x00000000eb200000, 0x00000000eb200000| Untracked 
| 179|0x00000000eb300000, 0x00000000eb300000, 0x00000000eb400000|  0%| F|  |TAMS 0x00000000eb300000, 0x00000000eb300000| Untracked 
| 180|0x00000000eb400000, 0x00000000eb400000, 0x00000000eb500000|  0%| F|  |TAMS 0x00000000eb400000, 0x00000000eb400000| Untracked 
| 181|0x00000000eb500000, 0x00000000eb500000, 0x00000000eb600000|  0%| F|  |TAMS 0x00000000eb500000, 0x00000000eb500000| Untracked 
| 182|0x00000000eb600000, 0x00000000eb600000, 0x00000000eb700000|  0%| F|  |TAMS 0x00000000eb600000, 0x00000000eb600000| Untracked 
| 183|0x00000000eb700000, 0x00000000eb700000, 0x00000000eb800000|  0%| F|  |TAMS 0x00000000eb700000, 0x00000000eb700000| Untracked 
| 184|0x00000000eb800000, 0x00000000eb800000, 0x00000000eb900000|  0%| F|  |TAMS 0x00000000eb800000, 0x00000000eb800000| Untracked 
| 185|0x00000000eb900000, 0x00000000eb900000, 0x00000000eba00000|  0%| F|  |TAMS 0x00000000eb900000, 0x00000000eb900000| Untracked 
| 186|0x00000000eba00000, 0x00000000ebb00000, 0x00000000ebb00000|100%| E|  |TAMS 0x00000000eba00000, 0x00000000eba00000| Complete 
| 187|0x00000000ebb00000, 0x00000000ebc00000, 0x00000000ebc00000|100%| E|CS|TAMS 0x00000000ebb00000, 0x00000000ebb00000| Complete 
| 188|0x00000000ebc00000, 0x00000000ebd00000, 0x00000000ebd00000|100%| E|CS|TAMS 0x00000000ebc00000, 0x00000000ebc00000| Complete 
| 189|0x00000000ebd00000, 0x00000000ebe00000, 0x00000000ebe00000|100%| E|CS|TAMS 0x00000000ebd00000, 0x00000000ebd00000| Complete 
| 190|0x00000000ebe00000, 0x00000000ebf00000, 0x00000000ebf00000|100%| E|CS|TAMS 0x00000000ebe00000, 0x00000000ebe00000| Complete 
| 191|0x00000000ebf00000, 0x00000000ec000000, 0x00000000ec000000|100%| E|CS|TAMS 0x00000000ebf00000, 0x00000000ebf00000| Complete 
| 192|0x00000000ec000000, 0x00000000ec100000, 0x00000000ec100000|100%| E|CS|TAMS 0x00000000ec000000, 0x00000000ec000000| Complete 
| 193|0x00000000ec100000, 0x00000000ec200000, 0x00000000ec200000|100%| E|CS|TAMS 0x00000000ec100000, 0x00000000ec100000| Complete 
| 194|0x00000000ec200000, 0x00000000ec300000, 0x00000000ec300000|100%| E|CS|TAMS 0x00000000ec200000, 0x00000000ec200000| Complete 
| 195|0x00000000ec300000, 0x00000000ec400000, 0x00000000ec400000|100%| E|CS|TAMS 0x00000000ec300000, 0x00000000ec300000| Complete 
| 196|0x00000000ec400000, 0x00000000ec500000, 0x00000000ec500000|100%| E|CS|TAMS 0x00000000ec400000, 0x00000000ec400000| Complete 
| 197|0x00000000ec500000, 0x00000000ec600000, 0x00000000ec600000|100%| E|CS|TAMS 0x00000000ec500000, 0x00000000ec500000| Complete 
| 198|0x00000000ec600000, 0x00000000ec700000, 0x00000000ec700000|100%| E|CS|TAMS 0x00000000ec600000, 0x00000000ec600000| Complete 
| 199|0x00000000ec700000, 0x00000000ec800000, 0x00000000ec800000|100%| E|CS|TAMS 0x00000000ec700000, 0x00000000ec700000| Complete 
| 200|0x00000000ec800000, 0x00000000ec900000, 0x00000000ec900000|100%| E|CS|TAMS 0x00000000ec800000, 0x00000000ec800000| Complete 
| 201|0x00000000ec900000, 0x00000000eca00000, 0x00000000eca00000|100%| E|CS|TAMS 0x00000000ec900000, 0x00000000ec900000| Complete 
| 202|0x00000000eca00000, 0x00000000ecb00000, 0x00000000ecb00000|100%| E|CS|TAMS 0x00000000eca00000, 0x00000000eca00000| Complete 
| 203|0x00000000ecb00000, 0x00000000ecc00000, 0x00000000ecc00000|100%| E|CS|TAMS 0x00000000ecb00000, 0x00000000ecb00000| Complete 
| 204|0x00000000ecc00000, 0x00000000ecd00000, 0x00000000ecd00000|100%| E|CS|TAMS 0x00000000ecc00000, 0x00000000ecc00000| Complete 
| 205|0x00000000ecd00000, 0x00000000ece00000, 0x00000000ece00000|100%| E|CS|TAMS 0x00000000ecd00000, 0x00000000ecd00000| Complete 
| 206|0x00000000ece00000, 0x00000000ecf00000, 0x00000000ecf00000|100%| E|CS|TAMS 0x00000000ece00000, 0x00000000ece00000| Complete 
| 207|0x00000000ecf00000, 0x00000000ed000000, 0x00000000ed000000|100%| E|CS|TAMS 0x00000000ecf00000, 0x00000000ecf00000| Complete 
| 208|0x00000000ed000000, 0x00000000ed100000, 0x00000000ed100000|100%| E|CS|TAMS 0x00000000ed000000, 0x00000000ed000000| Complete 
| 209|0x00000000ed100000, 0x00000000ed200000, 0x00000000ed200000|100%| E|CS|TAMS 0x00000000ed100000, 0x00000000ed100000| Complete 
| 210|0x00000000ed200000, 0x00000000ed300000, 0x00000000ed300000|100%| E|CS|TAMS 0x00000000ed200000, 0x00000000ed200000| Complete 
| 211|0x00000000ed300000, 0x00000000ed400000, 0x00000000ed400000|100%| E|CS|TAMS 0x00000000ed300000, 0x00000000ed300000| Complete 
| 212|0x00000000ed400000, 0x00000000ed500000, 0x00000000ed500000|100%| E|CS|TAMS 0x00000000ed400000, 0x00000000ed400000| Complete 
| 213|0x00000000ed500000, 0x00000000ed600000, 0x00000000ed600000|100%| E|CS|TAMS 0x00000000ed500000, 0x00000000ed500000| Complete 
| 214|0x00000000ed600000, 0x00000000ed700000, 0x00000000ed700000|100%| E|CS|TAMS 0x00000000ed600000, 0x00000000ed600000| Complete 
| 215|0x00000000ed700000, 0x00000000ed800000, 0x00000000ed800000|100%| E|CS|TAMS 0x00000000ed700000, 0x00000000ed700000| Complete 
| 216|0x00000000ed800000, 0x00000000ed900000, 0x00000000ed900000|100%| E|CS|TAMS 0x00000000ed800000, 0x00000000ed800000| Complete 
| 217|0x00000000ed900000, 0x00000000eda00000, 0x00000000eda00000|100%| E|CS|TAMS 0x00000000ed900000, 0x00000000ed900000| Complete 
| 218|0x00000000eda00000, 0x00000000edb00000, 0x00000000edb00000|100%| E|CS|TAMS 0x00000000eda00000, 0x00000000eda00000| Complete 
| 219|0x00000000edb00000, 0x00000000edc00000, 0x00000000edc00000|100%| E|CS|TAMS 0x00000000edb00000, 0x00000000edb00000| Complete 
| 220|0x00000000edc00000, 0x00000000edd00000, 0x00000000edd00000|100%| E|CS|TAMS 0x00000000edc00000, 0x00000000edc00000| Complete 
| 221|0x00000000edd00000, 0x00000000ede00000, 0x00000000ede00000|100%| E|CS|TAMS 0x00000000edd00000, 0x00000000edd00000| Complete 
| 222|0x00000000ede00000, 0x00000000edf00000, 0x00000000edf00000|100%| E|CS|TAMS 0x00000000ede00000, 0x00000000ede00000| Complete 
| 223|0x00000000edf00000, 0x00000000ee000000, 0x00000000ee000000|100%| E|CS|TAMS 0x00000000edf00000, 0x00000000edf00000| Complete 
| 224|0x00000000ee000000, 0x00000000ee100000, 0x00000000ee100000|100%| E|CS|TAMS 0x00000000ee000000, 0x00000000ee000000| Complete 
| 225|0x00000000ee100000, 0x00000000ee200000, 0x00000000ee200000|100%| E|CS|TAMS 0x00000000ee100000, 0x00000000ee100000| Complete 
| 226|0x00000000ee200000, 0x00000000ee300000, 0x00000000ee300000|100%| E|CS|TAMS 0x00000000ee200000, 0x00000000ee200000| Complete 
| 227|0x00000000ee300000, 0x00000000ee400000, 0x00000000ee400000|100%| E|CS|TAMS 0x00000000ee300000, 0x00000000ee300000| Complete 
| 228|0x00000000ee400000, 0x00000000ee500000, 0x00000000ee500000|100%| E|  |TAMS 0x00000000ee400000, 0x00000000ee400000| Complete 
| 229|0x00000000ee500000, 0x00000000ee600000, 0x00000000ee600000|100%| E|CS|TAMS 0x00000000ee500000, 0x00000000ee500000| Complete 
| 230|0x00000000ee600000, 0x00000000ee700000, 0x00000000ee700000|100%| E|CS|TAMS 0x00000000ee600000, 0x00000000ee600000| Complete 
| 231|0x00000000ee700000, 0x00000000ee800000, 0x00000000ee800000|100%| E|CS|TAMS 0x00000000ee700000, 0x00000000ee700000| Complete 
| 232|0x00000000ee800000, 0x00000000ee900000, 0x00000000ee900000|100%| E|CS|TAMS 0x00000000ee800000, 0x00000000ee800000| Complete 
| 233|0x00000000ee900000, 0x00000000eea00000, 0x00000000eea00000|100%| E|CS|TAMS 0x00000000ee900000, 0x00000000ee900000| Complete 
| 234|0x00000000eea00000, 0x00000000eeb00000, 0x00000000eeb00000|100%| E|CS|TAMS 0x00000000eea00000, 0x00000000eea00000| Complete 
| 235|0x00000000eeb00000, 0x00000000eec00000, 0x00000000eec00000|100%| E|CS|TAMS 0x00000000eeb00000, 0x00000000eeb00000| Complete 
| 236|0x00000000eec00000, 0x00000000eed00000, 0x00000000eed00000|100%| E|CS|TAMS 0x00000000eec00000, 0x00000000eec00000| Complete 
| 237|0x00000000eed00000, 0x00000000eee00000, 0x00000000eee00000|100%| E|CS|TAMS 0x00000000eed00000, 0x00000000eed00000| Complete 
| 238|0x00000000eee00000, 0x00000000eef00000, 0x00000000eef00000|100%| E|CS|TAMS 0x00000000eee00000, 0x00000000eee00000| Complete 
| 239|0x00000000eef00000, 0x00000000ef000000, 0x00000000ef000000|100%| E|CS|TAMS 0x00000000eef00000, 0x00000000eef00000| Complete 
| 240|0x00000000ef000000, 0x00000000ef100000, 0x00000000ef100000|100%| E|CS|TAMS 0x00000000ef000000, 0x00000000ef000000| Complete 
| 241|0x00000000ef100000, 0x00000000ef200000, 0x00000000ef200000|100%| E|CS|TAMS 0x00000000ef100000, 0x00000000ef100000| Complete 
| 242|0x00000000ef200000, 0x00000000ef300000, 0x00000000ef300000|100%| E|CS|TAMS 0x00000000ef200000, 0x00000000ef200000| Complete 
| 243|0x00000000ef300000, 0x00000000ef400000, 0x00000000ef400000|100%| E|CS|TAMS 0x00000000ef300000, 0x00000000ef300000| Complete 
| 244|0x00000000ef400000, 0x00000000ef500000, 0x00000000ef500000|100%| E|CS|TAMS 0x00000000ef400000, 0x00000000ef400000| Complete 
| 245|0x00000000ef500000, 0x00000000ef600000, 0x00000000ef600000|100%| E|CS|TAMS 0x00000000ef500000, 0x00000000ef500000| Complete 
| 246|0x00000000ef600000, 0x00000000ef700000, 0x00000000ef700000|100%| E|CS|TAMS 0x00000000ef600000, 0x00000000ef600000| Complete 
| 247|0x00000000ef700000, 0x00000000ef800000, 0x00000000ef800000|100%| E|CS|TAMS 0x00000000ef700000, 0x00000000ef700000| Complete 
| 248|0x00000000ef800000, 0x00000000ef900000, 0x00000000ef900000|100%| E|CS|TAMS 0x00000000ef800000, 0x00000000ef800000| Complete 
| 249|0x00000000ef900000, 0x00000000efa00000, 0x00000000efa00000|100%| E|CS|TAMS 0x00000000ef900000, 0x00000000ef900000| Complete 
| 250|0x00000000efa00000, 0x00000000efb00000, 0x00000000efb00000|100%| E|CS|TAMS 0x00000000efa00000, 0x00000000efa00000| Complete 
| 251|0x00000000efb00000, 0x00000000efc00000, 0x00000000efc00000|100%| E|CS|TAMS 0x00000000efb00000, 0x00000000efb00000| Complete 
| 252|0x00000000efc00000, 0x00000000efd00000, 0x00000000efd00000|100%| E|CS|TAMS 0x00000000efc00000, 0x00000000efc00000| Complete 
| 253|0x00000000efd00000, 0x00000000efe00000, 0x00000000efe00000|100%| E|CS|TAMS 0x00000000efd00000, 0x00000000efd00000| Complete 
| 254|0x00000000efe00000, 0x00000000eff00000, 0x00000000eff00000|100%| E|CS|TAMS 0x00000000efe00000, 0x00000000efe00000| Complete 
| 255|0x00000000eff00000, 0x00000000f0000000, 0x00000000f0000000|100%| E|CS|TAMS 0x00000000eff00000, 0x00000000eff00000| Complete 

Card table byte_map: [0x000001d1d5570000,0x000001d1d5670000] _byte_map_base: 0x000001d1d4e70000

Marking Bits (Prev, Next): (CMBitMap*) 0x000001d1be3fc810, (CMBitMap*) 0x000001d1be3fc850
 Prev Bits: [0x000001d1d5770000, 0x000001d1d5f70000)
 Next Bits: [0x000001d1d5f70000, 0x000001d1d6770000)

Polling page: 0x000001d1bc1d0000

Metaspace:

Usage:
  Non-class:     78.74 MB used.
      Class:     12.32 MB used.
       Both:     91.05 MB used.

Virtual space:
  Non-class space:      128.00 MB reserved,      79.25 MB ( 62%) committed,  2 nodes.
      Class space:      320.00 MB reserved,      12.75 MB (  4%) committed,  1 nodes.
             Both:      448.00 MB reserved,      92.00 MB ( 21%) committed. 

Chunk freelists:
   Non-Class:  352.00 KB
       Class:  3.09 MB
        Both:  3.44 MB

MaxMetaspaceSize: 384.00 MB
CompressedClassSpaceSize: 320.00 MB
Initial GC threshold: 21.00 MB
Current GC threshold: 144.69 MB
CDS: on
MetaspaceReclaimPolicy: balanced
 - commit_granule_bytes: 65536.
 - commit_granule_words: 8192.
 - virtual_space_node_default_size: 8388608.
 - enlarge_chunks_in_place: 1.
 - new_chunks_are_fully_committed: 0.
 - uncommit_free_chunks: 1.
 - use_allocation_guard: 0.
 - handle_deallocations: 1.


Internal statistics:

num_allocs_failed_limit: 9.
num_arena_births: 1134.
num_arena_deaths: 0.
num_vsnodes_births: 3.
num_vsnodes_deaths: 0.
num_space_committed: 1472.
num_space_uncommitted: 0.
num_chunks_returned_to_freelist: 9.
num_chunks_taken_from_freelist: 5117.
num_chunk_merges: 9.
num_chunk_splits: 3367.
num_chunks_enlarged: 2209.
num_inconsistent_stats: 0.

CodeHeap 'non-profiled nmethods': size=120000Kb used=7850Kb max_used=8250Kb free=112149Kb
 bounds [0x000001d1cd9e0000, 0x000001d1ce1f0000, 0x000001d1d4f10000]
CodeHeap 'profiled nmethods': size=120000Kb used=19583Kb max_used=21429Kb free=100416Kb
 bounds [0x000001d1c5f10000, 0x000001d1c7400000, 0x000001d1cd440000]
CodeHeap 'non-nmethods': size=5760Kb used=2385Kb max_used=2476Kb free=3374Kb
 bounds [0x000001d1cd440000, 0x000001d1cd6c0000, 0x000001d1cd9e0000]
 total_blobs=11508 nmethods=10603 adapters=814
 compilation: enabled
              stopped_count=0, restarted_count=0
 full_count=0

Compilation events (20 events):
Event: 34.467 Thread 0x000001d1f4d98f40 nmethod 12828 0x000001d1cdca9810 code [0x000001d1cdca9980, 0x000001d1cdca9d78]
Event: 34.467 Thread 0x000001d1d9407700 12904       3       org.gradle.internal.instantiation.generator.AsmBackedClassGenerator$ClassBuilderImpl$$Lambda$165/0x000001d1db1cdba0::emit (9 bytes)
Event: 34.467 Thread 0x000001d1d9407700 nmethod 12904 0x000001d1c6a64490 code [0x000001d1c6a64640, 0x000001d1c6a64848]
Event: 34.467 Thread 0x000001d1d9407700 12905       3       org.gradle.internal.instantiation.generator.AsmBackedClassGenerator$ClassBuilderImpl$$Lambda$167/0x000001d1db1ce960::emit (9 bytes)
Event: 34.467 Thread 0x000001d1d9407700 nmethod 12905 0x000001d1c6ab1e10 code [0x000001d1c6ab1fc0, 0x000001d1c6ab21c8]
Event: 34.470 Thread 0x000001d1d9407700 12906       3       org.gradle.api.reflect.TypeOf::<init> (6 bytes)
Event: 34.470 Thread 0x000001d1d9407700 nmethod 12906 0x000001d1c6ac2d90 code [0x000001d1c6ac2f40, 0x000001d1c6ac3158]
Event: 34.470 Thread 0x000001d1d9407700 12907       3       org.gradle.api.reflect.TypeOf::<init> (10 bytes)
Event: 34.471 Thread 0x000001d1d9407700 nmethod 12907 0x000001d1c6d9b490 code [0x000001d1c6d9b620, 0x000001d1c6d9b7d8]
Event: 34.471 Thread 0x000001d1d9407700 12908       3       org.gradle.internal.instantiation.generator.AsmBackedClassGenerator$ClassBuilderImpl::addExtensionsProperty (19 bytes)
Event: 34.472 Thread 0x000001d1d9407700 nmethod 12908 0x000001d1c659ca90 code [0x000001d1c659cca0, 0x000001d1c659d338]
Event: 34.472 Thread 0x000001d1d9407700 12909       3       org.gradle.internal.instantiation.generator.AsmBackedClassGenerator$ClassBuilderImpl$$Lambda$154/0x000001d1db1c3258::<init> (10 bytes)
Event: 34.472 Thread 0x000001d1d9407700 nmethod 12909 0x000001d1c6eaeb90 code [0x000001d1c6eaed20, 0x000001d1c6eaeed8]
Event: 34.476 Thread 0x000001d1d9407700 12910       3       org.gradle.api.internal.artifacts.configurations.DefaultConfiguration$ConfigurationResolutionAccess::getHost (13 bytes)
Event: 34.476 Thread 0x000001d1d9407700 nmethod 12910 0x000001d1c699c310 code [0x000001d1c699c4c0, 0x000001d1c699c798]
Event: 34.493 Thread 0x000001d1f4d98f40 12911       4       org.gradle.internal.instantiation.generator.AsmBackedClassGenerator$ClassBuilderImpl::access$1600 (4 bytes)
Event: 34.493 Thread 0x000001d1f4d98f40 nmethod 12911 0x000001d1ce006810 code [0x000001d1ce006980, 0x000001d1ce0069d8]
Event: 34.493 Thread 0x000001d1f4d98f40 12912       4       org.objectweb.asm.Type::appendDescriptor (185 bytes)
Event: 34.572 Thread 0x000001d1f4d98f40 nmethod 12912 0x000001d1cdee5490 code [0x000001d1cdee56c0, 0x000001d1cdee6f30]
Event: 34.668 Thread 0x000001d1f4d98f40 12913       4       org.gradle.internal.classloader.VisitableURLClassLoader$InstrumentingVisitableURLClassLoader::instrumentClass (10 bytes)

GC Heap History (20 events):
Event: 20.551 GC heap before
{Heap before GC invocations=10 (full 0):
 garbage-first heap   total 262144K, used 204467K [0x00000000e0000000, 0x0000000100000000)
  region size 1024K, 139 young (142336K), 14 survivors (14336K)
 Metaspace       used 59153K, committed 59840K, reserved 393216K
  class space    used 8062K, committed 8384K, reserved 327680K
}
Event: 20.573 GC heap after
{Heap after GC invocations=11 (full 0):
 garbage-first heap   total 262144K, used 86764K [0x00000000e0000000, 0x0000000100000000)
  region size 1024K, 11 young (11264K), 11 survivors (11264K)
 Metaspace       used 59153K, committed 59840K, reserved 393216K
  class space    used 8062K, committed 8384K, reserved 327680K
}
Event: 20.719 GC heap before
{Heap before GC invocations=11 (full 0):
 garbage-first heap   total 262144K, used 92908K [0x00000000e0000000, 0x0000000100000000)
  region size 1024K, 16 young (16384K), 11 survivors (11264K)
 Metaspace       used 59358K, committed 60096K, reserved 393216K
  class space    used 8090K, committed 8448K, reserved 327680K
}
Event: 20.729 GC heap after
{Heap after GC invocations=12 (full 0):
 garbage-first heap   total 262144K, used 91752K [0x00000000e0000000, 0x0000000100000000)
  region size 1024K, 3 young (3072K), 3 survivors (3072K)
 Metaspace       used 59358K, committed 60096K, reserved 393216K
  class space    used 8090K, committed 8448K, reserved 327680K
}
Event: 22.577 GC heap before
{Heap before GC invocations=13 (full 0):
 garbage-first heap   total 262144K, used 182888K [0x00000000e0000000, 0x0000000100000000)
  region size 1024K, 91 young (93184K), 3 survivors (3072K)
 Metaspace       used 66930K, committed 67712K, reserved 393216K
  class space    used 9090K, committed 9472K, reserved 327680K
}
Event: 22.582 GC heap after
{Heap after GC invocations=14 (full 0):
 garbage-first heap   total 262144K, used 96994K [0x00000000e0000000, 0x0000000100000000)
  region size 1024K, 7 young (7168K), 7 survivors (7168K)
 Metaspace       used 66930K, committed 67712K, reserved 393216K
  class space    used 9090K, committed 9472K, reserved 327680K
}
Event: 22.699 GC heap before
{Heap before GC invocations=14 (full 0):
 garbage-first heap   total 262144K, used 102114K [0x00000000e0000000, 0x0000000100000000)
  region size 1024K, 12 young (12288K), 7 survivors (7168K)
 Metaspace       used 67245K, committed 68032K, reserved 393216K
  class space    used 9116K, committed 9536K, reserved 327680K
}
Event: 22.707 GC heap after
{Heap after GC invocations=15 (full 0):
 garbage-first heap   total 262144K, used 97632K [0x00000000e0000000, 0x0000000100000000)
  region size 1024K, 2 young (2048K), 2 survivors (2048K)
 Metaspace       used 67245K, committed 68032K, reserved 393216K
  class space    used 9116K, committed 9536K, reserved 327680K
}
Event: 24.532 GC heap before
{Heap before GC invocations=15 (full 0):
 garbage-first heap   total 262144K, used 193888K [0x00000000e0000000, 0x0000000100000000)
  region size 1024K, 92 young (94208K), 2 survivors (2048K)
 Metaspace       used 72099K, committed 72896K, reserved 393216K
  class space    used 9858K, committed 10240K, reserved 327680K
}
Event: 24.540 GC heap after
{Heap after GC invocations=16 (full 0):
 garbage-first heap   total 262144K, used 106632K [0x00000000e0000000, 0x0000000100000000)
  region size 1024K, 7 young (7168K), 7 survivors (7168K)
 Metaspace       used 72099K, committed 72896K, reserved 393216K
  class space    used 9858K, committed 10240K, reserved 327680K
}
Event: 26.715 GC heap before
{Heap before GC invocations=16 (full 0):
 garbage-first heap   total 262144K, used 196744K [0x00000000e0000000, 0x0000000100000000)
  region size 1024K, 95 young (97280K), 7 survivors (7168K)
 Metaspace       used 78750K, committed 79552K, reserved 458752K
  class space    used 10933K, committed 11328K, reserved 327680K
}
Event: 26.723 GC heap after
{Heap after GC invocations=17 (full 0):
 garbage-first heap   total 262144K, used 111553K [0x00000000e0000000, 0x0000000100000000)
  region size 1024K, 11 young (11264K), 11 survivors (11264K)
 Metaspace       used 78750K, committed 79552K, reserved 458752K
  class space    used 10933K, committed 11328K, reserved 327680K
}
Event: 28.888 GC heap before
{Heap before GC invocations=17 (full 0):
 garbage-first heap   total 262144K, used 201665K [0x00000000e0000000, 0x0000000100000000)
  region size 1024K, 99 young (101376K), 11 survivors (11264K)
 Metaspace       used 81510K, committed 82368K, reserved 458752K
  class space    used 11285K, committed 11712K, reserved 327680K
}
Event: 28.904 GC heap after
{Heap after GC invocations=18 (full 0):
 garbage-first heap   total 262144K, used 114853K [0x00000000e0000000, 0x0000000100000000)
  region size 1024K, 8 young (8192K), 8 survivors (8192K)
 Metaspace       used 81510K, committed 82368K, reserved 458752K
  class space    used 11285K, committed 11712K, reserved 327680K
}
Event: 30.297 GC heap before
{Heap before GC invocations=18 (full 0):
 garbage-first heap   total 262144K, used 205989K [0x00000000e0000000, 0x0000000100000000)
  region size 1024K, 98 young (100352K), 8 survivors (8192K)
 Metaspace       used 83682K, committed 84544K, reserved 458752K
  class space    used 11538K, committed 11968K, reserved 327680K
}
Event: 30.306 GC heap after
{Heap after GC invocations=19 (full 0):
 garbage-first heap   total 262144K, used 122508K [0x00000000e0000000, 0x0000000100000000)
  region size 1024K, 11 young (11264K), 11 survivors (11264K)
 Metaspace       used 83682K, committed 84544K, reserved 458752K
  class space    used 11538K, committed 11968K, reserved 327680K
}
Event: 31.901 GC heap before
{Heap before GC invocations=19 (full 0):
 garbage-first heap   total 262144K, used 208524K [0x00000000e0000000, 0x0000000100000000)
  region size 1024K, 96 young (98304K), 11 survivors (11264K)
 Metaspace       used 86683K, committed 87616K, reserved 458752K
  class space    used 11867K, committed 12288K, reserved 327680K
}
Event: 31.916 GC heap after
{Heap after GC invocations=20 (full 0):
 garbage-first heap   total 262144K, used 124069K [0x00000000e0000000, 0x0000000100000000)
  region size 1024K, 4 young (4096K), 4 survivors (4096K)
 Metaspace       used 86683K, committed 87616K, reserved 458752K
  class space    used 11867K, committed 12288K, reserved 327680K
}
Event: 33.352 GC heap before
{Heap before GC invocations=20 (full 0):
 garbage-first heap   total 262144K, used 211109K [0x00000000e0000000, 0x0000000100000000)
  region size 1024K, 90 young (92160K), 4 survivors (4096K)
 Metaspace       used 88015K, committed 88896K, reserved 458752K
  class space    used 11991K, committed 12416K, reserved 327680K
}
Event: 33.358 GC heap after
{Heap after GC invocations=21 (full 0):
 garbage-first heap   total 262144K, used 125197K [0x00000000e0000000, 0x0000000100000000)
  region size 1024K, 6 young (6144K), 6 survivors (6144K)
 Metaspace       used 88015K, committed 88896K, reserved 458752K
  class space    used 11991K, committed 12416K, reserved 327680K
}

Dll operation events (15 events):
Event: 0.018 Loaded shared library C:\Program Files\Microsoft\jdk-17.0.15.6-hotspot\bin\java.dll
Event: 0.036 Loaded shared library C:\Program Files\Microsoft\jdk-17.0.15.6-hotspot\bin\jsvml.dll
Event: 0.078 Loaded shared library C:\Program Files\Microsoft\jdk-17.0.15.6-hotspot\bin\zip.dll
Event: 0.081 Loaded shared library C:\Program Files\Microsoft\jdk-17.0.15.6-hotspot\bin\instrument.dll
Event: 0.086 Loaded shared library C:\Program Files\Microsoft\jdk-17.0.15.6-hotspot\bin\net.dll
Event: 0.088 Loaded shared library C:\Program Files\Microsoft\jdk-17.0.15.6-hotspot\bin\nio.dll
Event: 0.089 Loaded shared library C:\Program Files\Microsoft\jdk-17.0.15.6-hotspot\bin\zip.dll
Event: 0.447 Loaded shared library C:\Program Files\Microsoft\jdk-17.0.15.6-hotspot\bin\jimage.dll
Event: 0.740 Loaded shared library C:\Program Files\Microsoft\jdk-17.0.15.6-hotspot\bin\verify.dll
Event: 1.020 Loaded shared library C:\Users\HP\.gradle\native\c067742578af261105cb4f569cf0c3c89f3d7b1fecec35dd04571415982c5e48\windows-amd64\native-platform.dll
Event: 1.034 Loaded shared library C:\Users\HP\.gradle\native\100fb08df4bc3b14c8652ba06237920a3bd2aa13389f12d3474272988ae205f9\windows-amd64\native-platform-file-events.dll
Event: 2.614 Loaded shared library C:\Program Files\Microsoft\jdk-17.0.15.6-hotspot\bin\management.dll
Event: 2.618 Loaded shared library C:\Program Files\Microsoft\jdk-17.0.15.6-hotspot\bin\management_ext.dll
Event: 2.914 Loaded shared library C:\Program Files\Microsoft\jdk-17.0.15.6-hotspot\bin\extnet.dll
Event: 3.482 Loaded shared library C:\Program Files\Microsoft\jdk-17.0.15.6-hotspot\bin\sunmscapi.dll

Deoptimization events (20 events):
Event: 31.520 Thread 0x000001d1f56684d0 Uncommon trap: trap_request=0xffffff45 fr.pc=0x000001d1cdbe2fd8 relative=0x00000000000007f8
Event: 31.520 Thread 0x000001d1f56684d0 Uncommon trap: reason=unstable_if action=reinterpret pc=0x000001d1cdbe2fd8 method=java.lang.ThreadLocal.setInitialValue()Ljava/lang/Object; @ 16 c2
Event: 31.520 Thread 0x000001d1f56684d0 DEOPT PACKING pc=0x000001d1cdbe2fd8 sp=0x000000a947afee10
Event: 31.520 Thread 0x000001d1f56684d0 DEOPT UNPACKING pc=0x000001d1cd4969a3 sp=0x000000a947afedf8 mode 2
Event: 33.363 Thread 0x000001d1d952a5c0 Uncommon trap: trap_request=0xffffffde fr.pc=0x000001d1cdc51ea8 relative=0x0000000000000488
Event: 33.363 Thread 0x000001d1d952a5c0 Uncommon trap: reason=class_check action=maybe_recompile pc=0x000001d1cdc51ea8 method=jdk.internal.ref.PhantomCleanable.clean()V @ 12 c2
Event: 33.363 Thread 0x000001d1d952a5c0 DEOPT PACKING pc=0x000001d1cdc51ea8 sp=0x000000a9469ff400
Event: 33.363 Thread 0x000001d1d952a5c0 DEOPT UNPACKING pc=0x000001d1cd4969a3 sp=0x000000a9469ff3e0 mode 2
Event: 34.316 Thread 0x000001d1f4b1de90 DEOPT PACKING pc=0x000001d1c662da40 sp=0x000000a9477f5700
Event: 34.316 Thread 0x000001d1f4b1de90 DEOPT UNPACKING pc=0x000001d1cd497143 sp=0x000000a9477f4bb0 mode 0
Event: 34.316 Thread 0x000001d1f4b1de90 DEOPT PACKING pc=0x000001d1c662da40 sp=0x000000a9477f5700
Event: 34.316 Thread 0x000001d1f4b1de90 DEOPT UNPACKING pc=0x000001d1cd497143 sp=0x000000a9477f4bb0 mode 0
Event: 34.316 Thread 0x000001d1f4b1de90 DEOPT PACKING pc=0x000001d1c662da40 sp=0x000000a9477f5700
Event: 34.316 Thread 0x000001d1f4b1de90 DEOPT UNPACKING pc=0x000001d1cd497143 sp=0x000000a9477f4bb0 mode 0
Event: 34.316 Thread 0x000001d1f4b1de90 DEOPT PACKING pc=0x000001d1c662da40 sp=0x000000a9477f5700
Event: 34.316 Thread 0x000001d1f4b1de90 DEOPT UNPACKING pc=0x000001d1cd497143 sp=0x000000a9477f4bb0 mode 0
Event: 34.316 Thread 0x000001d1f4b1de90 DEOPT PACKING pc=0x000001d1c662da40 sp=0x000000a9477f5700
Event: 34.317 Thread 0x000001d1f4b1de90 DEOPT UNPACKING pc=0x000001d1cd497143 sp=0x000000a9477f4bb0 mode 0
Event: 34.317 Thread 0x000001d1f4b1de90 DEOPT PACKING pc=0x000001d1c662da40 sp=0x000000a9477f5700
Event: 34.317 Thread 0x000001d1f4b1de90 DEOPT UNPACKING pc=0x000001d1cd497143 sp=0x000000a9477f4bb0 mode 0

Classes loaded (20 events):
Event: 25.803 Loading class java/util/TreeSetBeanInfo
Event: 25.803 Loading class java/util/TreeSetBeanInfo done
Event: 25.804 Loading class java/util/AbstractSetBeanInfo
Event: 25.804 Loading class java/util/AbstractSetBeanInfo done
Event: 25.804 Loading class java/util/AbstractSetBeanInfo
Event: 25.804 Loading class java/util/AbstractSetBeanInfo done
Event: 25.804 Loading class java/util/AbstractSetCustomizer
Event: 25.804 Loading class java/util/AbstractSetCustomizer done
Event: 25.804 Loading class java/util/AbstractSetCustomizer
Event: 25.804 Loading class java/util/AbstractSetCustomizer done
Event: 25.806 Loading class java/util/TreeSetCustomizer
Event: 25.806 Loading class java/util/TreeSetCustomizer done
Event: 25.807 Loading class java/util/TreeSetCustomizer
Event: 25.807 Loading class java/util/TreeSetCustomizer done
Event: 26.370 Loading class java/util/TreeMap$KeySpliterator
Event: 26.370 Loading class java/util/TreeMap$KeySpliterator done
Event: 26.399 Loading class java/util/TreeMap$ValueSpliterator
Event: 26.400 Loading class java/util/TreeMap$ValueSpliterator done
Event: 27.487 Loading class java/lang/Math$RandomNumberGeneratorHolder
Event: 27.487 Loading class java/lang/Math$RandomNumberGeneratorHolder done

Classes unloaded (0 events):
No events

Classes redefined (0 events):
No events

Internal exceptions (20 events):
Event: 29.822 Thread 0x000001d1f4b1de90 Exception <a 'java/lang/ClassNotFoundException'{0x00000000eba72680}: build_7rnjo2eo8nb709uqg7gfki7b7BeanInfo> (0x00000000eba72680) 
thrown [s\src\hotspot\share\classfile\systemDictionary.cpp, line 256]
Event: 29.822 Thread 0x000001d1f4b1de90 Exception <a 'java/lang/ClassNotFoundException'{0x00000000eba797b8}: build_7rnjo2eo8nb709uqg7gfki7b7Customizer> (0x00000000eba797b8) 
thrown [s\src\hotspot\share\classfile\systemDictionary.cpp, line 256]
Event: 30.468 Thread 0x000001d1f4b1de90 Exception <a 'java/lang/NoClassDefFoundError'{0x00000000ef8b2928}: org/gradle/initialization/BuildCompletionListener> (0x00000000ef8b2928) 
thrown [s\src\hotspot\share\classfile\systemDictionary.cpp, line 245]
Event: 30.931 Thread 0x000001d1f4b1de90 Exception <a 'sun/nio/fs/WindowsException'{0x00000000ee4ae2d0}> (0x00000000ee4ae2d0) 
thrown [s\src\hotspot\share\prims\jni.cpp, line 516]
Event: 30.932 Thread 0x000001d1f4b1de90 Exception <a 'sun/nio/fs/WindowsException'{0x00000000ee4afa10}> (0x00000000ee4afa10) 
thrown [s\src\hotspot\share\prims\jni.cpp, line 516]
Event: 30.932 Thread 0x000001d1f4b1de90 Exception <a 'sun/nio/fs/WindowsException'{0x00000000ee4b1140}> (0x00000000ee4b1140) 
thrown [s\src\hotspot\share\prims\jni.cpp, line 516]
Event: 30.933 Thread 0x000001d1f4b1de90 Exception <a 'sun/nio/fs/WindowsException'{0x00000000ee4b2848}> (0x00000000ee4b2848) 
thrown [s\src\hotspot\share\prims\jni.cpp, line 516]
Event: 30.968 Thread 0x000001d1f4b1de90 Exception <a 'java/lang/ClassNotFoundException'{0x00000000ee282128}: build_ex6mhsmasvj6sxqseojmm7kt9BeanInfo> (0x00000000ee282128) 
thrown [s\src\hotspot\share\classfile\systemDictionary.cpp, line 256]
Event: 30.969 Thread 0x000001d1f4b1de90 Exception <a 'java/lang/ClassNotFoundException'{0x00000000ee2892e8}: build_ex6mhsmasvj6sxqseojmm7kt9Customizer> (0x00000000ee2892e8) 
thrown [s\src\hotspot\share\classfile\systemDictionary.cpp, line 256]
Event: 31.520 Thread 0x000001d1f56684d0 Implicit null exception at 0x000001d1cdc96d5d to 0x000001d1cdc96ec8
Event: 31.520 Thread 0x000001d1f56684d0 Implicit null exception at 0x000001d1cdbe283e to 0x000001d1cdbe2fc8
Event: 31.571 Thread 0x000001d1f4b1de90 Exception <a 'java/lang/ClassNotFoundException'{0x00000000ebb56c00}: build_ex6mhsmasvj6sxqseojmm7kt9BeanInfo> (0x00000000ebb56c00) 
thrown [s\src\hotspot\share\classfile\systemDictionary.cpp, line 256]
Event: 31.571 Thread 0x000001d1f4b1de90 Exception <a 'java/lang/ClassNotFoundException'{0x00000000ebb5dd38}: build_ex6mhsmasvj6sxqseojmm7kt9Customizer> (0x00000000ebb5dd38) 
thrown [s\src\hotspot\share\classfile\systemDictionary.cpp, line 256]
Event: 32.100 Thread 0x000001d1f4b1de90 Exception <a 'java/lang/NoClassDefFoundError'{0x00000000ef664960}: org/gradle/initialization/BuildCompletionListener> (0x00000000ef664960) 
thrown [s\src\hotspot\share\classfile\systemDictionary.cpp, line 245]
Event: 32.656 Thread 0x000001d1f4b1de90 Exception <a 'sun/nio/fs/WindowsException'{0x00000000ee30d300}> (0x00000000ee30d300) 
thrown [s\src\hotspot\share\prims\jni.cpp, line 516]
Event: 32.656 Thread 0x000001d1f4b1de90 Exception <a 'sun/nio/fs/WindowsException'{0x00000000ee30ea40}> (0x00000000ee30ea40) 
thrown [s\src\hotspot\share\prims\jni.cpp, line 516]
Event: 32.657 Thread 0x000001d1f4b1de90 Exception <a 'sun/nio/fs/WindowsException'{0x00000000ee310170}> (0x00000000ee310170) 
thrown [s\src\hotspot\share\prims\jni.cpp, line 516]
Event: 32.658 Thread 0x000001d1f4b1de90 Exception <a 'sun/nio/fs/WindowsException'{0x00000000ee311878}> (0x00000000ee311878) 
thrown [s\src\hotspot\share\prims\jni.cpp, line 516]
Event: 33.592 Thread 0x000001d1f4b1de90 Exception <a 'java/lang/ClassNotFoundException'{0x00000000ee9382f0}: build_e6g2xtden2z60om4qeazb2auaBeanInfo> (0x00000000ee9382f0) 
thrown [s\src\hotspot\share\classfile\systemDictionary.cpp, line 256]
Event: 33.593 Thread 0x000001d1f4b1de90 Exception <a 'java/lang/ClassNotFoundException'{0x00000000ee93f428}: build_e6g2xtden2z60om4qeazb2auaCustomizer> (0x00000000ee93f428) 
thrown [s\src\hotspot\share\classfile\systemDictionary.cpp, line 256]

VM Operations (20 events):
Event: 31.308 Executing VM operation: Cleanup done
Event: 31.900 Executing VM operation: G1CollectForAllocation
Event: 31.916 Executing VM operation: G1CollectForAllocation done
Event: 32.923 Executing VM operation: Cleanup
Event: 32.924 Executing VM operation: Cleanup done
Event: 33.153 Executing VM operation: HandshakeAllThreads
Event: 33.153 Executing VM operation: HandshakeAllThreads done
Event: 33.243 Executing VM operation: HandshakeAllThreads
Event: 33.255 Executing VM operation: HandshakeAllThreads done
Event: 33.284 Executing VM operation: HandshakeAllThreads
Event: 33.284 Executing VM operation: HandshakeAllThreads done
Event: 33.352 Executing VM operation: G1CollectForAllocation
Event: 33.358 Executing VM operation: G1CollectForAllocation done
Event: 33.427 Executing VM operation: G1PauseRemark
Event: 33.435 Executing VM operation: G1PauseRemark done
Event: 33.468 Executing VM operation: G1PauseCleanup
Event: 33.468 Executing VM operation: G1PauseCleanup done
Event: 34.293 Executing VM operation: HandshakeAllThreads
Event: 34.293 Executing VM operation: HandshakeAllThreads done
Event: 35.307 Executing VM operation: Cleanup

Memory protections (0 events):
No events

Nmethod flushes (20 events):
Event: 33.304 Thread 0x000001d1d9410020 flushing  nmethod 0x000001d1c7069310
Event: 33.304 Thread 0x000001d1d9410020 flushing  nmethod 0x000001d1c708d810
Event: 33.304 Thread 0x000001d1d9410020 flushing  nmethod 0x000001d1c7090c90
Event: 33.304 Thread 0x000001d1d9410020 flushing  nmethod 0x000001d1c7093690
Event: 33.304 Thread 0x000001d1d9410020 flushing  nmethod 0x000001d1c709f690
Event: 33.304 Thread 0x000001d1d9410020 flushing  nmethod 0x000001d1c70a0990
Event: 33.304 Thread 0x000001d1d9410020 flushing  nmethod 0x000001d1c70a8910
Event: 33.304 Thread 0x000001d1d9410020 flushing  nmethod 0x000001d1c70a9190
Event: 33.304 Thread 0x000001d1d9410020 flushing  nmethod 0x000001d1c70b0290
Event: 33.304 Thread 0x000001d1d9410020 flushing  nmethod 0x000001d1c70d5a90
Event: 33.304 Thread 0x000001d1d9410020 flushing  nmethod 0x000001d1c70dd010
Event: 33.304 Thread 0x000001d1d9410020 flushing  nmethod 0x000001d1c70ed310
Event: 33.304 Thread 0x000001d1d9410020 flushing  nmethod 0x000001d1c712fc90
Event: 33.304 Thread 0x000001d1d9410020 flushing  nmethod 0x000001d1c7138b90
Event: 33.304 Thread 0x000001d1d9410020 flushing  nmethod 0x000001d1c7139010
Event: 33.304 Thread 0x000001d1d9410020 flushing  nmethod 0x000001d1c713aa90
Event: 33.304 Thread 0x000001d1d9410020 flushing  nmethod 0x000001d1c7154590
Event: 33.304 Thread 0x000001d1d9410020 flushing  nmethod 0x000001d1c717a690
Event: 33.304 Thread 0x000001d1d9410020 flushing  nmethod 0x000001d1c717d110
Event: 33.304 Thread 0x000001d1d9410020 flushing  nmethod 0x000001d1c71c0210

Events (20 events):
Event: 33.087 Thread 0x000001d1f4b1de90 Thread added: 0x000001d1f40145f0
Event: 33.087 Thread 0x000001d1f4b1de90 Thread added: 0x000001d1f40140e0
Event: 33.088 Thread 0x000001d1f4b1de90 Thread added: 0x000001d1f4016450
Event: 33.089 Thread 0x000001d1f4b1de90 Thread added: 0x000001d1f40136c0
Event: 33.089 Thread 0x000001d1f4b1de90 Thread added: 0x000001d1f4017380
Event: 33.089 Thread 0x000001d1f4b1de90 Thread added: 0x000001d1f4013bd0
Event: 33.090 Thread 0x000001d1f4b1de90 Thread added: 0x000001d1f4017890
Event: 33.145 Thread 0x000001d1f4b1de90 Thread added: 0x000001d1f40196f0
Event: 33.145 Thread 0x000001d1f4b1de90 Thread added: 0x000001d1f4017da0
Event: 33.146 Thread 0x000001d1f4b1de90 Thread added: 0x000001d1f4019c00
Event: 33.146 Thread 0x000001d1f4b1de90 Thread added: 0x000001d1f40182b0
Event: 33.146 Thread 0x000001d1f4b1de90 Thread added: 0x000001d1f40187c0
Event: 33.147 Thread 0x000001d1f4b1de90 Thread added: 0x000001d1f4018cd0
Event: 33.148 Thread 0x000001d1f4b1de90 Thread added: 0x000001d1f401a110
Event: 33.148 Thread 0x000001d1f4b1de90 Thread added: 0x000001d1f40191e0
Event: 33.148 Thread 0x000001d1f4b1de90 Thread added: 0x000001d1f401a620
Event: 33.150 Thread 0x000001d1f4b1de90 Thread added: 0x000001d1f401ab30
Event: 33.150 Thread 0x000001d1f4b1de90 Thread added: 0x000001d1f5667ab0
Event: 33.766 Thread 0x000001d1f72c05a0 Thread exited: 0x000001d1f72c05a0
Event: 33.969 Thread 0x000001d1d9407700 Thread added: 0x000001d1f4d98f40


Dynamic libraries:
0x00007ff77d7d0000 - 0x00007ff77d7de000 	C:\Program Files\Microsoft\jdk-17.0.15.6-hotspot\bin\java.exe
0x00007ff8dc440000 - 0x00007ff8dc6a7000 	C:\WINDOWS\SYSTEM32\ntdll.dll
0x00007ff8db7d0000 - 0x00007ff8db899000 	C:\WINDOWS\System32\KERNEL32.DLL
0x00007ff8d9bd0000 - 0x00007ff8d9fc1000 	C:\WINDOWS\System32\KERNELBASE.dll
0x00007ff8d9fd0000 - 0x00007ff8da11b000 	C:\WINDOWS\System32\ucrtbase.dll
0x00007ff897430000 - 0x00007ff897447000 	C:\Program Files\Microsoft\jdk-17.0.15.6-hotspot\bin\jli.dll
0x00007ff8b9530000 - 0x00007ff8b954d000 	C:\Program Files\Microsoft\jdk-17.0.15.6-hotspot\bin\VCRUNTIME140.dll
0x00007ff8db410000 - 0x00007ff8db5d5000 	C:\WINDOWS\System32\USER32.dll
0x00007ff8d9970000 - 0x00007ff8d9997000 	C:\WINDOWS\System32\win32u.dll
0x00007ff8dbed0000 - 0x00007ff8dbefb000 	C:\WINDOWS\System32\GDI32.dll
0x00007ff8b8ca0000 - 0x00007ff8b8f33000 	C:\WINDOWS\WinSxS\amd64_microsoft.windows.common-controls_6595b64144ccf1df_6.0.26100.7922_none_3e089e1ee3342171\COMCTL32.dll
0x00007ff8d97b0000 - 0x00007ff8d98da000 	C:\WINDOWS\System32\gdi32full.dll
0x00007ff8da2b0000 - 0x00007ff8da359000 	C:\WINDOWS\System32\msvcrt.dll
0x00007ff8d9b20000 - 0x00007ff8d9bc3000 	C:\WINDOWS\System32\msvcp_win.dll
0x00007ff8da360000 - 0x00007ff8da391000 	C:\WINDOWS\System32\IMM32.DLL
0x00007ff899b90000 - 0x00007ff899b9c000 	C:\Program Files\Microsoft\jdk-17.0.15.6-hotspot\bin\vcruntime140_1.dll
0x00007ff83d120000 - 0x00007ff83d1ad000 	C:\Program Files\Microsoft\jdk-17.0.15.6-hotspot\bin\msvcp140.dll
0x00007ff834070000 - 0x00007ff834ce2000 	C:\Program Files\Microsoft\jdk-17.0.15.6-hotspot\bin\server\jvm.dll
0x00007ff8db220000 - 0x00007ff8db2db000 	C:\WINDOWS\System32\ADVAPI32.dll
0x00007ff8da9f0000 - 0x00007ff8daa97000 	C:\WINDOWS\System32\sechost.dll
0x00007ff8db2e0000 - 0x00007ff8db3f8000 	C:\WINDOWS\System32\RPCRT4.dll
0x00007ff8db740000 - 0x00007ff8db7b4000 	C:\WINDOWS\System32\WS2_32.dll
0x00007ff8d8b80000 - 0x00007ff8d8bde000 	C:\WINDOWS\SYSTEM32\POWRPROF.dll
0x00007ff8d0b20000 - 0x00007ff8d0b55000 	C:\WINDOWS\SYSTEM32\WINMM.dll
0x00007ff8c6ef0000 - 0x00007ff8c6efb000 	C:\WINDOWS\SYSTEM32\VERSION.dll
0x00007ff8d8b60000 - 0x00007ff8d8b74000 	C:\WINDOWS\SYSTEM32\UMPDC.dll
0x00007ff8d7ab0000 - 0x00007ff8d7acb000 	C:\WINDOWS\SYSTEM32\kernel.appcore.dll
0x00007ff897890000 - 0x00007ff89789a000 	C:\Program Files\Microsoft\jdk-17.0.15.6-hotspot\bin\jimage.dll
0x00007ff8d6bc0000 - 0x00007ff8d6e02000 	C:\WINDOWS\SYSTEM32\DBGHELP.DLL
0x00007ff8dbf70000 - 0x00007ff8dc2f2000 	C:\WINDOWS\System32\combase.dll
0x00007ff8dbb90000 - 0x00007ff8dbc67000 	C:\WINDOWS\System32\OLEAUT32.dll
0x00007ff8b6050000 - 0x00007ff8b608b000 	C:\WINDOWS\SYSTEM32\dbgcore.DLL
0x00007ff8d9700000 - 0x00007ff8d97a5000 	C:\WINDOWS\System32\bcryptPrimitives.dll
0x00007ff88e7d0000 - 0x00007ff88e7de000 	C:\Program Files\Microsoft\jdk-17.0.15.6-hotspot\bin\instrument.dll
0x00007ff897400000 - 0x00007ff897425000 	C:\Program Files\Microsoft\jdk-17.0.15.6-hotspot\bin\java.dll
0x00007ff83d040000 - 0x00007ff83d116000 	C:\Program Files\Microsoft\jdk-17.0.15.6-hotspot\bin\jsvml.dll
0x00007ff8daab0000 - 0x00007ff8db20f000 	C:\WINDOWS\System32\SHELL32.dll
0x00007ff8d8d20000 - 0x00007ff8d8e8a000 	C:\WINDOWS\System32\wintypes.dll
0x00007ff8d8e90000 - 0x00007ff8d96f4000 	C:\WINDOWS\System32\windows.storage.dll
0x00007ff8dbdd0000 - 0x00007ff8dbec7000 	C:\WINDOWS\System32\SHCORE.dll
0x00007ff8dbf00000 - 0x00007ff8dbf67000 	C:\WINDOWS\System32\shlwapi.dll
0x00007ff8d8c40000 - 0x00007ff8d8c69000 	C:\WINDOWS\SYSTEM32\profapi.dll
0x00007ff8838b0000 - 0x00007ff8838c8000 	C:\Program Files\Microsoft\jdk-17.0.15.6-hotspot\bin\zip.dll
0x00007ff88a720000 - 0x00007ff88a73a000 	C:\Program Files\Microsoft\jdk-17.0.15.6-hotspot\bin\net.dll
0x00007ff8cda60000 - 0x00007ff8cdb87000 	C:\WINDOWS\SYSTEM32\WINHTTP.dll
0x00007ff8d8020000 - 0x00007ff8d808b000 	C:\WINDOWS\system32\mswsock.dll
0x00007ff88a700000 - 0x00007ff88a716000 	C:\Program Files\Microsoft\jdk-17.0.15.6-hotspot\bin\nio.dll
0x00007ff8976e0000 - 0x00007ff8976f0000 	C:\Program Files\Microsoft\jdk-17.0.15.6-hotspot\bin\verify.dll
0x00007ff886160000 - 0x00007ff886187000 	C:\Users\HP\.gradle\native\c067742578af261105cb4f569cf0c3c89f3d7b1fecec35dd04571415982c5e48\windows-amd64\native-platform.dll
0x00007ff8796e0000 - 0x00007ff879824000 	C:\Users\HP\.gradle\native\100fb08df4bc3b14c8652ba06237920a3bd2aa13389f12d3474272988ae205f9\windows-amd64\native-platform-file-events.dll
0x00007ff894870000 - 0x00007ff89487a000 	C:\Program Files\Microsoft\jdk-17.0.15.6-hotspot\bin\management.dll
0x00007ff893630000 - 0x00007ff89363b000 	C:\Program Files\Microsoft\jdk-17.0.15.6-hotspot\bin\management_ext.dll
0x00007ff8db7c0000 - 0x00007ff8db7c8000 	C:\WINDOWS\System32\PSAPI.DLL
0x00007ff8d8300000 - 0x00007ff8d831b000 	C:\WINDOWS\SYSTEM32\CRYPTSP.dll
0x00007ff8d7a10000 - 0x00007ff8d7a49000 	C:\WINDOWS\system32\rsaenh.dll
0x00007ff8d80d0000 - 0x00007ff8d8102000 	C:\WINDOWS\SYSTEM32\USERENV.dll
0x00007ff8d8c10000 - 0x00007ff8d8c3a000 	C:\WINDOWS\SYSTEM32\bcrypt.dll
0x00007ff8d8320000 - 0x00007ff8d832c000 	C:\WINDOWS\SYSTEM32\CRYPTBASE.dll
0x00007ff8d7470000 - 0x00007ff8d74a3000 	C:\WINDOWS\SYSTEM32\IPHLPAPI.DLL
0x00007ff8daaa0000 - 0x00007ff8daaaa000 	C:\WINDOWS\System32\NSI.dll
0x00007ff8d0ef0000 - 0x00007ff8d0f0d000 	C:\WINDOWS\SYSTEM32\dhcpcsvc6.DLL
0x00007ff8cfb00000 - 0x00007ff8cfb23000 	C:\WINDOWS\SYSTEM32\dhcpcsvc.DLL
0x00007ff8d7500000 - 0x00007ff8d762a000 	C:\WINDOWS\SYSTEM32\DNSAPI.dll
0x00007ff893090000 - 0x00007ff893099000 	C:\Program Files\Microsoft\jdk-17.0.15.6-hotspot\bin\extnet.dll
0x00007ff88de20000 - 0x00007ff88de2e000 	C:\Program Files\Microsoft\jdk-17.0.15.6-hotspot\bin\sunmscapi.dll
0x00007ff8d99a0000 - 0x00007ff8d9b17000 	C:\WINDOWS\System32\CRYPT32.dll
0x00007ff8d8520000 - 0x00007ff8d8550000 	C:\WINDOWS\SYSTEM32\ncrypt.dll
0x00007ff8d84d0000 - 0x00007ff8d850f000 	C:\WINDOWS\SYSTEM32\NTASN1.dll
0x00007ff8c4030000 - 0x00007ff8c4038000 	C:\WINDOWS\system32\wshunix.dll

dbghelp: loaded successfully - version: 4.0.5 - missing functions: none
symbol engine: initialized successfully - sym options: 0x614 - pdb path: .;C:\Program Files\Microsoft\jdk-17.0.15.6-hotspot\bin;C:\WINDOWS\SYSTEM32;C:\WINDOWS\WinSxS\amd64_microsoft.windows.common-controls_6595b64144ccf1df_6.0.26100.7922_none_3e089e1ee3342171;C:\Program Files\Microsoft\jdk-17.0.15.6-hotspot\bin\server;C:\Users\HP\.gradle\native\c067742578af261105cb4f569cf0c3c89f3d7b1fecec35dd04571415982c5e48\windows-amd64;C:\Users\HP\.gradle\native\100fb08df4bc3b14c8652ba06237920a3bd2aa13389f12d3474272988ae205f9\windows-amd64

VM Arguments:
jvm_args: --add-opens=java.base/java.util=ALL-UNNAMED --add-opens=java.base/java.lang=ALL-UNNAMED --add-opens=java.base/java.lang.invoke=ALL-UNNAMED --add-opens=java.prefs/java.util.prefs=ALL-UNNAMED --add-exports=jdk.compiler/com.sun.tools.javac.api=ALL-UNNAMED --add-exports=jdk.compiler/com.sun.tools.javac.util=ALL-UNNAMED --add-opens=java.base/java.nio.charset=ALL-UNNAMED --add-opens=java.base/java.net=ALL-UNNAMED --add-opens=java.base/java.util.concurrent.atomic=ALL-UNNAMED -XX:MaxMetaspaceSize=384m -XX:+HeapDumpOnOutOfMemoryError -Xms256m -Xmx512m -Dfile.encoding=utf8 -Duser.country=IN -Duser.language=en -Duser.variant -javaagent:C:\Users\HP\.gradle\wrapper\dists\gradle-8.9-bin\90cnw93cvbtalezasaz0blq0a\gradle-8.9\lib\agents\gradle-instrumentation-agent-8.9.jar 
java_command: org.gradle.launcher.daemon.bootstrap.GradleDaemon 8.9
java_class_path (initial): C:\Users\HP\.gradle\wrapper\dists\gradle-8.9-bin\90cnw93cvbtalezasaz0blq0a\gradle-8.9\lib\gradle-daemon-main-8.9.jar
Launcher Type: SUN_STANDARD

[Global flags]
     intx CICompilerCount                          = 4                                         {product} {ergonomic}
   size_t CompressedClassSpaceSize                 = 335544320                                 {product} {ergonomic}
     uint ConcGCThreads                            = 3                                         {product} {ergonomic}
     uint G1ConcRefinementThreads                  = 10                                        {product} {ergonomic}
   size_t G1HeapRegionSize                         = 1048576                                   {product} {ergonomic}
    uintx GCDrainStackTargetSize                   = 64                                        {product} {ergonomic}
     bool HeapDumpOnOutOfMemoryError               = true                                   {manageable} {command line}
   size_t InitialHeapSize                          = 268435456                                 {product} {command line}
   size_t MarkStackSize                            = 4194304                                   {product} {ergonomic}
   size_t MaxHeapSize                              = 536870912                                 {product} {command line}
   size_t MaxMetaspaceSize                         = 402653184                                 {product} {command line}
   size_t MaxNewSize                               = 321912832                                 {product} {ergonomic}
   size_t MinHeapDeltaBytes                        = 1048576                                   {product} {ergonomic}
   size_t MinHeapSize                              = 268435456                                 {product} {command line}
    uintx NonNMethodCodeHeapSize                   = 5839372                                {pd product} {ergonomic}
    uintx NonProfiledCodeHeapSize                  = 122909434                              {pd product} {ergonomic}
    uintx ProfiledCodeHeapSize                     = 122909434                              {pd product} {ergonomic}
    uintx ReservedCodeCacheSize                    = 251658240                              {pd product} {ergonomic}
     bool SegmentedCodeCache                       = true                                      {product} {ergonomic}
   size_t SoftMaxHeapSize                          = 536870912                              {manageable} {ergonomic}
     bool UseCompressedClassPointers               = true                           {product lp64_product} {ergonomic}
     bool UseCompressedOops                        = true                           {product lp64_product} {ergonomic}
     bool UseG1GC                                  = true                                      {product} {ergonomic}
     bool UseLargePagesIndividualAllocation        = false                                  {pd product} {ergonomic}

Logging:
Log output configuration:
 #0: stdout all=warning uptime,level,tags
 #1: stderr all=off uptime,level,tags

Environment Variables:
JAVA_HOME=C:\Program Files\Microsoft\jdk-17.0.15.6-hotspot
PATH=C:\Users\HP\AppData\Local\Programs\Microsoft VS Code;C:\Program Files\Microsoft\jdk-17.0.15.6-hotspot\bin;C:\WINDOWS\system32;C:\WINDOWS;C:\WINDOWS\System32\Wbem;C:\WINDOWS\System32\WindowsPowerShell\v1.0\;C:\WINDOWS\System32\OpenSSH\;C:\Program Files\Git\cmd;C:\Program Files\dotnet\;C:\ProgramData\chocolatey\bin;C:\Users\HP\AppData\Local\Android\Sdk\platform-tools;C:\Users\HP\AppData\Local\Android\Sdk;C:\Users\HP\AppData\Local\Android\Sdk\emulator;;C:\Program Files\Docker\Docker\resources\bin;C:\Program Files\PuTTY\;C:\Program Files\nodejs\;C:\Program Files\MySQL\MySQL Shell 8.0\bin\;C:\Users\HP\AppData\Local\Microsoft\WindowsApps;C:\Users\HP\AppData\Local\Programs\Microsoft VS Code\bin;C:\Users\HP\AppData\Local\Android\Sdk\platform-tools;C:\Users\HP\AppData\Local\Android\Sdk;C:\Users\HP\AppData\Local\Android\Sdk\emulator;C:\Users\HP\AppData\Roaming\npm
USERNAME=HP
OS=Windows_NT
PROCESSOR_IDENTIFIER=Intel64 Family 6 Model 154 Stepping 4, GenuineIntel
TMP=C:\Users\HP\AppData\Local\Temp
TEMP=C:\Users\HP\AppData\Local\Temp



Periodic native trim disabled


---------------  S Y S T E M  ---------------

OS:
 Windows 11 , 64 bit Build 26100 (10.0.26100.7920)
OS uptime: 13 days 22:15 hours
Hyper-V role detected

CPU: total 12 (initial active 12) (6 cores per cpu, 2 threads per core) family 6 model 154 stepping 4 microcode 0x432, cx8, cmov, fxsr, ht, mmx, 3dnowpref, sse, sse2, sse3, ssse3, sse4.1, sse4.2, popcnt, lzcnt, tsc, tscinvbit, avx, avx2, aes, erms, clmul, bmi1, bmi2, adx, sha, fma, vzeroupper, clflush, clflushopt, clwb, hv
Processor Information for processor 0
  Max Mhz: 1300, Current Mhz: 1300, Mhz Limit: 1300
Processor Information for processor 1
  Max Mhz: 1300, Current Mhz: 1300, Mhz Limit: 1300
Processor Information for processor 2
  Max Mhz: 1300, Current Mhz: 1300, Mhz Limit: 1300
Processor Information for processor 3
  Max Mhz: 1300, Current Mhz: 1300, Mhz Limit: 1300
Processor Information for processor 4
  Max Mhz: 1300, Current Mhz: 900, Mhz Limit: 897
Processor Information for processor 5
  Max Mhz: 1300, Current Mhz: 900, Mhz Limit: 897
Processor Information for processor 6
  Max Mhz: 1300, Current Mhz: 900, Mhz Limit: 897
Processor Information for processor 7
  Max Mhz: 1300, Current Mhz: 900, Mhz Limit: 897
Processor Information for processor 8
  Max Mhz: 1300, Current Mhz: 900, Mhz Limit: 897
Processor Information for processor 9
  Max Mhz: 1300, Current Mhz: 900, Mhz Limit: 897
Processor Information for processor 10
  Max Mhz: 1300, Current Mhz: 900, Mhz Limit: 897
Processor Information for processor 11
  Max Mhz: 1300, Current Mhz: 900, Mhz Limit: 897

Memory: 4k page, system-wide physical 7835M (812M free)
TotalPageFile size 31387M (AvailPageFile size 10M)
current process WorkingSet (physical memory assigned to process): 436M, peak: 519M
current process commit charge ("private bytes"): 590M, peak: 598M

vm_info: OpenJDK 64-Bit Server VM (17.0.15+6-LTS) for windows-amd64 JRE (17.0.15+6-LTS), built on Apr  9 2025 22:27:25 by "MicrosoftCorporation" with unknown MS VC++:1939

END.
