#
# There is insufficient memory for the Java Runtime Environment to continue.
# Native memory allocation (malloc) failed to allocate 1660400 bytes. Error detail: Chunk::new
# Possible reasons:
#   The system is out of physical RAM or swap space
#   This process is running with CompressedOops enabled, and the Java Heap may be blocking the growth of the native heap
# Possible solutions:
#   Reduce memory load on the system
#   Increase physical memory or swap space
#   Check if swap backing store is full
#   Decrease Java heap size (-Xmx/-Xms)
#   Decrease number of Java threads
#   Decrease Java thread stack sizes (-Xss)
#   Set larger code cache with -XX:ReservedCodeCacheSize=
#   JVM is running with Unscaled Compressed Oops mode in which the Java heap is
#     placed in the first 4GB address space. The Java Heap base address is the
#     maximum limit for the native heap growth. Please use -XX:HeapBaseMinAddress
#     to set the Java Heap base and to place the Java Heap above 4GB virtual address.
# This output file may be truncated or incomplete.
#
#  Out of Memory Error (arena.cpp:191), pid=26836, tid=11672
#
# JRE version: OpenJDK Runtime Environment Microsoft-11369865 (17.0.15+6) (build 17.0.15+6-LTS)
# Java VM: OpenJDK 64-Bit Server VM Microsoft-11369865 (17.0.15+6-LTS, mixed mode, sharing, tiered, compressed oops, compressed class ptrs, g1 gc, windows-amd64)
# No core dump will be written. Minidumps are not enabled by default on client versions of Windows
#

---------------  S U M M A R Y ------------

Command Line: --add-opens=java.base/java.util=ALL-UNNAMED --add-opens=java.base/java.lang=ALL-UNNAMED --add-opens=java.base/java.lang.invoke=ALL-UNNAMED --add-opens=java.prefs/java.util.prefs=ALL-UNNAMED --add-exports=jdk.compiler/com.sun.tools.javac.api=ALL-UNNAMED --add-exports=jdk.compiler/com.sun.tools.javac.util=ALL-UNNAMED --add-opens=java.base/java.nio.charset=ALL-UNNAMED --add-opens=java.base/java.net=ALL-UNNAMED --add-opens=java.base/java.util.concurrent.atomic=ALL-UNNAMED -XX:MaxMetaspaceSize=384m -XX:+HeapDumpOnOutOfMemoryError -Xms256m -Xmx512m -Dfile.encoding=utf8 -Duser.country=IN -Duser.language=en -Duser.variant -javaagent:C:\Users\HP\.gradle\wrapper\dists\gradle-8.9-bin\90cnw93cvbtalezasaz0blq0a\gradle-8.9\lib\agents\gradle-instrumentation-agent-8.9.jar org.gradle.launcher.daemon.bootstrap.GradleDaemon 8.9

Host: 12th Gen Intel(R) Core(TM) i5-1235U, 12 cores, 7G,  Windows 11 , 64 bit Build 26100 (10.0.26100.7920)
Time: Thu Mar 26 11:03:28 2026 India Standard Time elapsed time: 13.403623 seconds (0d 0h 0m 13s)

---------------  T H R E A D  ---------------

Current thread (0x0000020ed7800dc0):  JavaThread "C2 CompilerThread0" daemon [_thread_in_native, id=11672, stack(0x0000009389800000,0x0000009389900000)]


Current CompileTask:
C2:  13403 8331       4       java.io.ObjectOutputStream::writeClassDesc (60 bytes)

Stack: [0x0000009389800000,0x0000009389900000]
Native frames: (J=compiled Java code, j=interpreted, Vv=VM code, C=native code)
V  [jvm.dll+0x6887a9]
V  [jvm.dll+0x83f5a8]
V  [jvm.dll+0x841053]
V  [jvm.dll+0x8416c3]
V  [jvm.dll+0x2496ef]
V  [jvm.dll+0xad134]
V  [jvm.dll+0xad7cc]
V  [jvm.dll+0x36af2e]
V  [jvm.dll+0x335513]
V  [jvm.dll+0x3349aa]
V  [jvm.dll+0x21a908]
V  [jvm.dll+0x219d3f]
V  [jvm.dll+0x1a55f6]
V  [jvm.dll+0x22a39a]
V  [jvm.dll+0x2284db]
V  [jvm.dll+0x7f4e28]
V  [jvm.dll+0x7ef2dc]
V  [jvm.dll+0x687687]
C  [ucrtbase.dll+0x37b0]
C  [KERNEL32.DLL+0x2e8d7]
C  [ntdll.dll+0x8c48c]


---------------  P R O C E S S  ---------------

Threads class SMR info:
_java_thread_list=0x0000020ef361dfd0, length=81, elements={
0x0000020ebc78bd60, 0x0000020ed77c0c30, 0x0000020ed77c1700, 0x0000020ed77f9f20,
0x0000020ed77fc800, 0x0000020ed77ff8f0, 0x0000020ed78001c0, 0x0000020ed7800dc0,
0x0000020ed78016d0, 0x0000020ed7801fe0, 0x0000020ed7919880, 0x0000020ed7a818a0,
0x0000020ef251ab30, 0x0000020ef229f150, 0x0000020ef1c95e10, 0x0000020ef2ae66e0,
0x0000020ef2ae57b0, 0x0000020ef2ae5cc0, 0x0000020ef2ae61d0, 0x0000020ef2ae3440,
0x0000020ef4fe6140, 0x0000020ef4fe5210, 0x0000020ef4fe3dd0, 0x0000020ef4fe47f0,
0x0000020ef4fe5c30, 0x0000020ef4fe2ea0, 0x0000020ef4fe42e0, 0x0000020ef4fe4d00,
0x0000020ef5e8c320, 0x0000020ef5e8cd40, 0x0000020ef5e8d250, 0x0000020ef5e8d760,
0x0000020ef5e89fb0, 0x0000020ef5e8c830, 0x0000020ef5e8a4c0, 0x0000020ef5694f40,
0x0000020ef5694520, 0x0000020ef5696380, 0x0000020ef56a8260, 0x0000020ef342e4b0,
0x0000020ef342e9c0, 0x0000020ef342da90, 0x0000020ef342d580, 0x0000020ef1c50e70,
0x0000020ef1c4ee90, 0x0000020ef342d070, 0x0000020ef342dfa0, 0x0000020ef43c4110,
0x0000020ef5696890, 0x0000020ef5695e70, 0x0000020ef5696da0, 0x0000020ef5695450,
0x0000020ef56972b0, 0x0000020ef56977c0, 0x0000020ef5697cd0, 0x0000020ef5694a30,
0x0000020ef43c0960, 0x0000020ef43c3c00, 0x0000020ef43c2cd0, 0x0000020ef6e12d00,
0x0000020ef6e10480, 0x0000020ef6e11dd0, 0x0000020ef6e10990, 0x0000020ef6e13210,
0x0000020ef6e118c0, 0x0000020ef6e122e0, 0x0000020ef43c31e0, 0x0000020ef43c0e70,
0x0000020ef43c1890, 0x0000020ef2100640, 0x0000020ef2100b50, 0x0000020ef2101060,
0x0000020ef6e13720, 0x0000020ef6e127f0, 0x0000020ef6e0ff70, 0x0000020ef6e10ea0,
0x0000020ef6e113b0, 0x0000020ef44c4d50, 0x0000020ef44c5770, 0x0000020ef44c6190,
0x0000020ef2100130
}

Java Threads: ( => current thread )
  0x0000020ebc78bd60 JavaThread "main" [_thread_blocked, id=11300, stack(0x0000009388b00000,0x0000009388c00000)]
  0x0000020ed77c0c30 JavaThread "Reference Handler" daemon [_thread_blocked, id=17652, stack(0x0000009389200000,0x0000009389300000)]
  0x0000020ed77c1700 JavaThread "Finalizer" daemon [_thread_blocked, id=14616, stack(0x0000009389300000,0x0000009389400000)]
  0x0000020ed77f9f20 JavaThread "Signal Dispatcher" daemon [_thread_blocked, id=19848, stack(0x0000009389400000,0x0000009389500000)]
  0x0000020ed77fc800 JavaThread "Attach Listener" daemon [_thread_blocked, id=27192, stack(0x0000009389500000,0x0000009389600000)]
  0x0000020ed77ff8f0 JavaThread "Service Thread" daemon [_thread_blocked, id=23480, stack(0x0000009389600000,0x0000009389700000)]
  0x0000020ed78001c0 JavaThread "Monitor Deflation Thread" daemon [_thread_blocked, id=20724, stack(0x0000009389700000,0x0000009389800000)]
=>0x0000020ed7800dc0 JavaThread "C2 CompilerThread0" daemon [_thread_in_native, id=11672, stack(0x0000009389800000,0x0000009389900000)]
  0x0000020ed78016d0 JavaThread "C1 CompilerThread0" daemon [_thread_blocked, id=21024, stack(0x0000009389900000,0x0000009389a00000)]
  0x0000020ed7801fe0 JavaThread "Sweeper thread" daemon [_thread_blocked, id=27744, stack(0x0000009389a00000,0x0000009389b00000)]
  0x0000020ed7919880 JavaThread "Common-Cleaner" daemon [_thread_blocked, id=15696, stack(0x0000009389b00000,0x0000009389c00000)]
  0x0000020ed7a818a0 JavaThread "Notification Thread" daemon [_thread_blocked, id=26808, stack(0x0000009389c00000,0x0000009389d00000)]
  0x0000020ef251ab30 JavaThread "Daemon health stats" [_thread_blocked, id=8912, stack(0x0000009389e00000,0x0000009389f00000)]
  0x0000020ef229f150 JavaThread "Incoming local TCP Connector on port 62150" [_thread_in_native, id=5184, stack(0x0000009389f00000,0x000000938a000000)]
  0x0000020ef1c95e10 JavaThread "Daemon periodic checks" [_thread_blocked, id=13864, stack(0x000000938a500000,0x000000938a600000)]
  0x0000020ef2ae66e0 JavaThread "Daemon" [_thread_blocked, id=12180, stack(0x000000938a600000,0x000000938a700000)]
  0x0000020ef2ae57b0 JavaThread "Daemon worker" [_thread_blocked, id=20112, stack(0x000000938a900000,0x000000938aa00000)]
  0x0000020ef2ae5cc0 JavaThread "Cache worker for journal cache (C:\Users\HP\.gradle\caches\journal-1)" [_thread_blocked, id=16368, stack(0x000000938ae00000,0x000000938af00000)]
  0x0000020ef2ae61d0 JavaThread "File lock request listener" [_thread_in_native, id=18516, stack(0x000000938af00000,0x000000938b000000)]
  0x0000020ef2ae3440 JavaThread "Cache worker for file hash cache (C:\Users\HP\.gradle\caches\8.9\fileHashes)" [_thread_in_native, id=27476, stack(0x000000938b000000,0x000000938b100000)]
  0x0000020ef4fe6140 JavaThread "File watcher server" daemon [_thread_in_native, id=30756, stack(0x000000938b900000,0x000000938ba00000)]
  0x0000020ef4fe5210 JavaThread "File watcher consumer" daemon [_thread_blocked, id=7488, stack(0x000000938ba00000,0x000000938bb00000)]
  0x0000020ef4fe3dd0 JavaThread "jar transforms" [_thread_blocked, id=16272, stack(0x000000938bb00000,0x000000938bc00000)]
  0x0000020ef4fe47f0 JavaThread "jar transforms Thread 2" [_thread_blocked, id=17420, stack(0x000000938bc00000,0x000000938bd00000)]
  0x0000020ef4fe5c30 JavaThread "jar transforms Thread 3" [_thread_blocked, id=25000, stack(0x000000938bd00000,0x000000938be00000)]
  0x0000020ef4fe2ea0 JavaThread "Cache worker for file content cache (C:\Users\HP\.gradle\caches\8.9\fileContent)" [_thread_blocked, id=26844, stack(0x000000938c000000,0x000000938c100000)]
  0x0000020ef4fe42e0 JavaThread "jar transforms Thread 4" [_thread_blocked, id=19884, stack(0x000000938be00000,0x000000938bf00000)]
  0x0000020ef4fe4d00 JavaThread "jar transforms Thread 5" [_thread_blocked, id=17004, stack(0x000000938ad00000,0x000000938ae00000)]
  0x0000020ef5e8c320 JavaThread "jar transforms Thread 6" [_thread_blocked, id=15404, stack(0x000000938c500000,0x000000938c600000)]
  0x0000020ef5e8cd40 JavaThread "jar transforms Thread 7" [_thread_blocked, id=2404, stack(0x000000938c600000,0x000000938c700000)]
  0x0000020ef5e8d250 JavaThread "jar transforms Thread 8" [_thread_blocked, id=4900, stack(0x000000938c700000,0x000000938c800000)]
  0x0000020ef5e8d760 JavaThread "jar transforms Thread 9" [_thread_blocked, id=26912, stack(0x000000938c800000,0x000000938c900000)]
  0x0000020ef5e89fb0 JavaThread "jar transforms Thread 10" [_thread_blocked, id=11560, stack(0x000000938c900000,0x000000938ca00000)]
  0x0000020ef5e8c830 JavaThread "jar transforms Thread 11" [_thread_blocked, id=22328, stack(0x000000938ca00000,0x000000938cb00000)]
  0x0000020ef5e8a4c0 JavaThread "jar transforms Thread 12" [_thread_blocked, id=11992, stack(0x000000938cb00000,0x000000938cc00000)]
  0x0000020ef5694f40 JavaThread "VFS cleanup" [_thread_blocked, id=13376, stack(0x000000938aa00000,0x000000938ab00000)]
  0x0000020ef5694520 JavaThread "Handler for socket connection from /127.0.0.1:62150 to /127.0.0.1:54317" [_thread_in_native, id=13384, stack(0x000000938a700000,0x000000938a800000)]
  0x0000020ef5696380 JavaThread "Cancel handler" [_thread_blocked, id=14704, stack(0x000000938a800000,0x000000938a900000)]
  0x0000020ef56a8260 JavaThread "Asynchronous log dispatcher for DefaultDaemonConnection: socket connection from /127.0.0.1:62150 to /127.0.0.1:54317" [_thread_blocked, id=20772, stack(0x000000938ab00000,0x000000938ac00000)]
  0x0000020ef342e4b0 JavaThread "Stdin handler" [_thread_blocked, id=26148, stack(0x000000938ac00000,0x000000938ad00000)]
  0x0000020ef342e9c0 JavaThread "Daemon client event forwarder" [_thread_blocked, id=26084, stack(0x000000938b500000,0x000000938b600000)]
  0x0000020ef342da90 JavaThread "Cache worker for file hash cache (D:\Parkitdemo\Updated-Sundukpay\node_modules\react-native-inappbrowser-reborn\android\.gradle\8.9\fileHashes)" [_thread_blocked, id=25488, stack(0x000000938b600000,0x000000938b700000)]
  0x0000020ef342d580 JavaThread "Cache worker for Build Output Cleanup Cache (D:\Parkitdemo\Updated-Sundukpay\node_modules\react-native-inappbrowser-reborn\android\.gradle\buildOutputCleanup)" [_thread_blocked, id=11424, stack(0x000000938bf00000,0x000000938c000000)]
  0x0000020ef1c50e70 JavaThread "C2 CompilerThread1" daemon [_thread_in_native, id=20704, stack(0x000000938c100000,0x000000938c200000)]
  0x0000020ef1c4ee90 JavaThread "C2 CompilerThread2" daemon [_thread_in_native, id=26140, stack(0x000000938c200000,0x000000938c300000)]
  0x0000020ef342d070 JavaThread "Cache worker for checksums cache (D:\Parkitdemo\Updated-Sundukpay\node_modules\react-native-inappbrowser-reborn\android\.gradle\8.9\checksums)" [_thread_blocked, id=4664, stack(0x000000938c300000,0x000000938c400000)]
  0x0000020ef342dfa0 JavaThread "Cache worker for cache directory md-rule (C:\Users\HP\.gradle\caches\8.9\md-rule)" [_thread_blocked, id=27580, stack(0x000000938c400000,0x000000938c500000)]
  0x0000020ef43c4110 JavaThread "Cache worker for cache directory md-supplier (C:\Users\HP\.gradle\caches\8.9\md-supplier)" [_thread_blocked, id=14284, stack(0x000000938cc00000,0x000000938cd00000)]
  0x0000020ef5696890 JavaThread "Unconstrained build operations" [_thread_blocked, id=27672, stack(0x000000938cd00000,0x000000938ce00000)]
  0x0000020ef5695e70 JavaThread "Unconstrained build operations Thread 2" [_thread_blocked, id=30552, stack(0x000000938ce00000,0x000000938cf00000)]
  0x0000020ef5696da0 JavaThread "Unconstrained build operations Thread 3" [_thread_blocked, id=13600, stack(0x000000938cf00000,0x000000938d000000)]
  0x0000020ef5695450 JavaThread "Unconstrained build operations Thread 4" [_thread_blocked, id=20748, stack(0x000000938d000000,0x000000938d100000)]
  0x0000020ef56972b0 JavaThread "Unconstrained build operations Thread 5" [_thread_blocked, id=16468, stack(0x000000938d100000,0x000000938d200000)]
  0x0000020ef56977c0 JavaThread "Unconstrained build operations Thread 6" [_thread_blocked, id=23096, stack(0x000000938d200000,0x000000938d300000)]
  0x0000020ef5697cd0 JavaThread "Unconstrained build operations Thread 7" [_thread_blocked, id=26608, stack(0x000000938d300000,0x000000938d400000)]
  0x0000020ef5694a30 JavaThread "Unconstrained build operations Thread 8" [_thread_blocked, id=12032, stack(0x000000938d400000,0x000000938d500000)]
  0x0000020ef43c0960 JavaThread "Unconstrained build operations Thread 9" [_thread_blocked, id=31412, stack(0x000000938d500000,0x000000938d600000)]
  0x0000020ef43c3c00 JavaThread "Unconstrained build operations Thread 10" [_thread_blocked, id=4844, stack(0x000000938d800000,0x000000938d900000)]
  0x0000020ef43c2cd0 JavaThread "Unconstrained build operations Thread 11" [_thread_blocked, id=30252, stack(0x000000938d900000,0x000000938da00000)]
  0x0000020ef6e12d00 JavaThread "Unconstrained build operations Thread 12" [_thread_blocked, id=24908, stack(0x000000938da00000,0x000000938db00000)]
  0x0000020ef6e10480 JavaThread "Unconstrained build operations Thread 13" [_thread_blocked, id=1660, stack(0x000000938db00000,0x000000938dc00000)]
  0x0000020ef6e11dd0 JavaThread "Unconstrained build operations Thread 14" [_thread_blocked, id=12776, stack(0x000000938dc00000,0x000000938dd00000)]
  0x0000020ef6e10990 JavaThread "Unconstrained build operations Thread 15" [_thread_blocked, id=14392, stack(0x000000938dd00000,0x000000938de00000)]
  0x0000020ef6e13210 JavaThread "Unconstrained build operations Thread 16" [_thread_blocked, id=22492, stack(0x000000938de00000,0x000000938df00000)]
  0x0000020ef6e118c0 JavaThread "Unconstrained build operations Thread 17" [_thread_blocked, id=16800, stack(0x000000938df00000,0x000000938e000000)]
  0x0000020ef6e122e0 JavaThread "Unconstrained build operations Thread 18" [_thread_blocked, id=31472, stack(0x000000938e000000,0x000000938e100000)]
  0x0000020ef43c31e0 JavaThread "Unconstrained build operations Thread 19" [_thread_blocked, id=14060, stack(0x000000938e100000,0x000000938e200000)]
  0x0000020ef43c0e70 JavaThread "Unconstrained build operations Thread 20" [_thread_blocked, id=19536, stack(0x000000938e200000,0x000000938e300000)]
  0x0000020ef43c1890 JavaThread "Unconstrained build operations Thread 21" [_thread_blocked, id=22752, stack(0x000000938e300000,0x000000938e400000)]
  0x0000020ef2100640 JavaThread "Unconstrained build operations Thread 22" [_thread_blocked, id=23940, stack(0x000000938e400000,0x000000938e500000)]
  0x0000020ef2100b50 JavaThread "Unconstrained build operations Thread 23" [_thread_blocked, id=21324, stack(0x000000938e500000,0x000000938e600000)]
  0x0000020ef2101060 JavaThread "Unconstrained build operations Thread 24" [_thread_blocked, id=27880, stack(0x000000938e600000,0x000000938e700000)]
  0x0000020ef6e13720 JavaThread "Unconstrained build operations Thread 25" [_thread_blocked, id=19252, stack(0x000000938e700000,0x000000938e800000)]
  0x0000020ef6e127f0 JavaThread "Unconstrained build operations Thread 26" [_thread_blocked, id=26560, stack(0x000000938e800000,0x000000938e900000)]
  0x0000020ef6e0ff70 JavaThread "Unconstrained build operations Thread 27" [_thread_blocked, id=21456, stack(0x000000938e900000,0x000000938ea00000)]
  0x0000020ef6e10ea0 JavaThread "Unconstrained build operations Thread 28" [_thread_in_native, id=27764, stack(0x000000938ea00000,0x000000938eb00000)]
  0x0000020ef6e113b0 JavaThread "Unconstrained build operations Thread 29" [_thread_in_native, id=20632, stack(0x000000938eb00000,0x000000938ec00000)]
  0x0000020ef44c4d50 JavaThread "Unconstrained build operations Thread 30" [_thread_in_vm, id=14812, stack(0x000000938ec00000,0x000000938ed00000)] _threads_hazard_ptr=0x0000020ef361dfd0
  0x0000020ef44c5770 JavaThread "Unconstrained build operations Thread 31" [_thread_in_native, id=11664, stack(0x000000938ed00000,0x000000938ee00000)]
  0x0000020ef44c6190 JavaThread "Unconstrained build operations Thread 32" [_thread_blocked, id=17908, stack(0x000000938ee00000,0x000000938ef00000)]
  0x0000020ef2100130 JavaThread "Unconstrained build operations Thread 33" [_thread_blocked, id=31380, stack(0x000000938ef00000,0x000000938f000000)]

Other Threads:
  0x0000020ed77bcc40 VMThread "VM Thread" [stack: 0x0000009389100000,0x0000009389200000] [id=764]
  0x0000020ed79db580 WatcherThread [stack: 0x0000009389d00000,0x0000009389e00000] [id=13328]
  0x0000020ebc7bc360 GCTaskThread "GC Thread#0" [stack: 0x0000009388c00000,0x0000009388d00000] [id=5032]
  0x0000020ed7ac28c0 GCTaskThread "GC Thread#1" [stack: 0x000000938a000000,0x000000938a100000] [id=5724]
  0x0000020ed7ac3680 GCTaskThread "GC Thread#2" [stack: 0x000000938a100000,0x000000938a200000] [id=15108]
  0x0000020ed7ac2340 GCTaskThread "GC Thread#3" [stack: 0x000000938a200000,0x000000938a300000] [id=3092]
  0x0000020ed7ac2b80 GCTaskThread "GC Thread#4" [stack: 0x000000938a300000,0x000000938a400000] [id=1956]
  0x0000020ed7ac2e40 GCTaskThread "GC Thread#5" [stack: 0x000000938a400000,0x000000938a500000] [id=22260]
  0x0000020ef4210340 GCTaskThread "GC Thread#6" [stack: 0x000000938b100000,0x000000938b200000] [id=27288]
  0x0000020ef4210600 GCTaskThread "GC Thread#7" [stack: 0x000000938b200000,0x000000938b300000] [id=8540]
  0x0000020ef4210e40 GCTaskThread "GC Thread#8" [stack: 0x000000938b300000,0x000000938b400000] [id=1208]
  0x0000020ef4210080 GCTaskThread "GC Thread#9" [stack: 0x000000938b400000,0x000000938b500000] [id=16084]
  0x0000020ebc7c11c0 ConcurrentGCThread "G1 Main Marker" [stack: 0x0000009388d00000,0x0000009388e00000] [id=18644]
  0x0000020ebc7c27c0 ConcurrentGCThread "G1 Conc#0" [stack: 0x0000009388e00000,0x0000009388f00000] [id=16828]
  0x0000020ef420d1c0 ConcurrentGCThread "G1 Conc#1" [stack: 0x000000938b700000,0x000000938b800000] [id=30416]
  0x0000020ef420e240 ConcurrentGCThread "G1 Conc#2" [stack: 0x000000938b800000,0x000000938b900000] [id=28280]
  0x0000020ebc83e070 ConcurrentGCThread "G1 Refine#0" [stack: 0x0000009388f00000,0x0000009389000000] [id=7276]
  0x0000020ef5718350 ConcurrentGCThread "G1 Refine#1" [stack: 0x000000938d600000,0x000000938d700000] [id=24688]
  0x0000020ef56a5de0 ConcurrentGCThread "G1 Refine#2" [stack: 0x000000938d700000,0x000000938d800000] [id=8584]
  0x0000020ebc83e9b0 ConcurrentGCThread "G1 Service" [stack: 0x0000009389000000,0x0000009389100000] [id=1948]

Threads with active compile tasks:
C2 CompilerThread0    13445 8331       4       java.io.ObjectOutputStream::writeClassDesc (60 bytes)
C2 CompilerThread1    13445 8419   !   4       java.io.ObjectOutputStream::writeOrdinaryObject (196 bytes)
C2 CompilerThread2    13445 8433       4       java.io.ObjectOutputStream::writeNonProxyDesc (109 bytes)

VM state: not at safepoint (normal execution)

VM Mutex/Monitor currently owned by a thread: None

Heap address: 0x00000000e0000000, size: 512 MB, Compressed Oops mode: 32-bit

CDS archive(s) mapped at: [0x0000020ed8000000-0x0000020ed8bb0000-0x0000020ed8bb0000), size 12255232, SharedBaseAddress: 0x0000020ed8000000, ArchiveRelocationMode: 1.
Compressed class space mapped at: 0x0000020ed9000000-0x0000020eed000000, reserved size: 335544320
Narrow klass base: 0x0000020ed8000000, Narrow klass shift: 0, Narrow klass range: 0x100000000

GC Precious Log:
 CPUs: 12 total, 12 available
 Memory: 7835M
 Large Page Support: Disabled
 NUMA Support: Disabled
 Compressed Oops: Enabled (32-bit)
 Heap Region Size: 1M
 Heap Min Capacity: 256M
 Heap Initial Capacity: 256M
 Heap Max Capacity: 512M
 Pre-touch: Disabled
 Parallel Workers: 10
 Concurrent Workers: 3
 Concurrent Refinement Workers: 10
 Periodic GC: Disabled

Heap:
 garbage-first heap   total 262144K, used 144209K [0x00000000e0000000, 0x0000000100000000)
  region size 1024K, 100 young (102400K), 13 survivors (13312K)
 Metaspace       used 54676K, committed 55296K, reserved 393216K
  class space    used 7520K, committed 7808K, reserved 327680K

Heap Regions: E=young(eden), S=young(survivor), O=old, HS=humongous(starts), HC=humongous(continues), CS=collection set, F=free, OA=open archive, CA=closed archive, TAMS=top-at-mark-start (previous, next)
|   0|0x00000000e0000000, 0x00000000e0100000, 0x00000000e0100000|100%|HS|  |TAMS 0x00000000e0100000, 0x00000000e0000000| Complete 
|   1|0x00000000e0100000, 0x00000000e0200000, 0x00000000e0200000|100%|HC|  |TAMS 0x00000000e0200000, 0x00000000e0100000| Complete 
|   2|0x00000000e0200000, 0x00000000e0300000, 0x00000000e0300000|100%|HC|  |TAMS 0x00000000e0300000, 0x00000000e0200000| Complete 
|   3|0x00000000e0300000, 0x00000000e0400000, 0x00000000e0400000|100%|HC|  |TAMS 0x00000000e0400000, 0x00000000e0300000| Complete 
|   4|0x00000000e0400000, 0x00000000e0500000, 0x00000000e0500000|100%| O|  |TAMS 0x00000000e0500000, 0x00000000e0400000| Untracked 
|   5|0x00000000e0500000, 0x00000000e0600000, 0x00000000e0600000|100%| O|  |TAMS 0x00000000e0600000, 0x00000000e0500000| Untracked 
|   6|0x00000000e0600000, 0x00000000e0700000, 0x00000000e0700000|100%| O|  |TAMS 0x00000000e0700000, 0x00000000e0600000| Untracked 
|   7|0x00000000e0700000, 0x00000000e0800000, 0x00000000e0800000|100%| O|  |TAMS 0x00000000e0800000, 0x00000000e0700000| Untracked 
|   8|0x00000000e0800000, 0x00000000e0900000, 0x00000000e0900000|100%| O|  |TAMS 0x00000000e0900000, 0x00000000e0800000| Untracked 
|   9|0x00000000e0900000, 0x00000000e0a00000, 0x00000000e0a00000|100%| O|  |TAMS 0x00000000e0a00000, 0x00000000e0900000| Untracked 
|  10|0x00000000e0a00000, 0x00000000e0b00000, 0x00000000e0b00000|100%| O|  |TAMS 0x00000000e0b00000, 0x00000000e0a00000| Untracked 
|  11|0x00000000e0b00000, 0x00000000e0c00000, 0x00000000e0c00000|100%|HS|  |TAMS 0x00000000e0c00000, 0x00000000e0b00000| Complete 
|  12|0x00000000e0c00000, 0x00000000e0d00000, 0x00000000e0d00000|100%| O|  |TAMS 0x00000000e0c94a00, 0x00000000e0c00000| Untracked 
|  13|0x00000000e0d00000, 0x00000000e0e00000, 0x00000000e0e00000|100%| O|  |TAMS 0x00000000e0d00000, 0x00000000e0d00000| Untracked 
|  14|0x00000000e0e00000, 0x00000000e0f00000, 0x00000000e0f00000|100%| O|  |TAMS 0x00000000e0e00000, 0x00000000e0e00000| Untracked 
|  15|0x00000000e0f00000, 0x00000000e1000000, 0x00000000e1000000|100%| O|  |TAMS 0x00000000e0f00000, 0x00000000e0f00000| Untracked 
|  16|0x00000000e1000000, 0x00000000e1100000, 0x00000000e1100000|100%| O|  |TAMS 0x00000000e1000000, 0x00000000e1000000| Untracked 
|  17|0x00000000e1100000, 0x00000000e1200000, 0x00000000e1200000|100%| O|  |TAMS 0x00000000e1100000, 0x00000000e1100000| Untracked 
|  18|0x00000000e1200000, 0x00000000e1300000, 0x00000000e1300000|100%| O|  |TAMS 0x00000000e1200000, 0x00000000e1200000| Untracked 
|  19|0x00000000e1300000, 0x00000000e1400000, 0x00000000e1400000|100%| O|  |TAMS 0x00000000e1300000, 0x00000000e1300000| Untracked 
|  20|0x00000000e1400000, 0x00000000e1500000, 0x00000000e1500000|100%| O|  |TAMS 0x00000000e1400000, 0x00000000e1400000| Untracked 
|  21|0x00000000e1500000, 0x00000000e1600000, 0x00000000e1600000|100%| O|  |TAMS 0x00000000e1500000, 0x00000000e1500000| Untracked 
|  22|0x00000000e1600000, 0x00000000e1700000, 0x00000000e1700000|100%|HS|  |TAMS 0x00000000e1600000, 0x00000000e1600000| Complete 
|  23|0x00000000e1700000, 0x00000000e1800000, 0x00000000e1800000|100%|HC|  |TAMS 0x00000000e1700000, 0x00000000e1700000| Complete 
|  24|0x00000000e1800000, 0x00000000e1900000, 0x00000000e1900000|100%| O|  |TAMS 0x00000000e1800000, 0x00000000e1800000| Untracked 
|  25|0x00000000e1900000, 0x00000000e1a00000, 0x00000000e1a00000|100%| O|  |TAMS 0x00000000e1900000, 0x00000000e1900000| Untracked 
|  26|0x00000000e1a00000, 0x00000000e1b00000, 0x00000000e1b00000|100%| O|  |TAMS 0x00000000e1a00000, 0x00000000e1a00000| Untracked 
|  27|0x00000000e1b00000, 0x00000000e1c00000, 0x00000000e1c00000|100%| O|  |TAMS 0x00000000e1b00000, 0x00000000e1b00000| Untracked 
|  28|0x00000000e1c00000, 0x00000000e1d00000, 0x00000000e1d00000|100%| O|  |TAMS 0x00000000e1c00000, 0x00000000e1c00000| Untracked 
|  29|0x00000000e1d00000, 0x00000000e1e00000, 0x00000000e1e00000|100%| O|  |TAMS 0x00000000e1d00000, 0x00000000e1d00000| Untracked 
|  30|0x00000000e1e00000, 0x00000000e1f00000, 0x00000000e1f00000|100%| O|  |TAMS 0x00000000e1e00000, 0x00000000e1e00000| Untracked 
|  31|0x00000000e1f00000, 0x00000000e2000000, 0x00000000e2000000|100%| O|  |TAMS 0x00000000e1f00000, 0x00000000e1f00000| Untracked 
|  32|0x00000000e2000000, 0x00000000e2100000, 0x00000000e2100000|100%| O|  |TAMS 0x00000000e2000000, 0x00000000e2000000| Untracked 
|  33|0x00000000e2100000, 0x00000000e2200000, 0x00000000e2200000|100%| O|  |TAMS 0x00000000e2100000, 0x00000000e2100000| Untracked 
|  34|0x00000000e2200000, 0x00000000e2300000, 0x00000000e2300000|100%| O|  |TAMS 0x00000000e2200000, 0x00000000e2200000| Untracked 
|  35|0x00000000e2300000, 0x00000000e2400000, 0x00000000e2400000|100%| O|  |TAMS 0x00000000e2300000, 0x00000000e2300000| Untracked 
|  36|0x00000000e2400000, 0x00000000e2500000, 0x00000000e2500000|100%| O|  |TAMS 0x00000000e2400000, 0x00000000e2400000| Untracked 
|  37|0x00000000e2500000, 0x00000000e2600000, 0x00000000e2600000|100%| O|  |TAMS 0x00000000e2500000, 0x00000000e2500000| Untracked 
|  38|0x00000000e2600000, 0x00000000e2700000, 0x00000000e2700000|100%| O|  |TAMS 0x00000000e2600000, 0x00000000e2600000| Untracked 
|  39|0x00000000e2700000, 0x00000000e2800000, 0x00000000e2800000|100%| O|  |TAMS 0x00000000e2700000, 0x00000000e2700000| Untracked 
|  40|0x00000000e2800000, 0x00000000e2900000, 0x00000000e2900000|100%| O|  |TAMS 0x00000000e2800000, 0x00000000e2800000| Untracked 
|  41|0x00000000e2900000, 0x00000000e2a00000, 0x00000000e2a00000|100%| O|  |TAMS 0x00000000e2900000, 0x00000000e2900000| Untracked 
|  42|0x00000000e2a00000, 0x00000000e2ad4400, 0x00000000e2b00000| 82%| O|  |TAMS 0x00000000e2a00000, 0x00000000e2a00000| Untracked 
|  43|0x00000000e2b00000, 0x00000000e2b00000, 0x00000000e2c00000|  0%| F|  |TAMS 0x00000000e2b00000, 0x00000000e2b00000| Untracked 
|  44|0x00000000e2c00000, 0x00000000e2c00000, 0x00000000e2d00000|  0%| F|  |TAMS 0x00000000e2c00000, 0x00000000e2c00000| Untracked 
|  45|0x00000000e2d00000, 0x00000000e2d00000, 0x00000000e2e00000|  0%| F|  |TAMS 0x00000000e2d00000, 0x00000000e2d00000| Untracked 
|  46|0x00000000e2e00000, 0x00000000e2e00000, 0x00000000e2f00000|  0%| F|  |TAMS 0x00000000e2e00000, 0x00000000e2e00000| Untracked 
|  47|0x00000000e2f00000, 0x00000000e2f00000, 0x00000000e3000000|  0%| F|  |TAMS 0x00000000e2f00000, 0x00000000e2f00000| Untracked 
|  48|0x00000000e3000000, 0x00000000e3000000, 0x00000000e3100000|  0%| F|  |TAMS 0x00000000e3000000, 0x00000000e3000000| Untracked 
|  49|0x00000000e3100000, 0x00000000e3100000, 0x00000000e3200000|  0%| F|  |TAMS 0x00000000e3100000, 0x00000000e3100000| Untracked 
|  50|0x00000000e3200000, 0x00000000e3200000, 0x00000000e3300000|  0%| F|  |TAMS 0x00000000e3200000, 0x00000000e3200000| Untracked 
|  51|0x00000000e3300000, 0x00000000e3300000, 0x00000000e3400000|  0%| F|  |TAMS 0x00000000e3300000, 0x00000000e3300000| Untracked 
|  52|0x00000000e3400000, 0x00000000e3400000, 0x00000000e3500000|  0%| F|  |TAMS 0x00000000e3400000, 0x00000000e3400000| Untracked 
|  53|0x00000000e3500000, 0x00000000e3500000, 0x00000000e3600000|  0%| F|  |TAMS 0x00000000e3500000, 0x00000000e3500000| Untracked 
|  54|0x00000000e3600000, 0x00000000e3600000, 0x00000000e3700000|  0%| F|  |TAMS 0x00000000e3600000, 0x00000000e3600000| Untracked 
|  55|0x00000000e3700000, 0x00000000e3700000, 0x00000000e3800000|  0%| F|  |TAMS 0x00000000e3700000, 0x00000000e3700000| Untracked 
|  56|0x00000000e3800000, 0x00000000e3800000, 0x00000000e3900000|  0%| F|  |TAMS 0x00000000e3800000, 0x00000000e3800000| Untracked 
|  57|0x00000000e3900000, 0x00000000e3900000, 0x00000000e3a00000|  0%| F|  |TAMS 0x00000000e3900000, 0x00000000e3900000| Untracked 
|  58|0x00000000e3a00000, 0x00000000e3a00000, 0x00000000e3b00000|  0%| F|  |TAMS 0x00000000e3a00000, 0x00000000e3a00000| Untracked 
|  59|0x00000000e3b00000, 0x00000000e3b00000, 0x00000000e3c00000|  0%| F|  |TAMS 0x00000000e3b00000, 0x00000000e3b00000| Untracked 
|  60|0x00000000e3c00000, 0x00000000e3c00000, 0x00000000e3d00000|  0%| F|  |TAMS 0x00000000e3c00000, 0x00000000e3c00000| Untracked 
|  61|0x00000000e3d00000, 0x00000000e3d00000, 0x00000000e3e00000|  0%| F|  |TAMS 0x00000000e3d00000, 0x00000000e3d00000| Untracked 
|  62|0x00000000e3e00000, 0x00000000e3e00000, 0x00000000e3f00000|  0%| F|  |TAMS 0x00000000e3e00000, 0x00000000e3e00000| Untracked 
|  63|0x00000000e3f00000, 0x00000000e3f00000, 0x00000000e4000000|  0%| F|  |TAMS 0x00000000e3f00000, 0x00000000e3f00000| Untracked 
|  64|0x00000000e4000000, 0x00000000e4000000, 0x00000000e4100000|  0%| F|  |TAMS 0x00000000e4000000, 0x00000000e4000000| Untracked 
|  65|0x00000000e4100000, 0x00000000e4100000, 0x00000000e4200000|  0%| F|  |TAMS 0x00000000e4100000, 0x00000000e4100000| Untracked 
|  66|0x00000000e4200000, 0x00000000e4200000, 0x00000000e4300000|  0%| F|  |TAMS 0x00000000e4200000, 0x00000000e4200000| Untracked 
|  67|0x00000000e4300000, 0x00000000e4300000, 0x00000000e4400000|  0%| F|  |TAMS 0x00000000e4300000, 0x00000000e4300000| Untracked 
|  68|0x00000000e4400000, 0x00000000e4400000, 0x00000000e4500000|  0%| F|  |TAMS 0x00000000e4400000, 0x00000000e4400000| Untracked 
|  69|0x00000000e4500000, 0x00000000e4500000, 0x00000000e4600000|  0%| F|  |TAMS 0x00000000e4500000, 0x00000000e4500000| Untracked 
|  70|0x00000000e4600000, 0x00000000e4600000, 0x00000000e4700000|  0%| F|  |TAMS 0x00000000e4600000, 0x00000000e4600000| Untracked 
|  71|0x00000000e4700000, 0x00000000e4700000, 0x00000000e4800000|  0%| F|  |TAMS 0x00000000e4700000, 0x00000000e4700000| Untracked 
|  72|0x00000000e4800000, 0x00000000e4800000, 0x00000000e4900000|  0%| F|  |TAMS 0x00000000e4800000, 0x00000000e4800000| Untracked 
|  73|0x00000000e4900000, 0x00000000e4900000, 0x00000000e4a00000|  0%| F|  |TAMS 0x00000000e4900000, 0x00000000e4900000| Untracked 
|  74|0x00000000e4a00000, 0x00000000e4a00000, 0x00000000e4b00000|  0%| F|  |TAMS 0x00000000e4a00000, 0x00000000e4a00000| Untracked 
|  75|0x00000000e4b00000, 0x00000000e4b00000, 0x00000000e4c00000|  0%| F|  |TAMS 0x00000000e4b00000, 0x00000000e4b00000| Untracked 
|  76|0x00000000e4c00000, 0x00000000e4c00000, 0x00000000e4d00000|  0%| F|  |TAMS 0x00000000e4c00000, 0x00000000e4c00000| Untracked 
|  77|0x00000000e4d00000, 0x00000000e4d00000, 0x00000000e4e00000|  0%| F|  |TAMS 0x00000000e4d00000, 0x00000000e4d00000| Untracked 
|  78|0x00000000e4e00000, 0x00000000e4e00000, 0x00000000e4f00000|  0%| F|  |TAMS 0x00000000e4e00000, 0x00000000e4e00000| Untracked 
|  79|0x00000000e4f00000, 0x00000000e4f00000, 0x00000000e5000000|  0%| F|  |TAMS 0x00000000e4f00000, 0x00000000e4f00000| Untracked 
|  80|0x00000000e5000000, 0x00000000e5000000, 0x00000000e5100000|  0%| F|  |TAMS 0x00000000e5000000, 0x00000000e5000000| Untracked 
|  81|0x00000000e5100000, 0x00000000e5100000, 0x00000000e5200000|  0%| F|  |TAMS 0x00000000e5100000, 0x00000000e5100000| Untracked 
|  82|0x00000000e5200000, 0x00000000e5200000, 0x00000000e5300000|  0%| F|  |TAMS 0x00000000e5200000, 0x00000000e5200000| Untracked 
|  83|0x00000000e5300000, 0x00000000e5300000, 0x00000000e5400000|  0%| F|  |TAMS 0x00000000e5300000, 0x00000000e5300000| Untracked 
|  84|0x00000000e5400000, 0x00000000e5400000, 0x00000000e5500000|  0%| F|  |TAMS 0x00000000e5400000, 0x00000000e5400000| Untracked 
|  85|0x00000000e5500000, 0x00000000e5500000, 0x00000000e5600000|  0%| F|  |TAMS 0x00000000e5500000, 0x00000000e5500000| Untracked 
|  86|0x00000000e5600000, 0x00000000e5600000, 0x00000000e5700000|  0%| F|  |TAMS 0x00000000e5600000, 0x00000000e5600000| Untracked 
|  87|0x00000000e5700000, 0x00000000e5700000, 0x00000000e5800000|  0%| F|  |TAMS 0x00000000e5700000, 0x00000000e5700000| Untracked 
|  88|0x00000000e5800000, 0x00000000e5800000, 0x00000000e5900000|  0%| F|  |TAMS 0x00000000e5800000, 0x00000000e5800000| Untracked 
|  89|0x00000000e5900000, 0x00000000e5900000, 0x00000000e5a00000|  0%| F|  |TAMS 0x00000000e5900000, 0x00000000e5900000| Untracked 
|  90|0x00000000e5a00000, 0x00000000e5a00000, 0x00000000e5b00000|  0%| F|  |TAMS 0x00000000e5a00000, 0x00000000e5a00000| Untracked 
|  91|0x00000000e5b00000, 0x00000000e5b00000, 0x00000000e5c00000|  0%| F|  |TAMS 0x00000000e5b00000, 0x00000000e5b00000| Untracked 
|  92|0x00000000e5c00000, 0x00000000e5c00000, 0x00000000e5d00000|  0%| F|  |TAMS 0x00000000e5c00000, 0x00000000e5c00000| Untracked 
|  93|0x00000000e5d00000, 0x00000000e5d00000, 0x00000000e5e00000|  0%| F|  |TAMS 0x00000000e5d00000, 0x00000000e5d00000| Untracked 
|  94|0x00000000e5e00000, 0x00000000e5e00000, 0x00000000e5f00000|  0%| F|  |TAMS 0x00000000e5e00000, 0x00000000e5e00000| Untracked 
|  95|0x00000000e5f00000, 0x00000000e5f00000, 0x00000000e6000000|  0%| F|  |TAMS 0x00000000e5f00000, 0x00000000e5f00000| Untracked 
|  96|0x00000000e6000000, 0x00000000e6000000, 0x00000000e6100000|  0%| F|  |TAMS 0x00000000e6000000, 0x00000000e6000000| Untracked 
|  97|0x00000000e6100000, 0x00000000e6100000, 0x00000000e6200000|  0%| F|  |TAMS 0x00000000e6100000, 0x00000000e6100000| Untracked 
|  98|0x00000000e6200000, 0x00000000e6200000, 0x00000000e6300000|  0%| F|  |TAMS 0x00000000e6200000, 0x00000000e6200000| Untracked 
|  99|0x00000000e6300000, 0x00000000e6300000, 0x00000000e6400000|  0%| F|  |TAMS 0x00000000e6300000, 0x00000000e6300000| Untracked 
| 100|0x00000000e6400000, 0x00000000e6400000, 0x00000000e6500000|  0%| F|  |TAMS 0x00000000e6400000, 0x00000000e6400000| Untracked 
| 101|0x00000000e6500000, 0x00000000e6500000, 0x00000000e6600000|  0%| F|  |TAMS 0x00000000e6500000, 0x00000000e6500000| Untracked 
| 102|0x00000000e6600000, 0x00000000e6600000, 0x00000000e6700000|  0%| F|  |TAMS 0x00000000e6600000, 0x00000000e6600000| Untracked 
| 103|0x00000000e6700000, 0x00000000e6700000, 0x00000000e6800000|  0%| F|  |TAMS 0x00000000e6700000, 0x00000000e6700000| Untracked 
| 104|0x00000000e6800000, 0x00000000e6800000, 0x00000000e6900000|  0%| F|  |TAMS 0x00000000e6800000, 0x00000000e6800000| Untracked 
| 105|0x00000000e6900000, 0x00000000e6900000, 0x00000000e6a00000|  0%| F|  |TAMS 0x00000000e6900000, 0x00000000e6900000| Untracked 
| 106|0x00000000e6a00000, 0x00000000e6a00000, 0x00000000e6b00000|  0%| F|  |TAMS 0x00000000e6a00000, 0x00000000e6a00000| Untracked 
| 107|0x00000000e6b00000, 0x00000000e6b00000, 0x00000000e6c00000|  0%| F|  |TAMS 0x00000000e6b00000, 0x00000000e6b00000| Untracked 
| 108|0x00000000e6c00000, 0x00000000e6c00000, 0x00000000e6d00000|  0%| F|  |TAMS 0x00000000e6c00000, 0x00000000e6c00000| Untracked 
| 109|0x00000000e6d00000, 0x00000000e6d00000, 0x00000000e6e00000|  0%| F|  |TAMS 0x00000000e6d00000, 0x00000000e6d00000| Untracked 
| 110|0x00000000e6e00000, 0x00000000e6f00000, 0x00000000e6f00000|100%| S|CS|TAMS 0x00000000e6e00000, 0x00000000e6e00000| Complete 
| 111|0x00000000e6f00000, 0x00000000e7000000, 0x00000000e7000000|100%| S|CS|TAMS 0x00000000e6f00000, 0x00000000e6f00000| Complete 
| 112|0x00000000e7000000, 0x00000000e7100000, 0x00000000e7100000|100%| S|CS|TAMS 0x00000000e7000000, 0x00000000e7000000| Complete 
| 113|0x00000000e7100000, 0x00000000e7200000, 0x00000000e7200000|100%| S|CS|TAMS 0x00000000e7100000, 0x00000000e7100000| Complete 
| 114|0x00000000e7200000, 0x00000000e7300000, 0x00000000e7300000|100%| S|CS|TAMS 0x00000000e7200000, 0x00000000e7200000| Complete 
| 115|0x00000000e7300000, 0x00000000e7400000, 0x00000000e7400000|100%| S|CS|TAMS 0x00000000e7300000, 0x00000000e7300000| Complete 
| 116|0x00000000e7400000, 0x00000000e7500000, 0x00000000e7500000|100%| S|CS|TAMS 0x00000000e7400000, 0x00000000e7400000| Complete 
| 117|0x00000000e7500000, 0x00000000e7600000, 0x00000000e7600000|100%| S|CS|TAMS 0x00000000e7500000, 0x00000000e7500000| Complete 
| 118|0x00000000e7600000, 0x00000000e7700000, 0x00000000e7700000|100%| S|CS|TAMS 0x00000000e7600000, 0x00000000e7600000| Complete 
| 119|0x00000000e7700000, 0x00000000e7800000, 0x00000000e7800000|100%| S|CS|TAMS 0x00000000e7700000, 0x00000000e7700000| Complete 
| 120|0x00000000e7800000, 0x00000000e7900000, 0x00000000e7900000|100%| S|CS|TAMS 0x00000000e7800000, 0x00000000e7800000| Complete 
| 121|0x00000000e7900000, 0x00000000e7a00000, 0x00000000e7a00000|100%| S|CS|TAMS 0x00000000e7900000, 0x00000000e7900000| Complete 
| 122|0x00000000e7a00000, 0x00000000e7b00000, 0x00000000e7b00000|100%| S|CS|TAMS 0x00000000e7a00000, 0x00000000e7a00000| Complete 
| 123|0x00000000e7b00000, 0x00000000e7b00000, 0x00000000e7c00000|  0%| F|  |TAMS 0x00000000e7b00000, 0x00000000e7b00000| Untracked 
| 124|0x00000000e7c00000, 0x00000000e7c00000, 0x00000000e7d00000|  0%| F|  |TAMS 0x00000000e7c00000, 0x00000000e7c00000| Untracked 
| 125|0x00000000e7d00000, 0x00000000e7d00000, 0x00000000e7e00000|  0%| F|  |TAMS 0x00000000e7d00000, 0x00000000e7d00000| Untracked 
| 126|0x00000000e7e00000, 0x00000000e7e00000, 0x00000000e7f00000|  0%| F|  |TAMS 0x00000000e7e00000, 0x00000000e7e00000| Untracked 
| 127|0x00000000e7f00000, 0x00000000e7f00000, 0x00000000e8000000|  0%| F|  |TAMS 0x00000000e7f00000, 0x00000000e7f00000| Untracked 
| 128|0x00000000e8000000, 0x00000000e8000000, 0x00000000e8100000|  0%| F|  |TAMS 0x00000000e8000000, 0x00000000e8000000| Untracked 
| 129|0x00000000e8100000, 0x00000000e8100000, 0x00000000e8200000|  0%| F|  |TAMS 0x00000000e8100000, 0x00000000e8100000| Untracked 
| 130|0x00000000e8200000, 0x00000000e8200000, 0x00000000e8300000|  0%| F|  |TAMS 0x00000000e8200000, 0x00000000e8200000| Untracked 
| 131|0x00000000e8300000, 0x00000000e8300000, 0x00000000e8400000|  0%| F|  |TAMS 0x00000000e8300000, 0x00000000e8300000| Untracked 
| 132|0x00000000e8400000, 0x00000000e8400000, 0x00000000e8500000|  0%| F|  |TAMS 0x00000000e8400000, 0x00000000e8400000| Untracked 
| 133|0x00000000e8500000, 0x00000000e8500000, 0x00000000e8600000|  0%| F|  |TAMS 0x00000000e8500000, 0x00000000e8500000| Untracked 
| 134|0x00000000e8600000, 0x00000000e8600000, 0x00000000e8700000|  0%| F|  |TAMS 0x00000000e8600000, 0x00000000e8600000| Untracked 
| 135|0x00000000e8700000, 0x00000000e8700000, 0x00000000e8800000|  0%| F|  |TAMS 0x00000000e8700000, 0x00000000e8700000| Untracked 
| 136|0x00000000e8800000, 0x00000000e8800000, 0x00000000e8900000|  0%| F|  |TAMS 0x00000000e8800000, 0x00000000e8800000| Untracked 
| 137|0x00000000e8900000, 0x00000000e8900000, 0x00000000e8a00000|  0%| F|  |TAMS 0x00000000e8900000, 0x00000000e8900000| Untracked 
| 138|0x00000000e8a00000, 0x00000000e8a00000, 0x00000000e8b00000|  0%| F|  |TAMS 0x00000000e8a00000, 0x00000000e8a00000| Untracked 
| 139|0x00000000e8b00000, 0x00000000e8b00000, 0x00000000e8c00000|  0%| F|  |TAMS 0x00000000e8b00000, 0x00000000e8b00000| Untracked 
| 140|0x00000000e8c00000, 0x00000000e8c00000, 0x00000000e8d00000|  0%| F|  |TAMS 0x00000000e8c00000, 0x00000000e8c00000| Untracked 
| 141|0x00000000e8d00000, 0x00000000e8d00000, 0x00000000e8e00000|  0%| F|  |TAMS 0x00000000e8d00000, 0x00000000e8d00000| Untracked 
| 142|0x00000000e8e00000, 0x00000000e8e00000, 0x00000000e8f00000|  0%| F|  |TAMS 0x00000000e8e00000, 0x00000000e8e00000| Untracked 
| 143|0x00000000e8f00000, 0x00000000e8f00000, 0x00000000e9000000|  0%| F|  |TAMS 0x00000000e8f00000, 0x00000000e8f00000| Untracked 
| 144|0x00000000e9000000, 0x00000000e9000000, 0x00000000e9100000|  0%| F|  |TAMS 0x00000000e9000000, 0x00000000e9000000| Untracked 
| 145|0x00000000e9100000, 0x00000000e9100000, 0x00000000e9200000|  0%| F|  |TAMS 0x00000000e9100000, 0x00000000e9100000| Untracked 
| 146|0x00000000e9200000, 0x00000000e9200000, 0x00000000e9300000|  0%| F|  |TAMS 0x00000000e9200000, 0x00000000e9200000| Untracked 
| 147|0x00000000e9300000, 0x00000000e9300000, 0x00000000e9400000|  0%| F|  |TAMS 0x00000000e9300000, 0x00000000e9300000| Untracked 
| 148|0x00000000e9400000, 0x00000000e9400000, 0x00000000e9500000|  0%| F|  |TAMS 0x00000000e9400000, 0x00000000e9400000| Untracked 
| 149|0x00000000e9500000, 0x00000000e9500000, 0x00000000e9600000|  0%| F|  |TAMS 0x00000000e9500000, 0x00000000e9500000| Untracked 
| 150|0x00000000e9600000, 0x00000000e9600000, 0x00000000e9700000|  0%| F|  |TAMS 0x00000000e9600000, 0x00000000e9600000| Untracked 
| 151|0x00000000e9700000, 0x00000000e9700000, 0x00000000e9800000|  0%| F|  |TAMS 0x00000000e9700000, 0x00000000e9700000| Untracked 
| 152|0x00000000e9800000, 0x00000000e9800000, 0x00000000e9900000|  0%| F|  |TAMS 0x00000000e9800000, 0x00000000e9800000| Untracked 
| 153|0x00000000e9900000, 0x00000000e9900000, 0x00000000e9a00000|  0%| F|  |TAMS 0x00000000e9900000, 0x00000000e9900000| Untracked 
| 154|0x00000000e9a00000, 0x00000000e9a00000, 0x00000000e9b00000|  0%| F|  |TAMS 0x00000000e9a00000, 0x00000000e9a00000| Untracked 
| 155|0x00000000e9b00000, 0x00000000e9b00000, 0x00000000e9c00000|  0%| F|  |TAMS 0x00000000e9b00000, 0x00000000e9b00000| Untracked 
| 156|0x00000000e9c00000, 0x00000000e9c00000, 0x00000000e9d00000|  0%| F|  |TAMS 0x00000000e9c00000, 0x00000000e9c00000| Untracked 
| 157|0x00000000e9d00000, 0x00000000e9d00000, 0x00000000e9e00000|  0%| F|  |TAMS 0x00000000e9d00000, 0x00000000e9d00000| Untracked 
| 158|0x00000000e9e00000, 0x00000000e9e00000, 0x00000000e9f00000|  0%| F|  |TAMS 0x00000000e9e00000, 0x00000000e9e00000| Untracked 
| 159|0x00000000e9f00000, 0x00000000e9f00000, 0x00000000ea000000|  0%| F|  |TAMS 0x00000000e9f00000, 0x00000000e9f00000| Untracked 
| 160|0x00000000ea000000, 0x00000000ea000000, 0x00000000ea100000|  0%| F|  |TAMS 0x00000000ea000000, 0x00000000ea000000| Untracked 
| 161|0x00000000ea100000, 0x00000000ea100000, 0x00000000ea200000|  0%| F|  |TAMS 0x00000000ea100000, 0x00000000ea100000| Untracked 
| 162|0x00000000ea200000, 0x00000000ea200000, 0x00000000ea300000|  0%| F|  |TAMS 0x00000000ea200000, 0x00000000ea200000| Untracked 
| 163|0x00000000ea300000, 0x00000000ea300000, 0x00000000ea400000|  0%| F|  |TAMS 0x00000000ea300000, 0x00000000ea300000| Untracked 
| 164|0x00000000ea400000, 0x00000000ea400000, 0x00000000ea500000|  0%| F|  |TAMS 0x00000000ea400000, 0x00000000ea400000| Untracked 
| 165|0x00000000ea500000, 0x00000000ea500000, 0x00000000ea600000|  0%| F|  |TAMS 0x00000000ea500000, 0x00000000ea500000| Untracked 
| 166|0x00000000ea600000, 0x00000000ea600000, 0x00000000ea700000|  0%| F|  |TAMS 0x00000000ea600000, 0x00000000ea600000| Untracked 
| 167|0x00000000ea700000, 0x00000000ea700000, 0x00000000ea800000|  0%| F|  |TAMS 0x00000000ea700000, 0x00000000ea700000| Untracked 
| 168|0x00000000ea800000, 0x00000000ea800000, 0x00000000ea900000|  0%| F|  |TAMS 0x00000000ea800000, 0x00000000ea800000| Untracked 
| 169|0x00000000ea900000, 0x00000000eaa00000, 0x00000000eaa00000|100%| E|  |TAMS 0x00000000ea900000, 0x00000000ea900000| Complete 
| 170|0x00000000eaa00000, 0x00000000eab00000, 0x00000000eab00000|100%| E|CS|TAMS 0x00000000eaa00000, 0x00000000eaa00000| Complete 
| 171|0x00000000eab00000, 0x00000000eac00000, 0x00000000eac00000|100%| E|CS|TAMS 0x00000000eab00000, 0x00000000eab00000| Complete 
| 172|0x00000000eac00000, 0x00000000ead00000, 0x00000000ead00000|100%| E|CS|TAMS 0x00000000eac00000, 0x00000000eac00000| Complete 
| 173|0x00000000ead00000, 0x00000000eae00000, 0x00000000eae00000|100%| E|CS|TAMS 0x00000000ead00000, 0x00000000ead00000| Complete 
| 174|0x00000000eae00000, 0x00000000eaf00000, 0x00000000eaf00000|100%| E|CS|TAMS 0x00000000eae00000, 0x00000000eae00000| Complete 
| 175|0x00000000eaf00000, 0x00000000eb000000, 0x00000000eb000000|100%| E|CS|TAMS 0x00000000eaf00000, 0x00000000eaf00000| Complete 
| 176|0x00000000eb000000, 0x00000000eb100000, 0x00000000eb100000|100%| E|CS|TAMS 0x00000000eb000000, 0x00000000eb000000| Complete 
| 177|0x00000000eb100000, 0x00000000eb200000, 0x00000000eb200000|100%| E|CS|TAMS 0x00000000eb100000, 0x00000000eb100000| Complete 
| 178|0x00000000eb200000, 0x00000000eb300000, 0x00000000eb300000|100%| E|CS|TAMS 0x00000000eb200000, 0x00000000eb200000| Complete 
| 179|0x00000000eb300000, 0x00000000eb400000, 0x00000000eb400000|100%| E|CS|TAMS 0x00000000eb300000, 0x00000000eb300000| Complete 
| 180|0x00000000eb400000, 0x00000000eb500000, 0x00000000eb500000|100%| E|CS|TAMS 0x00000000eb400000, 0x00000000eb400000| Complete 
| 181|0x00000000eb500000, 0x00000000eb600000, 0x00000000eb600000|100%| E|CS|TAMS 0x00000000eb500000, 0x00000000eb500000| Complete 
| 182|0x00000000eb600000, 0x00000000eb700000, 0x00000000eb700000|100%| E|CS|TAMS 0x00000000eb600000, 0x00000000eb600000| Complete 
| 183|0x00000000eb700000, 0x00000000eb800000, 0x00000000eb800000|100%| E|CS|TAMS 0x00000000eb700000, 0x00000000eb700000| Complete 
| 184|0x00000000eb800000, 0x00000000eb900000, 0x00000000eb900000|100%| E|CS|TAMS 0x00000000eb800000, 0x00000000eb800000| Complete 
| 185|0x00000000eb900000, 0x00000000eba00000, 0x00000000eba00000|100%| E|CS|TAMS 0x00000000eb900000, 0x00000000eb900000| Complete 
| 186|0x00000000eba00000, 0x00000000ebb00000, 0x00000000ebb00000|100%| E|CS|TAMS 0x00000000eba00000, 0x00000000eba00000| Complete 
| 187|0x00000000ebb00000, 0x00000000ebc00000, 0x00000000ebc00000|100%| E|CS|TAMS 0x00000000ebb00000, 0x00000000ebb00000| Complete 
| 188|0x00000000ebc00000, 0x00000000ebd00000, 0x00000000ebd00000|100%| E|CS|TAMS 0x00000000ebc00000, 0x00000000ebc00000| Complete 
| 189|0x00000000ebd00000, 0x00000000ebe00000, 0x00000000ebe00000|100%| E|  |TAMS 0x00000000ebd00000, 0x00000000ebd00000| Complete 
| 190|0x00000000ebe00000, 0x00000000ebf00000, 0x00000000ebf00000|100%| E|CS|TAMS 0x00000000ebe00000, 0x00000000ebe00000| Complete 
| 191|0x00000000ebf00000, 0x00000000ec000000, 0x00000000ec000000|100%| E|CS|TAMS 0x00000000ebf00000, 0x00000000ebf00000| Complete 
| 192|0x00000000ec000000, 0x00000000ec100000, 0x00000000ec100000|100%| E|CS|TAMS 0x00000000ec000000, 0x00000000ec000000| Complete 
| 193|0x00000000ec100000, 0x00000000ec200000, 0x00000000ec200000|100%| E|CS|TAMS 0x00000000ec100000, 0x00000000ec100000| Complete 
| 194|0x00000000ec200000, 0x00000000ec300000, 0x00000000ec300000|100%| E|CS|TAMS 0x00000000ec200000, 0x00000000ec200000| Complete 
| 195|0x00000000ec300000, 0x00000000ec400000, 0x00000000ec400000|100%| E|CS|TAMS 0x00000000ec300000, 0x00000000ec300000| Complete 
| 196|0x00000000ec400000, 0x00000000ec500000, 0x00000000ec500000|100%| E|CS|TAMS 0x00000000ec400000, 0x00000000ec400000| Complete 
| 197|0x00000000ec500000, 0x00000000ec600000, 0x00000000ec600000|100%| E|CS|TAMS 0x00000000ec500000, 0x00000000ec500000| Complete 
| 198|0x00000000ec600000, 0x00000000ec700000, 0x00000000ec700000|100%| E|CS|TAMS 0x00000000ec600000, 0x00000000ec600000| Complete 
| 199|0x00000000ec700000, 0x00000000ec800000, 0x00000000ec800000|100%| E|CS|TAMS 0x00000000ec700000, 0x00000000ec700000| Complete 
| 200|0x00000000ec800000, 0x00000000ec900000, 0x00000000ec900000|100%| E|CS|TAMS 0x00000000ec800000, 0x00000000ec800000| Complete 
| 201|0x00000000ec900000, 0x00000000eca00000, 0x00000000eca00000|100%| E|CS|TAMS 0x00000000ec900000, 0x00000000ec900000| Complete 
| 202|0x00000000eca00000, 0x00000000ecb00000, 0x00000000ecb00000|100%| E|CS|TAMS 0x00000000eca00000, 0x00000000eca00000| Complete 
| 203|0x00000000ecb00000, 0x00000000ecc00000, 0x00000000ecc00000|100%| E|CS|TAMS 0x00000000ecb00000, 0x00000000ecb00000| Complete 
| 204|0x00000000ecc00000, 0x00000000ecd00000, 0x00000000ecd00000|100%| E|CS|TAMS 0x00000000ecc00000, 0x00000000ecc00000| Complete 
| 205|0x00000000ecd00000, 0x00000000ece00000, 0x00000000ece00000|100%| E|CS|TAMS 0x00000000ecd00000, 0x00000000ecd00000| Complete 
| 206|0x00000000ece00000, 0x00000000ecf00000, 0x00000000ecf00000|100%| E|CS|TAMS 0x00000000ece00000, 0x00000000ece00000| Complete 
| 207|0x00000000ecf00000, 0x00000000ed000000, 0x00000000ed000000|100%| E|CS|TAMS 0x00000000ecf00000, 0x00000000ecf00000| Complete 
| 208|0x00000000ed000000, 0x00000000ed100000, 0x00000000ed100000|100%| E|CS|TAMS 0x00000000ed000000, 0x00000000ed000000| Complete 
| 209|0x00000000ed100000, 0x00000000ed200000, 0x00000000ed200000|100%| E|CS|TAMS 0x00000000ed100000, 0x00000000ed100000| Complete 
| 210|0x00000000ed200000, 0x00000000ed300000, 0x00000000ed300000|100%| E|CS|TAMS 0x00000000ed200000, 0x00000000ed200000| Complete 
| 211|0x00000000ed300000, 0x00000000ed400000, 0x00000000ed400000|100%| E|CS|TAMS 0x00000000ed300000, 0x00000000ed300000| Complete 
| 212|0x00000000ed400000, 0x00000000ed500000, 0x00000000ed500000|100%| E|CS|TAMS 0x00000000ed400000, 0x00000000ed400000| Complete 
| 213|0x00000000ed500000, 0x00000000ed600000, 0x00000000ed600000|100%| E|CS|TAMS 0x00000000ed500000, 0x00000000ed500000| Complete 
| 214|0x00000000ed600000, 0x00000000ed700000, 0x00000000ed700000|100%| E|CS|TAMS 0x00000000ed600000, 0x00000000ed600000| Complete 
| 215|0x00000000ed700000, 0x00000000ed800000, 0x00000000ed800000|100%| E|CS|TAMS 0x00000000ed700000, 0x00000000ed700000| Complete 
| 216|0x00000000ed800000, 0x00000000ed900000, 0x00000000ed900000|100%| E|CS|TAMS 0x00000000ed800000, 0x00000000ed800000| Complete 
| 217|0x00000000ed900000, 0x00000000eda00000, 0x00000000eda00000|100%| E|CS|TAMS 0x00000000ed900000, 0x00000000ed900000| Complete 
| 218|0x00000000eda00000, 0x00000000edb00000, 0x00000000edb00000|100%| E|CS|TAMS 0x00000000eda00000, 0x00000000eda00000| Complete 
| 219|0x00000000edb00000, 0x00000000edc00000, 0x00000000edc00000|100%| E|CS|TAMS 0x00000000edb00000, 0x00000000edb00000| Complete 
| 220|0x00000000edc00000, 0x00000000edd00000, 0x00000000edd00000|100%| E|CS|TAMS 0x00000000edc00000, 0x00000000edc00000| Complete 
| 221|0x00000000edd00000, 0x00000000ede00000, 0x00000000ede00000|100%| E|CS|TAMS 0x00000000edd00000, 0x00000000edd00000| Complete 
| 222|0x00000000ede00000, 0x00000000edf00000, 0x00000000edf00000|100%| E|CS|TAMS 0x00000000ede00000, 0x00000000ede00000| Complete 
| 223|0x00000000edf00000, 0x00000000ee000000, 0x00000000ee000000|100%| E|CS|TAMS 0x00000000edf00000, 0x00000000edf00000| Complete 
| 224|0x00000000ee000000, 0x00000000ee100000, 0x00000000ee100000|100%| E|CS|TAMS 0x00000000ee000000, 0x00000000ee000000| Complete 
| 225|0x00000000ee100000, 0x00000000ee200000, 0x00000000ee200000|100%| E|CS|TAMS 0x00000000ee100000, 0x00000000ee100000| Complete 
| 226|0x00000000ee200000, 0x00000000ee300000, 0x00000000ee300000|100%| E|CS|TAMS 0x00000000ee200000, 0x00000000ee200000| Complete 
| 227|0x00000000ee300000, 0x00000000ee400000, 0x00000000ee400000|100%| E|CS|TAMS 0x00000000ee300000, 0x00000000ee300000| Complete 
| 228|0x00000000ee400000, 0x00000000ee500000, 0x00000000ee500000|100%| E|CS|TAMS 0x00000000ee400000, 0x00000000ee400000| Complete 
| 229|0x00000000ee500000, 0x00000000ee600000, 0x00000000ee600000|100%| E|CS|TAMS 0x00000000ee500000, 0x00000000ee500000| Complete 
| 230|0x00000000ee600000, 0x00000000ee700000, 0x00000000ee700000|100%| E|CS|TAMS 0x00000000ee600000, 0x00000000ee600000| Complete 
| 231|0x00000000ee700000, 0x00000000ee800000, 0x00000000ee800000|100%| E|CS|TAMS 0x00000000ee700000, 0x00000000ee700000| Complete 
| 232|0x00000000ee800000, 0x00000000ee900000, 0x00000000ee900000|100%| E|CS|TAMS 0x00000000ee800000, 0x00000000ee800000| Complete 
| 233|0x00000000ee900000, 0x00000000eea00000, 0x00000000eea00000|100%| E|CS|TAMS 0x00000000ee900000, 0x00000000ee900000| Complete 
| 234|0x00000000eea00000, 0x00000000eeb00000, 0x00000000eeb00000|100%| E|CS|TAMS 0x00000000eea00000, 0x00000000eea00000| Complete 
| 235|0x00000000eeb00000, 0x00000000eec00000, 0x00000000eec00000|100%| E|CS|TAMS 0x00000000eeb00000, 0x00000000eeb00000| Complete 
| 236|0x00000000eec00000, 0x00000000eed00000, 0x00000000eed00000|100%| E|CS|TAMS 0x00000000eec00000, 0x00000000eec00000| Complete 
| 237|0x00000000eed00000, 0x00000000eee00000, 0x00000000eee00000|100%| E|CS|TAMS 0x00000000eed00000, 0x00000000eed00000| Complete 
| 238|0x00000000eee00000, 0x00000000eef00000, 0x00000000eef00000|100%| E|CS|TAMS 0x00000000eee00000, 0x00000000eee00000| Complete 
| 239|0x00000000eef00000, 0x00000000ef000000, 0x00000000ef000000|100%| E|CS|TAMS 0x00000000eef00000, 0x00000000eef00000| Complete 
| 240|0x00000000ef000000, 0x00000000ef100000, 0x00000000ef100000|100%| E|CS|TAMS 0x00000000ef000000, 0x00000000ef000000| Complete 
| 241|0x00000000ef100000, 0x00000000ef200000, 0x00000000ef200000|100%| E|CS|TAMS 0x00000000ef100000, 0x00000000ef100000| Complete 
| 242|0x00000000ef200000, 0x00000000ef300000, 0x00000000ef300000|100%| E|CS|TAMS 0x00000000ef200000, 0x00000000ef200000| Complete 
| 243|0x00000000ef300000, 0x00000000ef400000, 0x00000000ef400000|100%| E|CS|TAMS 0x00000000ef300000, 0x00000000ef300000| Complete 
| 244|0x00000000ef400000, 0x00000000ef500000, 0x00000000ef500000|100%| E|CS|TAMS 0x00000000ef400000, 0x00000000ef400000| Complete 
| 245|0x00000000ef500000, 0x00000000ef600000, 0x00000000ef600000|100%| E|CS|TAMS 0x00000000ef500000, 0x00000000ef500000| Complete 
| 246|0x00000000ef600000, 0x00000000ef700000, 0x00000000ef700000|100%| E|CS|TAMS 0x00000000ef600000, 0x00000000ef600000| Complete 
| 247|0x00000000ef700000, 0x00000000ef800000, 0x00000000ef800000|100%| E|CS|TAMS 0x00000000ef700000, 0x00000000ef700000| Complete 
| 248|0x00000000ef800000, 0x00000000ef900000, 0x00000000ef900000|100%| E|CS|TAMS 0x00000000ef800000, 0x00000000ef800000| Complete 
| 249|0x00000000ef900000, 0x00000000efa00000, 0x00000000efa00000|100%| E|CS|TAMS 0x00000000ef900000, 0x00000000ef900000| Complete 
| 250|0x00000000efa00000, 0x00000000efb00000, 0x00000000efb00000|100%| E|CS|TAMS 0x00000000efa00000, 0x00000000efa00000| Complete 
| 251|0x00000000efb00000, 0x00000000efc00000, 0x00000000efc00000|100%| E|CS|TAMS 0x00000000efb00000, 0x00000000efb00000| Complete 
| 252|0x00000000efc00000, 0x00000000efd00000, 0x00000000efd00000|100%| E|CS|TAMS 0x00000000efc00000, 0x00000000efc00000| Complete 
| 253|0x00000000efd00000, 0x00000000efe00000, 0x00000000efe00000|100%| E|CS|TAMS 0x00000000efd00000, 0x00000000efd00000| Complete 
| 254|0x00000000efe00000, 0x00000000eff00000, 0x00000000eff00000|100%| E|CS|TAMS 0x00000000efe00000, 0x00000000efe00000| Complete 
| 255|0x00000000eff00000, 0x00000000f0000000, 0x00000000f0000000|100%| E|CS|TAMS 0x00000000eff00000, 0x00000000eff00000| Complete 

Card table byte_map: [0x0000020ed3920000,0x0000020ed3a20000] _byte_map_base: 0x0000020ed3220000

Marking Bits (Prev, Next): (CMBitMap*) 0x0000020ebc7bc890, (CMBitMap*) 0x0000020ebc7bc8d0
 Prev Bits: [0x0000020ed3b20000, 0x0000020ed4320000)
 Next Bits: [0x0000020ed4320000, 0x0000020ed4b20000)

Polling page: 0x0000020eba750000

Metaspace:

Usage:
  Non-class:     46.06 MB used.
      Class:      7.34 MB used.
       Both:     53.40 MB used.

Virtual space:
  Non-class space:       64.00 MB reserved,      46.38 MB ( 72%) committed,  1 nodes.
      Class space:      320.00 MB reserved,       7.62 MB (  2%) committed,  1 nodes.
             Both:      384.00 MB reserved,      54.00 MB ( 14%) committed. 

Chunk freelists:
   Non-Class:  1.52 MB
       Class:  8.38 MB
        Both:  9.89 MB

MaxMetaspaceSize: 384.00 MB
CompressedClassSpaceSize: 320.00 MB
Initial GC threshold: 21.00 MB
Current GC threshold: 58.69 MB
CDS: on
MetaspaceReclaimPolicy: balanced
 - commit_granule_bytes: 65536.
 - commit_granule_words: 8192.
 - virtual_space_node_default_size: 8388608.
 - enlarge_chunks_in_place: 1.
 - new_chunks_are_fully_committed: 0.
 - uncommit_free_chunks: 1.
 - use_allocation_guard: 0.
 - handle_deallocations: 1.


Internal statistics:

num_allocs_failed_limit: 6.
num_arena_births: 838.
num_arena_deaths: 0.
num_vsnodes_births: 2.
num_vsnodes_deaths: 0.
num_space_committed: 864.
num_space_uncommitted: 0.
num_chunks_returned_to_freelist: 6.
num_chunks_taken_from_freelist: 3081.
num_chunk_merges: 3.
num_chunk_splits: 1942.
num_chunks_enlarged: 1218.
num_inconsistent_stats: 0.

CodeHeap 'non-profiled nmethods': size=120000Kb used=4619Kb max_used=4619Kb free=115380Kb
 bounds [0x0000020ecbda0000, 0x0000020ecc230000, 0x0000020ed32d0000]
CodeHeap 'profiled nmethods': size=120000Kb used=14868Kb max_used=14868Kb free=105131Kb
 bounds [0x0000020ec42d0000, 0x0000020ec5160000, 0x0000020ecb800000]
CodeHeap 'non-nmethods': size=5760Kb used=2337Kb max_used=2385Kb free=3422Kb
 bounds [0x0000020ecb800000, 0x0000020ecba70000, 0x0000020ecbda0000]
 total_blobs=8505 nmethods=7650 adapters=767
 compilation: enabled
              stopped_count=0, restarted_count=0
 full_count=0

Compilation events (20 events):
Event: 13.201 Thread 0x0000020ef1c4ee90 nmethod 8404 0x0000020ecc21b090 code [0x0000020ecc21b240, 0x0000020ecc21b838]
Event: 13.201 Thread 0x0000020ef1c4ee90 8402       4       java.io.File::<init> (111 bytes)
Event: 13.201 Thread 0x0000020ed78016d0 nmethod 8414 0x0000020ec5143a10 code [0x0000020ec5143c40, 0x0000020ec5144398]
Event: 13.201 Thread 0x0000020ed78016d0 8415       3       org.gradle.cache.internal.btree.StateCheckBlockStore::write (32 bytes)
Event: 13.202 Thread 0x0000020ed78016d0 nmethod 8415 0x0000020ec5144710 code [0x0000020ec51448c0, 0x0000020ec5144aa8]
Event: 13.202 Thread 0x0000020ef1c50e70 nmethod 8410 0x0000020ecc21bc90 code [0x0000020ecc21be20, 0x0000020ecc21bf58]
Event: 13.203 Thread 0x0000020ef1c50e70 8400       4       org.gradle.internal.logging.slf4j.BuildOperationAwareLogger::debug (18 bytes)
Event: 13.204 Thread 0x0000020ef1c50e70 nmethod 8400 0x0000020ecc21c110 code [0x0000020ecc21c2a0, 0x0000020ecc21c3c8]
Event: 13.204 Thread 0x0000020ef1c50e70 8409       4       java.util.stream.ReduceOps::makeRef (42 bytes)
Event: 13.206 Thread 0x0000020ef1c50e70 nmethod 8409 0x0000020ecc21c590 code [0x0000020ecc21c720, 0x0000020ecc21c838]
Event: 13.206 Thread 0x0000020ef1c50e70 8416       4       org.gradle.util.internal.GUtil::isTrue (56 bytes)
Event: 13.207 Thread 0x0000020ef1c50e70 nmethod 8416 0x0000020ecc21c990 code [0x0000020ecc21cb20, 0x0000020ecc21cc38]
Event: 13.208 Thread 0x0000020ef1c50e70 8417       4       org.gradle.internal.snapshot.AbstractListChildMap$$Lambda$369/0x0000020ed9370bf8::compareTo (16 bytes)
Event: 13.224 Thread 0x0000020ef1c50e70 nmethod 8417 0x0000020ecc21cd90 code [0x0000020ecc21cfa0, 0x0000020ecc21da68]
Event: 13.224 Thread 0x0000020ef1c50e70 8419   !   4       java.io.ObjectOutputStream::writeOrdinaryObject (196 bytes)
Event: 13.238 Thread 0x0000020ef1c4ee90 nmethod 8402 0x0000020ecc21e410 code [0x0000020ecc21e6a0, 0x0000020ecc21fd90]
Event: 13.238 Thread 0x0000020ef1c4ee90 8421       4       sun.nio.fs.NativeBuffers::releaseNativeBuffer (97 bytes)
Event: 13.247 Thread 0x0000020ed78016d0 8425       3       com.google.common.collect.ImmutableList::copyIntoArray (36 bytes)
Event: 13.247 Thread 0x0000020ed78016d0 nmethod 8425 0x0000020ec5144b90 code [0x0000020ec5144d60, 0x0000020ec5145298]
Event: 13.259 Thread 0x0000020ed78016d0 8427       3       com.google.common.cache.LocalCache$Segment::expand (282 bytes)

GC Heap History (14 events):
Event: 0.466 GC heap before
{Heap before GC invocations=0 (full 0):
 garbage-first heap   total 262144K, used 26624K [0x00000000e0000000, 0x0000000100000000)
  region size 1024K, 23 young (23552K), 0 survivors (0K)
 Metaspace       used 1095K, committed 1216K, reserved 393216K
  class space    used 72K, committed 128K, reserved 327680K
}
Event: 0.470 GC heap after
{Heap after GC invocations=1 (full 0):
 garbage-first heap   total 262144K, used 10400K [0x00000000e0000000, 0x0000000100000000)
  region size 1024K, 3 young (3072K), 3 survivors (3072K)
 Metaspace       used 1095K, committed 1216K, reserved 393216K
  class space    used 72K, committed 128K, reserved 327680K
}
Event: 1.041 GC heap before
{Heap before GC invocations=1 (full 0):
 garbage-first heap   total 262144K, used 40096K [0x00000000e0000000, 0x0000000100000000)
  region size 1024K, 32 young (32768K), 3 survivors (3072K)
 Metaspace       used 4267K, committed 4480K, reserved 393216K
  class space    used 535K, committed 640K, reserved 327680K
}
Event: 1.044 GC heap after
{Heap after GC invocations=2 (full 0):
 garbage-first heap   total 262144K, used 12043K [0x00000000e0000000, 0x0000000100000000)
  region size 1024K, 2 young (2048K), 2 survivors (2048K)
 Metaspace       used 4267K, committed 4480K, reserved 393216K
  class space    used 535K, committed 640K, reserved 327680K
}
Event: 2.634 GC heap before
{Heap before GC invocations=2 (full 0):
 garbage-first heap   total 262144K, used 119563K [0x00000000e0000000, 0x0000000100000000)
  region size 1024K, 105 young (107520K), 2 survivors (2048K)
 Metaspace       used 16714K, committed 17024K, reserved 393216K
  class space    used 2358K, committed 2496K, reserved 327680K
}
Event: 2.642 GC heap after
{Heap after GC invocations=3 (full 0):
 garbage-first heap   total 262144K, used 22051K [0x00000000e0000000, 0x0000000100000000)
  region size 1024K, 11 young (11264K), 11 survivors (11264K)
 Metaspace       used 16714K, committed 17024K, reserved 393216K
  class space    used 2358K, committed 2496K, reserved 327680K
}
Event: 3.500 GC heap before
{Heap before GC invocations=3 (full 0):
 garbage-first heap   total 262144K, used 61987K [0x00000000e0000000, 0x0000000100000000)
  region size 1024K, 51 young (52224K), 11 survivors (11264K)
 Metaspace       used 21230K, committed 21504K, reserved 393216K
  class space    used 3105K, committed 3264K, reserved 327680K
}
Event: 3.506 GC heap after
{Heap after GC invocations=4 (full 0):
 garbage-first heap   total 262144K, used 25017K [0x00000000e0000000, 0x0000000100000000)
  region size 1024K, 12 young (12288K), 12 survivors (12288K)
 Metaspace       used 21230K, committed 21504K, reserved 393216K
  class space    used 3105K, committed 3264K, reserved 327680K
}
Event: 6.116 GC heap before
{Heap before GC invocations=5 (full 0):
 garbage-first heap   total 262144K, used 128441K [0x00000000e0000000, 0x0000000100000000)
  region size 1024K, 115 young (117760K), 12 survivors (12288K)
 Metaspace       used 35591K, committed 35968K, reserved 393216K
  class space    used 5045K, committed 5248K, reserved 327680K
}
Event: 6.139 GC heap after
{Heap after GC invocations=6 (full 0):
 garbage-first heap   total 262144K, used 32769K [0x00000000e0000000, 0x0000000100000000)
  region size 1024K, 11 young (11264K), 11 survivors (11264K)
 Metaspace       used 35591K, committed 35968K, reserved 393216K
  class space    used 5045K, committed 5248K, reserved 327680K
}
Event: 9.231 GC heap before
{Heap before GC invocations=7 (full 0):
 garbage-first heap   total 262144K, used 184321K [0x00000000e0000000, 0x0000000100000000)
  region size 1024K, 153 young (156672K), 11 survivors (11264K)
 Metaspace       used 47270K, committed 47744K, reserved 393216K
  class space    used 6628K, committed 6848K, reserved 327680K
}
Event: 9.247 GC heap after
{Heap after GC invocations=8 (full 0):
 garbage-first heap   total 262144K, used 43511K [0x00000000e0000000, 0x0000000100000000)
  region size 1024K, 20 young (20480K), 20 survivors (20480K)
 Metaspace       used 47270K, committed 47744K, reserved 393216K
  class space    used 6628K, committed 6848K, reserved 327680K
}
Event: 11.633 GC heap before
{Heap before GC invocations=8 (full 0):
 garbage-first heap   total 262144K, used 180727K [0x00000000e0000000, 0x0000000100000000)
  region size 1024K, 153 young (156672K), 20 survivors (20480K)
 Metaspace       used 53552K, committed 54208K, reserved 393216K
  class space    used 7366K, committed 7680K, reserved 327680K
}
Event: 11.653 GC heap after
{Heap after GC invocations=9 (full 0):
 garbage-first heap   total 262144K, used 57169K [0x00000000e0000000, 0x0000000100000000)
  region size 1024K, 13 young (13312K), 13 survivors (13312K)
 Metaspace       used 53552K, committed 54208K, reserved 393216K
  class space    used 7366K, committed 7680K, reserved 327680K
}

Dll operation events (15 events):
Event: 0.016 Loaded shared library C:\Program Files\Microsoft\jdk-17.0.15.6-hotspot\bin\java.dll
Event: 0.041 Loaded shared library C:\Program Files\Microsoft\jdk-17.0.15.6-hotspot\bin\jsvml.dll
Event: 0.099 Loaded shared library C:\Program Files\Microsoft\jdk-17.0.15.6-hotspot\bin\zip.dll
Event: 0.101 Loaded shared library C:\Program Files\Microsoft\jdk-17.0.15.6-hotspot\bin\instrument.dll
Event: 0.104 Loaded shared library C:\Program Files\Microsoft\jdk-17.0.15.6-hotspot\bin\net.dll
Event: 0.106 Loaded shared library C:\Program Files\Microsoft\jdk-17.0.15.6-hotspot\bin\nio.dll
Event: 0.107 Loaded shared library C:\Program Files\Microsoft\jdk-17.0.15.6-hotspot\bin\zip.dll
Event: 0.308 Loaded shared library C:\Program Files\Microsoft\jdk-17.0.15.6-hotspot\bin\jimage.dll
Event: 0.477 Loaded shared library C:\Program Files\Microsoft\jdk-17.0.15.6-hotspot\bin\verify.dll
Event: 0.646 Loaded shared library C:\Users\HP\.gradle\native\c067742578af261105cb4f569cf0c3c89f3d7b1fecec35dd04571415982c5e48\windows-amd64\native-platform.dll
Event: 0.650 Loaded shared library C:\Users\HP\.gradle\native\100fb08df4bc3b14c8652ba06237920a3bd2aa13389f12d3474272988ae205f9\windows-amd64\native-platform-file-events.dll
Event: 1.648 Loaded shared library C:\Program Files\Microsoft\jdk-17.0.15.6-hotspot\bin\management.dll
Event: 1.649 Loaded shared library C:\Program Files\Microsoft\jdk-17.0.15.6-hotspot\bin\management_ext.dll
Event: 1.795 Loaded shared library C:\Program Files\Microsoft\jdk-17.0.15.6-hotspot\bin\extnet.dll
Event: 1.965 Loaded shared library C:\Program Files\Microsoft\jdk-17.0.15.6-hotspot\bin\sunmscapi.dll

Deoptimization events (20 events):
Event: 13.116 Thread 0x0000020ef2ae57b0 Uncommon trap: trap_request=0xffffffc6 fr.pc=0x0000020ecc1b325c relative=0x00000000000003bc
Event: 13.116 Thread 0x0000020ef2ae57b0 Uncommon trap: reason=bimorphic_or_optimized_type_check action=maybe_recompile pc=0x0000020ecc1b325c method=org.gradle.internal.snapshot.FileSystemLeafSnapshot.accept(Lorg/gradle/internal/snapshot/FileSystemSnapshotHierarchyVisitor;)Lorg/gradle/internal/s
Event: 13.116 Thread 0x0000020ef2ae57b0 DEOPT PACKING pc=0x0000020ecc1b325c sp=0x000000938a9f6ba0
Event: 13.116 Thread 0x0000020ef2ae57b0 DEOPT UNPACKING pc=0x0000020ecb8569a3 sp=0x000000938a9f6b78 mode 2
Event: 13.116 Thread 0x0000020ef2ae57b0 Uncommon trap: trap_request=0xffffffc6 fr.pc=0x0000020ecc1b325c relative=0x00000000000003bc
Event: 13.116 Thread 0x0000020ef2ae57b0 Uncommon trap: reason=bimorphic_or_optimized_type_check action=maybe_recompile pc=0x0000020ecc1b325c method=org.gradle.internal.snapshot.FileSystemLeafSnapshot.accept(Lorg/gradle/internal/snapshot/FileSystemSnapshotHierarchyVisitor;)Lorg/gradle/internal/s
Event: 13.116 Thread 0x0000020ef2ae57b0 DEOPT PACKING pc=0x0000020ecc1b325c sp=0x000000938a9f6ba0
Event: 13.116 Thread 0x0000020ef2ae57b0 DEOPT UNPACKING pc=0x0000020ecb8569a3 sp=0x000000938a9f6b78 mode 2
Event: 13.116 Thread 0x0000020ef2ae57b0 Uncommon trap: trap_request=0xffffffc6 fr.pc=0x0000020ecc1b325c relative=0x00000000000003bc
Event: 13.116 Thread 0x0000020ef2ae57b0 Uncommon trap: reason=bimorphic_or_optimized_type_check action=maybe_recompile pc=0x0000020ecc1b325c method=org.gradle.internal.snapshot.FileSystemLeafSnapshot.accept(Lorg/gradle/internal/snapshot/FileSystemSnapshotHierarchyVisitor;)Lorg/gradle/internal/s
Event: 13.116 Thread 0x0000020ef2ae57b0 DEOPT PACKING pc=0x0000020ecc1b325c sp=0x000000938a9f6ba0
Event: 13.116 Thread 0x0000020ef2ae57b0 DEOPT UNPACKING pc=0x0000020ecb8569a3 sp=0x000000938a9f6b78 mode 2
Event: 13.135 Thread 0x0000020ef44c5770 Uncommon trap: trap_request=0xffffff45 fr.pc=0x0000020ecc117cc0 relative=0x00000000000012a0
Event: 13.135 Thread 0x0000020ef44c5770 Uncommon trap: reason=unstable_if action=reinterpret pc=0x0000020ecc117cc0 method=java.util.concurrent.ConcurrentHashMap.putVal(Ljava/lang/Object;Ljava/lang/Object;Z)Ljava/lang/Object; @ 112 c2
Event: 13.136 Thread 0x0000020ef44c5770 DEOPT PACKING pc=0x0000020ecc117cc0 sp=0x000000938edfd970
Event: 13.136 Thread 0x0000020ef44c5770 DEOPT UNPACKING pc=0x0000020ecb8569a3 sp=0x000000938edfd900 mode 2
Event: 13.190 Thread 0x0000020ef6e10ea0 Uncommon trap: trap_request=0xffffff45 fr.pc=0x0000020ecc20bc44 relative=0x0000000000000944
Event: 13.190 Thread 0x0000020ef6e10ea0 Uncommon trap: reason=unstable_if action=reinterpret pc=0x0000020ecc20bc44 method=com.google.common.cache.LongAdder.add(J)V @ 46 c2
Event: 13.190 Thread 0x0000020ef6e10ea0 DEOPT PACKING pc=0x0000020ecc20bc44 sp=0x000000938eafb640
Event: 13.190 Thread 0x0000020ef6e10ea0 DEOPT UNPACKING pc=0x0000020ecb8569a3 sp=0x000000938eafb5d0 mode 2

Classes loaded (20 events):
Event: 11.803 Loading class java/util/concurrent/LinkedBlockingDeque$AbstractItr done
Event: 11.803 Loading class java/util/concurrent/LinkedBlockingDeque$Itr done
Event: 11.820 Loading class java/util/Locale$1
Event: 11.820 Loading class java/util/Locale$1 done
Event: 11.842 Loading class java/net/UrlDeserializedState
Event: 11.842 Loading class java/net/UrlDeserializedState done
Event: 11.843 Loading class java/net/Proxy
Event: 11.844 Loading class java/net/Proxy done
Event: 11.848 Loading class java/util/concurrent/CompletableFuture$AsyncRun
Event: 11.848 Loading class java/util/concurrent/CompletableFuture$AsyncRun done
Event: 11.867 Loading class jdk/internal/access/foreign/MemorySegmentProxy
Event: 11.867 Loading class jdk/internal/access/foreign/MemorySegmentProxy done
Event: 12.483 Loading class jdk/internal/math/FormattedFloatingDecimal$Form
Event: 12.484 Loading class jdk/internal/math/FormattedFloatingDecimal$Form done
Event: 12.484 Loading class jdk/internal/math/FormattedFloatingDecimal
Event: 12.484 Loading class jdk/internal/math/FormattedFloatingDecimal done
Event: 12.485 Loading class jdk/internal/math/FormattedFloatingDecimal$1
Event: 12.485 Loading class jdk/internal/math/FormattedFloatingDecimal$1 done
Event: 12.485 Loading class jdk/internal/math/FormattedFloatingDecimal$2
Event: 12.485 Loading class jdk/internal/math/FormattedFloatingDecimal$2 done

Classes unloaded (0 events):
No events

Classes redefined (0 events):
No events

Internal exceptions (20 events):
Event: 11.840 Thread 0x0000020ef2ae66e0 Exception <a 'java/lang/NoSuchMethodError'{0x00000000eefd3488}: static Lorg/gradle/internal/classloader/ClassLoaderSpec;.<clinit>()V> (0x00000000eefd3488) 
thrown [s\src\hotspot\share\prims\jni.cpp, line 1112]
Event: 11.842 Thread 0x0000020ef2ae66e0 Exception <a 'java/lang/NoSuchMethodError'{0x00000000eefdf5c0}: static Lorg/gradle/internal/classloader/VisitableURLClassLoader$Spec;.<clinit>()V> (0x00000000eefdf5c0) 
thrown [s\src\hotspot\share\prims\jni.cpp, line 1112]
Event: 12.582 Thread 0x0000020ef2ae57b0 Exception <a 'sun/nio/fs/WindowsException'{0x00000000ee998510}> (0x00000000ee998510) 
thrown [s\src\hotspot\share\prims\jni.cpp, line 516]
Event: 12.583 Thread 0x0000020ef2ae57b0 Exception <a 'sun/nio/fs/WindowsException'{0x00000000ee999c60}> (0x00000000ee999c60) 
thrown [s\src\hotspot\share\prims\jni.cpp, line 516]
Event: 12.583 Thread 0x0000020ef2ae57b0 Exception <a 'sun/nio/fs/WindowsException'{0x00000000ee99b3a0}> (0x00000000ee99b3a0) 
thrown [s\src\hotspot\share\prims\jni.cpp, line 516]
Event: 12.584 Thread 0x0000020ef2ae57b0 Exception <a 'sun/nio/fs/WindowsException'{0x00000000ee99cab8}> (0x00000000ee99cab8) 
thrown [s\src\hotspot\share\prims\jni.cpp, line 516]
Event: 12.597 Thread 0x0000020ef2ae57b0 Implicit null exception at 0x0000020ecc1b9e5d to 0x0000020ecc1b9efc
Event: 12.642 Thread 0x0000020ef2ae57b0 Exception <a 'java/lang/ClassNotFoundException'{0x00000000ee61ca60}: build_7rnjo2eo8nb709uqg7gfki7b7BeanInfo> (0x00000000ee61ca60) 
thrown [s\src\hotspot\share\classfile\systemDictionary.cpp, line 256]
Event: 12.642 Thread 0x0000020ef2ae57b0 Exception <a 'java/lang/ClassNotFoundException'{0x00000000ee623c20}: build_7rnjo2eo8nb709uqg7gfki7b7Customizer> (0x00000000ee623c20) 
thrown [s\src\hotspot\share\classfile\systemDictionary.cpp, line 256]
Event: 12.662 Thread 0x0000020ef2ae57b0 Exception <a 'java/lang/ClassNotFoundException'{0x00000000ee6f1af0}: org/gradle/api/internal/artifacts/repositories/DefaultMavenArtifactRepository_DecoratedBeanInfo> (0x00000000ee6f1af0) 
thrown [s\src\hotspot\share\classfile\systemDictionary.cpp, line 256]
Event: 12.663 Thread 0x0000020ef2ae57b0 Exception <a 'java/lang/ClassNotFoundException'{0x00000000ee50b7d0}: org/gradle/api/internal/artifacts/repositories/DefaultMavenArtifactRepositoryBeanInfo> (0x00000000ee50b7d0) 
thrown [s\src\hotspot\share\classfile\systemDictionary.cpp, line 256]
Event: 12.664 Thread 0x0000020ef2ae57b0 Exception <a 'java/lang/ClassNotFoundException'{0x00000000ee525750}: org/gradle/api/internal/artifacts/repositories/AbstractAuthenticationSupportedRepositoryBeanInfo> (0x00000000ee525750) 
thrown [s\src\hotspot\share\classfile\systemDictionary.cpp, line 256]
Event: 12.665 Thread 0x0000020ef2ae57b0 Exception <a 'java/lang/ClassNotFoundException'{0x00000000ee53f6e8}: org/gradle/api/internal/artifacts/repositories/AbstractResolutionAwareArtifactRepositoryBeanInfo> (0x00000000ee53f6e8) 
thrown [s\src\hotspot\share\classfile\systemDictionary.cpp, line 256]
Event: 12.667 Thread 0x0000020ef2ae57b0 Exception <a 'java/lang/ClassNotFoundException'{0x00000000ee559be0}: org/gradle/api/internal/artifacts/repositories/AbstractArtifactRepositoryBeanInfo> (0x00000000ee559be0) 
thrown [s\src\hotspot\share\classfile\systemDictionary.cpp, line 256]
Event: 12.669 Thread 0x0000020ef2ae57b0 Exception <a 'java/lang/ClassNotFoundException'{0x00000000ee573628}: org/gradle/api/internal/artifacts/repositories/AbstractArtifactRepositoryCustomizer> (0x00000000ee573628) 
thrown [s\src\hotspot\share\classfile\systemDictionary.cpp, line 256]
Event: 12.691 Thread 0x0000020ef2ae57b0 Exception <a 'java/lang/ClassNotFoundException'{0x00000000ee5b0758}: org/gradle/api/internal/artifacts/repositories/AbstractResolutionAwareArtifactRepositoryCustomizer> (0x00000000ee5b0758) 
thrown [s\src\hotspot\share\classfile\systemDictionary.cpp, line 256]
Event: 12.696 Thread 0x0000020ef2ae57b0 Exception <a 'java/lang/ClassNotFoundException'{0x00000000ee5d5a88}: org/gradle/api/internal/artifacts/repositories/AbstractAuthenticationSupportedRepositoryCustomizer> (0x00000000ee5d5a88) 
thrown [s\src\hotspot\share\classfile\systemDictionary.cpp, line 256]
Event: 12.702 Thread 0x0000020ef2ae57b0 Exception <a 'java/lang/ClassNotFoundException'{0x00000000ee404a68}: org/gradle/api/internal/artifacts/repositories/DefaultMavenArtifactRepositoryCustomizer> (0x00000000ee404a68) 
thrown [s\src\hotspot\share\classfile\systemDictionary.cpp, line 256]
Event: 12.707 Thread 0x0000020ef2ae57b0 Exception <a 'java/lang/ClassNotFoundException'{0x00000000ee438060}: org/gradle/api/internal/artifacts/repositories/DefaultMavenArtifactRepository_DecoratedCustomizer> (0x00000000ee438060) 
thrown [s\src\hotspot\share\classfile\systemDictionary.cpp, line 256]
Event: 13.190 Thread 0x0000020ef6e10ea0 Implicit null exception at 0x0000020ecc20b3fd to 0x0000020ecc20bc20

VM Operations (20 events):
Event: 11.691 Executing VM operation: HandshakeAllThreads
Event: 11.691 Executing VM operation: HandshakeAllThreads done
Event: 11.713 Executing VM operation: HandshakeAllThreads
Event: 11.713 Executing VM operation: HandshakeAllThreads done
Event: 11.750 Executing VM operation: HandshakeAllThreads
Event: 11.750 Executing VM operation: HandshakeAllThreads done
Event: 11.751 Executing VM operation: HandshakeAllThreads
Event: 11.751 Executing VM operation: HandshakeAllThreads done
Event: 11.968 Executing VM operation: HandshakeAllThreads
Event: 11.968 Executing VM operation: HandshakeAllThreads done
Event: 11.970 Executing VM operation: HandshakeAllThreads
Event: 11.970 Executing VM operation: HandshakeAllThreads done
Event: 12.489 Executing VM operation: ICBufferFull
Event: 12.489 Executing VM operation: ICBufferFull done
Event: 12.786 Executing VM operation: ICBufferFull
Event: 12.786 Executing VM operation: ICBufferFull done
Event: 13.021 Executing VM operation: HandshakeAllThreads
Event: 13.022 Executing VM operation: HandshakeAllThreads done
Event: 13.049 Executing VM operation: ICBufferFull
Event: 13.050 Executing VM operation: ICBufferFull done

Memory protections (0 events):
No events

Nmethod flushes (20 events):
Event: 7.335 Thread 0x0000020ed7801fe0 flushing  nmethod 0x0000020ec4a9d910
Event: 7.335 Thread 0x0000020ed7801fe0 flushing  nmethod 0x0000020ec4aaa590
Event: 7.335 Thread 0x0000020ed7801fe0 flushing  nmethod 0x0000020ec4aaa990
Event: 7.335 Thread 0x0000020ed7801fe0 flushing  nmethod 0x0000020ec4ab6710
Event: 7.335 Thread 0x0000020ed7801fe0 flushing  nmethod 0x0000020ec4ab7290
Event: 7.335 Thread 0x0000020ed7801fe0 flushing  nmethod 0x0000020ec4ab7a90
Event: 7.335 Thread 0x0000020ed7801fe0 flushing  nmethod 0x0000020ec4ab8890
Event: 7.335 Thread 0x0000020ed7801fe0 flushing  nmethod 0x0000020ec4ab9a10
Event: 7.335 Thread 0x0000020ed7801fe0 flushing  nmethod 0x0000020ec4abf090
Event: 7.335 Thread 0x0000020ed7801fe0 flushing  nmethod 0x0000020ec4ac2010
Event: 7.335 Thread 0x0000020ed7801fe0 flushing  nmethod 0x0000020ec4ac5410
Event: 7.335 Thread 0x0000020ed7801fe0 flushing  nmethod 0x0000020ec4ad9b90
Event: 7.336 Thread 0x0000020ed7801fe0 flushing  nmethod 0x0000020ec4b0e390
Event: 7.336 Thread 0x0000020ed7801fe0 flushing  nmethod 0x0000020ec4b1d990
Event: 7.336 Thread 0x0000020ed7801fe0 flushing  nmethod 0x0000020ec4b47a10
Event: 7.336 Thread 0x0000020ed7801fe0 flushing  nmethod 0x0000020ec4b49c90
Event: 7.337 Thread 0x0000020ed7801fe0 flushing  nmethod 0x0000020ec4c37310
Event: 11.541 Thread 0x0000020ed7801fe0 flushing  nmethod 0x0000020ec4911910
Event: 11.541 Thread 0x0000020ed7801fe0 flushing  nmethod 0x0000020ec4953a10
Event: 11.542 Thread 0x0000020ed7801fe0 flushing  nmethod 0x0000020ec4a10110

Events (20 events):
Event: 13.059 Thread 0x0000020ef2ae57b0 Thread added: 0x0000020ef6e11dd0
Event: 13.063 Thread 0x0000020ef2ae57b0 Thread added: 0x0000020ef6e10990
Event: 13.065 Thread 0x0000020ef2ae57b0 Thread added: 0x0000020ef6e13210
Event: 13.067 Thread 0x0000020ef2ae57b0 Thread added: 0x0000020ef6e118c0
Event: 13.071 Thread 0x0000020ef2ae57b0 Thread added: 0x0000020ef6e122e0
Event: 13.072 Thread 0x0000020ef2ae57b0 Thread added: 0x0000020ef43c31e0
Event: 13.074 Thread 0x0000020ef2ae57b0 Thread added: 0x0000020ef43c0e70
Event: 13.075 Thread 0x0000020ef2ae57b0 Thread added: 0x0000020ef43c1890
Event: 13.077 Thread 0x0000020ef2ae57b0 Thread added: 0x0000020ef2100640
Event: 13.119 Thread 0x0000020ef2ae57b0 Thread added: 0x0000020ef2100b50
Event: 13.120 Thread 0x0000020ef2ae57b0 Thread added: 0x0000020ef2101060
Event: 13.121 Thread 0x0000020ef2ae57b0 Thread added: 0x0000020ef6e13720
Event: 13.123 Thread 0x0000020ef2ae57b0 Thread added: 0x0000020ef6e127f0
Event: 13.124 Thread 0x0000020ef2ae57b0 Thread added: 0x0000020ef6e0ff70
Event: 13.125 Thread 0x0000020ef2ae57b0 Thread added: 0x0000020ef6e10ea0
Event: 13.126 Thread 0x0000020ef2ae57b0 Thread added: 0x0000020ef6e113b0
Event: 13.128 Thread 0x0000020ef2ae57b0 Thread added: 0x0000020ef44c4d50
Event: 13.130 Thread 0x0000020ef2ae57b0 Thread added: 0x0000020ef44c5770
Event: 13.131 Thread 0x0000020ef2ae57b0 Thread added: 0x0000020ef44c6190
Event: 13.134 Thread 0x0000020ef2ae57b0 Thread added: 0x0000020ef2100130


Dynamic libraries:
0x00007ff77d7d0000 - 0x00007ff77d7de000 	C:\Program Files\Microsoft\jdk-17.0.15.6-hotspot\bin\java.exe
0x00007ff8dc440000 - 0x00007ff8dc6a7000 	C:\WINDOWS\SYSTEM32\ntdll.dll
0x00007ff8db7d0000 - 0x00007ff8db899000 	C:\WINDOWS\System32\KERNEL32.DLL
0x00007ff8d9bd0000 - 0x00007ff8d9fc1000 	C:\WINDOWS\System32\KERNELBASE.dll
0x00007ff8d9fd0000 - 0x00007ff8da11b000 	C:\WINDOWS\System32\ucrtbase.dll
0x00007ff8b9530000 - 0x00007ff8b954d000 	C:\Program Files\Microsoft\jdk-17.0.15.6-hotspot\bin\VCRUNTIME140.dll
0x00007ff897430000 - 0x00007ff897447000 	C:\Program Files\Microsoft\jdk-17.0.15.6-hotspot\bin\jli.dll
0x00007ff8db410000 - 0x00007ff8db5d5000 	C:\WINDOWS\System32\USER32.dll
0x00007ff8d9970000 - 0x00007ff8d9997000 	C:\WINDOWS\System32\win32u.dll
0x00007ff8dbed0000 - 0x00007ff8dbefb000 	C:\WINDOWS\System32\GDI32.dll
0x00007ff8d97b0000 - 0x00007ff8d98da000 	C:\WINDOWS\System32\gdi32full.dll
0x00007ff8b8ca0000 - 0x00007ff8b8f33000 	C:\WINDOWS\WinSxS\amd64_microsoft.windows.common-controls_6595b64144ccf1df_6.0.26100.7922_none_3e089e1ee3342171\COMCTL32.dll
0x00007ff8d9b20000 - 0x00007ff8d9bc3000 	C:\WINDOWS\System32\msvcp_win.dll
0x00007ff8da2b0000 - 0x00007ff8da359000 	C:\WINDOWS\System32\msvcrt.dll
0x00007ff8da360000 - 0x00007ff8da391000 	C:\WINDOWS\System32\IMM32.DLL
0x00007ff899b90000 - 0x00007ff899b9c000 	C:\Program Files\Microsoft\jdk-17.0.15.6-hotspot\bin\vcruntime140_1.dll
0x00007ff83d120000 - 0x00007ff83d1ad000 	C:\Program Files\Microsoft\jdk-17.0.15.6-hotspot\bin\msvcp140.dll
0x00007ff834070000 - 0x00007ff834ce2000 	C:\Program Files\Microsoft\jdk-17.0.15.6-hotspot\bin\server\jvm.dll
0x00007ff8db220000 - 0x00007ff8db2db000 	C:\WINDOWS\System32\ADVAPI32.dll
0x00007ff8da9f0000 - 0x00007ff8daa97000 	C:\WINDOWS\System32\sechost.dll
0x00007ff8db2e0000 - 0x00007ff8db3f8000 	C:\WINDOWS\System32\RPCRT4.dll
0x00007ff8db740000 - 0x00007ff8db7b4000 	C:\WINDOWS\System32\WS2_32.dll
0x00007ff8d8b80000 - 0x00007ff8d8bde000 	C:\WINDOWS\SYSTEM32\POWRPROF.dll
0x00007ff8c6ef0000 - 0x00007ff8c6efb000 	C:\WINDOWS\SYSTEM32\VERSION.dll
0x00007ff8d0b20000 - 0x00007ff8d0b55000 	C:\WINDOWS\SYSTEM32\WINMM.dll
0x00007ff8d8b60000 - 0x00007ff8d8b74000 	C:\WINDOWS\SYSTEM32\UMPDC.dll
0x00007ff8d7ab0000 - 0x00007ff8d7acb000 	C:\WINDOWS\SYSTEM32\kernel.appcore.dll
0x00007ff897890000 - 0x00007ff89789a000 	C:\Program Files\Microsoft\jdk-17.0.15.6-hotspot\bin\jimage.dll
0x00007ff8d6bc0000 - 0x00007ff8d6e02000 	C:\WINDOWS\SYSTEM32\DBGHELP.DLL
0x00007ff8dbf70000 - 0x00007ff8dc2f2000 	C:\WINDOWS\System32\combase.dll
0x00007ff8dbb90000 - 0x00007ff8dbc67000 	C:\WINDOWS\System32\OLEAUT32.dll
0x00007ff8b6050000 - 0x00007ff8b608b000 	C:\WINDOWS\SYSTEM32\dbgcore.DLL
0x00007ff8d9700000 - 0x00007ff8d97a5000 	C:\WINDOWS\System32\bcryptPrimitives.dll
0x00007ff88e7d0000 - 0x00007ff88e7de000 	C:\Program Files\Microsoft\jdk-17.0.15.6-hotspot\bin\instrument.dll
0x00007ff897400000 - 0x00007ff897425000 	C:\Program Files\Microsoft\jdk-17.0.15.6-hotspot\bin\java.dll
0x00007ff83d040000 - 0x00007ff83d116000 	C:\Program Files\Microsoft\jdk-17.0.15.6-hotspot\bin\jsvml.dll
0x00007ff8daab0000 - 0x00007ff8db20f000 	C:\WINDOWS\System32\SHELL32.dll
0x00007ff8d8d20000 - 0x00007ff8d8e8a000 	C:\WINDOWS\System32\wintypes.dll
0x00007ff8d8e90000 - 0x00007ff8d96f4000 	C:\WINDOWS\System32\windows.storage.dll
0x00007ff8dbdd0000 - 0x00007ff8dbec7000 	C:\WINDOWS\System32\SHCORE.dll
0x00007ff8dbf00000 - 0x00007ff8dbf67000 	C:\WINDOWS\System32\shlwapi.dll
0x00007ff8d8c40000 - 0x00007ff8d8c69000 	C:\WINDOWS\SYSTEM32\profapi.dll
0x00007ff8838b0000 - 0x00007ff8838c8000 	C:\Program Files\Microsoft\jdk-17.0.15.6-hotspot\bin\zip.dll
0x00007ff88a720000 - 0x00007ff88a73a000 	C:\Program Files\Microsoft\jdk-17.0.15.6-hotspot\bin\net.dll
0x00007ff8cda60000 - 0x00007ff8cdb87000 	C:\WINDOWS\SYSTEM32\WINHTTP.dll
0x00007ff8d8020000 - 0x00007ff8d808b000 	C:\WINDOWS\system32\mswsock.dll
0x00007ff88a700000 - 0x00007ff88a716000 	C:\Program Files\Microsoft\jdk-17.0.15.6-hotspot\bin\nio.dll
0x00007ff8976e0000 - 0x00007ff8976f0000 	C:\Program Files\Microsoft\jdk-17.0.15.6-hotspot\bin\verify.dll
0x00007ff886160000 - 0x00007ff886187000 	C:\Users\HP\.gradle\native\c067742578af261105cb4f569cf0c3c89f3d7b1fecec35dd04571415982c5e48\windows-amd64\native-platform.dll
0x00007ff8796e0000 - 0x00007ff879824000 	C:\Users\HP\.gradle\native\100fb08df4bc3b14c8652ba06237920a3bd2aa13389f12d3474272988ae205f9\windows-amd64\native-platform-file-events.dll
0x00007ff894870000 - 0x00007ff89487a000 	C:\Program Files\Microsoft\jdk-17.0.15.6-hotspot\bin\management.dll
0x00007ff893630000 - 0x00007ff89363b000 	C:\Program Files\Microsoft\jdk-17.0.15.6-hotspot\bin\management_ext.dll
0x00007ff8db7c0000 - 0x00007ff8db7c8000 	C:\WINDOWS\System32\PSAPI.DLL
0x00007ff8d8300000 - 0x00007ff8d831b000 	C:\WINDOWS\SYSTEM32\CRYPTSP.dll
0x00007ff8d7a10000 - 0x00007ff8d7a49000 	C:\WINDOWS\system32\rsaenh.dll
0x00007ff8d80d0000 - 0x00007ff8d8102000 	C:\WINDOWS\SYSTEM32\USERENV.dll
0x00007ff8d8c10000 - 0x00007ff8d8c3a000 	C:\WINDOWS\SYSTEM32\bcrypt.dll
0x00007ff8d8320000 - 0x00007ff8d832c000 	C:\WINDOWS\SYSTEM32\CRYPTBASE.dll
0x00007ff8d7470000 - 0x00007ff8d74a3000 	C:\WINDOWS\SYSTEM32\IPHLPAPI.DLL
0x00007ff8daaa0000 - 0x00007ff8daaaa000 	C:\WINDOWS\System32\NSI.dll
0x00007ff8d0ef0000 - 0x00007ff8d0f0d000 	C:\WINDOWS\SYSTEM32\dhcpcsvc6.DLL
0x00007ff8cfb00000 - 0x00007ff8cfb23000 	C:\WINDOWS\SYSTEM32\dhcpcsvc.DLL
0x00007ff8d7500000 - 0x00007ff8d762a000 	C:\WINDOWS\SYSTEM32\DNSAPI.dll
0x00007ff893090000 - 0x00007ff893099000 	C:\Program Files\Microsoft\jdk-17.0.15.6-hotspot\bin\extnet.dll
0x00007ff88de20000 - 0x00007ff88de2e000 	C:\Program Files\Microsoft\jdk-17.0.15.6-hotspot\bin\sunmscapi.dll
0x00007ff8d99a0000 - 0x00007ff8d9b17000 	C:\WINDOWS\System32\CRYPT32.dll
0x00007ff8d8520000 - 0x00007ff8d8550000 	C:\WINDOWS\SYSTEM32\ncrypt.dll
0x00007ff8d84d0000 - 0x00007ff8d850f000 	C:\WINDOWS\SYSTEM32\NTASN1.dll
0x00007ff8c4030000 - 0x00007ff8c4038000 	C:\WINDOWS\system32\wshunix.dll

dbghelp: loaded successfully - version: 4.0.5 - missing functions: none
symbol engine: initialized successfully - sym options: 0x614 - pdb path: .;C:\Program Files\Microsoft\jdk-17.0.15.6-hotspot\bin;C:\WINDOWS\SYSTEM32;C:\WINDOWS\WinSxS\amd64_microsoft.windows.common-controls_6595b64144ccf1df_6.0.26100.7922_none_3e089e1ee3342171;C:\Program Files\Microsoft\jdk-17.0.15.6-hotspot\bin\server;C:\Users\HP\.gradle\native\c067742578af261105cb4f569cf0c3c89f3d7b1fecec35dd04571415982c5e48\windows-amd64;C:\Users\HP\.gradle\native\100fb08df4bc3b14c8652ba06237920a3bd2aa13389f12d3474272988ae205f9\windows-amd64

VM Arguments:
jvm_args: --add-opens=java.base/java.util=ALL-UNNAMED --add-opens=java.base/java.lang=ALL-UNNAMED --add-opens=java.base/java.lang.invoke=ALL-UNNAMED --add-opens=java.prefs/java.util.prefs=ALL-UNNAMED --add-exports=jdk.compiler/com.sun.tools.javac.api=ALL-UNNAMED --add-exports=jdk.compiler/com.sun.tools.javac.util=ALL-UNNAMED --add-opens=java.base/java.nio.charset=ALL-UNNAMED --add-opens=java.base/java.net=ALL-UNNAMED --add-opens=java.base/java.util.concurrent.atomic=ALL-UNNAMED -XX:MaxMetaspaceSize=384m -XX:+HeapDumpOnOutOfMemoryError -Xms256m -Xmx512m -Dfile.encoding=utf8 -Duser.country=IN -Duser.language=en -Duser.variant -javaagent:C:\Users\HP\.gradle\wrapper\dists\gradle-8.9-bin\90cnw93cvbtalezasaz0blq0a\gradle-8.9\lib\agents\gradle-instrumentation-agent-8.9.jar 
java_command: org.gradle.launcher.daemon.bootstrap.GradleDaemon 8.9
java_class_path (initial): C:\Users\HP\.gradle\wrapper\dists\gradle-8.9-bin\90cnw93cvbtalezasaz0blq0a\gradle-8.9\lib\gradle-daemon-main-8.9.jar
Launcher Type: SUN_STANDARD

[Global flags]
     intx CICompilerCount                          = 4                                         {product} {ergonomic}
   size_t CompressedClassSpaceSize                 = 335544320                                 {product} {ergonomic}
     uint ConcGCThreads                            = 3                                         {product} {ergonomic}
     uint G1ConcRefinementThreads                  = 10                                        {product} {ergonomic}
   size_t G1HeapRegionSize                         = 1048576                                   {product} {ergonomic}
    uintx GCDrainStackTargetSize                   = 64                                        {product} {ergonomic}
     bool HeapDumpOnOutOfMemoryError               = true                                   {manageable} {command line}
   size_t InitialHeapSize                          = 268435456                                 {product} {command line}
   size_t MarkStackSize                            = 4194304                                   {product} {ergonomic}
   size_t MaxHeapSize                              = 536870912                                 {product} {command line}
   size_t MaxMetaspaceSize                         = 402653184                                 {product} {command line}
   size_t MaxNewSize                               = 321912832                                 {product} {ergonomic}
   size_t MinHeapDeltaBytes                        = 1048576                                   {product} {ergonomic}
   size_t MinHeapSize                              = 268435456                                 {product} {command line}
    uintx NonNMethodCodeHeapSize                   = 5839372                                {pd product} {ergonomic}
    uintx NonProfiledCodeHeapSize                  = 122909434                              {pd product} {ergonomic}
    uintx ProfiledCodeHeapSize                     = 122909434                              {pd product} {ergonomic}
    uintx ReservedCodeCacheSize                    = 251658240                              {pd product} {ergonomic}
     bool SegmentedCodeCache                       = true                                      {product} {ergonomic}
   size_t SoftMaxHeapSize                          = 536870912                              {manageable} {ergonomic}
     bool UseCompressedClassPointers               = true                           {product lp64_product} {ergonomic}
     bool UseCompressedOops                        = true                           {product lp64_product} {ergonomic}
     bool UseG1GC                                  = true                                      {product} {ergonomic}
     bool UseLargePagesIndividualAllocation        = false                                  {pd product} {ergonomic}

Logging:
Log output configuration:
 #0: stdout all=warning uptime,level,tags
 #1: stderr all=off uptime,level,tags

Environment Variables:
JAVA_HOME=C:\Program Files\Microsoft\jdk-17.0.15.6-hotspot
PATH=C:\Users\HP\AppData\Local\Programs\Microsoft VS Code;C:\Program Files\Microsoft\jdk-17.0.15.6-hotspot\bin;C:\WINDOWS\system32;C:\WINDOWS;C:\WINDOWS\System32\Wbem;C:\WINDOWS\System32\WindowsPowerShell\v1.0\;C:\WINDOWS\System32\OpenSSH\;C:\Program Files\Git\cmd;C:\Program Files\dotnet\;C:\ProgramData\chocolatey\bin;C:\Users\HP\AppData\Local\Android\Sdk\platform-tools;C:\Users\HP\AppData\Local\Android\Sdk;C:\Users\HP\AppData\Local\Android\Sdk\emulator;;C:\Program Files\Docker\Docker\resources\bin;C:\Program Files\PuTTY\;C:\Program Files\nodejs\;C:\Program Files\MySQL\MySQL Shell 8.0\bin\;C:\Users\HP\AppData\Local\Microsoft\WindowsApps;C:\Users\HP\AppData\Local\Programs\Microsoft VS Code\bin;C:\Users\HP\AppData\Local\Android\Sdk\platform-tools;C:\Users\HP\AppData\Local\Android\Sdk;C:\Users\HP\AppData\Local\Android\Sdk\emulator;C:\Users\HP\AppData\Roaming\npm
USERNAME=HP
OS=Windows_NT
PROCESSOR_IDENTIFIER=Intel64 Family 6 Model 154 Stepping 4, GenuineIntel
TMP=C:\Users\HP\AppData\Local\Temp
TEMP=C:\Users\HP\AppData\Local\Temp



Periodic native trim disabled


---------------  S Y S T E M  ---------------

OS:
 Windows 11 , 64 bit Build 26100 (10.0.26100.7920)
OS uptime: 13 days 22:16 hours
Hyper-V role detected

CPU: total 12 (initial active 12) (6 cores per cpu, 2 threads per core) family 6 model 154 stepping 4 microcode 0x432, cx8, cmov, fxsr, ht, mmx, 3dnowpref, sse, sse2, sse3, ssse3, sse4.1, sse4.2, popcnt, lzcnt, tsc, tscinvbit, avx, avx2, aes, erms, clmul, bmi1, bmi2, adx, sha, fma, vzeroupper, clflush, clflushopt, clwb, hv
Processor Information for processor 0
  Max Mhz: 1300, Current Mhz: 1300, Mhz Limit: 1300
Processor Information for processor 1
  Max Mhz: 1300, Current Mhz: 1300, Mhz Limit: 1300
Processor Information for processor 2
  Max Mhz: 1300, Current Mhz: 1300, Mhz Limit: 1300
Processor Information for processor 3
  Max Mhz: 1300, Current Mhz: 1300, Mhz Limit: 1300
Processor Information for processor 4
  Max Mhz: 1300, Current Mhz: 900, Mhz Limit: 897
Processor Information for processor 5
  Max Mhz: 1300, Current Mhz: 900, Mhz Limit: 897
Processor Information for processor 6
  Max Mhz: 1300, Current Mhz: 900, Mhz Limit: 897
Processor Information for processor 7
  Max Mhz: 1300, Current Mhz: 900, Mhz Limit: 897
Processor Information for processor 8
  Max Mhz: 1300, Current Mhz: 900, Mhz Limit: 897
Processor Information for processor 9
  Max Mhz: 1300, Current Mhz: 900, Mhz Limit: 897
Processor Information for processor 10
  Max Mhz: 1300, Current Mhz: 900, Mhz Limit: 897
Processor Information for processor 11
  Max Mhz: 1300, Current Mhz: 900, Mhz Limit: 897

Memory: 4k page, system-wide physical 7835M (783M free)
TotalPageFile size 31387M (AvailPageFile size 7M)
current process WorkingSet (physical memory assigned to process): 432M, peak: 432M
current process commit charge ("private bytes"): 519M, peak: 520M

vm_info: OpenJDK 64-Bit Server VM (17.0.15+6-LTS) for windows-amd64 JRE (17.0.15+6-LTS), built on Apr  9 2025 22:27:25 by "MicrosoftCorporation" with unknown MS VC++:1939

END.
