#
# There is insufficient memory for the Java Runtime Environment to continue.
# Native memory allocation (malloc) failed to allocate 2356176 bytes. Error detail: Chunk::new
# Possible reasons:
#   The system is out of physical RAM or swap space
#   This process is running with CompressedOops enabled, and the Java Heap may be blocking the growth of the native heap
# Possible solutions:
#   Reduce memory load on the system
#   Increase physical memory or swap space
#   Check if swap backing store is full
#   Decrease Java heap size (-Xmx/-Xms)
#   Decrease number of Java threads
#   Decrease Java thread stack sizes (-Xss)
#   Set larger code cache with -XX:ReservedCodeCacheSize=
#   JVM is running with Unscaled Compressed Oops mode in which the Java heap is
#     placed in the first 4GB address space. The Java Heap base address is the
#     maximum limit for the native heap growth. Please use -XX:HeapBaseMinAddress
#     to set the Java Heap base and to place the Java Heap above 4GB virtual address.
# This output file may be truncated or incomplete.
#
#  Out of Memory Error (arena.cpp:191), pid=1240, tid=24032
#
# JRE version: OpenJDK Runtime Environment Microsoft-11369865 (17.0.15+6) (build 17.0.15+6-LTS)
# Java VM: OpenJDK 64-Bit Server VM Microsoft-11369865 (17.0.15+6-LTS, mixed mode, sharing, tiered, compressed oops, compressed class ptrs, g1 gc, windows-amd64)
# No core dump will be written. Minidumps are not enabled by default on client versions of Windows
#

---------------  S U M M A R Y ------------

Command Line: --add-opens=java.base/java.util=ALL-UNNAMED --add-opens=java.base/java.lang=ALL-UNNAMED --add-opens=java.base/java.lang.invoke=ALL-UNNAMED --add-opens=java.prefs/java.util.prefs=ALL-UNNAMED --add-exports=jdk.compiler/com.sun.tools.javac.api=ALL-UNNAMED --add-exports=jdk.compiler/com.sun.tools.javac.util=ALL-UNNAMED --add-opens=java.base/java.nio.charset=ALL-UNNAMED --add-opens=java.base/java.net=ALL-UNNAMED --add-opens=java.base/java.util.concurrent.atomic=ALL-UNNAMED -XX:MaxMetaspaceSize=384m -XX:+HeapDumpOnOutOfMemoryError -Xms256m -Xmx512m -Dfile.encoding=utf8 -Duser.country=IN -Duser.language=en -Duser.variant -javaagent:C:\Users\HP\.gradle\wrapper\dists\gradle-8.9-bin\90cnw93cvbtalezasaz0blq0a\gradle-8.9\lib\agents\gradle-instrumentation-agent-8.9.jar org.gradle.launcher.daemon.bootstrap.GradleDaemon 8.9

Host: 12th Gen Intel(R) Core(TM) i5-1235U, 12 cores, 7G,  Windows 11 , 64 bit Build 26100 (10.0.26100.7920)
Time: Thu Mar 26 10:45:52 2026 India Standard Time elapsed time: 34.145478 seconds (0d 0h 0m 34s)

---------------  T H R E A D  ---------------

Current thread (0x0000018fc241da10):  JavaThread "C2 CompilerThread2" daemon [_thread_in_native, id=24032, stack(0x00000074fa100000,0x00000074fa200000)]


Current CompileTask:
C2:  34145 13300       4       org.gradle.internal.instantiation.generator.AbstractClassGenerator::inspectType (560 bytes)

Stack: [0x00000074fa100000,0x00000074fa200000]
Native frames: (J=compiled Java code, j=interpreted, Vv=VM code, C=native code)
V  [jvm.dll+0x6887a9]
V  [jvm.dll+0x83f5a8]
V  [jvm.dll+0x841053]
V  [jvm.dll+0x8416c3]
V  [jvm.dll+0x2496ef]
V  [jvm.dll+0xad134]
V  [jvm.dll+0xad7cc]
V  [jvm.dll+0x36aedf]
V  [jvm.dll+0x335513]
V  [jvm.dll+0x3349aa]
V  [jvm.dll+0x21a908]
V  [jvm.dll+0x219d3f]
V  [jvm.dll+0x1a55f6]
V  [jvm.dll+0x22a39a]
V  [jvm.dll+0x2284db]
V  [jvm.dll+0x7f4e28]
V  [jvm.dll+0x7ef2dc]
V  [jvm.dll+0x687687]
C  [ucrtbase.dll+0x37b0]
C  [KERNEL32.DLL+0x2e8d7]
C  [ntdll.dll+0x8c48c]


---------------  P R O C E S S  ---------------

Threads class SMR info:
_java_thread_list=0x0000018fc2028f80, length=83, elements={
0x0000018f895bfe80, 0x0000018fa45dc000, 0x0000018fa45dcad0, 0x0000018fa45f8fd0,
0x0000018fa45fb8b0, 0x0000018fa45fc180, 0x0000018fa45fca50, 0x0000018fa46005a0,
0x0000018fa4603670, 0x0000018fa4626f90, 0x0000018fa4725940, 0x0000018fa47c2160,
0x0000018fbf633640, 0x0000018fbf463a40, 0x0000018fbf8089f0, 0x0000018fbf6a0bf0,
0x0000018fbf6a10d0, 0x0000018fbf6a55c0, 0x0000018fbf6a4180, 0x0000018fbf6a4ba0,
0x0000018fbf6a50b0, 0x0000018fbf6a3c70, 0x0000018fbf6a4690, 0x0000018fc0102280,
0x0000018fc0100e40, 0x0000018fc00fff10, 0x0000018fc0102ca0, 0x0000018fc0101860,
0x0000018fc0101d70, 0x0000018fc00ffa00, 0x0000018fc0100420, 0x0000018fc0102790,
0x0000018fc00ff4f0, 0x0000018fc01036c0, 0x0000018fc0103bd0, 0x0000018fc01040e0,
0x0000018fc0101350, 0x0000018fc0100930, 0x0000018fc0105a30, 0x0000018fc0104b00,
0x0000018fc0105010, 0x0000018fc0105520, 0x0000018fc0105f40, 0x0000018fc0106e70,
0x0000018fc0106450, 0x0000018fc1ee2850, 0x0000018fc1ee46b0, 0x0000018fc1ee1e30,
0x0000018fc1ee4bc0, 0x0000018fc1ee50d0, 0x0000018fc1ee5af0, 0x0000018fc1ee2d60,
0x0000018fc1ee2340, 0x0000018fc1ee41a0, 0x0000018fc1ee6510, 0x0000018fc1ee6000,
0x0000018fc1ee6a20, 0x0000018fc1ee3270, 0x0000018fc1ee6f30, 0x0000018fc1ee3c90,
0x0000018fc1ee3780, 0x0000018fc1ee7440, 0x0000018fc1ee8370, 0x0000018fc1ee7950,
0x0000018fc1ee8880, 0x0000018fc1ee7e60, 0x0000018fc1ee92a0, 0x0000018fc1ee8d90,
0x0000018fc29efa30, 0x0000018fc29ef010, 0x0000018fc29ee5f0, 0x0000018fc29f0960,
0x0000018fc29ef520, 0x0000018fc29f1380, 0x0000018fc29f0e70, 0x0000018fc29eff40,
0x0000018fc29eeb00, 0x0000018fc29ee0e0, 0x0000018fc29f31e0, 0x0000018fc29f1890,
0x0000018fc2cefd30, 0x0000018fc241ca20, 0x0000018fc241da10
}

Java Threads: ( => current thread )
  0x0000018f895bfe80 JavaThread "main" [_thread_blocked, id=18128, stack(0x00000074f3800000,0x00000074f3900000)]
  0x0000018fa45dc000 JavaThread "Reference Handler" daemon [_thread_blocked, id=30408, stack(0x00000074f3f00000,0x00000074f4000000)]
  0x0000018fa45dcad0 JavaThread "Finalizer" daemon [_thread_blocked, id=27964, stack(0x00000074f4000000,0x00000074f4100000)]
  0x0000018fa45f8fd0 JavaThread "Signal Dispatcher" daemon [_thread_blocked, id=9756, stack(0x00000074f4100000,0x00000074f4200000)]
  0x0000018fa45fb8b0 JavaThread "Attach Listener" daemon [_thread_blocked, id=7288, stack(0x00000074f4200000,0x00000074f4300000)]
  0x0000018fa45fc180 JavaThread "Service Thread" daemon [_thread_blocked, id=22152, stack(0x00000074f4300000,0x00000074f4400000)]
  0x0000018fa45fca50 JavaThread "Monitor Deflation Thread" daemon [_thread_blocked, id=27656, stack(0x00000074f4400000,0x00000074f4500000)]
  0x0000018fa46005a0 JavaThread "C2 CompilerThread0" daemon [_thread_blocked, id=9976, stack(0x00000074f4500000,0x00000074f4600000)]
  0x0000018fa4603670 JavaThread "C1 CompilerThread0" daemon [_thread_blocked, id=18644, stack(0x00000074f4600000,0x00000074f4700000)]
  0x0000018fa4626f90 JavaThread "Sweeper thread" daemon [_thread_blocked, id=22304, stack(0x00000074f4700000,0x00000074f4800000)]
  0x0000018fa4725940 JavaThread "Common-Cleaner" daemon [_thread_blocked, id=10108, stack(0x00000074f4800000,0x00000074f4900000)]
  0x0000018fa47c2160 JavaThread "Notification Thread" daemon [_thread_blocked, id=17284, stack(0x00000074f4900000,0x00000074f4a00000)]
  0x0000018fbf633640 JavaThread "Daemon health stats" [_thread_blocked, id=31704, stack(0x00000074f5100000,0x00000074f5200000)]
  0x0000018fbf463a40 JavaThread "Incoming local TCP Connector on port 59284" [_thread_in_native, id=13060, stack(0x00000074f5200000,0x00000074f5300000)]
  0x0000018fbf8089f0 JavaThread "Daemon periodic checks" [_thread_blocked, id=2404, stack(0x00000074f5300000,0x00000074f5400000)]
  0x0000018fbf6a0bf0 JavaThread "Daemon" [_thread_blocked, id=28636, stack(0x00000074f5400000,0x00000074f5500000)]
  0x0000018fbf6a10d0 JavaThread "Handler for socket connection from /127.0.0.1:59284 to /127.0.0.1:59285" [_thread_in_native, id=26372, stack(0x00000074f5500000,0x00000074f5600000)]
  0x0000018fbf6a55c0 JavaThread "Cancel handler" [_thread_blocked, id=18812, stack(0x00000074f5600000,0x00000074f5700000)]
  0x0000018fbf6a4180 JavaThread "Daemon worker" [_thread_in_native, id=10040, stack(0x00000074f5700000,0x00000074f5800000)]
  0x0000018fbf6a4ba0 JavaThread "Asynchronous log dispatcher for DefaultDaemonConnection: socket connection from /127.0.0.1:59284 to /127.0.0.1:59285" [_thread_blocked, id=5832, stack(0x00000074f5800000,0x00000074f5900000)]
  0x0000018fbf6a50b0 JavaThread "Stdin handler" [_thread_blocked, id=6816, stack(0x00000074f5900000,0x00000074f5a00000)]
  0x0000018fbf6a3c70 JavaThread "Daemon client event forwarder" [_thread_blocked, id=2464, stack(0x00000074f5a00000,0x00000074f5b00000)]
  0x0000018fbf6a4690 JavaThread "Cache worker for journal cache (C:\Users\HP\.gradle\caches\journal-1)" [_thread_blocked, id=26232, stack(0x00000074f5b00000,0x00000074f5c00000)]
  0x0000018fc0102280 JavaThread "File lock request listener" [_thread_in_native, id=28232, stack(0x00000074f5c00000,0x00000074f5d00000)]
  0x0000018fc0100e40 JavaThread "File lock release action executor" [_thread_blocked, id=8468, stack(0x00000074f5d00000,0x00000074f5e00000)]
  0x0000018fc00fff10 JavaThread "Cache worker for file hash cache (C:\Users\HP\.gradle\caches\8.9\fileHashes)" [_thread_blocked, id=6072, stack(0x00000074f5e00000,0x00000074f5f00000)]
  0x0000018fc0102ca0 JavaThread "Cache worker for file hash cache (D:\Parkitdemo\Updated-Sundukpay\node_modules\react-native-html-to-pdf\android\.gradle\8.9\fileHashes)" [_thread_blocked, id=16380, stack(0x00000074f6300000,0x00000074f6400000)]
  0x0000018fc0101860 JavaThread "Cache worker for Build Output Cleanup Cache (D:\Parkitdemo\Updated-Sundukpay\node_modules\react-native-html-to-pdf\android\.gradle\buildOutputCleanup)" [_thread_blocked, id=16680, stack(0x00000074f6400000,0x00000074f6500000)]
  0x0000018fc0101d70 JavaThread "File watcher server" daemon [_thread_in_native, id=21324, stack(0x00000074f6700000,0x00000074f6800000)]
  0x0000018fc00ffa00 JavaThread "File watcher consumer" daemon [_thread_blocked, id=19372, stack(0x00000074f6800000,0x00000074f6900000)]
  0x0000018fc0100420 JavaThread "jar transforms" [_thread_blocked, id=21692, stack(0x00000074f6900000,0x00000074f6a00000)]
  0x0000018fc0102790 JavaThread "jar transforms Thread 2" [_thread_blocked, id=30328, stack(0x00000074f6a00000,0x00000074f6b00000)]
  0x0000018fc00ff4f0 JavaThread "jar transforms Thread 3" [_thread_blocked, id=9184, stack(0x00000074f6b00000,0x00000074f6c00000)]
  0x0000018fc01036c0 JavaThread "Cache worker for checksums cache (D:\Parkitdemo\Updated-Sundukpay\node_modules\react-native-html-to-pdf\android\.gradle\8.9\checksums)" [_thread_blocked, id=20808, stack(0x00000074f6c00000,0x00000074f6d00000)]
  0x0000018fc0103bd0 JavaThread "Cache worker for file content cache (C:\Users\HP\.gradle\caches\8.9\fileContent)" [_thread_blocked, id=10960, stack(0x00000074f6d00000,0x00000074f6e00000)]
  0x0000018fc01040e0 JavaThread "Cache worker for cache directory md-rule (C:\Users\HP\.gradle\caches\8.9\md-rule)" [_thread_blocked, id=15268, stack(0x00000074f6e00000,0x00000074f6f00000)]
  0x0000018fc0101350 JavaThread "Cache worker for cache directory md-supplier (C:\Users\HP\.gradle\caches\8.9\md-supplier)" [_thread_blocked, id=31560, stack(0x00000074f6f00000,0x00000074f7000000)]
  0x0000018fc0100930 JavaThread "jar transforms Thread 4" [_thread_blocked, id=17068, stack(0x00000074f7000000,0x00000074f7100000)]
  0x0000018fc0105a30 JavaThread "jar transforms Thread 5" [_thread_blocked, id=9700, stack(0x00000074f7100000,0x00000074f7200000)]
  0x0000018fc0104b00 JavaThread "jar transforms Thread 6" [_thread_blocked, id=13252, stack(0x00000074f7200000,0x00000074f7300000)]
  0x0000018fc0105010 JavaThread "jar transforms Thread 7" [_thread_blocked, id=17636, stack(0x00000074f7300000,0x00000074f7400000)]
  0x0000018fc0105520 JavaThread "jar transforms Thread 8" [_thread_blocked, id=3920, stack(0x00000074f7400000,0x00000074f7500000)]
  0x0000018fc0105f40 JavaThread "jar transforms Thread 9" [_thread_blocked, id=9000, stack(0x00000074f7500000,0x00000074f7600000)]
  0x0000018fc0106e70 JavaThread "jar transforms Thread 10" [_thread_blocked, id=31196, stack(0x00000074f7600000,0x00000074f7700000)]
  0x0000018fc0106450 JavaThread "jar transforms Thread 11" [_thread_blocked, id=11592, stack(0x00000074f7700000,0x00000074f7800000)]
  0x0000018fc1ee2850 JavaThread "jar transforms Thread 12" [_thread_blocked, id=19656, stack(0x00000074f7800000,0x00000074f7900000)]
  0x0000018fc1ee46b0 JavaThread "Unconstrained build operations" [_thread_blocked, id=8336, stack(0x00000074f5000000,0x00000074f5100000)]
  0x0000018fc1ee1e30 JavaThread "Unconstrained build operations Thread 2" [_thread_blocked, id=3896, stack(0x00000074f7900000,0x00000074f7a00000)]
  0x0000018fc1ee4bc0 JavaThread "Unconstrained build operations Thread 3" [_thread_blocked, id=9564, stack(0x00000074f7a00000,0x00000074f7b00000)]
  0x0000018fc1ee50d0 JavaThread "Unconstrained build operations Thread 4" [_thread_blocked, id=14236, stack(0x00000074f7b00000,0x00000074f7c00000)]
  0x0000018fc1ee5af0 JavaThread "Unconstrained build operations Thread 5" [_thread_blocked, id=22848, stack(0x00000074f7c00000,0x00000074f7d00000)]
  0x0000018fc1ee2d60 JavaThread "Unconstrained build operations Thread 6" [_thread_blocked, id=5724, stack(0x00000074f7d00000,0x00000074f7e00000)]
  0x0000018fc1ee2340 JavaThread "Unconstrained build operations Thread 7" [_thread_blocked, id=31284, stack(0x00000074f7e00000,0x00000074f7f00000)]
  0x0000018fc1ee41a0 JavaThread "Unconstrained build operations Thread 8" [_thread_blocked, id=29160, stack(0x00000074f7f00000,0x00000074f8000000)]
  0x0000018fc1ee6510 JavaThread "Unconstrained build operations Thread 9" [_thread_blocked, id=19184, stack(0x00000074f8000000,0x00000074f8100000)]
  0x0000018fc1ee6000 JavaThread "Unconstrained build operations Thread 10" [_thread_blocked, id=22284, stack(0x00000074f8100000,0x00000074f8200000)]
  0x0000018fc1ee6a20 JavaThread "Unconstrained build operations Thread 11" [_thread_blocked, id=20632, stack(0x00000074f8200000,0x00000074f8300000)]
  0x0000018fc1ee3270 JavaThread "Unconstrained build operations Thread 12" [_thread_blocked, id=9640, stack(0x00000074f8400000,0x00000074f8500000)]
  0x0000018fc1ee6f30 JavaThread "Unconstrained build operations Thread 13" [_thread_blocked, id=26572, stack(0x00000074f8500000,0x00000074f8600000)]
  0x0000018fc1ee3c90 JavaThread "Unconstrained build operations Thread 14" [_thread_blocked, id=18032, stack(0x00000074f8600000,0x00000074f8700000)]
  0x0000018fc1ee3780 JavaThread "Unconstrained build operations Thread 15" [_thread_blocked, id=15568, stack(0x00000074f8700000,0x00000074f8800000)]
  0x0000018fc1ee7440 JavaThread "Unconstrained build operations Thread 16" [_thread_blocked, id=24268, stack(0x00000074f8800000,0x00000074f8900000)]
  0x0000018fc1ee8370 JavaThread "Unconstrained build operations Thread 17" [_thread_blocked, id=8640, stack(0x00000074f8900000,0x00000074f8a00000)]
  0x0000018fc1ee7950 JavaThread "Unconstrained build operations Thread 18" [_thread_blocked, id=31552, stack(0x00000074f8a00000,0x00000074f8b00000)]
  0x0000018fc1ee8880 JavaThread "Unconstrained build operations Thread 19" [_thread_blocked, id=26352, stack(0x00000074f8b00000,0x00000074f8c00000)]
  0x0000018fc1ee7e60 JavaThread "Unconstrained build operations Thread 20" [_thread_blocked, id=13376, stack(0x00000074f8c00000,0x00000074f8d00000)]
  0x0000018fc1ee92a0 JavaThread "Unconstrained build operations Thread 21" [_thread_blocked, id=12244, stack(0x00000074f8d00000,0x00000074f8e00000)]
  0x0000018fc1ee8d90 JavaThread "Unconstrained build operations Thread 22" [_thread_blocked, id=31516, stack(0x00000074f8e00000,0x00000074f8f00000)]
  0x0000018fc29efa30 JavaThread "Unconstrained build operations Thread 23" [_thread_blocked, id=1908, stack(0x00000074f9000000,0x00000074f9100000)]
  0x0000018fc29ef010 JavaThread "Unconstrained build operations Thread 24" [_thread_blocked, id=27720, stack(0x00000074f9100000,0x00000074f9200000)]
  0x0000018fc29ee5f0 JavaThread "Unconstrained build operations Thread 25" [_thread_blocked, id=1984, stack(0x00000074f9200000,0x00000074f9300000)]
  0x0000018fc29f0960 JavaThread "Unconstrained build operations Thread 26" [_thread_blocked, id=2448, stack(0x00000074f9300000,0x00000074f9400000)]
  0x0000018fc29ef520 JavaThread "Unconstrained build operations Thread 27" [_thread_blocked, id=18424, stack(0x00000074f9400000,0x00000074f9500000)]
  0x0000018fc29f1380 JavaThread "Unconstrained build operations Thread 28" [_thread_blocked, id=21304, stack(0x00000074f9500000,0x00000074f9600000)]
  0x0000018fc29f0e70 JavaThread "Unconstrained build operations Thread 29" [_thread_blocked, id=27292, stack(0x00000074f9600000,0x00000074f9700000)]
  0x0000018fc29eff40 JavaThread "Unconstrained build operations Thread 30" [_thread_blocked, id=660, stack(0x00000074f9700000,0x00000074f9800000)]
  0x0000018fc29eeb00 JavaThread "Unconstrained build operations Thread 31" [_thread_blocked, id=8792, stack(0x00000074f9800000,0x00000074f9900000)]
  0x0000018fc29ee0e0 JavaThread "Unconstrained build operations Thread 32" [_thread_blocked, id=5216, stack(0x00000074f9900000,0x00000074f9a00000)]
  0x0000018fc29f31e0 JavaThread "Unconstrained build operations Thread 33" [_thread_blocked, id=26064, stack(0x00000074f9a00000,0x00000074f9b00000)]
  0x0000018fc29f1890 JavaThread "Memory manager" [_thread_blocked, id=12820, stack(0x00000074f8300000,0x00000074f8400000)]
  0x0000018fc2cefd30 JavaThread "build event listener" [_thread_blocked, id=3168, stack(0x00000074f9f00000,0x00000074fa000000)]
  0x0000018fc241ca20 JavaThread "C2 CompilerThread1" daemon [_thread_blocked, id=16072, stack(0x00000074fa000000,0x00000074fa100000)]
=>0x0000018fc241da10 JavaThread "C2 CompilerThread2" daemon [_thread_in_native, id=24032, stack(0x00000074fa100000,0x00000074fa200000)]

Other Threads:
  0x0000018fa45d7870 VMThread "VM Thread" [stack: 0x00000074f3e00000,0x00000074f3f00000] [id=16132]
  0x0000018f895c0c10 WatcherThread [stack: 0x00000074f4a00000,0x00000074f4b00000] [id=21024]
  0x0000018f895eea80 GCTaskThread "GC Thread#0" [stack: 0x00000074f3900000,0x00000074f3a00000] [id=21592]
  0x0000018fbe189b00 GCTaskThread "GC Thread#1" [stack: 0x00000074f4b00000,0x00000074f4c00000] [id=14352]
  0x0000018fbe2d0b20 GCTaskThread "GC Thread#2" [stack: 0x00000074f4c00000,0x00000074f4d00000] [id=6064]
  0x0000018fbe56fcf0 GCTaskThread "GC Thread#3" [stack: 0x00000074f4d00000,0x00000074f4e00000] [id=1660]
  0x0000018fbe1020c0 GCTaskThread "GC Thread#4" [stack: 0x00000074f4e00000,0x00000074f4f00000] [id=20972]
  0x0000018fbe102380 GCTaskThread "GC Thread#5" [stack: 0x00000074f4f00000,0x00000074f5000000] [id=15292]
  0x0000018fbe2954e0 GCTaskThread "GC Thread#6" [stack: 0x00000074f5f00000,0x00000074f6000000] [id=3788]
  0x0000018fbe294f60 GCTaskThread "GC Thread#7" [stack: 0x00000074f6000000,0x00000074f6100000] [id=9292]
  0x0000018fbe295a60 GCTaskThread "GC Thread#8" [stack: 0x00000074f6100000,0x00000074f6200000] [id=25080]
  0x0000018fbe2957a0 GCTaskThread "GC Thread#9" [stack: 0x00000074f6200000,0x00000074f6300000] [id=28928]
  0x0000018f895f38e0 ConcurrentGCThread "G1 Main Marker" [stack: 0x00000074f3a00000,0x00000074f3b00000] [id=16232]
  0x0000018f895f4ee0 ConcurrentGCThread "G1 Conc#0" [stack: 0x00000074f3b00000,0x00000074f3c00000] [id=13232]
  0x0000018fbe2941a0 ConcurrentGCThread "G1 Conc#1" [stack: 0x00000074f6500000,0x00000074f6600000] [id=23800]
  0x0000018fc1813ef0 ConcurrentGCThread "G1 Conc#2" [stack: 0x00000074f6600000,0x00000074f6700000] [id=10548]
  0x0000018f8966df60 ConcurrentGCThread "G1 Refine#0" [stack: 0x00000074f3c00000,0x00000074f3d00000] [id=12428]
  0x0000018fbf9ab850 ConcurrentGCThread "G1 Refine#1" [stack: 0x00000074f8f00000,0x00000074f9000000] [id=31308]
  0x0000018fc29c5560 ConcurrentGCThread "G1 Refine#2" [stack: 0x00000074f9b00000,0x00000074f9c00000] [id=3988]
  0x0000018fc17f9bf0 ConcurrentGCThread "G1 Refine#3" [stack: 0x00000074f9c00000,0x00000074f9d00000] [id=24764]
  0x0000018fbeb85a00 ConcurrentGCThread "G1 Refine#4" [stack: 0x00000074f9d00000,0x00000074f9e00000] [id=28776]
  0x0000018fa47362d0 ConcurrentGCThread "G1 Refine#5" [stack: 0x00000074f9e00000,0x00000074f9f00000] [id=13164]
  0x0000018f8966e740 ConcurrentGCThread "G1 Service" [stack: 0x00000074f3d00000,0x00000074f3e00000] [id=21448]

Threads with active compile tasks:
C2 CompilerThread2    34192 13300       4       org.gradle.internal.instantiation.generator.AbstractClassGenerator::inspectType (560 bytes)

VM state: not at safepoint (normal execution)

VM Mutex/Monitor currently owned by a thread: None

Heap address: 0x00000000e0000000, size: 512 MB, Compressed Oops mode: 32-bit

CDS archive(s) mapped at: [0x0000018fa5000000-0x0000018fa5bb0000-0x0000018fa5bb0000), size 12255232, SharedBaseAddress: 0x0000018fa5000000, ArchiveRelocationMode: 1.
Compressed class space mapped at: 0x0000018fa6000000-0x0000018fba000000, reserved size: 335544320
Narrow klass base: 0x0000018fa5000000, Narrow klass shift: 0, Narrow klass range: 0x100000000

GC Precious Log:
 CPUs: 12 total, 12 available
 Memory: 7835M
 Large Page Support: Disabled
 NUMA Support: Disabled
 Compressed Oops: Enabled (32-bit)
 Heap Region Size: 1M
 Heap Min Capacity: 256M
 Heap Initial Capacity: 256M
 Heap Max Capacity: 512M
 Pre-touch: Disabled
 Parallel Workers: 10
 Concurrent Workers: 3
 Concurrent Refinement Workers: 10
 Periodic GC: Disabled

Heap:
 garbage-first heap   total 271360K, used 218198K [0x00000000e0000000, 0x0000000100000000)
  region size 1024K, 72 young (73728K), 10 survivors (10240K)
 Metaspace       used 78911K, committed 79616K, reserved 458752K
  class space    used 10806K, committed 11136K, reserved 327680K

Heap Regions: E=young(eden), S=young(survivor), O=old, HS=humongous(starts), HC=humongous(continues), CS=collection set, F=free, OA=open archive, CA=closed archive, TAMS=top-at-mark-start (previous, next)
|   0|0x00000000e0000000, 0x00000000e0100000, 0x00000000e0100000|100%|HS|  |TAMS 0x00000000e0100000, 0x00000000e0100000| Complete 
|   1|0x00000000e0100000, 0x00000000e0200000, 0x00000000e0200000|100%|HC|  |TAMS 0x00000000e0200000, 0x00000000e0200000| Complete 
|   2|0x00000000e0200000, 0x00000000e0300000, 0x00000000e0300000|100%|HC|  |TAMS 0x00000000e0300000, 0x00000000e0300000| Complete 
|   3|0x00000000e0300000, 0x00000000e0400000, 0x00000000e0400000|100%|HC|  |TAMS 0x00000000e0400000, 0x00000000e0400000| Complete 
|   4|0x00000000e0400000, 0x00000000e0500000, 0x00000000e0500000|100%| O|  |TAMS 0x00000000e0500000, 0x00000000e0500000| Untracked 
|   5|0x00000000e0500000, 0x00000000e0600000, 0x00000000e0600000|100%| O|  |TAMS 0x00000000e0600000, 0x00000000e0600000| Untracked 
|   6|0x00000000e0600000, 0x00000000e0700000, 0x00000000e0700000|100%| O|  |TAMS 0x00000000e0700000, 0x00000000e0700000| Untracked 
|   7|0x00000000e0700000, 0x00000000e0800000, 0x00000000e0800000|100%| O|  |TAMS 0x00000000e0800000, 0x00000000e0800000| Untracked 
|   8|0x00000000e0800000, 0x00000000e0900000, 0x00000000e0900000|100%| O|  |TAMS 0x00000000e0900000, 0x00000000e0900000| Untracked 
|   9|0x00000000e0900000, 0x00000000e0a00000, 0x00000000e0a00000|100%| O|  |TAMS 0x00000000e0a00000, 0x00000000e0a00000| Untracked 
|  10|0x00000000e0a00000, 0x00000000e0b00000, 0x00000000e0b00000|100%| O|  |TAMS 0x00000000e0b00000, 0x00000000e0b00000| Untracked 
|  11|0x00000000e0b00000, 0x00000000e0c00000, 0x00000000e0c00000|100%|HS|  |TAMS 0x00000000e0c00000, 0x00000000e0c00000| Complete 
|  12|0x00000000e0c00000, 0x00000000e0d00000, 0x00000000e0d00000|100%| O|  |TAMS 0x00000000e0d00000, 0x00000000e0d00000| Untracked 
|  13|0x00000000e0d00000, 0x00000000e0e00000, 0x00000000e0e00000|100%| O|  |TAMS 0x00000000e0e00000, 0x00000000e0e00000| Untracked 
|  14|0x00000000e0e00000, 0x00000000e0f00000, 0x00000000e0f00000|100%| O|  |TAMS 0x00000000e0f00000, 0x00000000e0f00000| Untracked 
|  15|0x00000000e0f00000, 0x00000000e1000000, 0x00000000e1000000|100%| O|  |TAMS 0x00000000e1000000, 0x00000000e1000000| Untracked 
|  16|0x00000000e1000000, 0x00000000e1100000, 0x00000000e1100000|100%| O|  |TAMS 0x00000000e1100000, 0x00000000e1100000| Untracked 
|  17|0x00000000e1100000, 0x00000000e1200000, 0x00000000e1200000|100%| O|  |TAMS 0x00000000e1200000, 0x00000000e1200000| Untracked 
|  18|0x00000000e1200000, 0x00000000e1300000, 0x00000000e1300000|100%| O|  |TAMS 0x00000000e1300000, 0x00000000e1300000| Untracked 
|  19|0x00000000e1300000, 0x00000000e1400000, 0x00000000e1400000|100%| O|  |TAMS 0x00000000e1400000, 0x00000000e1400000| Untracked 
|  20|0x00000000e1400000, 0x00000000e1500000, 0x00000000e1500000|100%| O|  |TAMS 0x00000000e1500000, 0x00000000e1500000| Untracked 
|  21|0x00000000e1500000, 0x00000000e1600000, 0x00000000e1600000|100%| O|  |TAMS 0x00000000e1600000, 0x00000000e1600000| Untracked 
|  22|0x00000000e1600000, 0x00000000e1700000, 0x00000000e1700000|100%| O|  |TAMS 0x00000000e1700000, 0x00000000e1700000| Untracked 
|  23|0x00000000e1700000, 0x00000000e1800000, 0x00000000e1800000|100%| O|  |TAMS 0x00000000e1700000, 0x00000000e1800000| Untracked 
|  24|0x00000000e1800000, 0x00000000e1900000, 0x00000000e1900000|100%| O|  |TAMS 0x00000000e1900000, 0x00000000e1900000| Untracked 
|  25|0x00000000e1900000, 0x00000000e1a00000, 0x00000000e1a00000|100%| O|  |TAMS 0x00000000e1a00000, 0x00000000e1a00000| Untracked 
|  26|0x00000000e1a00000, 0x00000000e1b00000, 0x00000000e1b00000|100%| O|  |TAMS 0x00000000e1b00000, 0x00000000e1b00000| Untracked 
|  27|0x00000000e1b00000, 0x00000000e1c00000, 0x00000000e1c00000|100%| O|  |TAMS 0x00000000e1c00000, 0x00000000e1c00000| Untracked 
|  28|0x00000000e1c00000, 0x00000000e1d00000, 0x00000000e1d00000|100%| O|  |TAMS 0x00000000e1d00000, 0x00000000e1d00000| Untracked 
|  29|0x00000000e1d00000, 0x00000000e1e00000, 0x00000000e1e00000|100%| O|  |TAMS 0x00000000e1e00000, 0x00000000e1e00000| Untracked 
|  30|0x00000000e1e00000, 0x00000000e1f00000, 0x00000000e1f00000|100%| O|  |TAMS 0x00000000e1f00000, 0x00000000e1f00000| Untracked 
|  31|0x00000000e1f00000, 0x00000000e2000000, 0x00000000e2000000|100%| O|  |TAMS 0x00000000e2000000, 0x00000000e2000000| Untracked 
|  32|0x00000000e2000000, 0x00000000e2100000, 0x00000000e2100000|100%| O|  |TAMS 0x00000000e2100000, 0x00000000e2100000| Untracked 
|  33|0x00000000e2100000, 0x00000000e2200000, 0x00000000e2200000|100%| O|  |TAMS 0x00000000e2200000, 0x00000000e2200000| Untracked 
|  34|0x00000000e2200000, 0x00000000e2300000, 0x00000000e2300000|100%| O|  |TAMS 0x00000000e2300000, 0x00000000e2300000| Untracked 
|  35|0x00000000e2300000, 0x00000000e2400000, 0x00000000e2400000|100%| O|  |TAMS 0x00000000e2400000, 0x00000000e2400000| Untracked 
|  36|0x00000000e2400000, 0x00000000e2500000, 0x00000000e2500000|100%| O|  |TAMS 0x00000000e2500000, 0x00000000e2500000| Untracked 
|  37|0x00000000e2500000, 0x00000000e2600000, 0x00000000e2600000|100%| O|  |TAMS 0x00000000e2600000, 0x00000000e2600000| Untracked 
|  38|0x00000000e2600000, 0x00000000e2700000, 0x00000000e2700000|100%| O|  |TAMS 0x00000000e2700000, 0x00000000e2700000| Untracked 
|  39|0x00000000e2700000, 0x00000000e2800000, 0x00000000e2800000|100%| O|  |TAMS 0x00000000e2800000, 0x00000000e2800000| Untracked 
|  40|0x00000000e2800000, 0x00000000e2900000, 0x00000000e2900000|100%| O|  |TAMS 0x00000000e2900000, 0x00000000e2900000| Untracked 
|  41|0x00000000e2900000, 0x00000000e2a00000, 0x00000000e2a00000|100%| O|  |TAMS 0x00000000e2a00000, 0x00000000e2a00000| Untracked 
|  42|0x00000000e2a00000, 0x00000000e2b00000, 0x00000000e2b00000|100%| O|  |TAMS 0x00000000e2b00000, 0x00000000e2b00000| Untracked 
|  43|0x00000000e2b00000, 0x00000000e2c00000, 0x00000000e2c00000|100%| O|  |TAMS 0x00000000e2c00000, 0x00000000e2c00000| Untracked 
|  44|0x00000000e2c00000, 0x00000000e2d00000, 0x00000000e2d00000|100%| O|  |TAMS 0x00000000e2d00000, 0x00000000e2d00000| Untracked 
|  45|0x00000000e2d00000, 0x00000000e2e00000, 0x00000000e2e00000|100%| O|  |TAMS 0x00000000e2e00000, 0x00000000e2e00000| Untracked 
|  46|0x00000000e2e00000, 0x00000000e2f00000, 0x00000000e2f00000|100%| O|  |TAMS 0x00000000e2f00000, 0x00000000e2f00000| Untracked 
|  47|0x00000000e2f00000, 0x00000000e3000000, 0x00000000e3000000|100%| O|  |TAMS 0x00000000e3000000, 0x00000000e3000000| Untracked 
|  48|0x00000000e3000000, 0x00000000e3100000, 0x00000000e3100000|100%| O|  |TAMS 0x00000000e3100000, 0x00000000e3100000| Untracked 
|  49|0x00000000e3100000, 0x00000000e3200000, 0x00000000e3200000|100%|HS|  |TAMS 0x00000000e3100000, 0x00000000e3200000| Complete 
|  50|0x00000000e3200000, 0x00000000e3300000, 0x00000000e3300000|100%|HS|  |TAMS 0x00000000e3200000, 0x00000000e3300000| Complete 
|  51|0x00000000e3300000, 0x00000000e3400000, 0x00000000e3400000|100%|HC|  |TAMS 0x00000000e3300000, 0x00000000e3400000| Complete 
|  52|0x00000000e3400000, 0x00000000e3500000, 0x00000000e3500000|100%| O|  |TAMS 0x00000000e3500000, 0x00000000e3500000| Untracked 
|  53|0x00000000e3500000, 0x00000000e3600000, 0x00000000e3600000|100%| O|  |TAMS 0x00000000e3600000, 0x00000000e3600000| Untracked 
|  54|0x00000000e3600000, 0x00000000e3700000, 0x00000000e3700000|100%| O|  |TAMS 0x00000000e3700000, 0x00000000e3700000| Untracked 
|  55|0x00000000e3700000, 0x00000000e3800000, 0x00000000e3800000|100%| O|  |TAMS 0x00000000e3800000, 0x00000000e3800000| Untracked 
|  56|0x00000000e3800000, 0x00000000e3900000, 0x00000000e3900000|100%| O|  |TAMS 0x00000000e3900000, 0x00000000e3900000| Untracked 
|  57|0x00000000e3900000, 0x00000000e3a00000, 0x00000000e3a00000|100%| O|  |TAMS 0x00000000e3a00000, 0x00000000e3a00000| Untracked 
|  58|0x00000000e3a00000, 0x00000000e3b00000, 0x00000000e3b00000|100%| O|  |TAMS 0x00000000e3b00000, 0x00000000e3b00000| Untracked 
|  59|0x00000000e3b00000, 0x00000000e3c00000, 0x00000000e3c00000|100%| O|  |TAMS 0x00000000e3c00000, 0x00000000e3c00000| Untracked 
|  60|0x00000000e3c00000, 0x00000000e3d00000, 0x00000000e3d00000|100%| O|  |TAMS 0x00000000e3d00000, 0x00000000e3d00000| Untracked 
|  61|0x00000000e3d00000, 0x00000000e3e00000, 0x00000000e3e00000|100%| O|  |TAMS 0x00000000e3e00000, 0x00000000e3e00000| Untracked 
|  62|0x00000000e3e00000, 0x00000000e3f00000, 0x00000000e3f00000|100%| O|  |TAMS 0x00000000e3f00000, 0x00000000e3f00000| Untracked 
|  63|0x00000000e3f00000, 0x00000000e4000000, 0x00000000e4000000|100%| O|  |TAMS 0x00000000e4000000, 0x00000000e4000000| Untracked 
|  64|0x00000000e4000000, 0x00000000e4100000, 0x00000000e4100000|100%| O|  |TAMS 0x00000000e4100000, 0x00000000e4100000| Untracked 
|  65|0x00000000e4100000, 0x00000000e4200000, 0x00000000e4200000|100%| O|  |TAMS 0x00000000e4200000, 0x00000000e4200000| Untracked 
|  66|0x00000000e4200000, 0x00000000e4300000, 0x00000000e4300000|100%| O|  |TAMS 0x00000000e4300000, 0x00000000e4300000| Untracked 
|  67|0x00000000e4300000, 0x00000000e4400000, 0x00000000e4400000|100%| O|  |TAMS 0x00000000e4400000, 0x00000000e4400000| Untracked 
|  68|0x00000000e4400000, 0x00000000e4500000, 0x00000000e4500000|100%| O|  |TAMS 0x00000000e4500000, 0x00000000e4500000| Untracked 
|  69|0x00000000e4500000, 0x00000000e4600000, 0x00000000e4600000|100%| O|  |TAMS 0x00000000e4600000, 0x00000000e4600000| Untracked 
|  70|0x00000000e4600000, 0x00000000e4700000, 0x00000000e4700000|100%| O|  |TAMS 0x00000000e4700000, 0x00000000e4700000| Untracked 
|  71|0x00000000e4700000, 0x00000000e4800000, 0x00000000e4800000|100%| O|  |TAMS 0x00000000e4800000, 0x00000000e4800000| Untracked 
|  72|0x00000000e4800000, 0x00000000e4900000, 0x00000000e4900000|100%| O|  |TAMS 0x00000000e4900000, 0x00000000e4900000| Untracked 
|  73|0x00000000e4900000, 0x00000000e4a00000, 0x00000000e4a00000|100%| O|  |TAMS 0x00000000e4a00000, 0x00000000e4a00000| Untracked 
|  74|0x00000000e4a00000, 0x00000000e4b00000, 0x00000000e4b00000|100%| O|  |TAMS 0x00000000e4b00000, 0x00000000e4b00000| Untracked 
|  75|0x00000000e4b00000, 0x00000000e4c00000, 0x00000000e4c00000|100%|HS|  |TAMS 0x00000000e4b00000, 0x00000000e4c00000| Complete 
|  76|0x00000000e4c00000, 0x00000000e4d00000, 0x00000000e4d00000|100%| O|  |TAMS 0x00000000e4d00000, 0x00000000e4d00000| Untracked 
|  77|0x00000000e4d00000, 0x00000000e4e00000, 0x00000000e4e00000|100%| O|  |TAMS 0x00000000e4e00000, 0x00000000e4e00000| Untracked 
|  78|0x00000000e4e00000, 0x00000000e4f00000, 0x00000000e4f00000|100%| O|  |TAMS 0x00000000e4f00000, 0x00000000e4f00000| Untracked 
|  79|0x00000000e4f00000, 0x00000000e5000000, 0x00000000e5000000|100%| O|  |TAMS 0x00000000e5000000, 0x00000000e5000000| Untracked 
|  80|0x00000000e5000000, 0x00000000e5100000, 0x00000000e5100000|100%| O|  |TAMS 0x00000000e5100000, 0x00000000e5100000| Untracked 
|  81|0x00000000e5100000, 0x00000000e5200000, 0x00000000e5200000|100%| O|  |TAMS 0x00000000e5200000, 0x00000000e5200000| Untracked 
|  82|0x00000000e5200000, 0x00000000e5300000, 0x00000000e5300000|100%| O|  |TAMS 0x00000000e5300000, 0x00000000e5300000| Untracked 
|  83|0x00000000e5300000, 0x00000000e5400000, 0x00000000e5400000|100%| O|  |TAMS 0x00000000e5400000, 0x00000000e5400000| Untracked 
|  84|0x00000000e5400000, 0x00000000e5500000, 0x00000000e5500000|100%| O|  |TAMS 0x00000000e5500000, 0x00000000e5500000| Untracked 
|  85|0x00000000e5500000, 0x00000000e5600000, 0x00000000e5600000|100%| O|  |TAMS 0x00000000e5600000, 0x00000000e5600000| Untracked 
|  86|0x00000000e5600000, 0x00000000e5700000, 0x00000000e5700000|100%| O|  |TAMS 0x00000000e5700000, 0x00000000e5700000| Untracked 
|  87|0x00000000e5700000, 0x00000000e5800000, 0x00000000e5800000|100%| O|  |TAMS 0x00000000e5800000, 0x00000000e5800000| Untracked 
|  88|0x00000000e5800000, 0x00000000e5900000, 0x00000000e5900000|100%| O|  |TAMS 0x00000000e5900000, 0x00000000e5900000| Untracked 
|  89|0x00000000e5900000, 0x00000000e5a00000, 0x00000000e5a00000|100%| O|  |TAMS 0x00000000e5a00000, 0x00000000e5a00000| Untracked 
|  90|0x00000000e5a00000, 0x00000000e5b00000, 0x00000000e5b00000|100%| O|  |TAMS 0x00000000e5b00000, 0x00000000e5b00000| Untracked 
|  91|0x00000000e5b00000, 0x00000000e5c00000, 0x00000000e5c00000|100%| O|  |TAMS 0x00000000e5c00000, 0x00000000e5c00000| Untracked 
|  92|0x00000000e5c00000, 0x00000000e5d00000, 0x00000000e5d00000|100%| O|  |TAMS 0x00000000e5d00000, 0x00000000e5d00000| Untracked 
|  93|0x00000000e5d00000, 0x00000000e5e00000, 0x00000000e5e00000|100%| O|  |TAMS 0x00000000e5e00000, 0x00000000e5e00000| Untracked 
|  94|0x00000000e5e00000, 0x00000000e5f00000, 0x00000000e5f00000|100%| O|  |TAMS 0x00000000e5f00000, 0x00000000e5f00000| Untracked 
|  95|0x00000000e5f00000, 0x00000000e6000000, 0x00000000e6000000|100%| O|  |TAMS 0x00000000e6000000, 0x00000000e6000000| Untracked 
|  96|0x00000000e6000000, 0x00000000e6100000, 0x00000000e6100000|100%| O|  |TAMS 0x00000000e6100000, 0x00000000e6100000| Untracked 
|  97|0x00000000e6100000, 0x00000000e6200000, 0x00000000e6200000|100%| O|  |TAMS 0x00000000e6200000, 0x00000000e6200000| Untracked 
|  98|0x00000000e6200000, 0x00000000e6300000, 0x00000000e6300000|100%| O|  |TAMS 0x00000000e6200000, 0x00000000e6300000| Untracked 
|  99|0x00000000e6300000, 0x00000000e6400000, 0x00000000e6400000|100%| O|  |TAMS 0x00000000e6400000, 0x00000000e6400000| Untracked 
| 100|0x00000000e6400000, 0x00000000e6500000, 0x00000000e6500000|100%| O|  |TAMS 0x00000000e6500000, 0x00000000e6500000| Untracked 
| 101|0x00000000e6500000, 0x00000000e6600000, 0x00000000e6600000|100%|HS|  |TAMS 0x00000000e6600000, 0x00000000e6600000| Complete 
| 102|0x00000000e6600000, 0x00000000e6700000, 0x00000000e6700000|100%| O|  |TAMS 0x00000000e6600000, 0x00000000e6700000| Untracked 
| 103|0x00000000e6700000, 0x00000000e6800000, 0x00000000e6800000|100%| O|  |TAMS 0x00000000e6700000, 0x00000000e6760600| Untracked 
| 104|0x00000000e6800000, 0x00000000e6900000, 0x00000000e6900000|100%| O|  |TAMS 0x00000000e6900000, 0x00000000e6900000| Untracked 
| 105|0x00000000e6900000, 0x00000000e6a00000, 0x00000000e6a00000|100%| O|  |TAMS 0x00000000e6a00000, 0x00000000e6a00000| Untracked 
| 106|0x00000000e6a00000, 0x00000000e6b00000, 0x00000000e6b00000|100%| O|  |TAMS 0x00000000e6b00000, 0x00000000e6b00000| Untracked 
| 107|0x00000000e6b00000, 0x00000000e6c00000, 0x00000000e6c00000|100%| O|  |TAMS 0x00000000e6c00000, 0x00000000e6c00000| Untracked 
| 108|0x00000000e6c00000, 0x00000000e6d00000, 0x00000000e6d00000|100%| O|  |TAMS 0x00000000e6d00000, 0x00000000e6d00000| Untracked 
| 109|0x00000000e6d00000, 0x00000000e6e00000, 0x00000000e6e00000|100%| O|  |TAMS 0x00000000e6e00000, 0x00000000e6e00000| Untracked 
| 110|0x00000000e6e00000, 0x00000000e6f00000, 0x00000000e6f00000|100%| O|  |TAMS 0x00000000e6f00000, 0x00000000e6f00000| Untracked 
| 111|0x00000000e6f00000, 0x00000000e7000000, 0x00000000e7000000|100%| O|  |TAMS 0x00000000e7000000, 0x00000000e7000000| Untracked 
| 112|0x00000000e7000000, 0x00000000e7100000, 0x00000000e7100000|100%|HS|  |TAMS 0x00000000e7000000, 0x00000000e7100000| Complete 
| 113|0x00000000e7100000, 0x00000000e7200000, 0x00000000e7200000|100%|HS|  |TAMS 0x00000000e7100000, 0x00000000e7100000| Complete 
| 114|0x00000000e7200000, 0x00000000e7300000, 0x00000000e7300000|100%|HC|  |TAMS 0x00000000e7200000, 0x00000000e7200000| Complete 
| 115|0x00000000e7300000, 0x00000000e7400000, 0x00000000e7400000|100%|HC|  |TAMS 0x00000000e7300000, 0x00000000e7300000| Complete 
| 116|0x00000000e7400000, 0x00000000e7500000, 0x00000000e7500000|100%|HS|  |TAMS 0x00000000e7400000, 0x00000000e7400000| Complete 
| 117|0x00000000e7500000, 0x00000000e7600000, 0x00000000e7600000|100%|HS|  |TAMS 0x00000000e7500000, 0x00000000e7500000| Complete 
| 118|0x00000000e7600000, 0x00000000e7700000, 0x00000000e7700000|100%| O|  |TAMS 0x00000000e7700000, 0x00000000e7700000| Untracked 
| 119|0x00000000e7700000, 0x00000000e7800000, 0x00000000e7800000|100%| O|  |TAMS 0x00000000e7800000, 0x00000000e7800000| Untracked 
| 120|0x00000000e7800000, 0x00000000e7900000, 0x00000000e7900000|100%|HS|  |TAMS 0x00000000e7800000, 0x00000000e7800000| Complete 
| 121|0x00000000e7900000, 0x00000000e7a00000, 0x00000000e7a00000|100%| O|  |TAMS 0x00000000e7900000, 0x00000000e7900000| Untracked 
| 122|0x00000000e7a00000, 0x00000000e7b00000, 0x00000000e7b00000|100%| O|  |TAMS 0x00000000e7b00000, 0x00000000e7b00000| Untracked 
| 123|0x00000000e7b00000, 0x00000000e7c00000, 0x00000000e7c00000|100%| O|  |TAMS 0x00000000e7c00000, 0x00000000e7c00000| Untracked 
| 124|0x00000000e7c00000, 0x00000000e7d00000, 0x00000000e7d00000|100%| O|  |TAMS 0x00000000e7c00000, 0x00000000e7c00000| Untracked 
| 125|0x00000000e7d00000, 0x00000000e7e00000, 0x00000000e7e00000|100%| O|  |TAMS 0x00000000e7e00000, 0x00000000e7e00000| Untracked 
| 126|0x00000000e7e00000, 0x00000000e7f00000, 0x00000000e7f00000|100%| O|  |TAMS 0x00000000e7f00000, 0x00000000e7f00000| Untracked 
| 127|0x00000000e7f00000, 0x00000000e8000000, 0x00000000e8000000|100%|HS|  |TAMS 0x00000000e7f00000, 0x00000000e7f00000| Complete 
| 128|0x00000000e8000000, 0x00000000e8100000, 0x00000000e8100000|100%|HC|  |TAMS 0x00000000e8000000, 0x00000000e8000000| Complete 
| 129|0x00000000e8100000, 0x00000000e8200000, 0x00000000e8200000|100%|HS|  |TAMS 0x00000000e8100000, 0x00000000e8100000| Complete 
| 130|0x00000000e8200000, 0x00000000e8300000, 0x00000000e8300000|100%| O|  |TAMS 0x00000000e8200000, 0x00000000e8200000| Untracked 
| 131|0x00000000e8300000, 0x00000000e8400000, 0x00000000e8400000|100%| O|  |TAMS 0x00000000e8400000, 0x00000000e8400000| Untracked 
| 132|0x00000000e8400000, 0x00000000e8500000, 0x00000000e8500000|100%| O|  |TAMS 0x00000000e8400000, 0x00000000e8400000| Untracked 
| 133|0x00000000e8500000, 0x00000000e8600000, 0x00000000e8600000|100%| O|  |TAMS 0x00000000e85c6e00, 0x00000000e8600000| Untracked 
| 134|0x00000000e8600000, 0x00000000e8700000, 0x00000000e8700000|100%| O|  |TAMS 0x00000000e8600000, 0x00000000e8600000| Untracked 
| 135|0x00000000e8700000, 0x00000000e8800000, 0x00000000e8800000|100%| O|  |TAMS 0x00000000e8700000, 0x00000000e8700000| Untracked 
| 136|0x00000000e8800000, 0x00000000e8900000, 0x00000000e8900000|100%| O|  |TAMS 0x00000000e8800000, 0x00000000e8800000| Untracked 
| 137|0x00000000e8900000, 0x00000000e8a00000, 0x00000000e8a00000|100%| O|  |TAMS 0x00000000e8900000, 0x00000000e8900000| Untracked 
| 138|0x00000000e8a00000, 0x00000000e8b00000, 0x00000000e8b00000|100%| O|  |TAMS 0x00000000e8a00000, 0x00000000e8a00000| Untracked 
| 139|0x00000000e8b00000, 0x00000000e8b15a00, 0x00000000e8c00000|  8%| O|  |TAMS 0x00000000e8b00000, 0x00000000e8b00000| Untracked 
| 140|0x00000000e8c00000, 0x00000000e8d00000, 0x00000000e8d00000|100%|HS|  |TAMS 0x00000000e8c00000, 0x00000000e8c00000| Complete 
| 141|0x00000000e8d00000, 0x00000000e8e00000, 0x00000000e8e00000|100%|HC|  |TAMS 0x00000000e8d00000, 0x00000000e8d00000| Complete 
| 142|0x00000000e8e00000, 0x00000000e8f00000, 0x00000000e8f00000|100%|HC|  |TAMS 0x00000000e8e00000, 0x00000000e8e00000| Complete 
| 143|0x00000000e8f00000, 0x00000000e8f00000, 0x00000000e9000000|  0%| F|  |TAMS 0x00000000e8f00000, 0x00000000e8f00000| Untracked 
| 144|0x00000000e9000000, 0x00000000e9000000, 0x00000000e9100000|  0%| F|  |TAMS 0x00000000e9000000, 0x00000000e9000000| Untracked 
| 145|0x00000000e9100000, 0x00000000e9100000, 0x00000000e9200000|  0%| F|  |TAMS 0x00000000e9100000, 0x00000000e9100000| Untracked 
| 146|0x00000000e9200000, 0x00000000e9200000, 0x00000000e9300000|  0%| F|  |TAMS 0x00000000e9200000, 0x00000000e9200000| Untracked 
| 147|0x00000000e9300000, 0x00000000e9300000, 0x00000000e9400000|  0%| F|  |TAMS 0x00000000e9300000, 0x00000000e9300000| Untracked 
| 148|0x00000000e9400000, 0x00000000e9400000, 0x00000000e9500000|  0%| F|  |TAMS 0x00000000e9400000, 0x00000000e9400000| Untracked 
| 149|0x00000000e9500000, 0x00000000e9500000, 0x00000000e9600000|  0%| F|  |TAMS 0x00000000e9500000, 0x00000000e9500000| Untracked 
| 150|0x00000000e9600000, 0x00000000e9600000, 0x00000000e9700000|  0%| F|  |TAMS 0x00000000e9600000, 0x00000000e9600000| Untracked 
| 151|0x00000000e9700000, 0x00000000e9700000, 0x00000000e9800000|  0%| F|  |TAMS 0x00000000e9700000, 0x00000000e9700000| Untracked 
| 152|0x00000000e9800000, 0x00000000e9800000, 0x00000000e9900000|  0%| F|  |TAMS 0x00000000e9800000, 0x00000000e9800000| Untracked 
| 153|0x00000000e9900000, 0x00000000e9900000, 0x00000000e9a00000|  0%| F|  |TAMS 0x00000000e9900000, 0x00000000e9900000| Untracked 
| 154|0x00000000e9a00000, 0x00000000e9a00000, 0x00000000e9b00000|  0%| F|  |TAMS 0x00000000e9a00000, 0x00000000e9a00000| Untracked 
| 155|0x00000000e9b00000, 0x00000000e9b00000, 0x00000000e9c00000|  0%| F|  |TAMS 0x00000000e9b00000, 0x00000000e9b00000| Untracked 
| 156|0x00000000e9c00000, 0x00000000e9c00000, 0x00000000e9d00000|  0%| F|  |TAMS 0x00000000e9c00000, 0x00000000e9c00000| Untracked 
| 157|0x00000000e9d00000, 0x00000000e9d00000, 0x00000000e9e00000|  0%| F|  |TAMS 0x00000000e9d00000, 0x00000000e9d00000| Untracked 
| 158|0x00000000e9e00000, 0x00000000e9e00000, 0x00000000e9f00000|  0%| F|  |TAMS 0x00000000e9e00000, 0x00000000e9e00000| Untracked 
| 159|0x00000000e9f00000, 0x00000000e9f00000, 0x00000000ea000000|  0%| F|  |TAMS 0x00000000e9f00000, 0x00000000e9f00000| Untracked 
| 160|0x00000000ea000000, 0x00000000ea000000, 0x00000000ea100000|  0%| F|  |TAMS 0x00000000ea000000, 0x00000000ea000000| Untracked 
| 161|0x00000000ea100000, 0x00000000ea200000, 0x00000000ea200000|100%| S|CS|TAMS 0x00000000ea100000, 0x00000000ea100000| Complete 
| 162|0x00000000ea200000, 0x00000000ea200000, 0x00000000ea300000|  0%| F|  |TAMS 0x00000000ea200000, 0x00000000ea200000| Untracked 
| 163|0x00000000ea300000, 0x00000000ea300000, 0x00000000ea400000|  0%| F|  |TAMS 0x00000000ea300000, 0x00000000ea300000| Untracked 
| 164|0x00000000ea400000, 0x00000000ea400000, 0x00000000ea500000|  0%| F|  |TAMS 0x00000000ea400000, 0x00000000ea400000| Untracked 
| 165|0x00000000ea500000, 0x00000000ea500000, 0x00000000ea600000|  0%| F|  |TAMS 0x00000000ea500000, 0x00000000ea500000| Untracked 
| 166|0x00000000ea600000, 0x00000000ea600000, 0x00000000ea700000|  0%| F|  |TAMS 0x00000000ea600000, 0x00000000ea600000| Untracked 
| 167|0x00000000ea700000, 0x00000000ea700000, 0x00000000ea800000|  0%| F|  |TAMS 0x00000000ea700000, 0x00000000ea700000| Untracked 
| 168|0x00000000ea800000, 0x00000000ea800000, 0x00000000ea900000|  0%| F|  |TAMS 0x00000000ea800000, 0x00000000ea800000| Untracked 
| 169|0x00000000ea900000, 0x00000000ea900000, 0x00000000eaa00000|  0%| F|  |TAMS 0x00000000ea900000, 0x00000000ea900000| Untracked 
| 170|0x00000000eaa00000, 0x00000000eaa00000, 0x00000000eab00000|  0%| F|  |TAMS 0x00000000eaa00000, 0x00000000eaa00000| Untracked 
| 171|0x00000000eab00000, 0x00000000eab00000, 0x00000000eac00000|  0%| F|  |TAMS 0x00000000eab00000, 0x00000000eab00000| Untracked 
| 172|0x00000000eac00000, 0x00000000eac00000, 0x00000000ead00000|  0%| F|  |TAMS 0x00000000eac00000, 0x00000000eac00000| Untracked 
| 173|0x00000000ead00000, 0x00000000ead00000, 0x00000000eae00000|  0%| F|  |TAMS 0x00000000ead00000, 0x00000000ead00000| Untracked 
| 174|0x00000000eae00000, 0x00000000eae00000, 0x00000000eaf00000|  0%| F|  |TAMS 0x00000000eae00000, 0x00000000eae00000| Untracked 
| 175|0x00000000eaf00000, 0x00000000eb000000, 0x00000000eb000000|100%| S|CS|TAMS 0x00000000eaf00000, 0x00000000eaf00000| Complete 
| 176|0x00000000eb000000, 0x00000000eb100000, 0x00000000eb100000|100%| S|CS|TAMS 0x00000000eb000000, 0x00000000eb000000| Complete 
| 177|0x00000000eb100000, 0x00000000eb200000, 0x00000000eb200000|100%| S|CS|TAMS 0x00000000eb100000, 0x00000000eb100000| Complete 
| 178|0x00000000eb200000, 0x00000000eb300000, 0x00000000eb300000|100%| S|CS|TAMS 0x00000000eb200000, 0x00000000eb200000| Complete 
| 179|0x00000000eb300000, 0x00000000eb400000, 0x00000000eb400000|100%| S|CS|TAMS 0x00000000eb300000, 0x00000000eb300000| Complete 
| 180|0x00000000eb400000, 0x00000000eb500000, 0x00000000eb500000|100%| S|CS|TAMS 0x00000000eb400000, 0x00000000eb400000| Complete 
| 181|0x00000000eb500000, 0x00000000eb600000, 0x00000000eb600000|100%| S|CS|TAMS 0x00000000eb500000, 0x00000000eb500000| Complete 
| 182|0x00000000eb600000, 0x00000000eb700000, 0x00000000eb700000|100%| S|CS|TAMS 0x00000000eb600000, 0x00000000eb600000| Complete 
| 183|0x00000000eb700000, 0x00000000eb800000, 0x00000000eb800000|100%| S|CS|TAMS 0x00000000eb700000, 0x00000000eb700000| Complete 
| 184|0x00000000eb800000, 0x00000000eb800000, 0x00000000eb900000|  0%| F|  |TAMS 0x00000000eb800000, 0x00000000eb800000| Untracked 
| 185|0x00000000eb900000, 0x00000000eb900000, 0x00000000eba00000|  0%| F|  |TAMS 0x00000000eb900000, 0x00000000eb900000| Untracked 
| 186|0x00000000eba00000, 0x00000000eba00000, 0x00000000ebb00000|  0%| F|  |TAMS 0x00000000eba00000, 0x00000000eba00000| Untracked 
| 187|0x00000000ebb00000, 0x00000000ebb00000, 0x00000000ebc00000|  0%| F|  |TAMS 0x00000000ebb00000, 0x00000000ebb00000| Untracked 
| 188|0x00000000ebc00000, 0x00000000ebc00000, 0x00000000ebd00000|  0%| F|  |TAMS 0x00000000ebc00000, 0x00000000ebc00000| Untracked 
| 189|0x00000000ebd00000, 0x00000000ebd00000, 0x00000000ebe00000|  0%| F|  |TAMS 0x00000000ebd00000, 0x00000000ebd00000| Untracked 
| 190|0x00000000ebe00000, 0x00000000ebe00000, 0x00000000ebf00000|  0%| F|  |TAMS 0x00000000ebe00000, 0x00000000ebe00000| Untracked 
| 191|0x00000000ebf00000, 0x00000000ebf00000, 0x00000000ec000000|  0%| F|  |TAMS 0x00000000ebf00000, 0x00000000ebf00000| Untracked 
| 192|0x00000000ec000000, 0x00000000ec000000, 0x00000000ec100000|  0%| F|  |TAMS 0x00000000ec000000, 0x00000000ec000000| Untracked 
| 193|0x00000000ec100000, 0x00000000ec100000, 0x00000000ec200000|  0%| F|  |TAMS 0x00000000ec100000, 0x00000000ec100000| Untracked 
| 194|0x00000000ec200000, 0x00000000ec200000, 0x00000000ec300000|  0%| F|  |TAMS 0x00000000ec200000, 0x00000000ec200000| Untracked 
| 195|0x00000000ec300000, 0x00000000ec300000, 0x00000000ec400000|  0%| F|  |TAMS 0x00000000ec300000, 0x00000000ec300000| Untracked 
| 196|0x00000000ec400000, 0x00000000ec400000, 0x00000000ec500000|  0%| F|  |TAMS 0x00000000ec400000, 0x00000000ec400000| Untracked 
| 197|0x00000000ec500000, 0x00000000ec500000, 0x00000000ec600000|  0%| F|  |TAMS 0x00000000ec500000, 0x00000000ec500000| Untracked 
| 198|0x00000000ec600000, 0x00000000ec600000, 0x00000000ec700000|  0%| F|  |TAMS 0x00000000ec600000, 0x00000000ec600000| Untracked 
| 199|0x00000000ec700000, 0x00000000ec700000, 0x00000000ec800000|  0%| F|  |TAMS 0x00000000ec700000, 0x00000000ec700000| Untracked 
| 200|0x00000000ec800000, 0x00000000ec800000, 0x00000000ec900000|  0%| F|  |TAMS 0x00000000ec800000, 0x00000000ec800000| Untracked 
| 201|0x00000000ec900000, 0x00000000ec900000, 0x00000000eca00000|  0%| F|  |TAMS 0x00000000ec900000, 0x00000000ec900000| Untracked 
| 202|0x00000000eca00000, 0x00000000eca80000, 0x00000000ecb00000| 50%| E|  |TAMS 0x00000000eca00000, 0x00000000eca00000| Complete 
| 203|0x00000000ecb00000, 0x00000000ecc00000, 0x00000000ecc00000|100%| E|CS|TAMS 0x00000000ecb00000, 0x00000000ecb00000| Complete 
| 204|0x00000000ecc00000, 0x00000000ecd00000, 0x00000000ecd00000|100%| E|CS|TAMS 0x00000000ecc00000, 0x00000000ecc00000| Complete 
| 205|0x00000000ecd00000, 0x00000000ece00000, 0x00000000ece00000|100%| E|CS|TAMS 0x00000000ecd00000, 0x00000000ecd00000| Complete 
| 206|0x00000000ece00000, 0x00000000ecf00000, 0x00000000ecf00000|100%| E|CS|TAMS 0x00000000ece00000, 0x00000000ece00000| Complete 
| 207|0x00000000ecf00000, 0x00000000ed000000, 0x00000000ed000000|100%| E|CS|TAMS 0x00000000ecf00000, 0x00000000ecf00000| Complete 
| 208|0x00000000ed000000, 0x00000000ed100000, 0x00000000ed100000|100%| E|CS|TAMS 0x00000000ed000000, 0x00000000ed000000| Complete 
| 209|0x00000000ed100000, 0x00000000ed200000, 0x00000000ed200000|100%| E|CS|TAMS 0x00000000ed100000, 0x00000000ed100000| Complete 
| 210|0x00000000ed200000, 0x00000000ed300000, 0x00000000ed300000|100%| E|CS|TAMS 0x00000000ed200000, 0x00000000ed200000| Complete 
| 211|0x00000000ed300000, 0x00000000ed400000, 0x00000000ed400000|100%| E|CS|TAMS 0x00000000ed300000, 0x00000000ed300000| Complete 
| 212|0x00000000ed400000, 0x00000000ed500000, 0x00000000ed500000|100%| E|CS|TAMS 0x00000000ed400000, 0x00000000ed400000| Complete 
| 213|0x00000000ed500000, 0x00000000ed600000, 0x00000000ed600000|100%| E|CS|TAMS 0x00000000ed500000, 0x00000000ed500000| Complete 
| 214|0x00000000ed600000, 0x00000000ed700000, 0x00000000ed700000|100%| E|CS|TAMS 0x00000000ed600000, 0x00000000ed600000| Complete 
| 215|0x00000000ed700000, 0x00000000ed800000, 0x00000000ed800000|100%| E|CS|TAMS 0x00000000ed700000, 0x00000000ed700000| Complete 
| 216|0x00000000ed800000, 0x00000000ed900000, 0x00000000ed900000|100%| E|CS|TAMS 0x00000000ed800000, 0x00000000ed800000| Complete 
| 217|0x00000000ed900000, 0x00000000eda00000, 0x00000000eda00000|100%| E|CS|TAMS 0x00000000ed900000, 0x00000000ed900000| Complete 
| 218|0x00000000eda00000, 0x00000000edb00000, 0x00000000edb00000|100%| E|CS|TAMS 0x00000000eda00000, 0x00000000eda00000| Complete 
| 219|0x00000000edb00000, 0x00000000edc00000, 0x00000000edc00000|100%| E|CS|TAMS 0x00000000edb00000, 0x00000000edb00000| Complete 
| 220|0x00000000edc00000, 0x00000000edd00000, 0x00000000edd00000|100%| E|CS|TAMS 0x00000000edc00000, 0x00000000edc00000| Complete 
| 221|0x00000000edd00000, 0x00000000ede00000, 0x00000000ede00000|100%| E|CS|TAMS 0x00000000edd00000, 0x00000000edd00000| Complete 
| 222|0x00000000ede00000, 0x00000000edf00000, 0x00000000edf00000|100%| E|CS|TAMS 0x00000000ede00000, 0x00000000ede00000| Complete 
| 223|0x00000000edf00000, 0x00000000ee000000, 0x00000000ee000000|100%| E|CS|TAMS 0x00000000edf00000, 0x00000000edf00000| Complete 
| 224|0x00000000ee000000, 0x00000000ee100000, 0x00000000ee100000|100%| E|CS|TAMS 0x00000000ee000000, 0x00000000ee000000| Complete 
| 225|0x00000000ee100000, 0x00000000ee200000, 0x00000000ee200000|100%| E|CS|TAMS 0x00000000ee100000, 0x00000000ee100000| Complete 
| 226|0x00000000ee200000, 0x00000000ee300000, 0x00000000ee300000|100%| E|CS|TAMS 0x00000000ee200000, 0x00000000ee200000| Complete 
| 227|0x00000000ee300000, 0x00000000ee400000, 0x00000000ee400000|100%| E|CS|TAMS 0x00000000ee300000, 0x00000000ee300000| Complete 
| 228|0x00000000ee400000, 0x00000000ee500000, 0x00000000ee500000|100%| E|CS|TAMS 0x00000000ee400000, 0x00000000ee400000| Complete 
| 229|0x00000000ee500000, 0x00000000ee600000, 0x00000000ee600000|100%| E|CS|TAMS 0x00000000ee500000, 0x00000000ee500000| Complete 
| 230|0x00000000ee600000, 0x00000000ee700000, 0x00000000ee700000|100%| E|CS|TAMS 0x00000000ee600000, 0x00000000ee600000| Complete 
| 231|0x00000000ee700000, 0x00000000ee800000, 0x00000000ee800000|100%| E|CS|TAMS 0x00000000ee700000, 0x00000000ee700000| Complete 
| 232|0x00000000ee800000, 0x00000000ee900000, 0x00000000ee900000|100%| E|CS|TAMS 0x00000000ee800000, 0x00000000ee800000| Complete 
| 233|0x00000000ee900000, 0x00000000eea00000, 0x00000000eea00000|100%| E|CS|TAMS 0x00000000ee900000, 0x00000000ee900000| Complete 
| 234|0x00000000eea00000, 0x00000000eeb00000, 0x00000000eeb00000|100%| E|CS|TAMS 0x00000000eea00000, 0x00000000eea00000| Complete 
| 235|0x00000000eeb00000, 0x00000000eec00000, 0x00000000eec00000|100%| E|CS|TAMS 0x00000000eeb00000, 0x00000000eeb00000| Complete 
| 236|0x00000000eec00000, 0x00000000eed00000, 0x00000000eed00000|100%| E|CS|TAMS 0x00000000eec00000, 0x00000000eec00000| Complete 
| 237|0x00000000eed00000, 0x00000000eee00000, 0x00000000eee00000|100%| E|CS|TAMS 0x00000000eed00000, 0x00000000eed00000| Complete 
| 238|0x00000000eee00000, 0x00000000eef00000, 0x00000000eef00000|100%| E|CS|TAMS 0x00000000eee00000, 0x00000000eee00000| Complete 
| 239|0x00000000eef00000, 0x00000000ef000000, 0x00000000ef000000|100%| E|CS|TAMS 0x00000000eef00000, 0x00000000eef00000| Complete 
| 240|0x00000000ef000000, 0x00000000ef100000, 0x00000000ef100000|100%| E|CS|TAMS 0x00000000ef000000, 0x00000000ef000000| Complete 
| 241|0x00000000ef100000, 0x00000000ef200000, 0x00000000ef200000|100%| E|CS|TAMS 0x00000000ef100000, 0x00000000ef100000| Complete 
| 242|0x00000000ef200000, 0x00000000ef300000, 0x00000000ef300000|100%| E|CS|TAMS 0x00000000ef200000, 0x00000000ef200000| Complete 
| 243|0x00000000ef300000, 0x00000000ef400000, 0x00000000ef400000|100%| E|CS|TAMS 0x00000000ef300000, 0x00000000ef300000| Complete 
| 244|0x00000000ef400000, 0x00000000ef500000, 0x00000000ef500000|100%| E|CS|TAMS 0x00000000ef400000, 0x00000000ef400000| Complete 
| 245|0x00000000ef500000, 0x00000000ef600000, 0x00000000ef600000|100%| E|CS|TAMS 0x00000000ef500000, 0x00000000ef500000| Complete 
| 246|0x00000000ef600000, 0x00000000ef700000, 0x00000000ef700000|100%| E|CS|TAMS 0x00000000ef600000, 0x00000000ef600000| Complete 
| 247|0x00000000ef700000, 0x00000000ef800000, 0x00000000ef800000|100%| E|CS|TAMS 0x00000000ef700000, 0x00000000ef700000| Complete 
| 248|0x00000000ef800000, 0x00000000ef900000, 0x00000000ef900000|100%| E|CS|TAMS 0x00000000ef800000, 0x00000000ef800000| Complete 
| 249|0x00000000ef900000, 0x00000000efa00000, 0x00000000efa00000|100%| E|CS|TAMS 0x00000000ef900000, 0x00000000ef900000| Complete 
| 250|0x00000000efa00000, 0x00000000efb00000, 0x00000000efb00000|100%| E|CS|TAMS 0x00000000efa00000, 0x00000000efa00000| Complete 
| 251|0x00000000efb00000, 0x00000000efc00000, 0x00000000efc00000|100%| E|CS|TAMS 0x00000000efb00000, 0x00000000efb00000| Complete 
| 252|0x00000000efc00000, 0x00000000efd00000, 0x00000000efd00000|100%| E|CS|TAMS 0x00000000efc00000, 0x00000000efc00000| Complete 
| 253|0x00000000efd00000, 0x00000000efe00000, 0x00000000efe00000|100%| E|CS|TAMS 0x00000000efd00000, 0x00000000efd00000| Complete 
| 254|0x00000000efe00000, 0x00000000eff00000, 0x00000000eff00000|100%| E|CS|TAMS 0x00000000efe00000, 0x00000000efe00000| Complete 
| 255|0x00000000eff00000, 0x00000000f0000000, 0x00000000f0000000|100%| E|CS|TAMS 0x00000000eff00000, 0x00000000eff00000| Complete 
| 256|0x00000000f0000000, 0x00000000f0100000, 0x00000000f0100000|100%| E|CS|TAMS 0x00000000f0000000, 0x00000000f0000000| Complete 
| 257|0x00000000f0100000, 0x00000000f0200000, 0x00000000f0200000|100%| E|CS|TAMS 0x00000000f0100000, 0x00000000f0100000| Complete 
| 258|0x00000000f0200000, 0x00000000f0300000, 0x00000000f0300000|100%| E|CS|TAMS 0x00000000f0200000, 0x00000000f0200000| Complete 
| 259|0x00000000f0300000, 0x00000000f0400000, 0x00000000f0400000|100%| E|CS|TAMS 0x00000000f0300000, 0x00000000f0300000| Complete 
| 260|0x00000000f0400000, 0x00000000f0500000, 0x00000000f0500000|100%| E|CS|TAMS 0x00000000f0400000, 0x00000000f0400000| Complete 
| 261|0x00000000f0500000, 0x00000000f0600000, 0x00000000f0600000|100%| E|CS|TAMS 0x00000000f0500000, 0x00000000f0500000| Complete 
| 262|0x00000000f0600000, 0x00000000f0700000, 0x00000000f0700000|100%| E|CS|TAMS 0x00000000f0600000, 0x00000000f0600000| Complete 
| 263|0x00000000f0700000, 0x00000000f0800000, 0x00000000f0800000|100%| E|CS|TAMS 0x00000000f0700000, 0x00000000f0700000| Complete 
| 264|0x00000000f0800000, 0x00000000f0900000, 0x00000000f0900000|100%| E|CS|TAMS 0x00000000f0800000, 0x00000000f0800000| Complete 

Card table byte_map: [0x0000018fa0750000,0x0000018fa0850000] _byte_map_base: 0x0000018fa0050000

Marking Bits (Prev, Next): (CMBitMap*) 0x0000018f895eeff0, (CMBitMap*) 0x0000018f895eefb0
 Prev Bits: [0x0000018fa1150000, 0x0000018fa1950000)
 Next Bits: [0x0000018fa0950000, 0x0000018fa1150000)

Polling page: 0x0000018f873b0000

Metaspace:

Usage:
  Non-class:     66.53 MB used.
      Class:     10.56 MB used.
       Both:     77.10 MB used.

Virtual space:
  Non-class space:      128.00 MB reserved,      66.88 MB ( 52%) committed,  2 nodes.
      Class space:      320.00 MB reserved,      10.88 MB (  3%) committed,  1 nodes.
             Both:      448.00 MB reserved,      77.75 MB ( 17%) committed. 

Chunk freelists:
   Non-Class:  13.02 MB
       Class:  4.95 MB
        Both:  17.97 MB

MaxMetaspaceSize: 384.00 MB
CompressedClassSpaceSize: 320.00 MB
Initial GC threshold: 21.00 MB
Current GC threshold: 86.81 MB
CDS: on
MetaspaceReclaimPolicy: balanced
 - commit_granule_bytes: 65536.
 - commit_granule_words: 8192.
 - virtual_space_node_default_size: 8388608.
 - enlarge_chunks_in_place: 1.
 - new_chunks_are_fully_committed: 0.
 - uncommit_free_chunks: 1.
 - use_allocation_guard: 0.
 - handle_deallocations: 1.


Internal statistics:

num_allocs_failed_limit: 6.
num_arena_births: 856.
num_arena_deaths: 8.
num_vsnodes_births: 3.
num_vsnodes_deaths: 0.
num_space_committed: 1244.
num_space_uncommitted: 0.
num_chunks_returned_to_freelist: 15.
num_chunks_taken_from_freelist: 4118.
num_chunk_merges: 8.
num_chunk_splits: 2707.
num_chunks_enlarged: 1831.
num_inconsistent_stats: 0.

CodeHeap 'non-profiled nmethods': size=120000Kb used=8361Kb max_used=8361Kb free=111638Kb
 bounds [0x0000018f98bd0000, 0x0000018f99400000, 0x0000018fa0100000]
CodeHeap 'profiled nmethods': size=120000Kb used=19231Kb max_used=19231Kb free=100769Kb
 bounds [0x0000018f91100000, 0x0000018f923d0000, 0x0000018f98630000]
CodeHeap 'non-nmethods': size=5760Kb used=2384Kb max_used=2426Kb free=3375Kb
 bounds [0x0000018f98630000, 0x0000018f988a0000, 0x0000018f98bd0000]
 total_blobs=11840 nmethods=10925 adapters=827
 compilation: enabled
              stopped_count=0, restarted_count=0
 full_count=0

Compilation events (20 events):
Event: 33.085 Thread 0x0000018fa4603670 nmethod 13419 0x0000018f923c2610 code [0x0000018f923c27c0, 0x0000018f923c2a58]
Event: 33.090 Thread 0x0000018fa46005a0 nmethod 13418 0x0000018f993f9690 code [0x0000018f993f9860, 0x0000018f993f9bd0]
Event: 33.095 Thread 0x0000018fa4603670 13420       3       it.unimi.dsi.fastutil.objects.ReferenceArrayList::add (55 bytes)
Event: 33.096 Thread 0x0000018fa4603670 nmethod 13420 0x0000018f923c2b10 code [0x0000018f923c2cc0, 0x0000018f923c2fe8]
Event: 33.096 Thread 0x0000018fa4603670 13421       3       it.unimi.dsi.fastutil.objects.ReferenceOpenHashSet::add (126 bytes)
Event: 33.096 Thread 0x0000018fa4603670 nmethod 13421 0x0000018f923c3110 code [0x0000018f923c3320, 0x0000018f923c3a08]
Event: 33.096 Thread 0x0000018fa4603670 13422       3       it.unimi.dsi.fastutil.objects.ReferenceArrayList::grow (137 bytes)
Event: 33.097 Thread 0x0000018fa4603670 nmethod 13422 0x0000018f923c3c10 code [0x0000018f923c3e00, 0x0000018f923c44d8]
Event: 33.097 Thread 0x0000018fa4603670 13423       3       org.gradle.api.internal.provider.EvaluationContext$PerThreadContext::pop (36 bytes)
Event: 33.097 Thread 0x0000018fa4603670 nmethod 13423 0x0000018f923c4710 code [0x0000018f923c48e0, 0x0000018f923c4d68]
Event: 33.097 Thread 0x0000018fa4603670 13424       3       it.unimi.dsi.fastutil.objects.ReferenceOpenHashSet::removeEntry (60 bytes)
Event: 33.097 Thread 0x0000018fa4603670 nmethod 13424 0x0000018f923c4e90 code [0x0000018f923c5040, 0x0000018f923c52d8]
Event: 33.097 Thread 0x0000018fa4603670 13425       3       it.unimi.dsi.fastutil.objects.ReferenceOpenHashSet::remove (95 bytes)
Event: 33.098 Thread 0x0000018fa4603670 nmethod 13425 0x0000018f923c5410 code [0x0000018f923c5620, 0x0000018f923c5b78]
Event: 33.105 Thread 0x0000018fa4603670 13427       3       java.util.WeakHashMap::getEntry (70 bytes)
Event: 33.106 Thread 0x0000018fa4603670 nmethod 13427 0x0000018f923c5d90 code [0x0000018f923c5fa0, 0x0000018f923c67f8]
Event: 33.106 Thread 0x0000018fa4603670 13426       3       java.util.WeakHashMap::containsKey (14 bytes)
Event: 33.106 Thread 0x0000018fa4603670 nmethod 13426 0x0000018f923c6b90 code [0x0000018f923c6d40, 0x0000018f923c6f48]
Event: 33.108 Thread 0x0000018fa4603670 13428       3       it.unimi.dsi.fastutil.objects.ReferenceArrayList::remove (138 bytes)
Event: 33.109 Thread 0x0000018fa4603670 nmethod 13428 0x0000018f923c7010 code [0x0000018f923c7260, 0x0000018f923c7908]

GC Heap History (20 events):
Event: 22.564 GC heap before
{Heap before GC invocations=40 (full 0):
 garbage-first heap   total 271360K, used 142974K [0x00000000e0000000, 0x0000000100000000)
  region size 1024K, 13 young (13312K), 5 survivors (5120K)
 Metaspace       used 52842K, committed 53440K, reserved 393216K
  class space    used 7284K, committed 7552K, reserved 327680K
}
Event: 22.570 GC heap after
{Heap after GC invocations=41 (full 0):
 garbage-first heap   total 271360K, used 125197K [0x00000000e0000000, 0x0000000100000000)
  region size 1024K, 1 young (1024K), 1 survivors (1024K)
 Metaspace       used 52842K, committed 53440K, reserved 393216K
  class space    used 7284K, committed 7552K, reserved 327680K
}
Event: 22.933 GC heap before
{Heap before GC invocations=41 (full 0):
 garbage-first heap   total 271360K, used 182541K [0x00000000e0000000, 0x0000000100000000)
  region size 1024K, 58 young (59392K), 1 survivors (1024K)
 Metaspace       used 52860K, committed 53440K, reserved 393216K
  class space    used 7285K, committed 7552K, reserved 327680K
}
Event: 22.934 GC heap after
{Heap after GC invocations=42 (full 0):
 garbage-first heap   total 271360K, used 124605K [0x00000000e0000000, 0x0000000100000000)
  region size 1024K, 1 young (1024K), 1 survivors (1024K)
 Metaspace       used 52860K, committed 53440K, reserved 393216K
  class space    used 7285K, committed 7552K, reserved 327680K
}
Event: 23.539 GC heap before
{Heap before GC invocations=43 (full 0):
 garbage-first heap   total 271360K, used 233149K [0x00000000e0000000, 0x0000000100000000)
  region size 1024K, 106 young (108544K), 1 survivors (1024K)
 Metaspace       used 52860K, committed 53440K, reserved 393216K
  class space    used 7285K, committed 7552K, reserved 327680K
}
Event: 23.542 GC heap after
{Heap after GC invocations=44 (full 0):
 garbage-first heap   total 271360K, used 124049K [0x00000000e0000000, 0x0000000100000000)
  region size 1024K, 1 young (1024K), 1 survivors (1024K)
 Metaspace       used 52860K, committed 53440K, reserved 393216K
  class space    used 7285K, committed 7552K, reserved 327680K
}
Event: 23.609 GC heap before
{Heap before GC invocations=44 (full 0):
 garbage-first heap   total 271360K, used 135313K [0x00000000e0000000, 0x0000000100000000)
  region size 1024K, 13 young (13312K), 1 survivors (1024K)
 Metaspace       used 52860K, committed 53440K, reserved 393216K
  class space    used 7285K, committed 7552K, reserved 327680K
}
Event: 23.612 GC heap after
{Heap after GC invocations=45 (full 0):
 garbage-first heap   total 271360K, used 118288K [0x00000000e0000000, 0x0000000100000000)
  region size 1024K, 1 young (1024K), 1 survivors (1024K)
 Metaspace       used 52860K, committed 53440K, reserved 393216K
  class space    used 7285K, committed 7552K, reserved 327680K
}
Event: 24.241 GC heap before
{Heap before GC invocations=45 (full 0):
 garbage-first heap   total 271360K, used 234000K [0x00000000e0000000, 0x0000000100000000)
  region size 1024K, 113 young (115712K), 1 survivors (1024K)
 Metaspace       used 52860K, committed 53440K, reserved 393216K
  class space    used 7285K, committed 7552K, reserved 327680K
}
Event: 24.243 GC heap after
{Heap after GC invocations=46 (full 0):
 garbage-first heap   total 271360K, used 119396K [0x00000000e0000000, 0x0000000100000000)
  region size 1024K, 2 young (2048K), 2 survivors (2048K)
 Metaspace       used 52860K, committed 53440K, reserved 393216K
  class space    used 7285K, committed 7552K, reserved 327680K
}
Event: 24.851 GC heap before
{Heap before GC invocations=46 (full 0):
 garbage-first heap   total 271360K, used 234084K [0x00000000e0000000, 0x0000000100000000)
  region size 1024K, 114 young (116736K), 2 survivors (2048K)
 Metaspace       used 52860K, committed 53440K, reserved 393216K
  class space    used 7285K, committed 7552K, reserved 327680K
}
Event: 24.853 GC heap after
{Heap after GC invocations=47 (full 0):
 garbage-first heap   total 271360K, used 119206K [0x00000000e0000000, 0x0000000100000000)
  region size 1024K, 2 young (2048K), 2 survivors (2048K)
 Metaspace       used 52860K, committed 53440K, reserved 393216K
  class space    used 7285K, committed 7552K, reserved 327680K
}
Event: 25.197 GC heap before
{Heap before GC invocations=47 (full 0):
 garbage-first heap   total 271360K, used 134566K [0x00000000e0000000, 0x0000000100000000)
  region size 1024K, 13 young (13312K), 2 survivors (2048K)
 Metaspace       used 53142K, committed 53760K, reserved 393216K
  class space    used 7321K, committed 7616K, reserved 327680K
}
Event: 25.199 GC heap after
{Heap after GC invocations=48 (full 0):
 garbage-first heap   total 271360K, used 127020K [0x00000000e0000000, 0x0000000100000000)
  region size 1024K, 4 young (4096K), 4 survivors (4096K)
 Metaspace       used 53142K, committed 53760K, reserved 393216K
  class space    used 7321K, committed 7616K, reserved 327680K
}
Event: 27.239 GC heap before
{Heap before GC invocations=48 (full 0):
 garbage-first heap   total 271360K, used 239660K [0x00000000e0000000, 0x0000000100000000)
  region size 1024K, 108 young (110592K), 4 survivors (4096K)
 Metaspace       used 58930K, committed 59584K, reserved 393216K
  class space    used 8122K, committed 8448K, reserved 327680K
}
Event: 27.245 GC heap after
{Heap after GC invocations=49 (full 0):
 garbage-first heap   total 271360K, used 138929K [0x00000000e0000000, 0x0000000100000000)
  region size 1024K, 11 young (11264K), 11 survivors (11264K)
 Metaspace       used 58930K, committed 59584K, reserved 393216K
  class space    used 8122K, committed 8448K, reserved 327680K
}
Event: 29.332 GC heap before
{Heap before GC invocations=49 (full 0):
 garbage-first heap   total 271360K, used 236209K [0x00000000e0000000, 0x0000000100000000)
  region size 1024K, 101 young (103424K), 11 survivors (11264K)
 Metaspace       used 66254K, committed 66944K, reserved 393216K
  class space    used 9085K, committed 9408K, reserved 327680K
}
Event: 29.340 GC heap after
{Heap after GC invocations=50 (full 0):
 garbage-first heap   total 271360K, used 146840K [0x00000000e0000000, 0x0000000100000000)
  region size 1024K, 13 young (13312K), 13 survivors (13312K)
 Metaspace       used 66254K, committed 66944K, reserved 393216K
  class space    used 9085K, committed 9408K, reserved 327680K
}
Event: 31.529 GC heap before
{Heap before GC invocations=50 (full 0):
 garbage-first heap   total 271360K, used 231832K [0x00000000e0000000, 0x0000000100000000)
  region size 1024K, 94 young (96256K), 13 survivors (13312K)
 Metaspace       used 73557K, committed 74176K, reserved 393216K
  class space    used 10069K, committed 10368K, reserved 327680K
}
Event: 31.536 GC heap after
{Heap after GC invocations=51 (full 0):
 garbage-first heap   total 271360K, used 152662K [0x00000000e0000000, 0x0000000100000000)
  region size 1024K, 10 young (10240K), 10 survivors (10240K)
 Metaspace       used 73557K, committed 74176K, reserved 393216K
  class space    used 10069K, committed 10368K, reserved 327680K
}

Dll operation events (15 events):
Event: 0.012 Loaded shared library C:\Program Files\Microsoft\jdk-17.0.15.6-hotspot\bin\java.dll
Event: 0.033 Loaded shared library C:\Program Files\Microsoft\jdk-17.0.15.6-hotspot\bin\jsvml.dll
Event: 0.091 Loaded shared library C:\Program Files\Microsoft\jdk-17.0.15.6-hotspot\bin\zip.dll
Event: 0.097 Loaded shared library C:\Program Files\Microsoft\jdk-17.0.15.6-hotspot\bin\instrument.dll
Event: 0.103 Loaded shared library C:\Program Files\Microsoft\jdk-17.0.15.6-hotspot\bin\net.dll
Event: 0.104 Loaded shared library C:\Program Files\Microsoft\jdk-17.0.15.6-hotspot\bin\nio.dll
Event: 0.107 Loaded shared library C:\Program Files\Microsoft\jdk-17.0.15.6-hotspot\bin\zip.dll
Event: 0.398 Loaded shared library C:\Program Files\Microsoft\jdk-17.0.15.6-hotspot\bin\jimage.dll
Event: 0.603 Loaded shared library C:\Program Files\Microsoft\jdk-17.0.15.6-hotspot\bin\verify.dll
Event: 0.768 Loaded shared library C:\Users\HP\.gradle\native\c067742578af261105cb4f569cf0c3c89f3d7b1fecec35dd04571415982c5e48\windows-amd64\native-platform.dll
Event: 0.782 Loaded shared library C:\Users\HP\.gradle\native\100fb08df4bc3b14c8652ba06237920a3bd2aa13389f12d3474272988ae205f9\windows-amd64\native-platform-file-events.dll
Event: 2.175 Loaded shared library C:\Program Files\Microsoft\jdk-17.0.15.6-hotspot\bin\management.dll
Event: 2.180 Loaded shared library C:\Program Files\Microsoft\jdk-17.0.15.6-hotspot\bin\management_ext.dll
Event: 2.359 Loaded shared library C:\Program Files\Microsoft\jdk-17.0.15.6-hotspot\bin\extnet.dll
Event: 2.606 Loaded shared library C:\Program Files\Microsoft\jdk-17.0.15.6-hotspot\bin\sunmscapi.dll

Deoptimization events (20 events):
Event: 33.038 Thread 0x0000018fbf6a3c70 Uncommon trap: trap_request=0xffffff45 fr.pc=0x0000018f993f3700 relative=0x00000000000006c0
Event: 33.038 Thread 0x0000018fbf6a3c70 Uncommon trap: reason=unstable_if action=reinterpret pc=0x0000018f993f3700 method=sun.nio.ch.SocketChannelImpl.write(Ljava/nio/ByteBuffer;)I @ 90 c2
Event: 33.038 Thread 0x0000018fbf6a3c70 DEOPT PACKING pc=0x0000018f993f3700 sp=0x00000074f5aff060
Event: 33.039 Thread 0x0000018fbf6a3c70 DEOPT UNPACKING pc=0x0000018f986869a3 sp=0x00000074f5afee80 mode 2
Event: 33.039 Thread 0x0000018fbf6a3c70 Uncommon trap: trap_request=0xffffff45 fr.pc=0x0000018f991dfb14 relative=0x0000000000000134
Event: 33.040 Thread 0x0000018fbf6a3c70 Uncommon trap: reason=unstable_if action=reinterpret pc=0x0000018f991dfb14 method=sun.nio.ch.IOUtil.writeFromNativeBuffer(Ljava/io/FileDescriptor;Ljava/nio/ByteBuffer;JZZILsun/nio/ch/NativeDispatcher;)I @ 157 c2
Event: 33.040 Thread 0x0000018fbf6a3c70 DEOPT PACKING pc=0x0000018f991dfb14 sp=0x00000074f5afec60
Event: 33.040 Thread 0x0000018fbf6a3c70 DEOPT UNPACKING pc=0x0000018f986869a3 sp=0x00000074f5afebf0 mode 2
Event: 33.045 Thread 0x0000018fbf6a3c70 Uncommon trap: trap_request=0xffffff45 fr.pc=0x0000018f98e95ac8 relative=0x00000000000001a8
Event: 33.045 Thread 0x0000018fbf6a3c70 Uncommon trap: reason=unstable_if action=reinterpret pc=0x0000018f98e95ac8 method=java.lang.ThreadLocal.get()Ljava/lang/Object; @ 11 c2
Event: 33.046 Thread 0x0000018fbf6a3c70 DEOPT PACKING pc=0x0000018f98e95ac8 sp=0x00000074f5afe850
Event: 33.046 Thread 0x0000018fbf6a3c70 DEOPT UNPACKING pc=0x0000018f986869a3 sp=0x00000074f5afe7e8 mode 2
Event: 33.057 Thread 0x0000018fbf6a4180 Uncommon trap: trap_request=0xffffff45 fr.pc=0x0000018f98e79b84 relative=0x0000000000001a24
Event: 33.057 Thread 0x0000018fbf6a4180 Uncommon trap: reason=unstable_if action=reinterpret pc=0x0000018f98e79b84 method=java.lang.ClassValue.match(Ljava/lang/ClassValue$Entry;)Z @ 12 c2
Event: 33.057 Thread 0x0000018fbf6a4180 DEOPT PACKING pc=0x0000018f98e79b84 sp=0x00000074f57f76b0
Event: 33.057 Thread 0x0000018fbf6a4180 DEOPT UNPACKING pc=0x0000018f986869a3 sp=0x00000074f57f74d8 mode 2
Event: 33.106 Thread 0x0000018fbf6a4180 Uncommon trap: trap_request=0xffffff76 fr.pc=0x0000018f993ebd44 relative=0x0000000000000e24
Event: 33.106 Thread 0x0000018fbf6a4180 Uncommon trap: reason=predicate action=maybe_recompile pc=0x0000018f993ebd44 method=com.google.common.collect.RegularImmutableMap.fromEntryArrayCheckingBucketOverflow(I[Ljava/util/Map$Entry;Z)Lcom/google/common/collect/ImmutableMap; @ 50 c2
Event: 33.106 Thread 0x0000018fbf6a4180 DEOPT PACKING pc=0x0000018f993ebd44 sp=0x00000074f57f7190
Event: 33.106 Thread 0x0000018fbf6a4180 DEOPT UNPACKING pc=0x0000018f986869a3 sp=0x00000074f57f7138 mode 2

Classes loaded (20 events):
Event: 31.781 Loading class javax/management/NotificationFilter
Event: 31.781 Loading class javax/management/NotificationFilter done
Event: 31.781 Loading class javax/management/ListenerNotFoundException
Event: 31.781 Loading class javax/management/OperationsException
Event: 31.781 Loading class javax/management/JMException
Event: 31.782 Loading class javax/management/JMException done
Event: 31.782 Loading class javax/management/OperationsException done
Event: 31.782 Loading class javax/management/ListenerNotFoundException done
Event: 31.782 Loading class jdk/jfr/Recording
Event: 31.785 Loading class jdk/jfr/Recording done
Event: 31.785 Loading class jdk/jfr/FlightRecorder
Event: 31.786 Loading class jdk/jfr/FlightRecorder done
Event: 31.786 Loading class jdk/management/jfr/FlightRecorderMXBeanImpl$MXBeanListener
Event: 31.786 Loading class jdk/jfr/FlightRecorderListener
Event: 31.786 Loading class jdk/jfr/FlightRecorderListener done
Event: 31.786 Loading class jdk/management/jfr/FlightRecorderMXBeanImpl$MXBeanListener done
Event: 31.826 Loading class com/sun/jmx/mbeanserver/StandardMBeanSupport
Event: 31.827 Loading class com/sun/jmx/mbeanserver/StandardMBeanSupport done
Event: 31.827 Loading class com/sun/jmx/mbeanserver/StandardMBeanIntrospector
Event: 31.828 Loading class com/sun/jmx/mbeanserver/StandardMBeanIntrospector done

Classes unloaded (4 events):
Event: 19.868 Thread 0x0000018fa45d7870 Unloading class 0x0000018fa6759000 'java/lang/invoke/LambdaForm$DMH+0x0000018fa6759000'
Event: 19.868 Thread 0x0000018fa45d7870 Unloading class 0x0000018fa6758c00 'java/lang/invoke/LambdaForm$DMH+0x0000018fa6758c00'
Event: 19.868 Thread 0x0000018fa45d7870 Unloading class 0x0000018fa6758800 'java/lang/invoke/LambdaForm$DMH+0x0000018fa6758800'
Event: 19.868 Thread 0x0000018fa45d7870 Unloading class 0x0000018fa6758400 'java/lang/invoke/LambdaForm$DMH+0x0000018fa6758400'

Classes redefined (0 events):
No events

Internal exceptions (20 events):
Event: 31.590 Thread 0x0000018fbf6a4180 Exception <a 'java/lang/NoSuchMethodError'{0x00000000f0539040}: static Lorg/jetbrains/kotlin/gradle/targets/js/nodejs/DefaultUnameExecutorVariantFactory;.<clinit>()V> (0x00000000f0539040) 
thrown [s\src\hotspot\share\prims\jni.cpp, line 1112]
Event: 31.591 Thread 0x0000018fbf6a4180 Exception <a 'java/lang/NoSuchMethodError'{0x00000000f0556e88}: static Lorg/jetbrains/kotlin/gradle/plugin/internal/DefaultBasePluginConfigurationVariantFactory;.<clinit>()V> (0x00000000f0556e88) 
thrown [s\src\hotspot\share\prims\jni.cpp, line 1112]
Event: 31.593 Thread 0x0000018fbf6a4180 Exception <a 'java/lang/NoSuchMethodError'{0x00000000f0575068}: static Lorg/jetbrains/kotlin/gradle/plugin/internal/DefaultAttributeConfigurationHelperVariantFactory;.<clinit>()V> (0x00000000f0575068) 
thrown [s\src\hotspot\share\prims\jni.cpp, line 1112]
Event: 31.685 Thread 0x0000018fbf6a4180 Exception <a 'java/lang/IncompatibleClassChangeError'{0x00000000f0290a80}: Found class java.lang.Object, but interface was expected> (0x00000000f0290a80) 
thrown [s\src\hotspot\share\interpreter\linkResolver.cpp, line 826]
Event: 32.087 Thread 0x0000018fbf6a4180 Implicit null exception at 0x0000018f98dcaf12 to 0x0000018f98dcb574
Event: 32.087 Thread 0x0000018fbf6a4180 Implicit null exception at 0x0000018f98de4f94 to 0x0000018f98de5604
Event: 33.045 Thread 0x0000018fbf6a3c70 Implicit null exception at 0x0000018f98e9595d to 0x0000018f98e95ab4
Event: 33.059 Thread 0x0000018fbf6a4180 Exception <a 'java/lang/ClassNotFoundException'{0x00000000ed112bb0}: org/jetbrains/kotlin/gradle/targets/js/npm/DefaultNpmDependencyExtensionBeanInfo> (0x00000000ed112bb0) 
thrown [s\src\hotspot\share\classfile\systemDictionary.cpp, line 256]
Event: 33.060 Thread 0x0000018fbf6a4180 Exception <a 'java/lang/ClassNotFoundException'{0x00000000ed11e630}: org/jetbrains/kotlin/gradle/targets/js/npm/DefaultNpmDependencyExtensionCustomizer> (0x00000000ed11e630) 
thrown [s\src\hotspot\share\classfile\systemDictionary.cpp, line 256]
Event: 33.068 Thread 0x0000018fbf6a4180 Exception <a 'java/lang/ClassNotFoundException'{0x00000000ed1a6190}: org/jetbrains/kotlin/gradle/targets/js/npm/NpmDependencyExtensionKt$defaultNpmDependencyDelegate$1BeanInfo> (0x00000000ed1a6190) 
thrown [s\src\hotspot\share\classfile\systemDictionary.cpp, line 256]
Event: 33.068 Thread 0x0000018fbf6a4180 Exception <a 'java/lang/ClassNotFoundException'{0x00000000ed1b1c50}: org/jetbrains/kotlin/gradle/targets/js/npm/NpmDependencyExtensionDelegateBeanInfo> (0x00000000ed1b1c50) 
thrown [s\src\hotspot\share\classfile\systemDictionary.cpp, line 256]
Event: 33.069 Thread 0x0000018fbf6a4180 Exception <a 'java/lang/ClassNotFoundException'{0x00000000ed1bd6e0}: org/jetbrains/kotlin/gradle/targets/js/npm/NpmDependencyExtensionDelegateCustomizer> (0x00000000ed1bd6e0) 
thrown [s\src\hotspot\share\classfile\systemDictionary.cpp, line 256]
Event: 33.071 Thread 0x0000018fbf6a4180 Exception <a 'java/lang/ClassNotFoundException'{0x00000000ed1eb9e0}: org/jetbrains/kotlin/gradle/targets/js/npm/NpmDependencyExtensionKt$defaultNpmDependencyDelegate$1Customizer> (0x00000000ed1eb9e0) 
thrown [s\src\hotspot\share\classfile\systemDictionary.cpp, line 256]
Event: 33.075 Thread 0x0000018fbf6a4180 Exception <a 'java/lang/ClassNotFoundException'{0x00000000ed028b90}: org/jetbrains/kotlin/gradle/targets/js/npm/DefaultDevNpmDependencyExtensionBeanInfo> (0x00000000ed028b90) 
thrown [s\src\hotspot\share\classfile\systemDictionary.cpp, line 256]
Event: 33.076 Thread 0x0000018fbf6a4180 Exception <a 'java/lang/ClassNotFoundException'{0x00000000ed034628}: org/jetbrains/kotlin/gradle/targets/js/npm/DefaultDevNpmDependencyExtensionCustomizer> (0x00000000ed034628) 
thrown [s\src\hotspot\share\classfile\systemDictionary.cpp, line 256]
Event: 33.080 Thread 0x0000018fbf6a4180 Exception <a 'java/lang/ClassNotFoundException'{0x00000000ed079dc8}: org/jetbrains/kotlin/gradle/targets/js/npm/DefaultPeerNpmDependencyExtensionBeanInfo> (0x00000000ed079dc8) 
thrown [s\src\hotspot\share\classfile\systemDictionary.cpp, line 256]
Event: 33.080 Thread 0x0000018fbf6a4180 Exception <a 'java/lang/ClassNotFoundException'{0x00000000ed085b28}: org/jetbrains/kotlin/gradle/targets/js/npm/DefaultPeerNpmDependencyExtensionCustomizer> (0x00000000ed085b28) 
thrown [s\src\hotspot\share\classfile\systemDictionary.cpp, line 256]
Event: 33.084 Thread 0x0000018fbf6a4180 Exception <a 'java/lang/ClassNotFoundException'{0x00000000ed0d3c20}: org/jetbrains/kotlin/gradle/targets/js/npm/DefaultPeerNpmDependencyExtension$delegate$1BeanInfo> (0x00000000ed0d3c20) 
thrown [s\src\hotspot\share\classfile\systemDictionary.cpp, line 256]
Event: 33.084 Thread 0x0000018fbf6a4180 Exception <a 'java/lang/ClassNotFoundException'{0x00000000ed0df910}: org/jetbrains/kotlin/gradle/targets/js/npm/DefaultPeerNpmDependencyExtension$delegate$1Customizer> (0x00000000ed0df910) 
thrown [s\src\hotspot\share\classfile\systemDictionary.cpp, line 256]
Event: 33.103 Thread 0x0000018fbf6a4180 Exception <a 'java/lang/NoSuchMethodError'{0x00000000ecfd2090}: static Lorg/jetbrains/kotlin/gradle/plugin/internal/DefaultIdeaSyncDetector$createIdeaPropertiesEvaluator$1;.<clinit>()V> (0x00000000ecfd2090) 
thrown [s\src\hotspot\share\prims\jni.cpp, line 1112]

VM Operations (20 events):
Event: 29.340 Executing VM operation: G1CollectForAllocation done
Event: 29.530 Executing VM operation: HandshakeAllThreads
Event: 29.531 Executing VM operation: HandshakeAllThreads done
Event: 30.103 Executing VM operation: ICBufferFull
Event: 30.104 Executing VM operation: ICBufferFull done
Event: 31.112 Executing VM operation: Cleanup
Event: 31.112 Executing VM operation: Cleanup done
Event: 31.492 Executing VM operation: HandshakeAllThreads
Event: 31.493 Executing VM operation: HandshakeAllThreads done
Event: 31.529 Executing VM operation: G1CollectForAllocation
Event: 31.536 Executing VM operation: G1CollectForAllocation done
Event: 31.928 Executing VM operation: HandshakeAllThreads
Event: 31.929 Executing VM operation: HandshakeAllThreads done
Event: 31.936 Executing VM operation: HandshakeAllThreads
Event: 31.937 Executing VM operation: HandshakeAllThreads done
Event: 32.252 Executing VM operation: HandshakeAllThreads
Event: 32.252 Executing VM operation: HandshakeAllThreads done
Event: 33.049 Executing VM operation: ICBufferFull
Event: 33.049 Executing VM operation: ICBufferFull done
Event: 34.050 Executing VM operation: Cleanup

Memory protections (0 events):
No events

Nmethod flushes (20 events):
Event: 22.723 Thread 0x0000018fa4626f90 flushing  nmethod 0x0000018f921fc090
Event: 22.723 Thread 0x0000018fa4626f90 flushing  nmethod 0x0000018f921fc790
Event: 22.723 Thread 0x0000018fa4626f90 flushing  nmethod 0x0000018f921fce90
Event: 22.723 Thread 0x0000018fa4626f90 flushing  nmethod 0x0000018f921fd690
Event: 22.723 Thread 0x0000018fa4626f90 flushing  nmethod 0x0000018f921fe110
Event: 22.723 Thread 0x0000018fa4626f90 flushing  nmethod 0x0000018f921fe610
Event: 22.723 Thread 0x0000018fa4626f90 flushing  nmethod 0x0000018f921fed90
Event: 29.539 Thread 0x0000018fa4626f90 flushing  nmethod 0x0000018f91278690
Event: 29.540 Thread 0x0000018fa4626f90 flushing  nmethod 0x0000018f9131a490
Event: 29.545 Thread 0x0000018fa4626f90 flushing  nmethod 0x0000018f917ba310
Event: 29.546 Thread 0x0000018fa4626f90 flushing  nmethod 0x0000018f91906d90
Event: 29.547 Thread 0x0000018fa4626f90 flushing  nmethod 0x0000018f919a3310
Event: 29.547 Thread 0x0000018fa4626f90 flushing  nmethod 0x0000018f919be310
Event: 29.549 Thread 0x0000018fa4626f90 flushing  nmethod 0x0000018f91bec010
Event: 29.549 Thread 0x0000018fa4626f90 flushing  nmethod 0x0000018f91bec590
Event: 29.552 Thread 0x0000018fa4626f90 flushing  nmethod 0x0000018f91de8090
Event: 29.554 Thread 0x0000018fa4626f90 flushing  nmethod 0x0000018f9204cd90
Event: 29.554 Thread 0x0000018fa4626f90 flushing  nmethod 0x0000018f9204ea10
Event: 29.555 Thread 0x0000018fa4626f90 flushing  nmethod 0x0000018f92098590
Event: 29.556 Thread 0x0000018fa4626f90 flushing  nmethod 0x0000018f921fc410

Events (20 events):
Event: 22.162 Thread 0x0000018fa46005a0 Thread added: 0x0000018fbeb7aeb0
Event: 22.162 Thread 0x0000018fa46005a0 Thread added: 0x0000018fc3e5e780
Event: 22.861 Thread 0x0000018fc3e5e780 Thread exited: 0x0000018fc3e5e780
Event: 23.475 Thread 0x0000018fbeb7aeb0 Thread exited: 0x0000018fbeb7aeb0
Event: 23.634 Thread 0x0000018fa46005a0 Thread added: 0x0000018fc3b53df0
Event: 24.244 Thread 0x0000018fc3b53df0 Thread exited: 0x0000018fc3b53df0
Event: 24.875 Thread 0x0000018fa4603670 Thread added: 0x0000018fc3b53df0
Event: 25.330 Thread 0x0000018fc3b53df0 Thread exited: 0x0000018fc3b53df0
Event: 25.548 Thread 0x0000018fa4603670 Thread added: 0x0000018fbeb7aeb0
Event: 27.577 Thread 0x0000018fbeb7aeb0 Thread exited: 0x0000018fbeb7aeb0
Event: 28.904 Thread 0x0000018fbf6a4180 Thread added: 0x0000018fc29f1890
Event: 29.499 Thread 0x0000018fa4603670 Thread added: 0x0000018fbeb7aeb0
Event: 29.876 Thread 0x0000018fa4603670 Thread added: 0x0000018fc325cbc0
Event: 30.594 Thread 0x0000018fc325cbc0 Thread exited: 0x0000018fc325cbc0
Event: 30.594 Thread 0x0000018fbeb7aeb0 Thread exited: 0x0000018fbeb7aeb0
Event: 31.933 Thread 0x0000018fbf6a4180 Thread added: 0x0000018fc2cefd30
Event: 32.129 Thread 0x0000018fa4603670 Thread added: 0x0000018fc241ca20
Event: 32.224 Thread 0x0000018fa4603670 Thread added: 0x0000018fc241da10
Event: 32.568 Thread 0x0000018fc241da10 Thread exited: 0x0000018fc241da10
Event: 32.835 Thread 0x0000018fa4603670 Thread added: 0x0000018fc241da10


Dynamic libraries:
0x00007ff77d7d0000 - 0x00007ff77d7de000 	C:\Program Files\Microsoft\jdk-17.0.15.6-hotspot\bin\java.exe
0x00007ff8dc440000 - 0x00007ff8dc6a7000 	C:\WINDOWS\SYSTEM32\ntdll.dll
0x00007ff8db7d0000 - 0x00007ff8db899000 	C:\WINDOWS\System32\KERNEL32.DLL
0x00007ff8d9bd0000 - 0x00007ff8d9fc1000 	C:\WINDOWS\System32\KERNELBASE.dll
0x00007ff8d9fd0000 - 0x00007ff8da11b000 	C:\WINDOWS\System32\ucrtbase.dll
0x00007ff897430000 - 0x00007ff897447000 	C:\Program Files\Microsoft\jdk-17.0.15.6-hotspot\bin\jli.dll
0x00007ff8b9530000 - 0x00007ff8b954d000 	C:\Program Files\Microsoft\jdk-17.0.15.6-hotspot\bin\VCRUNTIME140.dll
0x00007ff8db410000 - 0x00007ff8db5d5000 	C:\WINDOWS\System32\USER32.dll
0x00007ff8d9970000 - 0x00007ff8d9997000 	C:\WINDOWS\System32\win32u.dll
0x00007ff8b8ca0000 - 0x00007ff8b8f33000 	C:\WINDOWS\WinSxS\amd64_microsoft.windows.common-controls_6595b64144ccf1df_6.0.26100.7922_none_3e089e1ee3342171\COMCTL32.dll
0x00007ff8dbed0000 - 0x00007ff8dbefb000 	C:\WINDOWS\System32\GDI32.dll
0x00007ff8d97b0000 - 0x00007ff8d98da000 	C:\WINDOWS\System32\gdi32full.dll
0x00007ff8da2b0000 - 0x00007ff8da359000 	C:\WINDOWS\System32\msvcrt.dll
0x00007ff8d9b20000 - 0x00007ff8d9bc3000 	C:\WINDOWS\System32\msvcp_win.dll
0x00007ff8da360000 - 0x00007ff8da391000 	C:\WINDOWS\System32\IMM32.DLL
0x00007ff899b90000 - 0x00007ff899b9c000 	C:\Program Files\Microsoft\jdk-17.0.15.6-hotspot\bin\vcruntime140_1.dll
0x00007ff83d120000 - 0x00007ff83d1ad000 	C:\Program Files\Microsoft\jdk-17.0.15.6-hotspot\bin\msvcp140.dll
0x00007ff834070000 - 0x00007ff834ce2000 	C:\Program Files\Microsoft\jdk-17.0.15.6-hotspot\bin\server\jvm.dll
0x00007ff8db220000 - 0x00007ff8db2db000 	C:\WINDOWS\System32\ADVAPI32.dll
0x00007ff8da9f0000 - 0x00007ff8daa97000 	C:\WINDOWS\System32\sechost.dll
0x00007ff8db2e0000 - 0x00007ff8db3f8000 	C:\WINDOWS\System32\RPCRT4.dll
0x00007ff8db740000 - 0x00007ff8db7b4000 	C:\WINDOWS\System32\WS2_32.dll
0x00007ff8c6ef0000 - 0x00007ff8c6efb000 	C:\WINDOWS\SYSTEM32\VERSION.dll
0x00007ff8d8b80000 - 0x00007ff8d8bde000 	C:\WINDOWS\SYSTEM32\POWRPROF.dll
0x00007ff8d0b20000 - 0x00007ff8d0b55000 	C:\WINDOWS\SYSTEM32\WINMM.dll
0x00007ff8d8b60000 - 0x00007ff8d8b74000 	C:\WINDOWS\SYSTEM32\UMPDC.dll
0x00007ff8d7ab0000 - 0x00007ff8d7acb000 	C:\WINDOWS\SYSTEM32\kernel.appcore.dll
0x00007ff897890000 - 0x00007ff89789a000 	C:\Program Files\Microsoft\jdk-17.0.15.6-hotspot\bin\jimage.dll
0x00007ff8d6bc0000 - 0x00007ff8d6e02000 	C:\WINDOWS\SYSTEM32\DBGHELP.DLL
0x00007ff8dbf70000 - 0x00007ff8dc2f2000 	C:\WINDOWS\System32\combase.dll
0x00007ff8dbb90000 - 0x00007ff8dbc67000 	C:\WINDOWS\System32\OLEAUT32.dll
0x00007ff8b6050000 - 0x00007ff8b608b000 	C:\WINDOWS\SYSTEM32\dbgcore.DLL
0x00007ff8d9700000 - 0x00007ff8d97a5000 	C:\WINDOWS\System32\bcryptPrimitives.dll
0x00007ff88e7d0000 - 0x00007ff88e7de000 	C:\Program Files\Microsoft\jdk-17.0.15.6-hotspot\bin\instrument.dll
0x00007ff897400000 - 0x00007ff897425000 	C:\Program Files\Microsoft\jdk-17.0.15.6-hotspot\bin\java.dll
0x00007ff83d040000 - 0x00007ff83d116000 	C:\Program Files\Microsoft\jdk-17.0.15.6-hotspot\bin\jsvml.dll
0x00007ff8daab0000 - 0x00007ff8db20f000 	C:\WINDOWS\System32\SHELL32.dll
0x00007ff8d8d20000 - 0x00007ff8d8e8a000 	C:\WINDOWS\System32\wintypes.dll
0x00007ff8d8e90000 - 0x00007ff8d96f4000 	C:\WINDOWS\System32\windows.storage.dll
0x00007ff8dbdd0000 - 0x00007ff8dbec7000 	C:\WINDOWS\System32\SHCORE.dll
0x00007ff8dbf00000 - 0x00007ff8dbf67000 	C:\WINDOWS\System32\shlwapi.dll
0x00007ff8d8c40000 - 0x00007ff8d8c69000 	C:\WINDOWS\SYSTEM32\profapi.dll
0x00007ff8838b0000 - 0x00007ff8838c8000 	C:\Program Files\Microsoft\jdk-17.0.15.6-hotspot\bin\zip.dll
0x00007ff88a720000 - 0x00007ff88a73a000 	C:\Program Files\Microsoft\jdk-17.0.15.6-hotspot\bin\net.dll
0x00007ff8cda60000 - 0x00007ff8cdb87000 	C:\WINDOWS\SYSTEM32\WINHTTP.dll
0x00007ff8d8020000 - 0x00007ff8d808b000 	C:\WINDOWS\system32\mswsock.dll
0x00007ff88a700000 - 0x00007ff88a716000 	C:\Program Files\Microsoft\jdk-17.0.15.6-hotspot\bin\nio.dll
0x00007ff8976e0000 - 0x00007ff8976f0000 	C:\Program Files\Microsoft\jdk-17.0.15.6-hotspot\bin\verify.dll
0x00007ff886160000 - 0x00007ff886187000 	C:\Users\HP\.gradle\native\c067742578af261105cb4f569cf0c3c89f3d7b1fecec35dd04571415982c5e48\windows-amd64\native-platform.dll
0x00007ff8796e0000 - 0x00007ff879824000 	C:\Users\HP\.gradle\native\100fb08df4bc3b14c8652ba06237920a3bd2aa13389f12d3474272988ae205f9\windows-amd64\native-platform-file-events.dll
0x00007ff894870000 - 0x00007ff89487a000 	C:\Program Files\Microsoft\jdk-17.0.15.6-hotspot\bin\management.dll
0x00007ff893630000 - 0x00007ff89363b000 	C:\Program Files\Microsoft\jdk-17.0.15.6-hotspot\bin\management_ext.dll
0x00007ff8db7c0000 - 0x00007ff8db7c8000 	C:\WINDOWS\System32\PSAPI.DLL
0x00007ff8d8300000 - 0x00007ff8d831b000 	C:\WINDOWS\SYSTEM32\CRYPTSP.dll
0x00007ff8d7a10000 - 0x00007ff8d7a49000 	C:\WINDOWS\system32\rsaenh.dll
0x00007ff8d80d0000 - 0x00007ff8d8102000 	C:\WINDOWS\SYSTEM32\USERENV.dll
0x00007ff8d8c10000 - 0x00007ff8d8c3a000 	C:\WINDOWS\SYSTEM32\bcrypt.dll
0x00007ff8d8320000 - 0x00007ff8d832c000 	C:\WINDOWS\SYSTEM32\CRYPTBASE.dll
0x00007ff8d7470000 - 0x00007ff8d74a3000 	C:\WINDOWS\SYSTEM32\IPHLPAPI.DLL
0x00007ff8daaa0000 - 0x00007ff8daaaa000 	C:\WINDOWS\System32\NSI.dll
0x00007ff8d0ef0000 - 0x00007ff8d0f0d000 	C:\WINDOWS\SYSTEM32\dhcpcsvc6.DLL
0x00007ff8cfb00000 - 0x00007ff8cfb23000 	C:\WINDOWS\SYSTEM32\dhcpcsvc.DLL
0x00007ff8d7500000 - 0x00007ff8d762a000 	C:\WINDOWS\SYSTEM32\DNSAPI.dll
0x00007ff893090000 - 0x00007ff893099000 	C:\Program Files\Microsoft\jdk-17.0.15.6-hotspot\bin\extnet.dll
0x00007ff88de20000 - 0x00007ff88de2e000 	C:\Program Files\Microsoft\jdk-17.0.15.6-hotspot\bin\sunmscapi.dll
0x00007ff8d99a0000 - 0x00007ff8d9b17000 	C:\WINDOWS\System32\CRYPT32.dll
0x00007ff8d8520000 - 0x00007ff8d8550000 	C:\WINDOWS\SYSTEM32\ncrypt.dll
0x00007ff8d84d0000 - 0x00007ff8d850f000 	C:\WINDOWS\SYSTEM32\NTASN1.dll
0x00007ff8c4030000 - 0x00007ff8c4038000 	C:\WINDOWS\system32\wshunix.dll

dbghelp: loaded successfully - version: 4.0.5 - missing functions: none
symbol engine: initialized successfully - sym options: 0x614 - pdb path: .;C:\Program Files\Microsoft\jdk-17.0.15.6-hotspot\bin;C:\WINDOWS\SYSTEM32;C:\WINDOWS\WinSxS\amd64_microsoft.windows.common-controls_6595b64144ccf1df_6.0.26100.7922_none_3e089e1ee3342171;C:\Program Files\Microsoft\jdk-17.0.15.6-hotspot\bin\server;C:\Users\HP\.gradle\native\c067742578af261105cb4f569cf0c3c89f3d7b1fecec35dd04571415982c5e48\windows-amd64;C:\Users\HP\.gradle\native\100fb08df4bc3b14c8652ba06237920a3bd2aa13389f12d3474272988ae205f9\windows-amd64

VM Arguments:
jvm_args: --add-opens=java.base/java.util=ALL-UNNAMED --add-opens=java.base/java.lang=ALL-UNNAMED --add-opens=java.base/java.lang.invoke=ALL-UNNAMED --add-opens=java.prefs/java.util.prefs=ALL-UNNAMED --add-exports=jdk.compiler/com.sun.tools.javac.api=ALL-UNNAMED --add-exports=jdk.compiler/com.sun.tools.javac.util=ALL-UNNAMED --add-opens=java.base/java.nio.charset=ALL-UNNAMED --add-opens=java.base/java.net=ALL-UNNAMED --add-opens=java.base/java.util.concurrent.atomic=ALL-UNNAMED -XX:MaxMetaspaceSize=384m -XX:+HeapDumpOnOutOfMemoryError -Xms256m -Xmx512m -Dfile.encoding=utf8 -Duser.country=IN -Duser.language=en -Duser.variant -javaagent:C:\Users\HP\.gradle\wrapper\dists\gradle-8.9-bin\90cnw93cvbtalezasaz0blq0a\gradle-8.9\lib\agents\gradle-instrumentation-agent-8.9.jar 
java_command: org.gradle.launcher.daemon.bootstrap.GradleDaemon 8.9
java_class_path (initial): C:\Users\HP\.gradle\wrapper\dists\gradle-8.9-bin\90cnw93cvbtalezasaz0blq0a\gradle-8.9\lib\gradle-daemon-main-8.9.jar
Launcher Type: SUN_STANDARD

[Global flags]
     intx CICompilerCount                          = 4                                         {product} {ergonomic}
   size_t CompressedClassSpaceSize                 = 335544320                                 {product} {ergonomic}
     uint ConcGCThreads                            = 3                                         {product} {ergonomic}
     uint G1ConcRefinementThreads                  = 10                                        {product} {ergonomic}
   size_t G1HeapRegionSize                         = 1048576                                   {product} {ergonomic}
    uintx GCDrainStackTargetSize                   = 64                                        {product} {ergonomic}
     bool HeapDumpOnOutOfMemoryError               = true                                   {manageable} {command line}
   size_t InitialHeapSize                          = 268435456                                 {product} {command line}
   size_t MarkStackSize                            = 4194304                                   {product} {ergonomic}
   size_t MaxHeapSize                              = 536870912                                 {product} {command line}
   size_t MaxMetaspaceSize                         = 402653184                                 {product} {command line}
   size_t MaxNewSize                               = 321912832                                 {product} {ergonomic}
   size_t MinHeapDeltaBytes                        = 1048576                                   {product} {ergonomic}
   size_t MinHeapSize                              = 268435456                                 {product} {command line}
    uintx NonNMethodCodeHeapSize                   = 5839372                                {pd product} {ergonomic}
    uintx NonProfiledCodeHeapSize                  = 122909434                              {pd product} {ergonomic}
    uintx ProfiledCodeHeapSize                     = 122909434                              {pd product} {ergonomic}
    uintx ReservedCodeCacheSize                    = 251658240                              {pd product} {ergonomic}
     bool SegmentedCodeCache                       = true                                      {product} {ergonomic}
   size_t SoftMaxHeapSize                          = 536870912                              {manageable} {ergonomic}
     bool UseCompressedClassPointers               = true                           {product lp64_product} {ergonomic}
     bool UseCompressedOops                        = true                           {product lp64_product} {ergonomic}
     bool UseG1GC                                  = true                                      {product} {ergonomic}
     bool UseLargePagesIndividualAllocation        = false                                  {pd product} {ergonomic}

Logging:
Log output configuration:
 #0: stdout all=warning uptime,level,tags
 #1: stderr all=off uptime,level,tags

Environment Variables:
JAVA_HOME=C:\Program Files\Microsoft\jdk-17.0.15.6-hotspot
PATH=C:\Users\HP\AppData\Local\Programs\Microsoft VS Code;C:\Program Files\Microsoft\jdk-17.0.15.6-hotspot\bin;C:\WINDOWS\system32;C:\WINDOWS;C:\WINDOWS\System32\Wbem;C:\WINDOWS\System32\WindowsPowerShell\v1.0\;C:\WINDOWS\System32\OpenSSH\;C:\Program Files\Git\cmd;C:\Program Files\dotnet\;C:\ProgramData\chocolatey\bin;C:\Users\HP\AppData\Local\Android\Sdk\platform-tools;C:\Users\HP\AppData\Local\Android\Sdk;C:\Users\HP\AppData\Local\Android\Sdk\emulator;;C:\Program Files\Docker\Docker\resources\bin;C:\Program Files\PuTTY\;C:\Program Files\nodejs\;C:\Program Files\MySQL\MySQL Shell 8.0\bin\;C:\Users\HP\AppData\Local\Microsoft\WindowsApps;C:\Users\HP\AppData\Local\Programs\Microsoft VS Code\bin;C:\Users\HP\AppData\Local\Android\Sdk\platform-tools;C:\Users\HP\AppData\Local\Android\Sdk;C:\Users\HP\AppData\Local\Android\Sdk\emulator;C:\Users\HP\AppData\Roaming\npm
USERNAME=HP
OS=Windows_NT
PROCESSOR_IDENTIFIER=Intel64 Family 6 Model 154 Stepping 4, GenuineIntel
TMP=C:\Users\HP\AppData\Local\Temp
TEMP=C:\Users\HP\AppData\Local\Temp



Periodic native trim disabled


---------------  S Y S T E M  ---------------

OS:
 Windows 11 , 64 bit Build 26100 (10.0.26100.7920)
OS uptime: 13 days 21:59 hours
Hyper-V role detected

CPU: total 12 (initial active 12) (6 cores per cpu, 2 threads per core) family 6 model 154 stepping 4 microcode 0x432, cx8, cmov, fxsr, ht, mmx, 3dnowpref, sse, sse2, sse3, ssse3, sse4.1, sse4.2, popcnt, lzcnt, tsc, tscinvbit, avx, avx2, aes, erms, clmul, bmi1, bmi2, adx, sha, fma, vzeroupper, clflush, clflushopt, clwb, hv
Processor Information for processor 0
  Max Mhz: 1300, Current Mhz: 1300, Mhz Limit: 1300
Processor Information for processor 1
  Max Mhz: 1300, Current Mhz: 1300, Mhz Limit: 1300
Processor Information for processor 2
  Max Mhz: 1300, Current Mhz: 1300, Mhz Limit: 1300
Processor Information for processor 3
  Max Mhz: 1300, Current Mhz: 1300, Mhz Limit: 1300
Processor Information for processor 4
  Max Mhz: 1300, Current Mhz: 900, Mhz Limit: 897
Processor Information for processor 5
  Max Mhz: 1300, Current Mhz: 900, Mhz Limit: 897
Processor Information for processor 6
  Max Mhz: 1300, Current Mhz: 900, Mhz Limit: 897
Processor Information for processor 7
  Max Mhz: 1300, Current Mhz: 900, Mhz Limit: 897
Processor Information for processor 8
  Max Mhz: 1300, Current Mhz: 900, Mhz Limit: 897
Processor Information for processor 9
  Max Mhz: 1300, Current Mhz: 900, Mhz Limit: 897
Processor Information for processor 10
  Max Mhz: 1300, Current Mhz: 900, Mhz Limit: 897
Processor Information for processor 11
  Max Mhz: 1300, Current Mhz: 900, Mhz Limit: 897

Memory: 4k page, system-wide physical 7835M (1055M free)
TotalPageFile size 31387M (AvailPageFile size 108M)
current process WorkingSet (physical memory assigned to process): 410M, peak: 463M
current process commit charge ("private bytes"): 562M, peak: 564M

vm_info: OpenJDK 64-Bit Server VM (17.0.15+6-LTS) for windows-amd64 JRE (17.0.15+6-LTS), built on Apr  9 2025 22:27:25 by "MicrosoftCorporation" with unknown MS VC++:1939

END.
