#
# There is insufficient memory for the Java Runtime Environment to continue.
# Native memory allocation (malloc) failed to allocate 1154736 bytes. Error detail: Chunk::new
# Possible reasons:
#   The system is out of physical RAM or swap space
#   This process is running with CompressedOops enabled, and the Java Heap may be blocking the growth of the native heap
# Possible solutions:
#   Reduce memory load on the system
#   Increase physical memory or swap space
#   Check if swap backing store is full
#   Decrease Java heap size (-Xmx/-Xms)
#   Decrease number of Java threads
#   Decrease Java thread stack sizes (-Xss)
#   Set larger code cache with -XX:ReservedCodeCacheSize=
#   JVM is running with Unscaled Compressed Oops mode in which the Java heap is
#     placed in the first 4GB address space. The Java Heap base address is the
#     maximum limit for the native heap growth. Please use -XX:HeapBaseMinAddress
#     to set the Java Heap base and to place the Java Heap above 4GB virtual address.
# This output file may be truncated or incomplete.
#
#  Out of Memory Error (arena.cpp:191), pid=35892, tid=36320
#
# JRE version: OpenJDK Runtime Environment Microsoft-11369865 (17.0.15+6) (build 17.0.15+6-LTS)
# Java VM: OpenJDK 64-Bit Server VM Microsoft-11369865 (17.0.15+6-LTS, mixed mode, sharing, tiered, compressed oops, compressed class ptrs, g1 gc, windows-amd64)
# No core dump will be written. Minidumps are not enabled by default on client versions of Windows
#

---------------  S U M M A R Y ------------

Command Line: --add-opens=java.base/java.util=ALL-UNNAMED --add-opens=java.base/java.lang=ALL-UNNAMED --add-opens=java.base/java.lang.invoke=ALL-UNNAMED --add-opens=java.prefs/java.util.prefs=ALL-UNNAMED --add-exports=jdk.compiler/com.sun.tools.javac.api=ALL-UNNAMED --add-exports=jdk.compiler/com.sun.tools.javac.util=ALL-UNNAMED --add-opens=java.base/java.nio.charset=ALL-UNNAMED --add-opens=java.base/java.net=ALL-UNNAMED --add-opens=java.base/java.util.concurrent.atomic=ALL-UNNAMED -XX:MaxMetaspaceSize=384m -XX:+HeapDumpOnOutOfMemoryError -Xms256m -Xmx512m -Dfile.encoding=utf8 -Duser.country=IN -Duser.language=en -Duser.variant -javaagent:C:\Users\HP\.gradle\wrapper\dists\gradle-8.9-bin\90cnw93cvbtalezasaz0blq0a\gradle-8.9\lib\agents\gradle-instrumentation-agent-8.9.jar org.gradle.launcher.daemon.bootstrap.GradleDaemon 8.9

Host: 12th Gen Intel(R) Core(TM) i5-1235U, 12 cores, 7G,  Windows 11 , 64 bit Build 26100 (10.0.26100.7920)
Time: Thu Mar 26 11:13:10 2026 India Standard Time elapsed time: 29.427773 seconds (0d 0h 0m 29s)

---------------  T H R E A D  ---------------

Current thread (0x00000215a3bd49a0):  JavaThread "C2 CompilerThread0" daemon [_thread_in_native, id=36320, stack(0x0000002fef000000,0x0000002fef100000)]


Current CompileTask:
C2:  29427 10693       4       java.lang.Class::privateGetPublicMethods (224 bytes)

Stack: [0x0000002fef000000,0x0000002fef100000]
Native frames: (J=compiled Java code, j=interpreted, Vv=VM code, C=native code)
V  [jvm.dll+0x6887a9]
V  [jvm.dll+0x83f5a8]
V  [jvm.dll+0x841053]
V  [jvm.dll+0x8416c3]
V  [jvm.dll+0x2496ef]
V  [jvm.dll+0xad134]
V  [jvm.dll+0xad7cc]
V  [jvm.dll+0x36aedf]
V  [jvm.dll+0x335513]
V  [jvm.dll+0x3349aa]
V  [jvm.dll+0x21a908]
V  [jvm.dll+0x219d3f]
V  [jvm.dll+0x1a55f6]
V  [jvm.dll+0x22a39a]
V  [jvm.dll+0x2284db]
V  [jvm.dll+0x7f4e28]
V  [jvm.dll+0x7ef2dc]
V  [jvm.dll+0x687687]
C  [ucrtbase.dll+0x37b0]
C  [KERNEL32.DLL+0x2e8d7]
C  [ntdll.dll+0x8c48c]


---------------  P R O C E S S  ---------------

Threads class SMR info:
_java_thread_list=0x00000215c3636620, length=82, elements={
0x0000021588cad830, 0x00000215a3bb86b0, 0x00000215a3bb9180, 0x00000215a3bd0320,
0x00000215a3bd2c00, 0x00000215a3bd34d0, 0x00000215a3bd3da0, 0x00000215a3bd49a0,
0x00000215a3bd52b0, 0x00000215a3be8090, 0x00000215a3ba7800, 0x00000215a3daf0a0,
0x00000215be0f4c40, 0x00000215bde215b0, 0x00000215bebf82b0, 0x00000215bea9d3c0,
0x00000215bea9c490, 0x00000215bea9b050, 0x00000215bea9b560, 0x00000215bea9ba70,
0x00000215bf5520d0, 0x00000215bf5516b0, 0x00000215bf550270, 0x00000215bf550780,
0x00000215bf550c90, 0x00000215bf5525e0, 0x00000215bf54fd60, 0x00000215bf553f30,
0x00000215bf554e60, 0x00000215bf554950, 0x00000215bf555370, 0x00000215bf555d90,
0x00000215bf5562a0, 0x00000215bf556cc0, 0x00000215bf553510, 0x00000215c106fc20,
0x00000215c106e2d0, 0x00000215c106f710, 0x00000215bf383570, 0x00000215bf383a80,
0x00000215bf3844a0, 0x00000215bf383f90, 0x00000215bf3849b0, 0x00000215bf383060,
0x00000215c0f07060, 0x00000215c0f098e0, 0x00000215c0f089b0, 0x00000215c0f0a810,
0x00000215c0f07a80, 0x00000215c0f07f90, 0x00000215c0f07570, 0x00000215c0f084a0,
0x00000215c0f08ec0, 0x00000215c0f093d0, 0x00000215c0f09df0, 0x00000215c0f0a300,
0x00000215bdf793b0, 0x00000215bdf78990, 0x00000215bdf798c0, 0x00000215bdf77f70,
0x00000215bdf78480, 0x00000215bdf78ea0, 0x00000215bff6d9f0, 0x00000215bff70780,
0x00000215bff6df00, 0x00000215bff70c90, 0x00000215bff6e410, 0x00000215bff70270,
0x00000215bff711a0, 0x00000215bff6e920, 0x00000215bff6ee30, 0x00000215bff6f340,
0x00000215bff6f850, 0x00000215bff6fd60, 0x00000215c07e2510, 0x00000215c07e3440,
0x00000215c07e2f30, 0x00000215c07e2000, 0x00000215c07e2a20, 0x00000215c07e1af0,
0x00000215c42ec990, 0x00000215c12645b0
}

Java Threads: ( => current thread )
  0x0000021588cad830 JavaThread "main" [_thread_blocked, id=36252, stack(0x0000002fee300000,0x0000002fee400000)]
  0x00000215a3bb86b0 JavaThread "Reference Handler" daemon [_thread_blocked, id=36288, stack(0x0000002feea00000,0x0000002feeb00000)]
  0x00000215a3bb9180 JavaThread "Finalizer" daemon [_thread_blocked, id=36284, stack(0x0000002feeb00000,0x0000002feec00000)]
  0x00000215a3bd0320 JavaThread "Signal Dispatcher" daemon [_thread_blocked, id=36340, stack(0x0000002feec00000,0x0000002feed00000)]
  0x00000215a3bd2c00 JavaThread "Attach Listener" daemon [_thread_blocked, id=36292, stack(0x0000002feed00000,0x0000002feee00000)]
  0x00000215a3bd34d0 JavaThread "Service Thread" daemon [_thread_blocked, id=36316, stack(0x0000002feee00000,0x0000002feef00000)]
  0x00000215a3bd3da0 JavaThread "Monitor Deflation Thread" daemon [_thread_blocked, id=36300, stack(0x0000002feef00000,0x0000002fef000000)]
=>0x00000215a3bd49a0 JavaThread "C2 CompilerThread0" daemon [_thread_in_native, id=36320, stack(0x0000002fef000000,0x0000002fef100000)]
  0x00000215a3bd52b0 JavaThread "C1 CompilerThread0" daemon [_thread_blocked, id=36176, stack(0x0000002fef100000,0x0000002fef200000)]
  0x00000215a3be8090 JavaThread "Sweeper thread" daemon [_thread_blocked, id=36296, stack(0x0000002fef200000,0x0000002fef300000)]
  0x00000215a3ba7800 JavaThread "Common-Cleaner" daemon [_thread_blocked, id=36304, stack(0x0000002fef300000,0x0000002fef400000)]
  0x00000215a3daf0a0 JavaThread "Notification Thread" daemon [_thread_blocked, id=36352, stack(0x0000002fef500000,0x0000002fef600000)]
  0x00000215be0f4c40 JavaThread "Daemon health stats" [_thread_blocked, id=36528, stack(0x0000002fef700000,0x0000002fef800000)]
  0x00000215bde215b0 JavaThread "Incoming local TCP Connector on port 52383" [_thread_in_native, id=36744, stack(0x0000002fef400000,0x0000002fef500000)]
  0x00000215bebf82b0 JavaThread "Daemon periodic checks" [_thread_blocked, id=36732, stack(0x0000002fefd00000,0x0000002fefe00000)]
  0x00000215bea9d3c0 JavaThread "Daemon" [_thread_blocked, id=36728, stack(0x0000002fefe00000,0x0000002feff00000)]
  0x00000215bea9c490 JavaThread "Daemon worker" [_thread_in_native, id=32124, stack(0x0000002ff0100000,0x0000002ff0200000)]
  0x00000215bea9b050 JavaThread "Cache worker for journal cache (C:\Users\HP\.gradle\caches\journal-1)" [_thread_blocked, id=17164, stack(0x0000002ff0500000,0x0000002ff0600000)]
  0x00000215bea9b560 JavaThread "File lock request listener" [_thread_in_native, id=36828, stack(0x0000002ff0600000,0x0000002ff0700000)]
  0x00000215bea9ba70 JavaThread "Cache worker for file hash cache (C:\Users\HP\.gradle\caches\8.9\fileHashes)" [_thread_blocked, id=36832, stack(0x0000002ff0700000,0x0000002ff0800000)]
  0x00000215bf5520d0 JavaThread "File watcher server" daemon [_thread_in_native, id=36668, stack(0x0000002ff1200000,0x0000002ff1300000)]
  0x00000215bf5516b0 JavaThread "File watcher consumer" daemon [_thread_blocked, id=36428, stack(0x0000002ff1300000,0x0000002ff1400000)]
  0x00000215bf550270 JavaThread "jar transforms" [_thread_blocked, id=35296, stack(0x0000002ff1400000,0x0000002ff1500000)]
  0x00000215bf550780 JavaThread "jar transforms Thread 2" [_thread_blocked, id=36096, stack(0x0000002ff1500000,0x0000002ff1600000)]
  0x00000215bf550c90 JavaThread "jar transforms Thread 3" [_thread_blocked, id=35440, stack(0x0000002ff1600000,0x0000002ff1700000)]
  0x00000215bf5525e0 JavaThread "Cache worker for file content cache (C:\Users\HP\.gradle\caches\8.9\fileContent)" [_thread_blocked, id=33108, stack(0x0000002ff1800000,0x0000002ff1900000)]
  0x00000215bf54fd60 JavaThread "jar transforms Thread 4" [_thread_blocked, id=36052, stack(0x0000002ff1a00000,0x0000002ff1b00000)]
  0x00000215bf553f30 JavaThread "jar transforms Thread 5" [_thread_blocked, id=9464, stack(0x0000002ff1b00000,0x0000002ff1c00000)]
  0x00000215bf554e60 JavaThread "jar transforms Thread 6" [_thread_blocked, id=34292, stack(0x0000002ff1d00000,0x0000002ff1e00000)]
  0x00000215bf554950 JavaThread "jar transforms Thread 7" [_thread_blocked, id=26956, stack(0x0000002ff1e00000,0x0000002ff1f00000)]
  0x00000215bf555370 JavaThread "jar transforms Thread 8" [_thread_blocked, id=28424, stack(0x0000002ff1f00000,0x0000002ff2000000)]
  0x00000215bf555d90 JavaThread "jar transforms Thread 9" [_thread_blocked, id=27732, stack(0x0000002ff2000000,0x0000002ff2100000)]
  0x00000215bf5562a0 JavaThread "jar transforms Thread 10" [_thread_blocked, id=19148, stack(0x0000002ff2100000,0x0000002ff2200000)]
  0x00000215bf556cc0 JavaThread "jar transforms Thread 11" [_thread_blocked, id=24252, stack(0x0000002ff2200000,0x0000002ff2300000)]
  0x00000215bf553510 JavaThread "jar transforms Thread 12" [_thread_blocked, id=16312, stack(0x0000002ff2300000,0x0000002ff2400000)]
  0x00000215c106fc20 JavaThread "VFS cleanup" [_thread_blocked, id=35752, stack(0x0000002ff0200000,0x0000002ff0300000)]
  0x00000215c106e2d0 JavaThread "Handler for socket connection from /127.0.0.1:52383 to /127.0.0.1:55436" [_thread_in_native, id=20696, stack(0x0000002feff00000,0x0000002ff0000000)]
  0x00000215c106f710 JavaThread "Cancel handler" [_thread_blocked, id=36544, stack(0x0000002ff0000000,0x0000002ff0100000)]
  0x00000215bf383570 JavaThread "Asynchronous log dispatcher for DefaultDaemonConnection: socket connection from /127.0.0.1:52383 to /127.0.0.1:55436" [_thread_blocked, id=35316, stack(0x0000002ff0300000,0x0000002ff0400000)]
  0x00000215bf383a80 JavaThread "Stdin handler" [_thread_blocked, id=35508, stack(0x0000002ff0400000,0x0000002ff0500000)]
  0x00000215bf3844a0 JavaThread "Daemon client event forwarder" [_thread_blocked, id=30744, stack(0x0000002ff0c00000,0x0000002ff0d00000)]
  0x00000215bf383f90 JavaThread "Cache worker for file hash cache (D:\Parkitdemo\Updated-Sundukpay\node_modules\react-native-webview\android\.gradle\8.9\fileHashes)" [_thread_blocked, id=36524, stack(0x0000002ff0d00000,0x0000002ff0e00000)]
  0x00000215bf3849b0 JavaThread "Cache worker for Build Output Cleanup Cache (D:\Parkitdemo\Updated-Sundukpay\node_modules\react-native-webview\android\.gradle\buildOutputCleanup)" [_thread_blocked, id=36532, stack(0x0000002ff0e00000,0x0000002ff0f00000)]
  0x00000215bf383060 JavaThread "Cache worker for checksums cache (D:\Parkitdemo\Updated-Sundukpay\node_modules\react-native-webview\android\.gradle\8.9\checksums)" [_thread_blocked, id=36536, stack(0x0000002ff0f00000,0x0000002ff1000000)]
  0x00000215c0f07060 JavaThread "Cache worker for cache directory md-rule (C:\Users\HP\.gradle\caches\8.9\md-rule)" [_thread_blocked, id=36540, stack(0x0000002ff1700000,0x0000002ff1800000)]
  0x00000215c0f098e0 JavaThread "Cache worker for cache directory md-supplier (C:\Users\HP\.gradle\caches\8.9\md-supplier)" [_thread_blocked, id=35432, stack(0x0000002ff1900000,0x0000002ff1a00000)]
  0x00000215c0f089b0 JavaThread "Unconstrained build operations" [_thread_blocked, id=36612, stack(0x0000002ff2400000,0x0000002ff2500000)]
  0x00000215c0f0a810 JavaThread "Unconstrained build operations Thread 2" [_thread_blocked, id=36564, stack(0x0000002ff2500000,0x0000002ff2600000)]
  0x00000215c0f07a80 JavaThread "Unconstrained build operations Thread 3" [_thread_blocked, id=36404, stack(0x0000002ff2600000,0x0000002ff2700000)]
  0x00000215c0f07f90 JavaThread "Unconstrained build operations Thread 4" [_thread_blocked, id=35276, stack(0x0000002ff2700000,0x0000002ff2800000)]
  0x00000215c0f07570 JavaThread "Unconstrained build operations Thread 5" [_thread_blocked, id=18096, stack(0x0000002ff2800000,0x0000002ff2900000)]
  0x00000215c0f084a0 JavaThread "Unconstrained build operations Thread 6" [_thread_blocked, id=32752, stack(0x0000002ff2900000,0x0000002ff2a00000)]
  0x00000215c0f08ec0 JavaThread "Unconstrained build operations Thread 7" [_thread_blocked, id=34216, stack(0x0000002ff2a00000,0x0000002ff2b00000)]
  0x00000215c0f093d0 JavaThread "Unconstrained build operations Thread 8" [_thread_blocked, id=11232, stack(0x0000002ff2b00000,0x0000002ff2c00000)]
  0x00000215c0f09df0 JavaThread "Unconstrained build operations Thread 9" [_thread_blocked, id=25868, stack(0x0000002ff2c00000,0x0000002ff2d00000)]
  0x00000215c0f0a300 JavaThread "Unconstrained build operations Thread 10" [_thread_blocked, id=3396, stack(0x0000002ff2d00000,0x0000002ff2e00000)]
  0x00000215bdf793b0 JavaThread "Unconstrained build operations Thread 11" [_thread_blocked, id=36816, stack(0x0000002ff2e00000,0x0000002ff2f00000)]
  0x00000215bdf78990 JavaThread "Unconstrained build operations Thread 12" [_thread_blocked, id=36812, stack(0x0000002ff2f00000,0x0000002ff3000000)]
  0x00000215bdf798c0 JavaThread "Unconstrained build operations Thread 13" [_thread_blocked, id=28132, stack(0x0000002ff3000000,0x0000002ff3100000)]
  0x00000215bdf77f70 JavaThread "Unconstrained build operations Thread 14" [_thread_blocked, id=36552, stack(0x0000002ff3100000,0x0000002ff3200000)]
  0x00000215bdf78480 JavaThread "Unconstrained build operations Thread 15" [_thread_blocked, id=36548, stack(0x0000002ff3200000,0x0000002ff3300000)]
  0x00000215bdf78ea0 JavaThread "Unconstrained build operations Thread 16" [_thread_blocked, id=36448, stack(0x0000002ff3300000,0x0000002ff3400000)]
  0x00000215bff6d9f0 JavaThread "Unconstrained build operations Thread 17" [_thread_blocked, id=34604, stack(0x0000002ff3400000,0x0000002ff3500000)]
  0x00000215bff70780 JavaThread "Unconstrained build operations Thread 18" [_thread_blocked, id=36024, stack(0x0000002ff3500000,0x0000002ff3600000)]
  0x00000215bff6df00 JavaThread "Unconstrained build operations Thread 19" [_thread_blocked, id=36440, stack(0x0000002ff3600000,0x0000002ff3700000)]
  0x00000215bff70c90 JavaThread "Unconstrained build operations Thread 20" [_thread_blocked, id=36456, stack(0x0000002ff3700000,0x0000002ff3800000)]
  0x00000215bff6e410 JavaThread "Unconstrained build operations Thread 21" [_thread_blocked, id=36020, stack(0x0000002ff3800000,0x0000002ff3900000)]
  0x00000215bff70270 JavaThread "Unconstrained build operations Thread 22" [_thread_blocked, id=36436, stack(0x0000002ff3900000,0x0000002ff3a00000)]
  0x00000215bff711a0 JavaThread "Unconstrained build operations Thread 23" [_thread_blocked, id=35472, stack(0x0000002ff3a00000,0x0000002ff3b00000)]
  0x00000215bff6e920 JavaThread "Unconstrained build operations Thread 24" [_thread_blocked, id=35568, stack(0x0000002ff3b00000,0x0000002ff3c00000)]
  0x00000215bff6ee30 JavaThread "Unconstrained build operations Thread 25" [_thread_blocked, id=35556, stack(0x0000002ff3c00000,0x0000002ff3d00000)]
  0x00000215bff6f340 JavaThread "Unconstrained build operations Thread 26" [_thread_blocked, id=36584, stack(0x0000002ff3d00000,0x0000002ff3e00000)]
  0x00000215bff6f850 JavaThread "Unconstrained build operations Thread 27" [_thread_blocked, id=36576, stack(0x0000002ff3e00000,0x0000002ff3f00000)]
  0x00000215bff6fd60 JavaThread "Unconstrained build operations Thread 28" [_thread_blocked, id=36648, stack(0x0000002ff3f00000,0x0000002ff4000000)]
  0x00000215c07e2510 JavaThread "Unconstrained build operations Thread 29" [_thread_blocked, id=36600, stack(0x0000002ff4000000,0x0000002ff4100000)]
  0x00000215c07e3440 JavaThread "Unconstrained build operations Thread 30" [_thread_blocked, id=36568, stack(0x0000002ff4100000,0x0000002ff4200000)]
  0x00000215c07e2f30 JavaThread "Unconstrained build operations Thread 31" [_thread_blocked, id=36596, stack(0x0000002ff4200000,0x0000002ff4300000)]
  0x00000215c07e2000 JavaThread "Unconstrained build operations Thread 32" [_thread_blocked, id=36580, stack(0x0000002ff4300000,0x0000002ff4400000)]
  0x00000215c07e2a20 JavaThread "Unconstrained build operations Thread 33" [_thread_blocked, id=36424, stack(0x0000002ff4400000,0x0000002ff4500000)]
  0x00000215c07e1af0 JavaThread "Memory manager" [_thread_blocked, id=35416, stack(0x0000002ff4500000,0x0000002ff4600000)]
  0x00000215c42ec990 JavaThread "build event listener" [_thread_blocked, id=13856, stack(0x0000002ff4700000,0x0000002ff4800000)]
  0x00000215c12645b0 JavaThread "C2 CompilerThread1" daemon [_thread_in_native, id=36772, stack(0x0000002ff1c00000,0x0000002ff1d00000)]

Other Threads:
  0x00000215a3bb46c0 VMThread "VM Thread" [stack: 0x0000002fee900000,0x0000002feea00000] [id=36280]
  0x0000021588cae5c0 WatcherThread [stack: 0x0000002fef600000,0x0000002fef700000] [id=36168]
  0x0000021588cdc430 GCTaskThread "GC Thread#0" [stack: 0x0000002fee400000,0x0000002fee500000] [id=36184]
  0x00000215bd5631d0 GCTaskThread "GC Thread#1" [stack: 0x0000002fef800000,0x0000002fef900000] [id=36324]
  0x00000215bd239790 GCTaskThread "GC Thread#2" [stack: 0x0000002fef900000,0x0000002fefa00000] [id=36356]
  0x00000215bd893970 GCTaskThread "GC Thread#3" [stack: 0x0000002fefa00000,0x0000002fefb00000] [id=36344]
  0x00000215bd893c30 GCTaskThread "GC Thread#4" [stack: 0x0000002fefb00000,0x0000002fefc00000] [id=36332]
  0x00000215bda8a0a0 GCTaskThread "GC Thread#5" [stack: 0x0000002fefc00000,0x0000002fefd00000] [id=36364]
  0x00000215beefd8a0 GCTaskThread "GC Thread#6" [stack: 0x0000002ff0800000,0x0000002ff0900000] [id=36840]
  0x00000215beefebe0 GCTaskThread "GC Thread#7" [stack: 0x0000002ff0900000,0x0000002ff0a00000] [id=36848]
  0x00000215beefdb60 GCTaskThread "GC Thread#8" [stack: 0x0000002ff0a00000,0x0000002ff0b00000] [id=36852]
  0x00000215beefde20 GCTaskThread "GC Thread#9" [stack: 0x0000002ff0b00000,0x0000002ff0c00000] [id=36856]
  0x0000021588ce1290 ConcurrentGCThread "G1 Main Marker" [stack: 0x0000002fee500000,0x0000002fee600000] [id=35880]
  0x0000021588ce2890 ConcurrentGCThread "G1 Conc#0" [stack: 0x0000002fee600000,0x0000002fee700000] [id=35284]
  0x00000215beefe660 ConcurrentGCThread "G1 Conc#1" [stack: 0x0000002ff1000000,0x0000002ff1100000] [id=36572]
  0x00000215beefe0e0 ConcurrentGCThread "G1 Conc#2" [stack: 0x0000002ff1100000,0x0000002ff1200000] [id=36604]
  0x0000021588d5db30 ConcurrentGCThread "G1 Refine#0" [stack: 0x0000002fee700000,0x0000002fee800000] [id=35644]
  0x00000215a3a715f0 ConcurrentGCThread "G1 Service" [stack: 0x0000002fee800000,0x0000002fee900000] [id=35200]

Threads with active compile tasks:
C2 CompilerThread0    29482 10693       4       java.lang.Class::privateGetPublicMethods (224 bytes)
C1 CompilerThread0    29482 10770       3       java.lang.invoke.MethodHandles::privateLookupIn (333 bytes)
C2 CompilerThread1    29482 10758   !   4       org.gradle.api.internal.attributes.DefaultImmutableAttributesFactory::doConcatIsolatable (128 bytes)

VM state: not at safepoint (normal execution)

VM Mutex/Monitor currently owned by a thread: None

Heap address: 0x00000000e0000000, size: 512 MB, Compressed Oops mode: 32-bit

CDS archive(s) mapped at: [0x00000215a4000000-0x00000215a4bb0000-0x00000215a4bb0000), size 12255232, SharedBaseAddress: 0x00000215a4000000, ArchiveRelocationMode: 1.
Compressed class space mapped at: 0x00000215a5000000-0x00000215b9000000, reserved size: 335544320
Narrow klass base: 0x00000215a4000000, Narrow klass shift: 0, Narrow klass range: 0x100000000

GC Precious Log:
 CPUs: 12 total, 12 available
 Memory: 7835M
 Large Page Support: Disabled
 NUMA Support: Disabled
 Compressed Oops: Enabled (32-bit)
 Heap Region Size: 1M
 Heap Min Capacity: 256M
 Heap Initial Capacity: 256M
 Heap Max Capacity: 512M
 Pre-touch: Disabled
 Parallel Workers: 10
 Concurrent Workers: 3
 Concurrent Refinement Workers: 10
 Periodic GC: Disabled

Heap:
 garbage-first heap   total 262144K, used 139274K [0x00000000e0000000, 0x0000000100000000)
  region size 1024K, 56 young (57344K), 11 survivors (11264K)
 Metaspace       used 71268K, committed 72000K, reserved 393216K
  class space    used 9851K, committed 10240K, reserved 327680K

Heap Regions: E=young(eden), S=young(survivor), O=old, HS=humongous(starts), HC=humongous(continues), CS=collection set, F=free, OA=open archive, CA=closed archive, TAMS=top-at-mark-start (previous, next)
|   0|0x00000000e0000000, 0x00000000e0100000, 0x00000000e0100000|100%|HS|  |TAMS 0x00000000e0100000, 0x00000000e0000000| Complete 
|   1|0x00000000e0100000, 0x00000000e0200000, 0x00000000e0200000|100%|HC|  |TAMS 0x00000000e0200000, 0x00000000e0100000| Complete 
|   2|0x00000000e0200000, 0x00000000e0300000, 0x00000000e0300000|100%|HC|  |TAMS 0x00000000e0300000, 0x00000000e0200000| Complete 
|   3|0x00000000e0300000, 0x00000000e0400000, 0x00000000e0400000|100%|HC|  |TAMS 0x00000000e0400000, 0x00000000e0300000| Complete 
|   4|0x00000000e0400000, 0x00000000e0500000, 0x00000000e0500000|100%| O|  |TAMS 0x00000000e0500000, 0x00000000e0400000| Untracked 
|   5|0x00000000e0500000, 0x00000000e0600000, 0x00000000e0600000|100%| O|  |TAMS 0x00000000e0600000, 0x00000000e0500000| Untracked 
|   6|0x00000000e0600000, 0x00000000e0700000, 0x00000000e0700000|100%| O|  |TAMS 0x00000000e0700000, 0x00000000e0600000| Untracked 
|   7|0x00000000e0700000, 0x00000000e0800000, 0x00000000e0800000|100%| O|  |TAMS 0x00000000e0800000, 0x00000000e0700000| Untracked 
|   8|0x00000000e0800000, 0x00000000e0900000, 0x00000000e0900000|100%| O|  |TAMS 0x00000000e0900000, 0x00000000e0800000| Untracked 
|   9|0x00000000e0900000, 0x00000000e0a00000, 0x00000000e0a00000|100%| O|  |TAMS 0x00000000e0a00000, 0x00000000e0900000| Untracked 
|  10|0x00000000e0a00000, 0x00000000e0b00000, 0x00000000e0b00000|100%| O|  |TAMS 0x00000000e0b00000, 0x00000000e0a00000| Untracked 
|  11|0x00000000e0b00000, 0x00000000e0c00000, 0x00000000e0c00000|100%|HS|  |TAMS 0x00000000e0c00000, 0x00000000e0b00000| Complete 
|  12|0x00000000e0c00000, 0x00000000e0d00000, 0x00000000e0d00000|100%| O|  |TAMS 0x00000000e0d00000, 0x00000000e0c00000| Untracked 
|  13|0x00000000e0d00000, 0x00000000e0e00000, 0x00000000e0e00000|100%| O|  |TAMS 0x00000000e0e00000, 0x00000000e0d00000| Untracked 
|  14|0x00000000e0e00000, 0x00000000e0f00000, 0x00000000e0f00000|100%| O|  |TAMS 0x00000000e0f00000, 0x00000000e0e00000| Untracked 
|  15|0x00000000e0f00000, 0x00000000e1000000, 0x00000000e1000000|100%| O|  |TAMS 0x00000000e1000000, 0x00000000e0f00000| Untracked 
|  16|0x00000000e1000000, 0x00000000e1100000, 0x00000000e1100000|100%| O|  |TAMS 0x00000000e1100000, 0x00000000e1000000| Untracked 
|  17|0x00000000e1100000, 0x00000000e1200000, 0x00000000e1200000|100%| O|  |TAMS 0x00000000e1200000, 0x00000000e1100000| Untracked 
|  18|0x00000000e1200000, 0x00000000e1300000, 0x00000000e1300000|100%| O|  |TAMS 0x00000000e1300000, 0x00000000e1200000| Untracked 
|  19|0x00000000e1300000, 0x00000000e1400000, 0x00000000e1400000|100%| O|  |TAMS 0x00000000e1400000, 0x00000000e1300000| Untracked 
|  20|0x00000000e1400000, 0x00000000e1500000, 0x00000000e1500000|100%| O|  |TAMS 0x00000000e1500000, 0x00000000e1400000| Untracked 
|  21|0x00000000e1500000, 0x00000000e1600000, 0x00000000e1600000|100%| O|  |TAMS 0x00000000e1600000, 0x00000000e1500000| Untracked 
|  22|0x00000000e1600000, 0x00000000e1700000, 0x00000000e1700000|100%| O|  |TAMS 0x00000000e1700000, 0x00000000e1600000| Untracked 
|  23|0x00000000e1700000, 0x00000000e1800000, 0x00000000e1800000|100%| O|  |TAMS 0x00000000e1800000, 0x00000000e1700000| Untracked 
|  24|0x00000000e1800000, 0x00000000e1900000, 0x00000000e1900000|100%| O|  |TAMS 0x00000000e1900000, 0x00000000e1800000| Untracked 
|  25|0x00000000e1900000, 0x00000000e1a00000, 0x00000000e1a00000|100%| O|  |TAMS 0x00000000e1a00000, 0x00000000e1900000| Untracked 
|  26|0x00000000e1a00000, 0x00000000e1b00000, 0x00000000e1b00000|100%| O|  |TAMS 0x00000000e1b00000, 0x00000000e1a00000| Untracked 
|  27|0x00000000e1b00000, 0x00000000e1c00000, 0x00000000e1c00000|100%| O|  |TAMS 0x00000000e1c00000, 0x00000000e1b00000| Untracked 
|  28|0x00000000e1c00000, 0x00000000e1d00000, 0x00000000e1d00000|100%| O|  |TAMS 0x00000000e1d00000, 0x00000000e1c00000| Untracked 
|  29|0x00000000e1d00000, 0x00000000e1e00000, 0x00000000e1e00000|100%| O|  |TAMS 0x00000000e1e00000, 0x00000000e1d00000| Untracked 
|  30|0x00000000e1e00000, 0x00000000e1f00000, 0x00000000e1f00000|100%| O|  |TAMS 0x00000000e1f00000, 0x00000000e1e00000| Untracked 
|  31|0x00000000e1f00000, 0x00000000e2000000, 0x00000000e2000000|100%| O|  |TAMS 0x00000000e2000000, 0x00000000e1f00000| Untracked 
|  32|0x00000000e2000000, 0x00000000e2100000, 0x00000000e2100000|100%| O|  |TAMS 0x00000000e2100000, 0x00000000e2000000| Untracked 
|  33|0x00000000e2100000, 0x00000000e2200000, 0x00000000e2200000|100%| O|  |TAMS 0x00000000e2200000, 0x00000000e2100000| Untracked 
|  34|0x00000000e2200000, 0x00000000e2300000, 0x00000000e2300000|100%| O|  |TAMS 0x00000000e2300000, 0x00000000e2200000| Untracked 
|  35|0x00000000e2300000, 0x00000000e2400000, 0x00000000e2400000|100%| O|  |TAMS 0x00000000e2400000, 0x00000000e2300000| Untracked 
|  36|0x00000000e2400000, 0x00000000e2500000, 0x00000000e2500000|100%| O|  |TAMS 0x00000000e2500000, 0x00000000e2400000| Untracked 
|  37|0x00000000e2500000, 0x00000000e2600000, 0x00000000e2600000|100%| O|  |TAMS 0x00000000e2600000, 0x00000000e2500000| Untracked 
|  38|0x00000000e2600000, 0x00000000e2700000, 0x00000000e2700000|100%| O|  |TAMS 0x00000000e2700000, 0x00000000e2600000| Untracked 
|  39|0x00000000e2700000, 0x00000000e2800000, 0x00000000e2800000|100%| O|  |TAMS 0x00000000e2800000, 0x00000000e2700000| Untracked 
|  40|0x00000000e2800000, 0x00000000e2900000, 0x00000000e2900000|100%| O|  |TAMS 0x00000000e2900000, 0x00000000e2800000| Untracked 
|  41|0x00000000e2900000, 0x00000000e2a00000, 0x00000000e2a00000|100%| O|  |TAMS 0x00000000e2a00000, 0x00000000e2900000| Untracked 
|  42|0x00000000e2a00000, 0x00000000e2b00000, 0x00000000e2b00000|100%| O|  |TAMS 0x00000000e2b00000, 0x00000000e2a00000| Untracked 
|  43|0x00000000e2b00000, 0x00000000e2c00000, 0x00000000e2c00000|100%| O|  |TAMS 0x00000000e2c00000, 0x00000000e2b00000| Untracked 
|  44|0x00000000e2c00000, 0x00000000e2d00000, 0x00000000e2d00000|100%| O|  |TAMS 0x00000000e2d00000, 0x00000000e2c00000| Untracked 
|  45|0x00000000e2d00000, 0x00000000e2e00000, 0x00000000e2e00000|100%|HS|  |TAMS 0x00000000e2e00000, 0x00000000e2d00000| Complete 
|  46|0x00000000e2e00000, 0x00000000e2f00000, 0x00000000e2f00000|100%|HS|  |TAMS 0x00000000e2f00000, 0x00000000e2e00000| Complete 
|  47|0x00000000e2f00000, 0x00000000e3000000, 0x00000000e3000000|100%|HS|  |TAMS 0x00000000e3000000, 0x00000000e2f00000| Complete 
|  48|0x00000000e3000000, 0x00000000e3100000, 0x00000000e3100000|100%|HS|  |TAMS 0x00000000e3100000, 0x00000000e3000000| Complete 
|  49|0x00000000e3100000, 0x00000000e3200000, 0x00000000e3200000|100%|HS|  |TAMS 0x00000000e3200000, 0x00000000e3100000| Complete 
|  50|0x00000000e3200000, 0x00000000e3300000, 0x00000000e3300000|100%|HC|  |TAMS 0x00000000e3300000, 0x00000000e3200000| Complete 
|  51|0x00000000e3300000, 0x00000000e3400000, 0x00000000e3400000|100%|HC|  |TAMS 0x00000000e3400000, 0x00000000e3300000| Complete 
|  52|0x00000000e3400000, 0x00000000e3500000, 0x00000000e3500000|100%|HS|  |TAMS 0x00000000e3500000, 0x00000000e3400000| Complete 
|  53|0x00000000e3500000, 0x00000000e3600000, 0x00000000e3600000|100%|HC|  |TAMS 0x00000000e3600000, 0x00000000e3500000| Complete 
|  54|0x00000000e3600000, 0x00000000e3700000, 0x00000000e3700000|100%| O|  |TAMS 0x00000000e3700000, 0x00000000e3600000| Untracked 
|  55|0x00000000e3700000, 0x00000000e3800000, 0x00000000e3800000|100%| O|  |TAMS 0x00000000e3800000, 0x00000000e3700000| Untracked 
|  56|0x00000000e3800000, 0x00000000e3900000, 0x00000000e3900000|100%| O|  |TAMS 0x00000000e3900000, 0x00000000e3800000| Untracked 
|  57|0x00000000e3900000, 0x00000000e3a00000, 0x00000000e3a00000|100%| O|  |TAMS 0x00000000e390ce00, 0x00000000e3900000| Untracked 
|  58|0x00000000e3a00000, 0x00000000e3b00000, 0x00000000e3b00000|100%| O|  |TAMS 0x00000000e3a00000, 0x00000000e3a00000| Untracked 
|  59|0x00000000e3b00000, 0x00000000e3c00000, 0x00000000e3c00000|100%| O|  |TAMS 0x00000000e3b00000, 0x00000000e3b00000| Untracked 
|  60|0x00000000e3c00000, 0x00000000e3d00000, 0x00000000e3d00000|100%| O|  |TAMS 0x00000000e3c00000, 0x00000000e3c00000| Untracked 
|  61|0x00000000e3d00000, 0x00000000e3e00000, 0x00000000e3e00000|100%| O|  |TAMS 0x00000000e3d00000, 0x00000000e3d00000| Untracked 
|  62|0x00000000e3e00000, 0x00000000e3f00000, 0x00000000e3f00000|100%| O|  |TAMS 0x00000000e3e00000, 0x00000000e3e00000| Untracked 
|  63|0x00000000e3f00000, 0x00000000e4000000, 0x00000000e4000000|100%| O|  |TAMS 0x00000000e3f00000, 0x00000000e3f00000| Untracked 
|  64|0x00000000e4000000, 0x00000000e4100000, 0x00000000e4100000|100%| O|  |TAMS 0x00000000e4000000, 0x00000000e4000000| Untracked 
|  65|0x00000000e4100000, 0x00000000e4200000, 0x00000000e4200000|100%| O|  |TAMS 0x00000000e4100000, 0x00000000e4100000| Untracked 
|  66|0x00000000e4200000, 0x00000000e4300000, 0x00000000e4300000|100%| O|  |TAMS 0x00000000e4200000, 0x00000000e4200000| Untracked 
|  67|0x00000000e4300000, 0x00000000e4400000, 0x00000000e4400000|100%| O|  |TAMS 0x00000000e4300000, 0x00000000e4300000| Untracked 
|  68|0x00000000e4400000, 0x00000000e4500000, 0x00000000e4500000|100%| O|  |TAMS 0x00000000e4400000, 0x00000000e4400000| Untracked 
|  69|0x00000000e4500000, 0x00000000e4600000, 0x00000000e4600000|100%| O|  |TAMS 0x00000000e4500000, 0x00000000e4500000| Untracked 
|  70|0x00000000e4600000, 0x00000000e4700000, 0x00000000e4700000|100%| O|  |TAMS 0x00000000e4600000, 0x00000000e4600000| Untracked 
|  71|0x00000000e4700000, 0x00000000e4800000, 0x00000000e4800000|100%| O|  |TAMS 0x00000000e4700000, 0x00000000e4700000| Untracked 
|  72|0x00000000e4800000, 0x00000000e4900000, 0x00000000e4900000|100%| O|  |TAMS 0x00000000e4800000, 0x00000000e4800000| Untracked 
|  73|0x00000000e4900000, 0x00000000e4a00000, 0x00000000e4a00000|100%| O|  |TAMS 0x00000000e4900000, 0x00000000e4900000| Untracked 
|  74|0x00000000e4a00000, 0x00000000e4b00000, 0x00000000e4b00000|100%| O|  |TAMS 0x00000000e4a00000, 0x00000000e4a00000| Untracked 
|  75|0x00000000e4b00000, 0x00000000e4c00000, 0x00000000e4c00000|100%| O|  |TAMS 0x00000000e4b00000, 0x00000000e4b00000| Untracked 
|  76|0x00000000e4c00000, 0x00000000e4c2f800, 0x00000000e4d00000| 18%| O|  |TAMS 0x00000000e4c00000, 0x00000000e4c00000| Untracked 
|  77|0x00000000e4d00000, 0x00000000e4e00000, 0x00000000e4e00000|100%|HS|  |TAMS 0x00000000e4d00000, 0x00000000e4d00000| Complete 
|  78|0x00000000e4e00000, 0x00000000e4e00000, 0x00000000e4f00000|  0%| F|  |TAMS 0x00000000e4e00000, 0x00000000e4e00000| Untracked 
|  79|0x00000000e4f00000, 0x00000000e5000000, 0x00000000e5000000|100%|HS|  |TAMS 0x00000000e4f00000, 0x00000000e4f00000| Complete 
|  80|0x00000000e5000000, 0x00000000e5100000, 0x00000000e5100000|100%|HS|  |TAMS 0x00000000e5000000, 0x00000000e5000000| Complete 
|  81|0x00000000e5100000, 0x00000000e5200000, 0x00000000e5200000|100%|HC|  |TAMS 0x00000000e5100000, 0x00000000e5100000| Complete 
|  82|0x00000000e5200000, 0x00000000e5300000, 0x00000000e5300000|100%|HC|  |TAMS 0x00000000e5200000, 0x00000000e5200000| Complete 
|  83|0x00000000e5300000, 0x00000000e5300000, 0x00000000e5400000|  0%| F|  |TAMS 0x00000000e5300000, 0x00000000e5300000| Untracked 
|  84|0x00000000e5400000, 0x00000000e5400000, 0x00000000e5500000|  0%| F|  |TAMS 0x00000000e5400000, 0x00000000e5400000| Untracked 
|  85|0x00000000e5500000, 0x00000000e5500000, 0x00000000e5600000|  0%| F|  |TAMS 0x00000000e5500000, 0x00000000e5500000| Untracked 
|  86|0x00000000e5600000, 0x00000000e5600000, 0x00000000e5700000|  0%| F|  |TAMS 0x00000000e5600000, 0x00000000e5600000| Untracked 
|  87|0x00000000e5700000, 0x00000000e5700000, 0x00000000e5800000|  0%| F|  |TAMS 0x00000000e5700000, 0x00000000e5700000| Untracked 
|  88|0x00000000e5800000, 0x00000000e5800000, 0x00000000e5900000|  0%| F|  |TAMS 0x00000000e5800000, 0x00000000e5800000| Untracked 
|  89|0x00000000e5900000, 0x00000000e5900000, 0x00000000e5a00000|  0%| F|  |TAMS 0x00000000e5900000, 0x00000000e5900000| Untracked 
|  90|0x00000000e5a00000, 0x00000000e5a00000, 0x00000000e5b00000|  0%| F|  |TAMS 0x00000000e5a00000, 0x00000000e5a00000| Untracked 
|  91|0x00000000e5b00000, 0x00000000e5b00000, 0x00000000e5c00000|  0%| F|  |TAMS 0x00000000e5b00000, 0x00000000e5b00000| Untracked 
|  92|0x00000000e5c00000, 0x00000000e5c00000, 0x00000000e5d00000|  0%| F|  |TAMS 0x00000000e5c00000, 0x00000000e5c00000| Untracked 
|  93|0x00000000e5d00000, 0x00000000e5d00000, 0x00000000e5e00000|  0%| F|  |TAMS 0x00000000e5d00000, 0x00000000e5d00000| Untracked 
|  94|0x00000000e5e00000, 0x00000000e5e00000, 0x00000000e5f00000|  0%| F|  |TAMS 0x00000000e5e00000, 0x00000000e5e00000| Untracked 
|  95|0x00000000e5f00000, 0x00000000e5f00000, 0x00000000e6000000|  0%| F|  |TAMS 0x00000000e5f00000, 0x00000000e5f00000| Untracked 
|  96|0x00000000e6000000, 0x00000000e6000000, 0x00000000e6100000|  0%| F|  |TAMS 0x00000000e6000000, 0x00000000e6000000| Untracked 
|  97|0x00000000e6100000, 0x00000000e6100000, 0x00000000e6200000|  0%| F|  |TAMS 0x00000000e6100000, 0x00000000e6100000| Untracked 
|  98|0x00000000e6200000, 0x00000000e6200000, 0x00000000e6300000|  0%| F|  |TAMS 0x00000000e6200000, 0x00000000e6200000| Untracked 
|  99|0x00000000e6300000, 0x00000000e6300000, 0x00000000e6400000|  0%| F|  |TAMS 0x00000000e6300000, 0x00000000e6300000| Untracked 
| 100|0x00000000e6400000, 0x00000000e6400000, 0x00000000e6500000|  0%| F|  |TAMS 0x00000000e6400000, 0x00000000e6400000| Untracked 
| 101|0x00000000e6500000, 0x00000000e6500000, 0x00000000e6600000|  0%| F|  |TAMS 0x00000000e6500000, 0x00000000e6500000| Untracked 
| 102|0x00000000e6600000, 0x00000000e6600000, 0x00000000e6700000|  0%| F|  |TAMS 0x00000000e6600000, 0x00000000e6600000| Untracked 
| 103|0x00000000e6700000, 0x00000000e6700000, 0x00000000e6800000|  0%| F|  |TAMS 0x00000000e6700000, 0x00000000e6700000| Untracked 
| 104|0x00000000e6800000, 0x00000000e6800000, 0x00000000e6900000|  0%| F|  |TAMS 0x00000000e6800000, 0x00000000e6800000| Untracked 
| 105|0x00000000e6900000, 0x00000000e6900000, 0x00000000e6a00000|  0%| F|  |TAMS 0x00000000e6900000, 0x00000000e6900000| Untracked 
| 106|0x00000000e6a00000, 0x00000000e6a00000, 0x00000000e6b00000|  0%| F|  |TAMS 0x00000000e6a00000, 0x00000000e6a00000| Untracked 
| 107|0x00000000e6b00000, 0x00000000e6b00000, 0x00000000e6c00000|  0%| F|  |TAMS 0x00000000e6b00000, 0x00000000e6b00000| Untracked 
| 108|0x00000000e6c00000, 0x00000000e6c00000, 0x00000000e6d00000|  0%| F|  |TAMS 0x00000000e6c00000, 0x00000000e6c00000| Untracked 
| 109|0x00000000e6d00000, 0x00000000e6d00000, 0x00000000e6e00000|  0%| F|  |TAMS 0x00000000e6d00000, 0x00000000e6d00000| Untracked 
| 110|0x00000000e6e00000, 0x00000000e6e00000, 0x00000000e6f00000|  0%| F|  |TAMS 0x00000000e6e00000, 0x00000000e6e00000| Untracked 
| 111|0x00000000e6f00000, 0x00000000e6f00000, 0x00000000e7000000|  0%| F|  |TAMS 0x00000000e6f00000, 0x00000000e6f00000| Untracked 
| 112|0x00000000e7000000, 0x00000000e7000000, 0x00000000e7100000|  0%| F|  |TAMS 0x00000000e7000000, 0x00000000e7000000| Untracked 
| 113|0x00000000e7100000, 0x00000000e7100000, 0x00000000e7200000|  0%| F|  |TAMS 0x00000000e7100000, 0x00000000e7100000| Untracked 
| 114|0x00000000e7200000, 0x00000000e7200000, 0x00000000e7300000|  0%| F|  |TAMS 0x00000000e7200000, 0x00000000e7200000| Untracked 
| 115|0x00000000e7300000, 0x00000000e7300000, 0x00000000e7400000|  0%| F|  |TAMS 0x00000000e7300000, 0x00000000e7300000| Untracked 
| 116|0x00000000e7400000, 0x00000000e7400000, 0x00000000e7500000|  0%| F|  |TAMS 0x00000000e7400000, 0x00000000e7400000| Untracked 
| 117|0x00000000e7500000, 0x00000000e75d3050, 0x00000000e7600000| 82%| S|CS|TAMS 0x00000000e7500000, 0x00000000e7500000| Complete 
| 118|0x00000000e7600000, 0x00000000e7700000, 0x00000000e7700000|100%| S|CS|TAMS 0x00000000e7600000, 0x00000000e7600000| Complete 
| 119|0x00000000e7700000, 0x00000000e7800000, 0x00000000e7800000|100%| S|CS|TAMS 0x00000000e7700000, 0x00000000e7700000| Complete 
| 120|0x00000000e7800000, 0x00000000e7900000, 0x00000000e7900000|100%| S|CS|TAMS 0x00000000e7800000, 0x00000000e7800000| Complete 
| 121|0x00000000e7900000, 0x00000000e7a00000, 0x00000000e7a00000|100%| S|CS|TAMS 0x00000000e7900000, 0x00000000e7900000| Complete 
| 122|0x00000000e7a00000, 0x00000000e7b00000, 0x00000000e7b00000|100%| S|CS|TAMS 0x00000000e7a00000, 0x00000000e7a00000| Complete 
| 123|0x00000000e7b00000, 0x00000000e7c00000, 0x00000000e7c00000|100%| S|CS|TAMS 0x00000000e7b00000, 0x00000000e7b00000| Complete 
| 124|0x00000000e7c00000, 0x00000000e7d00000, 0x00000000e7d00000|100%| S|CS|TAMS 0x00000000e7c00000, 0x00000000e7c00000| Complete 
| 125|0x00000000e7d00000, 0x00000000e7e00000, 0x00000000e7e00000|100%| S|CS|TAMS 0x00000000e7d00000, 0x00000000e7d00000| Complete 
| 126|0x00000000e7e00000, 0x00000000e7f00000, 0x00000000e7f00000|100%| S|CS|TAMS 0x00000000e7e00000, 0x00000000e7e00000| Complete 
| 127|0x00000000e7f00000, 0x00000000e8000000, 0x00000000e8000000|100%| S|CS|TAMS 0x00000000e7f00000, 0x00000000e7f00000| Complete 
| 128|0x00000000e8000000, 0x00000000e8000000, 0x00000000e8100000|  0%| F|  |TAMS 0x00000000e8000000, 0x00000000e8000000| Untracked 
| 129|0x00000000e8100000, 0x00000000e8100000, 0x00000000e8200000|  0%| F|  |TAMS 0x00000000e8100000, 0x00000000e8100000| Untracked 
| 130|0x00000000e8200000, 0x00000000e8200000, 0x00000000e8300000|  0%| F|  |TAMS 0x00000000e8200000, 0x00000000e8200000| Untracked 
| 131|0x00000000e8300000, 0x00000000e8300000, 0x00000000e8400000|  0%| F|  |TAMS 0x00000000e8300000, 0x00000000e8300000| Untracked 
| 132|0x00000000e8400000, 0x00000000e8400000, 0x00000000e8500000|  0%| F|  |TAMS 0x00000000e8400000, 0x00000000e8400000| Untracked 
| 133|0x00000000e8500000, 0x00000000e8500000, 0x00000000e8600000|  0%| F|  |TAMS 0x00000000e8500000, 0x00000000e8500000| Untracked 
| 134|0x00000000e8600000, 0x00000000e8600000, 0x00000000e8700000|  0%| F|  |TAMS 0x00000000e8600000, 0x00000000e8600000| Untracked 
| 135|0x00000000e8700000, 0x00000000e8700000, 0x00000000e8800000|  0%| F|  |TAMS 0x00000000e8700000, 0x00000000e8700000| Untracked 
| 136|0x00000000e8800000, 0x00000000e8800000, 0x00000000e8900000|  0%| F|  |TAMS 0x00000000e8800000, 0x00000000e8800000| Untracked 
| 137|0x00000000e8900000, 0x00000000e8900000, 0x00000000e8a00000|  0%| F|  |TAMS 0x00000000e8900000, 0x00000000e8900000| Untracked 
| 138|0x00000000e8a00000, 0x00000000e8a00000, 0x00000000e8b00000|  0%| F|  |TAMS 0x00000000e8a00000, 0x00000000e8a00000| Untracked 
| 139|0x00000000e8b00000, 0x00000000e8b00000, 0x00000000e8c00000|  0%| F|  |TAMS 0x00000000e8b00000, 0x00000000e8b00000| Untracked 
| 140|0x00000000e8c00000, 0x00000000e8c00000, 0x00000000e8d00000|  0%| F|  |TAMS 0x00000000e8c00000, 0x00000000e8c00000| Untracked 
| 141|0x00000000e8d00000, 0x00000000e8d00000, 0x00000000e8e00000|  0%| F|  |TAMS 0x00000000e8d00000, 0x00000000e8d00000| Untracked 
| 142|0x00000000e8e00000, 0x00000000e8e00000, 0x00000000e8f00000|  0%| F|  |TAMS 0x00000000e8e00000, 0x00000000e8e00000| Untracked 
| 143|0x00000000e8f00000, 0x00000000e8f00000, 0x00000000e9000000|  0%| F|  |TAMS 0x00000000e8f00000, 0x00000000e8f00000| Untracked 
| 144|0x00000000e9000000, 0x00000000e9000000, 0x00000000e9100000|  0%| F|  |TAMS 0x00000000e9000000, 0x00000000e9000000| Untracked 
| 145|0x00000000e9100000, 0x00000000e9100000, 0x00000000e9200000|  0%| F|  |TAMS 0x00000000e9100000, 0x00000000e9100000| Untracked 
| 146|0x00000000e9200000, 0x00000000e9200000, 0x00000000e9300000|  0%| F|  |TAMS 0x00000000e9200000, 0x00000000e9200000| Untracked 
| 147|0x00000000e9300000, 0x00000000e9300000, 0x00000000e9400000|  0%| F|  |TAMS 0x00000000e9300000, 0x00000000e9300000| Untracked 
| 148|0x00000000e9400000, 0x00000000e9400000, 0x00000000e9500000|  0%| F|  |TAMS 0x00000000e9400000, 0x00000000e9400000| Untracked 
| 149|0x00000000e9500000, 0x00000000e9500000, 0x00000000e9600000|  0%| F|  |TAMS 0x00000000e9500000, 0x00000000e9500000| Untracked 
| 150|0x00000000e9600000, 0x00000000e9600000, 0x00000000e9700000|  0%| F|  |TAMS 0x00000000e9600000, 0x00000000e9600000| Untracked 
| 151|0x00000000e9700000, 0x00000000e9700000, 0x00000000e9800000|  0%| F|  |TAMS 0x00000000e9700000, 0x00000000e9700000| Untracked 
| 152|0x00000000e9800000, 0x00000000e9800000, 0x00000000e9900000|  0%| F|  |TAMS 0x00000000e9800000, 0x00000000e9800000| Untracked 
| 153|0x00000000e9900000, 0x00000000e9900000, 0x00000000e9a00000|  0%| F|  |TAMS 0x00000000e9900000, 0x00000000e9900000| Untracked 
| 154|0x00000000e9a00000, 0x00000000e9a00000, 0x00000000e9b00000|  0%| F|  |TAMS 0x00000000e9a00000, 0x00000000e9a00000| Untracked 
| 155|0x00000000e9b00000, 0x00000000e9b00000, 0x00000000e9c00000|  0%| F|  |TAMS 0x00000000e9b00000, 0x00000000e9b00000| Untracked 
| 156|0x00000000e9c00000, 0x00000000e9c00000, 0x00000000e9d00000|  0%| F|  |TAMS 0x00000000e9c00000, 0x00000000e9c00000| Untracked 
| 157|0x00000000e9d00000, 0x00000000e9d00000, 0x00000000e9e00000|  0%| F|  |TAMS 0x00000000e9d00000, 0x00000000e9d00000| Untracked 
| 158|0x00000000e9e00000, 0x00000000e9e00000, 0x00000000e9f00000|  0%| F|  |TAMS 0x00000000e9e00000, 0x00000000e9e00000| Untracked 
| 159|0x00000000e9f00000, 0x00000000e9f00000, 0x00000000ea000000|  0%| F|  |TAMS 0x00000000e9f00000, 0x00000000e9f00000| Untracked 
| 160|0x00000000ea000000, 0x00000000ea000000, 0x00000000ea100000|  0%| F|  |TAMS 0x00000000ea000000, 0x00000000ea000000| Untracked 
| 161|0x00000000ea100000, 0x00000000ea100000, 0x00000000ea200000|  0%| F|  |TAMS 0x00000000ea100000, 0x00000000ea100000| Untracked 
| 162|0x00000000ea200000, 0x00000000ea200000, 0x00000000ea300000|  0%| F|  |TAMS 0x00000000ea200000, 0x00000000ea200000| Untracked 
| 163|0x00000000ea300000, 0x00000000ea300000, 0x00000000ea400000|  0%| F|  |TAMS 0x00000000ea300000, 0x00000000ea300000| Untracked 
| 164|0x00000000ea400000, 0x00000000ea400000, 0x00000000ea500000|  0%| F|  |TAMS 0x00000000ea400000, 0x00000000ea400000| Untracked 
| 165|0x00000000ea500000, 0x00000000ea500000, 0x00000000ea600000|  0%| F|  |TAMS 0x00000000ea500000, 0x00000000ea500000| Untracked 
| 166|0x00000000ea600000, 0x00000000ea600000, 0x00000000ea700000|  0%| F|  |TAMS 0x00000000ea600000, 0x00000000ea600000| Untracked 
| 167|0x00000000ea700000, 0x00000000ea700000, 0x00000000ea800000|  0%| F|  |TAMS 0x00000000ea700000, 0x00000000ea700000| Untracked 
| 168|0x00000000ea800000, 0x00000000ea800000, 0x00000000ea900000|  0%| F|  |TAMS 0x00000000ea800000, 0x00000000ea800000| Untracked 
| 169|0x00000000ea900000, 0x00000000ea900000, 0x00000000eaa00000|  0%| F|  |TAMS 0x00000000ea900000, 0x00000000ea900000| Untracked 
| 170|0x00000000eaa00000, 0x00000000eaa00000, 0x00000000eab00000|  0%| F|  |TAMS 0x00000000eaa00000, 0x00000000eaa00000| Untracked 
| 171|0x00000000eab00000, 0x00000000eab00000, 0x00000000eac00000|  0%| F|  |TAMS 0x00000000eab00000, 0x00000000eab00000| Untracked 
| 172|0x00000000eac00000, 0x00000000eac00000, 0x00000000ead00000|  0%| F|  |TAMS 0x00000000eac00000, 0x00000000eac00000| Untracked 
| 173|0x00000000ead00000, 0x00000000ead00000, 0x00000000eae00000|  0%| F|  |TAMS 0x00000000ead00000, 0x00000000ead00000| Untracked 
| 174|0x00000000eae00000, 0x00000000eae00000, 0x00000000eaf00000|  0%| F|  |TAMS 0x00000000eae00000, 0x00000000eae00000| Untracked 
| 175|0x00000000eaf00000, 0x00000000eaf00000, 0x00000000eb000000|  0%| F|  |TAMS 0x00000000eaf00000, 0x00000000eaf00000| Untracked 
| 176|0x00000000eb000000, 0x00000000eb000000, 0x00000000eb100000|  0%| F|  |TAMS 0x00000000eb000000, 0x00000000eb000000| Untracked 
| 177|0x00000000eb100000, 0x00000000eb100000, 0x00000000eb200000|  0%| F|  |TAMS 0x00000000eb100000, 0x00000000eb100000| Untracked 
| 178|0x00000000eb200000, 0x00000000eb200000, 0x00000000eb300000|  0%| F|  |TAMS 0x00000000eb200000, 0x00000000eb200000| Untracked 
| 179|0x00000000eb300000, 0x00000000eb300000, 0x00000000eb400000|  0%| F|  |TAMS 0x00000000eb300000, 0x00000000eb300000| Untracked 
| 180|0x00000000eb400000, 0x00000000eb400000, 0x00000000eb500000|  0%| F|  |TAMS 0x00000000eb400000, 0x00000000eb400000| Untracked 
| 181|0x00000000eb500000, 0x00000000eb500000, 0x00000000eb600000|  0%| F|  |TAMS 0x00000000eb500000, 0x00000000eb500000| Untracked 
| 182|0x00000000eb600000, 0x00000000eb600000, 0x00000000eb700000|  0%| F|  |TAMS 0x00000000eb600000, 0x00000000eb600000| Untracked 
| 183|0x00000000eb700000, 0x00000000eb700000, 0x00000000eb800000|  0%| F|  |TAMS 0x00000000eb700000, 0x00000000eb700000| Untracked 
| 184|0x00000000eb800000, 0x00000000eb800000, 0x00000000eb900000|  0%| F|  |TAMS 0x00000000eb800000, 0x00000000eb800000| Untracked 
| 185|0x00000000eb900000, 0x00000000eb900000, 0x00000000eba00000|  0%| F|  |TAMS 0x00000000eb900000, 0x00000000eb900000| Untracked 
| 186|0x00000000eba00000, 0x00000000eba00000, 0x00000000ebb00000|  0%| F|  |TAMS 0x00000000eba00000, 0x00000000eba00000| Untracked 
| 187|0x00000000ebb00000, 0x00000000ebb00000, 0x00000000ebc00000|  0%| F|  |TAMS 0x00000000ebb00000, 0x00000000ebb00000| Untracked 
| 188|0x00000000ebc00000, 0x00000000ebc00000, 0x00000000ebd00000|  0%| F|  |TAMS 0x00000000ebc00000, 0x00000000ebc00000| Untracked 
| 189|0x00000000ebd00000, 0x00000000ebd00000, 0x00000000ebe00000|  0%| F|  |TAMS 0x00000000ebd00000, 0x00000000ebd00000| Untracked 
| 190|0x00000000ebe00000, 0x00000000ebe00000, 0x00000000ebf00000|  0%| F|  |TAMS 0x00000000ebe00000, 0x00000000ebe00000| Untracked 
| 191|0x00000000ebf00000, 0x00000000ebf00000, 0x00000000ec000000|  0%| F|  |TAMS 0x00000000ebf00000, 0x00000000ebf00000| Untracked 
| 192|0x00000000ec000000, 0x00000000ec000000, 0x00000000ec100000|  0%| F|  |TAMS 0x00000000ec000000, 0x00000000ec000000| Untracked 
| 193|0x00000000ec100000, 0x00000000ec100000, 0x00000000ec200000|  0%| F|  |TAMS 0x00000000ec100000, 0x00000000ec100000| Untracked 
| 194|0x00000000ec200000, 0x00000000ec200000, 0x00000000ec300000|  0%| F|  |TAMS 0x00000000ec200000, 0x00000000ec200000| Untracked 
| 195|0x00000000ec300000, 0x00000000ec300000, 0x00000000ec400000|  0%| F|  |TAMS 0x00000000ec300000, 0x00000000ec300000| Untracked 
| 196|0x00000000ec400000, 0x00000000ec400000, 0x00000000ec500000|  0%| F|  |TAMS 0x00000000ec400000, 0x00000000ec400000| Untracked 
| 197|0x00000000ec500000, 0x00000000ec500000, 0x00000000ec600000|  0%| F|  |TAMS 0x00000000ec500000, 0x00000000ec500000| Untracked 
| 198|0x00000000ec600000, 0x00000000ec600000, 0x00000000ec700000|  0%| F|  |TAMS 0x00000000ec600000, 0x00000000ec600000| Untracked 
| 199|0x00000000ec700000, 0x00000000ec700000, 0x00000000ec800000|  0%| F|  |TAMS 0x00000000ec700000, 0x00000000ec700000| Untracked 
| 200|0x00000000ec800000, 0x00000000ec800000, 0x00000000ec900000|  0%| F|  |TAMS 0x00000000ec800000, 0x00000000ec800000| Untracked 
| 201|0x00000000ec900000, 0x00000000ec900000, 0x00000000eca00000|  0%| F|  |TAMS 0x00000000ec900000, 0x00000000ec900000| Untracked 
| 202|0x00000000eca00000, 0x00000000eca00000, 0x00000000ecb00000|  0%| F|  |TAMS 0x00000000eca00000, 0x00000000eca00000| Untracked 
| 203|0x00000000ecb00000, 0x00000000ecb00000, 0x00000000ecc00000|  0%| F|  |TAMS 0x00000000ecb00000, 0x00000000ecb00000| Untracked 
| 204|0x00000000ecc00000, 0x00000000ecc00000, 0x00000000ecd00000|  0%| F|  |TAMS 0x00000000ecc00000, 0x00000000ecc00000| Untracked 
| 205|0x00000000ecd00000, 0x00000000ecd00000, 0x00000000ece00000|  0%| F|  |TAMS 0x00000000ecd00000, 0x00000000ecd00000| Untracked 
| 206|0x00000000ece00000, 0x00000000ece00000, 0x00000000ecf00000|  0%| F|  |TAMS 0x00000000ece00000, 0x00000000ece00000| Untracked 
| 207|0x00000000ecf00000, 0x00000000ecf00000, 0x00000000ed000000|  0%| F|  |TAMS 0x00000000ecf00000, 0x00000000ecf00000| Untracked 
| 208|0x00000000ed000000, 0x00000000ed000000, 0x00000000ed100000|  0%| F|  |TAMS 0x00000000ed000000, 0x00000000ed000000| Untracked 
| 209|0x00000000ed100000, 0x00000000ed100000, 0x00000000ed200000|  0%| F|  |TAMS 0x00000000ed100000, 0x00000000ed100000| Untracked 
| 210|0x00000000ed200000, 0x00000000ed280000, 0x00000000ed300000| 50%| E|  |TAMS 0x00000000ed200000, 0x00000000ed200000| Complete 
| 211|0x00000000ed300000, 0x00000000ed400000, 0x00000000ed400000|100%| E|CS|TAMS 0x00000000ed300000, 0x00000000ed300000| Complete 
| 212|0x00000000ed400000, 0x00000000ed500000, 0x00000000ed500000|100%| E|CS|TAMS 0x00000000ed400000, 0x00000000ed400000| Complete 
| 213|0x00000000ed500000, 0x00000000ed600000, 0x00000000ed600000|100%| E|CS|TAMS 0x00000000ed500000, 0x00000000ed500000| Complete 
| 214|0x00000000ed600000, 0x00000000ed700000, 0x00000000ed700000|100%| E|CS|TAMS 0x00000000ed600000, 0x00000000ed600000| Complete 
| 215|0x00000000ed700000, 0x00000000ed800000, 0x00000000ed800000|100%| E|CS|TAMS 0x00000000ed700000, 0x00000000ed700000| Complete 
| 216|0x00000000ed800000, 0x00000000ed900000, 0x00000000ed900000|100%| E|CS|TAMS 0x00000000ed800000, 0x00000000ed800000| Complete 
| 217|0x00000000ed900000, 0x00000000eda00000, 0x00000000eda00000|100%| E|CS|TAMS 0x00000000ed900000, 0x00000000ed900000| Complete 
| 218|0x00000000eda00000, 0x00000000edb00000, 0x00000000edb00000|100%| E|CS|TAMS 0x00000000eda00000, 0x00000000eda00000| Complete 
| 219|0x00000000edb00000, 0x00000000edc00000, 0x00000000edc00000|100%| E|CS|TAMS 0x00000000edb00000, 0x00000000edb00000| Complete 
| 220|0x00000000edc00000, 0x00000000edd00000, 0x00000000edd00000|100%| E|CS|TAMS 0x00000000edc00000, 0x00000000edc00000| Complete 
| 221|0x00000000edd00000, 0x00000000ede00000, 0x00000000ede00000|100%| E|CS|TAMS 0x00000000edd00000, 0x00000000edd00000| Complete 
| 222|0x00000000ede00000, 0x00000000edf00000, 0x00000000edf00000|100%| E|CS|TAMS 0x00000000ede00000, 0x00000000ede00000| Complete 
| 223|0x00000000edf00000, 0x00000000ee000000, 0x00000000ee000000|100%| E|CS|TAMS 0x00000000edf00000, 0x00000000edf00000| Complete 
| 224|0x00000000ee000000, 0x00000000ee100000, 0x00000000ee100000|100%| E|CS|TAMS 0x00000000ee000000, 0x00000000ee000000| Complete 
| 225|0x00000000ee100000, 0x00000000ee200000, 0x00000000ee200000|100%| E|CS|TAMS 0x00000000ee100000, 0x00000000ee100000| Complete 
| 226|0x00000000ee200000, 0x00000000ee300000, 0x00000000ee300000|100%| E|CS|TAMS 0x00000000ee200000, 0x00000000ee200000| Complete 
| 227|0x00000000ee300000, 0x00000000ee400000, 0x00000000ee400000|100%| E|CS|TAMS 0x00000000ee300000, 0x00000000ee300000| Complete 
| 228|0x00000000ee400000, 0x00000000ee500000, 0x00000000ee500000|100%| E|CS|TAMS 0x00000000ee400000, 0x00000000ee400000| Complete 
| 229|0x00000000ee500000, 0x00000000ee600000, 0x00000000ee600000|100%| E|CS|TAMS 0x00000000ee500000, 0x00000000ee500000| Complete 
| 230|0x00000000ee600000, 0x00000000ee700000, 0x00000000ee700000|100%| E|CS|TAMS 0x00000000ee600000, 0x00000000ee600000| Complete 
| 231|0x00000000ee700000, 0x00000000ee800000, 0x00000000ee800000|100%| E|CS|TAMS 0x00000000ee700000, 0x00000000ee700000| Complete 
| 232|0x00000000ee800000, 0x00000000ee900000, 0x00000000ee900000|100%| E|CS|TAMS 0x00000000ee800000, 0x00000000ee800000| Complete 
| 233|0x00000000ee900000, 0x00000000eea00000, 0x00000000eea00000|100%| E|CS|TAMS 0x00000000ee900000, 0x00000000ee900000| Complete 
| 234|0x00000000eea00000, 0x00000000eeb00000, 0x00000000eeb00000|100%| E|CS|TAMS 0x00000000eea00000, 0x00000000eea00000| Complete 
| 235|0x00000000eeb00000, 0x00000000eec00000, 0x00000000eec00000|100%| E|CS|TAMS 0x00000000eeb00000, 0x00000000eeb00000| Complete 
| 236|0x00000000eec00000, 0x00000000eed00000, 0x00000000eed00000|100%| E|CS|TAMS 0x00000000eec00000, 0x00000000eec00000| Complete 
| 237|0x00000000eed00000, 0x00000000eee00000, 0x00000000eee00000|100%| E|CS|TAMS 0x00000000eed00000, 0x00000000eed00000| Complete 
| 238|0x00000000eee00000, 0x00000000eef00000, 0x00000000eef00000|100%| E|CS|TAMS 0x00000000eee00000, 0x00000000eee00000| Complete 
| 239|0x00000000eef00000, 0x00000000ef000000, 0x00000000ef000000|100%| E|CS|TAMS 0x00000000eef00000, 0x00000000eef00000| Complete 
| 240|0x00000000ef000000, 0x00000000ef100000, 0x00000000ef100000|100%| E|CS|TAMS 0x00000000ef000000, 0x00000000ef000000| Complete 
| 241|0x00000000ef100000, 0x00000000ef200000, 0x00000000ef200000|100%| E|CS|TAMS 0x00000000ef100000, 0x00000000ef100000| Complete 
| 242|0x00000000ef200000, 0x00000000ef300000, 0x00000000ef300000|100%| E|CS|TAMS 0x00000000ef200000, 0x00000000ef200000| Complete 
| 243|0x00000000ef300000, 0x00000000ef400000, 0x00000000ef400000|100%| E|CS|TAMS 0x00000000ef300000, 0x00000000ef300000| Complete 
| 244|0x00000000ef400000, 0x00000000ef500000, 0x00000000ef500000|100%| E|CS|TAMS 0x00000000ef400000, 0x00000000ef400000| Complete 
| 245|0x00000000ef500000, 0x00000000ef600000, 0x00000000ef600000|100%| E|CS|TAMS 0x00000000ef500000, 0x00000000ef500000| Complete 
| 246|0x00000000ef600000, 0x00000000ef700000, 0x00000000ef700000|100%| E|CS|TAMS 0x00000000ef600000, 0x00000000ef600000| Complete 
| 247|0x00000000ef700000, 0x00000000ef800000, 0x00000000ef800000|100%| E|CS|TAMS 0x00000000ef700000, 0x00000000ef700000| Complete 
| 248|0x00000000ef800000, 0x00000000ef900000, 0x00000000ef900000|100%| E|CS|TAMS 0x00000000ef800000, 0x00000000ef800000| Complete 
| 249|0x00000000ef900000, 0x00000000efa00000, 0x00000000efa00000|100%| E|CS|TAMS 0x00000000ef900000, 0x00000000ef900000| Complete 
| 250|0x00000000efa00000, 0x00000000efb00000, 0x00000000efb00000|100%| E|CS|TAMS 0x00000000efa00000, 0x00000000efa00000| Complete 
| 251|0x00000000efb00000, 0x00000000efc00000, 0x00000000efc00000|100%| E|CS|TAMS 0x00000000efb00000, 0x00000000efb00000| Complete 
| 252|0x00000000efc00000, 0x00000000efd00000, 0x00000000efd00000|100%| E|CS|TAMS 0x00000000efc00000, 0x00000000efc00000| Complete 
| 253|0x00000000efd00000, 0x00000000efe00000, 0x00000000efe00000|100%| E|CS|TAMS 0x00000000efd00000, 0x00000000efd00000| Complete 
| 254|0x00000000efe00000, 0x00000000eff00000, 0x00000000eff00000|100%| E|CS|TAMS 0x00000000efe00000, 0x00000000efe00000| Complete 
| 255|0x00000000eff00000, 0x00000000f0000000, 0x00000000f0000000|100%| E|CS|TAMS 0x00000000eff00000, 0x00000000eff00000| Complete 

Card table byte_map: [0x000002159fd40000,0x000002159fe40000] _byte_map_base: 0x000002159f640000

Marking Bits (Prev, Next): (CMBitMap*) 0x0000021588cdc9a0, (CMBitMap*) 0x0000021588cdc960
 Prev Bits: [0x00000215a0740000, 0x00000215a0f40000)
 Next Bits: [0x000002159ff40000, 0x00000215a0740000)

Polling page: 0x0000021586a00000

Metaspace:

Usage:
  Non-class:     60.03 MB used.
      Class:      9.63 MB used.
       Both:     69.65 MB used.

Virtual space:
  Non-class space:       64.00 MB reserved,      60.38 MB ( 94%) committed,  1 nodes.
      Class space:      320.00 MB reserved,      10.00 MB (  3%) committed,  1 nodes.
             Both:      384.00 MB reserved,      70.38 MB ( 18%) committed. 

Chunk freelists:
   Non-Class:  3.52 MB
       Class:  5.98 MB
        Both:  9.49 MB

MaxMetaspaceSize: 384.00 MB
CompressedClassSpaceSize: 320.00 MB
Initial GC threshold: 21.00 MB
Current GC threshold: 98.75 MB
CDS: on
MetaspaceReclaimPolicy: balanced
 - commit_granule_bytes: 65536.
 - commit_granule_words: 8192.
 - virtual_space_node_default_size: 8388608.
 - enlarge_chunks_in_place: 1.
 - new_chunks_are_fully_committed: 0.
 - uncommit_free_chunks: 1.
 - use_allocation_guard: 0.
 - handle_deallocations: 1.


Internal statistics:

num_allocs_failed_limit: 12.
num_arena_births: 958.
num_arena_deaths: 0.
num_vsnodes_births: 2.
num_vsnodes_deaths: 0.
num_space_committed: 1126.
num_space_uncommitted: 0.
num_chunks_returned_to_freelist: 12.
num_chunks_taken_from_freelist: 4005.
num_chunk_merges: 9.
num_chunk_splits: 2540.
num_chunks_enlarged: 1580.
num_inconsistent_stats: 0.

CodeHeap 'non-profiled nmethods': size=120000Kb used=6177Kb max_used=6177Kb free=113822Kb
 bounds [0x00000215982c0000, 0x00000215988d0000, 0x000002159f7f0000]
CodeHeap 'profiled nmethods': size=120000Kb used=17496Kb max_used=17496Kb free=102503Kb
 bounds [0x00000215907f0000, 0x0000021591910000, 0x0000021597d20000]
CodeHeap 'non-nmethods': size=5760Kb used=2372Kb max_used=2457Kb free=3387Kb
 bounds [0x0000021597d20000, 0x0000021597f90000, 0x00000215982c0000]
 total_blobs=10099 nmethods=9204 adapters=807
 compilation: enabled
              stopped_count=0, restarted_count=0
 full_count=0

Compilation events (20 events):
Event: 28.384 Thread 0x00000215a3bd52b0 10738       1       org.gradle.internal.execution.model.annotations.ModifierAnnotationCategory::getDisplayName (5 bytes)
Event: 28.384 Thread 0x00000215a3bd52b0 nmethod 10738 0x00000215988c6390 code [0x00000215988c6520, 0x00000215988c65f8]
Event: 28.384 Thread 0x00000215a3bd52b0 10739       3       com.google.common.collect.AbstractMapBasedMultimap$WrappedCollection::size (14 bytes)
Event: 28.385 Thread 0x00000215a3bd52b0 nmethod 10739 0x00000215918eaf10 code [0x00000215918eb0c0, 0x00000215918eb358]
Event: 28.387 Thread 0x00000215a3bd52b0 10740       1       org.gradle.internal.reflect.annotations.impl.DefaultPropertyAnnotationMetadata::getAnnotations (5 bytes)
Event: 28.387 Thread 0x00000215a3bd52b0 nmethod 10740 0x00000215988c6690 code [0x00000215988c6820, 0x00000215988c68f8]
Event: 28.388 Thread 0x00000215a3bd52b0 10741       3       jdk.internal.reflect.AccessorGenerator::emitMethod (276 bytes)
Event: 28.392 Thread 0x00000215a3bd52b0 nmethod 10741 0x00000215918eb490 code [0x00000215918ebb40, 0x00000215918eee18]
Event: 28.392 Thread 0x00000215a3bd52b0 10744       3       com.google.common.reflect.TypeToken$SimpleTypeToken::<init> (7 bytes)
Event: 28.392 Thread 0x00000215a3bd52b0 nmethod 10744 0x00000215918f0910 code [0x00000215918f0b00, 0x00000215918f1068]
Event: 28.392 Thread 0x00000215a3bd52b0 10742       3       jdk.internal.reflect.ClassFileAssembler::getMaxStack (6 bytes)
Event: 28.392 Thread 0x00000215a3bd52b0 nmethod 10742 0x00000215918f1210 code [0x00000215918f13a0, 0x00000215918f14b8]
Event: 28.392 Thread 0x00000215a3bd52b0 10743       1       com.google.common.collect.Maps$KeySet::map (5 bytes)
Event: 28.393 Thread 0x00000215a3bd52b0 nmethod 10743 0x00000215988c6990 code [0x00000215988c6b20, 0x00000215988c6bf8]
Event: 28.395 Thread 0x00000215a3bd52b0 10745   !   3       org.gradle.api.internal.attributes.DefaultMutableAttributeContainer::realizeAllLazyAttributes (63 bytes)
Event: 28.396 Thread 0x00000215a3bd52b0 nmethod 10745 0x00000215918f1590 code [0x00000215918f17e0, 0x00000215918f1fe8]
Event: 28.396 Thread 0x00000215a3bd52b0 10746       3       java.lang.String::replaceAll (13 bytes)
Event: 28.396 Thread 0x00000215a3bd52b0 nmethod 10746 0x00000215918f2290 code [0x00000215918f2460, 0x00000215918f26e8]
Event: 28.397 Thread 0x00000215a3bd52b0 10747       3       org.objectweb.asm.AnnotationWriter::computeAnnotationsSize (42 bytes)
Event: 28.397 Thread 0x00000215a3bd52b0 nmethod 10747 0x00000215918f2810 code [0x00000215918f29c0, 0x00000215918f2c08]

GC Heap History (20 events):
Event: 6.363 GC heap before
{Heap before GC invocations=3 (full 0):
 garbage-first heap   total 262144K, used 67007K [0x00000000e0000000, 0x0000000100000000)
  region size 1024K, 56 young (57344K), 11 survivors (11264K)
 Metaspace       used 21212K, committed 21504K, reserved 393216K
  class space    used 3101K, committed 3264K, reserved 327680K
}
Event: 6.369 GC heap after
{Heap after GC invocations=4 (full 0):
 garbage-first heap   total 262144K, used 24701K [0x00000000e0000000, 0x0000000100000000)
  region size 1024K, 13 young (13312K), 13 survivors (13312K)
 Metaspace       used 21212K, committed 21504K, reserved 393216K
  class space    used 3101K, committed 3264K, reserved 327680K
}
Event: 9.283 GC heap before
{Heap before GC invocations=5 (full 0):
 garbage-first heap   total 262144K, used 128125K [0x00000000e0000000, 0x0000000100000000)
  region size 1024K, 116 young (118784K), 13 survivors (13312K)
 Metaspace       used 35586K, committed 35968K, reserved 393216K
  class space    used 5039K, committed 5248K, reserved 327680K
}
Event: 9.297 GC heap after
{Heap after GC invocations=6 (full 0):
 garbage-first heap   total 262144K, used 32926K [0x00000000e0000000, 0x0000000100000000)
  region size 1024K, 11 young (11264K), 11 survivors (11264K)
 Metaspace       used 35586K, committed 35968K, reserved 393216K
  class space    used 5039K, committed 5248K, reserved 327680K
}
Event: 9.329 GC heap before
{Heap before GC invocations=6 (full 0):
 garbage-first heap   total 262144K, used 33950K [0x00000000e0000000, 0x0000000100000000)
  region size 1024K, 12 young (12288K), 11 survivors (11264K)
 Metaspace       used 35660K, committed 36032K, reserved 393216K
  class space    used 5050K, committed 5248K, reserved 327680K
}
Event: 9.337 GC heap after
{Heap after GC invocations=7 (full 0):
 garbage-first heap   total 262144K, used 33334K [0x00000000e0000000, 0x0000000100000000)
  region size 1024K, 2 young (2048K), 2 survivors (2048K)
 Metaspace       used 35660K, committed 36032K, reserved 393216K
  class space    used 5050K, committed 5248K, reserved 327680K
}
Event: 9.579 GC heap before
{Heap before GC invocations=7 (full 0):
 garbage-first heap   total 262144K, used 51766K [0x00000000e0000000, 0x0000000100000000)
  region size 1024K, 21 young (21504K), 2 survivors (2048K)
 Metaspace       used 35868K, committed 36288K, reserved 393216K
  class space    used 5066K, committed 5248K, reserved 327680K
}
Event: 9.582 GC heap after
{Heap after GC invocations=8 (full 0):
 garbage-first heap   total 262144K, used 34332K [0x00000000e0000000, 0x0000000100000000)
  region size 1024K, 3 young (3072K), 3 survivors (3072K)
 Metaspace       used 35868K, committed 36288K, reserved 393216K
  class space    used 5066K, committed 5248K, reserved 327680K
}
Event: 13.767 GC heap before
{Heap before GC invocations=9 (full 0):
 garbage-first heap   total 262144K, used 194076K [0x00000000e0000000, 0x0000000100000000)
  region size 1024K, 153 young (156672K), 3 survivors (3072K)
 Metaspace       used 48010K, committed 48512K, reserved 393216K
  class space    used 6695K, committed 6976K, reserved 327680K
}
Event: 13.781 GC heap after
{Heap after GC invocations=10 (full 0):
 garbage-first heap   total 262144K, used 46825K [0x00000000e0000000, 0x0000000100000000)
  region size 1024K, 15 young (15360K), 15 survivors (15360K)
 Metaspace       used 48010K, committed 48512K, reserved 393216K
  class space    used 6695K, committed 6976K, reserved 327680K
}
Event: 16.416 GC heap before
{Heap before GC invocations=10 (full 0):
 garbage-first heap   total 262144K, used 187113K [0x00000000e0000000, 0x0000000100000000)
  region size 1024K, 153 young (156672K), 15 survivors (15360K)
 Metaspace       used 49099K, committed 49664K, reserved 393216K
  class space    used 6787K, committed 7104K, reserved 327680K
}
Event: 16.430 GC heap after
{Heap after GC invocations=11 (full 0):
 garbage-first heap   total 262144K, used 52487K [0x00000000e0000000, 0x0000000100000000)
  region size 1024K, 7 young (7168K), 7 survivors (7168K)
 Metaspace       used 49099K, committed 49664K, reserved 393216K
  class space    used 6787K, committed 7104K, reserved 327680K
}
Event: 20.159 GC heap before
{Heap before GC invocations=11 (full 0):
 garbage-first heap   total 262144K, used 197895K [0x00000000e0000000, 0x0000000100000000)
  region size 1024K, 149 young (152576K), 7 survivors (7168K)
 Metaspace       used 51434K, committed 52096K, reserved 393216K
  class space    used 7093K, committed 7424K, reserved 327680K
}
Event: 20.171 GC heap after
{Heap after GC invocations=12 (full 0):
 garbage-first heap   total 262144K, used 58941K [0x00000000e0000000, 0x0000000100000000)
  region size 1024K, 13 young (13312K), 13 survivors (13312K)
 Metaspace       used 51434K, committed 52096K, reserved 393216K
  class space    used 7093K, committed 7424K, reserved 327680K
}
Event: 23.288 GC heap before
{Heap before GC invocations=12 (full 0):
 garbage-first heap   total 262144K, used 210493K [0x00000000e0000000, 0x0000000100000000)
  region size 1024K, 153 young (156672K), 13 survivors (13312K)
 Metaspace       used 58644K, committed 59392K, reserved 393216K
  class space    used 8000K, committed 8384K, reserved 327680K
}
Event: 23.303 GC heap after
{Heap after GC invocations=13 (full 0):
 garbage-first heap   total 262144K, used 78899K [0x00000000e0000000, 0x0000000100000000)
  region size 1024K, 20 young (20480K), 20 survivors (20480K)
 Metaspace       used 58644K, committed 59392K, reserved 393216K
  class space    used 8000K, committed 8384K, reserved 327680K
}
Event: 23.779 GC heap before
{Heap before GC invocations=13 (full 0):
 garbage-first heap   total 262144K, used 92211K [0x00000000e0000000, 0x0000000100000000)
  region size 1024K, 34 young (34816K), 20 survivors (20480K)
 Metaspace       used 59922K, committed 60608K, reserved 393216K
  class space    used 8213K, committed 8576K, reserved 327680K
}
Event: 23.796 GC heap after
{Heap after GC invocations=14 (full 0):
 garbage-first heap   total 262144K, used 80619K [0x00000000e0000000, 0x0000000100000000)
  region size 1024K, 3 young (3072K), 3 survivors (3072K)
 Metaspace       used 59922K, committed 60608K, reserved 393216K
  class space    used 8213K, committed 8576K, reserved 327680K
}
Event: 26.639 GC heap before
{Heap before GC invocations=15 (full 0):
 garbage-first heap   total 262144K, used 213739K [0x00000000e0000000, 0x0000000100000000)
  region size 1024K, 128 young (131072K), 3 survivors (3072K)
 Metaspace       used 67948K, committed 68736K, reserved 393216K
  class space    used 9282K, committed 9664K, reserved 327680K
}
Event: 26.647 GC heap after
{Heap after GC invocations=16 (full 0):
 garbage-first heap   total 262144K, used 94218K [0x00000000e0000000, 0x0000000100000000)
  region size 1024K, 11 young (11264K), 11 survivors (11264K)
 Metaspace       used 67948K, committed 68736K, reserved 393216K
  class space    used 9282K, committed 9664K, reserved 327680K
}

Dll operation events (15 events):
Event: 0.013 Loaded shared library C:\Program Files\Microsoft\jdk-17.0.15.6-hotspot\bin\java.dll
Event: 0.027 Loaded shared library C:\Program Files\Microsoft\jdk-17.0.15.6-hotspot\bin\jsvml.dll
Event: 0.070 Loaded shared library C:\Program Files\Microsoft\jdk-17.0.15.6-hotspot\bin\zip.dll
Event: 0.075 Loaded shared library C:\Program Files\Microsoft\jdk-17.0.15.6-hotspot\bin\instrument.dll
Event: 0.080 Loaded shared library C:\Program Files\Microsoft\jdk-17.0.15.6-hotspot\bin\net.dll
Event: 0.083 Loaded shared library C:\Program Files\Microsoft\jdk-17.0.15.6-hotspot\bin\nio.dll
Event: 0.087 Loaded shared library C:\Program Files\Microsoft\jdk-17.0.15.6-hotspot\bin\zip.dll
Event: 0.351 Loaded shared library C:\Program Files\Microsoft\jdk-17.0.15.6-hotspot\bin\jimage.dll
Event: 0.552 Loaded shared library C:\Program Files\Microsoft\jdk-17.0.15.6-hotspot\bin\verify.dll
Event: 0.758 Loaded shared library C:\Users\HP\.gradle\native\c067742578af261105cb4f569cf0c3c89f3d7b1fecec35dd04571415982c5e48\windows-amd64\native-platform.dll
Event: 0.770 Loaded shared library C:\Users\HP\.gradle\native\100fb08df4bc3b14c8652ba06237920a3bd2aa13389f12d3474272988ae205f9\windows-amd64\native-platform-file-events.dll
Event: 3.039 Loaded shared library C:\Program Files\Microsoft\jdk-17.0.15.6-hotspot\bin\management.dll
Event: 3.047 Loaded shared library C:\Program Files\Microsoft\jdk-17.0.15.6-hotspot\bin\management_ext.dll
Event: 3.573 Loaded shared library C:\Program Files\Microsoft\jdk-17.0.15.6-hotspot\bin\extnet.dll
Event: 4.022 Loaded shared library C:\Program Files\Microsoft\jdk-17.0.15.6-hotspot\bin\sunmscapi.dll

Deoptimization events (20 events):
Event: 26.045 Thread 0x00000215bea9c490 Uncommon trap: trap_request=0xffffff45 fr.pc=0x00000215985dcec8 relative=0x0000000000000608
Event: 26.045 Thread 0x00000215bea9c490 Uncommon trap: reason=unstable_if action=reinterpret pc=0x00000215985dcec8 method=groovy.lang.MetaClassImpl.filterPropertyMethod(Ljava/lang/Object;ZZ)Ljava/lang/Object; @ 60 c2
Event: 26.045 Thread 0x00000215bea9c490 DEOPT PACKING pc=0x00000215985dcec8 sp=0x0000002ff01f71e0
Event: 26.045 Thread 0x00000215bea9c490 DEOPT UNPACKING pc=0x0000021597d769a3 sp=0x0000002ff01f7158 mode 2
Event: 26.063 Thread 0x00000215bea9c490 DEOPT PACKING pc=0x00000215914741d6 sp=0x0000002ff01f41e0
Event: 26.063 Thread 0x00000215bea9c490 DEOPT UNPACKING pc=0x0000021597d77143 sp=0x0000002ff01f3718 mode 0
Event: 26.165 Thread 0x00000215bea9c490 DEOPT PACKING pc=0x00000215915d53c4 sp=0x0000002ff01f4e50
Event: 26.165 Thread 0x00000215bea9c490 DEOPT UNPACKING pc=0x0000021597d77143 sp=0x0000002ff01f42b0 mode 0
Event: 27.313 Thread 0x00000215bea9c490 Uncommon trap: trap_request=0xffffff76 fr.pc=0x00000215988ac0dc relative=0x0000000000000abc
Event: 27.313 Thread 0x00000215bea9c490 Uncommon trap: reason=predicate action=maybe_recompile pc=0x00000215988ac0dc method=com.google.common.collect.RegularImmutableMap.fromEntryArrayCheckingBucketOverflow(I[Ljava/util/Map$Entry;Z)Lcom/google/common/collect/ImmutableMap; @ 50 c2
Event: 27.313 Thread 0x00000215bea9c490 DEOPT PACKING pc=0x00000215988ac0dc sp=0x0000002ff01f81a0
Event: 27.313 Thread 0x00000215bea9c490 DEOPT UNPACKING pc=0x0000021597d769a3 sp=0x0000002ff01f8148 mode 2
Event: 28.351 Thread 0x00000215bea9c490 Uncommon trap: trap_request=0xffffffbe fr.pc=0x00000215988c4bbc relative=0x000000000000117c
Event: 28.351 Thread 0x00000215bea9c490 Uncommon trap: reason=profile_predicate action=maybe_recompile pc=0x00000215988c4bbc method=com.google.common.collect.MapMakerInternalMap$Segment.expand()V @ 56 c2
Event: 28.351 Thread 0x00000215bea9c490 DEOPT PACKING pc=0x00000215988c4bbc sp=0x0000002ff01f7a10
Event: 28.351 Thread 0x00000215bea9c490 DEOPT UNPACKING pc=0x0000021597d769a3 sp=0x0000002ff01f79b8 mode 2
Event: 28.354 Thread 0x00000215bea9c490 Uncommon trap: trap_request=0xffffff76 fr.pc=0x0000021598879bf4 relative=0x0000000000000554
Event: 28.354 Thread 0x00000215bea9c490 Uncommon trap: reason=predicate action=maybe_recompile pc=0x0000021598879bf4 method=java.util.TimSort.binarySort([Ljava/lang/Object;IIILjava/util/Comparator;)V @ 34 c2
Event: 28.354 Thread 0x00000215bea9c490 DEOPT PACKING pc=0x0000021598879bf4 sp=0x0000002ff01f84f0
Event: 28.354 Thread 0x00000215bea9c490 DEOPT UNPACKING pc=0x0000021597d769a3 sp=0x0000002ff01f84a0 mode 2

Classes loaded (20 events):
Event: 26.127 Loading class jdk/internal/ValueBased
Event: 26.128 Loading class jdk/internal/ValueBased done
Event: 26.251 Loading class sun/nio/fs/WindowsPathBeanInfo
Event: 26.251 Loading class sun/nio/fs/WindowsPathBeanInfo done
Event: 26.251 Loading class sun/nio/fs/WindowsPathBeanInfo
Event: 26.251 Loading class sun/nio/fs/WindowsPathBeanInfo done
Event: 26.251 Loading class sun/nio/fs/WindowsPathCustomizer
Event: 26.251 Loading class sun/nio/fs/WindowsPathCustomizer done
Event: 26.252 Loading class sun/nio/fs/WindowsPathCustomizer
Event: 26.252 Loading class sun/nio/fs/WindowsPathCustomizer done
Event: 26.256 Loading class java/nio/file/WatchEvent
Event: 26.257 Loading class java/nio/file/WatchEvent done
Event: 26.263 Loading class java/nio/file/PathsBeanInfo
Event: 26.263 Loading class java/nio/file/PathsBeanInfo done
Event: 26.263 Loading class java/nio/file/PathsBeanInfo
Event: 26.263 Loading class java/nio/file/PathsBeanInfo done
Event: 26.263 Loading class java/nio/file/PathsCustomizer
Event: 26.263 Loading class java/nio/file/PathsCustomizer done
Event: 26.264 Loading class java/nio/file/PathsCustomizer
Event: 26.264 Loading class java/nio/file/PathsCustomizer done

Classes unloaded (0 events):
No events

Classes redefined (0 events):
No events

Internal exceptions (20 events):
Event: 26.225 Thread 0x00000215bea9c490 Exception <a 'java/lang/ClassNotFoundException'{0x00000000e94876a0}: com/google/common/collect/ImmutableSetBeanInfo> (0x00000000e94876a0) 
thrown [s\src\hotspot\share\classfile\systemDictionary.cpp, line 256]
Event: 26.226 Thread 0x00000215bea9c490 Exception <a 'java/lang/ClassNotFoundException'{0x00000000e94947a8}: com/google/common/collect/ImmutableCollectionBeanInfo> (0x00000000e94947a8) 
thrown [s\src\hotspot\share\classfile\systemDictionary.cpp, line 256]
Event: 26.227 Thread 0x00000215bea9c490 Exception <a 'java/lang/ClassNotFoundException'{0x00000000e94a18d8}: com/google/common/collect/ImmutableCollectionCustomizer> (0x00000000e94a18d8) 
thrown [s\src\hotspot\share\classfile\systemDictionary.cpp, line 256]
Event: 26.236 Thread 0x00000215bea9c490 Exception <a 'java/lang/ClassNotFoundException'{0x00000000e94d9758}: com/google/common/collect/ImmutableSetCustomizer> (0x00000000e94d9758) 
thrown [s\src\hotspot\share\classfile\systemDictionary.cpp, line 256]
Event: 26.240 Thread 0x00000215bea9c490 Exception <a 'java/lang/ClassNotFoundException'{0x00000000e931bdf8}: com/google/common/collect/SingletonImmutableSetCustomizer> (0x00000000e931bdf8) 
thrown [s\src\hotspot\share\classfile\systemDictionary.cpp, line 256]
Event: 26.251 Thread 0x00000215bea9c490 Exception <a 'java/lang/ClassNotFoundException'{0x00000000e92182f0}: sun/nio/fs/WindowsPathBeanInfo> (0x00000000e92182f0) 
thrown [s\src\hotspot\share\classfile\systemDictionary.cpp, line 256]
Event: 26.252 Thread 0x00000215bea9c490 Exception <a 'java/lang/ClassNotFoundException'{0x00000000e921eba8}: sun/nio/fs/WindowsPathCustomizer> (0x00000000e921eba8) 
thrown [s\src\hotspot\share\classfile\systemDictionary.cpp, line 256]
Event: 26.263 Thread 0x00000215bea9c490 Exception <a 'java/lang/ClassNotFoundException'{0x00000000e92972f0}: java/nio/file/PathsBeanInfo> (0x00000000e92972f0) 
thrown [s\src\hotspot\share\classfile\systemDictionary.cpp, line 256]
Event: 26.264 Thread 0x00000215bea9c490 Exception <a 'java/lang/ClassNotFoundException'{0x00000000e929db68}: java/nio/file/PathsCustomizer> (0x00000000e929db68) 
thrown [s\src\hotspot\share\classfile\systemDictionary.cpp, line 256]
Event: 26.290 Thread 0x00000215bea9c490 Exception <a 'java/lang/ClassNotFoundException'{0x00000000e915e7b8}: org/gradle/api/internal/artifacts/repositories/DefaultMavenArtifactRepository_DecoratedBeanInfo> (0x00000000e915e7b8) 
thrown [s\src\hotspot\share\classfile\systemDictionary.cpp, line 256]
Event: 26.291 Thread 0x00000215bea9c490 Exception <a 'java/lang/ClassNotFoundException'{0x00000000e917a4b0}: org/gradle/api/internal/artifacts/repositories/DefaultMavenArtifactRepositoryBeanInfo> (0x00000000e917a4b0) 
thrown [s\src\hotspot\share\classfile\systemDictionary.cpp, line 256]
Event: 26.293 Thread 0x00000215bea9c490 Exception <a 'java/lang/ClassNotFoundException'{0x00000000e9196988}: org/gradle/api/internal/artifacts/repositories/AbstractAuthenticationSupportedRepositoryBeanInfo> (0x00000000e9196988) 
thrown [s\src\hotspot\share\classfile\systemDictionary.cpp, line 256]
Event: 26.294 Thread 0x00000215bea9c490 Exception <a 'java/lang/ClassNotFoundException'{0x00000000e91b2ea8}: org/gradle/api/internal/artifacts/repositories/AbstractResolutionAwareArtifactRepositoryBeanInfo> (0x00000000e91b2ea8) 
thrown [s\src\hotspot\share\classfile\systemDictionary.cpp, line 256]
Event: 26.295 Thread 0x00000215bea9c490 Exception <a 'java/lang/ClassNotFoundException'{0x00000000e91cee20}: org/gradle/api/internal/artifacts/repositories/AbstractArtifactRepositoryBeanInfo> (0x00000000e91cee20) 
thrown [s\src\hotspot\share\classfile\systemDictionary.cpp, line 256]
Event: 26.296 Thread 0x00000215bea9c490 Exception <a 'java/lang/ClassNotFoundException'{0x00000000e91ead90}: org/gradle/api/internal/artifacts/repositories/AbstractArtifactRepositoryCustomizer> (0x00000000e91ead90) 
thrown [s\src\hotspot\share\classfile\systemDictionary.cpp, line 256]
Event: 26.301 Thread 0x00000215bea9c490 Exception <a 'java/lang/ClassNotFoundException'{0x00000000e9029ab8}: org/gradle/api/internal/artifacts/repositories/AbstractResolutionAwareArtifactRepositoryCustomizer> (0x00000000e9029ab8) 
thrown [s\src\hotspot\share\classfile\systemDictionary.cpp, line 256]
Event: 26.306 Thread 0x00000215bea9c490 Exception <a 'java/lang/ClassNotFoundException'{0x00000000e9051378}: org/gradle/api/internal/artifacts/repositories/AbstractAuthenticationSupportedRepositoryCustomizer> (0x00000000e9051378) 
thrown [s\src\hotspot\share\classfile\systemDictionary.cpp, line 256]
Event: 26.309 Thread 0x00000215bea9c490 Exception <a 'java/lang/ClassNotFoundException'{0x00000000e9082908}: org/gradle/api/internal/artifacts/repositories/DefaultMavenArtifactRepositoryCustomizer> (0x00000000e9082908) 
thrown [s\src\hotspot\share\classfile\systemDictionary.cpp, line 256]
Event: 26.312 Thread 0x00000215bea9c490 Exception <a 'java/lang/ClassNotFoundException'{0x00000000e90b71f8}: org/gradle/api/internal/artifacts/repositories/DefaultMavenArtifactRepository_DecoratedCustomizer> (0x00000000e90b71f8) 
thrown [s\src\hotspot\share\classfile\systemDictionary.cpp, line 256]
Event: 27.261 Thread 0x00000215bea9c490 Exception <a 'java/lang/NoSuchMethodError'{0x00000000ee027720}: 'int java.lang.invoke.DirectMethodHandle$Holder.invokeSpecialIFC(java.lang.Object, java.lang.Object, java.lang.Object, java.lang.Object, java.lang.Object)'> (0x00000000ee027720) 
thrown [s\src\hotspot\share\interpreter\linkResolver.cpp, line 759]

VM Operations (20 events):
Event: 25.540 Executing VM operation: HandshakeAllThreads done
Event: 25.546 Executing VM operation: HandshakeAllThreads
Event: 25.546 Executing VM operation: HandshakeAllThreads done
Event: 25.547 Executing VM operation: HandshakeAllThreads
Event: 25.547 Executing VM operation: HandshakeAllThreads done
Event: 25.867 Executing VM operation: ICBufferFull
Event: 25.867 Executing VM operation: ICBufferFull done
Event: 26.369 Executing VM operation: HandshakeAllThreads
Event: 26.370 Executing VM operation: HandshakeAllThreads done
Event: 26.567 Executing VM operation: HandshakeAllThreads
Event: 26.567 Executing VM operation: HandshakeAllThreads done
Event: 26.639 Executing VM operation: G1CollectForAllocation
Event: 26.647 Executing VM operation: G1CollectForAllocation done
Event: 27.057 Executing VM operation: HandshakeAllThreads
Event: 27.057 Executing VM operation: HandshakeAllThreads done
Event: 27.147 Executing VM operation: HandshakeAllThreads
Event: 27.147 Executing VM operation: HandshakeAllThreads done
Event: 28.150 Executing VM operation: Cleanup
Event: 28.151 Executing VM operation: Cleanup done
Event: 29.152 Executing VM operation: Cleanup

Memory protections (0 events):
No events

Nmethod flushes (20 events):
Event: 20.054 Thread 0x00000215a3be8090 flushing  nmethod 0x0000021591613b90
Event: 20.054 Thread 0x00000215a3be8090 flushing  nmethod 0x0000021591616890
Event: 20.054 Thread 0x00000215a3be8090 flushing  nmethod 0x0000021591617090
Event: 20.054 Thread 0x00000215a3be8090 flushing  nmethod 0x0000021591617d90
Event: 20.054 Thread 0x00000215a3be8090 flushing  nmethod 0x0000021591618710
Event: 20.054 Thread 0x00000215a3be8090 flushing  nmethod 0x0000021591619a90
Event: 20.054 Thread 0x00000215a3be8090 flushing  nmethod 0x0000021591628010
Event: 20.054 Thread 0x00000215a3be8090 flushing  nmethod 0x0000021591628490
Event: 20.054 Thread 0x00000215a3be8090 flushing  nmethod 0x000002159162dd10
Event: 20.054 Thread 0x00000215a3be8090 flushing  nmethod 0x000002159162f510
Event: 20.054 Thread 0x00000215a3be8090 flushing  nmethod 0x0000021591639d10
Event: 20.054 Thread 0x00000215a3be8090 flushing  nmethod 0x0000021591648b10
Event: 20.054 Thread 0x00000215a3be8090 flushing  nmethod 0x0000021591685010
Event: 20.055 Thread 0x00000215a3be8090 flushing  nmethod 0x00000215916a9210
Event: 20.055 Thread 0x00000215a3be8090 flushing  nmethod 0x000002159178cc10
Event: 27.060 Thread 0x00000215a3be8090 flushing  nmethod 0x00000215987bbb90
Event: 27.066 Thread 0x00000215a3be8090 flushing  nmethod 0x0000021590dfcb10
Event: 27.068 Thread 0x00000215a3be8090 flushing  nmethod 0x0000021591108d90
Event: 27.068 Thread 0x00000215a3be8090 flushing  nmethod 0x0000021591224d10
Event: 27.072 Thread 0x00000215a3be8090 flushing  nmethod 0x000002159178aa90

Events (20 events):
Event: 19.722 Thread 0x00000215bea9c490 Thread added: 0x00000215bff711a0
Event: 19.723 Thread 0x00000215bea9c490 Thread added: 0x00000215bff6e920
Event: 19.724 Thread 0x00000215bea9c490 Thread added: 0x00000215bff6ee30
Event: 19.724 Thread 0x00000215bea9c490 Thread added: 0x00000215bff6f340
Event: 19.725 Thread 0x00000215bea9c490 Thread added: 0x00000215bff6f850
Event: 19.726 Thread 0x00000215bea9c490 Thread added: 0x00000215bff6fd60
Event: 19.727 Thread 0x00000215bea9c490 Thread added: 0x00000215c07e2510
Event: 19.727 Thread 0x00000215bea9c490 Thread added: 0x00000215c07e3440
Event: 19.728 Thread 0x00000215bea9c490 Thread added: 0x00000215c07e2f30
Event: 19.729 Thread 0x00000215bea9c490 Thread added: 0x00000215c07e2000
Event: 19.729 Thread 0x00000215bea9c490 Thread added: 0x00000215c07e2a20
Event: 21.687 Thread 0x00000215c1a97dc0 Thread exited: 0x00000215c1a97dc0
Event: 22.612 Thread 0x00000215a3bd52b0 Thread added: 0x00000215bff06320
Event: 23.540 Thread 0x00000215bea9c490 Thread added: 0x00000215c07e1af0
Event: 23.607 Thread 0x00000215a3bd52b0 Thread added: 0x00000215c0c08140
Event: 25.544 Thread 0x00000215bea9c490 Thread added: 0x00000215c42ec990
Event: 25.697 Thread 0x00000215c0c08140 Thread exited: 0x00000215c0c08140
Event: 26.114 Thread 0x00000215a3bd52b0 Thread added: 0x00000215c1264060
Event: 27.216 Thread 0x00000215c1264060 Thread exited: 0x00000215c1264060
Event: 27.304 Thread 0x00000215bff06320 Thread exited: 0x00000215bff06320


Dynamic libraries:
0x00007ff77d7d0000 - 0x00007ff77d7de000 	C:\Program Files\Microsoft\jdk-17.0.15.6-hotspot\bin\java.exe
0x00007ff8dc440000 - 0x00007ff8dc6a7000 	C:\WINDOWS\SYSTEM32\ntdll.dll
0x00007ff8db7d0000 - 0x00007ff8db899000 	C:\WINDOWS\System32\KERNEL32.DLL
0x00007ff8d9bd0000 - 0x00007ff8d9fc1000 	C:\WINDOWS\System32\KERNELBASE.dll
0x00007ff8d9fd0000 - 0x00007ff8da11b000 	C:\WINDOWS\System32\ucrtbase.dll
0x00007ff897430000 - 0x00007ff897447000 	C:\Program Files\Microsoft\jdk-17.0.15.6-hotspot\bin\jli.dll
0x00007ff8b9530000 - 0x00007ff8b954d000 	C:\Program Files\Microsoft\jdk-17.0.15.6-hotspot\bin\VCRUNTIME140.dll
0x00007ff8db410000 - 0x00007ff8db5d5000 	C:\WINDOWS\System32\USER32.dll
0x00007ff8d9970000 - 0x00007ff8d9997000 	C:\WINDOWS\System32\win32u.dll
0x00007ff8dbed0000 - 0x00007ff8dbefb000 	C:\WINDOWS\System32\GDI32.dll
0x00007ff8b8ca0000 - 0x00007ff8b8f33000 	C:\WINDOWS\WinSxS\amd64_microsoft.windows.common-controls_6595b64144ccf1df_6.0.26100.7922_none_3e089e1ee3342171\COMCTL32.dll
0x00007ff8d97b0000 - 0x00007ff8d98da000 	C:\WINDOWS\System32\gdi32full.dll
0x00007ff8d9b20000 - 0x00007ff8d9bc3000 	C:\WINDOWS\System32\msvcp_win.dll
0x00007ff8da2b0000 - 0x00007ff8da359000 	C:\WINDOWS\System32\msvcrt.dll
0x00007ff8da360000 - 0x00007ff8da391000 	C:\WINDOWS\System32\IMM32.DLL
0x00007ff899b90000 - 0x00007ff899b9c000 	C:\Program Files\Microsoft\jdk-17.0.15.6-hotspot\bin\vcruntime140_1.dll
0x00007ff83d120000 - 0x00007ff83d1ad000 	C:\Program Files\Microsoft\jdk-17.0.15.6-hotspot\bin\msvcp140.dll
0x00007ff834070000 - 0x00007ff834ce2000 	C:\Program Files\Microsoft\jdk-17.0.15.6-hotspot\bin\server\jvm.dll
0x00007ff8db220000 - 0x00007ff8db2db000 	C:\WINDOWS\System32\ADVAPI32.dll
0x00007ff8da9f0000 - 0x00007ff8daa97000 	C:\WINDOWS\System32\sechost.dll
0x00007ff8db2e0000 - 0x00007ff8db3f8000 	C:\WINDOWS\System32\RPCRT4.dll
0x00007ff8db740000 - 0x00007ff8db7b4000 	C:\WINDOWS\System32\WS2_32.dll
0x00007ff8d0b20000 - 0x00007ff8d0b55000 	C:\WINDOWS\SYSTEM32\WINMM.dll
0x00007ff8d8b80000 - 0x00007ff8d8bde000 	C:\WINDOWS\SYSTEM32\POWRPROF.dll
0x00007ff8c6ef0000 - 0x00007ff8c6efb000 	C:\WINDOWS\SYSTEM32\VERSION.dll
0x00007ff8d8b60000 - 0x00007ff8d8b74000 	C:\WINDOWS\SYSTEM32\UMPDC.dll
0x00007ff8d7ab0000 - 0x00007ff8d7acb000 	C:\WINDOWS\SYSTEM32\kernel.appcore.dll
0x00007ff897890000 - 0x00007ff89789a000 	C:\Program Files\Microsoft\jdk-17.0.15.6-hotspot\bin\jimage.dll
0x00007ff8d6bc0000 - 0x00007ff8d6e02000 	C:\WINDOWS\SYSTEM32\DBGHELP.DLL
0x00007ff8dbf70000 - 0x00007ff8dc2f2000 	C:\WINDOWS\System32\combase.dll
0x00007ff8dbb90000 - 0x00007ff8dbc67000 	C:\WINDOWS\System32\OLEAUT32.dll
0x00007ff8b6050000 - 0x00007ff8b608b000 	C:\WINDOWS\SYSTEM32\dbgcore.DLL
0x00007ff8d9700000 - 0x00007ff8d97a5000 	C:\WINDOWS\System32\bcryptPrimitives.dll
0x00007ff88e7d0000 - 0x00007ff88e7de000 	C:\Program Files\Microsoft\jdk-17.0.15.6-hotspot\bin\instrument.dll
0x00007ff897400000 - 0x00007ff897425000 	C:\Program Files\Microsoft\jdk-17.0.15.6-hotspot\bin\java.dll
0x00007ff83d040000 - 0x00007ff83d116000 	C:\Program Files\Microsoft\jdk-17.0.15.6-hotspot\bin\jsvml.dll
0x00007ff8daab0000 - 0x00007ff8db20f000 	C:\WINDOWS\System32\SHELL32.dll
0x00007ff8d8d20000 - 0x00007ff8d8e8a000 	C:\WINDOWS\System32\wintypes.dll
0x00007ff8d8e90000 - 0x00007ff8d96f4000 	C:\WINDOWS\System32\windows.storage.dll
0x00007ff8dbdd0000 - 0x00007ff8dbec7000 	C:\WINDOWS\System32\SHCORE.dll
0x00007ff8dbf00000 - 0x00007ff8dbf67000 	C:\WINDOWS\System32\shlwapi.dll
0x00007ff8d8c40000 - 0x00007ff8d8c69000 	C:\WINDOWS\SYSTEM32\profapi.dll
0x00007ff8838b0000 - 0x00007ff8838c8000 	C:\Program Files\Microsoft\jdk-17.0.15.6-hotspot\bin\zip.dll
0x00007ff88a720000 - 0x00007ff88a73a000 	C:\Program Files\Microsoft\jdk-17.0.15.6-hotspot\bin\net.dll
0x00007ff8cda60000 - 0x00007ff8cdb87000 	C:\WINDOWS\SYSTEM32\WINHTTP.dll
0x00007ff8d8020000 - 0x00007ff8d808b000 	C:\WINDOWS\system32\mswsock.dll
0x00007ff88a700000 - 0x00007ff88a716000 	C:\Program Files\Microsoft\jdk-17.0.15.6-hotspot\bin\nio.dll
0x00007ff8976e0000 - 0x00007ff8976f0000 	C:\Program Files\Microsoft\jdk-17.0.15.6-hotspot\bin\verify.dll
0x00007ff886160000 - 0x00007ff886187000 	C:\Users\HP\.gradle\native\c067742578af261105cb4f569cf0c3c89f3d7b1fecec35dd04571415982c5e48\windows-amd64\native-platform.dll
0x00007ff8796e0000 - 0x00007ff879824000 	C:\Users\HP\.gradle\native\100fb08df4bc3b14c8652ba06237920a3bd2aa13389f12d3474272988ae205f9\windows-amd64\native-platform-file-events.dll
0x00007ff894870000 - 0x00007ff89487a000 	C:\Program Files\Microsoft\jdk-17.0.15.6-hotspot\bin\management.dll
0x00007ff893630000 - 0x00007ff89363b000 	C:\Program Files\Microsoft\jdk-17.0.15.6-hotspot\bin\management_ext.dll
0x00007ff8db7c0000 - 0x00007ff8db7c8000 	C:\WINDOWS\System32\PSAPI.DLL
0x00007ff8d8300000 - 0x00007ff8d831b000 	C:\WINDOWS\SYSTEM32\CRYPTSP.dll
0x00007ff8d7a10000 - 0x00007ff8d7a49000 	C:\WINDOWS\system32\rsaenh.dll
0x00007ff8d80d0000 - 0x00007ff8d8102000 	C:\WINDOWS\SYSTEM32\USERENV.dll
0x00007ff8d8c10000 - 0x00007ff8d8c3a000 	C:\WINDOWS\SYSTEM32\bcrypt.dll
0x00007ff8d8320000 - 0x00007ff8d832c000 	C:\WINDOWS\SYSTEM32\CRYPTBASE.dll
0x00007ff8d7470000 - 0x00007ff8d74a3000 	C:\WINDOWS\SYSTEM32\IPHLPAPI.DLL
0x00007ff8daaa0000 - 0x00007ff8daaaa000 	C:\WINDOWS\System32\NSI.dll
0x00007ff8d0ef0000 - 0x00007ff8d0f0d000 	C:\WINDOWS\SYSTEM32\dhcpcsvc6.DLL
0x00007ff8cfb00000 - 0x00007ff8cfb23000 	C:\WINDOWS\SYSTEM32\dhcpcsvc.DLL
0x00007ff8d7500000 - 0x00007ff8d762a000 	C:\WINDOWS\SYSTEM32\DNSAPI.dll
0x00007ff893090000 - 0x00007ff893099000 	C:\Program Files\Microsoft\jdk-17.0.15.6-hotspot\bin\extnet.dll
0x00007ff88de20000 - 0x00007ff88de2e000 	C:\Program Files\Microsoft\jdk-17.0.15.6-hotspot\bin\sunmscapi.dll
0x00007ff8d99a0000 - 0x00007ff8d9b17000 	C:\WINDOWS\System32\CRYPT32.dll
0x00007ff8d8520000 - 0x00007ff8d8550000 	C:\WINDOWS\SYSTEM32\ncrypt.dll
0x00007ff8d84d0000 - 0x00007ff8d850f000 	C:\WINDOWS\SYSTEM32\NTASN1.dll
0x00007ff8c4030000 - 0x00007ff8c4038000 	C:\WINDOWS\system32\wshunix.dll

dbghelp: loaded successfully - version: 4.0.5 - missing functions: none
symbol engine: initialized successfully - sym options: 0x614 - pdb path: .;C:\Program Files\Microsoft\jdk-17.0.15.6-hotspot\bin;C:\WINDOWS\SYSTEM32;C:\WINDOWS\WinSxS\amd64_microsoft.windows.common-controls_6595b64144ccf1df_6.0.26100.7922_none_3e089e1ee3342171;C:\Program Files\Microsoft\jdk-17.0.15.6-hotspot\bin\server;C:\Users\HP\.gradle\native\c067742578af261105cb4f569cf0c3c89f3d7b1fecec35dd04571415982c5e48\windows-amd64;C:\Users\HP\.gradle\native\100fb08df4bc3b14c8652ba06237920a3bd2aa13389f12d3474272988ae205f9\windows-amd64

VM Arguments:
jvm_args: --add-opens=java.base/java.util=ALL-UNNAMED --add-opens=java.base/java.lang=ALL-UNNAMED --add-opens=java.base/java.lang.invoke=ALL-UNNAMED --add-opens=java.prefs/java.util.prefs=ALL-UNNAMED --add-exports=jdk.compiler/com.sun.tools.javac.api=ALL-UNNAMED --add-exports=jdk.compiler/com.sun.tools.javac.util=ALL-UNNAMED --add-opens=java.base/java.nio.charset=ALL-UNNAMED --add-opens=java.base/java.net=ALL-UNNAMED --add-opens=java.base/java.util.concurrent.atomic=ALL-UNNAMED -XX:MaxMetaspaceSize=384m -XX:+HeapDumpOnOutOfMemoryError -Xms256m -Xmx512m -Dfile.encoding=utf8 -Duser.country=IN -Duser.language=en -Duser.variant -javaagent:C:\Users\HP\.gradle\wrapper\dists\gradle-8.9-bin\90cnw93cvbtalezasaz0blq0a\gradle-8.9\lib\agents\gradle-instrumentation-agent-8.9.jar 
java_command: org.gradle.launcher.daemon.bootstrap.GradleDaemon 8.9
java_class_path (initial): C:\Users\HP\.gradle\wrapper\dists\gradle-8.9-bin\90cnw93cvbtalezasaz0blq0a\gradle-8.9\lib\gradle-daemon-main-8.9.jar
Launcher Type: SUN_STANDARD

[Global flags]
     intx CICompilerCount                          = 4                                         {product} {ergonomic}
   size_t CompressedClassSpaceSize                 = 335544320                                 {product} {ergonomic}
     uint ConcGCThreads                            = 3                                         {product} {ergonomic}
     uint G1ConcRefinementThreads                  = 10                                        {product} {ergonomic}
   size_t G1HeapRegionSize                         = 1048576                                   {product} {ergonomic}
    uintx GCDrainStackTargetSize                   = 64                                        {product} {ergonomic}
     bool HeapDumpOnOutOfMemoryError               = true                                   {manageable} {command line}
   size_t InitialHeapSize                          = 268435456                                 {product} {command line}
   size_t MarkStackSize                            = 4194304                                   {product} {ergonomic}
   size_t MaxHeapSize                              = 536870912                                 {product} {command line}
   size_t MaxMetaspaceSize                         = 402653184                                 {product} {command line}
   size_t MaxNewSize                               = 321912832                                 {product} {ergonomic}
   size_t MinHeapDeltaBytes                        = 1048576                                   {product} {ergonomic}
   size_t MinHeapSize                              = 268435456                                 {product} {command line}
    uintx NonNMethodCodeHeapSize                   = 5839372                                {pd product} {ergonomic}
    uintx NonProfiledCodeHeapSize                  = 122909434                              {pd product} {ergonomic}
    uintx ProfiledCodeHeapSize                     = 122909434                              {pd product} {ergonomic}
    uintx ReservedCodeCacheSize                    = 251658240                              {pd product} {ergonomic}
     bool SegmentedCodeCache                       = true                                      {product} {ergonomic}
   size_t SoftMaxHeapSize                          = 536870912                              {manageable} {ergonomic}
     bool UseCompressedClassPointers               = true                           {product lp64_product} {ergonomic}
     bool UseCompressedOops                        = true                           {product lp64_product} {ergonomic}
     bool UseG1GC                                  = true                                      {product} {ergonomic}
     bool UseLargePagesIndividualAllocation        = false                                  {pd product} {ergonomic}

Logging:
Log output configuration:
 #0: stdout all=warning uptime,level,tags
 #1: stderr all=off uptime,level,tags

Environment Variables:
JAVA_HOME=C:\Program Files\Microsoft\jdk-17.0.15.6-hotspot
PATH=C:\Users\HP\AppData\Local\Programs\Microsoft VS Code;C:\Program Files\Microsoft\jdk-17.0.15.6-hotspot\bin;C:\WINDOWS\system32;C:\WINDOWS;C:\WINDOWS\System32\Wbem;C:\WINDOWS\System32\WindowsPowerShell\v1.0\;C:\WINDOWS\System32\OpenSSH\;C:\Program Files\Git\cmd;C:\Program Files\dotnet\;C:\ProgramData\chocolatey\bin;C:\Users\HP\AppData\Local\Android\Sdk\platform-tools;C:\Users\HP\AppData\Local\Android\Sdk;C:\Users\HP\AppData\Local\Android\Sdk\emulator;;C:\Program Files\Docker\Docker\resources\bin;C:\Program Files\PuTTY\;C:\Program Files\nodejs\;C:\Program Files\MySQL\MySQL Shell 8.0\bin\;C:\Users\HP\AppData\Local\Microsoft\WindowsApps;C:\Users\HP\AppData\Local\Programs\Microsoft VS Code\bin;C:\Users\HP\AppData\Local\Android\Sdk\platform-tools;C:\Users\HP\AppData\Local\Android\Sdk;C:\Users\HP\AppData\Local\Android\Sdk\emulator;C:\Users\HP\AppData\Roaming\npm
USERNAME=HP
OS=Windows_NT
PROCESSOR_IDENTIFIER=Intel64 Family 6 Model 154 Stepping 4, GenuineIntel
TMP=C:\Users\HP\AppData\Local\Temp
TEMP=C:\Users\HP\AppData\Local\Temp



Periodic native trim disabled


---------------  S Y S T E M  ---------------

OS:
 Windows 11 , 64 bit Build 26100 (10.0.26100.7920)
OS uptime: 13 days 22:26 hours
Hyper-V role detected

CPU: total 12 (initial active 12) (6 cores per cpu, 2 threads per core) family 6 model 154 stepping 4 microcode 0x432, cx8, cmov, fxsr, ht, mmx, 3dnowpref, sse, sse2, sse3, ssse3, sse4.1, sse4.2, popcnt, lzcnt, tsc, tscinvbit, avx, avx2, aes, erms, clmul, bmi1, bmi2, adx, sha, fma, vzeroupper, clflush, clflushopt, clwb, hv
Processor Information for processor 0
  Max Mhz: 1300, Current Mhz: 1300, Mhz Limit: 1300
Processor Information for processor 1
  Max Mhz: 1300, Current Mhz: 1300, Mhz Limit: 1300
Processor Information for processor 2
  Max Mhz: 1300, Current Mhz: 1300, Mhz Limit: 1300
Processor Information for processor 3
  Max Mhz: 1300, Current Mhz: 1300, Mhz Limit: 1300
Processor Information for processor 4
  Max Mhz: 1300, Current Mhz: 900, Mhz Limit: 897
Processor Information for processor 5
  Max Mhz: 1300, Current Mhz: 900, Mhz Limit: 897
Processor Information for processor 6
  Max Mhz: 1300, Current Mhz: 900, Mhz Limit: 897
Processor Information for processor 7
  Max Mhz: 1300, Current Mhz: 900, Mhz Limit: 897
Processor Information for processor 8
  Max Mhz: 1300, Current Mhz: 900, Mhz Limit: 897
Processor Information for processor 9
  Max Mhz: 1300, Current Mhz: 900, Mhz Limit: 897
Processor Information for processor 10
  Max Mhz: 1300, Current Mhz: 900, Mhz Limit: 897
Processor Information for processor 11
  Max Mhz: 1300, Current Mhz: 900, Mhz Limit: 897

Memory: 4k page, system-wide physical 7835M (734M free)
TotalPageFile size 31387M (AvailPageFile size 21M)
current process WorkingSet (physical memory assigned to process): 446M, peak: 448M
current process commit charge ("private bytes"): 544M, peak: 548M

vm_info: OpenJDK 64-Bit Server VM (17.0.15+6-LTS) for windows-amd64 JRE (17.0.15+6-LTS), built on Apr  9 2025 22:27:25 by "MicrosoftCorporation" with unknown MS VC++:1939

END.
