#
# There is insufficient memory for the Java Runtime Environment to continue.
# Native memory allocation (malloc) failed to allocate 1245936 bytes. Error detail: Chunk::new
# Possible reasons:
#   The system is out of physical RAM or swap space
#   This process is running with CompressedOops enabled, and the Java Heap may be blocking the growth of the native heap
# Possible solutions:
#   Reduce memory load on the system
#   Increase physical memory or swap space
#   Check if swap backing store is full
#   Decrease Java heap size (-Xmx/-Xms)
#   Decrease number of Java threads
#   Decrease Java thread stack sizes (-Xss)
#   Set larger code cache with -XX:ReservedCodeCacheSize=
#   JVM is running with Unscaled Compressed Oops mode in which the Java heap is
#     placed in the first 4GB address space. The Java Heap base address is the
#     maximum limit for the native heap growth. Please use -XX:HeapBaseMinAddress
#     to set the Java Heap base and to place the Java Heap above 4GB virtual address.
# This output file may be truncated or incomplete.
#
#  Out of Memory Error (arena.cpp:191), pid=22852, tid=31820
#
# JRE version: OpenJDK Runtime Environment Microsoft-11369865 (17.0.15+6) (build 17.0.15+6-LTS)
# Java VM: OpenJDK 64-Bit Server VM Microsoft-11369865 (17.0.15+6-LTS, mixed mode, sharing, tiered, compressed oops, compressed class ptrs, g1 gc, windows-amd64)
# No core dump will be written. Minidumps are not enabled by default on client versions of Windows
#

---------------  S U M M A R Y ------------

Command Line: --add-opens=java.base/java.util=ALL-UNNAMED --add-opens=java.base/java.lang=ALL-UNNAMED --add-opens=java.base/java.lang.invoke=ALL-UNNAMED --add-opens=java.prefs/java.util.prefs=ALL-UNNAMED --add-exports=jdk.compiler/com.sun.tools.javac.api=ALL-UNNAMED --add-exports=jdk.compiler/com.sun.tools.javac.util=ALL-UNNAMED --add-opens=java.base/java.nio.charset=ALL-UNNAMED --add-opens=java.base/java.net=ALL-UNNAMED --add-opens=java.base/java.util.concurrent.atomic=ALL-UNNAMED -XX:MaxMetaspaceSize=384m -XX:+HeapDumpOnOutOfMemoryError -Xms256m -Xmx512m -Dfile.encoding=utf8 -Duser.country=IN -Duser.language=en -Duser.variant -javaagent:C:\Users\HP\.gradle\wrapper\dists\gradle-8.9-bin\90cnw93cvbtalezasaz0blq0a\gradle-8.9\lib\agents\gradle-instrumentation-agent-8.9.jar org.gradle.launcher.daemon.bootstrap.GradleDaemon 8.9

Host: 12th Gen Intel(R) Core(TM) i5-1235U, 12 cores, 7G,  Windows 11 , 64 bit Build 26100 (10.0.26100.7920)
Time: Thu Mar 26 11:09:48 2026 India Standard Time elapsed time: 17.327391 seconds (0d 0h 0m 17s)

---------------  T H R E A D  ---------------

Current thread (0x0000020740d445f0):  JavaThread "C2 CompilerThread2" daemon [_thread_in_native, id=31820, stack(0x000000892ea00000,0x000000892eb00000)]


Current CompileTask:
C2:  17327 6186       4       java.io.ObjectOutputStream::writeClassDesc (60 bytes)

Stack: [0x000000892ea00000,0x000000892eb00000]
Native frames: (J=compiled Java code, j=interpreted, Vv=VM code, C=native code)
V  [jvm.dll+0x6887a9]
V  [jvm.dll+0x83f5a8]
V  [jvm.dll+0x841053]
V  [jvm.dll+0x8416c3]
V  [jvm.dll+0x2496ef]
V  [jvm.dll+0xad134]
V  [jvm.dll+0xad7cc]
V  [jvm.dll+0x36aedf]
V  [jvm.dll+0x1bce62]
V  [jvm.dll+0x21aa7c]
V  [jvm.dll+0x219d3f]
V  [jvm.dll+0x1a55f6]
V  [jvm.dll+0x22a39a]
V  [jvm.dll+0x2284db]
V  [jvm.dll+0x7f4e28]
V  [jvm.dll+0x7ef2dc]
V  [jvm.dll+0x687687]
C  [ucrtbase.dll+0x37b0]
C  [KERNEL32.DLL+0x2e8d7]
C  [ntdll.dll+0x8c48c]


---------------  P R O C E S S  ---------------

Threads class SMR info:
_java_thread_list=0x0000020740236540, length=80, elements={
0x000002070a5adef0, 0x00000207255c2b70, 0x00000207255c41b0, 0x00000207255dc7a0,
0x00000207255dd070, 0x00000207255de4b0, 0x00000207255e5c20, 0x00000207255e9f10,
0x00000207255ecfb0, 0x00000207255ed4d0, 0x00000207256fbcc0, 0x00000207258751f0,
0x0000020740ca84e0, 0x0000020740c0c0b0, 0x000002073fac4d90, 0x0000020740d69df0,
0x0000020740d6a300, 0x0000020740d698e0, 0x0000020740d689b0, 0x0000020740d693d0,
0x0000020740d684a0, 0x0000020740d68ec0, 0x0000020740d67f90, 0x0000020740d67060,
0x0000020740d67570, 0x00000207418547c0, 0x0000020741853da0, 0x0000020741854cd0,
0x0000020741856620, 0x0000020741855c00, 0x00000207418542b0, 0x0000020741853890,
0x00000207418556f0, 0x0000020741856110, 0x0000020741856b30, 0x0000020741857040,
0x00000207426ed6b0, 0x00000207426ea920, 0x00000207426e9f00, 0x00000207426edbc0,
0x00000207426eae30, 0x00000207426ebd60, 0x00000207426ea410, 0x00000207426ee0d0,
0x00000207426ee5e0, 0x00000207426eb340, 0x00000207426ec780, 0x00000207426f1880,
0x00000207426ef000, 0x00000207426ef510, 0x00000207426f0950, 0x00000207426efa20,
0x00000207426f1370, 0x00000207426f0440, 0x00000207426eff30, 0x00000207426f0e60,
0x0000020740251b50, 0x00000207402534a0, 0x0000020740252060, 0x0000020740252570,
0x0000020740d46080, 0x0000020740252a80, 0x0000020740252f90, 0x000002073fa51ec0,
0x000002073fa52df0, 0x0000020743864fb0, 0x0000020743864080, 0x0000020741951420,
0x0000020740d445f0, 0x0000020741950f10, 0x000002074194fad0, 0x00000207419504f0,
0x000002074194ffe0, 0x0000020741950a00, 0x000002073f43b830, 0x000002073f43a900,
0x000002074177bca0, 0x0000020743864590, 0x0000020743864aa0, 0x00000207438654c0
}

Java Threads: ( => current thread )
  0x000002070a5adef0 JavaThread "main" [_thread_blocked, id=11712, stack(0x0000008929300000,0x0000008929400000)]
  0x00000207255c2b70 JavaThread "Reference Handler" daemon [_thread_blocked, id=33772, stack(0x0000008929a00000,0x0000008929b00000)]
  0x00000207255c41b0 JavaThread "Finalizer" daemon [_thread_blocked, id=24068, stack(0x0000008929b00000,0x0000008929c00000)]
  0x00000207255dc7a0 JavaThread "Signal Dispatcher" daemon [_thread_blocked, id=30436, stack(0x0000008929c00000,0x0000008929d00000)]
  0x00000207255dd070 JavaThread "Attach Listener" daemon [_thread_blocked, id=32312, stack(0x0000008929d00000,0x0000008929e00000)]
  0x00000207255de4b0 JavaThread "Service Thread" daemon [_thread_blocked, id=14700, stack(0x0000008929e00000,0x0000008929f00000)]
  0x00000207255e5c20 JavaThread "Monitor Deflation Thread" daemon [_thread_blocked, id=22588, stack(0x0000008929f00000,0x000000892a000000)]
  0x00000207255e9f10 JavaThread "C2 CompilerThread0" daemon [_thread_in_native, id=9648, stack(0x000000892a000000,0x000000892a100000)]
  0x00000207255ecfb0 JavaThread "C1 CompilerThread0" daemon [_thread_blocked, id=13676, stack(0x000000892a100000,0x000000892a200000)]
  0x00000207255ed4d0 JavaThread "Sweeper thread" daemon [_thread_blocked, id=23080, stack(0x000000892a200000,0x000000892a300000)]
  0x00000207256fbcc0 JavaThread "Common-Cleaner" daemon [_thread_blocked, id=32364, stack(0x000000892a300000,0x000000892a400000)]
  0x00000207258751f0 JavaThread "Notification Thread" daemon [_thread_blocked, id=19988, stack(0x000000892a500000,0x000000892a600000)]
  0x0000020740ca84e0 JavaThread "Daemon health stats" [_thread_blocked, id=16488, stack(0x000000892a400000,0x000000892a500000)]
  0x0000020740c0c0b0 JavaThread "Incoming local TCP Connector on port 56935" [_thread_in_native, id=29772, stack(0x000000892a700000,0x000000892a800000)]
  0x000002073fac4d90 JavaThread "Daemon periodic checks" [_thread_blocked, id=32024, stack(0x000000892ad00000,0x000000892ae00000)]
  0x0000020740d69df0 JavaThread "Daemon" [_thread_blocked, id=33276, stack(0x000000892ae00000,0x000000892af00000)]
  0x0000020740d6a300 JavaThread "Handler for socket connection from /127.0.0.1:56935 to /127.0.0.1:56936" [_thread_in_native, id=33292, stack(0x000000892af00000,0x000000892b000000)]
  0x0000020740d698e0 JavaThread "Cancel handler" [_thread_blocked, id=32072, stack(0x000000892b000000,0x000000892b100000)]
  0x0000020740d689b0 JavaThread "Daemon worker" [_thread_in_Java, id=10032, stack(0x000000892b100000,0x000000892b200000)]
  0x0000020740d693d0 JavaThread "Asynchronous log dispatcher for DefaultDaemonConnection: socket connection from /127.0.0.1:56935 to /127.0.0.1:56936" [_thread_blocked, id=22544, stack(0x000000892b200000,0x000000892b300000)]
  0x0000020740d684a0 JavaThread "Stdin handler" [_thread_blocked, id=32080, stack(0x000000892b300000,0x000000892b400000)]
  0x0000020740d68ec0 JavaThread "Daemon client event forwarder" [_thread_blocked, id=5544, stack(0x000000892b400000,0x000000892b500000)]
  0x0000020740d67f90 JavaThread "Cache worker for journal cache (C:\Users\HP\.gradle\caches\journal-1)" [_thread_blocked, id=8208, stack(0x000000892b500000,0x000000892b600000)]
  0x0000020740d67060 JavaThread "File lock request listener" [_thread_in_native, id=31888, stack(0x000000892b600000,0x000000892b700000)]
  0x0000020740d67570 JavaThread "Cache worker for file hash cache (C:\Users\HP\.gradle\caches\8.9\fileHashes)" [_thread_blocked, id=32472, stack(0x000000892b700000,0x000000892b800000)]
  0x00000207418547c0 JavaThread "Cache worker for file hash cache (D:\Parkitdemo\Updated-Sundukpay\node_modules\@react-native-documents\picker\android\.gradle\8.9\fileHashes)" [_thread_blocked, id=3724, stack(0x000000892be00000,0x000000892bf00000)]
  0x0000020741853da0 JavaThread "Cache worker for Build Output Cleanup Cache (D:\Parkitdemo\Updated-Sundukpay\node_modules\@react-native-documents\picker\android\.gradle\buildOutputCleanup)" [_thread_blocked, id=13544, stack(0x000000892bf00000,0x000000892c000000)]
  0x0000020741854cd0 JavaThread "File watcher server" daemon [_thread_in_native, id=1208, stack(0x000000892c200000,0x000000892c300000)]
  0x0000020741856620 JavaThread "File watcher consumer" daemon [_thread_blocked, id=29896, stack(0x000000892c300000,0x000000892c400000)]
  0x0000020741855c00 JavaThread "jar transforms" [_thread_blocked, id=33192, stack(0x000000892c400000,0x000000892c500000)]
  0x00000207418542b0 JavaThread "jar transforms Thread 2" [_thread_blocked, id=32212, stack(0x000000892c500000,0x000000892c600000)]
  0x0000020741853890 JavaThread "jar transforms Thread 3" [_thread_blocked, id=33232, stack(0x000000892c600000,0x000000892c700000)]
  0x00000207418556f0 JavaThread "Cache worker for checksums cache (D:\Parkitdemo\Updated-Sundukpay\node_modules\@react-native-documents\picker\android\.gradle\8.9\checksums)" [_thread_blocked, id=32192, stack(0x000000892c700000,0x000000892c800000)]
  0x0000020741856110 JavaThread "Cache worker for file content cache (C:\Users\HP\.gradle\caches\8.9\fileContent)" [_thread_blocked, id=32556, stack(0x000000892c800000,0x000000892c900000)]
  0x0000020741856b30 JavaThread "Cache worker for cache directory md-rule (C:\Users\HP\.gradle\caches\8.9\md-rule)" [_thread_blocked, id=31764, stack(0x000000892c900000,0x000000892ca00000)]
  0x0000020741857040 JavaThread "Cache worker for cache directory md-supplier (C:\Users\HP\.gradle\caches\8.9\md-supplier)" [_thread_blocked, id=32160, stack(0x000000892ca00000,0x000000892cb00000)]
  0x00000207426ed6b0 JavaThread "jar transforms Thread 4" [_thread_blocked, id=2696, stack(0x000000892cb00000,0x000000892cc00000)]
  0x00000207426ea920 JavaThread "jar transforms Thread 5" [_thread_blocked, id=31904, stack(0x000000892cc00000,0x000000892cd00000)]
  0x00000207426e9f00 JavaThread "jar transforms Thread 6" [_thread_blocked, id=24412, stack(0x000000892cd00000,0x000000892ce00000)]
  0x00000207426edbc0 JavaThread "jar transforms Thread 7" [_thread_blocked, id=34292, stack(0x000000892ce00000,0x000000892cf00000)]
  0x00000207426eae30 JavaThread "jar transforms Thread 8" [_thread_blocked, id=32864, stack(0x000000892cf00000,0x000000892d000000)]
  0x00000207426ebd60 JavaThread "jar transforms Thread 9" [_thread_blocked, id=9668, stack(0x000000892d000000,0x000000892d100000)]
  0x00000207426ea410 JavaThread "jar transforms Thread 10" [_thread_blocked, id=33928, stack(0x000000892d100000,0x000000892d200000)]
  0x00000207426ee0d0 JavaThread "jar transforms Thread 11" [_thread_blocked, id=34312, stack(0x000000892d200000,0x000000892d300000)]
  0x00000207426ee5e0 JavaThread "jar transforms Thread 12" [_thread_blocked, id=34400, stack(0x000000892d300000,0x000000892d400000)]
  0x00000207426eb340 JavaThread "Unconstrained build operations" [_thread_blocked, id=33916, stack(0x000000892bd00000,0x000000892be00000)]
  0x00000207426ec780 JavaThread "Unconstrained build operations Thread 2" [_thread_blocked, id=18892, stack(0x000000892d400000,0x000000892d500000)]
  0x00000207426f1880 JavaThread "Unconstrained build operations Thread 3" [_thread_blocked, id=34652, stack(0x000000892d500000,0x000000892d600000)]
  0x00000207426ef000 JavaThread "Unconstrained build operations Thread 4" [_thread_blocked, id=34228, stack(0x000000892d600000,0x000000892d700000)]
  0x00000207426ef510 JavaThread "Unconstrained build operations Thread 5" [_thread_blocked, id=34232, stack(0x000000892d700000,0x000000892d800000)]
  0x00000207426f0950 JavaThread "Unconstrained build operations Thread 6" [_thread_blocked, id=24284, stack(0x000000892d800000,0x000000892d900000)]
  0x00000207426efa20 JavaThread "Unconstrained build operations Thread 7" [_thread_blocked, id=31964, stack(0x000000892d900000,0x000000892da00000)]
  0x00000207426f1370 JavaThread "Unconstrained build operations Thread 8" [_thread_blocked, id=34224, stack(0x000000892da00000,0x000000892db00000)]
  0x00000207426f0440 JavaThread "Unconstrained build operations Thread 9" [_thread_blocked, id=24748, stack(0x000000892db00000,0x000000892dc00000)]
  0x00000207426eff30 JavaThread "Unconstrained build operations Thread 10" [_thread_blocked, id=32496, stack(0x000000892dc00000,0x000000892dd00000)]
  0x00000207426f0e60 JavaThread "Unconstrained build operations Thread 11" [_thread_blocked, id=23584, stack(0x000000892dd00000,0x000000892de00000)]
  0x0000020740251b50 JavaThread "Unconstrained build operations Thread 12" [_thread_blocked, id=7900, stack(0x000000892de00000,0x000000892df00000)]
  0x00000207402534a0 JavaThread "Unconstrained build operations Thread 13" [_thread_blocked, id=33616, stack(0x000000892df00000,0x000000892e000000)]
  0x0000020740252060 JavaThread "Unconstrained build operations Thread 14" [_thread_blocked, id=32180, stack(0x000000892e000000,0x000000892e100000)]
  0x0000020740252570 JavaThread "Unconstrained build operations Thread 15" [_thread_blocked, id=10152, stack(0x000000892e100000,0x000000892e200000)]
  0x0000020740d46080 JavaThread "C2 CompilerThread1" daemon [_thread_in_native, id=32308, stack(0x000000892e200000,0x000000892e300000)]
  0x0000020740252a80 JavaThread "Unconstrained build operations Thread 16" [_thread_blocked, id=32560, stack(0x000000892e300000,0x000000892e400000)]
  0x0000020740252f90 JavaThread "Unconstrained build operations Thread 17" [_thread_blocked, id=11064, stack(0x000000892e400000,0x000000892e500000)]
  0x000002073fa51ec0 JavaThread "Unconstrained build operations Thread 18" [_thread_blocked, id=13864, stack(0x000000892e500000,0x000000892e600000)]
  0x000002073fa52df0 JavaThread "Unconstrained build operations Thread 19" [_thread_blocked, id=31848, stack(0x000000892e600000,0x000000892e700000)]
  0x0000020743864fb0 JavaThread "Unconstrained build operations Thread 20" [_thread_blocked, id=34656, stack(0x000000892e700000,0x000000892e800000)]
  0x0000020743864080 JavaThread "Unconstrained build operations Thread 21" [_thread_blocked, id=14812, stack(0x000000892e800000,0x000000892e900000)]
  0x0000020741951420 JavaThread "Unconstrained build operations Thread 22" [_thread_blocked, id=20772, stack(0x000000892e900000,0x000000892ea00000)]
=>0x0000020740d445f0 JavaThread "C2 CompilerThread2" daemon [_thread_in_native, id=31820, stack(0x000000892ea00000,0x000000892eb00000)]
  0x0000020741950f10 JavaThread "Unconstrained build operations Thread 23" [_thread_blocked, id=27196, stack(0x000000892eb00000,0x000000892ec00000)]
  0x000002074194fad0 JavaThread "Unconstrained build operations Thread 24" [_thread_blocked, id=29484, stack(0x000000892ec00000,0x000000892ed00000)]
  0x00000207419504f0 JavaThread "Unconstrained build operations Thread 25" [_thread_blocked, id=31068, stack(0x000000892ed00000,0x000000892ee00000)]
  0x000002074194ffe0 JavaThread "Unconstrained build operations Thread 26" [_thread_blocked, id=33948, stack(0x000000892ee00000,0x000000892ef00000)]
  0x0000020741950a00 JavaThread "Unconstrained build operations Thread 27" [_thread_blocked, id=32948, stack(0x000000892ef00000,0x000000892f000000)]
  0x000002073f43b830 JavaThread "Unconstrained build operations Thread 28" [_thread_blocked, id=32604, stack(0x000000892f000000,0x000000892f100000)]
  0x000002073f43a900 JavaThread "Unconstrained build operations Thread 29" [_thread_blocked, id=9696, stack(0x000000892f100000,0x000000892f200000)]
  0x000002074177bca0 JavaThread "Unconstrained build operations Thread 30" [_thread_blocked, id=8684, stack(0x000000892f200000,0x000000892f300000)]
  0x0000020743864590 JavaThread "Unconstrained build operations Thread 31" [_thread_blocked, id=25876, stack(0x000000892f300000,0x000000892f400000)]
  0x0000020743864aa0 JavaThread "Unconstrained build operations Thread 32" [_thread_blocked, id=31900, stack(0x000000892f400000,0x000000892f500000)]
  0x00000207438654c0 JavaThread "Unconstrained build operations Thread 33" [_thread_blocked, id=32336, stack(0x000000892f500000,0x000000892f600000)]

Other Threads:
  0x00000207255be010 VMThread "VM Thread" [stack: 0x0000008929900000,0x0000008929a00000] [id=24116]
  0x00000207257cc820 WatcherThread [stack: 0x000000892a600000,0x000000892a700000] [id=31748]
  0x000002070a5dccd0 GCTaskThread "GC Thread#0" [stack: 0x0000008929400000,0x0000008929500000] [id=22748]
  0x000002073f2ff100 GCTaskThread "GC Thread#1" [stack: 0x000000892a800000,0x000000892a900000] [id=11292]
  0x000002073f66a6d0 GCTaskThread "GC Thread#2" [stack: 0x000000892a900000,0x000000892aa00000] [id=26356]
  0x000002073f3690a0 GCTaskThread "GC Thread#3" [stack: 0x000000892aa00000,0x000000892ab00000] [id=31944]
  0x000002073f4e0220 GCTaskThread "GC Thread#4" [stack: 0x000000892ab00000,0x000000892ac00000] [id=31704]
  0x000002073f369360 GCTaskThread "GC Thread#5" [stack: 0x000000892ac00000,0x000000892ad00000] [id=20752]
  0x00000207417295f0 GCTaskThread "GC Thread#6" [stack: 0x000000892b900000,0x000000892ba00000] [id=17000]
  0x00000207417298b0 GCTaskThread "GC Thread#7" [stack: 0x000000892ba00000,0x000000892bb00000] [id=31864]
  0x0000020741729b70 GCTaskThread "GC Thread#8" [stack: 0x000000892bb00000,0x000000892bc00000] [id=13528]
  0x0000020740ec5440 GCTaskThread "GC Thread#9" [stack: 0x000000892bc00000,0x000000892bd00000] [id=31876]
  0x000002070a5e1b30 ConcurrentGCThread "G1 Main Marker" [stack: 0x0000008929500000,0x0000008929600000] [id=23236]
  0x000002070a5e3130 ConcurrentGCThread "G1 Conc#0" [stack: 0x0000008929600000,0x0000008929700000] [id=872]
  0x000002074269cb20 ConcurrentGCThread "G1 Conc#1" [stack: 0x000000892c000000,0x000000892c100000] [id=31928]
  0x000002074269c2e0 ConcurrentGCThread "G1 Conc#2" [stack: 0x000000892c100000,0x000000892c200000] [id=32140]
  0x000002070a65e990 ConcurrentGCThread "G1 Refine#0" [stack: 0x0000008929700000,0x0000008929800000] [id=3680]
  0x00000207438734e0 ConcurrentGCThread "G1 Refine#1" [stack: 0x000000892b800000,0x000000892b900000] [id=32176]
  0x00000207254825e0 ConcurrentGCThread "G1 Service" [stack: 0x0000008929800000,0x0000008929900000] [id=27044]

Threads with active compile tasks:
C2 CompilerThread0    17404 6384       4       sun.reflect.generics.parser.SignatureParser::parseFieldTypeSignature (6 bytes)
C2 CompilerThread1    17404 6420       4       java.util.WeakHashMap::getTable (9 bytes)
C2 CompilerThread2    17404 6186       4       java.io.ObjectOutputStream::writeClassDesc (60 bytes)

VM state: not at safepoint (normal execution)

VM Mutex/Monitor currently owned by a thread: None

Heap address: 0x00000000e0000000, size: 512 MB, Compressed Oops mode: 32-bit

CDS archive(s) mapped at: [0x0000020726000000-0x0000020726bb0000-0x0000020726bb0000), size 12255232, SharedBaseAddress: 0x0000020726000000, ArchiveRelocationMode: 1.
Compressed class space mapped at: 0x0000020727000000-0x000002073b000000, reserved size: 335544320
Narrow klass base: 0x0000020726000000, Narrow klass shift: 0, Narrow klass range: 0x100000000

GC Precious Log:
 CPUs: 12 total, 12 available
 Memory: 7835M
 Large Page Support: Disabled
 NUMA Support: Disabled
 Compressed Oops: Enabled (32-bit)
 Heap Region Size: 1M
 Heap Min Capacity: 256M
 Heap Initial Capacity: 256M
 Heap Max Capacity: 512M
 Pre-touch: Disabled
 Parallel Workers: 10
 Concurrent Workers: 3
 Concurrent Refinement Workers: 10
 Periodic GC: Disabled

Heap:
 garbage-first heap   total 262144K, used 95655K [0x00000000e0000000, 0x0000000100000000)
  region size 1024K, 66 young (67584K), 18 survivors (18432K)
 Metaspace       used 49390K, committed 49984K, reserved 393216K
  class space    used 6925K, committed 7232K, reserved 327680K

Heap Regions: E=young(eden), S=young(survivor), O=old, HS=humongous(starts), HC=humongous(continues), CS=collection set, F=free, OA=open archive, CA=closed archive, TAMS=top-at-mark-start (previous, next)
|   0|0x00000000e0000000, 0x00000000e0100000, 0x00000000e0100000|100%|HS|  |TAMS 0x00000000e0100000, 0x00000000e0000000| Complete 
|   1|0x00000000e0100000, 0x00000000e0200000, 0x00000000e0200000|100%|HC|  |TAMS 0x00000000e0200000, 0x00000000e0100000| Complete 
|   2|0x00000000e0200000, 0x00000000e0300000, 0x00000000e0300000|100%|HC|  |TAMS 0x00000000e0300000, 0x00000000e0200000| Complete 
|   3|0x00000000e0300000, 0x00000000e0400000, 0x00000000e0400000|100%|HC|  |TAMS 0x00000000e0400000, 0x00000000e0300000| Complete 
|   4|0x00000000e0400000, 0x00000000e0500000, 0x00000000e0500000|100%| O|  |TAMS 0x00000000e0500000, 0x00000000e0400000| Untracked 
|   5|0x00000000e0500000, 0x00000000e0600000, 0x00000000e0600000|100%| O|  |TAMS 0x00000000e0600000, 0x00000000e0500000| Untracked 
|   6|0x00000000e0600000, 0x00000000e0700000, 0x00000000e0700000|100%| O|  |TAMS 0x00000000e0700000, 0x00000000e0600000| Untracked 
|   7|0x00000000e0700000, 0x00000000e0800000, 0x00000000e0800000|100%| O|  |TAMS 0x00000000e0800000, 0x00000000e0700000| Untracked 
|   8|0x00000000e0800000, 0x00000000e0900000, 0x00000000e0900000|100%| O|  |TAMS 0x00000000e0900000, 0x00000000e0800000| Untracked 
|   9|0x00000000e0900000, 0x00000000e0a00000, 0x00000000e0a00000|100%| O|  |TAMS 0x00000000e0a00000, 0x00000000e0900000| Untracked 
|  10|0x00000000e0a00000, 0x00000000e0b00000, 0x00000000e0b00000|100%| O|  |TAMS 0x00000000e0b00000, 0x00000000e0a00000| Untracked 
|  11|0x00000000e0b00000, 0x00000000e0c00000, 0x00000000e0c00000|100%|HS|  |TAMS 0x00000000e0c00000, 0x00000000e0b00000| Complete 
|  12|0x00000000e0c00000, 0x00000000e0d00000, 0x00000000e0d00000|100%| O|  |TAMS 0x00000000e0d00000, 0x00000000e0c00000| Untracked 
|  13|0x00000000e0d00000, 0x00000000e0e00000, 0x00000000e0e00000|100%| O|  |TAMS 0x00000000e0d00c00, 0x00000000e0d00000| Untracked 
|  14|0x00000000e0e00000, 0x00000000e0f00000, 0x00000000e0f00000|100%| O|  |TAMS 0x00000000e0e00000, 0x00000000e0e00000| Untracked 
|  15|0x00000000e0f00000, 0x00000000e1000000, 0x00000000e1000000|100%| O|  |TAMS 0x00000000e0f00000, 0x00000000e0f00000| Untracked 
|  16|0x00000000e1000000, 0x00000000e1100000, 0x00000000e1100000|100%| O|  |TAMS 0x00000000e1000000, 0x00000000e1000000| Untracked 
|  17|0x00000000e1100000, 0x00000000e1200000, 0x00000000e1200000|100%| O|  |TAMS 0x00000000e1100000, 0x00000000e1100000| Untracked 
|  18|0x00000000e1200000, 0x00000000e1300000, 0x00000000e1300000|100%| O|  |TAMS 0x00000000e1200000, 0x00000000e1200000| Untracked 
|  19|0x00000000e1300000, 0x00000000e1400000, 0x00000000e1400000|100%| O|  |TAMS 0x00000000e1300000, 0x00000000e1300000| Untracked 
|  20|0x00000000e1400000, 0x00000000e1500000, 0x00000000e1500000|100%| O|  |TAMS 0x00000000e1400000, 0x00000000e1400000| Untracked 
|  21|0x00000000e1500000, 0x00000000e1600000, 0x00000000e1600000|100%| O|  |TAMS 0x00000000e1500000, 0x00000000e1500000| Untracked 
|  22|0x00000000e1600000, 0x00000000e1700000, 0x00000000e1700000|100%|HS|  |TAMS 0x00000000e1600000, 0x00000000e1600000| Complete 
|  23|0x00000000e1700000, 0x00000000e1800000, 0x00000000e1800000|100%|HC|  |TAMS 0x00000000e1700000, 0x00000000e1700000| Complete 
|  24|0x00000000e1800000, 0x00000000e1900000, 0x00000000e1900000|100%|HS|  |TAMS 0x00000000e1800000, 0x00000000e1800000| Complete 
|  25|0x00000000e1900000, 0x00000000e1a00000, 0x00000000e1a00000|100%|HC|  |TAMS 0x00000000e1900000, 0x00000000e1900000| Complete 
|  26|0x00000000e1a00000, 0x00000000e1b00000, 0x00000000e1b00000|100%|HC|  |TAMS 0x00000000e1a00000, 0x00000000e1a00000| Complete 
|  27|0x00000000e1b00000, 0x00000000e1b00000, 0x00000000e1c00000|  0%| F|  |TAMS 0x00000000e1b00000, 0x00000000e1b00000| Untracked 
|  28|0x00000000e1c00000, 0x00000000e1c00000, 0x00000000e1d00000|  0%| F|  |TAMS 0x00000000e1c00000, 0x00000000e1c00000| Untracked 
|  29|0x00000000e1d00000, 0x00000000e1e00000, 0x00000000e1e00000|100%| O|  |TAMS 0x00000000e1d00000, 0x00000000e1d00000| Untracked 
|  30|0x00000000e1e00000, 0x00000000e1f00000, 0x00000000e1f00000|100%| O|  |TAMS 0x00000000e1e00000, 0x00000000e1e00000| Untracked 
|  31|0x00000000e1f00000, 0x00000000e1fb1c00, 0x00000000e2000000| 69%| O|  |TAMS 0x00000000e1f00000, 0x00000000e1f00000| Untracked 
|  32|0x00000000e2000000, 0x00000000e2000000, 0x00000000e2100000|  0%| F|  |TAMS 0x00000000e2000000, 0x00000000e2000000| Untracked 
|  33|0x00000000e2100000, 0x00000000e2100000, 0x00000000e2200000|  0%| F|  |TAMS 0x00000000e2100000, 0x00000000e2100000| Untracked 
|  34|0x00000000e2200000, 0x00000000e2200000, 0x00000000e2300000|  0%| F|  |TAMS 0x00000000e2200000, 0x00000000e2200000| Untracked 
|  35|0x00000000e2300000, 0x00000000e2300000, 0x00000000e2400000|  0%| F|  |TAMS 0x00000000e2300000, 0x00000000e2300000| Untracked 
|  36|0x00000000e2400000, 0x00000000e2400000, 0x00000000e2500000|  0%| F|  |TAMS 0x00000000e2400000, 0x00000000e2400000| Untracked 
|  37|0x00000000e2500000, 0x00000000e2500000, 0x00000000e2600000|  0%| F|  |TAMS 0x00000000e2500000, 0x00000000e2500000| Untracked 
|  38|0x00000000e2600000, 0x00000000e2600000, 0x00000000e2700000|  0%| F|  |TAMS 0x00000000e2600000, 0x00000000e2600000| Untracked 
|  39|0x00000000e2700000, 0x00000000e2700000, 0x00000000e2800000|  0%| F|  |TAMS 0x00000000e2700000, 0x00000000e2700000| Untracked 
|  40|0x00000000e2800000, 0x00000000e2800000, 0x00000000e2900000|  0%| F|  |TAMS 0x00000000e2800000, 0x00000000e2800000| Untracked 
|  41|0x00000000e2900000, 0x00000000e2900000, 0x00000000e2a00000|  0%| F|  |TAMS 0x00000000e2900000, 0x00000000e2900000| Untracked 
|  42|0x00000000e2a00000, 0x00000000e2a00000, 0x00000000e2b00000|  0%| F|  |TAMS 0x00000000e2a00000, 0x00000000e2a00000| Untracked 
|  43|0x00000000e2b00000, 0x00000000e2b00000, 0x00000000e2c00000|  0%| F|  |TAMS 0x00000000e2b00000, 0x00000000e2b00000| Untracked 
|  44|0x00000000e2c00000, 0x00000000e2c00000, 0x00000000e2d00000|  0%| F|  |TAMS 0x00000000e2c00000, 0x00000000e2c00000| Untracked 
|  45|0x00000000e2d00000, 0x00000000e2d00000, 0x00000000e2e00000|  0%| F|  |TAMS 0x00000000e2d00000, 0x00000000e2d00000| Untracked 
|  46|0x00000000e2e00000, 0x00000000e2e00000, 0x00000000e2f00000|  0%| F|  |TAMS 0x00000000e2e00000, 0x00000000e2e00000| Untracked 
|  47|0x00000000e2f00000, 0x00000000e2f00000, 0x00000000e3000000|  0%| F|  |TAMS 0x00000000e2f00000, 0x00000000e2f00000| Untracked 
|  48|0x00000000e3000000, 0x00000000e3000000, 0x00000000e3100000|  0%| F|  |TAMS 0x00000000e3000000, 0x00000000e3000000| Untracked 
|  49|0x00000000e3100000, 0x00000000e3100000, 0x00000000e3200000|  0%| F|  |TAMS 0x00000000e3100000, 0x00000000e3100000| Untracked 
|  50|0x00000000e3200000, 0x00000000e3200000, 0x00000000e3300000|  0%| F|  |TAMS 0x00000000e3200000, 0x00000000e3200000| Untracked 
|  51|0x00000000e3300000, 0x00000000e3300000, 0x00000000e3400000|  0%| F|  |TAMS 0x00000000e3300000, 0x00000000e3300000| Untracked 
|  52|0x00000000e3400000, 0x00000000e3400000, 0x00000000e3500000|  0%| F|  |TAMS 0x00000000e3400000, 0x00000000e3400000| Untracked 
|  53|0x00000000e3500000, 0x00000000e3500000, 0x00000000e3600000|  0%| F|  |TAMS 0x00000000e3500000, 0x00000000e3500000| Untracked 
|  54|0x00000000e3600000, 0x00000000e3600000, 0x00000000e3700000|  0%| F|  |TAMS 0x00000000e3600000, 0x00000000e3600000| Untracked 
|  55|0x00000000e3700000, 0x00000000e3700000, 0x00000000e3800000|  0%| F|  |TAMS 0x00000000e3700000, 0x00000000e3700000| Untracked 
|  56|0x00000000e3800000, 0x00000000e3800000, 0x00000000e3900000|  0%| F|  |TAMS 0x00000000e3800000, 0x00000000e3800000| Untracked 
|  57|0x00000000e3900000, 0x00000000e3900000, 0x00000000e3a00000|  0%| F|  |TAMS 0x00000000e3900000, 0x00000000e3900000| Untracked 
|  58|0x00000000e3a00000, 0x00000000e3a00000, 0x00000000e3b00000|  0%| F|  |TAMS 0x00000000e3a00000, 0x00000000e3a00000| Untracked 
|  59|0x00000000e3b00000, 0x00000000e3b00000, 0x00000000e3c00000|  0%| F|  |TAMS 0x00000000e3b00000, 0x00000000e3b00000| Untracked 
|  60|0x00000000e3c00000, 0x00000000e3c00000, 0x00000000e3d00000|  0%| F|  |TAMS 0x00000000e3c00000, 0x00000000e3c00000| Untracked 
|  61|0x00000000e3d00000, 0x00000000e3d00000, 0x00000000e3e00000|  0%| F|  |TAMS 0x00000000e3d00000, 0x00000000e3d00000| Untracked 
|  62|0x00000000e3e00000, 0x00000000e3e00000, 0x00000000e3f00000|  0%| F|  |TAMS 0x00000000e3e00000, 0x00000000e3e00000| Untracked 
|  63|0x00000000e3f00000, 0x00000000e3f00000, 0x00000000e4000000|  0%| F|  |TAMS 0x00000000e3f00000, 0x00000000e3f00000| Untracked 
|  64|0x00000000e4000000, 0x00000000e4000000, 0x00000000e4100000|  0%| F|  |TAMS 0x00000000e4000000, 0x00000000e4000000| Untracked 
|  65|0x00000000e4100000, 0x00000000e4100000, 0x00000000e4200000|  0%| F|  |TAMS 0x00000000e4100000, 0x00000000e4100000| Untracked 
|  66|0x00000000e4200000, 0x00000000e4200000, 0x00000000e4300000|  0%| F|  |TAMS 0x00000000e4200000, 0x00000000e4200000| Untracked 
|  67|0x00000000e4300000, 0x00000000e4300000, 0x00000000e4400000|  0%| F|  |TAMS 0x00000000e4300000, 0x00000000e4300000| Untracked 
|  68|0x00000000e4400000, 0x00000000e4400000, 0x00000000e4500000|  0%| F|  |TAMS 0x00000000e4400000, 0x00000000e4400000| Untracked 
|  69|0x00000000e4500000, 0x00000000e4500000, 0x00000000e4600000|  0%| F|  |TAMS 0x00000000e4500000, 0x00000000e4500000| Untracked 
|  70|0x00000000e4600000, 0x00000000e4600000, 0x00000000e4700000|  0%| F|  |TAMS 0x00000000e4600000, 0x00000000e4600000| Untracked 
|  71|0x00000000e4700000, 0x00000000e4700000, 0x00000000e4800000|  0%| F|  |TAMS 0x00000000e4700000, 0x00000000e4700000| Untracked 
|  72|0x00000000e4800000, 0x00000000e4800000, 0x00000000e4900000|  0%| F|  |TAMS 0x00000000e4800000, 0x00000000e4800000| Untracked 
|  73|0x00000000e4900000, 0x00000000e4900000, 0x00000000e4a00000|  0%| F|  |TAMS 0x00000000e4900000, 0x00000000e4900000| Untracked 
|  74|0x00000000e4a00000, 0x00000000e4a00000, 0x00000000e4b00000|  0%| F|  |TAMS 0x00000000e4a00000, 0x00000000e4a00000| Untracked 
|  75|0x00000000e4b00000, 0x00000000e4b00000, 0x00000000e4c00000|  0%| F|  |TAMS 0x00000000e4b00000, 0x00000000e4b00000| Untracked 
|  76|0x00000000e4c00000, 0x00000000e4c00000, 0x00000000e4d00000|  0%| F|  |TAMS 0x00000000e4c00000, 0x00000000e4c00000| Untracked 
|  77|0x00000000e4d00000, 0x00000000e4d00000, 0x00000000e4e00000|  0%| F|  |TAMS 0x00000000e4d00000, 0x00000000e4d00000| Untracked 
|  78|0x00000000e4e00000, 0x00000000e4e00000, 0x00000000e4f00000|  0%| F|  |TAMS 0x00000000e4e00000, 0x00000000e4e00000| Untracked 
|  79|0x00000000e4f00000, 0x00000000e4f00000, 0x00000000e5000000|  0%| F|  |TAMS 0x00000000e4f00000, 0x00000000e4f00000| Untracked 
|  80|0x00000000e5000000, 0x00000000e5000000, 0x00000000e5100000|  0%| F|  |TAMS 0x00000000e5000000, 0x00000000e5000000| Untracked 
|  81|0x00000000e5100000, 0x00000000e5100000, 0x00000000e5200000|  0%| F|  |TAMS 0x00000000e5100000, 0x00000000e5100000| Untracked 
|  82|0x00000000e5200000, 0x00000000e5200000, 0x00000000e5300000|  0%| F|  |TAMS 0x00000000e5200000, 0x00000000e5200000| Untracked 
|  83|0x00000000e5300000, 0x00000000e5300000, 0x00000000e5400000|  0%| F|  |TAMS 0x00000000e5300000, 0x00000000e5300000| Untracked 
|  84|0x00000000e5400000, 0x00000000e5400000, 0x00000000e5500000|  0%| F|  |TAMS 0x00000000e5400000, 0x00000000e5400000| Untracked 
|  85|0x00000000e5500000, 0x00000000e55b8360, 0x00000000e5600000| 71%| S|CS|TAMS 0x00000000e5500000, 0x00000000e5500000| Complete 
|  86|0x00000000e5600000, 0x00000000e5700000, 0x00000000e5700000|100%| S|CS|TAMS 0x00000000e5600000, 0x00000000e5600000| Complete 
|  87|0x00000000e5700000, 0x00000000e5800000, 0x00000000e5800000|100%| S|CS|TAMS 0x00000000e5700000, 0x00000000e5700000| Complete 
|  88|0x00000000e5800000, 0x00000000e5900000, 0x00000000e5900000|100%| S|CS|TAMS 0x00000000e5800000, 0x00000000e5800000| Complete 
|  89|0x00000000e5900000, 0x00000000e5a00000, 0x00000000e5a00000|100%| S|CS|TAMS 0x00000000e5900000, 0x00000000e5900000| Complete 
|  90|0x00000000e5a00000, 0x00000000e5b00000, 0x00000000e5b00000|100%| S|CS|TAMS 0x00000000e5a00000, 0x00000000e5a00000| Complete 
|  91|0x00000000e5b00000, 0x00000000e5c00000, 0x00000000e5c00000|100%| S|CS|TAMS 0x00000000e5b00000, 0x00000000e5b00000| Complete 
|  92|0x00000000e5c00000, 0x00000000e5d00000, 0x00000000e5d00000|100%| S|CS|TAMS 0x00000000e5c00000, 0x00000000e5c00000| Complete 
|  93|0x00000000e5d00000, 0x00000000e5e00000, 0x00000000e5e00000|100%| S|CS|TAMS 0x00000000e5d00000, 0x00000000e5d00000| Complete 
|  94|0x00000000e5e00000, 0x00000000e5f00000, 0x00000000e5f00000|100%| S|CS|TAMS 0x00000000e5e00000, 0x00000000e5e00000| Complete 
|  95|0x00000000e5f00000, 0x00000000e6000000, 0x00000000e6000000|100%| S|CS|TAMS 0x00000000e5f00000, 0x00000000e5f00000| Complete 
|  96|0x00000000e6000000, 0x00000000e6100000, 0x00000000e6100000|100%| S|CS|TAMS 0x00000000e6000000, 0x00000000e6000000| Complete 
|  97|0x00000000e6100000, 0x00000000e6200000, 0x00000000e6200000|100%| S|CS|TAMS 0x00000000e6100000, 0x00000000e6100000| Complete 
|  98|0x00000000e6200000, 0x00000000e6300000, 0x00000000e6300000|100%| S|CS|TAMS 0x00000000e6200000, 0x00000000e6200000| Complete 
|  99|0x00000000e6300000, 0x00000000e6400000, 0x00000000e6400000|100%| S|CS|TAMS 0x00000000e6300000, 0x00000000e6300000| Complete 
| 100|0x00000000e6400000, 0x00000000e6500000, 0x00000000e6500000|100%| S|CS|TAMS 0x00000000e6400000, 0x00000000e6400000| Complete 
| 101|0x00000000e6500000, 0x00000000e6600000, 0x00000000e6600000|100%| S|CS|TAMS 0x00000000e6500000, 0x00000000e6500000| Complete 
| 102|0x00000000e6600000, 0x00000000e6700000, 0x00000000e6700000|100%| S|CS|TAMS 0x00000000e6600000, 0x00000000e6600000| Complete 
| 103|0x00000000e6700000, 0x00000000e6700000, 0x00000000e6800000|  0%| F|  |TAMS 0x00000000e6700000, 0x00000000e6700000| Untracked 
| 104|0x00000000e6800000, 0x00000000e6800000, 0x00000000e6900000|  0%| F|  |TAMS 0x00000000e6800000, 0x00000000e6800000| Untracked 
| 105|0x00000000e6900000, 0x00000000e6900000, 0x00000000e6a00000|  0%| F|  |TAMS 0x00000000e6900000, 0x00000000e6900000| Untracked 
| 106|0x00000000e6a00000, 0x00000000e6a00000, 0x00000000e6b00000|  0%| F|  |TAMS 0x00000000e6a00000, 0x00000000e6a00000| Untracked 
| 107|0x00000000e6b00000, 0x00000000e6b00000, 0x00000000e6c00000|  0%| F|  |TAMS 0x00000000e6b00000, 0x00000000e6b00000| Untracked 
| 108|0x00000000e6c00000, 0x00000000e6c00000, 0x00000000e6d00000|  0%| F|  |TAMS 0x00000000e6c00000, 0x00000000e6c00000| Untracked 
| 109|0x00000000e6d00000, 0x00000000e6d00000, 0x00000000e6e00000|  0%| F|  |TAMS 0x00000000e6d00000, 0x00000000e6d00000| Untracked 
| 110|0x00000000e6e00000, 0x00000000e6e00000, 0x00000000e6f00000|  0%| F|  |TAMS 0x00000000e6e00000, 0x00000000e6e00000| Untracked 
| 111|0x00000000e6f00000, 0x00000000e6f00000, 0x00000000e7000000|  0%| F|  |TAMS 0x00000000e6f00000, 0x00000000e6f00000| Untracked 
| 112|0x00000000e7000000, 0x00000000e7000000, 0x00000000e7100000|  0%| F|  |TAMS 0x00000000e7000000, 0x00000000e7000000| Untracked 
| 113|0x00000000e7100000, 0x00000000e7100000, 0x00000000e7200000|  0%| F|  |TAMS 0x00000000e7100000, 0x00000000e7100000| Untracked 
| 114|0x00000000e7200000, 0x00000000e7200000, 0x00000000e7300000|  0%| F|  |TAMS 0x00000000e7200000, 0x00000000e7200000| Untracked 
| 115|0x00000000e7300000, 0x00000000e7300000, 0x00000000e7400000|  0%| F|  |TAMS 0x00000000e7300000, 0x00000000e7300000| Untracked 
| 116|0x00000000e7400000, 0x00000000e7400000, 0x00000000e7500000|  0%| F|  |TAMS 0x00000000e7400000, 0x00000000e7400000| Untracked 
| 117|0x00000000e7500000, 0x00000000e7500000, 0x00000000e7600000|  0%| F|  |TAMS 0x00000000e7500000, 0x00000000e7500000| Untracked 
| 118|0x00000000e7600000, 0x00000000e7600000, 0x00000000e7700000|  0%| F|  |TAMS 0x00000000e7600000, 0x00000000e7600000| Untracked 
| 119|0x00000000e7700000, 0x00000000e7700000, 0x00000000e7800000|  0%| F|  |TAMS 0x00000000e7700000, 0x00000000e7700000| Untracked 
| 120|0x00000000e7800000, 0x00000000e7800000, 0x00000000e7900000|  0%| F|  |TAMS 0x00000000e7800000, 0x00000000e7800000| Untracked 
| 121|0x00000000e7900000, 0x00000000e7900000, 0x00000000e7a00000|  0%| F|  |TAMS 0x00000000e7900000, 0x00000000e7900000| Untracked 
| 122|0x00000000e7a00000, 0x00000000e7a00000, 0x00000000e7b00000|  0%| F|  |TAMS 0x00000000e7a00000, 0x00000000e7a00000| Untracked 
| 123|0x00000000e7b00000, 0x00000000e7b00000, 0x00000000e7c00000|  0%| F|  |TAMS 0x00000000e7b00000, 0x00000000e7b00000| Untracked 
| 124|0x00000000e7c00000, 0x00000000e7c00000, 0x00000000e7d00000|  0%| F|  |TAMS 0x00000000e7c00000, 0x00000000e7c00000| Untracked 
| 125|0x00000000e7d00000, 0x00000000e7d00000, 0x00000000e7e00000|  0%| F|  |TAMS 0x00000000e7d00000, 0x00000000e7d00000| Untracked 
| 126|0x00000000e7e00000, 0x00000000e7e00000, 0x00000000e7f00000|  0%| F|  |TAMS 0x00000000e7e00000, 0x00000000e7e00000| Untracked 
| 127|0x00000000e7f00000, 0x00000000e7f00000, 0x00000000e8000000|  0%| F|  |TAMS 0x00000000e7f00000, 0x00000000e7f00000| Untracked 
| 128|0x00000000e8000000, 0x00000000e8000000, 0x00000000e8100000|  0%| F|  |TAMS 0x00000000e8000000, 0x00000000e8000000| Untracked 
| 129|0x00000000e8100000, 0x00000000e8100000, 0x00000000e8200000|  0%| F|  |TAMS 0x00000000e8100000, 0x00000000e8100000| Untracked 
| 130|0x00000000e8200000, 0x00000000e8200000, 0x00000000e8300000|  0%| F|  |TAMS 0x00000000e8200000, 0x00000000e8200000| Untracked 
| 131|0x00000000e8300000, 0x00000000e8300000, 0x00000000e8400000|  0%| F|  |TAMS 0x00000000e8300000, 0x00000000e8300000| Untracked 
| 132|0x00000000e8400000, 0x00000000e8400000, 0x00000000e8500000|  0%| F|  |TAMS 0x00000000e8400000, 0x00000000e8400000| Untracked 
| 133|0x00000000e8500000, 0x00000000e8500000, 0x00000000e8600000|  0%| F|  |TAMS 0x00000000e8500000, 0x00000000e8500000| Untracked 
| 134|0x00000000e8600000, 0x00000000e8600000, 0x00000000e8700000|  0%| F|  |TAMS 0x00000000e8600000, 0x00000000e8600000| Untracked 
| 135|0x00000000e8700000, 0x00000000e8700000, 0x00000000e8800000|  0%| F|  |TAMS 0x00000000e8700000, 0x00000000e8700000| Untracked 
| 136|0x00000000e8800000, 0x00000000e8800000, 0x00000000e8900000|  0%| F|  |TAMS 0x00000000e8800000, 0x00000000e8800000| Untracked 
| 137|0x00000000e8900000, 0x00000000e8900000, 0x00000000e8a00000|  0%| F|  |TAMS 0x00000000e8900000, 0x00000000e8900000| Untracked 
| 138|0x00000000e8a00000, 0x00000000e8a00000, 0x00000000e8b00000|  0%| F|  |TAMS 0x00000000e8a00000, 0x00000000e8a00000| Untracked 
| 139|0x00000000e8b00000, 0x00000000e8b00000, 0x00000000e8c00000|  0%| F|  |TAMS 0x00000000e8b00000, 0x00000000e8b00000| Untracked 
| 140|0x00000000e8c00000, 0x00000000e8c00000, 0x00000000e8d00000|  0%| F|  |TAMS 0x00000000e8c00000, 0x00000000e8c00000| Untracked 
| 141|0x00000000e8d00000, 0x00000000e8d00000, 0x00000000e8e00000|  0%| F|  |TAMS 0x00000000e8d00000, 0x00000000e8d00000| Untracked 
| 142|0x00000000e8e00000, 0x00000000e8e00000, 0x00000000e8f00000|  0%| F|  |TAMS 0x00000000e8e00000, 0x00000000e8e00000| Untracked 
| 143|0x00000000e8f00000, 0x00000000e8f00000, 0x00000000e9000000|  0%| F|  |TAMS 0x00000000e8f00000, 0x00000000e8f00000| Untracked 
| 144|0x00000000e9000000, 0x00000000e9000000, 0x00000000e9100000|  0%| F|  |TAMS 0x00000000e9000000, 0x00000000e9000000| Untracked 
| 145|0x00000000e9100000, 0x00000000e9100000, 0x00000000e9200000|  0%| F|  |TAMS 0x00000000e9100000, 0x00000000e9100000| Untracked 
| 146|0x00000000e9200000, 0x00000000e9200000, 0x00000000e9300000|  0%| F|  |TAMS 0x00000000e9200000, 0x00000000e9200000| Untracked 
| 147|0x00000000e9300000, 0x00000000e9300000, 0x00000000e9400000|  0%| F|  |TAMS 0x00000000e9300000, 0x00000000e9300000| Untracked 
| 148|0x00000000e9400000, 0x00000000e9400000, 0x00000000e9500000|  0%| F|  |TAMS 0x00000000e9400000, 0x00000000e9400000| Untracked 
| 149|0x00000000e9500000, 0x00000000e9500000, 0x00000000e9600000|  0%| F|  |TAMS 0x00000000e9500000, 0x00000000e9500000| Untracked 
| 150|0x00000000e9600000, 0x00000000e9600000, 0x00000000e9700000|  0%| F|  |TAMS 0x00000000e9600000, 0x00000000e9600000| Untracked 
| 151|0x00000000e9700000, 0x00000000e9700000, 0x00000000e9800000|  0%| F|  |TAMS 0x00000000e9700000, 0x00000000e9700000| Untracked 
| 152|0x00000000e9800000, 0x00000000e9800000, 0x00000000e9900000|  0%| F|  |TAMS 0x00000000e9800000, 0x00000000e9800000| Untracked 
| 153|0x00000000e9900000, 0x00000000e9900000, 0x00000000e9a00000|  0%| F|  |TAMS 0x00000000e9900000, 0x00000000e9900000| Untracked 
| 154|0x00000000e9a00000, 0x00000000e9a00000, 0x00000000e9b00000|  0%| F|  |TAMS 0x00000000e9a00000, 0x00000000e9a00000| Untracked 
| 155|0x00000000e9b00000, 0x00000000e9b00000, 0x00000000e9c00000|  0%| F|  |TAMS 0x00000000e9b00000, 0x00000000e9b00000| Untracked 
| 156|0x00000000e9c00000, 0x00000000e9c00000, 0x00000000e9d00000|  0%| F|  |TAMS 0x00000000e9c00000, 0x00000000e9c00000| Untracked 
| 157|0x00000000e9d00000, 0x00000000e9d00000, 0x00000000e9e00000|  0%| F|  |TAMS 0x00000000e9d00000, 0x00000000e9d00000| Untracked 
| 158|0x00000000e9e00000, 0x00000000e9e00000, 0x00000000e9f00000|  0%| F|  |TAMS 0x00000000e9e00000, 0x00000000e9e00000| Untracked 
| 159|0x00000000e9f00000, 0x00000000e9f00000, 0x00000000ea000000|  0%| F|  |TAMS 0x00000000e9f00000, 0x00000000e9f00000| Untracked 
| 160|0x00000000ea000000, 0x00000000ea000000, 0x00000000ea100000|  0%| F|  |TAMS 0x00000000ea000000, 0x00000000ea000000| Untracked 
| 161|0x00000000ea100000, 0x00000000ea100000, 0x00000000ea200000|  0%| F|  |TAMS 0x00000000ea100000, 0x00000000ea100000| Untracked 
| 162|0x00000000ea200000, 0x00000000ea200000, 0x00000000ea300000|  0%| F|  |TAMS 0x00000000ea200000, 0x00000000ea200000| Untracked 
| 163|0x00000000ea300000, 0x00000000ea300000, 0x00000000ea400000|  0%| F|  |TAMS 0x00000000ea300000, 0x00000000ea300000| Untracked 
| 164|0x00000000ea400000, 0x00000000ea400000, 0x00000000ea500000|  0%| F|  |TAMS 0x00000000ea400000, 0x00000000ea400000| Untracked 
| 165|0x00000000ea500000, 0x00000000ea500000, 0x00000000ea600000|  0%| F|  |TAMS 0x00000000ea500000, 0x00000000ea500000| Untracked 
| 166|0x00000000ea600000, 0x00000000ea600000, 0x00000000ea700000|  0%| F|  |TAMS 0x00000000ea600000, 0x00000000ea600000| Untracked 
| 167|0x00000000ea700000, 0x00000000ea700000, 0x00000000ea800000|  0%| F|  |TAMS 0x00000000ea700000, 0x00000000ea700000| Untracked 
| 168|0x00000000ea800000, 0x00000000ea800000, 0x00000000ea900000|  0%| F|  |TAMS 0x00000000ea800000, 0x00000000ea800000| Untracked 
| 169|0x00000000ea900000, 0x00000000ea900000, 0x00000000eaa00000|  0%| F|  |TAMS 0x00000000ea900000, 0x00000000ea900000| Untracked 
| 170|0x00000000eaa00000, 0x00000000eaa00000, 0x00000000eab00000|  0%| F|  |TAMS 0x00000000eaa00000, 0x00000000eaa00000| Untracked 
| 171|0x00000000eab00000, 0x00000000eab00000, 0x00000000eac00000|  0%| F|  |TAMS 0x00000000eab00000, 0x00000000eab00000| Untracked 
| 172|0x00000000eac00000, 0x00000000eac00000, 0x00000000ead00000|  0%| F|  |TAMS 0x00000000eac00000, 0x00000000eac00000| Untracked 
| 173|0x00000000ead00000, 0x00000000ead00000, 0x00000000eae00000|  0%| F|  |TAMS 0x00000000ead00000, 0x00000000ead00000| Untracked 
| 174|0x00000000eae00000, 0x00000000eae00000, 0x00000000eaf00000|  0%| F|  |TAMS 0x00000000eae00000, 0x00000000eae00000| Untracked 
| 175|0x00000000eaf00000, 0x00000000eaf00000, 0x00000000eb000000|  0%| F|  |TAMS 0x00000000eaf00000, 0x00000000eaf00000| Untracked 
| 176|0x00000000eb000000, 0x00000000eb000000, 0x00000000eb100000|  0%| F|  |TAMS 0x00000000eb000000, 0x00000000eb000000| Untracked 
| 177|0x00000000eb100000, 0x00000000eb100000, 0x00000000eb200000|  0%| F|  |TAMS 0x00000000eb100000, 0x00000000eb100000| Untracked 
| 178|0x00000000eb200000, 0x00000000eb200000, 0x00000000eb300000|  0%| F|  |TAMS 0x00000000eb200000, 0x00000000eb200000| Untracked 
| 179|0x00000000eb300000, 0x00000000eb300000, 0x00000000eb400000|  0%| F|  |TAMS 0x00000000eb300000, 0x00000000eb300000| Untracked 
| 180|0x00000000eb400000, 0x00000000eb400000, 0x00000000eb500000|  0%| F|  |TAMS 0x00000000eb400000, 0x00000000eb400000| Untracked 
| 181|0x00000000eb500000, 0x00000000eb500000, 0x00000000eb600000|  0%| F|  |TAMS 0x00000000eb500000, 0x00000000eb500000| Untracked 
| 182|0x00000000eb600000, 0x00000000eb600000, 0x00000000eb700000|  0%| F|  |TAMS 0x00000000eb600000, 0x00000000eb600000| Untracked 
| 183|0x00000000eb700000, 0x00000000eb700000, 0x00000000eb800000|  0%| F|  |TAMS 0x00000000eb700000, 0x00000000eb700000| Untracked 
| 184|0x00000000eb800000, 0x00000000eb800000, 0x00000000eb900000|  0%| F|  |TAMS 0x00000000eb800000, 0x00000000eb800000| Untracked 
| 185|0x00000000eb900000, 0x00000000eb900000, 0x00000000eba00000|  0%| F|  |TAMS 0x00000000eb900000, 0x00000000eb900000| Untracked 
| 186|0x00000000eba00000, 0x00000000eba00000, 0x00000000ebb00000|  0%| F|  |TAMS 0x00000000eba00000, 0x00000000eba00000| Untracked 
| 187|0x00000000ebb00000, 0x00000000ebb00000, 0x00000000ebc00000|  0%| F|  |TAMS 0x00000000ebb00000, 0x00000000ebb00000| Untracked 
| 188|0x00000000ebc00000, 0x00000000ebc00000, 0x00000000ebd00000|  0%| F|  |TAMS 0x00000000ebc00000, 0x00000000ebc00000| Untracked 
| 189|0x00000000ebd00000, 0x00000000ebd00000, 0x00000000ebe00000|  0%| F|  |TAMS 0x00000000ebd00000, 0x00000000ebd00000| Untracked 
| 190|0x00000000ebe00000, 0x00000000ebe00000, 0x00000000ebf00000|  0%| F|  |TAMS 0x00000000ebe00000, 0x00000000ebe00000| Untracked 
| 191|0x00000000ebf00000, 0x00000000ebf00000, 0x00000000ec000000|  0%| F|  |TAMS 0x00000000ebf00000, 0x00000000ebf00000| Untracked 
| 192|0x00000000ec000000, 0x00000000ec000000, 0x00000000ec100000|  0%| F|  |TAMS 0x00000000ec000000, 0x00000000ec000000| Untracked 
| 193|0x00000000ec100000, 0x00000000ec100000, 0x00000000ec200000|  0%| F|  |TAMS 0x00000000ec100000, 0x00000000ec100000| Untracked 
| 194|0x00000000ec200000, 0x00000000ec200000, 0x00000000ec300000|  0%| F|  |TAMS 0x00000000ec200000, 0x00000000ec200000| Untracked 
| 195|0x00000000ec300000, 0x00000000ec300000, 0x00000000ec400000|  0%| F|  |TAMS 0x00000000ec300000, 0x00000000ec300000| Untracked 
| 196|0x00000000ec400000, 0x00000000ec400000, 0x00000000ec500000|  0%| F|  |TAMS 0x00000000ec400000, 0x00000000ec400000| Untracked 
| 197|0x00000000ec500000, 0x00000000ec500000, 0x00000000ec600000|  0%| F|  |TAMS 0x00000000ec500000, 0x00000000ec500000| Untracked 
| 198|0x00000000ec600000, 0x00000000ec600000, 0x00000000ec700000|  0%| F|  |TAMS 0x00000000ec600000, 0x00000000ec600000| Untracked 
| 199|0x00000000ec700000, 0x00000000ec700000, 0x00000000ec800000|  0%| F|  |TAMS 0x00000000ec700000, 0x00000000ec700000| Untracked 
| 200|0x00000000ec800000, 0x00000000ec800000, 0x00000000ec900000|  0%| F|  |TAMS 0x00000000ec800000, 0x00000000ec800000| Untracked 
| 201|0x00000000ec900000, 0x00000000ec900000, 0x00000000eca00000|  0%| F|  |TAMS 0x00000000ec900000, 0x00000000ec900000| Untracked 
| 202|0x00000000eca00000, 0x00000000eca00000, 0x00000000ecb00000|  0%| F|  |TAMS 0x00000000eca00000, 0x00000000eca00000| Untracked 
| 203|0x00000000ecb00000, 0x00000000ecb00000, 0x00000000ecc00000|  0%| F|  |TAMS 0x00000000ecb00000, 0x00000000ecb00000| Untracked 
| 204|0x00000000ecc00000, 0x00000000ecc00000, 0x00000000ecd00000|  0%| F|  |TAMS 0x00000000ecc00000, 0x00000000ecc00000| Untracked 
| 205|0x00000000ecd00000, 0x00000000ecd00000, 0x00000000ece00000|  0%| F|  |TAMS 0x00000000ecd00000, 0x00000000ecd00000| Untracked 
| 206|0x00000000ece00000, 0x00000000ece00000, 0x00000000ecf00000|  0%| F|  |TAMS 0x00000000ece00000, 0x00000000ece00000| Untracked 
| 207|0x00000000ecf00000, 0x00000000ecf00000, 0x00000000ed000000|  0%| F|  |TAMS 0x00000000ecf00000, 0x00000000ecf00000| Untracked 
| 208|0x00000000ed000000, 0x00000000ed100000, 0x00000000ed100000|100%| E|  |TAMS 0x00000000ed000000, 0x00000000ed000000| Complete 
| 209|0x00000000ed100000, 0x00000000ed200000, 0x00000000ed200000|100%| E|CS|TAMS 0x00000000ed100000, 0x00000000ed100000| Complete 
| 210|0x00000000ed200000, 0x00000000ed300000, 0x00000000ed300000|100%| E|CS|TAMS 0x00000000ed200000, 0x00000000ed200000| Complete 
| 211|0x00000000ed300000, 0x00000000ed400000, 0x00000000ed400000|100%| E|CS|TAMS 0x00000000ed300000, 0x00000000ed300000| Complete 
| 212|0x00000000ed400000, 0x00000000ed500000, 0x00000000ed500000|100%| E|CS|TAMS 0x00000000ed400000, 0x00000000ed400000| Complete 
| 213|0x00000000ed500000, 0x00000000ed600000, 0x00000000ed600000|100%| E|CS|TAMS 0x00000000ed500000, 0x00000000ed500000| Complete 
| 214|0x00000000ed600000, 0x00000000ed700000, 0x00000000ed700000|100%| E|CS|TAMS 0x00000000ed600000, 0x00000000ed600000| Complete 
| 215|0x00000000ed700000, 0x00000000ed800000, 0x00000000ed800000|100%| E|CS|TAMS 0x00000000ed700000, 0x00000000ed700000| Complete 
| 216|0x00000000ed800000, 0x00000000ed900000, 0x00000000ed900000|100%| E|CS|TAMS 0x00000000ed800000, 0x00000000ed800000| Complete 
| 217|0x00000000ed900000, 0x00000000eda00000, 0x00000000eda00000|100%| E|CS|TAMS 0x00000000ed900000, 0x00000000ed900000| Complete 
| 218|0x00000000eda00000, 0x00000000edb00000, 0x00000000edb00000|100%| E|CS|TAMS 0x00000000eda00000, 0x00000000eda00000| Complete 
| 219|0x00000000edb00000, 0x00000000edc00000, 0x00000000edc00000|100%| E|CS|TAMS 0x00000000edb00000, 0x00000000edb00000| Complete 
| 220|0x00000000edc00000, 0x00000000edd00000, 0x00000000edd00000|100%| E|CS|TAMS 0x00000000edc00000, 0x00000000edc00000| Complete 
| 221|0x00000000edd00000, 0x00000000ede00000, 0x00000000ede00000|100%| E|CS|TAMS 0x00000000edd00000, 0x00000000edd00000| Complete 
| 222|0x00000000ede00000, 0x00000000edf00000, 0x00000000edf00000|100%| E|  |TAMS 0x00000000ede00000, 0x00000000ede00000| Complete 
| 223|0x00000000edf00000, 0x00000000ee000000, 0x00000000ee000000|100%| E|CS|TAMS 0x00000000edf00000, 0x00000000edf00000| Complete 
| 224|0x00000000ee000000, 0x00000000ee100000, 0x00000000ee100000|100%| E|CS|TAMS 0x00000000ee000000, 0x00000000ee000000| Complete 
| 225|0x00000000ee100000, 0x00000000ee200000, 0x00000000ee200000|100%| E|CS|TAMS 0x00000000ee100000, 0x00000000ee100000| Complete 
| 226|0x00000000ee200000, 0x00000000ee300000, 0x00000000ee300000|100%| E|CS|TAMS 0x00000000ee200000, 0x00000000ee200000| Complete 
| 227|0x00000000ee300000, 0x00000000ee400000, 0x00000000ee400000|100%| E|CS|TAMS 0x00000000ee300000, 0x00000000ee300000| Complete 
| 228|0x00000000ee400000, 0x00000000ee500000, 0x00000000ee500000|100%| E|CS|TAMS 0x00000000ee400000, 0x00000000ee400000| Complete 
| 229|0x00000000ee500000, 0x00000000ee600000, 0x00000000ee600000|100%| E|CS|TAMS 0x00000000ee500000, 0x00000000ee500000| Complete 
| 230|0x00000000ee600000, 0x00000000ee700000, 0x00000000ee700000|100%| E|CS|TAMS 0x00000000ee600000, 0x00000000ee600000| Complete 
| 231|0x00000000ee700000, 0x00000000ee800000, 0x00000000ee800000|100%| E|CS|TAMS 0x00000000ee700000, 0x00000000ee700000| Complete 
| 232|0x00000000ee800000, 0x00000000ee900000, 0x00000000ee900000|100%| E|CS|TAMS 0x00000000ee800000, 0x00000000ee800000| Complete 
| 233|0x00000000ee900000, 0x00000000eea00000, 0x00000000eea00000|100%| E|CS|TAMS 0x00000000ee900000, 0x00000000ee900000| Complete 
| 234|0x00000000eea00000, 0x00000000eeb00000, 0x00000000eeb00000|100%| E|CS|TAMS 0x00000000eea00000, 0x00000000eea00000| Complete 
| 235|0x00000000eeb00000, 0x00000000eec00000, 0x00000000eec00000|100%| E|CS|TAMS 0x00000000eeb00000, 0x00000000eeb00000| Complete 
| 236|0x00000000eec00000, 0x00000000eed00000, 0x00000000eed00000|100%| E|CS|TAMS 0x00000000eec00000, 0x00000000eec00000| Complete 
| 237|0x00000000eed00000, 0x00000000eee00000, 0x00000000eee00000|100%| E|CS|TAMS 0x00000000eed00000, 0x00000000eed00000| Complete 
| 238|0x00000000eee00000, 0x00000000eef00000, 0x00000000eef00000|100%| E|CS|TAMS 0x00000000eee00000, 0x00000000eee00000| Complete 
| 239|0x00000000eef00000, 0x00000000ef000000, 0x00000000ef000000|100%| E|CS|TAMS 0x00000000eef00000, 0x00000000eef00000| Complete 
| 240|0x00000000ef000000, 0x00000000ef100000, 0x00000000ef100000|100%| E|CS|TAMS 0x00000000ef000000, 0x00000000ef000000| Complete 
| 241|0x00000000ef100000, 0x00000000ef200000, 0x00000000ef200000|100%| E|CS|TAMS 0x00000000ef100000, 0x00000000ef100000| Complete 
| 242|0x00000000ef200000, 0x00000000ef300000, 0x00000000ef300000|100%| E|CS|TAMS 0x00000000ef200000, 0x00000000ef200000| Complete 
| 243|0x00000000ef300000, 0x00000000ef400000, 0x00000000ef400000|100%| E|CS|TAMS 0x00000000ef300000, 0x00000000ef300000| Complete 
| 244|0x00000000ef400000, 0x00000000ef500000, 0x00000000ef500000|100%| E|CS|TAMS 0x00000000ef400000, 0x00000000ef400000| Complete 
| 245|0x00000000ef500000, 0x00000000ef600000, 0x00000000ef600000|100%| E|CS|TAMS 0x00000000ef500000, 0x00000000ef500000| Complete 
| 246|0x00000000ef600000, 0x00000000ef700000, 0x00000000ef700000|100%| E|CS|TAMS 0x00000000ef600000, 0x00000000ef600000| Complete 
| 247|0x00000000ef700000, 0x00000000ef800000, 0x00000000ef800000|100%| E|CS|TAMS 0x00000000ef700000, 0x00000000ef700000| Complete 
| 248|0x00000000ef800000, 0x00000000ef900000, 0x00000000ef900000|100%| E|CS|TAMS 0x00000000ef800000, 0x00000000ef800000| Complete 
| 249|0x00000000ef900000, 0x00000000efa00000, 0x00000000efa00000|100%| E|CS|TAMS 0x00000000ef900000, 0x00000000ef900000| Complete 
| 250|0x00000000efa00000, 0x00000000efb00000, 0x00000000efb00000|100%| E|CS|TAMS 0x00000000efa00000, 0x00000000efa00000| Complete 
| 251|0x00000000efb00000, 0x00000000efc00000, 0x00000000efc00000|100%| E|CS|TAMS 0x00000000efb00000, 0x00000000efb00000| Complete 
| 252|0x00000000efc00000, 0x00000000efd00000, 0x00000000efd00000|100%| E|CS|TAMS 0x00000000efc00000, 0x00000000efc00000| Complete 
| 253|0x00000000efd00000, 0x00000000efe00000, 0x00000000efe00000|100%| E|CS|TAMS 0x00000000efd00000, 0x00000000efd00000| Complete 
| 254|0x00000000efe00000, 0x00000000eff00000, 0x00000000eff00000|100%| E|CS|TAMS 0x00000000efe00000, 0x00000000efe00000| Complete 
| 255|0x00000000eff00000, 0x00000000f0000000, 0x00000000f0000000|100%| E|CS|TAMS 0x00000000eff00000, 0x00000000eff00000| Complete 

Card table byte_map: [0x0000020721740000,0x0000020721840000] _byte_map_base: 0x0000020721040000

Marking Bits (Prev, Next): (CMBitMap*) 0x000002070a5dd200, (CMBitMap*) 0x000002070a5dd240
 Prev Bits: [0x0000020721940000, 0x0000020722140000)
 Next Bits: [0x0000020722140000, 0x0000020722940000)

Polling page: 0x0000020708430000

Metaspace:

Usage:
  Non-class:     41.49 MB used.
      Class:      6.77 MB used.
       Both:     48.26 MB used.

Virtual space:
  Non-class space:       64.00 MB reserved,      41.81 MB ( 65%) committed,  1 nodes.
      Class space:      320.00 MB reserved,       7.06 MB (  2%) committed,  1 nodes.
             Both:      384.00 MB reserved,      48.88 MB ( 13%) committed. 

Chunk freelists:
   Non-Class:  6.23 MB
       Class:  8.84 MB
        Both:  15.08 MB

MaxMetaspaceSize: 384.00 MB
CompressedClassSpaceSize: 320.00 MB
Initial GC threshold: 21.00 MB
Current GC threshold: 58.75 MB
CDS: on
MetaspaceReclaimPolicy: balanced
 - commit_granule_bytes: 65536.
 - commit_granule_words: 8192.
 - virtual_space_node_default_size: 8388608.
 - enlarge_chunks_in_place: 1.
 - new_chunks_are_fully_committed: 0.
 - uncommit_free_chunks: 1.
 - use_allocation_guard: 0.
 - handle_deallocations: 1.


Internal statistics:

num_allocs_failed_limit: 6.
num_arena_births: 654.
num_arena_deaths: 0.
num_vsnodes_births: 2.
num_vsnodes_deaths: 0.
num_space_committed: 782.
num_space_uncommitted: 0.
num_chunks_returned_to_freelist: 6.
num_chunks_taken_from_freelist: 2673.
num_chunk_merges: 6.
num_chunk_splits: 1693.
num_chunks_enlarged: 1090.
num_inconsistent_stats: 0.

CodeHeap 'non-profiled nmethods': size=120000Kb used=3431Kb max_used=3431Kb free=116569Kb
 bounds [0x0000020719bc0000, 0x0000020719f20000, 0x00000207210f0000]
CodeHeap 'profiled nmethods': size=120000Kb used=11159Kb max_used=11159Kb free=108840Kb
 bounds [0x00000207120f0000, 0x0000020712be0000, 0x0000020719620000]
CodeHeap 'non-nmethods': size=5760Kb used=2321Kb max_used=2370Kb free=3438Kb
 bounds [0x0000020719620000, 0x0000020719890000, 0x0000020719bc0000]
 total_blobs=6501 nmethods=5665 adapters=748
 compilation: enabled
              stopped_count=0, restarted_count=0
 full_count=0

Compilation events (20 events):
Event: 16.272 Thread 0x00000207255ecfb0 nmethod 6388 0x0000020712bc0290 code [0x0000020712bc0440, 0x0000020712bc0738]
Event: 16.272 Thread 0x00000207255ecfb0 6385       3       sun.reflect.generics.parser.SignatureParser::parseFormalTypeParameter (16 bytes)
Event: 16.273 Thread 0x00000207255ecfb0 nmethod 6385 0x0000020712bc0810 code [0x0000020712bc0a00, 0x0000020712bc0f28]
Event: 16.273 Thread 0x00000207255ecfb0 6392       3       sun.reflect.generics.reflectiveObjects.WildcardTypeImpl::make (11 bytes)
Event: 16.273 Thread 0x00000207255ecfb0 nmethod 6392 0x0000020712bc1190 code [0x0000020712bc1340, 0x0000020712bc16d8]
Event: 16.273 Thread 0x00000207255ecfb0 6393       1       sun.reflect.generics.reflectiveObjects.GenericArrayTypeImpl::getGenericComponentType (5 bytes)
Event: 16.273 Thread 0x00000207255ecfb0 nmethod 6393 0x0000020719f0e690 code [0x0000020719f0e820, 0x0000020719f0e8f8]
Event: 16.290 Thread 0x00000207255ecfb0 6394       3       org.codehaus.groovy.reflection.stdclasses.CachedSAMClass$$Lambda$568/0x00000207274ce760::run (8 bytes)
Event: 16.291 Thread 0x00000207255ecfb0 nmethod 6394 0x0000020712bc1810 code [0x0000020712bc19c0, 0x0000020712bc1b08]
Event: 16.300 Thread 0x00000207255ecfb0 6395       3       groovyjarjarasm.asm.Label::getCanonicalInstance (19 bytes)
Event: 16.300 Thread 0x00000207255ecfb0 nmethod 6395 0x0000020712bc1c10 code [0x0000020712bc1da0, 0x0000020712bc1f18]
Event: 16.300 Thread 0x00000207255ecfb0 6396       3       groovyjarjarasm.asm.Frame::getAbstractTypeFromDescriptor (462 bytes)
Event: 16.303 Thread 0x00000207255ecfb0 nmethod 6396 0x0000020712bc2010 code [0x0000020712bc2520, 0x0000020712bc4d18]
Event: 16.303 Thread 0x00000207255ecfb0 6398       3       groovyjarjarasm.asm.Frame::pop (44 bytes)
Event: 16.304 Thread 0x00000207255ecfb0 nmethod 6398 0x0000020712bc5b10 code [0x0000020712bc5ca0, 0x0000020712bc5e38]
Event: 16.304 Thread 0x00000207255ecfb0 6397       3       groovyjarjarasm.asm.Frame::getLocal (46 bytes)
Event: 16.304 Thread 0x00000207255ecfb0 nmethod 6397 0x0000020712bc5f10 code [0x0000020712bc60c0, 0x0000020712bc62d8]
Event: 16.305 Thread 0x00000207255ecfb0 6399       3       java.io.ObjectOutputStream$HandleTable::assign (52 bytes)
Event: 16.306 Thread 0x00000207255ecfb0 nmethod 6399 0x0000020712bc6390 code [0x0000020712bc6560, 0x0000020712bc67a8]
Event: 16.306 Thread 0x00000207255ecfb0 6400       3       java.io.ObjectOutputStream$BlockDataOutputStream::writeUTF (46 bytes)

GC Heap History (12 events):
Event: 0.912 GC heap before
{Heap before GC invocations=0 (full 0):
 garbage-first heap   total 262144K, used 26624K [0x00000000e0000000, 0x0000000100000000)
  region size 1024K, 23 young (23552K), 0 survivors (0K)
 Metaspace       used 1099K, committed 1216K, reserved 393216K
  class space    used 72K, committed 128K, reserved 327680K
}
Event: 0.916 GC heap after
{Heap after GC invocations=1 (full 0):
 garbage-first heap   total 262144K, used 10440K [0x00000000e0000000, 0x0000000100000000)
  region size 1024K, 3 young (3072K), 3 survivors (3072K)
 Metaspace       used 1099K, committed 1216K, reserved 393216K
  class space    used 72K, committed 128K, reserved 327680K
}
Event: 1.940 GC heap before
{Heap before GC invocations=1 (full 0):
 garbage-first heap   total 262144K, used 40136K [0x00000000e0000000, 0x0000000100000000)
  region size 1024K, 32 young (32768K), 3 survivors (3072K)
 Metaspace       used 4296K, committed 4480K, reserved 393216K
  class space    used 535K, committed 640K, reserved 327680K
}
Event: 1.944 GC heap after
{Heap after GC invocations=2 (full 0):
 garbage-first heap   total 262144K, used 12410K [0x00000000e0000000, 0x0000000100000000)
  region size 1024K, 2 young (2048K), 2 survivors (2048K)
 Metaspace       used 4296K, committed 4480K, reserved 393216K
  class space    used 535K, committed 640K, reserved 327680K
}
Event: 4.997 GC heap before
{Heap before GC invocations=2 (full 0):
 garbage-first heap   total 262144K, used 117882K [0x00000000e0000000, 0x0000000100000000)
  region size 1024K, 103 young (105472K), 2 survivors (2048K)
 Metaspace       used 16464K, committed 16768K, reserved 393216K
  class space    used 2315K, committed 2432K, reserved 327680K
}
Event: 5.018 GC heap after
{Heap after GC invocations=3 (full 0):
 garbage-first heap   total 262144K, used 22523K [0x00000000e0000000, 0x0000000100000000)
  region size 1024K, 11 young (11264K), 11 survivors (11264K)
 Metaspace       used 16464K, committed 16768K, reserved 393216K
  class space    used 2315K, committed 2432K, reserved 327680K
}
Event: 6.265 GC heap before
{Heap before GC invocations=3 (full 0):
 garbage-first heap   total 262144K, used 64507K [0x00000000e0000000, 0x0000000100000000)
  region size 1024K, 53 young (54272K), 11 survivors (11264K)
 Metaspace       used 21153K, committed 21504K, reserved 393216K
  class space    used 3089K, committed 3264K, reserved 327680K
}
Event: 6.275 GC heap after
{Heap after GC invocations=4 (full 0):
 garbage-first heap   total 262144K, used 25554K [0x00000000e0000000, 0x0000000100000000)
  region size 1024K, 12 young (12288K), 12 survivors (12288K)
 Metaspace       used 21153K, committed 21504K, reserved 393216K
  class space    used 3089K, committed 3264K, reserved 327680K
}
Event: 9.462 GC heap before
{Heap before GC invocations=5 (full 0):
 garbage-first heap   total 262144K, used 131026K [0x00000000e0000000, 0x0000000100000000)
  region size 1024K, 117 young (119808K), 12 survivors (12288K)
 Metaspace       used 35517K, committed 35968K, reserved 393216K
  class space    used 5037K, committed 5248K, reserved 327680K
}
Event: 9.480 GC heap after
{Heap after GC invocations=6 (full 0):
 garbage-first heap   total 262144K, used 33456K [0x00000000e0000000, 0x0000000100000000)
  region size 1024K, 11 young (11264K), 11 survivors (11264K)
 Metaspace       used 35517K, committed 35968K, reserved 393216K
  class space    used 5037K, committed 5248K, reserved 327680K
}
Event: 14.339 GC heap before
{Heap before GC invocations=7 (full 0):
 garbage-first heap   total 262144K, used 186032K [0x00000000e0000000, 0x0000000100000000)
  region size 1024K, 153 young (156672K), 11 survivors (11264K)
 Metaspace       used 47290K, committed 47936K, reserved 393216K
  class space    used 6595K, committed 6912K, reserved 327680K
}
Event: 14.352 GC heap after
{Heap after GC invocations=8 (full 0):
 garbage-first heap   total 262144K, used 43431K [0x00000000e0000000, 0x0000000100000000)
  region size 1024K, 18 young (18432K), 18 survivors (18432K)
 Metaspace       used 47290K, committed 47936K, reserved 393216K
  class space    used 6595K, committed 6912K, reserved 327680K
}

Dll operation events (15 events):
Event: 0.028 Loaded shared library C:\Program Files\Microsoft\jdk-17.0.15.6-hotspot\bin\java.dll
Event: 0.055 Loaded shared library C:\Program Files\Microsoft\jdk-17.0.15.6-hotspot\bin\jsvml.dll
Event: 0.132 Loaded shared library C:\Program Files\Microsoft\jdk-17.0.15.6-hotspot\bin\zip.dll
Event: 0.141 Loaded shared library C:\Program Files\Microsoft\jdk-17.0.15.6-hotspot\bin\instrument.dll
Event: 0.149 Loaded shared library C:\Program Files\Microsoft\jdk-17.0.15.6-hotspot\bin\net.dll
Event: 0.153 Loaded shared library C:\Program Files\Microsoft\jdk-17.0.15.6-hotspot\bin\nio.dll
Event: 0.156 Loaded shared library C:\Program Files\Microsoft\jdk-17.0.15.6-hotspot\bin\zip.dll
Event: 0.621 Loaded shared library C:\Program Files\Microsoft\jdk-17.0.15.6-hotspot\bin\jimage.dll
Event: 0.932 Loaded shared library C:\Program Files\Microsoft\jdk-17.0.15.6-hotspot\bin\verify.dll
Event: 1.242 Loaded shared library C:\Users\HP\.gradle\native\c067742578af261105cb4f569cf0c3c89f3d7b1fecec35dd04571415982c5e48\windows-amd64\native-platform.dll
Event: 1.259 Loaded shared library C:\Users\HP\.gradle\native\100fb08df4bc3b14c8652ba06237920a3bd2aa13389f12d3474272988ae205f9\windows-amd64\native-platform-file-events.dll
Event: 2.861 Loaded shared library C:\Program Files\Microsoft\jdk-17.0.15.6-hotspot\bin\management.dll
Event: 2.866 Loaded shared library C:\Program Files\Microsoft\jdk-17.0.15.6-hotspot\bin\management_ext.dll
Event: 3.305 Loaded shared library C:\Program Files\Microsoft\jdk-17.0.15.6-hotspot\bin\extnet.dll
Event: 3.767 Loaded shared library C:\Program Files\Microsoft\jdk-17.0.15.6-hotspot\bin\sunmscapi.dll

Deoptimization events (20 events):
Event: 16.230 Thread 0x0000020740d68ec0 Uncommon trap: trap_request=0xffffff45 fr.pc=0x0000020719eda150 relative=0x00000000000001b0
Event: 16.230 Thread 0x0000020740d68ec0 Uncommon trap: reason=unstable_if action=reinterpret pc=0x0000020719eda150 method=com.esotericsoftware.kryo.io.Output.writeBytes([BII)V @ 61 c2
Event: 16.230 Thread 0x0000020740d68ec0 DEOPT PACKING pc=0x0000020719eda150 sp=0x000000892b4fddc0
Event: 16.230 Thread 0x0000020740d68ec0 DEOPT UNPACKING pc=0x00000207196769a3 sp=0x000000892b4fdc20 mode 2
Event: 16.230 Thread 0x0000020740d68ec0 Uncommon trap: trap_request=0xffffff45 fr.pc=0x0000020719eddde8 relative=0x0000000000000148
Event: 16.230 Thread 0x0000020740d68ec0 Uncommon trap: reason=unstable_if action=reinterpret pc=0x0000020719eddde8 method=com.esotericsoftware.kryo.io.Output.writeBytes([BII)V @ 61 c2
Event: 16.230 Thread 0x0000020740d68ec0 DEOPT PACKING pc=0x0000020719eddde8 sp=0x000000892b4fdd30
Event: 16.230 Thread 0x0000020740d68ec0 DEOPT UNPACKING pc=0x00000207196769a3 sp=0x000000892b4fdc18 mode 2
Event: 16.231 Thread 0x0000020740d68ec0 Uncommon trap: trap_request=0xffffff45 fr.pc=0x0000020719c566d8 relative=0x0000000000000438
Event: 16.231 Thread 0x0000020740d68ec0 Uncommon trap: reason=unstable_if action=reinterpret pc=0x0000020719c566d8 method=java.io.ObjectOutputStream$BlockDataOutputStream.writeBytes(Ljava/lang/String;)V @ 22 c2
Event: 16.231 Thread 0x0000020740d68ec0 DEOPT PACKING pc=0x0000020719c566d8 sp=0x000000892b4fe1e0
Event: 16.231 Thread 0x0000020740d68ec0 DEOPT UNPACKING pc=0x00000207196769a3 sp=0x000000892b4fe178 mode 2
Event: 16.232 Thread 0x0000020740d68ec0 Uncommon trap: trap_request=0xffffff45 fr.pc=0x0000020719edbb1c relative=0x000000000000085c
Event: 16.232 Thread 0x0000020740d68ec0 Uncommon trap: reason=unstable_if action=reinterpret pc=0x0000020719edbb1c method=java.io.ObjectOutputStream$HandleTable.assign(Ljava/lang/Object;)I @ 24 c2
Event: 16.232 Thread 0x0000020740d68ec0 DEOPT PACKING pc=0x0000020719edbb1c sp=0x000000892b4fe260
Event: 16.232 Thread 0x0000020740d68ec0 DEOPT UNPACKING pc=0x00000207196769a3 sp=0x000000892b4fe238 mode 2
Event: 16.262 Thread 0x0000020740d689b0 Uncommon trap: trap_request=0xffffffdc fr.pc=0x0000020719f0dfc0 relative=0x00000000000002a0
Event: 16.262 Thread 0x0000020740d689b0 Uncommon trap: reason=class_check action=make_not_entrant pc=0x0000020719f0dfc0 method=java.util.ArrayList.toArray([Ljava/lang/Object;)[Ljava/lang/Object; @ 21 c2
Event: 16.262 Thread 0x0000020740d689b0 DEOPT PACKING pc=0x0000020719f0dfc0 sp=0x000000892b1f5830
Event: 16.262 Thread 0x0000020740d689b0 DEOPT UNPACKING pc=0x00000207196769a3 sp=0x000000892b1f57f0 mode 2

Classes loaded (20 events):
Event: 16.234 Loading class java/util/AbstractList$ListItr
Event: 16.234 Loading class java/util/AbstractList$ListItr done
Event: 16.257 Loading class java/util/function/DoubleBinaryOperator
Event: 16.257 Loading class java/util/function/DoubleBinaryOperator done
Event: 16.257 Loading class java/util/function/LongBinaryOperator
Event: 16.257 Loading class java/util/function/LongBinaryOperator done
Event: 16.257 Loading class java/util/function/IntToDoubleFunction
Event: 16.257 Loading class java/util/function/IntToDoubleFunction done
Event: 16.257 Loading class java/util/function/IntUnaryOperator
Event: 16.257 Loading class java/util/function/IntUnaryOperator done
Event: 16.257 Loading class java/util/function/IntToLongFunction
Event: 16.257 Loading class java/util/function/IntToLongFunction done
Event: 16.263 Loading class java/util/ArraysBeanInfo
Event: 16.263 Loading class java/util/ArraysBeanInfo done
Event: 16.263 Loading class java/util/ArraysBeanInfo
Event: 16.263 Loading class java/util/ArraysBeanInfo done
Event: 16.263 Loading class java/util/ArraysCustomizer
Event: 16.263 Loading class java/util/ArraysCustomizer done
Event: 16.264 Loading class java/util/ArraysCustomizer
Event: 16.264 Loading class java/util/ArraysCustomizer done

Classes unloaded (0 events):
No events

Classes redefined (0 events):
No events

Internal exceptions (20 events):
Event: 12.658 Thread 0x0000020740d689b0 Exception <a 'java/lang/ClassNotFoundException'{0x00000000e7cf8580}: org/gradle/api/internal/artifacts/dsl/dependencies/DefaultDependencyHandler_DecoratedBeanInfo> (0x00000000e7cf8580) 
thrown [s\src\hotspot\share\classfile\systemDictionary.cpp, line 256]
Event: 12.660 Thread 0x0000020740d689b0 Exception <a 'java/lang/ClassNotFoundException'{0x00000000e7b10510}: org/gradle/api/internal/artifacts/dsl/dependencies/DefaultDependencyHandlerBeanInfo> (0x00000000e7b10510) 
thrown [s\src\hotspot\share\classfile\systemDictionary.cpp, line 256]
Event: 12.661 Thread 0x0000020740d689b0 Exception <a 'java/lang/ClassNotFoundException'{0x00000000e7b281e0}: org/gradle/api/internal/artifacts/dsl/dependencies/DefaultDependencyHandlerCustomizer> (0x00000000e7b281e0) 
thrown [s\src\hotspot\share\classfile\systemDictionary.cpp, line 256]
Event: 12.664 Thread 0x0000020740d689b0 Exception <a 'java/lang/ClassNotFoundException'{0x00000000e7b73738}: org/gradle/api/internal/artifacts/dsl/dependencies/DefaultDependencyHandler_DecoratedCustomizer> (0x00000000e7b73738) 
thrown [s\src\hotspot\share\classfile\systemDictionary.cpp, line 256]
Event: 12.735 Thread 0x0000020740d689b0 Exception <a 'java/lang/NoSuchMethodError'{0x00000000e7875030}: 'java.lang.Object java.lang.invoke.DirectMethodHandle$Holder.newInvokeSpecial(java.lang.Object, int, java.lang.Object)'> (0x00000000e7875030) 
thrown [s\src\hotspot\share\interpreter\linkResolver.cpp, line 759]
Event: 12.996 Thread 0x0000020740d689b0 Exception <a 'java/lang/NoSuchMethodError'{0x00000000e71cc570}: 'java.lang.Object java.lang.invoke.DirectMethodHandle$Holder.invokeSpecial(java.lang.Object, java.lang.Object, long, java.lang.Object, java.lang.Object)'> (0x00000000e71cc570) 
thrown [s\src\hotspot\share\interpreter\linkResolver.cpp, line 759]
Event: 14.232 Thread 0x0000020740d689b0 Exception <a 'java/lang/NoSuchMethodError'{0x00000000e6ae94c0}: 'int java.lang.invoke.DirectMethodHandle$Holder.invokeSpecialIFC(java.lang.Object, java.lang.Object, java.lang.Object)'> (0x00000000e6ae94c0) 
thrown [s\src\hotspot\share\interpreter\linkResolver.cpp, line 759]
Event: 15.555 Thread 0x0000020740d689b0 Exception <a 'java/lang/NoSuchMethodError'{0x00000000efa60610}: 'java.lang.Object java.lang.invoke.DirectMethodHandle$Holder.invokeSpecial(java.lang.Object, java.lang.Object, java.lang.Object, java.lang.Object, java.lang.Object, long)'> (0x00000000efa60610) 
thrown [s\src\hotspot\share\interpreter\linkResolver.cpp, line 759]
Event: 15.557 Thread 0x0000020740d689b0 Exception <a 'java/lang/NoSuchMethodError'{0x00000000efa8ab68}: 'void java.lang.invoke.DirectMethodHandle$Holder.invokeStatic(java.lang.Object, java.lang.Object, java.lang.Object, int, java.lang.Object)'> (0x00000000efa8ab68) 
thrown [s\src\hotspot\share\interpreter\linkResolver.cpp, line 759]
Event: 15.683 Thread 0x0000020740d689b0 Exception <a 'java/lang/NoSuchMethodError'{0x00000000ef30e968}: 'java.lang.Object java.lang.invoke.DirectMethodHandle$Holder.newInvokeSpecial(java.lang.Object, java.lang.Object, java.lang.Object, java.lang.Object, int, java.lang.Object)'> (0x00000000ef30e968) 
thrown [s\src\hotspot\share\interpreter\linkResolver.cpp, line 759]
Event: 15.683 Thread 0x0000020740d689b0 Exception <a 'java/lang/NoSuchMethodError'{0x00000000ef3177f8}: 'java.lang.Object java.lang.invoke.Invokers$Holder.linkToTargetMethod(java.lang.Object, java.lang.Object, java.lang.Object, int, java.lang.Object, java.lang.Object)'> (0x00000000ef3177f8) 
thrown [s\src\hotspot\share\interpreter\linkResolver.cpp, line 759]
Event: 15.875 Thread 0x0000020740d689b0 Exception <a 'java/lang/NoSuchMethodError'{0x00000000eeab0f08}: 'java.lang.Object java.lang.invoke.DirectMethodHandle$Holder.invokeSpecialIFC(java.lang.Object, java.lang.Object, java.lang.Object)'> (0x00000000eeab0f08) 
thrown [s\src\hotspot\share\interpreter\linkResolver.cpp, line 759]
Event: 16.156 Thread 0x0000020740d689b0 Exception <a 'java/lang/ClassNotFoundException'{0x00000000ed86bad8}: build_1kd2p99ts57p9gx0chi9bug57BeanInfo> (0x00000000ed86bad8) 
thrown [s\src\hotspot\share\classfile\systemDictionary.cpp, line 256]
Event: 16.157 Thread 0x0000020740d689b0 Exception <a 'java/lang/ClassNotFoundException'{0x00000000ed872c58}: build_1kd2p99ts57p9gx0chi9bug57Customizer> (0x00000000ed872c58) 
thrown [s\src\hotspot\share\classfile\systemDictionary.cpp, line 256]
Event: 16.226 Thread 0x0000020740d68ec0 Exception <a 'java/lang/NoSuchMethodError'{0x00000000eda198b8}: static Lorg/gradle/internal/build/event/types/DefaultFailureResult;.<clinit>()V> (0x00000000eda198b8) 
thrown [s\src\hotspot\share\prims\jni.cpp, line 1112]
Event: 16.229 Thread 0x0000020740d68ec0 Exception <a 'java/lang/NoSuchMethodError'{0x00000000ed687268}: static Lorg/gradle/internal/build/event/types/DefaultFailure;.<clinit>()V> (0x00000000ed687268) 
thrown [s\src\hotspot\share\prims\jni.cpp, line 1112]
Event: 16.263 Thread 0x0000020740d689b0 Exception <a 'java/lang/ClassNotFoundException'{0x00000000ed52d9f0}: java/util/ArraysBeanInfo> (0x00000000ed52d9f0) 
thrown [s\src\hotspot\share\classfile\systemDictionary.cpp, line 256]
Event: 16.264 Thread 0x0000020740d689b0 Exception <a 'java/lang/ClassNotFoundException'{0x00000000ed535cd0}: java/util/ArraysCustomizer> (0x00000000ed535cd0) 
thrown [s\src\hotspot\share\classfile\systemDictionary.cpp, line 256]
Event: 16.280 Thread 0x0000020740d689b0 Exception <a 'java/lang/ClassNotFoundException'{0x00000000ed5e3ad0}: ProtobufPatchPluginBeanInfo> (0x00000000ed5e3ad0) 
thrown [s\src\hotspot\share\classfile\systemDictionary.cpp, line 256]
Event: 16.282 Thread 0x0000020740d689b0 Exception <a 'java/lang/ClassNotFoundException'{0x00000000ed5ef928}: ProtobufPatchPluginCustomizer> (0x00000000ed5ef928) 
thrown [s\src\hotspot\share\classfile\systemDictionary.cpp, line 256]

VM Operations (20 events):
Event: 14.282 Executing VM operation: HandshakeAllThreads done
Event: 14.339 Executing VM operation: G1CollectForAllocation
Event: 14.352 Executing VM operation: G1CollectForAllocation done
Event: 15.361 Executing VM operation: Cleanup
Event: 15.361 Executing VM operation: Cleanup done
Event: 15.569 Executing VM operation: HandshakeAllThreads
Event: 15.570 Executing VM operation: HandshakeAllThreads done
Event: 15.651 Executing VM operation: HandshakeAllThreads
Event: 15.651 Executing VM operation: HandshakeAllThreads done
Event: 15.679 Executing VM operation: HandshakeAllThreads
Event: 15.679 Executing VM operation: HandshakeAllThreads done
Event: 15.905 Executing VM operation: ICBufferFull
Event: 15.905 Executing VM operation: ICBufferFull done
Event: 16.159 Executing VM operation: ICBufferFull
Event: 16.159 Executing VM operation: ICBufferFull done
Event: 16.228 Executing VM operation: HandshakeAllThreads
Event: 16.228 Executing VM operation: HandshakeAllThreads done
Event: 16.235 Executing VM operation: HandshakeAllThreads
Event: 16.235 Executing VM operation: HandshakeAllThreads done
Event: 17.250 Executing VM operation: Cleanup

Memory protections (0 events):
No events

Nmethod flushes (20 events):
Event: 10.416 Thread 0x00000207255ed4d0 flushing  nmethod 0x00000207128bf590
Event: 10.416 Thread 0x00000207255ed4d0 flushing  nmethod 0x00000207128c3c10
Event: 10.416 Thread 0x00000207255ed4d0 flushing  nmethod 0x00000207128c4190
Event: 10.416 Thread 0x00000207255ed4d0 flushing  nmethod 0x00000207128c4710
Event: 10.416 Thread 0x00000207255ed4d0 flushing  nmethod 0x00000207128c4f10
Event: 10.416 Thread 0x00000207255ed4d0 flushing  nmethod 0x00000207128c6c10
Event: 10.416 Thread 0x00000207255ed4d0 flushing  nmethod 0x00000207128da010
Event: 10.416 Thread 0x00000207255ed4d0 flushing  nmethod 0x00000207128da410
Event: 10.416 Thread 0x00000207255ed4d0 flushing  nmethod 0x00000207128eb410
Event: 10.416 Thread 0x00000207255ed4d0 flushing  nmethod 0x00000207128eb810
Event: 10.416 Thread 0x00000207255ed4d0 flushing  nmethod 0x00000207128f4310
Event: 10.416 Thread 0x00000207255ed4d0 flushing  nmethod 0x00000207128f4e90
Event: 10.417 Thread 0x00000207255ed4d0 flushing  nmethod 0x00000207128f5690
Event: 10.417 Thread 0x00000207255ed4d0 flushing  nmethod 0x00000207128f6110
Event: 10.417 Thread 0x00000207255ed4d0 flushing  nmethod 0x00000207128f7610
Event: 10.417 Thread 0x00000207255ed4d0 flushing  nmethod 0x00000207128f8e90
Event: 10.417 Thread 0x00000207255ed4d0 flushing  nmethod 0x00000207128fd310
Event: 10.417 Thread 0x00000207255ed4d0 flushing  nmethod 0x0000020712900790
Event: 10.417 Thread 0x00000207255ed4d0 flushing  nmethod 0x000002071291bc90
Event: 10.417 Thread 0x00000207255ed4d0 flushing  nmethod 0x0000020712962690

Events (20 events):
Event: 15.773 Thread 0x00000207255ecfb0 Thread added: 0x0000020740d46080
Event: 15.773 Thread 0x0000020740d689b0 Thread added: 0x0000020740252a80
Event: 15.778 Thread 0x0000020740d689b0 Thread added: 0x0000020740252f90
Event: 15.784 Thread 0x0000020740d689b0 Thread added: 0x000002073fa51ec0
Event: 15.787 Thread 0x0000020740d689b0 Thread added: 0x000002073fa52df0
Event: 15.793 Thread 0x0000020740d689b0 Thread added: 0x0000020743864fb0
Event: 15.797 Thread 0x0000020740d689b0 Thread added: 0x0000020743864080
Event: 15.800 Thread 0x0000020740d689b0 Thread added: 0x0000020741951420
Event: 15.825 Thread 0x00000207255ecfb0 Thread added: 0x0000020740d445f0
Event: 15.876 Thread 0x0000020740d689b0 Thread added: 0x0000020741950f10
Event: 15.877 Thread 0x0000020740d689b0 Thread added: 0x000002074194fad0
Event: 15.877 Thread 0x0000020740d689b0 Thread added: 0x00000207419504f0
Event: 15.879 Thread 0x0000020740d689b0 Thread added: 0x000002074194ffe0
Event: 15.880 Thread 0x0000020740d689b0 Thread added: 0x0000020741950a00
Event: 15.881 Thread 0x0000020740d689b0 Thread added: 0x000002073f43b830
Event: 15.882 Thread 0x0000020740d689b0 Thread added: 0x000002073f43a900
Event: 15.883 Thread 0x0000020740d689b0 Thread added: 0x000002074177bca0
Event: 15.884 Thread 0x0000020740d689b0 Thread added: 0x0000020743864590
Event: 15.886 Thread 0x0000020740d689b0 Thread added: 0x0000020743864aa0
Event: 15.887 Thread 0x0000020740d689b0 Thread added: 0x00000207438654c0


Dynamic libraries:
0x00007ff77d7d0000 - 0x00007ff77d7de000 	C:\Program Files\Microsoft\jdk-17.0.15.6-hotspot\bin\java.exe
0x00007ff8dc440000 - 0x00007ff8dc6a7000 	C:\WINDOWS\SYSTEM32\ntdll.dll
0x00007ff8db7d0000 - 0x00007ff8db899000 	C:\WINDOWS\System32\KERNEL32.DLL
0x00007ff8d9bd0000 - 0x00007ff8d9fc1000 	C:\WINDOWS\System32\KERNELBASE.dll
0x00007ff8d9fd0000 - 0x00007ff8da11b000 	C:\WINDOWS\System32\ucrtbase.dll
0x00007ff897430000 - 0x00007ff897447000 	C:\Program Files\Microsoft\jdk-17.0.15.6-hotspot\bin\jli.dll
0x00007ff8b9530000 - 0x00007ff8b954d000 	C:\Program Files\Microsoft\jdk-17.0.15.6-hotspot\bin\VCRUNTIME140.dll
0x00007ff8db410000 - 0x00007ff8db5d5000 	C:\WINDOWS\System32\USER32.dll
0x00007ff8b8ca0000 - 0x00007ff8b8f33000 	C:\WINDOWS\WinSxS\amd64_microsoft.windows.common-controls_6595b64144ccf1df_6.0.26100.7922_none_3e089e1ee3342171\COMCTL32.dll
0x00007ff8d9970000 - 0x00007ff8d9997000 	C:\WINDOWS\System32\win32u.dll
0x00007ff8da2b0000 - 0x00007ff8da359000 	C:\WINDOWS\System32\msvcrt.dll
0x00007ff8dbed0000 - 0x00007ff8dbefb000 	C:\WINDOWS\System32\GDI32.dll
0x00007ff8d97b0000 - 0x00007ff8d98da000 	C:\WINDOWS\System32\gdi32full.dll
0x00007ff8d9b20000 - 0x00007ff8d9bc3000 	C:\WINDOWS\System32\msvcp_win.dll
0x00007ff8da360000 - 0x00007ff8da391000 	C:\WINDOWS\System32\IMM32.DLL
0x00007ff899b90000 - 0x00007ff899b9c000 	C:\Program Files\Microsoft\jdk-17.0.15.6-hotspot\bin\vcruntime140_1.dll
0x00007ff83d120000 - 0x00007ff83d1ad000 	C:\Program Files\Microsoft\jdk-17.0.15.6-hotspot\bin\msvcp140.dll
0x00007ff834070000 - 0x00007ff834ce2000 	C:\Program Files\Microsoft\jdk-17.0.15.6-hotspot\bin\server\jvm.dll
0x00007ff8db220000 - 0x00007ff8db2db000 	C:\WINDOWS\System32\ADVAPI32.dll
0x00007ff8da9f0000 - 0x00007ff8daa97000 	C:\WINDOWS\System32\sechost.dll
0x00007ff8db2e0000 - 0x00007ff8db3f8000 	C:\WINDOWS\System32\RPCRT4.dll
0x00007ff8db740000 - 0x00007ff8db7b4000 	C:\WINDOWS\System32\WS2_32.dll
0x00007ff8d8b80000 - 0x00007ff8d8bde000 	C:\WINDOWS\SYSTEM32\POWRPROF.dll
0x00007ff8c6ef0000 - 0x00007ff8c6efb000 	C:\WINDOWS\SYSTEM32\VERSION.dll
0x00007ff8d0b20000 - 0x00007ff8d0b55000 	C:\WINDOWS\SYSTEM32\WINMM.dll
0x00007ff8d8b60000 - 0x00007ff8d8b74000 	C:\WINDOWS\SYSTEM32\UMPDC.dll
0x00007ff8d7ab0000 - 0x00007ff8d7acb000 	C:\WINDOWS\SYSTEM32\kernel.appcore.dll
0x00007ff897890000 - 0x00007ff89789a000 	C:\Program Files\Microsoft\jdk-17.0.15.6-hotspot\bin\jimage.dll
0x00007ff8d6bc0000 - 0x00007ff8d6e02000 	C:\WINDOWS\SYSTEM32\DBGHELP.DLL
0x00007ff8dbf70000 - 0x00007ff8dc2f2000 	C:\WINDOWS\System32\combase.dll
0x00007ff8dbb90000 - 0x00007ff8dbc67000 	C:\WINDOWS\System32\OLEAUT32.dll
0x00007ff8b6050000 - 0x00007ff8b608b000 	C:\WINDOWS\SYSTEM32\dbgcore.DLL
0x00007ff8d9700000 - 0x00007ff8d97a5000 	C:\WINDOWS\System32\bcryptPrimitives.dll
0x00007ff88e7d0000 - 0x00007ff88e7de000 	C:\Program Files\Microsoft\jdk-17.0.15.6-hotspot\bin\instrument.dll
0x00007ff897400000 - 0x00007ff897425000 	C:\Program Files\Microsoft\jdk-17.0.15.6-hotspot\bin\java.dll
0x00007ff83d040000 - 0x00007ff83d116000 	C:\Program Files\Microsoft\jdk-17.0.15.6-hotspot\bin\jsvml.dll
0x00007ff8daab0000 - 0x00007ff8db20f000 	C:\WINDOWS\System32\SHELL32.dll
0x00007ff8d8d20000 - 0x00007ff8d8e8a000 	C:\WINDOWS\System32\wintypes.dll
0x00007ff8d8e90000 - 0x00007ff8d96f4000 	C:\WINDOWS\System32\windows.storage.dll
0x00007ff8dbdd0000 - 0x00007ff8dbec7000 	C:\WINDOWS\System32\SHCORE.dll
0x00007ff8dbf00000 - 0x00007ff8dbf67000 	C:\WINDOWS\System32\shlwapi.dll
0x00007ff8d8c40000 - 0x00007ff8d8c69000 	C:\WINDOWS\SYSTEM32\profapi.dll
0x00007ff8838b0000 - 0x00007ff8838c8000 	C:\Program Files\Microsoft\jdk-17.0.15.6-hotspot\bin\zip.dll
0x00007ff88a720000 - 0x00007ff88a73a000 	C:\Program Files\Microsoft\jdk-17.0.15.6-hotspot\bin\net.dll
0x00007ff8cda60000 - 0x00007ff8cdb87000 	C:\WINDOWS\SYSTEM32\WINHTTP.dll
0x00007ff8d8020000 - 0x00007ff8d808b000 	C:\WINDOWS\system32\mswsock.dll
0x00007ff88a700000 - 0x00007ff88a716000 	C:\Program Files\Microsoft\jdk-17.0.15.6-hotspot\bin\nio.dll
0x00007ff8976e0000 - 0x00007ff8976f0000 	C:\Program Files\Microsoft\jdk-17.0.15.6-hotspot\bin\verify.dll
0x00007ff886160000 - 0x00007ff886187000 	C:\Users\HP\.gradle\native\c067742578af261105cb4f569cf0c3c89f3d7b1fecec35dd04571415982c5e48\windows-amd64\native-platform.dll
0x00007ff8796e0000 - 0x00007ff879824000 	C:\Users\HP\.gradle\native\100fb08df4bc3b14c8652ba06237920a3bd2aa13389f12d3474272988ae205f9\windows-amd64\native-platform-file-events.dll
0x00007ff894870000 - 0x00007ff89487a000 	C:\Program Files\Microsoft\jdk-17.0.15.6-hotspot\bin\management.dll
0x00007ff893630000 - 0x00007ff89363b000 	C:\Program Files\Microsoft\jdk-17.0.15.6-hotspot\bin\management_ext.dll
0x00007ff8db7c0000 - 0x00007ff8db7c8000 	C:\WINDOWS\System32\PSAPI.DLL
0x00007ff8d8300000 - 0x00007ff8d831b000 	C:\WINDOWS\SYSTEM32\CRYPTSP.dll
0x00007ff8d7a10000 - 0x00007ff8d7a49000 	C:\WINDOWS\system32\rsaenh.dll
0x00007ff8d80d0000 - 0x00007ff8d8102000 	C:\WINDOWS\SYSTEM32\USERENV.dll
0x00007ff8d8c10000 - 0x00007ff8d8c3a000 	C:\WINDOWS\SYSTEM32\bcrypt.dll
0x00007ff8d8320000 - 0x00007ff8d832c000 	C:\WINDOWS\SYSTEM32\CRYPTBASE.dll
0x00007ff8d7470000 - 0x00007ff8d74a3000 	C:\WINDOWS\SYSTEM32\IPHLPAPI.DLL
0x00007ff8daaa0000 - 0x00007ff8daaaa000 	C:\WINDOWS\System32\NSI.dll
0x00007ff8d0ef0000 - 0x00007ff8d0f0d000 	C:\WINDOWS\SYSTEM32\dhcpcsvc6.DLL
0x00007ff8cfb00000 - 0x00007ff8cfb23000 	C:\WINDOWS\SYSTEM32\dhcpcsvc.DLL
0x00007ff8d7500000 - 0x00007ff8d762a000 	C:\WINDOWS\SYSTEM32\DNSAPI.dll
0x00007ff893090000 - 0x00007ff893099000 	C:\Program Files\Microsoft\jdk-17.0.15.6-hotspot\bin\extnet.dll
0x00007ff88de20000 - 0x00007ff88de2e000 	C:\Program Files\Microsoft\jdk-17.0.15.6-hotspot\bin\sunmscapi.dll
0x00007ff8d99a0000 - 0x00007ff8d9b17000 	C:\WINDOWS\System32\CRYPT32.dll
0x00007ff8d8520000 - 0x00007ff8d8550000 	C:\WINDOWS\SYSTEM32\ncrypt.dll
0x00007ff8d84d0000 - 0x00007ff8d850f000 	C:\WINDOWS\SYSTEM32\NTASN1.dll
0x00007ff8c4030000 - 0x00007ff8c4038000 	C:\WINDOWS\system32\wshunix.dll

dbghelp: loaded successfully - version: 4.0.5 - missing functions: none
symbol engine: initialized successfully - sym options: 0x614 - pdb path: .;C:\Program Files\Microsoft\jdk-17.0.15.6-hotspot\bin;C:\WINDOWS\SYSTEM32;C:\WINDOWS\WinSxS\amd64_microsoft.windows.common-controls_6595b64144ccf1df_6.0.26100.7922_none_3e089e1ee3342171;C:\Program Files\Microsoft\jdk-17.0.15.6-hotspot\bin\server;C:\Users\HP\.gradle\native\c067742578af261105cb4f569cf0c3c89f3d7b1fecec35dd04571415982c5e48\windows-amd64;C:\Users\HP\.gradle\native\100fb08df4bc3b14c8652ba06237920a3bd2aa13389f12d3474272988ae205f9\windows-amd64

VM Arguments:
jvm_args: --add-opens=java.base/java.util=ALL-UNNAMED --add-opens=java.base/java.lang=ALL-UNNAMED --add-opens=java.base/java.lang.invoke=ALL-UNNAMED --add-opens=java.prefs/java.util.prefs=ALL-UNNAMED --add-exports=jdk.compiler/com.sun.tools.javac.api=ALL-UNNAMED --add-exports=jdk.compiler/com.sun.tools.javac.util=ALL-UNNAMED --add-opens=java.base/java.nio.charset=ALL-UNNAMED --add-opens=java.base/java.net=ALL-UNNAMED --add-opens=java.base/java.util.concurrent.atomic=ALL-UNNAMED -XX:MaxMetaspaceSize=384m -XX:+HeapDumpOnOutOfMemoryError -Xms256m -Xmx512m -Dfile.encoding=utf8 -Duser.country=IN -Duser.language=en -Duser.variant -javaagent:C:\Users\HP\.gradle\wrapper\dists\gradle-8.9-bin\90cnw93cvbtalezasaz0blq0a\gradle-8.9\lib\agents\gradle-instrumentation-agent-8.9.jar 
java_command: org.gradle.launcher.daemon.bootstrap.GradleDaemon 8.9
java_class_path (initial): C:\Users\HP\.gradle\wrapper\dists\gradle-8.9-bin\90cnw93cvbtalezasaz0blq0a\gradle-8.9\lib\gradle-daemon-main-8.9.jar
Launcher Type: SUN_STANDARD

[Global flags]
     intx CICompilerCount                          = 4                                         {product} {ergonomic}
   size_t CompressedClassSpaceSize                 = 335544320                                 {product} {ergonomic}
     uint ConcGCThreads                            = 3                                         {product} {ergonomic}
     uint G1ConcRefinementThreads                  = 10                                        {product} {ergonomic}
   size_t G1HeapRegionSize                         = 1048576                                   {product} {ergonomic}
    uintx GCDrainStackTargetSize                   = 64                                        {product} {ergonomic}
     bool HeapDumpOnOutOfMemoryError               = true                                   {manageable} {command line}
   size_t InitialHeapSize                          = 268435456                                 {product} {command line}
   size_t MarkStackSize                            = 4194304                                   {product} {ergonomic}
   size_t MaxHeapSize                              = 536870912                                 {product} {command line}
   size_t MaxMetaspaceSize                         = 402653184                                 {product} {command line}
   size_t MaxNewSize                               = 321912832                                 {product} {ergonomic}
   size_t MinHeapDeltaBytes                        = 1048576                                   {product} {ergonomic}
   size_t MinHeapSize                              = 268435456                                 {product} {command line}
    uintx NonNMethodCodeHeapSize                   = 5839372                                {pd product} {ergonomic}
    uintx NonProfiledCodeHeapSize                  = 122909434                              {pd product} {ergonomic}
    uintx ProfiledCodeHeapSize                     = 122909434                              {pd product} {ergonomic}
    uintx ReservedCodeCacheSize                    = 251658240                              {pd product} {ergonomic}
     bool SegmentedCodeCache                       = true                                      {product} {ergonomic}
   size_t SoftMaxHeapSize                          = 536870912                              {manageable} {ergonomic}
     bool UseCompressedClassPointers               = true                           {product lp64_product} {ergonomic}
     bool UseCompressedOops                        = true                           {product lp64_product} {ergonomic}
     bool UseG1GC                                  = true                                      {product} {ergonomic}
     bool UseLargePagesIndividualAllocation        = false                                  {pd product} {ergonomic}

Logging:
Log output configuration:
 #0: stdout all=warning uptime,level,tags
 #1: stderr all=off uptime,level,tags

Environment Variables:
JAVA_HOME=C:\Program Files\Microsoft\jdk-17.0.15.6-hotspot
PATH=C:\Users\HP\AppData\Local\Programs\Microsoft VS Code;C:\Program Files\Microsoft\jdk-17.0.15.6-hotspot\bin;C:\WINDOWS\system32;C:\WINDOWS;C:\WINDOWS\System32\Wbem;C:\WINDOWS\System32\WindowsPowerShell\v1.0\;C:\WINDOWS\System32\OpenSSH\;C:\Program Files\Git\cmd;C:\Program Files\dotnet\;C:\ProgramData\chocolatey\bin;C:\Users\HP\AppData\Local\Android\Sdk\platform-tools;C:\Users\HP\AppData\Local\Android\Sdk;C:\Users\HP\AppData\Local\Android\Sdk\emulator;;C:\Program Files\Docker\Docker\resources\bin;C:\Program Files\PuTTY\;C:\Program Files\nodejs\;C:\Program Files\MySQL\MySQL Shell 8.0\bin\;C:\Users\HP\AppData\Local\Microsoft\WindowsApps;C:\Users\HP\AppData\Local\Programs\Microsoft VS Code\bin;C:\Users\HP\AppData\Local\Android\Sdk\platform-tools;C:\Users\HP\AppData\Local\Android\Sdk;C:\Users\HP\AppData\Local\Android\Sdk\emulator;C:\Users\HP\AppData\Roaming\npm
USERNAME=HP
OS=Windows_NT
PROCESSOR_IDENTIFIER=Intel64 Family 6 Model 154 Stepping 4, GenuineIntel
TMP=C:\Users\HP\AppData\Local\Temp
TEMP=C:\Users\HP\AppData\Local\Temp



Periodic native trim disabled


---------------  S Y S T E M  ---------------

OS:
 Windows 11 , 64 bit Build 26100 (10.0.26100.7920)
OS uptime: 13 days 22:23 hours
Hyper-V role detected

CPU: total 12 (initial active 12) (6 cores per cpu, 2 threads per core) family 6 model 154 stepping 4 microcode 0x432, cx8, cmov, fxsr, ht, mmx, 3dnowpref, sse, sse2, sse3, ssse3, sse4.1, sse4.2, popcnt, lzcnt, tsc, tscinvbit, avx, avx2, aes, erms, clmul, bmi1, bmi2, adx, sha, fma, vzeroupper, clflush, clflushopt, clwb, hv
Processor Information for processor 0
  Max Mhz: 1300, Current Mhz: 1300, Mhz Limit: 1300
Processor Information for processor 1
  Max Mhz: 1300, Current Mhz: 1300, Mhz Limit: 1300
Processor Information for processor 2
  Max Mhz: 1300, Current Mhz: 1300, Mhz Limit: 1300
Processor Information for processor 3
  Max Mhz: 1300, Current Mhz: 1300, Mhz Limit: 1300
Processor Information for processor 4
  Max Mhz: 1300, Current Mhz: 900, Mhz Limit: 897
Processor Information for processor 5
  Max Mhz: 1300, Current Mhz: 900, Mhz Limit: 897
Processor Information for processor 6
  Max Mhz: 1300, Current Mhz: 900, Mhz Limit: 897
Processor Information for processor 7
  Max Mhz: 1300, Current Mhz: 900, Mhz Limit: 897
Processor Information for processor 8
  Max Mhz: 1300, Current Mhz: 900, Mhz Limit: 897
Processor Information for processor 9
  Max Mhz: 1300, Current Mhz: 900, Mhz Limit: 897
Processor Information for processor 10
  Max Mhz: 1300, Current Mhz: 900, Mhz Limit: 897
Processor Information for processor 11
  Max Mhz: 1300, Current Mhz: 900, Mhz Limit: 897

Memory: 4k page, system-wide physical 7835M (595M free)
TotalPageFile size 31387M (AvailPageFile size 0M)
current process WorkingSet (physical memory assigned to process): 388M, peak: 388M
current process commit charge ("private bytes"): 489M, peak: 490M

vm_info: OpenJDK 64-Bit Server VM (17.0.15+6-LTS) for windows-amd64 JRE (17.0.15+6-LTS), built on Apr  9 2025 22:27:25 by "MicrosoftCorporation" with unknown MS VC++:1939

END.
