#
# There is insufficient memory for the Java Runtime Environment to continue.
# Native memory allocation (malloc) failed to allocate 1881616 bytes. Error detail: Chunk::new
# Possible reasons:
#   The system is out of physical RAM or swap space
#   This process is running with CompressedOops enabled, and the Java Heap may be blocking the growth of the native heap
# Possible solutions:
#   Reduce memory load on the system
#   Increase physical memory or swap space
#   Check if swap backing store is full
#   Decrease Java heap size (-Xmx/-Xms)
#   Decrease number of Java threads
#   Decrease Java thread stack sizes (-Xss)
#   Set larger code cache with -XX:ReservedCodeCacheSize=
#   JVM is running with Unscaled Compressed Oops mode in which the Java heap is
#     placed in the first 4GB address space. The Java Heap base address is the
#     maximum limit for the native heap growth. Please use -XX:HeapBaseMinAddress
#     to set the Java Heap base and to place the Java Heap above 4GB virtual address.
# This output file may be truncated or incomplete.
#
#  Out of Memory Error (arena.cpp:191), pid=23796, tid=19360
#
# JRE version: OpenJDK Runtime Environment Microsoft-11369865 (17.0.15+6) (build 17.0.15+6-LTS)
# Java VM: OpenJDK 64-Bit Server VM Microsoft-11369865 (17.0.15+6-LTS, mixed mode, sharing, tiered, compressed oops, compressed class ptrs, g1 gc, windows-amd64)
# No core dump will be written. Minidumps are not enabled by default on client versions of Windows
#

---------------  S U M M A R Y ------------

Command Line: --add-opens=java.base/java.util=ALL-UNNAMED --add-opens=java.base/java.lang=ALL-UNNAMED --add-opens=java.base/java.lang.invoke=ALL-UNNAMED --add-opens=java.prefs/java.util.prefs=ALL-UNNAMED --add-exports=jdk.compiler/com.sun.tools.javac.api=ALL-UNNAMED --add-exports=jdk.compiler/com.sun.tools.javac.util=ALL-UNNAMED --add-opens=java.base/java.nio.charset=ALL-UNNAMED --add-opens=java.base/java.net=ALL-UNNAMED --add-opens=java.base/java.util.concurrent.atomic=ALL-UNNAMED -XX:MaxMetaspaceSize=384m -XX:+HeapDumpOnOutOfMemoryError -Xms256m -Xmx512m -Dfile.encoding=utf8 -Duser.country=IN -Duser.language=en -Duser.variant -javaagent:C:\Users\HP\.gradle\wrapper\dists\gradle-8.9-bin\90cnw93cvbtalezasaz0blq0a\gradle-8.9\lib\agents\gradle-instrumentation-agent-8.9.jar org.gradle.launcher.daemon.bootstrap.GradleDaemon 8.9

Host: 12th Gen Intel(R) Core(TM) i5-1235U, 12 cores, 7G,  Windows 11 , 64 bit Build 26100 (10.0.26100.7920)
Time: Thu Mar 26 11:11:22 2026 India Standard Time elapsed time: 48.582211 seconds (0d 0h 0m 48s)

---------------  T H R E A D  ---------------

Current thread (0x0000028820b21c80):  JavaThread "C2 CompilerThread0" daemon [_thread_in_native, id=19360, stack(0x000000a492c00000,0x000000a492d00000)]


Current CompileTask:
C2:  48582 12298   !   4       com.google.common.reflect.TypeVisitor::visit (225 bytes)

Stack: [0x000000a492c00000,0x000000a492d00000]
Native frames: (J=compiled Java code, j=interpreted, Vv=VM code, C=native code)
V  [jvm.dll+0x6887a9]
V  [jvm.dll+0x83f5a8]
V  [jvm.dll+0x841053]
V  [jvm.dll+0x8416c3]
V  [jvm.dll+0x2496ef]
V  [jvm.dll+0xad134]
V  [jvm.dll+0xad7cc]
V  [jvm.dll+0x36aedf]
V  [jvm.dll+0x335513]
V  [jvm.dll+0x3349aa]
V  [jvm.dll+0x21a908]
V  [jvm.dll+0x219d3f]
V  [jvm.dll+0x1a55f6]
V  [jvm.dll+0x22a39a]
V  [jvm.dll+0x2284db]
V  [jvm.dll+0x7f4e28]
V  [jvm.dll+0x7ef2dc]
V  [jvm.dll+0x687687]
C  [ucrtbase.dll+0x37b0]
C  [KERNEL32.DLL+0x2e8d7]
C  [ntdll.dll+0x8c48c]


---------------  P R O C E S S  ---------------

Threads class SMR info:
_java_thread_list=0x00000288408d9960, length=82, elements={
0x0000028805abc620, 0x0000028820aebcf0, 0x0000028820aed330, 0x0000028820b05850,
0x0000028820b08130, 0x0000028820b0b580, 0x0000028820b0cf20, 0x0000028820b21c80,
0x0000028820b281c0, 0x0000028820b0fcb0, 0x0000028820b0d940, 0x0000028820b0e870,
0x0000028820b0ed80, 0x0000028820b0d430, 0x0000028820b0f290, 0x0000028820b0f7a0,
0x000002883be38570, 0x000002883be3adf0, 0x000002883be38a80, 0x000002883be399b0,
0x000002883be3a3d0, 0x000002883be3b810, 0x000002883be38060, 0x000002883be3f4d0,
0x000002883be3e090, 0x000002883be3eab0, 0x000002883be3f9e0, 0x000002883be3cc50,
0x000002883be3db80, 0x000002883ee08df0, 0x000002883ee09300, 0x000002883ee0a740,
0x000002883ee09810, 0x000002883ee0ac50, 0x000002883ee07ec0, 0x000002883ea28f70,
0x0000028820b101c0, 0x000002883c473040, 0x000002883ea29990, 0x000002883ea29480,
0x000002883ea2add0, 0x000002883ea2b7f0, 0x000002883ea28550, 0x000002883ea28040,
0x000002883ea28a60, 0x000002883ea2bd00, 0x000002883ea2a8c0, 0x000002883ea2c210,
0x000002883ea2c720, 0x000002883ea2d140, 0x000002883ea2d650, 0x000002883ea29ea0,
0x000002883ea2db60, 0x000002883ea2a3b0, 0x000002883ea2e070, 0x000002883ea2e580,
0x000002883ea2ea90, 0x000002883ea2efa0, 0x000002883ea2f4b0, 0x000002883c474480,
0x000002883c475dd0, 0x000002883c4767f0, 0x000002883c473f70, 0x000002883c4758c0,
0x000002883c477210, 0x000002883c476d00, 0x000002883c473a60, 0x000002883c477720,
0x000002883c477c30, 0x000002883c478650, 0x000002883c474ea0, 0x000002883c478b60,
0x000002883c4753b0, 0x000002883c479a90, 0x000002883c479fa0, 0x000002883c479070,
0x000002883c479580, 0x000002883c47a4b0, 0x000002883c47a9c0, 0x000002883ee09d20,
0x000002883ee074a0, 0x000002883f034b70
}

Java Threads: ( => current thread )
  0x0000028805abc620 JavaThread "main" [_thread_blocked, id=29332, stack(0x000000a491f00000,0x000000a492000000)]
  0x0000028820aebcf0 JavaThread "Reference Handler" daemon [_thread_blocked, id=19264, stack(0x000000a492600000,0x000000a492700000)]
  0x0000028820aed330 JavaThread "Finalizer" daemon [_thread_blocked, id=33796, stack(0x000000a492700000,0x000000a492800000)]
  0x0000028820b05850 JavaThread "Signal Dispatcher" daemon [_thread_blocked, id=30964, stack(0x000000a492800000,0x000000a492900000)]
  0x0000028820b08130 JavaThread "Attach Listener" daemon [_thread_blocked, id=34784, stack(0x000000a492900000,0x000000a492a00000)]
  0x0000028820b0b580 JavaThread "Service Thread" daemon [_thread_blocked, id=32068, stack(0x000000a492a00000,0x000000a492b00000)]
  0x0000028820b0cf20 JavaThread "Monitor Deflation Thread" daemon [_thread_blocked, id=2496, stack(0x000000a492b00000,0x000000a492c00000)]
=>0x0000028820b21c80 JavaThread "C2 CompilerThread0" daemon [_thread_in_native, id=19360, stack(0x000000a492c00000,0x000000a492d00000)]
  0x0000028820b281c0 JavaThread "C1 CompilerThread0" daemon [_thread_blocked, id=11412, stack(0x000000a492d00000,0x000000a492e00000)]
  0x0000028820b0fcb0 JavaThread "Sweeper thread" daemon [_thread_blocked, id=18056, stack(0x000000a492e00000,0x000000a492f00000)]
  0x0000028820b0d940 JavaThread "Common-Cleaner" daemon [_thread_blocked, id=33208, stack(0x000000a492f00000,0x000000a493000000)]
  0x0000028820b0e870 JavaThread "Notification Thread" daemon [_thread_blocked, id=32608, stack(0x000000a493000000,0x000000a493100000)]
  0x0000028820b0ed80 JavaThread "Daemon health stats" [_thread_blocked, id=12032, stack(0x000000a493200000,0x000000a493300000)]
  0x0000028820b0d430 JavaThread "Incoming local TCP Connector on port 60697" [_thread_in_native, id=34744, stack(0x000000a493300000,0x000000a493400000)]
  0x0000028820b0f290 JavaThread "Daemon periodic checks" [_thread_blocked, id=28728, stack(0x000000a493900000,0x000000a493a00000)]
  0x0000028820b0f7a0 JavaThread "Daemon" [_thread_blocked, id=33032, stack(0x000000a493a00000,0x000000a493b00000)]
  0x000002883be38570 JavaThread "Daemon worker" [_thread_in_Java, id=21500, stack(0x000000a493d00000,0x000000a493e00000)]
  0x000002883be3adf0 JavaThread "Cache worker for journal cache (C:\Users\HP\.gradle\caches\journal-1)" [_thread_blocked, id=18852, stack(0x000000a494200000,0x000000a494300000)]
  0x000002883be38a80 JavaThread "File lock request listener" [_thread_in_native, id=25868, stack(0x000000a494300000,0x000000a494400000)]
  0x000002883be399b0 JavaThread "Cache worker for file hash cache (C:\Users\HP\.gradle\caches\8.9\fileHashes)" [_thread_blocked, id=28408, stack(0x000000a494400000,0x000000a494500000)]
  0x000002883be3a3d0 JavaThread "File watcher server" daemon [_thread_in_native, id=10636, stack(0x000000a494d00000,0x000000a494e00000)]
  0x000002883be3b810 JavaThread "File watcher consumer" daemon [_thread_blocked, id=11676, stack(0x000000a494e00000,0x000000a494f00000)]
  0x000002883be38060 JavaThread "jar transforms" [_thread_blocked, id=16072, stack(0x000000a494f00000,0x000000a495000000)]
  0x000002883be3f4d0 JavaThread "jar transforms Thread 2" [_thread_blocked, id=33156, stack(0x000000a495000000,0x000000a495100000)]
  0x000002883be3e090 JavaThread "jar transforms Thread 3" [_thread_blocked, id=33052, stack(0x000000a495100000,0x000000a495200000)]
  0x000002883be3eab0 JavaThread "Cache worker for file content cache (C:\Users\HP\.gradle\caches\8.9\fileContent)" [_thread_blocked, id=32016, stack(0x000000a495400000,0x000000a495500000)]
  0x000002883be3f9e0 JavaThread "jar transforms Thread 4" [_thread_blocked, id=32236, stack(0x000000a495700000,0x000000a495800000)]
  0x000002883be3cc50 JavaThread "jar transforms Thread 5" [_thread_blocked, id=15132, stack(0x000000a495800000,0x000000a495900000)]
  0x000002883be3db80 JavaThread "jar transforms Thread 6" [_thread_blocked, id=31992, stack(0x000000a495a00000,0x000000a495b00000)]
  0x000002883ee08df0 JavaThread "jar transforms Thread 7" [_thread_blocked, id=29068, stack(0x000000a495b00000,0x000000a495c00000)]
  0x000002883ee09300 JavaThread "jar transforms Thread 8" [_thread_blocked, id=32116, stack(0x000000a495c00000,0x000000a495d00000)]
  0x000002883ee0a740 JavaThread "jar transforms Thread 9" [_thread_blocked, id=19888, stack(0x000000a495d00000,0x000000a495e00000)]
  0x000002883ee09810 JavaThread "jar transforms Thread 10" [_thread_blocked, id=27580, stack(0x000000a495e00000,0x000000a495f00000)]
  0x000002883ee0ac50 JavaThread "jar transforms Thread 11" [_thread_blocked, id=32064, stack(0x000000a495f00000,0x000000a496000000)]
  0x000002883ee07ec0 JavaThread "jar transforms Thread 12" [_thread_blocked, id=29784, stack(0x000000a496000000,0x000000a496100000)]
  0x000002883ea28f70 JavaThread "VFS cleanup" [_thread_blocked, id=13660, stack(0x000000a493e00000,0x000000a493f00000)]
  0x0000028820b101c0 JavaThread "Memory manager" [_thread_blocked, id=32188, stack(0x000000a498300000,0x000000a498400000)]
  0x000002883c473040 JavaThread "File lock release action executor" [_thread_blocked, id=7140, stack(0x000000a493b00000,0x000000a493c00000)]
  0x000002883ea29990 JavaThread "Handler for socket connection from /127.0.0.1:60697 to /127.0.0.1:58381" [_thread_in_native, id=6760, stack(0x000000a494000000,0x000000a494100000)]
  0x000002883ea29480 JavaThread "Cancel handler" [_thread_blocked, id=33212, stack(0x000000a494100000,0x000000a494200000)]
  0x000002883ea2add0 JavaThread "Asynchronous log dispatcher for DefaultDaemonConnection: socket connection from /127.0.0.1:60697 to /127.0.0.1:58381" [_thread_blocked, id=22260, stack(0x000000a494500000,0x000000a494600000)]
  0x000002883ea2b7f0 JavaThread "Stdin handler" [_thread_blocked, id=25036, stack(0x000000a494600000,0x000000a494700000)]
  0x000002883ea28550 JavaThread "Daemon client event forwarder" [_thread_blocked, id=32316, stack(0x000000a495200000,0x000000a495300000)]
  0x000002883ea28040 JavaThread "Cache worker for file hash cache (D:\Parkitdemo\Updated-Sundukpay\node_modules\react-native-webview\android\.gradle\8.9\fileHashes)" [_thread_blocked, id=29072, stack(0x000000a495300000,0x000000a495400000)]
  0x000002883ea28a60 JavaThread "Cache worker for Build Output Cleanup Cache (D:\Parkitdemo\Updated-Sundukpay\node_modules\react-native-webview\android\.gradle\buildOutputCleanup)" [_thread_blocked, id=13212, stack(0x000000a495500000,0x000000a495600000)]
  0x000002883ea2bd00 JavaThread "Cache worker for checksums cache (D:\Parkitdemo\Updated-Sundukpay\node_modules\react-native-webview\android\.gradle\8.9\checksums)" [_thread_blocked, id=34780, stack(0x000000a495600000,0x000000a495700000)]
  0x000002883ea2a8c0 JavaThread "Cache worker for cache directory md-rule (C:\Users\HP\.gradle\caches\8.9\md-rule)" [_thread_blocked, id=15184, stack(0x000000a496100000,0x000000a496200000)]
  0x000002883ea2c210 JavaThread "Cache worker for cache directory md-supplier (C:\Users\HP\.gradle\caches\8.9\md-supplier)" [_thread_blocked, id=32292, stack(0x000000a496200000,0x000000a496300000)]
  0x000002883ea2c720 JavaThread "Unconstrained build operations" [_thread_blocked, id=27396, stack(0x000000a496400000,0x000000a496500000)]
  0x000002883ea2d140 JavaThread "Unconstrained build operations Thread 2" [_thread_blocked, id=18088, stack(0x000000a496500000,0x000000a496600000)]
  0x000002883ea2d650 JavaThread "Unconstrained build operations Thread 3" [_thread_blocked, id=33820, stack(0x000000a496600000,0x000000a496700000)]
  0x000002883ea29ea0 JavaThread "Unconstrained build operations Thread 4" [_thread_blocked, id=22420, stack(0x000000a496700000,0x000000a496800000)]
  0x000002883ea2db60 JavaThread "Unconstrained build operations Thread 5" [_thread_blocked, id=19252, stack(0x000000a496800000,0x000000a496900000)]
  0x000002883ea2a3b0 JavaThread "Unconstrained build operations Thread 6" [_thread_blocked, id=24012, stack(0x000000a496900000,0x000000a496a00000)]
  0x000002883ea2e070 JavaThread "Unconstrained build operations Thread 7" [_thread_blocked, id=27264, stack(0x000000a496a00000,0x000000a496b00000)]
  0x000002883ea2e580 JavaThread "Unconstrained build operations Thread 8" [_thread_blocked, id=26536, stack(0x000000a496b00000,0x000000a496c00000)]
  0x000002883ea2ea90 JavaThread "Unconstrained build operations Thread 9" [_thread_blocked, id=12120, stack(0x000000a496c00000,0x000000a496d00000)]
  0x000002883ea2efa0 JavaThread "Unconstrained build operations Thread 10" [_thread_blocked, id=5352, stack(0x000000a496d00000,0x000000a496e00000)]
  0x000002883ea2f4b0 JavaThread "Unconstrained build operations Thread 11" [_thread_blocked, id=32660, stack(0x000000a496e00000,0x000000a496f00000)]
  0x000002883c474480 JavaThread "Unconstrained build operations Thread 12" [_thread_blocked, id=19816, stack(0x000000a496f00000,0x000000a497000000)]
  0x000002883c475dd0 JavaThread "Unconstrained build operations Thread 13" [_thread_blocked, id=26000, stack(0x000000a497000000,0x000000a497100000)]
  0x000002883c4767f0 JavaThread "Unconstrained build operations Thread 14" [_thread_blocked, id=32172, stack(0x000000a497100000,0x000000a497200000)]
  0x000002883c473f70 JavaThread "Unconstrained build operations Thread 15" [_thread_blocked, id=8988, stack(0x000000a497200000,0x000000a497300000)]
  0x000002883c4758c0 JavaThread "Unconstrained build operations Thread 16" [_thread_blocked, id=2200, stack(0x000000a497300000,0x000000a497400000)]
  0x000002883c477210 JavaThread "Unconstrained build operations Thread 17" [_thread_blocked, id=24596, stack(0x000000a497400000,0x000000a497500000)]
  0x000002883c476d00 JavaThread "Unconstrained build operations Thread 18" [_thread_blocked, id=1840, stack(0x000000a497500000,0x000000a497600000)]
  0x000002883c473a60 JavaThread "Unconstrained build operations Thread 19" [_thread_blocked, id=31816, stack(0x000000a497600000,0x000000a497700000)]
  0x000002883c477720 JavaThread "Unconstrained build operations Thread 20" [_thread_blocked, id=15744, stack(0x000000a497700000,0x000000a497800000)]
  0x000002883c477c30 JavaThread "Unconstrained build operations Thread 21" [_thread_blocked, id=15824, stack(0x000000a497800000,0x000000a497900000)]
  0x000002883c478650 JavaThread "Unconstrained build operations Thread 22" [_thread_blocked, id=11232, stack(0x000000a497900000,0x000000a497a00000)]
  0x000002883c474ea0 JavaThread "Unconstrained build operations Thread 23" [_thread_blocked, id=28300, stack(0x000000a497a00000,0x000000a497b00000)]
  0x000002883c478b60 JavaThread "Unconstrained build operations Thread 24" [_thread_blocked, id=10104, stack(0x000000a497b00000,0x000000a497c00000)]
  0x000002883c4753b0 JavaThread "Unconstrained build operations Thread 25" [_thread_blocked, id=20616, stack(0x000000a497c00000,0x000000a497d00000)]
  0x000002883c479a90 JavaThread "Unconstrained build operations Thread 26" [_thread_blocked, id=6172, stack(0x000000a497d00000,0x000000a497e00000)]
  0x000002883c479fa0 JavaThread "Unconstrained build operations Thread 27" [_thread_blocked, id=17456, stack(0x000000a497e00000,0x000000a497f00000)]
  0x000002883c479070 JavaThread "Unconstrained build operations Thread 28" [_thread_blocked, id=18544, stack(0x000000a497f00000,0x000000a498000000)]
  0x000002883c479580 JavaThread "Unconstrained build operations Thread 29" [_thread_blocked, id=26164, stack(0x000000a498000000,0x000000a498100000)]
  0x000002883c47a4b0 JavaThread "Unconstrained build operations Thread 30" [_thread_blocked, id=12448, stack(0x000000a498100000,0x000000a498200000)]
  0x000002883c47a9c0 JavaThread "Unconstrained build operations Thread 31" [_thread_blocked, id=15264, stack(0x000000a498200000,0x000000a498300000)]
  0x000002883ee09d20 JavaThread "Unconstrained build operations Thread 32" [_thread_blocked, id=19204, stack(0x000000a498400000,0x000000a498500000)]
  0x000002883ee074a0 JavaThread "Unconstrained build operations Thread 33" [_thread_blocked, id=17308, stack(0x000000a498500000,0x000000a498600000)]
  0x000002883f034b70 JavaThread "C2 CompilerThread1" daemon [_thread_in_native, id=15236, stack(0x000000a496300000,0x000000a496400000)]

Other Threads:
  0x0000028820ae6d60 VMThread "VM Thread" [stack: 0x000000a492500000,0x000000a492600000] [id=18664]
  0x0000028805abd5c0 WatcherThread [stack: 0x000000a493100000,0x000000a493200000] [id=32148]
  0x0000028805aeb400 GCTaskThread "GC Thread#0" [stack: 0x000000a492000000,0x000000a492100000] [id=2088]
  0x000002883a00fb10 GCTaskThread "GC Thread#1" [stack: 0x000000a493400000,0x000000a493500000] [id=3652]
  0x000002883a00fdd0 GCTaskThread "GC Thread#2" [stack: 0x000000a493500000,0x000000a493600000] [id=31780]
  0x000002883a00d170 GCTaskThread "GC Thread#3" [stack: 0x000000a493600000,0x000000a493700000] [id=32964]
  0x000002883a5671b0 GCTaskThread "GC Thread#4" [stack: 0x000000a493700000,0x000000a493800000] [id=15332]
  0x000002883a567470 GCTaskThread "GC Thread#5" [stack: 0x000000a493800000,0x000000a493900000] [id=9896]
  0x000002883c63fb70 GCTaskThread "GC Thread#6" [stack: 0x000000a494700000,0x000000a494800000] [id=34456]
  0x000002883c6403b0 GCTaskThread "GC Thread#7" [stack: 0x000000a494800000,0x000000a494900000] [id=27428]
  0x000002883c63f5f0 GCTaskThread "GC Thread#8" [stack: 0x000000a494900000,0x000000a494a00000] [id=33344]
  0x000002883c63f8b0 GCTaskThread "GC Thread#9" [stack: 0x000000a494a00000,0x000000a494b00000] [id=2912]
  0x0000028805af0260 ConcurrentGCThread "G1 Main Marker" [stack: 0x000000a492100000,0x000000a492200000] [id=10960]
  0x0000028805af1860 ConcurrentGCThread "G1 Conc#0" [stack: 0x000000a492200000,0x000000a492300000] [id=21428]
  0x000002883c6400f0 ConcurrentGCThread "G1 Conc#1" [stack: 0x000000a494b00000,0x000000a494c00000] [id=2392]
  0x000002883c640670 ConcurrentGCThread "G1 Conc#2" [stack: 0x000000a494c00000,0x000000a494d00000] [id=14144]
  0x00000288209a69f0 ConcurrentGCThread "G1 Refine#0" [stack: 0x000000a492300000,0x000000a492400000] [id=21792]
  0x000002883c36b050 ConcurrentGCThread "G1 Refine#1" [stack: 0x000000a495900000,0x000000a495a00000] [id=32196]
  0x00000288209a80e0 ConcurrentGCThread "G1 Service" [stack: 0x000000a492400000,0x000000a492500000] [id=3668]

Threads with active compile tasks:
C2 CompilerThread0    48644 12298   !   4       com.google.common.reflect.TypeVisitor::visit (225 bytes)
C2 CompilerThread1    48644 12345       4       java.lang.AbstractStringBuilder::append (55 bytes)

VM state: not at safepoint (normal execution)

VM Mutex/Monitor currently owned by a thread: None

Heap address: 0x00000000e0000000, size: 512 MB, Compressed Oops mode: 32-bit

CDS archive(s) mapped at: [0x0000028821000000-0x0000028821bb0000-0x0000028821bb0000), size 12255232, SharedBaseAddress: 0x0000028821000000, ArchiveRelocationMode: 1.
Compressed class space mapped at: 0x0000028822000000-0x0000028836000000, reserved size: 335544320
Narrow klass base: 0x0000028821000000, Narrow klass shift: 0, Narrow klass range: 0x100000000

GC Precious Log:
 CPUs: 12 total, 12 available
 Memory: 7835M
 Large Page Support: Disabled
 NUMA Support: Disabled
 Compressed Oops: Enabled (32-bit)
 Heap Region Size: 1M
 Heap Min Capacity: 256M
 Heap Initial Capacity: 256M
 Heap Max Capacity: 512M
 Pre-touch: Disabled
 Parallel Workers: 10
 Concurrent Workers: 3
 Concurrent Refinement Workers: 10
 Periodic GC: Disabled

Heap:
 garbage-first heap   total 262144K, used 148300K [0x00000000e0000000, 0x0000000100000000)
  region size 1024K, 12 young (12288K), 2 survivors (2048K)
 Metaspace       used 94014K, committed 94912K, reserved 458752K
  class space    used 12435K, committed 12864K, reserved 327680K

Heap Regions: E=young(eden), S=young(survivor), O=old, HS=humongous(starts), HC=humongous(continues), CS=collection set, F=free, OA=open archive, CA=closed archive, TAMS=top-at-mark-start (previous, next)
|   0|0x00000000e0000000, 0x00000000e0100000, 0x00000000e0100000|100%|HS|  |TAMS 0x00000000e0100000, 0x00000000e0000000| Complete 
|   1|0x00000000e0100000, 0x00000000e0200000, 0x00000000e0200000|100%|HC|  |TAMS 0x00000000e0200000, 0x00000000e0100000| Complete 
|   2|0x00000000e0200000, 0x00000000e0300000, 0x00000000e0300000|100%|HC|  |TAMS 0x00000000e0300000, 0x00000000e0200000| Complete 
|   3|0x00000000e0300000, 0x00000000e0400000, 0x00000000e0400000|100%|HC|  |TAMS 0x00000000e0400000, 0x00000000e0300000| Complete 
|   4|0x00000000e0400000, 0x00000000e0500000, 0x00000000e0500000|100%| O|  |TAMS 0x00000000e0500000, 0x00000000e0400000| Untracked 
|   5|0x00000000e0500000, 0x00000000e0600000, 0x00000000e0600000|100%| O|  |TAMS 0x00000000e0600000, 0x00000000e0500000| Untracked 
|   6|0x00000000e0600000, 0x00000000e0700000, 0x00000000e0700000|100%| O|  |TAMS 0x00000000e0700000, 0x00000000e0600000| Untracked 
|   7|0x00000000e0700000, 0x00000000e0800000, 0x00000000e0800000|100%| O|  |TAMS 0x00000000e0800000, 0x00000000e0700000| Untracked 
|   8|0x00000000e0800000, 0x00000000e0900000, 0x00000000e0900000|100%| O|  |TAMS 0x00000000e0900000, 0x00000000e0800000| Untracked 
|   9|0x00000000e0900000, 0x00000000e0a00000, 0x00000000e0a00000|100%| O|  |TAMS 0x00000000e0a00000, 0x00000000e0900000| Untracked 
|  10|0x00000000e0a00000, 0x00000000e0b00000, 0x00000000e0b00000|100%| O|  |TAMS 0x00000000e0b00000, 0x00000000e0a00000| Untracked 
|  11|0x00000000e0b00000, 0x00000000e0c00000, 0x00000000e0c00000|100%|HS|  |TAMS 0x00000000e0c00000, 0x00000000e0b00000| Complete 
|  12|0x00000000e0c00000, 0x00000000e0d00000, 0x00000000e0d00000|100%| O|  |TAMS 0x00000000e0d00000, 0x00000000e0c00000| Untracked 
|  13|0x00000000e0d00000, 0x00000000e0e00000, 0x00000000e0e00000|100%| O|  |TAMS 0x00000000e0e00000, 0x00000000e0d00000| Untracked 
|  14|0x00000000e0e00000, 0x00000000e0f00000, 0x00000000e0f00000|100%| O|  |TAMS 0x00000000e0f00000, 0x00000000e0e00000| Untracked 
|  15|0x00000000e0f00000, 0x00000000e1000000, 0x00000000e1000000|100%| O|  |TAMS 0x00000000e1000000, 0x00000000e0f00000| Untracked 
|  16|0x00000000e1000000, 0x00000000e1100000, 0x00000000e1100000|100%| O|  |TAMS 0x00000000e1100000, 0x00000000e1000000| Untracked 
|  17|0x00000000e1100000, 0x00000000e1200000, 0x00000000e1200000|100%| O|  |TAMS 0x00000000e1200000, 0x00000000e1100000| Untracked 
|  18|0x00000000e1200000, 0x00000000e1300000, 0x00000000e1300000|100%| O|  |TAMS 0x00000000e1300000, 0x00000000e1200000| Untracked 
|  19|0x00000000e1300000, 0x00000000e1400000, 0x00000000e1400000|100%| O|  |TAMS 0x00000000e1400000, 0x00000000e1300000| Untracked 
|  20|0x00000000e1400000, 0x00000000e1500000, 0x00000000e1500000|100%| O|  |TAMS 0x00000000e1500000, 0x00000000e1400000| Untracked 
|  21|0x00000000e1500000, 0x00000000e1600000, 0x00000000e1600000|100%| O|  |TAMS 0x00000000e1600000, 0x00000000e1500000| Untracked 
|  22|0x00000000e1600000, 0x00000000e1700000, 0x00000000e1700000|100%| O|  |TAMS 0x00000000e1700000, 0x00000000e1600000| Untracked 
|  23|0x00000000e1700000, 0x00000000e1800000, 0x00000000e1800000|100%| O|  |TAMS 0x00000000e1800000, 0x00000000e1700000| Untracked 
|  24|0x00000000e1800000, 0x00000000e1900000, 0x00000000e1900000|100%|HS|  |TAMS 0x00000000e1900000, 0x00000000e1800000| Complete 
|  25|0x00000000e1900000, 0x00000000e1a00000, 0x00000000e1a00000|100%|HC|  |TAMS 0x00000000e1a00000, 0x00000000e1900000| Complete 
|  26|0x00000000e1a00000, 0x00000000e1b00000, 0x00000000e1b00000|100%| O|  |TAMS 0x00000000e1b00000, 0x00000000e1a00000| Untracked 
|  27|0x00000000e1b00000, 0x00000000e1c00000, 0x00000000e1c00000|100%| O|  |TAMS 0x00000000e1c00000, 0x00000000e1b00000| Untracked 
|  28|0x00000000e1c00000, 0x00000000e1d00000, 0x00000000e1d00000|100%| O|  |TAMS 0x00000000e1d00000, 0x00000000e1c00000| Untracked 
|  29|0x00000000e1d00000, 0x00000000e1e00000, 0x00000000e1e00000|100%| O|  |TAMS 0x00000000e1e00000, 0x00000000e1d00000| Untracked 
|  30|0x00000000e1e00000, 0x00000000e1f00000, 0x00000000e1f00000|100%| O|  |TAMS 0x00000000e1f00000, 0x00000000e1e00000| Untracked 
|  31|0x00000000e1f00000, 0x00000000e2000000, 0x00000000e2000000|100%| O|  |TAMS 0x00000000e2000000, 0x00000000e1f00000| Untracked 
|  32|0x00000000e2000000, 0x00000000e2100000, 0x00000000e2100000|100%| O|  |TAMS 0x00000000e2100000, 0x00000000e2000000| Untracked 
|  33|0x00000000e2100000, 0x00000000e2200000, 0x00000000e2200000|100%| O|  |TAMS 0x00000000e2200000, 0x00000000e2100000| Untracked 
|  34|0x00000000e2200000, 0x00000000e2300000, 0x00000000e2300000|100%| O|  |TAMS 0x00000000e2300000, 0x00000000e2200000| Untracked 
|  35|0x00000000e2300000, 0x00000000e2400000, 0x00000000e2400000|100%| O|  |TAMS 0x00000000e2400000, 0x00000000e2300000| Untracked 
|  36|0x00000000e2400000, 0x00000000e2500000, 0x00000000e2500000|100%| O|  |TAMS 0x00000000e2500000, 0x00000000e2400000| Untracked 
|  37|0x00000000e2500000, 0x00000000e2600000, 0x00000000e2600000|100%| O|  |TAMS 0x00000000e2600000, 0x00000000e2500000| Untracked 
|  38|0x00000000e2600000, 0x00000000e2700000, 0x00000000e2700000|100%| O|  |TAMS 0x00000000e2700000, 0x00000000e2600000| Untracked 
|  39|0x00000000e2700000, 0x00000000e2800000, 0x00000000e2800000|100%| O|  |TAMS 0x00000000e2800000, 0x00000000e2700000| Untracked 
|  40|0x00000000e2800000, 0x00000000e2900000, 0x00000000e2900000|100%| O|  |TAMS 0x00000000e2900000, 0x00000000e2800000| Untracked 
|  41|0x00000000e2900000, 0x00000000e2a00000, 0x00000000e2a00000|100%| O|  |TAMS 0x00000000e2a00000, 0x00000000e2900000| Untracked 
|  42|0x00000000e2a00000, 0x00000000e2b00000, 0x00000000e2b00000|100%| O|  |TAMS 0x00000000e2b00000, 0x00000000e2a00000| Untracked 
|  43|0x00000000e2b00000, 0x00000000e2c00000, 0x00000000e2c00000|100%|HS|  |TAMS 0x00000000e2c00000, 0x00000000e2b00000| Complete 
|  44|0x00000000e2c00000, 0x00000000e2d00000, 0x00000000e2d00000|100%|HC|  |TAMS 0x00000000e2d00000, 0x00000000e2c00000| Complete 
|  45|0x00000000e2d00000, 0x00000000e2e00000, 0x00000000e2e00000|100%|HS|  |TAMS 0x00000000e2e00000, 0x00000000e2d00000| Complete 
|  46|0x00000000e2e00000, 0x00000000e2f00000, 0x00000000e2f00000|100%|HC|  |TAMS 0x00000000e2f00000, 0x00000000e2e00000| Complete 
|  47|0x00000000e2f00000, 0x00000000e3000000, 0x00000000e3000000|100%|HC|  |TAMS 0x00000000e3000000, 0x00000000e2f00000| Complete 
|  48|0x00000000e3000000, 0x00000000e3100000, 0x00000000e3100000|100%| O|  |TAMS 0x00000000e3100000, 0x00000000e3000000| Untracked 
|  49|0x00000000e3100000, 0x00000000e3200000, 0x00000000e3200000|100%| O|  |TAMS 0x00000000e3200000, 0x00000000e3100000| Untracked 
|  50|0x00000000e3200000, 0x00000000e3300000, 0x00000000e3300000|100%| O|  |TAMS 0x00000000e3300000, 0x00000000e3200000| Untracked 
|  51|0x00000000e3300000, 0x00000000e3400000, 0x00000000e3400000|100%| O|  |TAMS 0x00000000e3400000, 0x00000000e3300000| Untracked 
|  52|0x00000000e3400000, 0x00000000e3500000, 0x00000000e3500000|100%| O|  |TAMS 0x00000000e3500000, 0x00000000e3400000| Untracked 
|  53|0x00000000e3500000, 0x00000000e3600000, 0x00000000e3600000|100%| O|  |TAMS 0x00000000e3600000, 0x00000000e3500000| Untracked 
|  54|0x00000000e3600000, 0x00000000e3700000, 0x00000000e3700000|100%| O|  |TAMS 0x00000000e3700000, 0x00000000e3600000| Untracked 
|  55|0x00000000e3700000, 0x00000000e3800000, 0x00000000e3800000|100%| O|  |TAMS 0x00000000e3800000, 0x00000000e3700000| Untracked 
|  56|0x00000000e3800000, 0x00000000e3900000, 0x00000000e3900000|100%| O|  |TAMS 0x00000000e3900000, 0x00000000e3800000| Untracked 
|  57|0x00000000e3900000, 0x00000000e3a00000, 0x00000000e3a00000|100%| O|  |TAMS 0x00000000e3a00000, 0x00000000e3900000| Untracked 
|  58|0x00000000e3a00000, 0x00000000e3b00000, 0x00000000e3b00000|100%| O|  |TAMS 0x00000000e3b00000, 0x00000000e3a00000| Untracked 
|  59|0x00000000e3b00000, 0x00000000e3c00000, 0x00000000e3c00000|100%|HS|  |TAMS 0x00000000e3c00000, 0x00000000e3b00000| Complete 
|  60|0x00000000e3c00000, 0x00000000e3d00000, 0x00000000e3d00000|100%|HS|  |TAMS 0x00000000e3d00000, 0x00000000e3c00000| Complete 
|  61|0x00000000e3d00000, 0x00000000e3e00000, 0x00000000e3e00000|100%|HS|  |TAMS 0x00000000e3e00000, 0x00000000e3d00000| Complete 
|  62|0x00000000e3e00000, 0x00000000e3f00000, 0x00000000e3f00000|100%|HS|  |TAMS 0x00000000e3f00000, 0x00000000e3e00000| Complete 
|  63|0x00000000e3f00000, 0x00000000e4000000, 0x00000000e4000000|100%|HS|  |TAMS 0x00000000e4000000, 0x00000000e3f00000| Complete 
|  64|0x00000000e4000000, 0x00000000e4100000, 0x00000000e4100000|100%| O|  |TAMS 0x00000000e4100000, 0x00000000e4000000| Untracked 
|  65|0x00000000e4100000, 0x00000000e4200000, 0x00000000e4200000|100%| O|  |TAMS 0x00000000e4200000, 0x00000000e4100000| Untracked 
|  66|0x00000000e4200000, 0x00000000e4300000, 0x00000000e4300000|100%| O|  |TAMS 0x00000000e4300000, 0x00000000e4200000| Untracked 
|  67|0x00000000e4300000, 0x00000000e4400000, 0x00000000e4400000|100%| O|  |TAMS 0x00000000e4400000, 0x00000000e4300000| Untracked 
|  68|0x00000000e4400000, 0x00000000e4500000, 0x00000000e4500000|100%| O|  |TAMS 0x00000000e4500000, 0x00000000e4400000| Untracked 
|  69|0x00000000e4500000, 0x00000000e4500000, 0x00000000e4600000|  0%| F|  |TAMS 0x00000000e4500000, 0x00000000e4500000| Untracked 
|  70|0x00000000e4600000, 0x00000000e4600000, 0x00000000e4700000|  0%| F|  |TAMS 0x00000000e4600000, 0x00000000e4600000| Untracked 
|  71|0x00000000e4700000, 0x00000000e4800000, 0x00000000e4800000|100%| O|  |TAMS 0x00000000e4800000, 0x00000000e4700000| Untracked 
|  72|0x00000000e4800000, 0x00000000e4900000, 0x00000000e4900000|100%| O|  |TAMS 0x00000000e4900000, 0x00000000e4800000| Untracked 
|  73|0x00000000e4900000, 0x00000000e4a00000, 0x00000000e4a00000|100%| O|  |TAMS 0x00000000e4a00000, 0x00000000e4900000| Untracked 
|  74|0x00000000e4a00000, 0x00000000e4b00000, 0x00000000e4b00000|100%| O|  |TAMS 0x00000000e4b00000, 0x00000000e4a00000| Untracked 
|  75|0x00000000e4b00000, 0x00000000e4c00000, 0x00000000e4c00000|100%| O|  |TAMS 0x00000000e4c00000, 0x00000000e4b00000| Untracked 
|  76|0x00000000e4c00000, 0x00000000e4d00000, 0x00000000e4d00000|100%| O|  |TAMS 0x00000000e4d00000, 0x00000000e4c00000| Untracked 
|  77|0x00000000e4d00000, 0x00000000e4e00000, 0x00000000e4e00000|100%| O|  |TAMS 0x00000000e4e00000, 0x00000000e4d00000| Untracked 
|  78|0x00000000e4e00000, 0x00000000e4f00000, 0x00000000e4f00000|100%| O|  |TAMS 0x00000000e4f00000, 0x00000000e4e00000| Untracked 
|  79|0x00000000e4f00000, 0x00000000e4f00000, 0x00000000e5000000|  0%| F|  |TAMS 0x00000000e4f00000, 0x00000000e4f00000| Untracked 
|  80|0x00000000e5000000, 0x00000000e5000000, 0x00000000e5100000|  0%| F|  |TAMS 0x00000000e5000000, 0x00000000e5000000| Untracked 
|  81|0x00000000e5100000, 0x00000000e5200000, 0x00000000e5200000|100%| O|  |TAMS 0x00000000e513d600, 0x00000000e5100000| Untracked 
|  82|0x00000000e5200000, 0x00000000e5300000, 0x00000000e5300000|100%|HS|  |TAMS 0x00000000e5300000, 0x00000000e5200000| Complete 
|  83|0x00000000e5300000, 0x00000000e5400000, 0x00000000e5400000|100%| O|  |TAMS 0x00000000e5400000, 0x00000000e5300000| Untracked 
|  84|0x00000000e5400000, 0x00000000e5500000, 0x00000000e5500000|100%| O|  |TAMS 0x00000000e5500000, 0x00000000e5400000| Untracked 
|  85|0x00000000e5500000, 0x00000000e5600000, 0x00000000e5600000|100%| O|  |TAMS 0x00000000e5600000, 0x00000000e5500000| Untracked 
|  86|0x00000000e5600000, 0x00000000e5700000, 0x00000000e5700000|100%| O|  |TAMS 0x00000000e5700000, 0x00000000e5600000| Untracked 
|  87|0x00000000e5700000, 0x00000000e5800000, 0x00000000e5800000|100%| O|  |TAMS 0x00000000e5800000, 0x00000000e5700000| Untracked 
|  88|0x00000000e5800000, 0x00000000e5900000, 0x00000000e5900000|100%|HS|  |TAMS 0x00000000e5900000, 0x00000000e5800000| Complete 
|  89|0x00000000e5900000, 0x00000000e5a00000, 0x00000000e5a00000|100%|HS|  |TAMS 0x00000000e5a00000, 0x00000000e5900000| Complete 
|  90|0x00000000e5a00000, 0x00000000e5b00000, 0x00000000e5b00000|100%|HC|  |TAMS 0x00000000e5b00000, 0x00000000e5a00000| Complete 
|  91|0x00000000e5b00000, 0x00000000e5c00000, 0x00000000e5c00000|100%| O|  |TAMS 0x00000000e5c00000, 0x00000000e5b00000| Untracked 
|  92|0x00000000e5c00000, 0x00000000e5d00000, 0x00000000e5d00000|100%| O|  |TAMS 0x00000000e5d00000, 0x00000000e5c00000| Untracked 
|  93|0x00000000e5d00000, 0x00000000e5e00000, 0x00000000e5e00000|100%| O|  |TAMS 0x00000000e5e00000, 0x00000000e5d00000| Untracked 
|  94|0x00000000e5e00000, 0x00000000e5f00000, 0x00000000e5f00000|100%| O|  |TAMS 0x00000000e5f00000, 0x00000000e5e00000| Untracked 
|  95|0x00000000e5f00000, 0x00000000e6000000, 0x00000000e6000000|100%| O|  |TAMS 0x00000000e6000000, 0x00000000e5f00000| Untracked 
|  96|0x00000000e6000000, 0x00000000e6100000, 0x00000000e6100000|100%|HS|  |TAMS 0x00000000e6100000, 0x00000000e6000000| Complete 
|  97|0x00000000e6100000, 0x00000000e6200000, 0x00000000e6200000|100%|HC|  |TAMS 0x00000000e6200000, 0x00000000e6100000| Complete 
|  98|0x00000000e6200000, 0x00000000e6300000, 0x00000000e6300000|100%|HC|  |TAMS 0x00000000e6300000, 0x00000000e6200000| Complete 
|  99|0x00000000e6300000, 0x00000000e6400000, 0x00000000e6400000|100%| O|  |TAMS 0x00000000e6400000, 0x00000000e6300000| Untracked 
| 100|0x00000000e6400000, 0x00000000e6500000, 0x00000000e6500000|100%| O|  |TAMS 0x00000000e6500000, 0x00000000e6400000| Untracked 
| 101|0x00000000e6500000, 0x00000000e6600000, 0x00000000e6600000|100%| O|  |TAMS 0x00000000e6600000, 0x00000000e6500000| Untracked 
| 102|0x00000000e6600000, 0x00000000e6700000, 0x00000000e6700000|100%| O|  |TAMS 0x00000000e6700000, 0x00000000e6600000| Untracked 
| 103|0x00000000e6700000, 0x00000000e6800000, 0x00000000e6800000|100%| O|  |TAMS 0x00000000e6800000, 0x00000000e6700000| Untracked 
| 104|0x00000000e6800000, 0x00000000e6800000, 0x00000000e6900000|  0%| F|  |TAMS 0x00000000e6800000, 0x00000000e6800000| Untracked 
| 105|0x00000000e6900000, 0x00000000e6900000, 0x00000000e6a00000|  0%| F|  |TAMS 0x00000000e6900000, 0x00000000e6900000| Untracked 
| 106|0x00000000e6a00000, 0x00000000e6a00000, 0x00000000e6b00000|  0%| F|  |TAMS 0x00000000e6a00000, 0x00000000e6a00000| Untracked 
| 107|0x00000000e6b00000, 0x00000000e6c00000, 0x00000000e6c00000|100%| O|  |TAMS 0x00000000e6c00000, 0x00000000e6b00000| Untracked 
| 108|0x00000000e6c00000, 0x00000000e6d00000, 0x00000000e6d00000|100%| O|  |TAMS 0x00000000e6d00000, 0x00000000e6c00000| Untracked 
| 109|0x00000000e6d00000, 0x00000000e6e00000, 0x00000000e6e00000|100%|HS|  |TAMS 0x00000000e6e00000, 0x00000000e6d00000| Complete 
| 110|0x00000000e6e00000, 0x00000000e6f00000, 0x00000000e6f00000|100%|HS|  |TAMS 0x00000000e6f00000, 0x00000000e6e00000| Complete 
| 111|0x00000000e6f00000, 0x00000000e7000000, 0x00000000e7000000|100%|HS|  |TAMS 0x00000000e7000000, 0x00000000e6f00000| Complete 
| 112|0x00000000e7000000, 0x00000000e7100000, 0x00000000e7100000|100%|HS|  |TAMS 0x00000000e7100000, 0x00000000e7000000| Complete 
| 113|0x00000000e7100000, 0x00000000e7200000, 0x00000000e7200000|100%| O|  |TAMS 0x00000000e7100000, 0x00000000e7100000| Untracked 
| 114|0x00000000e7200000, 0x00000000e7300000, 0x00000000e7300000|100%| O|  |TAMS 0x00000000e7200000, 0x00000000e7200000| Untracked 
| 115|0x00000000e7300000, 0x00000000e7400000, 0x00000000e7400000|100%| O|  |TAMS 0x00000000e7300000, 0x00000000e7300000| Untracked 
| 116|0x00000000e7400000, 0x00000000e7500000, 0x00000000e7500000|100%| O|  |TAMS 0x00000000e7400000, 0x00000000e7400000| Untracked 
| 117|0x00000000e7500000, 0x00000000e7600000, 0x00000000e7600000|100%| O|  |TAMS 0x00000000e7500000, 0x00000000e7500000| Untracked 
| 118|0x00000000e7600000, 0x00000000e7700000, 0x00000000e7700000|100%|HS|  |TAMS 0x00000000e7600000, 0x00000000e7600000| Complete 
| 119|0x00000000e7700000, 0x00000000e7800000, 0x00000000e7800000|100%|HC|  |TAMS 0x00000000e7700000, 0x00000000e7700000| Complete 
| 120|0x00000000e7800000, 0x00000000e7900000, 0x00000000e7900000|100%|HC|  |TAMS 0x00000000e7800000, 0x00000000e7800000| Complete 
| 121|0x00000000e7900000, 0x00000000e7a00000, 0x00000000e7a00000|100%|HS|  |TAMS 0x00000000e7900000, 0x00000000e7900000| Complete 
| 122|0x00000000e7a00000, 0x00000000e7b00000, 0x00000000e7b00000|100%|HC|  |TAMS 0x00000000e7a00000, 0x00000000e7a00000| Complete 
| 123|0x00000000e7b00000, 0x00000000e7c00000, 0x00000000e7c00000|100%|HS|  |TAMS 0x00000000e7b00000, 0x00000000e7b00000| Complete 
| 124|0x00000000e7c00000, 0x00000000e7d00000, 0x00000000e7d00000|100%| O|  |TAMS 0x00000000e7c00000, 0x00000000e7c00000| Untracked 
| 125|0x00000000e7d00000, 0x00000000e7e00000, 0x00000000e7e00000|100%| O|  |TAMS 0x00000000e7d00000, 0x00000000e7d00000| Untracked 
| 126|0x00000000e7e00000, 0x00000000e7f00000, 0x00000000e7f00000|100%| O|  |TAMS 0x00000000e7e00000, 0x00000000e7e00000| Untracked 
| 127|0x00000000e7f00000, 0x00000000e8000000, 0x00000000e8000000|100%| O|  |TAMS 0x00000000e7f00000, 0x00000000e7f00000| Untracked 
| 128|0x00000000e8000000, 0x00000000e8100000, 0x00000000e8100000|100%| O|  |TAMS 0x00000000e8000000, 0x00000000e8000000| Untracked 
| 129|0x00000000e8100000, 0x00000000e8200000, 0x00000000e8200000|100%| O|  |TAMS 0x00000000e8100000, 0x00000000e8100000| Untracked 
| 130|0x00000000e8200000, 0x00000000e8300000, 0x00000000e8300000|100%| O|  |TAMS 0x00000000e8200000, 0x00000000e8200000| Untracked 
| 131|0x00000000e8300000, 0x00000000e8400000, 0x00000000e8400000|100%| O|  |TAMS 0x00000000e8300000, 0x00000000e8300000| Untracked 
| 132|0x00000000e8400000, 0x00000000e8500000, 0x00000000e8500000|100%| O|  |TAMS 0x00000000e8400000, 0x00000000e8400000| Untracked 
| 133|0x00000000e8500000, 0x00000000e8600000, 0x00000000e8600000|100%| O|  |TAMS 0x00000000e8500000, 0x00000000e8500000| Untracked 
| 134|0x00000000e8600000, 0x00000000e8700000, 0x00000000e8700000|100%| O|  |TAMS 0x00000000e8600000, 0x00000000e8600000| Untracked 
| 135|0x00000000e8700000, 0x00000000e8800000, 0x00000000e8800000|100%| O|  |TAMS 0x00000000e8700000, 0x00000000e8700000| Untracked 
| 136|0x00000000e8800000, 0x00000000e8900000, 0x00000000e8900000|100%| O|  |TAMS 0x00000000e8800000, 0x00000000e8800000| Untracked 
| 137|0x00000000e8900000, 0x00000000e8a00000, 0x00000000e8a00000|100%| O|  |TAMS 0x00000000e8900000, 0x00000000e8900000| Untracked 
| 138|0x00000000e8a00000, 0x00000000e8b00000, 0x00000000e8b00000|100%| O|  |TAMS 0x00000000e8a00000, 0x00000000e8a00000| Untracked 
| 139|0x00000000e8b00000, 0x00000000e8c00000, 0x00000000e8c00000|100%| O|  |TAMS 0x00000000e8b00000, 0x00000000e8b00000| Untracked 
| 140|0x00000000e8c00000, 0x00000000e8d00000, 0x00000000e8d00000|100%| O|  |TAMS 0x00000000e8c00000, 0x00000000e8c00000| Untracked 
| 141|0x00000000e8d00000, 0x00000000e8daee00, 0x00000000e8e00000| 68%| O|  |TAMS 0x00000000e8d00000, 0x00000000e8d00000| Untracked 
| 142|0x00000000e8e00000, 0x00000000e8e00000, 0x00000000e8f00000|  0%| F|  |TAMS 0x00000000e8e00000, 0x00000000e8e00000| Untracked 
| 143|0x00000000e8f00000, 0x00000000e8f00000, 0x00000000e9000000|  0%| F|  |TAMS 0x00000000e8f00000, 0x00000000e8f00000| Untracked 
| 144|0x00000000e9000000, 0x00000000e9000000, 0x00000000e9100000|  0%| F|  |TAMS 0x00000000e9000000, 0x00000000e9000000| Untracked 
| 145|0x00000000e9100000, 0x00000000e9100000, 0x00000000e9200000|  0%| F|  |TAMS 0x00000000e9100000, 0x00000000e9100000| Untracked 
| 146|0x00000000e9200000, 0x00000000e9200000, 0x00000000e9300000|  0%| F|  |TAMS 0x00000000e9200000, 0x00000000e9200000| Untracked 
| 147|0x00000000e9300000, 0x00000000e9300000, 0x00000000e9400000|  0%| F|  |TAMS 0x00000000e9300000, 0x00000000e9300000| Untracked 
| 148|0x00000000e9400000, 0x00000000e9400000, 0x00000000e9500000|  0%| F|  |TAMS 0x00000000e9400000, 0x00000000e9400000| Untracked 
| 149|0x00000000e9500000, 0x00000000e9500000, 0x00000000e9600000|  0%| F|  |TAMS 0x00000000e9500000, 0x00000000e9500000| Untracked 
| 150|0x00000000e9600000, 0x00000000e9600000, 0x00000000e9700000|  0%| F|  |TAMS 0x00000000e9600000, 0x00000000e9600000| Untracked 
| 151|0x00000000e9700000, 0x00000000e9700000, 0x00000000e9800000|  0%| F|  |TAMS 0x00000000e9700000, 0x00000000e9700000| Untracked 
| 152|0x00000000e9800000, 0x00000000e9800000, 0x00000000e9900000|  0%| F|  |TAMS 0x00000000e9800000, 0x00000000e9800000| Untracked 
| 153|0x00000000e9900000, 0x00000000e9900000, 0x00000000e9a00000|  0%| F|  |TAMS 0x00000000e9900000, 0x00000000e9900000| Untracked 
| 154|0x00000000e9a00000, 0x00000000e9a00000, 0x00000000e9b00000|  0%| F|  |TAMS 0x00000000e9a00000, 0x00000000e9a00000| Untracked 
| 155|0x00000000e9b00000, 0x00000000e9b00000, 0x00000000e9c00000|  0%| F|  |TAMS 0x00000000e9b00000, 0x00000000e9b00000| Untracked 
| 156|0x00000000e9c00000, 0x00000000e9c00000, 0x00000000e9d00000|  0%| F|  |TAMS 0x00000000e9c00000, 0x00000000e9c00000| Untracked 
| 157|0x00000000e9d00000, 0x00000000e9d00000, 0x00000000e9e00000|  0%| F|  |TAMS 0x00000000e9d00000, 0x00000000e9d00000| Untracked 
| 158|0x00000000e9e00000, 0x00000000e9e00000, 0x00000000e9f00000|  0%| F|  |TAMS 0x00000000e9e00000, 0x00000000e9e00000| Untracked 
| 159|0x00000000e9f00000, 0x00000000e9f00000, 0x00000000ea000000|  0%| F|  |TAMS 0x00000000e9f00000, 0x00000000e9f00000| Untracked 
| 160|0x00000000ea000000, 0x00000000ea000000, 0x00000000ea100000|  0%| F|  |TAMS 0x00000000ea000000, 0x00000000ea000000| Untracked 
| 161|0x00000000ea100000, 0x00000000ea100000, 0x00000000ea200000|  0%| F|  |TAMS 0x00000000ea100000, 0x00000000ea100000| Untracked 
| 162|0x00000000ea200000, 0x00000000ea200000, 0x00000000ea300000|  0%| F|  |TAMS 0x00000000ea200000, 0x00000000ea200000| Untracked 
| 163|0x00000000ea300000, 0x00000000ea300000, 0x00000000ea400000|  0%| F|  |TAMS 0x00000000ea300000, 0x00000000ea300000| Untracked 
| 164|0x00000000ea400000, 0x00000000ea400000, 0x00000000ea500000|  0%| F|  |TAMS 0x00000000ea400000, 0x00000000ea400000| Untracked 
| 165|0x00000000ea500000, 0x00000000ea500000, 0x00000000ea600000|  0%| F|  |TAMS 0x00000000ea500000, 0x00000000ea500000| Untracked 
| 166|0x00000000ea600000, 0x00000000ea600000, 0x00000000ea700000|  0%| F|  |TAMS 0x00000000ea600000, 0x00000000ea600000| Untracked 
| 167|0x00000000ea700000, 0x00000000ea700000, 0x00000000ea800000|  0%| F|  |TAMS 0x00000000ea700000, 0x00000000ea700000| Untracked 
| 168|0x00000000ea800000, 0x00000000ea800000, 0x00000000ea900000|  0%| F|  |TAMS 0x00000000ea800000, 0x00000000ea800000| Untracked 
| 169|0x00000000ea900000, 0x00000000ea900000, 0x00000000eaa00000|  0%| F|  |TAMS 0x00000000ea900000, 0x00000000ea900000| Untracked 
| 170|0x00000000eaa00000, 0x00000000eaa00000, 0x00000000eab00000|  0%| F|  |TAMS 0x00000000eaa00000, 0x00000000eaa00000| Untracked 
| 171|0x00000000eab00000, 0x00000000eab00000, 0x00000000eac00000|  0%| F|  |TAMS 0x00000000eab00000, 0x00000000eab00000| Untracked 
| 172|0x00000000eac00000, 0x00000000eac00000, 0x00000000ead00000|  0%| F|  |TAMS 0x00000000eac00000, 0x00000000eac00000| Untracked 
| 173|0x00000000ead00000, 0x00000000ead00000, 0x00000000eae00000|  0%| F|  |TAMS 0x00000000ead00000, 0x00000000ead00000| Untracked 
| 174|0x00000000eae00000, 0x00000000eae00000, 0x00000000eaf00000|  0%| F|  |TAMS 0x00000000eae00000, 0x00000000eae00000| Untracked 
| 175|0x00000000eaf00000, 0x00000000eaf00000, 0x00000000eb000000|  0%| F|  |TAMS 0x00000000eaf00000, 0x00000000eaf00000| Untracked 
| 176|0x00000000eb000000, 0x00000000eb000000, 0x00000000eb100000|  0%| F|  |TAMS 0x00000000eb000000, 0x00000000eb000000| Untracked 
| 177|0x00000000eb100000, 0x00000000eb100000, 0x00000000eb200000|  0%| F|  |TAMS 0x00000000eb100000, 0x00000000eb100000| Untracked 
| 178|0x00000000eb200000, 0x00000000eb200000, 0x00000000eb300000|  0%| F|  |TAMS 0x00000000eb200000, 0x00000000eb200000| Untracked 
| 179|0x00000000eb300000, 0x00000000eb300000, 0x00000000eb400000|  0%| F|  |TAMS 0x00000000eb300000, 0x00000000eb300000| Untracked 
| 180|0x00000000eb400000, 0x00000000eb400000, 0x00000000eb500000|  0%| F|  |TAMS 0x00000000eb400000, 0x00000000eb400000| Untracked 
| 181|0x00000000eb500000, 0x00000000eb500000, 0x00000000eb600000|  0%| F|  |TAMS 0x00000000eb500000, 0x00000000eb500000| Untracked 
| 182|0x00000000eb600000, 0x00000000eb600000, 0x00000000eb700000|  0%| F|  |TAMS 0x00000000eb600000, 0x00000000eb600000| Untracked 
| 183|0x00000000eb700000, 0x00000000eb700000, 0x00000000eb800000|  0%| F|  |TAMS 0x00000000eb700000, 0x00000000eb700000| Untracked 
| 184|0x00000000eb800000, 0x00000000eb800000, 0x00000000eb900000|  0%| F|  |TAMS 0x00000000eb800000, 0x00000000eb800000| Untracked 
| 185|0x00000000eb900000, 0x00000000eb900000, 0x00000000eba00000|  0%| F|  |TAMS 0x00000000eb900000, 0x00000000eb900000| Untracked 
| 186|0x00000000eba00000, 0x00000000eba00000, 0x00000000ebb00000|  0%| F|  |TAMS 0x00000000eba00000, 0x00000000eba00000| Untracked 
| 187|0x00000000ebb00000, 0x00000000ebb00000, 0x00000000ebc00000|  0%| F|  |TAMS 0x00000000ebb00000, 0x00000000ebb00000| Untracked 
| 188|0x00000000ebc00000, 0x00000000ebc00000, 0x00000000ebd00000|  0%| F|  |TAMS 0x00000000ebc00000, 0x00000000ebc00000| Untracked 
| 189|0x00000000ebd00000, 0x00000000ebd00000, 0x00000000ebe00000|  0%| F|  |TAMS 0x00000000ebd00000, 0x00000000ebd00000| Untracked 
| 190|0x00000000ebe00000, 0x00000000ebe00000, 0x00000000ebf00000|  0%| F|  |TAMS 0x00000000ebe00000, 0x00000000ebe00000| Untracked 
| 191|0x00000000ebf00000, 0x00000000ebf00000, 0x00000000ec000000|  0%| F|  |TAMS 0x00000000ebf00000, 0x00000000ebf00000| Untracked 
| 192|0x00000000ec000000, 0x00000000ec000000, 0x00000000ec100000|  0%| F|  |TAMS 0x00000000ec000000, 0x00000000ec000000| Untracked 
| 193|0x00000000ec100000, 0x00000000ec100000, 0x00000000ec200000|  0%| F|  |TAMS 0x00000000ec100000, 0x00000000ec100000| Untracked 
| 194|0x00000000ec200000, 0x00000000ec200000, 0x00000000ec300000|  0%| F|  |TAMS 0x00000000ec200000, 0x00000000ec200000| Untracked 
| 195|0x00000000ec300000, 0x00000000ec300000, 0x00000000ec400000|  0%| F|  |TAMS 0x00000000ec300000, 0x00000000ec300000| Untracked 
| 196|0x00000000ec400000, 0x00000000ec400000, 0x00000000ec500000|  0%| F|  |TAMS 0x00000000ec400000, 0x00000000ec400000| Untracked 
| 197|0x00000000ec500000, 0x00000000ec500000, 0x00000000ec600000|  0%| F|  |TAMS 0x00000000ec500000, 0x00000000ec500000| Untracked 
| 198|0x00000000ec600000, 0x00000000ec600000, 0x00000000ec700000|  0%| F|  |TAMS 0x00000000ec600000, 0x00000000ec600000| Untracked 
| 199|0x00000000ec700000, 0x00000000ec700000, 0x00000000ec800000|  0%| F|  |TAMS 0x00000000ec700000, 0x00000000ec700000| Untracked 
| 200|0x00000000ec800000, 0x00000000ec800000, 0x00000000ec900000|  0%| F|  |TAMS 0x00000000ec800000, 0x00000000ec800000| Untracked 
| 201|0x00000000ec900000, 0x00000000ec900000, 0x00000000eca00000|  0%| F|  |TAMS 0x00000000ec900000, 0x00000000ec900000| Untracked 
| 202|0x00000000eca00000, 0x00000000eca00000, 0x00000000ecb00000|  0%| F|  |TAMS 0x00000000eca00000, 0x00000000eca00000| Untracked 
| 203|0x00000000ecb00000, 0x00000000ecb00000, 0x00000000ecc00000|  0%| F|  |TAMS 0x00000000ecb00000, 0x00000000ecb00000| Untracked 
| 204|0x00000000ecc00000, 0x00000000ecc00000, 0x00000000ecd00000|  0%| F|  |TAMS 0x00000000ecc00000, 0x00000000ecc00000| Untracked 
| 205|0x00000000ecd00000, 0x00000000ecd00000, 0x00000000ece00000|  0%| F|  |TAMS 0x00000000ecd00000, 0x00000000ecd00000| Untracked 
| 206|0x00000000ece00000, 0x00000000ece00000, 0x00000000ecf00000|  0%| F|  |TAMS 0x00000000ece00000, 0x00000000ece00000| Untracked 
| 207|0x00000000ecf00000, 0x00000000ecf00000, 0x00000000ed000000|  0%| F|  |TAMS 0x00000000ecf00000, 0x00000000ecf00000| Untracked 
| 208|0x00000000ed000000, 0x00000000ed000000, 0x00000000ed100000|  0%| F|  |TAMS 0x00000000ed000000, 0x00000000ed000000| Untracked 
| 209|0x00000000ed100000, 0x00000000ed100000, 0x00000000ed200000|  0%| F|  |TAMS 0x00000000ed100000, 0x00000000ed100000| Untracked 
| 210|0x00000000ed200000, 0x00000000ed200000, 0x00000000ed300000|  0%| F|  |TAMS 0x00000000ed200000, 0x00000000ed200000| Untracked 
| 211|0x00000000ed300000, 0x00000000ed300000, 0x00000000ed400000|  0%| F|  |TAMS 0x00000000ed300000, 0x00000000ed300000| Untracked 
| 212|0x00000000ed400000, 0x00000000ed400000, 0x00000000ed500000|  0%| F|  |TAMS 0x00000000ed400000, 0x00000000ed400000| Untracked 
| 213|0x00000000ed500000, 0x00000000ed500000, 0x00000000ed600000|  0%| F|  |TAMS 0x00000000ed500000, 0x00000000ed500000| Untracked 
| 214|0x00000000ed600000, 0x00000000ed600000, 0x00000000ed700000|  0%| F|  |TAMS 0x00000000ed600000, 0x00000000ed600000| Untracked 
| 215|0x00000000ed700000, 0x00000000ed700000, 0x00000000ed800000|  0%| F|  |TAMS 0x00000000ed700000, 0x00000000ed700000| Untracked 
| 216|0x00000000ed800000, 0x00000000ed800000, 0x00000000ed900000|  0%| F|  |TAMS 0x00000000ed800000, 0x00000000ed800000| Untracked 
| 217|0x00000000ed900000, 0x00000000ed900000, 0x00000000eda00000|  0%| F|  |TAMS 0x00000000ed900000, 0x00000000ed900000| Untracked 
| 218|0x00000000eda00000, 0x00000000eda00000, 0x00000000edb00000|  0%| F|  |TAMS 0x00000000eda00000, 0x00000000eda00000| Untracked 
| 219|0x00000000edb00000, 0x00000000edb00000, 0x00000000edc00000|  0%| F|  |TAMS 0x00000000edb00000, 0x00000000edb00000| Untracked 
| 220|0x00000000edc00000, 0x00000000edc00000, 0x00000000edd00000|  0%| F|  |TAMS 0x00000000edc00000, 0x00000000edc00000| Untracked 
| 221|0x00000000edd00000, 0x00000000edd00000, 0x00000000ede00000|  0%| F|  |TAMS 0x00000000edd00000, 0x00000000edd00000| Untracked 
| 222|0x00000000ede00000, 0x00000000ede00000, 0x00000000edf00000|  0%| F|  |TAMS 0x00000000ede00000, 0x00000000ede00000| Untracked 
| 223|0x00000000edf00000, 0x00000000edf00000, 0x00000000ee000000|  0%| F|  |TAMS 0x00000000edf00000, 0x00000000edf00000| Untracked 
| 224|0x00000000ee000000, 0x00000000ee000000, 0x00000000ee100000|  0%| F|  |TAMS 0x00000000ee000000, 0x00000000ee000000| Untracked 
| 225|0x00000000ee100000, 0x00000000ee100000, 0x00000000ee200000|  0%| F|  |TAMS 0x00000000ee100000, 0x00000000ee100000| Untracked 
| 226|0x00000000ee200000, 0x00000000ee200000, 0x00000000ee300000|  0%| F|  |TAMS 0x00000000ee200000, 0x00000000ee200000| Untracked 
| 227|0x00000000ee300000, 0x00000000ee300000, 0x00000000ee400000|  0%| F|  |TAMS 0x00000000ee300000, 0x00000000ee300000| Untracked 
| 228|0x00000000ee400000, 0x00000000ee400000, 0x00000000ee500000|  0%| F|  |TAMS 0x00000000ee400000, 0x00000000ee400000| Untracked 
| 229|0x00000000ee500000, 0x00000000ee500000, 0x00000000ee600000|  0%| F|  |TAMS 0x00000000ee500000, 0x00000000ee500000| Untracked 
| 230|0x00000000ee600000, 0x00000000ee600000, 0x00000000ee700000|  0%| F|  |TAMS 0x00000000ee600000, 0x00000000ee600000| Untracked 
| 231|0x00000000ee700000, 0x00000000ee700000, 0x00000000ee800000|  0%| F|  |TAMS 0x00000000ee700000, 0x00000000ee700000| Untracked 
| 232|0x00000000ee800000, 0x00000000ee800000, 0x00000000ee900000|  0%| F|  |TAMS 0x00000000ee800000, 0x00000000ee800000| Untracked 
| 233|0x00000000ee900000, 0x00000000ee900000, 0x00000000eea00000|  0%| F|  |TAMS 0x00000000ee900000, 0x00000000ee900000| Untracked 
| 234|0x00000000eea00000, 0x00000000eea00000, 0x00000000eeb00000|  0%| F|  |TAMS 0x00000000eea00000, 0x00000000eea00000| Untracked 
| 235|0x00000000eeb00000, 0x00000000eeb00000, 0x00000000eec00000|  0%| F|  |TAMS 0x00000000eeb00000, 0x00000000eeb00000| Untracked 
| 236|0x00000000eec00000, 0x00000000eec00000, 0x00000000eed00000|  0%| F|  |TAMS 0x00000000eec00000, 0x00000000eec00000| Untracked 
| 237|0x00000000eed00000, 0x00000000eed00000, 0x00000000eee00000|  0%| F|  |TAMS 0x00000000eed00000, 0x00000000eed00000| Untracked 
| 238|0x00000000eee00000, 0x00000000eee00000, 0x00000000eef00000|  0%| F|  |TAMS 0x00000000eee00000, 0x00000000eee00000| Untracked 
| 239|0x00000000eef00000, 0x00000000eef00000, 0x00000000ef000000|  0%| F|  |TAMS 0x00000000eef00000, 0x00000000eef00000| Untracked 
| 240|0x00000000ef000000, 0x00000000ef000000, 0x00000000ef100000|  0%| F|  |TAMS 0x00000000ef000000, 0x00000000ef000000| Untracked 
| 241|0x00000000ef100000, 0x00000000ef100000, 0x00000000ef200000|  0%| F|  |TAMS 0x00000000ef100000, 0x00000000ef100000| Untracked 
| 242|0x00000000ef200000, 0x00000000ef200000, 0x00000000ef300000|  0%| F|  |TAMS 0x00000000ef200000, 0x00000000ef200000| Untracked 
| 243|0x00000000ef300000, 0x00000000ef300000, 0x00000000ef400000|  0%| F|  |TAMS 0x00000000ef300000, 0x00000000ef300000| Untracked 
| 244|0x00000000ef400000, 0x00000000ef494888, 0x00000000ef500000| 58%| E|  |TAMS 0x00000000ef400000, 0x00000000ef400000| Complete 
| 245|0x00000000ef500000, 0x00000000ef600000, 0x00000000ef600000|100%| E|CS|TAMS 0x00000000ef500000, 0x00000000ef500000| Complete 
| 246|0x00000000ef600000, 0x00000000ef700000, 0x00000000ef700000|100%| E|CS|TAMS 0x00000000ef600000, 0x00000000ef600000| Complete 
| 247|0x00000000ef700000, 0x00000000ef800000, 0x00000000ef800000|100%| E|CS|TAMS 0x00000000ef700000, 0x00000000ef700000| Complete 
| 248|0x00000000ef800000, 0x00000000ef900000, 0x00000000ef900000|100%| E|CS|TAMS 0x00000000ef800000, 0x00000000ef800000| Complete 
| 249|0x00000000ef900000, 0x00000000efa00000, 0x00000000efa00000|100%| E|CS|TAMS 0x00000000ef900000, 0x00000000ef900000| Complete 
| 250|0x00000000efa00000, 0x00000000efb00000, 0x00000000efb00000|100%| E|CS|TAMS 0x00000000efa00000, 0x00000000efa00000| Complete 
| 251|0x00000000efb00000, 0x00000000efc00000, 0x00000000efc00000|100%| E|CS|TAMS 0x00000000efb00000, 0x00000000efb00000| Complete 
| 252|0x00000000efc00000, 0x00000000efd00000, 0x00000000efd00000|100%| E|CS|TAMS 0x00000000efc00000, 0x00000000efc00000| Complete 
| 253|0x00000000efd00000, 0x00000000efd245a8, 0x00000000efe00000| 14%| S|CS|TAMS 0x00000000efd00000, 0x00000000efd00000| Complete 
| 254|0x00000000efe00000, 0x00000000eff00000, 0x00000000eff00000|100%| S|CS|TAMS 0x00000000efe00000, 0x00000000efe00000| Complete 
| 255|0x00000000eff00000, 0x00000000f0000000, 0x00000000f0000000|100%| E|CS|TAMS 0x00000000eff00000, 0x00000000eff00000| Complete 

Card table byte_map: [0x000002881cc50000,0x000002881cd50000] _byte_map_base: 0x000002881c550000

Marking Bits (Prev, Next): (CMBitMap*) 0x0000028805aeb970, (CMBitMap*) 0x0000028805aeb930
 Prev Bits: [0x000002881d650000, 0x000002881de50000)
 Next Bits: [0x000002881ce50000, 0x000002881d650000)

Polling page: 0x0000028803890000

Metaspace:

Usage:
  Non-class:     79.73 MB used.
      Class:     12.15 MB used.
       Both:     91.87 MB used.

Virtual space:
  Non-class space:      128.00 MB reserved,      80.19 MB ( 63%) committed,  2 nodes.
      Class space:      320.00 MB reserved,      12.56 MB (  4%) committed,  1 nodes.
             Both:      448.00 MB reserved,      92.75 MB ( 21%) committed. 

Chunk freelists:
   Non-Class:  15.00 MB
       Class:  3.28 MB
        Both:  18.28 MB

MaxMetaspaceSize: 384.00 MB
CompressedClassSpaceSize: 320.00 MB
Initial GC threshold: 21.00 MB
Current GC threshold: 141.81 MB
CDS: on
MetaspaceReclaimPolicy: balanced
 - commit_granule_bytes: 65536.
 - commit_granule_words: 8192.
 - virtual_space_node_default_size: 8388608.
 - enlarge_chunks_in_place: 1.
 - new_chunks_are_fully_committed: 0.
 - uncommit_free_chunks: 1.
 - use_allocation_guard: 0.
 - handle_deallocations: 1.


Internal statistics:

num_allocs_failed_limit: 12.
num_arena_births: 1138.
num_arena_deaths: 0.
num_vsnodes_births: 3.
num_vsnodes_deaths: 0.
num_space_committed: 1484.
num_space_uncommitted: 0.
num_chunks_returned_to_freelist: 12.
num_chunks_taken_from_freelist: 5035.
num_chunk_merges: 9.
num_chunk_splits: 3364.
num_chunks_enlarged: 2290.
num_inconsistent_stats: 0.

CodeHeap 'non-profiled nmethods': size=120000Kb used=8250Kb max_used=8250Kb free=111749Kb
 bounds [0x00000288150d0000, 0x00000288158e0000, 0x000002881c600000]
CodeHeap 'profiled nmethods': size=120000Kb used=20808Kb max_used=20808Kb free=99191Kb
 bounds [0x000002880d600000, 0x000002880ea60000, 0x0000028814b30000]
CodeHeap 'non-nmethods': size=5760Kb used=2387Kb max_used=2457Kb free=3372Kb
 bounds [0x0000028814b30000, 0x0000028814da0000, 0x00000288150d0000]
 total_blobs=11654 nmethods=10736 adapters=830
 compilation: enabled
              stopped_count=0, restarted_count=0
 full_count=0

Compilation events (20 events):
Event: 47.540 Thread 0x0000028820b281c0 12333       3       org.gradle.internal.deprecation.Documentation$AbstractBuilder::withUpgradeGuideSection (10 bytes)
Event: 47.541 Thread 0x000002883f034b70 nmethod 12299 0x00000288158d8a10 code [0x00000288158d8c80, 0x00000288158d9ca8]
Event: 47.541 Thread 0x0000028820b281c0 nmethod 12333 0x000002880ea4c390 code [0x000002880ea4c560, 0x000002880ea4cae8]
Event: 47.541 Thread 0x0000028820b281c0 12334       3       org.gradle.internal.deprecation.Documentation::upgradeGuide (11 bytes)
Event: 47.542 Thread 0x0000028820b281c0 nmethod 12334 0x000002880ea4cc90 code [0x000002880ea4cea0, 0x000002880ea4d408]
Event: 47.542 Thread 0x0000028820b281c0 12335       3       org.gradle.internal.deprecation.Documentation$UpgradeGuide::<init> (7 bytes)
Event: 47.543 Thread 0x000002883f034b70 12317       4       sun.reflect.generics.visitor.Reifier::<init> (10 bytes)
Event: 47.543 Thread 0x0000028820b281c0 nmethod 12335 0x000002880ea4d690 code [0x000002880ea4d8e0, 0x000002880ea4e188]
Event: 47.543 Thread 0x0000028820b281c0 12336       3       org.gradle.internal.deprecation.Documentation$UpgradeGuide::<init> (26 bytes)
Event: 47.545 Thread 0x0000028820b281c0 nmethod 12336 0x000002880ea4e510 code [0x000002880ea4e780, 0x000002880ea4f298]
Event: 47.545 Thread 0x0000028820b281c0 12332       3       org.gradle.api.internal.DocumentationRegistry::getDocumentationFor (20 bytes)
Event: 47.545 Thread 0x000002883f034b70 nmethod 12317 0x00000288158dab10 code [0x00000288158dac80, 0x00000288158dadb8]
Event: 47.546 Thread 0x0000028820b281c0 nmethod 12332 0x000002880ea4f690 code [0x000002880ea4f900, 0x000002880ea504c8]
Event: 47.546 Thread 0x0000028820b281c0 12337       3       org.gradle.internal.featurelifecycle.LoggingDeprecatedFeatureHandler::access$200 (6 bytes)
Event: 47.546 Thread 0x0000028820b281c0 nmethod 12337 0x000002880ea50890 code [0x000002880ea50a40, 0x000002880ea50cc8]
Event: 47.546 Thread 0x0000028820b281c0 12338       3       org.gradle.internal.featurelifecycle.LoggingDeprecatedFeatureHandler::addSolution (13 bytes)
Event: 47.547 Thread 0x0000028820b281c0 nmethod 12338 0x000002880ea50e10 code [0x000002880ea51000, 0x000002880ea51608]
Event: 47.547 Thread 0x0000028820b281c0 12339       3       org.gradle.internal.problems.DefaultProblemDiagnosticsFactory::access$300 (4 bytes)
Event: 47.547 Thread 0x0000028820b281c0 nmethod 12339 0x000002880ea51810 code [0x000002880ea519a0, 0x000002880ea51a98]
Event: 47.570 Thread 0x000002883f034b70 12340       4       org.gradle.internal.io.StreamByteBuffer::readAsByteArray (21 bytes)

GC Heap History (20 events):
Event: 16.638 GC heap before
{Heap before GC invocations=13 (full 0):
 garbage-first heap   total 262144K, used 98533K [0x00000000e0000000, 0x0000000100000000)
  region size 1024K, 12 young (12288K), 9 survivors (9216K)
 Metaspace       used 68257K, committed 69056K, reserved 393216K
  class space    used 9294K, committed 9664K, reserved 327680K
}
Event: 16.646 GC heap after
{Heap after GC invocations=14 (full 0):
 garbage-first heap   total 262144K, used 96385K [0x00000000e0000000, 0x0000000100000000)
  region size 1024K, 1 young (1024K), 1 survivors (1024K)
 Metaspace       used 68257K, committed 69056K, reserved 393216K
  class space    used 9294K, committed 9664K, reserved 327680K
}
Event: 18.506 GC heap before
{Heap before GC invocations=14 (full 0):
 garbage-first heap   total 262144K, used 205953K [0x00000000e0000000, 0x0000000100000000)
  region size 1024K, 105 young (107520K), 1 survivors (1024K)
 Metaspace       used 75854K, committed 76672K, reserved 458752K
  class space    used 10336K, committed 10752K, reserved 327680K
}
Event: 18.514 GC heap after
{Heap after GC invocations=15 (full 0):
 garbage-first heap   total 262144K, used 102301K [0x00000000e0000000, 0x0000000100000000)
  region size 1024K, 4 young (4096K), 4 survivors (4096K)
 Metaspace       used 75854K, committed 76672K, reserved 458752K
  class space    used 10336K, committed 10752K, reserved 327680K
}
Event: 19.636 GC heap before
{Heap before GC invocations=16 (full 0):
 garbage-first heap   total 262144K, used 206749K [0x00000000e0000000, 0x0000000100000000)
  region size 1024K, 107 young (109568K), 4 survivors (4096K)
 Metaspace       used 77976K, committed 78848K, reserved 458752K
  class space    used 10585K, committed 11008K, reserved 327680K
}
Event: 19.650 GC heap after
{Heap after GC invocations=17 (full 0):
 garbage-first heap   total 262144K, used 110524K [0x00000000e0000000, 0x0000000100000000)
  region size 1024K, 12 young (12288K), 12 survivors (12288K)
 Metaspace       used 77976K, committed 78848K, reserved 458752K
  class space    used 10585K, committed 11008K, reserved 327680K
}
Event: 19.672 GC heap before
{Heap before GC invocations=17 (full 0):
 garbage-first heap   total 262144K, used 111548K [0x00000000e0000000, 0x0000000100000000)
  region size 1024K, 13 young (13312K), 12 survivors (12288K)
 Metaspace       used 78092K, committed 78912K, reserved 458752K
  class space    used 10606K, committed 11008K, reserved 327680K
}
Event: 19.685 GC heap after
{Heap after GC invocations=18 (full 0):
 garbage-first heap   total 262144K, used 110885K [0x00000000e0000000, 0x0000000100000000)
  region size 1024K, 2 young (2048K), 2 survivors (2048K)
 Metaspace       used 78092K, committed 78912K, reserved 458752K
  class space    used 10606K, committed 11008K, reserved 327680K
}
Event: 20.850 GC heap before
{Heap before GC invocations=18 (full 0):
 garbage-first heap   total 262144K, used 208165K [0x00000000e0000000, 0x0000000100000000)
  region size 1024K, 98 young (100352K), 2 survivors (2048K)
 Metaspace       used 82143K, committed 83008K, reserved 458752K
  class space    used 11035K, committed 11456K, reserved 327680K
}
Event: 20.855 GC heap after
{Heap after GC invocations=19 (full 0):
 garbage-first heap   total 262144K, used 112978K [0x00000000e0000000, 0x0000000100000000)
  region size 1024K, 4 young (4096K), 4 survivors (4096K)
 Metaspace       used 82143K, committed 83008K, reserved 458752K
  class space    used 11035K, committed 11456K, reserved 327680K
}
Event: 43.312 GC heap before
{Heap before GC invocations=19 (full 0):
 garbage-first heap   total 262144K, used 211282K [0x00000000e0000000, 0x0000000100000000)
  region size 1024K, 101 young (103424K), 4 survivors (4096K)
 Metaspace       used 85497K, committed 86400K, reserved 458752K
  class space    used 11395K, committed 11840K, reserved 327680K
}
Event: 43.321 GC heap after
{Heap after GC invocations=20 (full 0):
 garbage-first heap   total 262144K, used 116537K [0x00000000e0000000, 0x0000000100000000)
  region size 1024K, 7 young (7168K), 7 survivors (7168K)
 Metaspace       used 85497K, committed 86400K, reserved 458752K
  class space    used 11395K, committed 11840K, reserved 327680K
}
Event: 44.041 GC heap before
{Heap before GC invocations=20 (full 0):
 garbage-first heap   total 262144K, used 212793K [0x00000000e0000000, 0x0000000100000000)
  region size 1024K, 102 young (104448K), 7 survivors (7168K)
 Metaspace       used 85536K, committed 86464K, reserved 458752K
  class space    used 11396K, committed 11840K, reserved 327680K
}
Event: 44.050 GC heap after
{Heap after GC invocations=21 (full 0):
 garbage-first heap   total 262144K, used 121077K [0x00000000e0000000, 0x0000000100000000)
  region size 1024K, 10 young (10240K), 10 survivors (10240K)
 Metaspace       used 85536K, committed 86464K, reserved 458752K
  class space    used 11396K, committed 11840K, reserved 327680K
}
Event: 44.616 GC heap before
{Heap before GC invocations=21 (full 0):
 garbage-first heap   total 262144K, used 174325K [0x00000000e0000000, 0x0000000100000000)
  region size 1024K, 60 young (61440K), 10 survivors (10240K)
 Metaspace       used 86199K, committed 87104K, reserved 458752K
  class space    used 11476K, committed 11904K, reserved 327680K
}
Event: 44.626 GC heap after
{Heap after GC invocations=22 (full 0):
 garbage-first heap   total 262144K, used 129586K [0x00000000e0000000, 0x0000000100000000)
  region size 1024K, 10 young (10240K), 10 survivors (10240K)
 Metaspace       used 86199K, committed 87104K, reserved 458752K
  class space    used 11476K, committed 11904K, reserved 327680K
}
Event: 47.427 GC heap before
{Heap before GC invocations=23 (full 0):
 garbage-first heap   total 262144K, used 219698K [0x00000000e0000000, 0x0000000100000000)
  region size 1024K, 93 young (95232K), 10 survivors (10240K)
 Metaspace       used 93222K, committed 94080K, reserved 458752K
  class space    used 12343K, committed 12736K, reserved 327680K
}
Event: 47.442 GC heap after
{Heap after GC invocations=24 (full 0):
 garbage-first heap   total 262144K, used 143291K [0x00000000e0000000, 0x0000000100000000)
  region size 1024K, 12 young (12288K), 12 survivors (12288K)
 Metaspace       used 93222K, committed 94080K, reserved 458752K
  class space    used 12343K, committed 12736K, reserved 327680K
}
Event: 47.472 GC heap before
{Heap before GC invocations=24 (full 0):
 garbage-first heap   total 262144K, used 144315K [0x00000000e0000000, 0x0000000100000000)
  region size 1024K, 13 young (13312K), 12 survivors (12288K)
 Metaspace       used 93312K, committed 94272K, reserved 458752K
  class space    used 12356K, committed 12800K, reserved 327680K
}
Event: 47.479 GC heap after
{Heap after GC invocations=25 (full 0):
 garbage-first heap   total 262144K, used 139084K [0x00000000e0000000, 0x0000000100000000)
  region size 1024K, 2 young (2048K), 2 survivors (2048K)
 Metaspace       used 93312K, committed 94272K, reserved 458752K
  class space    used 12356K, committed 12800K, reserved 327680K
}

Dll operation events (15 events):
Event: 0.009 Loaded shared library C:\Program Files\Microsoft\jdk-17.0.15.6-hotspot\bin\java.dll
Event: 0.028 Loaded shared library C:\Program Files\Microsoft\jdk-17.0.15.6-hotspot\bin\jsvml.dll
Event: 0.072 Loaded shared library C:\Program Files\Microsoft\jdk-17.0.15.6-hotspot\bin\zip.dll
Event: 0.075 Loaded shared library C:\Program Files\Microsoft\jdk-17.0.15.6-hotspot\bin\instrument.dll
Event: 0.081 Loaded shared library C:\Program Files\Microsoft\jdk-17.0.15.6-hotspot\bin\net.dll
Event: 0.082 Loaded shared library C:\Program Files\Microsoft\jdk-17.0.15.6-hotspot\bin\nio.dll
Event: 0.084 Loaded shared library C:\Program Files\Microsoft\jdk-17.0.15.6-hotspot\bin\zip.dll
Event: 0.319 Loaded shared library C:\Program Files\Microsoft\jdk-17.0.15.6-hotspot\bin\jimage.dll
Event: 0.539 Loaded shared library C:\Program Files\Microsoft\jdk-17.0.15.6-hotspot\bin\verify.dll
Event: 0.731 Loaded shared library C:\Users\HP\.gradle\native\c067742578af261105cb4f569cf0c3c89f3d7b1fecec35dd04571415982c5e48\windows-amd64\native-platform.dll
Event: 0.735 Loaded shared library C:\Users\HP\.gradle\native\100fb08df4bc3b14c8652ba06237920a3bd2aa13389f12d3474272988ae205f9\windows-amd64\native-platform-file-events.dll
Event: 1.759 Loaded shared library C:\Program Files\Microsoft\jdk-17.0.15.6-hotspot\bin\management.dll
Event: 1.762 Loaded shared library C:\Program Files\Microsoft\jdk-17.0.15.6-hotspot\bin\management_ext.dll
Event: 1.920 Loaded shared library C:\Program Files\Microsoft\jdk-17.0.15.6-hotspot\bin\extnet.dll
Event: 2.081 Loaded shared library C:\Program Files\Microsoft\jdk-17.0.15.6-hotspot\bin\sunmscapi.dll

Deoptimization events (20 events):
Event: 45.430 Thread 0x000002883be38570 Uncommon trap: trap_request=0xffffffbe fr.pc=0x000002881589cac8 relative=0x00000000000011e8
Event: 45.430 Thread 0x000002883be38570 Uncommon trap: reason=profile_predicate action=maybe_recompile pc=0x000002881589cac8 method=com.google.common.collect.MapMakerInternalMap$Segment.expand()V @ 189 c2
Event: 45.430 Thread 0x000002883be38570 DEOPT PACKING pc=0x000002881589cac8 sp=0x000000a493df0800
Event: 45.430 Thread 0x000002883be38570 DEOPT UNPACKING pc=0x0000028814b869a3 sp=0x000000a493df0798 mode 2
Event: 45.952 Thread 0x000002883be38570 Uncommon trap: trap_request=0xffffffde fr.pc=0x000002881558bd7c relative=0x000000000000005c
Event: 45.952 Thread 0x000002883be38570 Uncommon trap: reason=class_check action=maybe_recompile pc=0x000002881558bd7c method=java.lang.invoke.Invokers$Holder.linkToTargetMethod(Ljava/lang/Object;Ljava/lang/Object;Ljava/lang/Object;Ljava/lang/Object;)Ljava/lang/Object; @ 1 c2
Event: 45.952 Thread 0x000002883be38570 DEOPT PACKING pc=0x000002881558bd7c sp=0x000000a493df5910
Event: 45.952 Thread 0x000002883be38570 DEOPT UNPACKING pc=0x0000028814b869a3 sp=0x000000a493df58a0 mode 2
Event: 46.019 Thread 0x000002883be38570 DEOPT PACKING pc=0x000002880ded6039 sp=0x000000a493df2da0
Event: 46.019 Thread 0x000002883be38570 DEOPT UNPACKING pc=0x0000028814b87143 sp=0x000000a493df2238 mode 0
Event: 46.022 Thread 0x000002883be38570 DEOPT PACKING pc=0x000002880d94b422 sp=0x000000a493df2ca0
Event: 46.022 Thread 0x000002883be38570 DEOPT UNPACKING pc=0x0000028814b87143 sp=0x000000a493df2138 mode 0
Event: 46.023 Thread 0x000002883be38570 DEOPT PACKING pc=0x000002880d94b422 sp=0x000000a493df2ca0
Event: 46.023 Thread 0x000002883be38570 DEOPT UNPACKING pc=0x0000028814b87143 sp=0x000000a493df2138 mode 0
Event: 46.048 Thread 0x000002883be38570 Uncommon trap: trap_request=0xffffffc6 fr.pc=0x00000288153e79d0 relative=0x0000000000000670
Event: 46.048 Thread 0x000002883be38570 Uncommon trap: reason=bimorphic_or_optimized_type_check action=maybe_recompile pc=0x00000288153e79d0 method=sun.security.provider.DigestBase.engineUpdate([BII)V @ 128 c2
Event: 46.048 Thread 0x000002883be38570 DEOPT PACKING pc=0x00000288153e79d0 sp=0x000000a493df2db0
Event: 46.048 Thread 0x000002883be38570 DEOPT UNPACKING pc=0x0000028814b869a3 sp=0x000000a493df2d88 mode 2
Event: 46.049 Thread 0x000002883be38570 DEOPT PACKING pc=0x000002880d94b422 sp=0x000000a493df2c40
Event: 46.049 Thread 0x000002883be38570 DEOPT UNPACKING pc=0x0000028814b87143 sp=0x000000a493df20d8 mode 0

Classes loaded (20 events):
Event: 45.421 Loading class org/w3c/dom/traversal/NodeIterator
Event: 45.421 Loading class org/w3c/dom/traversal/NodeIterator done
Event: 45.421 Loading class org/w3c/dom/traversal/TreeWalker
Event: 45.422 Loading class org/w3c/dom/traversal/TreeWalker done
Event: 45.422 Loading class org/w3c/dom/ranges/Range
Event: 45.422 Loading class org/w3c/dom/ranges/Range done
Event: 45.422 Loading class org/w3c/dom/events/EventException
Event: 45.422 Loading class org/w3c/dom/events/EventException done
Event: 46.013 Loading class sun/security/x509/NetscapeCertTypeExtension
Event: 46.014 Loading class sun/security/x509/NetscapeCertTypeExtension done
Event: 46.014 Loading class sun/security/x509/NetscapeCertTypeExtension$MapEntry
Event: 46.014 Loading class sun/security/x509/NetscapeCertTypeExtension$MapEntry done
Event: 46.014 Loading class sun/security/x509/SubjectAlternativeNameExtension
Event: 46.015 Loading class sun/security/x509/SubjectAlternativeNameExtension done
Event: 46.015 Loading class sun/security/x509/RFC822Name
Event: 46.016 Loading class sun/security/x509/RFC822Name done
Event: 46.019 Loading class sun/security/rsa/RSASignature$SHA1withRSA
Event: 46.019 Loading class sun/security/rsa/RSASignature$SHA1withRSA done
Event: 46.021 Loading class sun/security/provider/DSA$SHA1withDSA
Event: 46.021 Loading class sun/security/provider/DSA$SHA1withDSA done

Classes unloaded (0 events):
No events

Classes redefined (0 events):
No events

Internal exceptions (20 events):
Event: 20.601 Thread 0x000002883be38570 Exception <a 'java/lang/ClassNotFoundException'{0x00000000eb863488}: build_7rnjo2eo8nb709uqg7gfki7b7Customizer> (0x00000000eb863488) 
thrown [s\src\hotspot\share\classfile\systemDictionary.cpp, line 256]
Event: 20.848 Thread 0x000002883be38570 Exception <a 'java/lang/NoClassDefFoundError'{0x00000000e9e4a310}: org/gradle/initialization/BuildCompletionListener> (0x00000000e9e4a310) 
thrown [s\src\hotspot\share\classfile\systemDictionary.cpp, line 245]
Event: 41.289 Thread 0x000002883be38570 Exception <a 'sun/nio/fs/WindowsException'{0x00000000eeb8c9e8}> (0x00000000eeb8c9e8) 
thrown [s\src\hotspot\share\prims\jni.cpp, line 516]
Event: 41.290 Thread 0x000002883be38570 Exception <a 'sun/nio/fs/WindowsException'{0x00000000eeb8e128}> (0x00000000eeb8e128) 
thrown [s\src\hotspot\share\prims\jni.cpp, line 516]
Event: 41.290 Thread 0x000002883be38570 Exception <a 'sun/nio/fs/WindowsException'{0x00000000eeb8f858}> (0x00000000eeb8f858) 
thrown [s\src\hotspot\share\prims\jni.cpp, line 516]
Event: 41.291 Thread 0x000002883be38570 Exception <a 'sun/nio/fs/WindowsException'{0x00000000eeb90f60}> (0x00000000eeb90f60) 
thrown [s\src\hotspot\share\prims\jni.cpp, line 516]
Event: 41.623 Thread 0x000002883be38570 Exception <a 'java/lang/ClassNotFoundException'{0x00000000ed5ed660}: build_ae6so9sf2ro1v41hh3xetz1ayBeanInfo> (0x00000000ed5ed660) 
thrown [s\src\hotspot\share\classfile\systemDictionary.cpp, line 256]
Event: 41.624 Thread 0x000002883be38570 Exception <a 'java/lang/ClassNotFoundException'{0x00000000ed5f4798}: build_ae6so9sf2ro1v41hh3xetz1ayCustomizer> (0x00000000ed5f4798) 
thrown [s\src\hotspot\share\classfile\systemDictionary.cpp, line 256]
Event: 42.238 Thread 0x000002883be38570 Exception <a 'java/lang/NoClassDefFoundError'{0x00000000eba2a3e8}: org/gradle/initialization/BuildCompletionListener> (0x00000000eba2a3e8) 
thrown [s\src\hotspot\share\classfile\systemDictionary.cpp, line 245]
Event: 42.756 Thread 0x000002883be38570 Exception <a 'sun/nio/fs/WindowsException'{0x00000000ea921910}> (0x00000000ea921910) 
thrown [s\src\hotspot\share\prims\jni.cpp, line 516]
Event: 42.757 Thread 0x000002883be38570 Exception <a 'sun/nio/fs/WindowsException'{0x00000000ea923050}> (0x00000000ea923050) 
thrown [s\src\hotspot\share\prims\jni.cpp, line 516]
Event: 42.757 Thread 0x000002883be38570 Exception <a 'sun/nio/fs/WindowsException'{0x00000000ea924780}> (0x00000000ea924780) 
thrown [s\src\hotspot\share\prims\jni.cpp, line 516]
Event: 42.758 Thread 0x000002883be38570 Exception <a 'sun/nio/fs/WindowsException'{0x00000000ea925e88}> (0x00000000ea925e88) 
thrown [s\src\hotspot\share\prims\jni.cpp, line 516]
Event: 42.805 Thread 0x000002883be38570 Exception <a 'java/lang/ClassNotFoundException'{0x00000000ea8c1500}: build_e6g2xtden2z60om4qeazb2auaBeanInfo> (0x00000000ea8c1500) 
thrown [s\src\hotspot\share\classfile\systemDictionary.cpp, line 256]
Event: 42.805 Thread 0x000002883be38570 Exception <a 'java/lang/ClassNotFoundException'{0x00000000ea8c86c0}: build_e6g2xtden2z60om4qeazb2auaCustomizer> (0x00000000ea8c86c0) 
thrown [s\src\hotspot\share\classfile\systemDictionary.cpp, line 256]
Event: 42.831 Thread 0x000002883be38570 Exception <a 'java/lang/ClassNotFoundException'{0x00000000ea738098}: build_e6g2xtden2z60om4qeazb2aua$_run_closure1BeanInfo> (0x00000000ea738098) 
thrown [s\src\hotspot\share\classfile\systemDictionary.cpp, line 256]
Event: 42.831 Thread 0x000002883be38570 Exception <a 'java/lang/ClassNotFoundException'{0x00000000ea73fe78}: build_e6g2xtden2z60om4qeazb2aua$_run_closure1Customizer> (0x00000000ea73fe78) 
thrown [s\src\hotspot\share\classfile\systemDictionary.cpp, line 256]
Event: 44.386 Thread 0x000002883be38570 Exception <a 'java/lang/ClassNotFoundException'{0x00000000ed89f4f8}: build_e6g2xtden2z60om4qeazb2auaBeanInfo> (0x00000000ed89f4f8) 
thrown [s\src\hotspot\share\classfile\systemDictionary.cpp, line 256]
Event: 44.387 Thread 0x000002883be38570 Exception <a 'java/lang/ClassNotFoundException'{0x00000000ed8a6630}: build_e6g2xtden2z60om4qeazb2auaCustomizer> (0x00000000ed8a6630) 
thrown [s\src\hotspot\share\classfile\systemDictionary.cpp, line 256]
Event: 45.930 Thread 0x000002883be38570 Exception <a 'java/lang/NoSuchMethodError'{0x00000000ebf3d6e0}: 'void java.lang.invoke.DirectMethodHandle$Holder.invokeInterface(java.lang.Object, java.lang.Object, java.lang.Object, java.lang.Object)'> (0x00000000ebf3d6e0) 
thrown [s\src\hotspot\share\interpreter\linkResolver.cpp, line 759]

VM Operations (20 events):
Event: 43.321 Executing VM operation: G1CollectForAllocation done
Event: 44.041 Executing VM operation: G1CollectForAllocation
Event: 44.050 Executing VM operation: G1CollectForAllocation done
Event: 44.616 Executing VM operation: G1TryInitiateConcMark
Event: 44.626 Executing VM operation: G1TryInitiateConcMark done
Event: 44.682 Executing VM operation: G1PauseRemark
Event: 44.699 Executing VM operation: G1PauseRemark done
Event: 44.723 Executing VM operation: G1PauseCleanup
Event: 44.723 Executing VM operation: G1PauseCleanup done
Event: 45.327 Executing VM operation: HandshakeAllThreads
Event: 45.328 Executing VM operation: HandshakeAllThreads done
Event: 46.341 Executing VM operation: Cleanup
Event: 46.341 Executing VM operation: Cleanup done
Event: 47.342 Executing VM operation: Cleanup
Event: 47.343 Executing VM operation: Cleanup done
Event: 47.427 Executing VM operation: G1CollectForAllocation
Event: 47.442 Executing VM operation: G1CollectForAllocation done
Event: 47.472 Executing VM operation: G1CollectForAllocation
Event: 47.479 Executing VM operation: G1CollectForAllocation done
Event: 48.493 Executing VM operation: Cleanup

Memory protections (0 events):
No events

Nmethod flushes (20 events):
Event: 14.282 Thread 0x0000028820b0fcb0 flushing  nmethod 0x000002880e34b290
Event: 14.282 Thread 0x0000028820b0fcb0 flushing  nmethod 0x000002880e34be10
Event: 14.282 Thread 0x0000028820b0fcb0 flushing  nmethod 0x000002880e34c790
Event: 14.282 Thread 0x0000028820b0fcb0 flushing  nmethod 0x000002880e34f790
Event: 14.282 Thread 0x0000028820b0fcb0 flushing  nmethod 0x000002880e35cd90
Event: 14.282 Thread 0x0000028820b0fcb0 flushing  nmethod 0x000002880e379590
Event: 14.282 Thread 0x0000028820b0fcb0 flushing  nmethod 0x000002880e379c90
Event: 14.282 Thread 0x0000028820b0fcb0 flushing  nmethod 0x000002880e37e390
Event: 14.282 Thread 0x0000028820b0fcb0 flushing  nmethod 0x000002880e39a210
Event: 14.282 Thread 0x0000028820b0fcb0 flushing  nmethod 0x000002880e3b1a10
Event: 14.282 Thread 0x0000028820b0fcb0 flushing  nmethod 0x000002880e3b2510
Event: 14.282 Thread 0x0000028820b0fcb0 flushing  nmethod 0x000002880e3c1790
Event: 14.282 Thread 0x0000028820b0fcb0 flushing  nmethod 0x000002880e3fb010
Event: 14.282 Thread 0x0000028820b0fcb0 flushing  nmethod 0x000002880e3ffc90
Event: 14.282 Thread 0x0000028820b0fcb0 flushing  nmethod 0x000002880e40ed90
Event: 14.282 Thread 0x0000028820b0fcb0 flushing  nmethod 0x000002880e44ba10
Event: 14.283 Thread 0x0000028820b0fcb0 flushing  nmethod 0x000002880e592c10
Event: 18.953 Thread 0x0000028820b0fcb0 flushing  nmethod 0x000002880daefe10
Event: 18.954 Thread 0x0000028820b0fcb0 flushing  nmethod 0x000002880dbf0890
Event: 18.954 Thread 0x0000028820b0fcb0 flushing  nmethod 0x000002880dcc4210

Events (20 events):
Event: 43.466 Thread 0x000002883be38570 Thread added: 0x000002883c476d00
Event: 43.469 Thread 0x000002883be38570 Thread added: 0x000002883c473a60
Event: 43.472 Thread 0x000002883be38570 Thread added: 0x000002883c477720
Event: 43.475 Thread 0x000002883be38570 Thread added: 0x000002883c477c30
Event: 43.482 Thread 0x000002883be38570 Thread added: 0x000002883c478650
Event: 43.647 Thread 0x000002883be38570 Thread added: 0x000002883c474ea0
Event: 43.647 Thread 0x000002883be38570 Thread added: 0x000002883c478b60
Event: 43.648 Thread 0x000002883be38570 Thread added: 0x000002883c4753b0
Event: 43.648 Thread 0x000002883be38570 Thread added: 0x000002883c479a90
Event: 43.648 Thread 0x000002883be38570 Thread added: 0x000002883c479fa0
Event: 43.649 Thread 0x000002883be38570 Thread added: 0x000002883c479070
Event: 43.649 Thread 0x000002883be38570 Thread added: 0x000002883c479580
Event: 43.650 Thread 0x000002883be38570 Thread added: 0x000002883c47a4b0
Event: 43.650 Thread 0x000002883be38570 Thread added: 0x000002883c47a9c0
Event: 43.650 Thread 0x000002883be38570 Thread added: 0x000002883ee09d20
Event: 43.651 Thread 0x000002883be38570 Thread added: 0x000002883ee074a0
Event: 44.794 Thread 0x000002883f0360b0 Thread exited: 0x000002883f0360b0
Event: 45.460 Thread 0x0000028820b281c0 Thread added: 0x000002883f034b70
Event: 45.756 Thread 0x000002883f034b70 Thread exited: 0x000002883f034b70
Event: 45.925 Thread 0x0000028820b281c0 Thread added: 0x000002883f034b70


Dynamic libraries:
0x00007ff77d7d0000 - 0x00007ff77d7de000 	C:\Program Files\Microsoft\jdk-17.0.15.6-hotspot\bin\java.exe
0x00007ff8dc440000 - 0x00007ff8dc6a7000 	C:\WINDOWS\SYSTEM32\ntdll.dll
0x00007ff8db7d0000 - 0x00007ff8db899000 	C:\WINDOWS\System32\KERNEL32.DLL
0x00007ff8d9bd0000 - 0x00007ff8d9fc1000 	C:\WINDOWS\System32\KERNELBASE.dll
0x00007ff8d9fd0000 - 0x00007ff8da11b000 	C:\WINDOWS\System32\ucrtbase.dll
0x00007ff897430000 - 0x00007ff897447000 	C:\Program Files\Microsoft\jdk-17.0.15.6-hotspot\bin\jli.dll
0x00007ff8b9530000 - 0x00007ff8b954d000 	C:\Program Files\Microsoft\jdk-17.0.15.6-hotspot\bin\VCRUNTIME140.dll
0x00007ff8db410000 - 0x00007ff8db5d5000 	C:\WINDOWS\System32\USER32.dll
0x00007ff8d9970000 - 0x00007ff8d9997000 	C:\WINDOWS\System32\win32u.dll
0x00007ff8dbed0000 - 0x00007ff8dbefb000 	C:\WINDOWS\System32\GDI32.dll
0x00007ff8d97b0000 - 0x00007ff8d98da000 	C:\WINDOWS\System32\gdi32full.dll
0x00007ff8b8ca0000 - 0x00007ff8b8f33000 	C:\WINDOWS\WinSxS\amd64_microsoft.windows.common-controls_6595b64144ccf1df_6.0.26100.7922_none_3e089e1ee3342171\COMCTL32.dll
0x00007ff8d9b20000 - 0x00007ff8d9bc3000 	C:\WINDOWS\System32\msvcp_win.dll
0x00007ff8da2b0000 - 0x00007ff8da359000 	C:\WINDOWS\System32\msvcrt.dll
0x00007ff8da360000 - 0x00007ff8da391000 	C:\WINDOWS\System32\IMM32.DLL
0x00007ff899b90000 - 0x00007ff899b9c000 	C:\Program Files\Microsoft\jdk-17.0.15.6-hotspot\bin\vcruntime140_1.dll
0x00007ff83d120000 - 0x00007ff83d1ad000 	C:\Program Files\Microsoft\jdk-17.0.15.6-hotspot\bin\msvcp140.dll
0x00007ff834070000 - 0x00007ff834ce2000 	C:\Program Files\Microsoft\jdk-17.0.15.6-hotspot\bin\server\jvm.dll
0x00007ff8db220000 - 0x00007ff8db2db000 	C:\WINDOWS\System32\ADVAPI32.dll
0x00007ff8da9f0000 - 0x00007ff8daa97000 	C:\WINDOWS\System32\sechost.dll
0x00007ff8db2e0000 - 0x00007ff8db3f8000 	C:\WINDOWS\System32\RPCRT4.dll
0x00007ff8db740000 - 0x00007ff8db7b4000 	C:\WINDOWS\System32\WS2_32.dll
0x00007ff8d8b80000 - 0x00007ff8d8bde000 	C:\WINDOWS\SYSTEM32\POWRPROF.dll
0x00007ff8d0b20000 - 0x00007ff8d0b55000 	C:\WINDOWS\SYSTEM32\WINMM.dll
0x00007ff8c6ef0000 - 0x00007ff8c6efb000 	C:\WINDOWS\SYSTEM32\VERSION.dll
0x00007ff8d8b60000 - 0x00007ff8d8b74000 	C:\WINDOWS\SYSTEM32\UMPDC.dll
0x00007ff8d7ab0000 - 0x00007ff8d7acb000 	C:\WINDOWS\SYSTEM32\kernel.appcore.dll
0x00007ff897890000 - 0x00007ff89789a000 	C:\Program Files\Microsoft\jdk-17.0.15.6-hotspot\bin\jimage.dll
0x00007ff8d6bc0000 - 0x00007ff8d6e02000 	C:\WINDOWS\SYSTEM32\DBGHELP.DLL
0x00007ff8dbf70000 - 0x00007ff8dc2f2000 	C:\WINDOWS\System32\combase.dll
0x00007ff8dbb90000 - 0x00007ff8dbc67000 	C:\WINDOWS\System32\OLEAUT32.dll
0x00007ff8b6050000 - 0x00007ff8b608b000 	C:\WINDOWS\SYSTEM32\dbgcore.DLL
0x00007ff8d9700000 - 0x00007ff8d97a5000 	C:\WINDOWS\System32\bcryptPrimitives.dll
0x00007ff88e7d0000 - 0x00007ff88e7de000 	C:\Program Files\Microsoft\jdk-17.0.15.6-hotspot\bin\instrument.dll
0x00007ff897400000 - 0x00007ff897425000 	C:\Program Files\Microsoft\jdk-17.0.15.6-hotspot\bin\java.dll
0x00007ff83d040000 - 0x00007ff83d116000 	C:\Program Files\Microsoft\jdk-17.0.15.6-hotspot\bin\jsvml.dll
0x00007ff8daab0000 - 0x00007ff8db20f000 	C:\WINDOWS\System32\SHELL32.dll
0x00007ff8d8d20000 - 0x00007ff8d8e8a000 	C:\WINDOWS\System32\wintypes.dll
0x00007ff8d8e90000 - 0x00007ff8d96f4000 	C:\WINDOWS\System32\windows.storage.dll
0x00007ff8dbdd0000 - 0x00007ff8dbec7000 	C:\WINDOWS\System32\SHCORE.dll
0x00007ff8dbf00000 - 0x00007ff8dbf67000 	C:\WINDOWS\System32\shlwapi.dll
0x00007ff8d8c40000 - 0x00007ff8d8c69000 	C:\WINDOWS\SYSTEM32\profapi.dll
0x00007ff8838b0000 - 0x00007ff8838c8000 	C:\Program Files\Microsoft\jdk-17.0.15.6-hotspot\bin\zip.dll
0x00007ff88a720000 - 0x00007ff88a73a000 	C:\Program Files\Microsoft\jdk-17.0.15.6-hotspot\bin\net.dll
0x00007ff8cda60000 - 0x00007ff8cdb87000 	C:\WINDOWS\SYSTEM32\WINHTTP.dll
0x00007ff8d8020000 - 0x00007ff8d808b000 	C:\WINDOWS\system32\mswsock.dll
0x00007ff88a700000 - 0x00007ff88a716000 	C:\Program Files\Microsoft\jdk-17.0.15.6-hotspot\bin\nio.dll
0x00007ff8976e0000 - 0x00007ff8976f0000 	C:\Program Files\Microsoft\jdk-17.0.15.6-hotspot\bin\verify.dll
0x00007ff886160000 - 0x00007ff886187000 	C:\Users\HP\.gradle\native\c067742578af261105cb4f569cf0c3c89f3d7b1fecec35dd04571415982c5e48\windows-amd64\native-platform.dll
0x00007ff8796e0000 - 0x00007ff879824000 	C:\Users\HP\.gradle\native\100fb08df4bc3b14c8652ba06237920a3bd2aa13389f12d3474272988ae205f9\windows-amd64\native-platform-file-events.dll
0x00007ff894870000 - 0x00007ff89487a000 	C:\Program Files\Microsoft\jdk-17.0.15.6-hotspot\bin\management.dll
0x00007ff893630000 - 0x00007ff89363b000 	C:\Program Files\Microsoft\jdk-17.0.15.6-hotspot\bin\management_ext.dll
0x00007ff8db7c0000 - 0x00007ff8db7c8000 	C:\WINDOWS\System32\PSAPI.DLL
0x00007ff8d8300000 - 0x00007ff8d831b000 	C:\WINDOWS\SYSTEM32\CRYPTSP.dll
0x00007ff8d7a10000 - 0x00007ff8d7a49000 	C:\WINDOWS\system32\rsaenh.dll
0x00007ff8d80d0000 - 0x00007ff8d8102000 	C:\WINDOWS\SYSTEM32\USERENV.dll
0x00007ff8d8c10000 - 0x00007ff8d8c3a000 	C:\WINDOWS\SYSTEM32\bcrypt.dll
0x00007ff8d8320000 - 0x00007ff8d832c000 	C:\WINDOWS\SYSTEM32\CRYPTBASE.dll
0x00007ff8d7470000 - 0x00007ff8d74a3000 	C:\WINDOWS\SYSTEM32\IPHLPAPI.DLL
0x00007ff8daaa0000 - 0x00007ff8daaaa000 	C:\WINDOWS\System32\NSI.dll
0x00007ff8d0ef0000 - 0x00007ff8d0f0d000 	C:\WINDOWS\SYSTEM32\dhcpcsvc6.DLL
0x00007ff8cfb00000 - 0x00007ff8cfb23000 	C:\WINDOWS\SYSTEM32\dhcpcsvc.DLL
0x00007ff8d7500000 - 0x00007ff8d762a000 	C:\WINDOWS\SYSTEM32\DNSAPI.dll
0x00007ff893090000 - 0x00007ff893099000 	C:\Program Files\Microsoft\jdk-17.0.15.6-hotspot\bin\extnet.dll
0x00007ff88de20000 - 0x00007ff88de2e000 	C:\Program Files\Microsoft\jdk-17.0.15.6-hotspot\bin\sunmscapi.dll
0x00007ff8d99a0000 - 0x00007ff8d9b17000 	C:\WINDOWS\System32\CRYPT32.dll
0x00007ff8d8520000 - 0x00007ff8d8550000 	C:\WINDOWS\SYSTEM32\ncrypt.dll
0x00007ff8d84d0000 - 0x00007ff8d850f000 	C:\WINDOWS\SYSTEM32\NTASN1.dll
0x00007ff8c4030000 - 0x00007ff8c4038000 	C:\WINDOWS\system32\wshunix.dll

dbghelp: loaded successfully - version: 4.0.5 - missing functions: none
symbol engine: initialized successfully - sym options: 0x614 - pdb path: .;C:\Program Files\Microsoft\jdk-17.0.15.6-hotspot\bin;C:\WINDOWS\SYSTEM32;C:\WINDOWS\WinSxS\amd64_microsoft.windows.common-controls_6595b64144ccf1df_6.0.26100.7922_none_3e089e1ee3342171;C:\Program Files\Microsoft\jdk-17.0.15.6-hotspot\bin\server;C:\Users\HP\.gradle\native\c067742578af261105cb4f569cf0c3c89f3d7b1fecec35dd04571415982c5e48\windows-amd64;C:\Users\HP\.gradle\native\100fb08df4bc3b14c8652ba06237920a3bd2aa13389f12d3474272988ae205f9\windows-amd64

VM Arguments:
jvm_args: --add-opens=java.base/java.util=ALL-UNNAMED --add-opens=java.base/java.lang=ALL-UNNAMED --add-opens=java.base/java.lang.invoke=ALL-UNNAMED --add-opens=java.prefs/java.util.prefs=ALL-UNNAMED --add-exports=jdk.compiler/com.sun.tools.javac.api=ALL-UNNAMED --add-exports=jdk.compiler/com.sun.tools.javac.util=ALL-UNNAMED --add-opens=java.base/java.nio.charset=ALL-UNNAMED --add-opens=java.base/java.net=ALL-UNNAMED --add-opens=java.base/java.util.concurrent.atomic=ALL-UNNAMED -XX:MaxMetaspaceSize=384m -XX:+HeapDumpOnOutOfMemoryError -Xms256m -Xmx512m -Dfile.encoding=utf8 -Duser.country=IN -Duser.language=en -Duser.variant -javaagent:C:\Users\HP\.gradle\wrapper\dists\gradle-8.9-bin\90cnw93cvbtalezasaz0blq0a\gradle-8.9\lib\agents\gradle-instrumentation-agent-8.9.jar 
java_command: org.gradle.launcher.daemon.bootstrap.GradleDaemon 8.9
java_class_path (initial): C:\Users\HP\.gradle\wrapper\dists\gradle-8.9-bin\90cnw93cvbtalezasaz0blq0a\gradle-8.9\lib\gradle-daemon-main-8.9.jar
Launcher Type: SUN_STANDARD

[Global flags]
     intx CICompilerCount                          = 4                                         {product} {ergonomic}
   size_t CompressedClassSpaceSize                 = 335544320                                 {product} {ergonomic}
     uint ConcGCThreads                            = 3                                         {product} {ergonomic}
     uint G1ConcRefinementThreads                  = 10                                        {product} {ergonomic}
   size_t G1HeapRegionSize                         = 1048576                                   {product} {ergonomic}
    uintx GCDrainStackTargetSize                   = 64                                        {product} {ergonomic}
     bool HeapDumpOnOutOfMemoryError               = true                                   {manageable} {command line}
   size_t InitialHeapSize                          = 268435456                                 {product} {command line}
   size_t MarkStackSize                            = 4194304                                   {product} {ergonomic}
   size_t MaxHeapSize                              = 536870912                                 {product} {command line}
   size_t MaxMetaspaceSize                         = 402653184                                 {product} {command line}
   size_t MaxNewSize                               = 321912832                                 {product} {ergonomic}
   size_t MinHeapDeltaBytes                        = 1048576                                   {product} {ergonomic}
   size_t MinHeapSize                              = 268435456                                 {product} {command line}
    uintx NonNMethodCodeHeapSize                   = 5839372                                {pd product} {ergonomic}
    uintx NonProfiledCodeHeapSize                  = 122909434                              {pd product} {ergonomic}
    uintx ProfiledCodeHeapSize                     = 122909434                              {pd product} {ergonomic}
    uintx ReservedCodeCacheSize                    = 251658240                              {pd product} {ergonomic}
     bool SegmentedCodeCache                       = true                                      {product} {ergonomic}
   size_t SoftMaxHeapSize                          = 536870912                              {manageable} {ergonomic}
     bool UseCompressedClassPointers               = true                           {product lp64_product} {ergonomic}
     bool UseCompressedOops                        = true                           {product lp64_product} {ergonomic}
     bool UseG1GC                                  = true                                      {product} {ergonomic}
     bool UseLargePagesIndividualAllocation        = false                                  {pd product} {ergonomic}

Logging:
Log output configuration:
 #0: stdout all=warning uptime,level,tags
 #1: stderr all=off uptime,level,tags

Environment Variables:
JAVA_HOME=C:\Program Files\Microsoft\jdk-17.0.15.6-hotspot
PATH=C:\Users\HP\AppData\Local\Programs\Microsoft VS Code;C:\Program Files\Microsoft\jdk-17.0.15.6-hotspot\bin;C:\WINDOWS\system32;C:\WINDOWS;C:\WINDOWS\System32\Wbem;C:\WINDOWS\System32\WindowsPowerShell\v1.0\;C:\WINDOWS\System32\OpenSSH\;C:\Program Files\Git\cmd;C:\Program Files\dotnet\;C:\ProgramData\chocolatey\bin;C:\Users\HP\AppData\Local\Android\Sdk\platform-tools;C:\Users\HP\AppData\Local\Android\Sdk;C:\Users\HP\AppData\Local\Android\Sdk\emulator;;C:\Program Files\Docker\Docker\resources\bin;C:\Program Files\PuTTY\;C:\Program Files\nodejs\;C:\Program Files\MySQL\MySQL Shell 8.0\bin\;C:\Users\HP\AppData\Local\Microsoft\WindowsApps;C:\Users\HP\AppData\Local\Programs\Microsoft VS Code\bin;C:\Users\HP\AppData\Local\Android\Sdk\platform-tools;C:\Users\HP\AppData\Local\Android\Sdk;C:\Users\HP\AppData\Local\Android\Sdk\emulator;C:\Users\HP\AppData\Roaming\npm
USERNAME=HP
OS=Windows_NT
PROCESSOR_IDENTIFIER=Intel64 Family 6 Model 154 Stepping 4, GenuineIntel
TMP=C:\Users\HP\AppData\Local\Temp
TEMP=C:\Users\HP\AppData\Local\Temp



Periodic native trim disabled


---------------  S Y S T E M  ---------------

OS:
 Windows 11 , 64 bit Build 26100 (10.0.26100.7920)
OS uptime: 13 days 22:24 hours
Hyper-V role detected

CPU: total 12 (initial active 12) (6 cores per cpu, 2 threads per core) family 6 model 154 stepping 4 microcode 0x432, cx8, cmov, fxsr, ht, mmx, 3dnowpref, sse, sse2, sse3, ssse3, sse4.1, sse4.2, popcnt, lzcnt, tsc, tscinvbit, avx, avx2, aes, erms, clmul, bmi1, bmi2, adx, sha, fma, vzeroupper, clflush, clflushopt, clwb, hv
Processor Information for processor 0
  Max Mhz: 1300, Current Mhz: 1300, Mhz Limit: 1300
Processor Information for processor 1
  Max Mhz: 1300, Current Mhz: 1300, Mhz Limit: 1300
Processor Information for processor 2
  Max Mhz: 1300, Current Mhz: 1300, Mhz Limit: 1300
Processor Information for processor 3
  Max Mhz: 1300, Current Mhz: 1300, Mhz Limit: 1300
Processor Information for processor 4
  Max Mhz: 1300, Current Mhz: 900, Mhz Limit: 897
Processor Information for processor 5
  Max Mhz: 1300, Current Mhz: 900, Mhz Limit: 897
Processor Information for processor 6
  Max Mhz: 1300, Current Mhz: 900, Mhz Limit: 897
Processor Information for processor 7
  Max Mhz: 1300, Current Mhz: 900, Mhz Limit: 897
Processor Information for processor 8
  Max Mhz: 1300, Current Mhz: 900, Mhz Limit: 897
Processor Information for processor 9
  Max Mhz: 1300, Current Mhz: 900, Mhz Limit: 897
Processor Information for processor 10
  Max Mhz: 1300, Current Mhz: 900, Mhz Limit: 897
Processor Information for processor 11
  Max Mhz: 1300, Current Mhz: 900, Mhz Limit: 897

Memory: 4k page, system-wide physical 7835M (544M free)
TotalPageFile size 31387M (AvailPageFile size 2M)
current process WorkingSet (physical memory assigned to process): 423M, peak: 519M
current process commit charge ("private bytes"): 588M, peak: 590M

vm_info: OpenJDK 64-Bit Server VM (17.0.15+6-LTS) for windows-amd64 JRE (17.0.15+6-LTS), built on Apr  9 2025 22:27:25 by "MicrosoftCorporation" with unknown MS VC++:1939

END.
