#
# There is insufficient memory for the Java Runtime Environment to continue.
# Native memory allocation (malloc) failed to allocate 1066048 bytes. Error detail: Chunk::new
# Possible reasons:
#   The system is out of physical RAM or swap space
#   This process is running with CompressedOops enabled, and the Java Heap may be blocking the growth of the native heap
# Possible solutions:
#   Reduce memory load on the system
#   Increase physical memory or swap space
#   Check if swap backing store is full
#   Decrease Java heap size (-Xmx/-Xms)
#   Decrease number of Java threads
#   Decrease Java thread stack sizes (-Xss)
#   Set larger code cache with -XX:ReservedCodeCacheSize=
#   JVM is running with Unscaled Compressed Oops mode in which the Java heap is
#     placed in the first 4GB address space. The Java Heap base address is the
#     maximum limit for the native heap growth. Please use -XX:HeapBaseMinAddress
#     to set the Java Heap base and to place the Java Heap above 4GB virtual address.
# This output file may be truncated or incomplete.
#
#  Out of Memory Error (arena.cpp:191), pid=35388, tid=30484
#
# JRE version: OpenJDK Runtime Environment Microsoft-11369865 (17.0.15+6) (build 17.0.15+6-LTS)
# Java VM: OpenJDK 64-Bit Server VM Microsoft-11369865 (17.0.15+6-LTS, mixed mode, sharing, tiered, compressed oops, compressed class ptrs, g1 gc, windows-amd64)
# No core dump will be written. Minidumps are not enabled by default on client versions of Windows
#

---------------  S U M M A R Y ------------

Command Line: --add-opens=java.base/java.util=ALL-UNNAMED --add-opens=java.base/java.lang=ALL-UNNAMED --add-opens=java.base/java.lang.invoke=ALL-UNNAMED --add-opens=java.prefs/java.util.prefs=ALL-UNNAMED --add-exports=jdk.compiler/com.sun.tools.javac.api=ALL-UNNAMED --add-exports=jdk.compiler/com.sun.tools.javac.util=ALL-UNNAMED --add-opens=java.base/java.nio.charset=ALL-UNNAMED --add-opens=java.base/java.net=ALL-UNNAMED --add-opens=java.base/java.util.concurrent.atomic=ALL-UNNAMED -XX:MaxMetaspaceSize=384m -XX:+HeapDumpOnOutOfMemoryError -Xms256m -Xmx512m -Dfile.encoding=utf8 -Duser.country=IN -Duser.language=en -Duser.variant -javaagent:C:\Users\HP\.gradle\wrapper\dists\gradle-8.9-bin\90cnw93cvbtalezasaz0blq0a\gradle-8.9\lib\agents\gradle-instrumentation-agent-8.9.jar org.gradle.launcher.daemon.bootstrap.GradleDaemon 8.9

Host: 12th Gen Intel(R) Core(TM) i5-1235U, 12 cores, 7G,  Windows 11 , 64 bit Build 26100 (10.0.26100.7920)
Time: Thu Mar 26 11:15:25 2026 India Standard Time elapsed time: 35.957788 seconds (0d 0h 0m 35s)

---------------  T H R E A D  ---------------

Current thread (0x000001831cc656c0):  JavaThread "C2 CompilerThread0" daemon [_thread_in_native, id=30484, stack(0x0000001752600000,0x0000001752700000)]


Current CompileTask:
C2:  35957 15268   !   4       java.nio.file.Files::walkFileTree (297 bytes)

Stack: [0x0000001752600000,0x0000001752700000]
Native frames: (J=compiled Java code, j=interpreted, Vv=VM code, C=native code)
V  [jvm.dll+0x6887a9]
V  [jvm.dll+0x83f5a8]
V  [jvm.dll+0x841053]
V  [jvm.dll+0x8416c3]
V  [jvm.dll+0x2496ef]
V  [jvm.dll+0xad134]
V  [jvm.dll+0xad7cc]
V  [jvm.dll+0x36af2e]
V  [jvm.dll+0x335513]
V  [jvm.dll+0x3349aa]
V  [jvm.dll+0x21a908]
V  [jvm.dll+0x219d3f]
V  [jvm.dll+0x1a55f6]
V  [jvm.dll+0x22a39a]
V  [jvm.dll+0x2284db]
V  [jvm.dll+0x7f4e28]
V  [jvm.dll+0x7ef2dc]
V  [jvm.dll+0x687687]
C  [ucrtbase.dll+0x37b0]
C  [KERNEL32.DLL+0x2e8d7]
C  [ntdll.dll+0x8c48c]


---------------  P R O C E S S  ---------------

Threads class SMR info:
_java_thread_list=0x000001833a39e940, length=73, elements={
0x0000018301c5c620, 0x000001831cc48a90, 0x000001831cc49560, 0x000001831cc5f610,
0x000001831cc5fee0, 0x000001831cc61dd0, 0x000001831cc626a0, 0x000001831cc656c0,
0x000001831cc86090, 0x00000183360092d0, 0x0000018336113150, 0x0000018336113660,
0x0000018336116900, 0x0000018336114aa0, 0x0000018336113b70, 0x0000018336114080,
0x00000183361163f0, 0x00000183382d61e0, 0x00000183382d66f0, 0x00000183382d8040,
0x00000183382d7110, 0x00000183382d7620, 0x00000183382d52b0, 0x00000183382d9480,
0x00000183382da8c0, 0x00000183382dc210, 0x00000183382db2e0, 0x00000183382db7f0,
0x000001833974f690, 0x00000183397500b0, 0x000001833974c900, 0x000001833974d830,
0x000001833974e760, 0x000001833974ec70, 0x000001833974fba0, 0x000001833c4c8000,
0x000001833c4c9440, 0x0000018336085630, 0x0000018339751f10, 0x00000183382d6c00,
0x000001833d100aa0, 0x000001833d0ffb70, 0x00000183382d7b30, 0x00000183382d4da0,
0x00000183382d4890, 0x00000183382da3b0, 0x00000183382d9ea0, 0x00000183382d8f70,
0x0000018337394f90, 0x00000183373954a0, 0x00000183373968e0, 0x0000018337396df0,
0x0000018337394060, 0x00000183373959b0, 0x0000018337394570, 0x0000018337398230,
0x0000018337397300, 0x0000018337395ec0, 0x0000018337394a80, 0x0000018337399160,
0x0000018337397d20, 0x0000018337398740, 0x0000018337399670, 0x0000018337399b80,
0x0000018337397810, 0x000001833739aab0, 0x0000018337398c50, 0x00000183373963d0,
0x000001833739a5a0, 0x000001833739afc0, 0x000001833739b9e0, 0x000001833dd11680,
0x000001833a2edc30
}

Java Threads: ( => current thread )
  0x0000018301c5c620 JavaThread "main" [_thread_blocked, id=27212, stack(0x0000001751900000,0x0000001751a00000)]
  0x000001831cc48a90 JavaThread "Reference Handler" daemon [_thread_blocked, id=8668, stack(0x0000001752000000,0x0000001752100000)]
  0x000001831cc49560 JavaThread "Finalizer" daemon [_thread_blocked, id=31844, stack(0x0000001752100000,0x0000001752200000)]
  0x000001831cc5f610 JavaThread "Signal Dispatcher" daemon [_thread_blocked, id=23300, stack(0x0000001752200000,0x0000001752300000)]
  0x000001831cc5fee0 JavaThread "Attach Listener" daemon [_thread_blocked, id=27764, stack(0x0000001752300000,0x0000001752400000)]
  0x000001831cc61dd0 JavaThread "Service Thread" daemon [_thread_blocked, id=22924, stack(0x0000001752400000,0x0000001752500000)]
  0x000001831cc626a0 JavaThread "Monitor Deflation Thread" daemon [_thread_blocked, id=34752, stack(0x0000001752500000,0x0000001752600000)]
=>0x000001831cc656c0 JavaThread "C2 CompilerThread0" daemon [_thread_in_native, id=30484, stack(0x0000001752600000,0x0000001752700000)]
  0x000001831cc86090 JavaThread "C1 CompilerThread0" daemon [_thread_blocked, id=15268, stack(0x0000001752700000,0x0000001752800000)]
  0x00000183360092d0 JavaThread "Sweeper thread" daemon [_thread_blocked, id=34880, stack(0x0000001752800000,0x0000001752900000)]
  0x0000018336113150 JavaThread "Common-Cleaner" daemon [_thread_blocked, id=33712, stack(0x0000001752900000,0x0000001752a00000)]
  0x0000018336113660 JavaThread "Notification Thread" daemon [_thread_blocked, id=20276, stack(0x0000001752a00000,0x0000001752b00000)]
  0x0000018336116900 JavaThread "Daemon health stats" [_thread_blocked, id=22420, stack(0x0000001753300000,0x0000001753400000)]
  0x0000018336114aa0 JavaThread "Incoming local TCP Connector on port 49727" [_thread_in_native, id=17672, stack(0x0000001753400000,0x0000001753500000)]
  0x0000018336113b70 JavaThread "Daemon periodic checks" [_thread_blocked, id=34108, stack(0x0000001753500000,0x0000001753600000)]
  0x0000018336114080 JavaThread "Daemon" [_thread_blocked, id=36716, stack(0x0000001753600000,0x0000001753700000)]
  0x00000183361163f0 JavaThread "Daemon worker" [_thread_in_native, id=35348, stack(0x0000001753900000,0x0000001753a00000)]
  0x00000183382d61e0 JavaThread "Cache worker for journal cache (C:\Users\HP\.gradle\caches\journal-1)" [_thread_blocked, id=34504, stack(0x0000001753d00000,0x0000001753e00000)]
  0x00000183382d66f0 JavaThread "File lock request listener" [_thread_in_native, id=36296, stack(0x0000001753e00000,0x0000001753f00000)]
  0x00000183382d8040 JavaThread "Cache worker for file hash cache (C:\Users\HP\.gradle\caches\8.9\fileHashes)" [_thread_blocked, id=31008, stack(0x0000001753f00000,0x0000001754000000)]
  0x00000183382d7110 JavaThread "File watcher server" daemon [_thread_in_native, id=36292, stack(0x0000001754800000,0x0000001754900000)]
  0x00000183382d7620 JavaThread "File watcher consumer" daemon [_thread_blocked, id=2712, stack(0x0000001754900000,0x0000001754a00000)]
  0x00000183382d52b0 JavaThread "jar transforms" [_thread_blocked, id=10332, stack(0x0000001754a00000,0x0000001754b00000)]
  0x00000183382d9480 JavaThread "jar transforms Thread 2" [_thread_blocked, id=20604, stack(0x0000001754b00000,0x0000001754c00000)]
  0x00000183382da8c0 JavaThread "jar transforms Thread 3" [_thread_blocked, id=35760, stack(0x0000001754c00000,0x0000001754d00000)]
  0x00000183382dc210 JavaThread "Cache worker for file content cache (C:\Users\HP\.gradle\caches\8.9\fileContent)" [_thread_blocked, id=17592, stack(0x0000001754e00000,0x0000001754f00000)]
  0x00000183382db2e0 JavaThread "jar transforms Thread 4" [_thread_blocked, id=30416, stack(0x0000001755100000,0x0000001755200000)]
  0x00000183382db7f0 JavaThread "jar transforms Thread 5" [_thread_blocked, id=30812, stack(0x0000001755200000,0x0000001755300000)]
  0x000001833974f690 JavaThread "jar transforms Thread 6" [_thread_blocked, id=4000, stack(0x0000001755400000,0x0000001755500000)]
  0x00000183397500b0 JavaThread "jar transforms Thread 7" [_thread_blocked, id=10184, stack(0x0000001755500000,0x0000001755600000)]
  0x000001833974c900 JavaThread "jar transforms Thread 8" [_thread_blocked, id=12208, stack(0x0000001755600000,0x0000001755700000)]
  0x000001833974d830 JavaThread "jar transforms Thread 9" [_thread_blocked, id=33068, stack(0x0000001755700000,0x0000001755800000)]
  0x000001833974e760 JavaThread "jar transforms Thread 10" [_thread_blocked, id=32268, stack(0x0000001755800000,0x0000001755900000)]
  0x000001833974ec70 JavaThread "jar transforms Thread 11" [_thread_blocked, id=22336, stack(0x0000001755900000,0x0000001755a00000)]
  0x000001833974fba0 JavaThread "jar transforms Thread 12" [_thread_blocked, id=36324, stack(0x0000001755a00000,0x0000001755b00000)]
  0x000001833c4c8000 JavaThread "Memory manager" [_thread_blocked, id=24548, stack(0x0000001754500000,0x0000001754600000)]
  0x000001833c4c9440 JavaThread "included builds" [_thread_blocked, id=32124, stack(0x0000001757e00000,0x0000001757f00000)]
  0x0000018336085630 JavaThread "VFS cleanup" [_thread_blocked, id=36028, stack(0x0000001753a00000,0x0000001753b00000)]
  0x0000018339751f10 JavaThread "included builds" [_thread_blocked, id=27264, stack(0x0000001757300000,0x0000001757400000)]
  0x00000183382d6c00 JavaThread "included builds" [_thread_blocked, id=8584, stack(0x0000001758000000,0x0000001758100000)]
  0x000001833d100aa0 JavaThread "Handler for socket connection from /127.0.0.1:49727 to /127.0.0.1:52215" [_thread_in_native, id=35596, stack(0x0000001752c00000,0x0000001752d00000)]
  0x000001833d0ffb70 JavaThread "Cancel handler" [_thread_blocked, id=31704, stack(0x0000001753700000,0x0000001753800000)]
  0x00000183382d7b30 JavaThread "Asynchronous log dispatcher for DefaultDaemonConnection: socket connection from /127.0.0.1:49727 to /127.0.0.1:52215" [_thread_blocked, id=35496, stack(0x0000001753800000,0x0000001753900000)]
  0x00000183382d4da0 JavaThread "Stdin handler" [_thread_blocked, id=34648, stack(0x0000001753b00000,0x0000001753c00000)]
  0x00000183382d4890 JavaThread "Daemon client event forwarder" [_thread_blocked, id=23132, stack(0x0000001753c00000,0x0000001753d00000)]
  0x00000183382da3b0 Thread [stack: 0x0000001754300000,0x0000001754400000] [id=29484]
  0x00000183382d9ea0 Thread [stack: 0x0000001754d00000,0x0000001754e00000] [id=12508]
  0x00000183382d8f70 JavaThread "Unconstrained build operations" [_thread_blocked, id=4936, stack(0x0000001755b00000,0x0000001755c00000)]
  0x0000018337394f90 JavaThread "Unconstrained build operations Thread 2" [_thread_blocked, id=5008, stack(0x0000001755c00000,0x0000001755d00000)]
  0x00000183373954a0 JavaThread "Unconstrained build operations Thread 3" [_thread_blocked, id=29300, stack(0x0000001755d00000,0x0000001755e00000)]
  0x00000183373968e0 JavaThread "Unconstrained build operations Thread 4" [_thread_blocked, id=27564, stack(0x0000001755e00000,0x0000001755f00000)]
  0x0000018337396df0 JavaThread "Unconstrained build operations Thread 5" [_thread_blocked, id=12944, stack(0x0000001755f00000,0x0000001756000000)]
  0x0000018337394060 JavaThread "Unconstrained build operations Thread 6" [_thread_blocked, id=4932, stack(0x0000001756000000,0x0000001756100000)]
  0x00000183373959b0 JavaThread "Unconstrained build operations Thread 7" [_thread_blocked, id=22960, stack(0x0000001756100000,0x0000001756200000)]
  0x0000018337394570 JavaThread "Unconstrained build operations Thread 8" [_thread_blocked, id=13372, stack(0x0000001756200000,0x0000001756300000)]
  0x0000018337398230 JavaThread "Unconstrained build operations Thread 9" [_thread_blocked, id=34896, stack(0x0000001756300000,0x0000001756400000)]
  0x0000018337397300 JavaThread "Unconstrained build operations Thread 10" [_thread_blocked, id=23700, stack(0x0000001756400000,0x0000001756500000)]
  0x0000018337395ec0 JavaThread "Unconstrained build operations Thread 11" [_thread_blocked, id=8912, stack(0x0000001756500000,0x0000001756600000)]
  0x0000018337394a80 JavaThread "Unconstrained build operations Thread 12" [_thread_blocked, id=33628, stack(0x0000001756600000,0x0000001756700000)]
  0x0000018337399160 JavaThread "Unconstrained build operations Thread 13" [_thread_blocked, id=34912, stack(0x0000001756700000,0x0000001756800000)]
  0x0000018337397d20 JavaThread "Unconstrained build operations Thread 14" [_thread_blocked, id=15676, stack(0x0000001756800000,0x0000001756900000)]
  0x0000018337398740 JavaThread "Unconstrained build operations Thread 15" [_thread_blocked, id=20752, stack(0x0000001756900000,0x0000001756a00000)]
  0x0000018337399670 JavaThread "Unconstrained build operations Thread 16" [_thread_blocked, id=31936, stack(0x0000001756a00000,0x0000001756b00000)]
  0x0000018337399b80 JavaThread "Unconstrained build operations Thread 17" [_thread_blocked, id=22688, stack(0x0000001756b00000,0x0000001756c00000)]
  0x0000018337397810 JavaThread "Unconstrained build operations Thread 18" [_thread_blocked, id=12640, stack(0x0000001756c00000,0x0000001756d00000)]
  0x000001833739aab0 JavaThread "Unconstrained build operations Thread 19" [_thread_blocked, id=32232, stack(0x0000001756d00000,0x0000001756e00000)]
  0x0000018337398c50 JavaThread "Unconstrained build operations Thread 20" [_thread_blocked, id=12568, stack(0x0000001756e00000,0x0000001756f00000)]
  0x00000183373963d0 Thread [stack: 0x0000001756f00000,0x0000001757000000] [id=35148]
  0x000001833739a5a0 Thread [stack: 0x0000001757000000,0x0000001757100000] [id=34624]
  0x000001833739afc0 JavaThread "Unconstrained build operations Thread 23" [_thread_blocked, id=28732, stack(0x0000001757100000,0x0000001757200000)]
  0x000001833739b9e0 JavaThread "Unconstrained build operations Thread 24" [_thread_blocked, id=26248, stack(0x0000001757200000,0x0000001757300000)]
  0x000001833dd11680 JavaThread "Unconstrained build operations Thread 25" [_thread_blocked, id=21596, stack(0x0000001757400000,0x0000001757500000)]
  0x000001833a2edc30 JavaThread "C2 CompilerThread1" daemon [_thread_in_native, id=8576, stack(0x0000001757500000,0x0000001757600000)]

Other Threads:
  0x000001831cc44280 VMThread "VM Thread" [stack: 0x0000001751f00000,0x0000001752000000] [id=14724]
  0x0000018301c5d3b0 WatcherThread [stack: 0x0000001752b00000,0x0000001752c00000] [id=11692]
  0x0000018301c8b400 GCTaskThread "GC Thread#0" [stack: 0x0000001751a00000,0x0000001751b00000] [id=9152]
  0x0000018336b7d190 GCTaskThread "GC Thread#1" [stack: 0x0000001752e00000,0x0000001752f00000] [id=32840]
  0x0000018336b7d450 GCTaskThread "GC Thread#2" [stack: 0x0000001752f00000,0x0000001753000000] [id=32596]
  0x0000018336748e00 GCTaskThread "GC Thread#3" [stack: 0x0000001753000000,0x0000001753100000] [id=14372]
  0x00000183367494c0 GCTaskThread "GC Thread#4" [stack: 0x0000001753100000,0x0000001753200000] [id=24808]
  0x000001833693f8a0 GCTaskThread "GC Thread#5" [stack: 0x0000001753200000,0x0000001753300000] [id=32500]
  0x00000183369400e0 GCTaskThread "GC Thread#6" [stack: 0x0000001752d00000,0x0000001752e00000] [id=32792]
  0x000001833693f5e0 GCTaskThread "GC Thread#7" [stack: 0x0000001754000000,0x0000001754100000] [id=31916]
  0x00000183369403a0 GCTaskThread "GC Thread#8" [stack: 0x0000001754100000,0x0000001754200000] [id=35972]
  0x000001833693fe20 GCTaskThread "GC Thread#9" [stack: 0x0000001754200000,0x0000001754300000] [id=35084]
  0x0000018301c90260 ConcurrentGCThread "G1 Main Marker" [stack: 0x0000001751b00000,0x0000001751c00000] [id=19372]
  0x0000018301c91860 ConcurrentGCThread "G1 Conc#0" [stack: 0x0000001751c00000,0x0000001751d00000] [id=26356]
  0x000001833693f060 ConcurrentGCThread "G1 Conc#1" [stack: 0x0000001754600000,0x0000001754700000] [id=35624]
  0x000001833a7a1e50 ConcurrentGCThread "G1 Conc#2" [stack: 0x0000001754700000,0x0000001754800000] [id=35612]
  0x0000018301d0d420 ConcurrentGCThread "G1 Refine#0" [stack: 0x0000001751d00000,0x0000001751e00000] [id=12956]
  0x000001833a7e9680 ConcurrentGCThread "G1 Refine#1" [stack: 0x0000001755300000,0x0000001755400000] [id=33588]
  0x0000018301d0dc00 ConcurrentGCThread "G1 Service" [stack: 0x0000001751e00000,0x0000001751f00000] [id=13544]

Threads with active compile tasks:
C2 CompilerThread0    36035 15268   !   4       java.nio.file.Files::walkFileTree (297 bytes)
C2 CompilerThread1    36036 15281   !   4       com.google.common.cache.LocalCache$Segment::put (439 bytes)

VM state: not at safepoint (normal execution)

VM Mutex/Monitor currently owned by a thread: None

OutOfMemory and StackOverflow Exception counts:
OutOfMemoryError java_heap_errors=1
LinkageErrors=166

Heap address: 0x00000000e0000000, size: 512 MB, Compressed Oops mode: 32-bit

CDS archive(s) mapped at: [0x000001831d000000-0x000001831dbb0000-0x000001831dbb0000), size 12255232, SharedBaseAddress: 0x000001831d000000, ArchiveRelocationMode: 1.
Compressed class space mapped at: 0x000001831e000000-0x0000018332000000, reserved size: 335544320
Narrow klass base: 0x000001831d000000, Narrow klass shift: 0, Narrow klass range: 0x100000000

GC Precious Log:
 CPUs: 12 total, 12 available
 Memory: 7835M
 Large Page Support: Disabled
 NUMA Support: Disabled
 Compressed Oops: Enabled (32-bit)
 Heap Region Size: 1M
 Heap Min Capacity: 256M
 Heap Initial Capacity: 256M
 Heap Max Capacity: 512M
 Pre-touch: Disabled
 Parallel Workers: 10
 Concurrent Workers: 3
 Concurrent Refinement Workers: 10
 Periodic GC: Disabled

Heap:
 garbage-first heap   total 281600K, used 219456K [0x00000000e0000000, 0x0000000100000000)
  region size 1024K, 56 young (57344K), 4 survivors (4096K)
 Metaspace       used 118163K, committed 119296K, reserved 458752K
  class space    used 16301K, committed 16832K, reserved 327680K

Heap Regions: E=young(eden), S=young(survivor), O=old, HS=humongous(starts), HC=humongous(continues), CS=collection set, F=free, OA=open archive, CA=closed archive, TAMS=top-at-mark-start (previous, next)
|   0|0x00000000e0000000, 0x00000000e0100000, 0x00000000e0100000|100%|HS|  |TAMS 0x00000000e0100000, 0x00000000e0000000| Complete 
|   1|0x00000000e0100000, 0x00000000e0200000, 0x00000000e0200000|100%|HC|  |TAMS 0x00000000e0200000, 0x00000000e0100000| Complete 
|   2|0x00000000e0200000, 0x00000000e0300000, 0x00000000e0300000|100%|HC|  |TAMS 0x00000000e0300000, 0x00000000e0200000| Complete 
|   3|0x00000000e0300000, 0x00000000e0400000, 0x00000000e0400000|100%|HC|  |TAMS 0x00000000e0400000, 0x00000000e0300000| Complete 
|   4|0x00000000e0400000, 0x00000000e0500000, 0x00000000e0500000|100%| O|  |TAMS 0x00000000e0500000, 0x00000000e0400000| Untracked 
|   5|0x00000000e0500000, 0x00000000e0600000, 0x00000000e0600000|100%| O|  |TAMS 0x00000000e0600000, 0x00000000e0500000| Untracked 
|   6|0x00000000e0600000, 0x00000000e0700000, 0x00000000e0700000|100%| O|  |TAMS 0x00000000e0700000, 0x00000000e0600000| Untracked 
|   7|0x00000000e0700000, 0x00000000e0800000, 0x00000000e0800000|100%| O|  |TAMS 0x00000000e0800000, 0x00000000e0700000| Untracked 
|   8|0x00000000e0800000, 0x00000000e0900000, 0x00000000e0900000|100%| O|  |TAMS 0x00000000e0900000, 0x00000000e0800000| Untracked 
|   9|0x00000000e0900000, 0x00000000e0a00000, 0x00000000e0a00000|100%| O|  |TAMS 0x00000000e0a00000, 0x00000000e0900000| Untracked 
|  10|0x00000000e0a00000, 0x00000000e0b00000, 0x00000000e0b00000|100%| O|  |TAMS 0x00000000e0b00000, 0x00000000e0a00000| Untracked 
|  11|0x00000000e0b00000, 0x00000000e0c00000, 0x00000000e0c00000|100%|HS|  |TAMS 0x00000000e0c00000, 0x00000000e0b00000| Complete 
|  12|0x00000000e0c00000, 0x00000000e0d00000, 0x00000000e0d00000|100%| O|  |TAMS 0x00000000e0d00000, 0x00000000e0c00000| Untracked 
|  13|0x00000000e0d00000, 0x00000000e0e00000, 0x00000000e0e00000|100%| O|  |TAMS 0x00000000e0e00000, 0x00000000e0d00000| Untracked 
|  14|0x00000000e0e00000, 0x00000000e0f00000, 0x00000000e0f00000|100%| O|  |TAMS 0x00000000e0f00000, 0x00000000e0e00000| Untracked 
|  15|0x00000000e0f00000, 0x00000000e1000000, 0x00000000e1000000|100%| O|  |TAMS 0x00000000e1000000, 0x00000000e0f00000| Untracked 
|  16|0x00000000e1000000, 0x00000000e1100000, 0x00000000e1100000|100%| O|  |TAMS 0x00000000e1100000, 0x00000000e1000000| Untracked 
|  17|0x00000000e1100000, 0x00000000e1200000, 0x00000000e1200000|100%| O|  |TAMS 0x00000000e1200000, 0x00000000e1100000| Untracked 
|  18|0x00000000e1200000, 0x00000000e1300000, 0x00000000e1300000|100%| O|  |TAMS 0x00000000e1300000, 0x00000000e1200000| Untracked 
|  19|0x00000000e1300000, 0x00000000e1400000, 0x00000000e1400000|100%| O|  |TAMS 0x00000000e1400000, 0x00000000e1300000| Untracked 
|  20|0x00000000e1400000, 0x00000000e1500000, 0x00000000e1500000|100%| O|  |TAMS 0x00000000e1500000, 0x00000000e1400000| Untracked 
|  21|0x00000000e1500000, 0x00000000e1600000, 0x00000000e1600000|100%| O|  |TAMS 0x00000000e1600000, 0x00000000e1500000| Untracked 
|  22|0x00000000e1600000, 0x00000000e1700000, 0x00000000e1700000|100%| O|  |TAMS 0x00000000e1700000, 0x00000000e1600000| Untracked 
|  23|0x00000000e1700000, 0x00000000e1800000, 0x00000000e1800000|100%| O|  |TAMS 0x00000000e1800000, 0x00000000e1700000| Untracked 
|  24|0x00000000e1800000, 0x00000000e1900000, 0x00000000e1900000|100%| O|  |TAMS 0x00000000e1900000, 0x00000000e1800000| Untracked 
|  25|0x00000000e1900000, 0x00000000e1a00000, 0x00000000e1a00000|100%| O|  |TAMS 0x00000000e1a00000, 0x00000000e1900000| Untracked 
|  26|0x00000000e1a00000, 0x00000000e1b00000, 0x00000000e1b00000|100%| O|  |TAMS 0x00000000e1b00000, 0x00000000e1a00000| Untracked 
|  27|0x00000000e1b00000, 0x00000000e1c00000, 0x00000000e1c00000|100%| O|  |TAMS 0x00000000e1c00000, 0x00000000e1b00000| Untracked 
|  28|0x00000000e1c00000, 0x00000000e1d00000, 0x00000000e1d00000|100%| O|  |TAMS 0x00000000e1d00000, 0x00000000e1c00000| Untracked 
|  29|0x00000000e1d00000, 0x00000000e1e00000, 0x00000000e1e00000|100%| O|  |TAMS 0x00000000e1e00000, 0x00000000e1d00000| Untracked 
|  30|0x00000000e1e00000, 0x00000000e1f00000, 0x00000000e1f00000|100%| O|  |TAMS 0x00000000e1f00000, 0x00000000e1e00000| Untracked 
|  31|0x00000000e1f00000, 0x00000000e2000000, 0x00000000e2000000|100%| O|  |TAMS 0x00000000e2000000, 0x00000000e1f00000| Untracked 
|  32|0x00000000e2000000, 0x00000000e2100000, 0x00000000e2100000|100%| O|  |TAMS 0x00000000e2100000, 0x00000000e2000000| Untracked 
|  33|0x00000000e2100000, 0x00000000e2200000, 0x00000000e2200000|100%| O|  |TAMS 0x00000000e2200000, 0x00000000e2100000| Untracked 
|  34|0x00000000e2200000, 0x00000000e2300000, 0x00000000e2300000|100%| O|  |TAMS 0x00000000e2300000, 0x00000000e2200000| Untracked 
|  35|0x00000000e2300000, 0x00000000e2400000, 0x00000000e2400000|100%| O|  |TAMS 0x00000000e2400000, 0x00000000e2300000| Untracked 
|  36|0x00000000e2400000, 0x00000000e2500000, 0x00000000e2500000|100%| O|  |TAMS 0x00000000e2500000, 0x00000000e2400000| Untracked 
|  37|0x00000000e2500000, 0x00000000e2600000, 0x00000000e2600000|100%| O|  |TAMS 0x00000000e2600000, 0x00000000e2500000| Untracked 
|  38|0x00000000e2600000, 0x00000000e2700000, 0x00000000e2700000|100%| O|  |TAMS 0x00000000e2700000, 0x00000000e2600000| Untracked 
|  39|0x00000000e2700000, 0x00000000e2800000, 0x00000000e2800000|100%| O|  |TAMS 0x00000000e2800000, 0x00000000e2700000| Untracked 
|  40|0x00000000e2800000, 0x00000000e2900000, 0x00000000e2900000|100%| O|  |TAMS 0x00000000e2900000, 0x00000000e2800000| Untracked 
|  41|0x00000000e2900000, 0x00000000e2a00000, 0x00000000e2a00000|100%| O|  |TAMS 0x00000000e2a00000, 0x00000000e2900000| Untracked 
|  42|0x00000000e2a00000, 0x00000000e2b00000, 0x00000000e2b00000|100%| O|  |TAMS 0x00000000e2b00000, 0x00000000e2a00000| Untracked 
|  43|0x00000000e2b00000, 0x00000000e2c00000, 0x00000000e2c00000|100%| O|  |TAMS 0x00000000e2c00000, 0x00000000e2b00000| Untracked 
|  44|0x00000000e2c00000, 0x00000000e2d00000, 0x00000000e2d00000|100%| O|  |TAMS 0x00000000e2d00000, 0x00000000e2c00000| Untracked 
|  45|0x00000000e2d00000, 0x00000000e2e00000, 0x00000000e2e00000|100%|HS|  |TAMS 0x00000000e2e00000, 0x00000000e2d00000| Complete 
|  46|0x00000000e2e00000, 0x00000000e2f00000, 0x00000000e2f00000|100%|HS|  |TAMS 0x00000000e2f00000, 0x00000000e2e00000| Complete 
|  47|0x00000000e2f00000, 0x00000000e3000000, 0x00000000e3000000|100%|HS|  |TAMS 0x00000000e3000000, 0x00000000e2f00000| Complete 
|  48|0x00000000e3000000, 0x00000000e3100000, 0x00000000e3100000|100%|HS|  |TAMS 0x00000000e3100000, 0x00000000e3000000| Complete 
|  49|0x00000000e3100000, 0x00000000e3200000, 0x00000000e3200000|100%|HS|  |TAMS 0x00000000e3200000, 0x00000000e3100000| Complete 
|  50|0x00000000e3200000, 0x00000000e3300000, 0x00000000e3300000|100%|HC|  |TAMS 0x00000000e3300000, 0x00000000e3200000| Complete 
|  51|0x00000000e3300000, 0x00000000e3400000, 0x00000000e3400000|100%|HC|  |TAMS 0x00000000e3400000, 0x00000000e3300000| Complete 
|  52|0x00000000e3400000, 0x00000000e3500000, 0x00000000e3500000|100%|HS|  |TAMS 0x00000000e3500000, 0x00000000e3400000| Complete 
|  53|0x00000000e3500000, 0x00000000e3600000, 0x00000000e3600000|100%|HC|  |TAMS 0x00000000e3600000, 0x00000000e3500000| Complete 
|  54|0x00000000e3600000, 0x00000000e3700000, 0x00000000e3700000|100%|HS|  |TAMS 0x00000000e3700000, 0x00000000e3600000| Complete 
|  55|0x00000000e3700000, 0x00000000e3800000, 0x00000000e3800000|100%| O|  |TAMS 0x00000000e3800000, 0x00000000e3700000| Untracked 
|  56|0x00000000e3800000, 0x00000000e3900000, 0x00000000e3900000|100%|HS|  |TAMS 0x00000000e3900000, 0x00000000e3800000| Complete 
|  57|0x00000000e3900000, 0x00000000e3a00000, 0x00000000e3a00000|100%|HS|  |TAMS 0x00000000e3a00000, 0x00000000e3900000| Complete 
|  58|0x00000000e3a00000, 0x00000000e3b00000, 0x00000000e3b00000|100%|HC|  |TAMS 0x00000000e3b00000, 0x00000000e3a00000| Complete 
|  59|0x00000000e3b00000, 0x00000000e3c00000, 0x00000000e3c00000|100%|HC|  |TAMS 0x00000000e3c00000, 0x00000000e3b00000| Complete 
|  60|0x00000000e3c00000, 0x00000000e3d00000, 0x00000000e3d00000|100%| O|  |TAMS 0x00000000e3d00000, 0x00000000e3c00000| Untracked 
|  61|0x00000000e3d00000, 0x00000000e3e00000, 0x00000000e3e00000|100%| O|  |TAMS 0x00000000e3e00000, 0x00000000e3d00000| Untracked 
|  62|0x00000000e3e00000, 0x00000000e3f00000, 0x00000000e3f00000|100%| O|  |TAMS 0x00000000e3f00000, 0x00000000e3e00000| Untracked 
|  63|0x00000000e3f00000, 0x00000000e4000000, 0x00000000e4000000|100%| O|  |TAMS 0x00000000e4000000, 0x00000000e3f00000| Untracked 
|  64|0x00000000e4000000, 0x00000000e4100000, 0x00000000e4100000|100%| O|  |TAMS 0x00000000e4100000, 0x00000000e4000000| Untracked 
|  65|0x00000000e4100000, 0x00000000e4100000, 0x00000000e4200000|  0%| F|  |TAMS 0x00000000e4100000, 0x00000000e4100000| Untracked 
|  66|0x00000000e4200000, 0x00000000e4300000, 0x00000000e4300000|100%| O|  |TAMS 0x00000000e4300000, 0x00000000e4200000| Untracked 
|  67|0x00000000e4300000, 0x00000000e4400000, 0x00000000e4400000|100%| O|  |TAMS 0x00000000e4400000, 0x00000000e4300000| Untracked 
|  68|0x00000000e4400000, 0x00000000e4500000, 0x00000000e4500000|100%| O|  |TAMS 0x00000000e4500000, 0x00000000e4400000| Untracked 
|  69|0x00000000e4500000, 0x00000000e4600000, 0x00000000e4600000|100%| O|  |TAMS 0x00000000e4600000, 0x00000000e4500000| Untracked 
|  70|0x00000000e4600000, 0x00000000e4700000, 0x00000000e4700000|100%| O|  |TAMS 0x00000000e4700000, 0x00000000e4600000| Untracked 
|  71|0x00000000e4700000, 0x00000000e4800000, 0x00000000e4800000|100%| O|  |TAMS 0x00000000e4700000, 0x00000000e4700000| Untracked 
|  72|0x00000000e4800000, 0x00000000e4900000, 0x00000000e4900000|100%| O|  |TAMS 0x00000000e4900000, 0x00000000e4800000| Untracked 
|  73|0x00000000e4900000, 0x00000000e4a00000, 0x00000000e4a00000|100%| O|  |TAMS 0x00000000e4a00000, 0x00000000e4900000| Untracked 
|  74|0x00000000e4a00000, 0x00000000e4b00000, 0x00000000e4b00000|100%| O|  |TAMS 0x00000000e4b00000, 0x00000000e4a00000| Untracked 
|  75|0x00000000e4b00000, 0x00000000e4c00000, 0x00000000e4c00000|100%| O|  |TAMS 0x00000000e4c00000, 0x00000000e4b00000| Untracked 
|  76|0x00000000e4c00000, 0x00000000e4d00000, 0x00000000e4d00000|100%| O|  |TAMS 0x00000000e4d00000, 0x00000000e4c00000| Untracked 
|  77|0x00000000e4d00000, 0x00000000e4e00000, 0x00000000e4e00000|100%| O|  |TAMS 0x00000000e4e00000, 0x00000000e4d00000| Untracked 
|  78|0x00000000e4e00000, 0x00000000e4f00000, 0x00000000e4f00000|100%| O|  |TAMS 0x00000000e4f00000, 0x00000000e4e00000| Untracked 
|  79|0x00000000e4f00000, 0x00000000e5000000, 0x00000000e5000000|100%| O|  |TAMS 0x00000000e5000000, 0x00000000e4f00000| Untracked 
|  80|0x00000000e5000000, 0x00000000e5100000, 0x00000000e5100000|100%| O|  |TAMS 0x00000000e5100000, 0x00000000e5000000| Untracked 
|  81|0x00000000e5100000, 0x00000000e5200000, 0x00000000e5200000|100%| O|  |TAMS 0x00000000e5200000, 0x00000000e5100000| Untracked 
|  82|0x00000000e5200000, 0x00000000e5300000, 0x00000000e5300000|100%| O|  |TAMS 0x00000000e5300000, 0x00000000e5200000| Untracked 
|  83|0x00000000e5300000, 0x00000000e5400000, 0x00000000e5400000|100%| O|  |TAMS 0x00000000e5400000, 0x00000000e5300000| Untracked 
|  84|0x00000000e5400000, 0x00000000e5500000, 0x00000000e5500000|100%| O|  |TAMS 0x00000000e5500000, 0x00000000e5400000| Untracked 
|  85|0x00000000e5500000, 0x00000000e5600000, 0x00000000e5600000|100%|HS|  |TAMS 0x00000000e5600000, 0x00000000e5500000| Complete 
|  86|0x00000000e5600000, 0x00000000e5700000, 0x00000000e5700000|100%|HS|  |TAMS 0x00000000e5700000, 0x00000000e5600000| Complete 
|  87|0x00000000e5700000, 0x00000000e5800000, 0x00000000e5800000|100%|HS|  |TAMS 0x00000000e5800000, 0x00000000e5700000| Complete 
|  88|0x00000000e5800000, 0x00000000e5900000, 0x00000000e5900000|100%|HS|  |TAMS 0x00000000e5900000, 0x00000000e5800000| Complete 
|  89|0x00000000e5900000, 0x00000000e5a00000, 0x00000000e5a00000|100%|HS|  |TAMS 0x00000000e5a00000, 0x00000000e5900000| Complete 
|  90|0x00000000e5a00000, 0x00000000e5b00000, 0x00000000e5b00000|100%| O|  |TAMS 0x00000000e5b00000, 0x00000000e5a00000| Untracked 
|  91|0x00000000e5b00000, 0x00000000e5c00000, 0x00000000e5c00000|100%| O|  |TAMS 0x00000000e5c00000, 0x00000000e5b00000| Untracked 
|  92|0x00000000e5c00000, 0x00000000e5d00000, 0x00000000e5d00000|100%| O|  |TAMS 0x00000000e5d00000, 0x00000000e5c00000| Untracked 
|  93|0x00000000e5d00000, 0x00000000e5e00000, 0x00000000e5e00000|100%| O|  |TAMS 0x00000000e5e00000, 0x00000000e5d00000| Untracked 
|  94|0x00000000e5e00000, 0x00000000e5e00000, 0x00000000e5f00000|  0%| F|  |TAMS 0x00000000e5e00000, 0x00000000e5e00000| Untracked 
|  95|0x00000000e5f00000, 0x00000000e6000000, 0x00000000e6000000|100%| O|  |TAMS 0x00000000e6000000, 0x00000000e5f00000| Untracked 
|  96|0x00000000e6000000, 0x00000000e6000000, 0x00000000e6100000|  0%| F|  |TAMS 0x00000000e6000000, 0x00000000e6000000| Untracked 
|  97|0x00000000e6100000, 0x00000000e6200000, 0x00000000e6200000|100%| O|  |TAMS 0x00000000e6200000, 0x00000000e6100000| Untracked 
|  98|0x00000000e6200000, 0x00000000e6300000, 0x00000000e6300000|100%| O|  |TAMS 0x00000000e6300000, 0x00000000e6200000| Untracked 
|  99|0x00000000e6300000, 0x00000000e6400000, 0x00000000e6400000|100%| O|  |TAMS 0x00000000e6400000, 0x00000000e6300000| Untracked 
| 100|0x00000000e6400000, 0x00000000e6500000, 0x00000000e6500000|100%| O|  |TAMS 0x00000000e6500000, 0x00000000e6400000| Untracked 
| 101|0x00000000e6500000, 0x00000000e6600000, 0x00000000e6600000|100%| O|  |TAMS 0x00000000e6600000, 0x00000000e6500000| Untracked 
| 102|0x00000000e6600000, 0x00000000e6700000, 0x00000000e6700000|100%| O|  |TAMS 0x00000000e6700000, 0x00000000e6600000| Untracked 
| 103|0x00000000e6700000, 0x00000000e6800000, 0x00000000e6800000|100%| O|  |TAMS 0x00000000e6800000, 0x00000000e6700000| Untracked 
| 104|0x00000000e6800000, 0x00000000e6900000, 0x00000000e6900000|100%| O|  |TAMS 0x00000000e6900000, 0x00000000e6800000| Untracked 
| 105|0x00000000e6900000, 0x00000000e6a00000, 0x00000000e6a00000|100%| O|  |TAMS 0x00000000e6a00000, 0x00000000e6900000| Untracked 
| 106|0x00000000e6a00000, 0x00000000e6b00000, 0x00000000e6b00000|100%| O|  |TAMS 0x00000000e6b00000, 0x00000000e6a00000| Untracked 
| 107|0x00000000e6b00000, 0x00000000e6c00000, 0x00000000e6c00000|100%| O|  |TAMS 0x00000000e6c00000, 0x00000000e6b00000| Untracked 
| 108|0x00000000e6c00000, 0x00000000e6d00000, 0x00000000e6d00000|100%| O|  |TAMS 0x00000000e6d00000, 0x00000000e6c00000| Untracked 
| 109|0x00000000e6d00000, 0x00000000e6e00000, 0x00000000e6e00000|100%| O|  |TAMS 0x00000000e6e00000, 0x00000000e6d00000| Untracked 
| 110|0x00000000e6e00000, 0x00000000e6f00000, 0x00000000e6f00000|100%| O|  |TAMS 0x00000000e6f00000, 0x00000000e6e00000| Untracked 
| 111|0x00000000e6f00000, 0x00000000e7000000, 0x00000000e7000000|100%| O|  |TAMS 0x00000000e7000000, 0x00000000e6f00000| Untracked 
| 112|0x00000000e7000000, 0x00000000e7100000, 0x00000000e7100000|100%| O|  |TAMS 0x00000000e7100000, 0x00000000e7000000| Untracked 
| 113|0x00000000e7100000, 0x00000000e7200000, 0x00000000e7200000|100%| O|  |TAMS 0x00000000e7100000, 0x00000000e7100000| Untracked 
| 114|0x00000000e7200000, 0x00000000e7300000, 0x00000000e7300000|100%| O|  |TAMS 0x00000000e7200000, 0x00000000e7200000| Untracked 
| 115|0x00000000e7300000, 0x00000000e7400000, 0x00000000e7400000|100%| O|  |TAMS 0x00000000e7300000, 0x00000000e7300000| Untracked 
| 116|0x00000000e7400000, 0x00000000e7500000, 0x00000000e7500000|100%| O|  |TAMS 0x00000000e7500000, 0x00000000e7400000| Untracked 
| 117|0x00000000e7500000, 0x00000000e7600000, 0x00000000e7600000|100%| O|  |TAMS 0x00000000e7600000, 0x00000000e7500000| Untracked 
| 118|0x00000000e7600000, 0x00000000e7700000, 0x00000000e7700000|100%| O|  |TAMS 0x00000000e7700000, 0x00000000e7600000| Untracked 
| 119|0x00000000e7700000, 0x00000000e7800000, 0x00000000e7800000|100%| O|  |TAMS 0x00000000e7700000, 0x00000000e7700000| Untracked 
| 120|0x00000000e7800000, 0x00000000e7900000, 0x00000000e7900000|100%| O|  |TAMS 0x00000000e7900000, 0x00000000e7800000| Untracked 
| 121|0x00000000e7900000, 0x00000000e7a00000, 0x00000000e7a00000|100%| O|  |TAMS 0x00000000e7900000, 0x00000000e7900000| Untracked 
| 122|0x00000000e7a00000, 0x00000000e7b00000, 0x00000000e7b00000|100%| O|  |TAMS 0x00000000e7b00000, 0x00000000e7a00000| Untracked 
| 123|0x00000000e7b00000, 0x00000000e7c00000, 0x00000000e7c00000|100%| O|  |TAMS 0x00000000e7c00000, 0x00000000e7b00000| Untracked 
| 124|0x00000000e7c00000, 0x00000000e7d00000, 0x00000000e7d00000|100%| O|  |TAMS 0x00000000e7c00000, 0x00000000e7c00000| Untracked 
| 125|0x00000000e7d00000, 0x00000000e7e00000, 0x00000000e7e00000|100%|HS|  |TAMS 0x00000000e7e00000, 0x00000000e7d00000| Complete 
| 126|0x00000000e7e00000, 0x00000000e7f00000, 0x00000000e7f00000|100%|HC|  |TAMS 0x00000000e7f00000, 0x00000000e7e00000| Complete 
| 127|0x00000000e7f00000, 0x00000000e8000000, 0x00000000e8000000|100%|HS|  |TAMS 0x00000000e8000000, 0x00000000e7f00000| Complete 
| 128|0x00000000e8000000, 0x00000000e8100000, 0x00000000e8100000|100%|HS|  |TAMS 0x00000000e8100000, 0x00000000e8000000| Complete 
| 129|0x00000000e8100000, 0x00000000e8200000, 0x00000000e8200000|100%|HC|  |TAMS 0x00000000e8200000, 0x00000000e8100000| Complete 
| 130|0x00000000e8200000, 0x00000000e8300000, 0x00000000e8300000|100%|HC|  |TAMS 0x00000000e8300000, 0x00000000e8200000| Complete 
| 131|0x00000000e8300000, 0x00000000e8400000, 0x00000000e8400000|100%|HC|  |TAMS 0x00000000e8400000, 0x00000000e8300000| Complete 
| 132|0x00000000e8400000, 0x00000000e8500000, 0x00000000e8500000|100%|HS|  |TAMS 0x00000000e8500000, 0x00000000e8400000| Complete 
| 133|0x00000000e8500000, 0x00000000e8600000, 0x00000000e8600000|100%|HS|  |TAMS 0x00000000e8600000, 0x00000000e8500000| Complete 
| 134|0x00000000e8600000, 0x00000000e8700000, 0x00000000e8700000|100%|HS|  |TAMS 0x00000000e8700000, 0x00000000e8600000| Complete 
| 135|0x00000000e8700000, 0x00000000e8800000, 0x00000000e8800000|100%|HS|  |TAMS 0x00000000e8800000, 0x00000000e8700000| Complete 
| 136|0x00000000e8800000, 0x00000000e8900000, 0x00000000e8900000|100%| O|  |TAMS 0x00000000e8900000, 0x00000000e8800000| Untracked 
| 137|0x00000000e8900000, 0x00000000e8a00000, 0x00000000e8a00000|100%| O|  |TAMS 0x00000000e8a00000, 0x00000000e8900000| Untracked 
| 138|0x00000000e8a00000, 0x00000000e8a00000, 0x00000000e8b00000|  0%| F|  |TAMS 0x00000000e8a00000, 0x00000000e8a00000| Untracked 
| 139|0x00000000e8b00000, 0x00000000e8c00000, 0x00000000e8c00000|100%| O|  |TAMS 0x00000000e8b00000, 0x00000000e8b00000| Untracked 
| 140|0x00000000e8c00000, 0x00000000e8d00000, 0x00000000e8d00000|100%| O|  |TAMS 0x00000000e8d00000, 0x00000000e8c00000| Untracked 
| 141|0x00000000e8d00000, 0x00000000e8e00000, 0x00000000e8e00000|100%| O|  |TAMS 0x00000000e8e00000, 0x00000000e8d00000| Untracked 
| 142|0x00000000e8e00000, 0x00000000e8f00000, 0x00000000e8f00000|100%| O|  |TAMS 0x00000000e8f00000, 0x00000000e8e00000| Untracked 
| 143|0x00000000e8f00000, 0x00000000e8f00000, 0x00000000e9000000|  0%| F|  |TAMS 0x00000000e8f00000, 0x00000000e8f00000| Untracked 
| 144|0x00000000e9000000, 0x00000000e9100000, 0x00000000e9100000|100%| O|  |TAMS 0x00000000e9100000, 0x00000000e9000000| Untracked 
| 145|0x00000000e9100000, 0x00000000e9200000, 0x00000000e9200000|100%| O|  |TAMS 0x00000000e9200000, 0x00000000e9100000| Untracked 
| 146|0x00000000e9200000, 0x00000000e9200000, 0x00000000e9300000|  0%| F|  |TAMS 0x00000000e9200000, 0x00000000e9200000| Untracked 
| 147|0x00000000e9300000, 0x00000000e9400000, 0x00000000e9400000|100%| O|  |TAMS 0x00000000e9400000, 0x00000000e9300000| Untracked 
| 148|0x00000000e9400000, 0x00000000e9500000, 0x00000000e9500000|100%| O|  |TAMS 0x00000000e9500000, 0x00000000e9400000| Untracked 
| 149|0x00000000e9500000, 0x00000000e9600000, 0x00000000e9600000|100%| O|  |TAMS 0x00000000e9600000, 0x00000000e9500000| Untracked 
| 150|0x00000000e9600000, 0x00000000e9700000, 0x00000000e9700000|100%| O|  |TAMS 0x00000000e9700000, 0x00000000e9600000| Untracked 
| 151|0x00000000e9700000, 0x00000000e9800000, 0x00000000e9800000|100%| O|  |TAMS 0x00000000e9800000, 0x00000000e9700000| Untracked 
| 152|0x00000000e9800000, 0x00000000e9900000, 0x00000000e9900000|100%| O|  |TAMS 0x00000000e9900000, 0x00000000e9800000| Untracked 
| 153|0x00000000e9900000, 0x00000000e9a00000, 0x00000000e9a00000|100%| O|  |TAMS 0x00000000e9a00000, 0x00000000e9900000| Untracked 
| 154|0x00000000e9a00000, 0x00000000e9b00000, 0x00000000e9b00000|100%| O|  |TAMS 0x00000000e9b00000, 0x00000000e9a00000| Untracked 
| 155|0x00000000e9b00000, 0x00000000e9c00000, 0x00000000e9c00000|100%| O|  |TAMS 0x00000000e9b6fe00, 0x00000000e9b00000| Untracked 
| 156|0x00000000e9c00000, 0x00000000e9d00000, 0x00000000e9d00000|100%| O|  |TAMS 0x00000000e9c00000, 0x00000000e9c00000| Untracked 
| 157|0x00000000e9d00000, 0x00000000e9e00000, 0x00000000e9e00000|100%| O|  |TAMS 0x00000000e9d00000, 0x00000000e9d00000| Untracked 
| 158|0x00000000e9e00000, 0x00000000e9f00000, 0x00000000e9f00000|100%| O|  |TAMS 0x00000000e9e00000, 0x00000000e9e00000| Untracked 
| 159|0x00000000e9f00000, 0x00000000ea000000, 0x00000000ea000000|100%| O|  |TAMS 0x00000000e9f00000, 0x00000000e9f00000| Untracked 
| 160|0x00000000ea000000, 0x00000000ea100000, 0x00000000ea100000|100%| O|  |TAMS 0x00000000ea000000, 0x00000000ea000000| Untracked 
| 161|0x00000000ea100000, 0x00000000ea200000, 0x00000000ea200000|100%| O|  |TAMS 0x00000000ea100000, 0x00000000ea100000| Untracked 
| 162|0x00000000ea200000, 0x00000000ea300000, 0x00000000ea300000|100%| O|  |TAMS 0x00000000ea200000, 0x00000000ea200000| Untracked 
| 163|0x00000000ea300000, 0x00000000ea400000, 0x00000000ea400000|100%| O|  |TAMS 0x00000000ea300000, 0x00000000ea300000| Untracked 
| 164|0x00000000ea400000, 0x00000000ea500000, 0x00000000ea500000|100%| O|  |TAMS 0x00000000ea400000, 0x00000000ea400000| Untracked 
| 165|0x00000000ea500000, 0x00000000ea579c00, 0x00000000ea600000| 47%| O|  |TAMS 0x00000000ea500000, 0x00000000ea500000| Untracked 
| 166|0x00000000ea600000, 0x00000000ea600000, 0x00000000ea700000|  0%| F|  |TAMS 0x00000000ea600000, 0x00000000ea600000| Untracked 
| 167|0x00000000ea700000, 0x00000000ea700000, 0x00000000ea800000|  0%| F|  |TAMS 0x00000000ea700000, 0x00000000ea700000| Untracked 
| 168|0x00000000ea800000, 0x00000000ea800000, 0x00000000ea900000|  0%| F|  |TAMS 0x00000000ea800000, 0x00000000ea800000| Untracked 
| 169|0x00000000ea900000, 0x00000000ea900000, 0x00000000eaa00000|  0%| F|  |TAMS 0x00000000ea900000, 0x00000000ea900000| Untracked 
| 170|0x00000000eaa00000, 0x00000000eaa00000, 0x00000000eab00000|  0%| F|  |TAMS 0x00000000eaa00000, 0x00000000eaa00000| Untracked 
| 171|0x00000000eab00000, 0x00000000eab00000, 0x00000000eac00000|  0%| F|  |TAMS 0x00000000eab00000, 0x00000000eab00000| Untracked 
| 172|0x00000000eac00000, 0x00000000eac00000, 0x00000000ead00000|  0%| F|  |TAMS 0x00000000eac00000, 0x00000000eac00000| Untracked 
| 173|0x00000000ead00000, 0x00000000ead00000, 0x00000000eae00000|  0%| F|  |TAMS 0x00000000ead00000, 0x00000000ead00000| Untracked 
| 174|0x00000000eae00000, 0x00000000eae00000, 0x00000000eaf00000|  0%| F|  |TAMS 0x00000000eae00000, 0x00000000eae00000| Untracked 
| 175|0x00000000eaf00000, 0x00000000eaf00000, 0x00000000eb000000|  0%| F|  |TAMS 0x00000000eaf00000, 0x00000000eaf00000| Untracked 
| 176|0x00000000eb000000, 0x00000000eb000000, 0x00000000eb100000|  0%| F|  |TAMS 0x00000000eb000000, 0x00000000eb000000| Untracked 
| 177|0x00000000eb100000, 0x00000000eb100000, 0x00000000eb200000|  0%| F|  |TAMS 0x00000000eb100000, 0x00000000eb100000| Untracked 
| 178|0x00000000eb200000, 0x00000000eb200000, 0x00000000eb300000|  0%| F|  |TAMS 0x00000000eb200000, 0x00000000eb200000| Untracked 
| 179|0x00000000eb300000, 0x00000000eb300000, 0x00000000eb400000|  0%| F|  |TAMS 0x00000000eb300000, 0x00000000eb300000| Untracked 
| 180|0x00000000eb400000, 0x00000000eb400000, 0x00000000eb500000|  0%| F|  |TAMS 0x00000000eb400000, 0x00000000eb400000| Untracked 
| 181|0x00000000eb500000, 0x00000000eb500000, 0x00000000eb600000|  0%| F|  |TAMS 0x00000000eb500000, 0x00000000eb500000| Untracked 
| 182|0x00000000eb600000, 0x00000000eb600000, 0x00000000eb700000|  0%| F|  |TAMS 0x00000000eb600000, 0x00000000eb600000| Untracked 
| 183|0x00000000eb700000, 0x00000000eb700000, 0x00000000eb800000|  0%| F|  |TAMS 0x00000000eb700000, 0x00000000eb700000| Untracked 
| 184|0x00000000eb800000, 0x00000000eb800000, 0x00000000eb900000|  0%| F|  |TAMS 0x00000000eb800000, 0x00000000eb800000| Untracked 
| 185|0x00000000eb900000, 0x00000000eb900000, 0x00000000eba00000|  0%| F|  |TAMS 0x00000000eb900000, 0x00000000eb900000| Untracked 
| 186|0x00000000eba00000, 0x00000000eba00000, 0x00000000ebb00000|  0%| F|  |TAMS 0x00000000eba00000, 0x00000000eba00000| Untracked 
| 187|0x00000000ebb00000, 0x00000000ebb00000, 0x00000000ebc00000|  0%| F|  |TAMS 0x00000000ebb00000, 0x00000000ebb00000| Untracked 
| 188|0x00000000ebc00000, 0x00000000ebc00000, 0x00000000ebd00000|  0%| F|  |TAMS 0x00000000ebc00000, 0x00000000ebc00000| Untracked 
| 189|0x00000000ebd00000, 0x00000000ebd00000, 0x00000000ebe00000|  0%| F|  |TAMS 0x00000000ebd00000, 0x00000000ebd00000| Untracked 
| 190|0x00000000ebe00000, 0x00000000ebe00000, 0x00000000ebf00000|  0%| F|  |TAMS 0x00000000ebe00000, 0x00000000ebe00000| Untracked 
| 191|0x00000000ebf00000, 0x00000000ebf00000, 0x00000000ec000000|  0%| F|  |TAMS 0x00000000ebf00000, 0x00000000ebf00000| Untracked 
| 192|0x00000000ec000000, 0x00000000ec000000, 0x00000000ec100000|  0%| F|  |TAMS 0x00000000ec000000, 0x00000000ec000000| Untracked 
| 193|0x00000000ec100000, 0x00000000ec100000, 0x00000000ec200000|  0%| F|  |TAMS 0x00000000ec100000, 0x00000000ec100000| Untracked 
| 194|0x00000000ec200000, 0x00000000ec200000, 0x00000000ec300000|  0%| F|  |TAMS 0x00000000ec200000, 0x00000000ec200000| Untracked 
| 195|0x00000000ec300000, 0x00000000ec300000, 0x00000000ec400000|  0%| F|  |TAMS 0x00000000ec300000, 0x00000000ec300000| Untracked 
| 196|0x00000000ec400000, 0x00000000ec400000, 0x00000000ec500000|  0%| F|  |TAMS 0x00000000ec400000, 0x00000000ec400000| Untracked 
| 197|0x00000000ec500000, 0x00000000ec500000, 0x00000000ec600000|  0%| F|  |TAMS 0x00000000ec500000, 0x00000000ec500000| Untracked 
| 198|0x00000000ec600000, 0x00000000ec6d65f0, 0x00000000ec700000| 83%| S|CS|TAMS 0x00000000ec600000, 0x00000000ec600000| Complete 
| 199|0x00000000ec700000, 0x00000000ec800000, 0x00000000ec800000|100%| S|CS|TAMS 0x00000000ec700000, 0x00000000ec700000| Complete 
| 200|0x00000000ec800000, 0x00000000ec900000, 0x00000000ec900000|100%| S|CS|TAMS 0x00000000ec800000, 0x00000000ec800000| Complete 
| 201|0x00000000ec900000, 0x00000000eca00000, 0x00000000eca00000|100%| S|CS|TAMS 0x00000000ec900000, 0x00000000ec900000| Complete 
| 202|0x00000000eca00000, 0x00000000eca00000, 0x00000000ecb00000|  0%| F|  |TAMS 0x00000000eca00000, 0x00000000eca00000| Untracked 
| 203|0x00000000ecb00000, 0x00000000ecb00000, 0x00000000ecc00000|  0%| F|  |TAMS 0x00000000ecb00000, 0x00000000ecb00000| Untracked 
| 204|0x00000000ecc00000, 0x00000000ecc00000, 0x00000000ecd00000|  0%| F|  |TAMS 0x00000000ecc00000, 0x00000000ecc00000| Untracked 
| 205|0x00000000ecd00000, 0x00000000ecd00000, 0x00000000ece00000|  0%| F|  |TAMS 0x00000000ecd00000, 0x00000000ecd00000| Untracked 
| 206|0x00000000ece00000, 0x00000000ece00000, 0x00000000ecf00000|  0%| F|  |TAMS 0x00000000ece00000, 0x00000000ece00000| Untracked 
| 207|0x00000000ecf00000, 0x00000000ecf00000, 0x00000000ed000000|  0%| F|  |TAMS 0x00000000ecf00000, 0x00000000ecf00000| Untracked 
| 208|0x00000000ed000000, 0x00000000ed000000, 0x00000000ed100000|  0%| F|  |TAMS 0x00000000ed000000, 0x00000000ed000000| Untracked 
| 209|0x00000000ed100000, 0x00000000ed100000, 0x00000000ed200000|  0%| F|  |TAMS 0x00000000ed100000, 0x00000000ed100000| Untracked 
| 210|0x00000000ed200000, 0x00000000ed200000, 0x00000000ed300000|  0%| F|  |TAMS 0x00000000ed200000, 0x00000000ed200000| Untracked 
| 211|0x00000000ed300000, 0x00000000ed300000, 0x00000000ed400000|  0%| F|  |TAMS 0x00000000ed300000, 0x00000000ed300000| Untracked 
| 212|0x00000000ed400000, 0x00000000ed400000, 0x00000000ed500000|  0%| F|  |TAMS 0x00000000ed400000, 0x00000000ed400000| Untracked 
| 213|0x00000000ed500000, 0x00000000ed500000, 0x00000000ed600000|  0%| F|  |TAMS 0x00000000ed500000, 0x00000000ed500000| Untracked 
| 214|0x00000000ed600000, 0x00000000ed600000, 0x00000000ed700000|  0%| F|  |TAMS 0x00000000ed600000, 0x00000000ed600000| Untracked 
| 215|0x00000000ed700000, 0x00000000ed700000, 0x00000000ed800000|  0%| F|  |TAMS 0x00000000ed700000, 0x00000000ed700000| Untracked 
| 216|0x00000000ed800000, 0x00000000ed800000, 0x00000000ed900000|  0%| F|  |TAMS 0x00000000ed800000, 0x00000000ed800000| Untracked 
| 217|0x00000000ed900000, 0x00000000ed900000, 0x00000000eda00000|  0%| F|  |TAMS 0x00000000ed900000, 0x00000000ed900000| Untracked 
| 218|0x00000000eda00000, 0x00000000eda00000, 0x00000000edb00000|  0%| F|  |TAMS 0x00000000eda00000, 0x00000000eda00000| Untracked 
| 219|0x00000000edb00000, 0x00000000edb00000, 0x00000000edc00000|  0%| F|  |TAMS 0x00000000edb00000, 0x00000000edb00000| Untracked 
| 220|0x00000000edc00000, 0x00000000edc00000, 0x00000000edd00000|  0%| F|  |TAMS 0x00000000edc00000, 0x00000000edc00000| Untracked 
| 221|0x00000000edd00000, 0x00000000edd00000, 0x00000000ede00000|  0%| F|  |TAMS 0x00000000edd00000, 0x00000000edd00000| Untracked 
| 222|0x00000000ede00000, 0x00000000ede00000, 0x00000000edf00000|  0%| F|  |TAMS 0x00000000ede00000, 0x00000000ede00000| Untracked 
| 223|0x00000000edf00000, 0x00000000edf1cc28, 0x00000000ee000000| 11%| E|  |TAMS 0x00000000edf00000, 0x00000000edf00000| Complete 
| 224|0x00000000ee000000, 0x00000000ee100000, 0x00000000ee100000|100%| E|CS|TAMS 0x00000000ee000000, 0x00000000ee000000| Complete 
| 225|0x00000000ee100000, 0x00000000ee200000, 0x00000000ee200000|100%| E|CS|TAMS 0x00000000ee100000, 0x00000000ee100000| Complete 
| 226|0x00000000ee200000, 0x00000000ee300000, 0x00000000ee300000|100%| E|CS|TAMS 0x00000000ee200000, 0x00000000ee200000| Complete 
| 227|0x00000000ee300000, 0x00000000ee400000, 0x00000000ee400000|100%| E|CS|TAMS 0x00000000ee300000, 0x00000000ee300000| Complete 
| 228|0x00000000ee400000, 0x00000000ee500000, 0x00000000ee500000|100%| E|CS|TAMS 0x00000000ee400000, 0x00000000ee400000| Complete 
| 229|0x00000000ee500000, 0x00000000ee600000, 0x00000000ee600000|100%| E|CS|TAMS 0x00000000ee500000, 0x00000000ee500000| Complete 
| 230|0x00000000ee600000, 0x00000000ee700000, 0x00000000ee700000|100%| E|CS|TAMS 0x00000000ee600000, 0x00000000ee600000| Complete 
| 231|0x00000000ee700000, 0x00000000ee800000, 0x00000000ee800000|100%| E|CS|TAMS 0x00000000ee700000, 0x00000000ee700000| Complete 
| 232|0x00000000ee800000, 0x00000000ee900000, 0x00000000ee900000|100%| E|CS|TAMS 0x00000000ee800000, 0x00000000ee800000| Complete 
| 233|0x00000000ee900000, 0x00000000eea00000, 0x00000000eea00000|100%| E|CS|TAMS 0x00000000ee900000, 0x00000000ee900000| Complete 
| 234|0x00000000eea00000, 0x00000000eeb00000, 0x00000000eeb00000|100%| E|CS|TAMS 0x00000000eea00000, 0x00000000eea00000| Complete 
| 235|0x00000000eeb00000, 0x00000000eec00000, 0x00000000eec00000|100%| E|CS|TAMS 0x00000000eeb00000, 0x00000000eeb00000| Complete 
| 236|0x00000000eec00000, 0x00000000eed00000, 0x00000000eed00000|100%| E|CS|TAMS 0x00000000eec00000, 0x00000000eec00000| Complete 
| 237|0x00000000eed00000, 0x00000000eee00000, 0x00000000eee00000|100%| E|CS|TAMS 0x00000000eed00000, 0x00000000eed00000| Complete 
| 238|0x00000000eee00000, 0x00000000eef00000, 0x00000000eef00000|100%| E|CS|TAMS 0x00000000eee00000, 0x00000000eee00000| Complete 
| 239|0x00000000eef00000, 0x00000000ef000000, 0x00000000ef000000|100%| E|CS|TAMS 0x00000000eef00000, 0x00000000eef00000| Complete 
| 240|0x00000000ef000000, 0x00000000ef100000, 0x00000000ef100000|100%| E|CS|TAMS 0x00000000ef000000, 0x00000000ef000000| Complete 
| 241|0x00000000ef100000, 0x00000000ef200000, 0x00000000ef200000|100%| E|CS|TAMS 0x00000000ef100000, 0x00000000ef100000| Complete 
| 242|0x00000000ef200000, 0x00000000ef300000, 0x00000000ef300000|100%| E|CS|TAMS 0x00000000ef200000, 0x00000000ef200000| Complete 
| 243|0x00000000ef300000, 0x00000000ef400000, 0x00000000ef400000|100%| E|CS|TAMS 0x00000000ef300000, 0x00000000ef300000| Complete 
| 244|0x00000000ef400000, 0x00000000ef500000, 0x00000000ef500000|100%| E|CS|TAMS 0x00000000ef400000, 0x00000000ef400000| Complete 
| 245|0x00000000ef500000, 0x00000000ef600000, 0x00000000ef600000|100%| E|CS|TAMS 0x00000000ef500000, 0x00000000ef500000| Complete 
| 246|0x00000000ef600000, 0x00000000ef700000, 0x00000000ef700000|100%| E|CS|TAMS 0x00000000ef600000, 0x00000000ef600000| Complete 
| 247|0x00000000ef700000, 0x00000000ef800000, 0x00000000ef800000|100%| E|CS|TAMS 0x00000000ef700000, 0x00000000ef700000| Complete 
| 248|0x00000000ef800000, 0x00000000ef900000, 0x00000000ef900000|100%| E|CS|TAMS 0x00000000ef800000, 0x00000000ef800000| Complete 
| 249|0x00000000ef900000, 0x00000000efa00000, 0x00000000efa00000|100%| E|CS|TAMS 0x00000000ef900000, 0x00000000ef900000| Complete 
| 250|0x00000000efa00000, 0x00000000efb00000, 0x00000000efb00000|100%| E|CS|TAMS 0x00000000efa00000, 0x00000000efa00000| Complete 
| 251|0x00000000efb00000, 0x00000000efc00000, 0x00000000efc00000|100%| E|CS|TAMS 0x00000000efb00000, 0x00000000efb00000| Complete 
| 252|0x00000000efc00000, 0x00000000efd00000, 0x00000000efd00000|100%| E|CS|TAMS 0x00000000efc00000, 0x00000000efc00000| Complete 
| 253|0x00000000efd00000, 0x00000000efe00000, 0x00000000efe00000|100%| E|CS|TAMS 0x00000000efd00000, 0x00000000efd00000| Complete 
| 254|0x00000000efe00000, 0x00000000eff00000, 0x00000000eff00000|100%| E|CS|TAMS 0x00000000efe00000, 0x00000000efe00000| Complete 
| 255|0x00000000eff00000, 0x00000000f0000000, 0x00000000f0000000|100%| E|CS|TAMS 0x00000000eff00000, 0x00000000eff00000| Complete 
| 256|0x00000000f0000000, 0x00000000f0100000, 0x00000000f0100000|100%| E|CS|TAMS 0x00000000f0000000, 0x00000000f0000000| Complete 
| 257|0x00000000f0100000, 0x00000000f0200000, 0x00000000f0200000|100%| E|CS|TAMS 0x00000000f0100000, 0x00000000f0100000| Complete 
| 258|0x00000000f0200000, 0x00000000f0300000, 0x00000000f0300000|100%| E|CS|TAMS 0x00000000f0200000, 0x00000000f0200000| Complete 
| 259|0x00000000f0300000, 0x00000000f0400000, 0x00000000f0400000|100%| E|CS|TAMS 0x00000000f0300000, 0x00000000f0300000| Complete 
| 260|0x00000000f0400000, 0x00000000f0500000, 0x00000000f0500000|100%| E|CS|TAMS 0x00000000f0400000, 0x00000000f0400000| Complete 
| 261|0x00000000f0500000, 0x00000000f0600000, 0x00000000f0600000|100%| E|CS|TAMS 0x00000000f0500000, 0x00000000f0500000| Complete 
| 262|0x00000000f0600000, 0x00000000f0700000, 0x00000000f0700000|100%| E|CS|TAMS 0x00000000f0600000, 0x00000000f0600000| Complete 
| 263|0x00000000f0700000, 0x00000000f0800000, 0x00000000f0800000|100%| E|CS|TAMS 0x00000000f0700000, 0x00000000f0700000| Complete 
| 264|0x00000000f0800000, 0x00000000f0900000, 0x00000000f0900000|100%| E|CS|TAMS 0x00000000f0800000, 0x00000000f0800000| Complete 
| 265|0x00000000f0900000, 0x00000000f0a00000, 0x00000000f0a00000|100%| E|CS|TAMS 0x00000000f0900000, 0x00000000f0900000| Complete 
| 266|0x00000000f0a00000, 0x00000000f0b00000, 0x00000000f0b00000|100%| E|CS|TAMS 0x00000000f0a00000, 0x00000000f0a00000| Complete 
| 267|0x00000000f0b00000, 0x00000000f0c00000, 0x00000000f0c00000|100%| E|CS|TAMS 0x00000000f0b00000, 0x00000000f0b00000| Complete 
| 268|0x00000000f0c00000, 0x00000000f0d00000, 0x00000000f0d00000|100%| E|CS|TAMS 0x00000000f0c00000, 0x00000000f0c00000| Complete 
| 269|0x00000000f0d00000, 0x00000000f0e00000, 0x00000000f0e00000|100%| E|CS|TAMS 0x00000000f0d00000, 0x00000000f0d00000| Complete 
| 270|0x00000000f0e00000, 0x00000000f0f00000, 0x00000000f0f00000|100%| E|CS|TAMS 0x00000000f0e00000, 0x00000000f0e00000| Complete 
| 271|0x00000000f0f00000, 0x00000000f1000000, 0x00000000f1000000|100%| E|CS|TAMS 0x00000000f0f00000, 0x00000000f0f00000| Complete 
| 272|0x00000000f1000000, 0x00000000f1100000, 0x00000000f1100000|100%| E|CS|TAMS 0x00000000f1000000, 0x00000000f1000000| Complete 
| 273|0x00000000f1100000, 0x00000000f1200000, 0x00000000f1200000|100%| E|CS|TAMS 0x00000000f1100000, 0x00000000f1100000| Complete 
| 274|0x00000000f1200000, 0x00000000f1300000, 0x00000000f1300000|100%| E|CS|TAMS 0x00000000f1200000, 0x00000000f1200000| Complete 

Card table byte_map: [0x0000018318df0000,0x0000018318ef0000] _byte_map_base: 0x00000183186f0000

Marking Bits (Prev, Next): (CMBitMap*) 0x0000018301c8b970, (CMBitMap*) 0x0000018301c8b930
 Prev Bits: [0x00000183197f0000, 0x0000018319ff0000)
 Next Bits: [0x0000018318ff0000, 0x00000183197f0000)

Polling page: 0x0000018301410000

Metaspace:

Usage:
  Non-class:     99.47 MB used.
      Class:     15.92 MB used.
       Both:    115.39 MB used.

Virtual space:
  Non-class space:      128.00 MB reserved,     100.06 MB ( 78%) committed,  2 nodes.
      Class space:      320.00 MB reserved,      16.44 MB (  5%) committed,  1 nodes.
             Both:      448.00 MB reserved,     116.50 MB ( 26%) committed. 

Chunk freelists:
   Non-Class:  11.60 MB
       Class:  15.59 MB
        Both:  27.19 MB

MaxMetaspaceSize: 384.00 MB
CompressedClassSpaceSize: 320.00 MB
Initial GC threshold: 21.00 MB
Current GC threshold: 192.75 MB
CDS: on
MetaspaceReclaimPolicy: balanced
 - commit_granule_bytes: 65536.
 - commit_granule_words: 8192.
 - virtual_space_node_default_size: 8388608.
 - enlarge_chunks_in_place: 1.
 - new_chunks_are_fully_committed: 0.
 - uncommit_free_chunks: 1.
 - use_allocation_guard: 0.
 - handle_deallocations: 1.


Internal statistics:

num_allocs_failed_limit: 12.
num_arena_births: 1514.
num_arena_deaths: 0.
num_vsnodes_births: 3.
num_vsnodes_deaths: 0.
num_space_committed: 1864.
num_space_uncommitted: 0.
num_chunks_returned_to_freelist: 12.
num_chunks_taken_from_freelist: 6636.
num_chunk_merges: 9.
num_chunk_splits: 4390.
num_chunks_enlarged: 2922.
num_inconsistent_stats: 0.

CodeHeap 'non-profiled nmethods': size=120000Kb used=10877Kb max_used=11145Kb free=109122Kb
 bounds [0x0000018311270000, 0x0000018311d60000, 0x00000183187a0000]
CodeHeap 'profiled nmethods': size=120000Kb used=23383Kb max_used=24820Kb free=96616Kb
 bounds [0x00000183097a0000, 0x000001830afe0000, 0x0000018310cd0000]
CodeHeap 'non-nmethods': size=5760Kb used=2385Kb max_used=2473Kb free=3374Kb
 bounds [0x0000018310cd0000, 0x0000018310f50000, 0x0000018311270000]
 total_blobs=13574 nmethods=12664 adapters=820
 compilation: enabled
              stopped_count=0, restarted_count=0
 full_count=0

Compilation events (20 events):
Event: 34.749 Thread 0x000001831cc86090 15260       1       org.gradle.api.internal.artifacts.transform.ConsumerProvidedVariantFinder$TransformCache$CacheKey::access$400 (5 bytes)
Event: 34.749 Thread 0x000001831cc86090 nmethod 15260 0x0000018311d50d90 code [0x0000018311d50f20, 0x0000018311d50fd8]
Event: 34.749 Thread 0x000001831cc86090 15261       1       org.gradle.api.internal.artifacts.transform.DefaultVariantTransformRegistry::getRegistrations (5 bytes)
Event: 34.750 Thread 0x000001831cc86090 nmethod 15261 0x0000018311d51090 code [0x0000018311d51220, 0x0000018311d512f8]
Event: 34.751 Thread 0x000001831cc656c0 nmethod 15254 0x0000018311d51390 code [0x0000018311d51520, 0x0000018311d516d8]
Event: 34.751 Thread 0x000001831cc656c0 15255       4       org.gradle.api.internal.initialization.transform.utils.InstrumentationClasspathMerger$OriginalArtifactIdentifier::of (66 bytes)
Event: 34.752 Thread 0x000001831cc86090 15262       1       org.gradle.api.attributes.LibraryElements$Impl::getName (5 bytes)
Event: 34.753 Thread 0x000001831cc86090 nmethod 15262 0x0000018311d51810 code [0x0000018311d519a0, 0x0000018311d51a78]
Event: 34.763 Thread 0x000001831cc656c0 nmethod 15255 0x00000183115b8010 code [0x00000183115b81c0, 0x00000183115b85c8]
Event: 34.788 Thread 0x000001831cc656c0 15263   !   4       com.google.common.cache.LocalCache::processPendingNotifications (47 bytes)
Event: 34.816 Thread 0x000001831cc656c0 nmethod 15263 0x0000018311d51b10 code [0x0000018311d51cc0, 0x0000018311d527b8]
Event: 34.816 Thread 0x000001831cc656c0 15265       4       org.gradle.internal.snapshot.FileSystemLocationSnapshot$$Lambda$519/0x000001831e479688::compare (12 bytes)
Event: 34.829 Thread 0x000001831cc656c0 nmethod 15265 0x0000018311802210 code [0x00000183118023c0, 0x0000018311802b78]
Event: 34.829 Thread 0x000001831cc656c0 15266       4       java.util.Comparator$$Lambda$520/0x000001831e2e6480::compare (14 bytes)
Event: 34.845 Thread 0x000001831cc656c0 nmethod 15266 0x0000018311804910 code [0x0000018311804ae0, 0x0000018311805418]
Event: 34.845 Thread 0x000001831cc656c0 15267  s    4       java.io.BufferedOutputStream::flush (12 bytes)
Event: 34.848 Thread 0x000001831cc656c0 nmethod 15267 0x0000018311b53510 code [0x0000018311b536c0, 0x0000018311b53a78]
Event: 34.848 Thread 0x000001831cc656c0 15264       4       org.gradle.api.internal.artifacts.transform.TransformExecutionResult$Builder$MixedInputAndProducedOutputResult$$Lambda$1108/0x000001831e709758::apply (12 bytes)
Event: 34.858 Thread 0x000001831cc656c0 nmethod 15264 0x0000018311b66c90 code [0x0000018311b66e60, 0x0000018311b67518]
Event: 34.858 Thread 0x000001831cc656c0 15268   !   4       java.nio.file.Files::walkFileTree (297 bytes)

GC Heap History (20 events):
Event: 26.353 GC heap before
{Heap before GC invocations=28 (full 0):
 garbage-first heap   total 266240K, used 160183K [0x00000000e0000000, 0x0000000100000000)
  region size 1024K, 13 young (13312K), 5 survivors (5120K)
 Metaspace       used 98827K, committed 99840K, reserved 458752K
  class space    used 13684K, committed 14144K, reserved 327680K
}
Event: 26.358 GC heap after
{Heap after GC invocations=29 (full 0):
 garbage-first heap   total 266240K, used 149360K [0x00000000e0000000, 0x0000000100000000)
  region size 1024K, 1 young (1024K), 1 survivors (1024K)
 Metaspace       used 98827K, committed 99840K, reserved 458752K
  class space    used 13684K, committed 14144K, reserved 327680K
}
Event: 27.385 GC heap before
{Heap before GC invocations=29 (full 0):
 garbage-first heap   total 266240K, used 223088K [0x00000000e0000000, 0x0000000100000000)
  region size 1024K, 74 young (75776K), 1 survivors (1024K)
 Metaspace       used 104282K, committed 105344K, reserved 458752K
  class space    used 14333K, committed 14848K, reserved 327680K
}
Event: 27.389 GC heap after
{Heap after GC invocations=30 (full 0):
 garbage-first heap   total 266240K, used 150541K [0x00000000e0000000, 0x0000000100000000)
  region size 1024K, 2 young (2048K), 2 survivors (2048K)
 Metaspace       used 104282K, committed 105344K, reserved 458752K
  class space    used 14333K, committed 14848K, reserved 327680K
}
Event: 28.500 GC heap before
{Heap before GC invocations=31 (full 0):
 garbage-first heap   total 266240K, used 226317K [0x00000000e0000000, 0x0000000100000000)
  region size 1024K, 76 young (77824K), 2 survivors (2048K)
 Metaspace       used 109297K, committed 110272K, reserved 458752K
  class space    used 15005K, committed 15488K, reserved 327680K
}
Event: 28.507 GC heap after
{Heap after GC invocations=32 (full 0):
 garbage-first heap   total 266240K, used 155421K [0x00000000e0000000, 0x0000000100000000)
  region size 1024K, 7 young (7168K), 7 survivors (7168K)
 Metaspace       used 109297K, committed 110272K, reserved 458752K
  class space    used 15005K, committed 15488K, reserved 327680K
}
Event: 28.568 GC heap before
{Heap before GC invocations=32 (full 0):
 garbage-first heap   total 266240K, used 161565K [0x00000000e0000000, 0x0000000100000000)
  region size 1024K, 13 young (13312K), 7 survivors (7168K)
 Metaspace       used 109385K, committed 110464K, reserved 458752K
  class space    used 15019K, committed 15552K, reserved 327680K
}
Event: 28.575 GC heap after
{Heap after GC invocations=33 (full 0):
 garbage-first heap   total 266240K, used 152830K [0x00000000e0000000, 0x0000000100000000)
  region size 1024K, 2 young (2048K), 2 survivors (2048K)
 Metaspace       used 109385K, committed 110464K, reserved 458752K
  class space    used 15019K, committed 15552K, reserved 327680K
}
Event: 29.729 GC heap before
{Heap before GC invocations=33 (full 0):
 garbage-first heap   total 266240K, used 225534K [0x00000000e0000000, 0x0000000100000000)
  region size 1024K, 73 young (74752K), 2 survivors (2048K)
 Metaspace       used 114701K, committed 115840K, reserved 458752K
  class space    used 15858K, committed 16384K, reserved 327680K
}
Event: 29.733 GC heap after
{Heap after GC invocations=34 (full 0):
 garbage-first heap   total 266240K, used 155465K [0x00000000e0000000, 0x0000000100000000)
  region size 1024K, 5 young (5120K), 5 survivors (5120K)
 Metaspace       used 114701K, committed 115840K, reserved 458752K
  class space    used 15858K, committed 16384K, reserved 327680K
}
Event: 30.852 GC heap before
{Heap before GC invocations=34 (full 0):
 garbage-first heap   total 266240K, used 225097K [0x00000000e0000000, 0x0000000100000000)
  region size 1024K, 74 young (75776K), 5 survivors (5120K)
 Metaspace       used 117290K, committed 118400K, reserved 458752K
  class space    used 16179K, committed 16704K, reserved 327680K
}
Event: 30.860 GC heap after
{Heap after GC invocations=35 (full 0):
 garbage-first heap   total 266240K, used 160718K [0x00000000e0000000, 0x0000000100000000)
  region size 1024K, 10 young (10240K), 10 survivors (10240K)
 Metaspace       used 117290K, committed 118400K, reserved 458752K
  class space    used 16179K, committed 16704K, reserved 327680K
}
Event: 31.302 GC heap before
{Heap before GC invocations=35 (full 0):
 garbage-first heap   total 266240K, used 225230K [0x00000000e0000000, 0x0000000100000000)
  region size 1024K, 74 young (75776K), 10 survivors (10240K)
 Metaspace       used 117299K, committed 118400K, reserved 458752K
  class space    used 16179K, committed 16704K, reserved 327680K
}
Event: 31.309 GC heap after
{Heap after GC invocations=36 (full 0):
 garbage-first heap   total 266240K, used 162509K [0x00000000e0000000, 0x0000000100000000)
  region size 1024K, 3 young (3072K), 3 survivors (3072K)
 Metaspace       used 117299K, committed 118400K, reserved 458752K
  class space    used 16179K, committed 16704K, reserved 327680K
}
Event: 32.242 GC heap before
{Heap before GC invocations=37 (full 0):
 garbage-first heap   total 281600K, used 225997K [0x00000000e0000000, 0x0000000100000000)
  region size 1024K, 65 young (66560K), 3 survivors (3072K)
 Metaspace       used 117569K, committed 118656K, reserved 458752K
  class space    used 16211K, committed 16704K, reserved 327680K
}
Event: 32.247 GC heap after
{Heap after GC invocations=38 (full 0):
 garbage-first heap   total 281600K, used 166123K [0x00000000e0000000, 0x0000000100000000)
  region size 1024K, 6 young (6144K), 6 survivors (6144K)
 Metaspace       used 117569K, committed 118656K, reserved 458752K
  class space    used 16211K, committed 16704K, reserved 327680K
}
Event: 32.273 GC heap before
{Heap before GC invocations=38 (full 0):
 garbage-first heap   total 281600K, used 172267K [0x00000000e0000000, 0x0000000100000000)
  region size 1024K, 13 young (13312K), 6 survivors (6144K)
 Metaspace       used 117569K, committed 118656K, reserved 458752K
  class space    used 16211K, committed 16704K, reserved 327680K
}
Event: 32.278 GC heap after
{Heap after GC invocations=39 (full 0):
 garbage-first heap   total 281600K, used 164283K [0x00000000e0000000, 0x0000000100000000)
  region size 1024K, 1 young (1024K), 1 survivors (1024K)
 Metaspace       used 117569K, committed 118656K, reserved 458752K
  class space    used 16211K, committed 16704K, reserved 327680K
}
Event: 34.344 GC heap before
{Heap before GC invocations=39 (full 0):
 garbage-first heap   total 281600K, used 238011K [0x00000000e0000000, 0x0000000100000000)
  region size 1024K, 73 young (74752K), 1 survivors (1024K)
 Metaspace       used 118133K, committed 119296K, reserved 458752K
  class space    used 16297K, committed 16832K, reserved 327680K
}
Event: 34.348 GC heap after
{Heap after GC invocations=40 (full 0):
 garbage-first heap   total 281600K, used 167232K [0x00000000e0000000, 0x0000000100000000)
  region size 1024K, 4 young (4096K), 4 survivors (4096K)
 Metaspace       used 118133K, committed 119296K, reserved 458752K
  class space    used 16297K, committed 16832K, reserved 327680K
}

Dll operation events (15 events):
Event: 0.012 Loaded shared library C:\Program Files\Microsoft\jdk-17.0.15.6-hotspot\bin\java.dll
Event: 0.029 Loaded shared library C:\Program Files\Microsoft\jdk-17.0.15.6-hotspot\bin\jsvml.dll
Event: 0.065 Loaded shared library C:\Program Files\Microsoft\jdk-17.0.15.6-hotspot\bin\zip.dll
Event: 0.067 Loaded shared library C:\Program Files\Microsoft\jdk-17.0.15.6-hotspot\bin\instrument.dll
Event: 0.071 Loaded shared library C:\Program Files\Microsoft\jdk-17.0.15.6-hotspot\bin\net.dll
Event: 0.073 Loaded shared library C:\Program Files\Microsoft\jdk-17.0.15.6-hotspot\bin\nio.dll
Event: 0.075 Loaded shared library C:\Program Files\Microsoft\jdk-17.0.15.6-hotspot\bin\zip.dll
Event: 0.292 Loaded shared library C:\Program Files\Microsoft\jdk-17.0.15.6-hotspot\bin\jimage.dll
Event: 0.411 Loaded shared library C:\Program Files\Microsoft\jdk-17.0.15.6-hotspot\bin\verify.dll
Event: 0.590 Loaded shared library C:\Users\HP\.gradle\native\c067742578af261105cb4f569cf0c3c89f3d7b1fecec35dd04571415982c5e48\windows-amd64\native-platform.dll
Event: 0.597 Loaded shared library C:\Users\HP\.gradle\native\100fb08df4bc3b14c8652ba06237920a3bd2aa13389f12d3474272988ae205f9\windows-amd64\native-platform-file-events.dll
Event: 1.351 Loaded shared library C:\Program Files\Microsoft\jdk-17.0.15.6-hotspot\bin\management.dll
Event: 1.353 Loaded shared library C:\Program Files\Microsoft\jdk-17.0.15.6-hotspot\bin\management_ext.dll
Event: 1.473 Loaded shared library C:\Program Files\Microsoft\jdk-17.0.15.6-hotspot\bin\extnet.dll
Event: 1.631 Loaded shared library C:\Program Files\Microsoft\jdk-17.0.15.6-hotspot\bin\sunmscapi.dll

Deoptimization events (20 events):
Event: 34.150 Thread 0x00000183361163f0 Uncommon trap: trap_request=0xffffffc6 fr.pc=0x00000183114b2500 relative=0x0000000000000520
Event: 34.150 Thread 0x00000183361163f0 Uncommon trap: reason=bimorphic_or_optimized_type_check action=maybe_recompile pc=0x00000183114b2500 method=org.codehaus.groovy.util.SingleKeyHashMap.get(Ljava/lang/Object;)Ljava/lang/Object; @ 1 c2
Event: 34.150 Thread 0x00000183361163f0 DEOPT PACKING pc=0x00000183114b2500 sp=0x00000017539f5fb0
Event: 34.150 Thread 0x00000183361163f0 DEOPT UNPACKING pc=0x0000018310d269a3 sp=0x00000017539f5f50 mode 2
Event: 34.902 Thread 0x00000183361163f0 Uncommon trap: trap_request=0xffffffd6 fr.pc=0x0000018311d148d4 relative=0x0000000000000694
Event: 34.902 Thread 0x00000183361163f0 Uncommon trap: reason=array_check action=maybe_recompile pc=0x0000018311d148d4 method=java.util.ComparableTimSort.binarySort([Ljava/lang/Object;III)V @ 215 c2
Event: 34.902 Thread 0x00000183361163f0 DEOPT PACKING pc=0x0000018311d148d4 sp=0x00000017539f78d0
Event: 34.902 Thread 0x00000183361163f0 DEOPT UNPACKING pc=0x0000018310d269a3 sp=0x00000017539f7870 mode 2
Event: 34.902 Thread 0x00000183361163f0 Uncommon trap: trap_request=0xffffffd6 fr.pc=0x0000018311d148d4 relative=0x0000000000000694
Event: 34.902 Thread 0x00000183361163f0 Uncommon trap: reason=array_check action=maybe_recompile pc=0x0000018311d148d4 method=java.util.ComparableTimSort.binarySort([Ljava/lang/Object;III)V @ 215 c2
Event: 34.902 Thread 0x00000183361163f0 DEOPT PACKING pc=0x0000018311d148d4 sp=0x00000017539f78d0
Event: 34.902 Thread 0x00000183361163f0 DEOPT UNPACKING pc=0x0000018310d269a3 sp=0x00000017539f7870 mode 2
Event: 34.902 Thread 0x00000183361163f0 Uncommon trap: trap_request=0xffffffd6 fr.pc=0x0000018311d149e8 relative=0x00000000000007a8
Event: 34.902 Thread 0x00000183361163f0 Uncommon trap: reason=array_check action=maybe_recompile pc=0x0000018311d149e8 method=java.util.ComparableTimSort.binarySort([Ljava/lang/Object;III)V @ 193 c2
Event: 34.902 Thread 0x00000183361163f0 DEOPT PACKING pc=0x0000018311d149e8 sp=0x00000017539f78d0
Event: 34.902 Thread 0x00000183361163f0 DEOPT UNPACKING pc=0x0000018310d269a3 sp=0x00000017539f7870 mode 2
Event: 34.902 Thread 0x00000183361163f0 Uncommon trap: trap_request=0xffffffd6 fr.pc=0x0000018311d149e8 relative=0x00000000000007a8
Event: 34.902 Thread 0x00000183361163f0 Uncommon trap: reason=array_check action=maybe_recompile pc=0x0000018311d149e8 method=java.util.ComparableTimSort.binarySort([Ljava/lang/Object;III)V @ 193 c2
Event: 34.902 Thread 0x00000183361163f0 DEOPT PACKING pc=0x0000018311d149e8 sp=0x00000017539f78d0
Event: 34.902 Thread 0x00000183361163f0 DEOPT UNPACKING pc=0x0000018310d269a3 sp=0x00000017539f7870 mode 2

Classes loaded (20 events):
Event: 16.070 Loading class java/util/concurrent/CompletableFuture$AsyncRun
Event: 16.071 Loading class java/util/concurrent/CompletableFuture$AsyncRun done
Event: 16.425 Loading class jdk/internal/math/FormattedFloatingDecimal$Form
Event: 16.426 Loading class jdk/internal/math/FormattedFloatingDecimal$Form done
Event: 16.426 Loading class jdk/internal/math/FormattedFloatingDecimal
Event: 16.427 Loading class jdk/internal/math/FormattedFloatingDecimal done
Event: 16.427 Loading class jdk/internal/math/FormattedFloatingDecimal$1
Event: 16.427 Loading class jdk/internal/math/FormattedFloatingDecimal$1 done
Event: 16.427 Loading class jdk/internal/math/FormattedFloatingDecimal$2
Event: 16.427 Loading class jdk/internal/math/FormattedFloatingDecimal$2 done
Event: 16.865 Loading class java/util/Collections$ReverseComparator
Event: 16.865 Loading class java/util/Collections$ReverseComparator done
Event: 16.865 Loading class java/util/Comparators$NaturalOrderComparator
Event: 16.866 Loading class java/util/Comparators$NaturalOrderComparator done
Event: 16.866 Loading class java/util/Collections$ReverseComparator2
Event: 16.866 Loading class java/util/Collections$ReverseComparator2 done
Event: 28.599 Loading class java/beans/ParameterDescriptor
Event: 28.600 Loading class java/beans/ParameterDescriptor done
Event: 34.474 Loading class java/util/LinkedList$LLSpliterator
Event: 34.475 Loading class java/util/LinkedList$LLSpliterator done

Classes unloaded (0 events):
No events

Classes redefined (0 events):
No events

Internal exceptions (20 events):
Event: 30.614 Thread 0x00000183361163f0 Exception <a 'sun/nio/fs/WindowsException'{0x00000000ec9e3bb0}> (0x00000000ec9e3bb0) 
thrown [s\src\hotspot\share\prims\jni.cpp, line 516]
Event: 30.615 Thread 0x00000183361163f0 Exception <a 'sun/nio/fs/WindowsException'{0x00000000ec9e52f0}> (0x00000000ec9e52f0) 
thrown [s\src\hotspot\share\prims\jni.cpp, line 516]
Event: 30.615 Thread 0x00000183361163f0 Exception <a 'sun/nio/fs/WindowsException'{0x00000000ec9e6a20}> (0x00000000ec9e6a20) 
thrown [s\src\hotspot\share\prims\jni.cpp, line 516]
Event: 30.616 Thread 0x00000183361163f0 Exception <a 'sun/nio/fs/WindowsException'{0x00000000ec9e8128}> (0x00000000ec9e8128) 
thrown [s\src\hotspot\share\prims\jni.cpp, line 516]
Event: 31.508 Thread 0x00000183361163f0 Exception <a 'java/lang/ClassNotFoundException'{0x00000000f0d42670}: build_dajlu3o5uaibatygw3s1srdhuBeanInfo> (0x00000000f0d42670) 
thrown [s\src\hotspot\share\classfile\systemDictionary.cpp, line 256]
Event: 31.509 Thread 0x00000183361163f0 Exception <a 'java/lang/ClassNotFoundException'{0x00000000f0d497a8}: build_dajlu3o5uaibatygw3s1srdhuCustomizer> (0x00000000f0d497a8) 
thrown [s\src\hotspot\share\classfile\systemDictionary.cpp, line 256]
Event: 31.976 Thread 0x00000183361163f0 Exception <a 'sun/nio/fs/WindowsException'{0x00000000eedc9eb0}> (0x00000000eedc9eb0) 
thrown [s\src\hotspot\share\prims\jni.cpp, line 516]
Event: 31.977 Thread 0x00000183361163f0 Exception <a 'sun/nio/fs/WindowsException'{0x00000000eedcb5f0}> (0x00000000eedcb5f0) 
thrown [s\src\hotspot\share\prims\jni.cpp, line 516]
Event: 31.977 Thread 0x00000183361163f0 Exception <a 'sun/nio/fs/WindowsException'{0x00000000eedccd20}> (0x00000000eedccd20) 
thrown [s\src\hotspot\share\prims\jni.cpp, line 516]
Event: 31.978 Thread 0x00000183361163f0 Exception <a 'sun/nio/fs/WindowsException'{0x00000000eedce428}> (0x00000000eedce428) 
thrown [s\src\hotspot\share\prims\jni.cpp, line 516]
Event: 32.459 Thread 0x00000183361163f0 Exception <a 'java/lang/ClassNotFoundException'{0x00000000eee8e580}: build_a262a02wcwk73sq7wgcaac7jcBeanInfo> (0x00000000eee8e580) 
thrown [s\src\hotspot\share\classfile\systemDictionary.cpp, line 256]
Event: 32.460 Thread 0x00000183361163f0 Exception <a 'java/lang/ClassNotFoundException'{0x00000000eee956b8}: build_a262a02wcwk73sq7wgcaac7jcCustomizer> (0x00000000eee956b8) 
thrown [s\src\hotspot\share\classfile\systemDictionary.cpp, line 256]
Event: 34.108 Thread 0x00000183361163f0 Exception <a 'sun/nio/fs/WindowsException'{0x00000000ed29dc28}> (0x00000000ed29dc28) 
thrown [s\src\hotspot\share\prims\jni.cpp, line 516]
Event: 34.108 Thread 0x00000183361163f0 Exception <a 'sun/nio/fs/WindowsException'{0x00000000ed29f2a0}> (0x00000000ed29f2a0) 
thrown [s\src\hotspot\share\prims\jni.cpp, line 516]
Event: 34.108 Thread 0x00000183361163f0 Exception <a 'sun/nio/fs/WindowsException'{0x00000000ed2a0908}> (0x00000000ed2a0908) 
thrown [s\src\hotspot\share\prims\jni.cpp, line 516]
Event: 34.109 Thread 0x00000183361163f0 Exception <a 'sun/nio/fs/WindowsException'{0x00000000ed2a1f48}> (0x00000000ed2a1f48) 
thrown [s\src\hotspot\share\prims\jni.cpp, line 516]
Event: 34.136 Thread 0x00000183361163f0 Exception <a 'java/lang/ClassNotFoundException'{0x00000000ed041b68}: build_dtrjbqnk5rm4h1p81xsmn4tl8BeanInfo> (0x00000000ed041b68) 
thrown [s\src\hotspot\share\classfile\systemDictionary.cpp, line 256]
Event: 34.137 Thread 0x00000183361163f0 Exception <a 'java/lang/ClassNotFoundException'{0x00000000ed048d28}: build_dtrjbqnk5rm4h1p81xsmn4tl8Customizer> (0x00000000ed048d28) 
thrown [s\src\hotspot\share\classfile\systemDictionary.cpp, line 256]
Event: 34.150 Thread 0x00000183361163f0 Exception <a 'java/lang/ClassNotFoundException'{0x00000000ed0bc288}: build_dtrjbqnk5rm4h1p81xsmn4tl8$_run_closure1BeanInfo> (0x00000000ed0bc288) 
thrown [s\src\hotspot\share\classfile\systemDictionary.cpp, line 256]
Event: 34.150 Thread 0x00000183361163f0 Exception <a 'java/lang/ClassNotFoundException'{0x00000000ed0c4068}: build_dtrjbqnk5rm4h1p81xsmn4tl8$_run_closure1Customizer> (0x00000000ed0c4068) 
thrown [s\src\hotspot\share\classfile\systemDictionary.cpp, line 256]

VM Operations (20 events):
Event: 31.310 Executing VM operation: G1CollectForAllocation done
Event: 31.382 Executing VM operation: G1PauseRemark
Event: 31.392 Executing VM operation: G1PauseRemark done
Event: 31.434 Executing VM operation: G1PauseCleanup
Event: 31.435 Executing VM operation: G1PauseCleanup done
Event: 32.242 Executing VM operation: G1CollectForAllocation
Event: 32.247 Executing VM operation: G1CollectForAllocation done
Event: 32.272 Executing VM operation: G1CollectForAllocation
Event: 32.279 Executing VM operation: G1CollectForAllocation done
Event: 33.287 Executing VM operation: Cleanup
Event: 33.287 Executing VM operation: Cleanup done
Event: 34.287 Executing VM operation: Cleanup
Event: 34.287 Executing VM operation: Cleanup done
Event: 34.344 Executing VM operation: G1CollectForAllocation
Event: 34.348 Executing VM operation: G1CollectForAllocation done
Event: 34.751 Executing VM operation: HandshakeAllThreads
Event: 34.751 Executing VM operation: HandshakeAllThreads done
Event: 34.816 Executing VM operation: HandshakeAllThreads
Event: 34.816 Executing VM operation: HandshakeAllThreads done
Event: 35.820 Executing VM operation: Cleanup

Memory protections (0 events):
No events

Nmethod flushes (20 events):
Event: 34.835 Thread 0x00000183360092d0 flushing  nmethod 0x000001830a8d8490
Event: 34.835 Thread 0x00000183360092d0 flushing  nmethod 0x000001830a8db990
Event: 34.835 Thread 0x00000183360092d0 flushing  nmethod 0x000001830a8dbf10
Event: 34.835 Thread 0x00000183360092d0 flushing  nmethod 0x000001830a8e0510
Event: 34.835 Thread 0x00000183360092d0 flushing  nmethod 0x000001830a8f9790
Event: 34.836 Thread 0x00000183360092d0 flushing  nmethod 0x000001830a910d90
Event: 34.836 Thread 0x00000183360092d0 flushing  nmethod 0x000001830a945810
Event: 34.836 Thread 0x00000183360092d0 flushing  nmethod 0x000001830a995f90
Event: 34.836 Thread 0x00000183360092d0 flushing  nmethod 0x000001830a9c4d10
Event: 34.836 Thread 0x00000183360092d0 flushing  nmethod 0x000001830a9c5d90
Event: 34.836 Thread 0x00000183360092d0 flushing  nmethod 0x000001830a9fce90
Event: 34.837 Thread 0x00000183360092d0 flushing  nmethod 0x000001830aa22690
Event: 34.837 Thread 0x00000183360092d0 flushing  nmethod 0x000001830aadae10
Event: 34.837 Thread 0x00000183360092d0 flushing  nmethod 0x000001830ab01810
Event: 34.837 Thread 0x00000183360092d0 flushing  nmethod 0x000001830ab03c90
Event: 34.837 Thread 0x00000183360092d0 flushing  nmethod 0x000001830ab19790
Event: 34.838 Thread 0x00000183360092d0 flushing  nmethod 0x000001830ab33110
Event: 34.838 Thread 0x00000183360092d0 flushing  nmethod 0x000001830ab78a90
Event: 34.839 Thread 0x00000183360092d0 flushing  nmethod 0x000001830ac32510
Event: 34.839 Thread 0x00000183360092d0 flushing  nmethod 0x000001830ac37e90

Events (20 events):
Event: 34.497 Thread 0x00000183361163f0 Thread added: 0x0000018337394060
Event: 34.498 Thread 0x00000183361163f0 Thread added: 0x00000183373959b0
Event: 34.498 Thread 0x00000183361163f0 Thread added: 0x0000018337394570
Event: 34.499 Thread 0x00000183361163f0 Thread added: 0x0000018337398230
Event: 34.499 Thread 0x00000183361163f0 Thread added: 0x0000018337397300
Event: 34.500 Thread 0x00000183361163f0 Thread added: 0x0000018337395ec0
Event: 34.757 Thread 0x00000183361163f0 Thread added: 0x0000018337394a80
Event: 34.760 Thread 0x00000183361163f0 Thread added: 0x0000018337399160
Event: 34.761 Thread 0x00000183361163f0 Thread added: 0x0000018337397d20
Event: 34.763 Thread 0x00000183361163f0 Thread added: 0x0000018337398740
Event: 34.765 Thread 0x00000183361163f0 Thread added: 0x0000018337399670
Event: 34.767 Thread 0x00000183361163f0 Thread added: 0x0000018337399b80
Event: 34.770 Thread 0x00000183361163f0 Thread added: 0x0000018337397810
Event: 34.773 Thread 0x00000183361163f0 Thread added: 0x000001833739aab0
Event: 34.775 Thread 0x00000183361163f0 Thread added: 0x0000018337398c50
Event: 34.777 Thread 0x00000183361163f0 Thread added: 0x00000183373963d0
Event: 34.779 Thread 0x00000183361163f0 Thread added: 0x000001833739a5a0
Event: 34.903 Thread 0x00000183361163f0 Thread added: 0x000001833739afc0
Event: 34.903 Thread 0x00000183361163f0 Thread added: 0x000001833739b9e0
Event: 34.903 Thread 0x00000183361163f0 Thread added: 0x000001833dd11680


Dynamic libraries:
0x00007ff77d7d0000 - 0x00007ff77d7de000 	C:\Program Files\Microsoft\jdk-17.0.15.6-hotspot\bin\java.exe
0x00007ff8dc440000 - 0x00007ff8dc6a7000 	C:\WINDOWS\SYSTEM32\ntdll.dll
0x00007ff8db7d0000 - 0x00007ff8db899000 	C:\WINDOWS\System32\KERNEL32.DLL
0x00007ff8d9bd0000 - 0x00007ff8d9fc1000 	C:\WINDOWS\System32\KERNELBASE.dll
0x00007ff8d9fd0000 - 0x00007ff8da11b000 	C:\WINDOWS\System32\ucrtbase.dll
0x00007ff8b9530000 - 0x00007ff8b954d000 	C:\Program Files\Microsoft\jdk-17.0.15.6-hotspot\bin\VCRUNTIME140.dll
0x00007ff897430000 - 0x00007ff897447000 	C:\Program Files\Microsoft\jdk-17.0.15.6-hotspot\bin\jli.dll
0x00007ff8db410000 - 0x00007ff8db5d5000 	C:\WINDOWS\System32\USER32.dll
0x00007ff8d9970000 - 0x00007ff8d9997000 	C:\WINDOWS\System32\win32u.dll
0x00007ff8b8ca0000 - 0x00007ff8b8f33000 	C:\WINDOWS\WinSxS\amd64_microsoft.windows.common-controls_6595b64144ccf1df_6.0.26100.7922_none_3e089e1ee3342171\COMCTL32.dll
0x00007ff8dbed0000 - 0x00007ff8dbefb000 	C:\WINDOWS\System32\GDI32.dll
0x00007ff8da2b0000 - 0x00007ff8da359000 	C:\WINDOWS\System32\msvcrt.dll
0x00007ff8d97b0000 - 0x00007ff8d98da000 	C:\WINDOWS\System32\gdi32full.dll
0x00007ff8d9b20000 - 0x00007ff8d9bc3000 	C:\WINDOWS\System32\msvcp_win.dll
0x00007ff8da360000 - 0x00007ff8da391000 	C:\WINDOWS\System32\IMM32.DLL
0x00007ff899b90000 - 0x00007ff899b9c000 	C:\Program Files\Microsoft\jdk-17.0.15.6-hotspot\bin\vcruntime140_1.dll
0x00007ff83d120000 - 0x00007ff83d1ad000 	C:\Program Files\Microsoft\jdk-17.0.15.6-hotspot\bin\msvcp140.dll
0x00007ff834070000 - 0x00007ff834ce2000 	C:\Program Files\Microsoft\jdk-17.0.15.6-hotspot\bin\server\jvm.dll
0x00007ff8db220000 - 0x00007ff8db2db000 	C:\WINDOWS\System32\ADVAPI32.dll
0x00007ff8da9f0000 - 0x00007ff8daa97000 	C:\WINDOWS\System32\sechost.dll
0x00007ff8db2e0000 - 0x00007ff8db3f8000 	C:\WINDOWS\System32\RPCRT4.dll
0x00007ff8db740000 - 0x00007ff8db7b4000 	C:\WINDOWS\System32\WS2_32.dll
0x00007ff8d0b20000 - 0x00007ff8d0b55000 	C:\WINDOWS\SYSTEM32\WINMM.dll
0x00007ff8c6ef0000 - 0x00007ff8c6efb000 	C:\WINDOWS\SYSTEM32\VERSION.dll
0x00007ff8d8b80000 - 0x00007ff8d8bde000 	C:\WINDOWS\SYSTEM32\POWRPROF.dll
0x00007ff8d8b60000 - 0x00007ff8d8b74000 	C:\WINDOWS\SYSTEM32\UMPDC.dll
0x00007ff8d7ab0000 - 0x00007ff8d7acb000 	C:\WINDOWS\SYSTEM32\kernel.appcore.dll
0x00007ff897890000 - 0x00007ff89789a000 	C:\Program Files\Microsoft\jdk-17.0.15.6-hotspot\bin\jimage.dll
0x00007ff8d6bc0000 - 0x00007ff8d6e02000 	C:\WINDOWS\SYSTEM32\DBGHELP.DLL
0x00007ff8dbf70000 - 0x00007ff8dc2f2000 	C:\WINDOWS\System32\combase.dll
0x00007ff8dbb90000 - 0x00007ff8dbc67000 	C:\WINDOWS\System32\OLEAUT32.dll
0x00007ff8b6050000 - 0x00007ff8b608b000 	C:\WINDOWS\SYSTEM32\dbgcore.DLL
0x00007ff8d9700000 - 0x00007ff8d97a5000 	C:\WINDOWS\System32\bcryptPrimitives.dll
0x00007ff88e7d0000 - 0x00007ff88e7de000 	C:\Program Files\Microsoft\jdk-17.0.15.6-hotspot\bin\instrument.dll
0x00007ff897400000 - 0x00007ff897425000 	C:\Program Files\Microsoft\jdk-17.0.15.6-hotspot\bin\java.dll
0x00007ff83d040000 - 0x00007ff83d116000 	C:\Program Files\Microsoft\jdk-17.0.15.6-hotspot\bin\jsvml.dll
0x00007ff8daab0000 - 0x00007ff8db20f000 	C:\WINDOWS\System32\SHELL32.dll
0x00007ff8d8d20000 - 0x00007ff8d8e8a000 	C:\WINDOWS\System32\wintypes.dll
0x00007ff8d8e90000 - 0x00007ff8d96f4000 	C:\WINDOWS\System32\windows.storage.dll
0x00007ff8dbdd0000 - 0x00007ff8dbec7000 	C:\WINDOWS\System32\SHCORE.dll
0x00007ff8dbf00000 - 0x00007ff8dbf67000 	C:\WINDOWS\System32\shlwapi.dll
0x00007ff8d8c40000 - 0x00007ff8d8c69000 	C:\WINDOWS\SYSTEM32\profapi.dll
0x00007ff8838b0000 - 0x00007ff8838c8000 	C:\Program Files\Microsoft\jdk-17.0.15.6-hotspot\bin\zip.dll
0x00007ff88a720000 - 0x00007ff88a73a000 	C:\Program Files\Microsoft\jdk-17.0.15.6-hotspot\bin\net.dll
0x00007ff8cda60000 - 0x00007ff8cdb87000 	C:\WINDOWS\SYSTEM32\WINHTTP.dll
0x00007ff8d8020000 - 0x00007ff8d808b000 	C:\WINDOWS\system32\mswsock.dll
0x00007ff88a700000 - 0x00007ff88a716000 	C:\Program Files\Microsoft\jdk-17.0.15.6-hotspot\bin\nio.dll
0x00007ff8976e0000 - 0x00007ff8976f0000 	C:\Program Files\Microsoft\jdk-17.0.15.6-hotspot\bin\verify.dll
0x00007ff886160000 - 0x00007ff886187000 	C:\Users\HP\.gradle\native\c067742578af261105cb4f569cf0c3c89f3d7b1fecec35dd04571415982c5e48\windows-amd64\native-platform.dll
0x00007ff8796e0000 - 0x00007ff879824000 	C:\Users\HP\.gradle\native\100fb08df4bc3b14c8652ba06237920a3bd2aa13389f12d3474272988ae205f9\windows-amd64\native-platform-file-events.dll
0x00007ff894870000 - 0x00007ff89487a000 	C:\Program Files\Microsoft\jdk-17.0.15.6-hotspot\bin\management.dll
0x00007ff893630000 - 0x00007ff89363b000 	C:\Program Files\Microsoft\jdk-17.0.15.6-hotspot\bin\management_ext.dll
0x00007ff8db7c0000 - 0x00007ff8db7c8000 	C:\WINDOWS\System32\PSAPI.DLL
0x00007ff8d8300000 - 0x00007ff8d831b000 	C:\WINDOWS\SYSTEM32\CRYPTSP.dll
0x00007ff8d7a10000 - 0x00007ff8d7a49000 	C:\WINDOWS\system32\rsaenh.dll
0x00007ff8d80d0000 - 0x00007ff8d8102000 	C:\WINDOWS\SYSTEM32\USERENV.dll
0x00007ff8d8c10000 - 0x00007ff8d8c3a000 	C:\WINDOWS\SYSTEM32\bcrypt.dll
0x00007ff8d8320000 - 0x00007ff8d832c000 	C:\WINDOWS\SYSTEM32\CRYPTBASE.dll
0x00007ff8d7470000 - 0x00007ff8d74a3000 	C:\WINDOWS\SYSTEM32\IPHLPAPI.DLL
0x00007ff8daaa0000 - 0x00007ff8daaaa000 	C:\WINDOWS\System32\NSI.dll
0x00007ff8d0ef0000 - 0x00007ff8d0f0d000 	C:\WINDOWS\SYSTEM32\dhcpcsvc6.DLL
0x00007ff8cfb00000 - 0x00007ff8cfb23000 	C:\WINDOWS\SYSTEM32\dhcpcsvc.DLL
0x00007ff8d7500000 - 0x00007ff8d762a000 	C:\WINDOWS\SYSTEM32\DNSAPI.dll
0x00007ff893090000 - 0x00007ff893099000 	C:\Program Files\Microsoft\jdk-17.0.15.6-hotspot\bin\extnet.dll
0x00007ff88de20000 - 0x00007ff88de2e000 	C:\Program Files\Microsoft\jdk-17.0.15.6-hotspot\bin\sunmscapi.dll
0x00007ff8d99a0000 - 0x00007ff8d9b17000 	C:\WINDOWS\System32\CRYPT32.dll
0x00007ff8d8520000 - 0x00007ff8d8550000 	C:\WINDOWS\SYSTEM32\ncrypt.dll
0x00007ff8d84d0000 - 0x00007ff8d850f000 	C:\WINDOWS\SYSTEM32\NTASN1.dll
0x00007ff8c4030000 - 0x00007ff8c4038000 	C:\WINDOWS\system32\wshunix.dll

dbghelp: loaded successfully - version: 4.0.5 - missing functions: none
symbol engine: initialized successfully - sym options: 0x614 - pdb path: .;C:\Program Files\Microsoft\jdk-17.0.15.6-hotspot\bin;C:\WINDOWS\SYSTEM32;C:\WINDOWS\WinSxS\amd64_microsoft.windows.common-controls_6595b64144ccf1df_6.0.26100.7922_none_3e089e1ee3342171;C:\Program Files\Microsoft\jdk-17.0.15.6-hotspot\bin\server;C:\Users\HP\.gradle\native\c067742578af261105cb4f569cf0c3c89f3d7b1fecec35dd04571415982c5e48\windows-amd64;C:\Users\HP\.gradle\native\100fb08df4bc3b14c8652ba06237920a3bd2aa13389f12d3474272988ae205f9\windows-amd64

VM Arguments:
jvm_args: --add-opens=java.base/java.util=ALL-UNNAMED --add-opens=java.base/java.lang=ALL-UNNAMED --add-opens=java.base/java.lang.invoke=ALL-UNNAMED --add-opens=java.prefs/java.util.prefs=ALL-UNNAMED --add-exports=jdk.compiler/com.sun.tools.javac.api=ALL-UNNAMED --add-exports=jdk.compiler/com.sun.tools.javac.util=ALL-UNNAMED --add-opens=java.base/java.nio.charset=ALL-UNNAMED --add-opens=java.base/java.net=ALL-UNNAMED --add-opens=java.base/java.util.concurrent.atomic=ALL-UNNAMED -XX:MaxMetaspaceSize=384m -XX:+HeapDumpOnOutOfMemoryError -Xms256m -Xmx512m -Dfile.encoding=utf8 -Duser.country=IN -Duser.language=en -Duser.variant -javaagent:C:\Users\HP\.gradle\wrapper\dists\gradle-8.9-bin\90cnw93cvbtalezasaz0blq0a\gradle-8.9\lib\agents\gradle-instrumentation-agent-8.9.jar 
java_command: org.gradle.launcher.daemon.bootstrap.GradleDaemon 8.9
java_class_path (initial): C:\Users\HP\.gradle\wrapper\dists\gradle-8.9-bin\90cnw93cvbtalezasaz0blq0a\gradle-8.9\lib\gradle-daemon-main-8.9.jar
Launcher Type: SUN_STANDARD

[Global flags]
     intx CICompilerCount                          = 4                                         {product} {ergonomic}
   size_t CompressedClassSpaceSize                 = 335544320                                 {product} {ergonomic}
     uint ConcGCThreads                            = 3                                         {product} {ergonomic}
     uint G1ConcRefinementThreads                  = 10                                        {product} {ergonomic}
   size_t G1HeapRegionSize                         = 1048576                                   {product} {ergonomic}
    uintx GCDrainStackTargetSize                   = 64                                        {product} {ergonomic}
     bool HeapDumpOnOutOfMemoryError               = true                                   {manageable} {command line}
   size_t InitialHeapSize                          = 268435456                                 {product} {command line}
   size_t MarkStackSize                            = 4194304                                   {product} {ergonomic}
   size_t MaxHeapSize                              = 536870912                                 {product} {command line}
   size_t MaxMetaspaceSize                         = 402653184                                 {product} {command line}
   size_t MaxNewSize                               = 321912832                                 {product} {ergonomic}
   size_t MinHeapDeltaBytes                        = 1048576                                   {product} {ergonomic}
   size_t MinHeapSize                              = 268435456                                 {product} {command line}
    uintx NonNMethodCodeHeapSize                   = 5839372                                {pd product} {ergonomic}
    uintx NonProfiledCodeHeapSize                  = 122909434                              {pd product} {ergonomic}
    uintx ProfiledCodeHeapSize                     = 122909434                              {pd product} {ergonomic}
    uintx ReservedCodeCacheSize                    = 251658240                              {pd product} {ergonomic}
     bool SegmentedCodeCache                       = true                                      {product} {ergonomic}
   size_t SoftMaxHeapSize                          = 536870912                              {manageable} {ergonomic}
     bool UseCompressedClassPointers               = true                           {product lp64_product} {ergonomic}
     bool UseCompressedOops                        = true                           {product lp64_product} {ergonomic}
     bool UseG1GC                                  = true                                      {product} {ergonomic}
     bool UseLargePagesIndividualAllocation        = false                                  {pd product} {ergonomic}

Logging:
Log output configuration:
 #0: stdout all=warning uptime,level,tags
 #1: stderr all=off uptime,level,tags

Environment Variables:
JAVA_HOME=C:\Program Files\Microsoft\jdk-17.0.15.6-hotspot
PATH=C:\Users\HP\AppData\Local\Programs\Microsoft VS Code;C:\Program Files\Microsoft\jdk-17.0.15.6-hotspot\bin;C:\WINDOWS\system32;C:\WINDOWS;C:\WINDOWS\System32\Wbem;C:\WINDOWS\System32\WindowsPowerShell\v1.0\;C:\WINDOWS\System32\OpenSSH\;C:\Program Files\Git\cmd;C:\Program Files\dotnet\;C:\ProgramData\chocolatey\bin;C:\Users\HP\AppData\Local\Android\Sdk\platform-tools;C:\Users\HP\AppData\Local\Android\Sdk;C:\Users\HP\AppData\Local\Android\Sdk\emulator;;C:\Program Files\Docker\Docker\resources\bin;C:\Program Files\PuTTY\;C:\Program Files\nodejs\;C:\Program Files\MySQL\MySQL Shell 8.0\bin\;C:\Users\HP\AppData\Local\Microsoft\WindowsApps;C:\Users\HP\AppData\Local\Programs\Microsoft VS Code\bin;C:\Users\HP\AppData\Local\Android\Sdk\platform-tools;C:\Users\HP\AppData\Local\Android\Sdk;C:\Users\HP\AppData\Local\Android\Sdk\emulator;C:\Users\HP\AppData\Roaming\npm
USERNAME=HP
OS=Windows_NT
PROCESSOR_IDENTIFIER=Intel64 Family 6 Model 154 Stepping 4, GenuineIntel
TMP=C:\Users\HP\AppData\Local\Temp
TEMP=C:\Users\HP\AppData\Local\Temp



Periodic native trim disabled


---------------  S Y S T E M  ---------------

OS:
 Windows 11 , 64 bit Build 26100 (10.0.26100.7920)
OS uptime: 13 days 22:28 hours
Hyper-V role detected

CPU: total 12 (initial active 12) (6 cores per cpu, 2 threads per core) family 6 model 154 stepping 4 microcode 0x432, cx8, cmov, fxsr, ht, mmx, 3dnowpref, sse, sse2, sse3, ssse3, sse4.1, sse4.2, popcnt, lzcnt, tsc, tscinvbit, avx, avx2, aes, erms, clmul, bmi1, bmi2, adx, sha, fma, vzeroupper, clflush, clflushopt, clwb, hv
Processor Information for processor 0
  Max Mhz: 1300, Current Mhz: 1300, Mhz Limit: 1300
Processor Information for processor 1
  Max Mhz: 1300, Current Mhz: 1300, Mhz Limit: 1300
Processor Information for processor 2
  Max Mhz: 1300, Current Mhz: 1300, Mhz Limit: 1300
Processor Information for processor 3
  Max Mhz: 1300, Current Mhz: 1300, Mhz Limit: 1300
Processor Information for processor 4
  Max Mhz: 1300, Current Mhz: 900, Mhz Limit: 897
Processor Information for processor 5
  Max Mhz: 1300, Current Mhz: 900, Mhz Limit: 897
Processor Information for processor 6
  Max Mhz: 1300, Current Mhz: 900, Mhz Limit: 897
Processor Information for processor 7
  Max Mhz: 1300, Current Mhz: 900, Mhz Limit: 897
Processor Information for processor 8
  Max Mhz: 1300, Current Mhz: 900, Mhz Limit: 897
Processor Information for processor 9
  Max Mhz: 1300, Current Mhz: 900, Mhz Limit: 897
Processor Information for processor 10
  Max Mhz: 1300, Current Mhz: 900, Mhz Limit: 897
Processor Information for processor 11
  Max Mhz: 1300, Current Mhz: 900, Mhz Limit: 897

Memory: 4k page, system-wide physical 7835M (604M free)
TotalPageFile size 31387M (AvailPageFile size 19M)
current process WorkingSet (physical memory assigned to process): 523M, peak: 553M
current process commit charge ("private bytes"): 639M, peak: 655M

vm_info: OpenJDK 64-Bit Server VM (17.0.15+6-LTS) for windows-amd64 JRE (17.0.15+6-LTS), built on Apr  9 2025 22:27:25 by "MicrosoftCorporation" with unknown MS VC++:1939

END.
