#
# There is insufficient memory for the Java Runtime Environment to continue.
# Native memory allocation (malloc) failed to allocate 1244016 bytes. Error detail: Chunk::new
# Possible reasons:
#   The system is out of physical RAM or swap space
#   This process is running with CompressedOops enabled, and the Java Heap may be blocking the growth of the native heap
# Possible solutions:
#   Reduce memory load on the system
#   Increase physical memory or swap space
#   Check if swap backing store is full
#   Decrease Java heap size (-Xmx/-Xms)
#   Decrease number of Java threads
#   Decrease Java thread stack sizes (-Xss)
#   Set larger code cache with -XX:ReservedCodeCacheSize=
#   JVM is running with Unscaled Compressed Oops mode in which the Java heap is
#     placed in the first 4GB address space. The Java Heap base address is the
#     maximum limit for the native heap growth. Please use -XX:HeapBaseMinAddress
#     to set the Java Heap base and to place the Java Heap above 4GB virtual address.
# This output file may be truncated or incomplete.
#
#  Out of Memory Error (arena.cpp:191), pid=28384, tid=19536
#
# JRE version: OpenJDK Runtime Environment Microsoft-11369865 (17.0.15+6) (build 17.0.15+6-LTS)
# Java VM: OpenJDK 64-Bit Server VM Microsoft-11369865 (17.0.15+6-LTS, mixed mode, sharing, tiered, compressed oops, compressed class ptrs, g1 gc, windows-amd64)
# No core dump will be written. Minidumps are not enabled by default on client versions of Windows
#

---------------  S U M M A R Y ------------

Command Line: --add-opens=java.base/java.util=ALL-UNNAMED --add-opens=java.base/java.lang=ALL-UNNAMED --add-opens=java.base/java.lang.invoke=ALL-UNNAMED --add-opens=java.prefs/java.util.prefs=ALL-UNNAMED --add-exports=jdk.compiler/com.sun.tools.javac.api=ALL-UNNAMED --add-exports=jdk.compiler/com.sun.tools.javac.util=ALL-UNNAMED --add-opens=java.base/java.nio.charset=ALL-UNNAMED --add-opens=java.base/java.net=ALL-UNNAMED --add-opens=java.base/java.util.concurrent.atomic=ALL-UNNAMED -XX:MaxMetaspaceSize=384m -XX:+HeapDumpOnOutOfMemoryError -Xms256m -Xmx512m -Dfile.encoding=utf8 -Duser.country=IN -Duser.language=en -Duser.variant -javaagent:C:\Users\HP\.gradle\wrapper\dists\gradle-8.9-bin\90cnw93cvbtalezasaz0blq0a\gradle-8.9\lib\agents\gradle-instrumentation-agent-8.9.jar org.gradle.launcher.daemon.bootstrap.GradleDaemon 8.9

Host: 12th Gen Intel(R) Core(TM) i5-1235U, 12 cores, 7G,  Windows 11 , 64 bit Build 26100 (10.0.26100.7920)
Time: Thu Mar 26 11:00:57 2026 India Standard Time elapsed time: 69.690242 seconds (0d 0h 1m 9s)

---------------  T H R E A D  ---------------

Current thread (0x00000236a47b2b80):  JavaThread "C2 CompilerThread0" daemon [_thread_in_native, id=19536, stack(0x0000004420e00000,0x0000004420f00000)]


Current CompileTask:
C2:  69691 17778   !   4       org.gradle.api.internal.artifacts.ivyservice.resolveengine.artifact.VariantResolvingArtifactSet::select (153 bytes)

Stack: [0x0000004420e00000,0x0000004420f00000]
Native frames: (J=compiled Java code, j=interpreted, Vv=VM code, C=native code)
V  [jvm.dll+0x6887a9]
V  [jvm.dll+0x83f5a8]
V  [jvm.dll+0x841053]
V  [jvm.dll+0x8416c3]
V  [jvm.dll+0x2496ef]
V  [jvm.dll+0xad134]
V  [jvm.dll+0xad7cc]
V  [jvm.dll+0x2b0e1f]
V  [jvm.dll+0x58e789]
V  [jvm.dll+0x223972]
V  [jvm.dll+0x223d6f]
V  [jvm.dll+0x21cb10]
V  [jvm.dll+0x219c3b]
V  [jvm.dll+0x1a55f6]
V  [jvm.dll+0x22a39a]
V  [jvm.dll+0x2284db]
V  [jvm.dll+0x7f4e28]
V  [jvm.dll+0x7ef2dc]
V  [jvm.dll+0x687687]
C  [ucrtbase.dll+0x37b0]
C  [KERNEL32.DLL+0x2e8d7]
C  [ntdll.dll+0x8c48c]


---------------  P R O C E S S  ---------------

Threads class SMR info:
_java_thread_list=0x00000236d215c470, length=72, elements={
0x000002368977bad0, 0x00000236a4792680, 0x00000236a4793240, 0x00000236a47ae500,
0x00000236a47b0de0, 0x00000236a47b16b0, 0x00000236a47b1f80, 0x00000236a47b2b80,
0x00000236a47b3490, 0x00000236a47d0830, 0x00000236a49238d0, 0x00000236a49242f0,
0x00000236a4922eb0, 0x00000236a4923de0, 0x00000236a4925c40, 0x00000236a4926150,
0x00000236a4924800, 0x00000236bfb036c0, 0x00000236bfb00e40, 0x00000236bfb01d70,
0x00000236bfb01350, 0x00000236bfb031b0, 0x00000236bfb03bd0, 0x00000236bfb01860,
0x00000236bfb00420, 0x00000236bfb06960, 0x00000236bfb05a30, 0x00000236bfb05f40,
0x00000236bfb07890, 0x00000236c0636380, 0x00000236c0635e70, 0x00000236c0636da0,
0x00000236c0636890, 0x00000236c06372b0, 0x00000236c0634f40, 0x00000236c03bd4e0,
0x00000236c03bee30, 0x00000236c18a8f90, 0x00000236c18aa8e0, 0x00000236c03bb170,
0x00000236c03ba240, 0x00000236c03ba750, 0x00000236c03b9310, 0x00000236c03b83e0,
0x00000236c03bc0a0, 0x00000236c03bac60, 0x00000236c03b9820, 0x00000236c03b9d30,
0x00000236c03b88f0, 0x00000236c03bb680, 0x00000236c03b8e00, 0x00000236c03bbb90,
0x00000236c03bc5b0, 0x00000236c03bd9f0, 0x00000236c03bf340, 0x00000236c03bcac0,
0x00000236c03bdf00, 0x00000236c03be410, 0x00000236c03be920, 0x00000236c18a9ec0,
0x00000236c18ab300, 0x00000236c18a8060, 0x00000236c18a94a0, 0x00000236c18a99b0,
0x00000236c18aadf0, 0x00000236c18a8570, 0x00000236c18ac230, 0x00000236c18a8a80,
0x00000236c18ac740, 0x00000236c18aeab0, 0x00000236c18ae090, 0x00000236c18adb80
}

Java Threads: ( => current thread )
  0x000002368977bad0 JavaThread "main" [_thread_blocked, id=9000, stack(0x0000004420100000,0x0000004420200000)]
  0x00000236a4792680 JavaThread "Reference Handler" daemon [_thread_blocked, id=23720, stack(0x0000004420800000,0x0000004420900000)]
  0x00000236a4793240 JavaThread "Finalizer" daemon [_thread_blocked, id=5564, stack(0x0000004420900000,0x0000004420a00000)]
  0x00000236a47ae500 JavaThread "Signal Dispatcher" daemon [_thread_blocked, id=16060, stack(0x0000004420a00000,0x0000004420b00000)]
  0x00000236a47b0de0 JavaThread "Attach Listener" daemon [_thread_blocked, id=14816, stack(0x0000004420b00000,0x0000004420c00000)]
  0x00000236a47b16b0 JavaThread "Service Thread" daemon [_thread_blocked, id=15756, stack(0x0000004420c00000,0x0000004420d00000)]
  0x00000236a47b1f80 JavaThread "Monitor Deflation Thread" daemon [_thread_blocked, id=28132, stack(0x0000004420d00000,0x0000004420e00000)]
=>0x00000236a47b2b80 JavaThread "C2 CompilerThread0" daemon [_thread_in_native, id=19536, stack(0x0000004420e00000,0x0000004420f00000)]
  0x00000236a47b3490 JavaThread "C1 CompilerThread0" daemon [_thread_blocked, id=30724, stack(0x0000004420f00000,0x0000004421000000)]
  0x00000236a47d0830 JavaThread "Sweeper thread" daemon [_thread_blocked, id=5928, stack(0x0000004421000000,0x0000004421100000)]
  0x00000236a49238d0 JavaThread "Common-Cleaner" daemon [_thread_blocked, id=31560, stack(0x0000004421100000,0x0000004421200000)]
  0x00000236a49242f0 JavaThread "Notification Thread" daemon [_thread_blocked, id=25948, stack(0x0000004421200000,0x0000004421300000)]
  0x00000236a4922eb0 JavaThread "Daemon health stats" [_thread_blocked, id=20076, stack(0x0000004421500000,0x0000004421600000)]
  0x00000236a4923de0 JavaThread "Incoming local TCP Connector on port 56545" [_thread_in_native, id=24228, stack(0x0000004421b00000,0x0000004421c00000)]
  0x00000236a4925c40 JavaThread "Daemon periodic checks" [_thread_blocked, id=2404, stack(0x0000004421c00000,0x0000004421d00000)]
  0x00000236a4926150 JavaThread "Daemon" [_thread_blocked, id=26560, stack(0x0000004421d00000,0x0000004421e00000)]
  0x00000236a4924800 JavaThread "Daemon worker" [_thread_in_vm, id=21148, stack(0x0000004422000000,0x0000004422100000)]
  0x00000236bfb036c0 JavaThread "Cache worker for journal cache (C:\Users\HP\.gradle\caches\journal-1)" [_thread_blocked, id=15500, stack(0x0000004422400000,0x0000004422500000)]
  0x00000236bfb00e40 JavaThread "File lock request listener" [_thread_in_native, id=5932, stack(0x0000004422500000,0x0000004422600000)]
  0x00000236bfb01d70 JavaThread "Cache worker for file hash cache (C:\Users\HP\.gradle\caches\8.9\fileHashes)" [_thread_blocked, id=10568, stack(0x0000004422600000,0x0000004422700000)]
  0x00000236bfb01350 JavaThread "File watcher server" daemon [_thread_in_native, id=1752, stack(0x0000004422f00000,0x0000004423000000)]
  0x00000236bfb031b0 JavaThread "File watcher consumer" daemon [_thread_blocked, id=17328, stack(0x0000004423000000,0x0000004423100000)]
  0x00000236bfb03bd0 JavaThread "jar transforms" [_thread_blocked, id=7176, stack(0x0000004423100000,0x0000004423200000)]
  0x00000236bfb01860 JavaThread "jar transforms Thread 2" [_thread_blocked, id=9248, stack(0x0000004423200000,0x0000004423300000)]
  0x00000236bfb00420 JavaThread "jar transforms Thread 3" [_thread_blocked, id=28276, stack(0x0000004423300000,0x0000004423400000)]
  0x00000236bfb06960 JavaThread "Cache worker for file content cache (C:\Users\HP\.gradle\caches\8.9\fileContent)" [_thread_blocked, id=14076, stack(0x0000004423500000,0x0000004423600000)]
  0x00000236bfb05a30 JavaThread "jar transforms Thread 4" [_thread_blocked, id=5320, stack(0x0000004423800000,0x0000004423900000)]
  0x00000236bfb05f40 JavaThread "jar transforms Thread 5" [_thread_blocked, id=15688, stack(0x0000004423900000,0x0000004423a00000)]
  0x00000236bfb07890 JavaThread "jar transforms Thread 6" [_thread_blocked, id=24108, stack(0x0000004423a00000,0x0000004423b00000)]
  0x00000236c0636380 JavaThread "jar transforms Thread 7" [_thread_blocked, id=24432, stack(0x0000004423b00000,0x0000004423c00000)]
  0x00000236c0635e70 JavaThread "jar transforms Thread 8" [_thread_blocked, id=9412, stack(0x0000004423c00000,0x0000004423d00000)]
  0x00000236c0636da0 JavaThread "jar transforms Thread 9" [_thread_blocked, id=11064, stack(0x0000004423d00000,0x0000004423e00000)]
  0x00000236c0636890 JavaThread "jar transforms Thread 10" [_thread_blocked, id=14548, stack(0x0000004423e00000,0x0000004423f00000)]
  0x00000236c06372b0 JavaThread "jar transforms Thread 11" [_thread_blocked, id=26912, stack(0x0000004423f00000,0x0000004424000000)]
  0x00000236c0634f40 JavaThread "jar transforms Thread 12" [_thread_blocked, id=13544, stack(0x0000004424000000,0x0000004424100000)]
  0x00000236c03bd4e0 JavaThread "Memory manager" [_thread_blocked, id=24848, stack(0x0000004426200000,0x0000004426300000)]
  0x00000236c03bee30 JavaThread "included builds" [_thread_blocked, id=12404, stack(0x0000004426300000,0x0000004426400000)]
  0x00000236c18a8f90 JavaThread "VFS cleanup" [_thread_blocked, id=6812, stack(0x0000004422100000,0x0000004422200000)]
  0x00000236c18aa8e0 JavaThread "File lock release action executor" [_thread_blocked, id=30392, stack(0x0000004421e00000,0x0000004421f00000)]
  0x00000236c03bb170 JavaThread "included builds" [_thread_blocked, id=9848, stack(0x0000004425a00000,0x0000004425b00000)]
  0x00000236c03ba240 JavaThread "Handler for socket connection from /127.0.0.1:56545 to /127.0.0.1:65048" [_thread_in_native, id=24116, stack(0x000000441fe00000,0x000000441ff00000)]
  0x00000236c03ba750 JavaThread "Cancel handler" [_thread_blocked, id=5436, stack(0x000000441ff00000,0x0000004420000000)]
  0x00000236c03b9310 JavaThread "Asynchronous log dispatcher for DefaultDaemonConnection: socket connection from /127.0.0.1:56545 to /127.0.0.1:65048" [_thread_blocked, id=29068, stack(0x0000004420000000,0x0000004420100000)]
  0x00000236c03b83e0 JavaThread "Stdin handler" [_thread_blocked, id=2712, stack(0x0000004421400000,0x0000004421500000)]
  0x00000236c03bc0a0 JavaThread "Daemon client event forwarder" [_thread_blocked, id=21324, stack(0x0000004421f00000,0x0000004422000000)]
  0x00000236c03bac60 JavaThread "Cache worker for file hash cache (D:\Parkitdemo\Updated-Sundukpay\node_modules\react-native-inappbrowser-reborn\android\.gradle\8.9\fileHashes)" [_thread_blocked, id=13376, stack(0x0000004422200000,0x0000004422300000)]
  0x00000236c03b9820 JavaThread "Cache worker for Build Output Cleanup Cache (D:\Parkitdemo\Updated-Sundukpay\node_modules\react-native-inappbrowser-reborn\android\.gradle\buildOutputCleanup)" [_thread_blocked, id=23740, stack(0x0000004422300000,0x0000004422400000)]
  0x00000236c03b9d30 JavaThread "Cache worker for checksums cache (D:\Parkitdemo\Updated-Sundukpay\node_modules\react-native-inappbrowser-reborn\android\.gradle\8.9\checksums)" [_thread_blocked, id=13648, stack(0x0000004422b00000,0x0000004422c00000)]
  0x00000236c03b88f0 JavaThread "Cache worker for cache directory md-rule (C:\Users\HP\.gradle\caches\8.9\md-rule)" [_thread_blocked, id=15168, stack(0x0000004422c00000,0x0000004422d00000)]
  0x00000236c03bb680 JavaThread "Cache worker for cache directory md-supplier (C:\Users\HP\.gradle\caches\8.9\md-supplier)" [_thread_blocked, id=2860, stack(0x0000004423400000,0x0000004423500000)]
  0x00000236c03b8e00 JavaThread "Unconstrained build operations" [_thread_blocked, id=4460, stack(0x0000004423600000,0x0000004423700000)]
  0x00000236c03bbb90 JavaThread "Unconstrained build operations Thread 2" [_thread_blocked, id=3084, stack(0x0000004423700000,0x0000004423800000)]
  0x00000236c03bc5b0 JavaThread "Unconstrained build operations Thread 3" [_thread_blocked, id=1928, stack(0x0000004424100000,0x0000004424200000)]
  0x00000236c03bd9f0 JavaThread "Unconstrained build operations Thread 4" [_thread_blocked, id=11252, stack(0x0000004424400000,0x0000004424500000)]
  0x00000236c03bf340 JavaThread "Unconstrained build operations Thread 5" [_thread_blocked, id=27520, stack(0x0000004424500000,0x0000004424600000)]
  0x00000236c03bcac0 JavaThread "Unconstrained build operations Thread 6" [_thread_blocked, id=20624, stack(0x0000004424600000,0x0000004424700000)]
  0x00000236c03bdf00 JavaThread "Unconstrained build operations Thread 7" [_thread_blocked, id=24716, stack(0x0000004424700000,0x0000004424800000)]
  0x00000236c03be410 JavaThread "Unconstrained build operations Thread 8" [_thread_blocked, id=2700, stack(0x0000004424800000,0x0000004424900000)]
  0x00000236c03be920 JavaThread "Unconstrained build operations Thread 9" [_thread_blocked, id=30336, stack(0x0000004424900000,0x0000004424a00000)]
  0x00000236c18a9ec0 JavaThread "Unconstrained build operations Thread 10" [_thread_blocked, id=27212, stack(0x0000004424a00000,0x0000004424b00000)]
  0x00000236c18ab300 JavaThread "Unconstrained build operations Thread 11" [_thread_blocked, id=13116, stack(0x0000004424b00000,0x0000004424c00000)]
  0x00000236c18a8060 JavaThread "Unconstrained build operations Thread 12" [_thread_blocked, id=4400, stack(0x0000004424c00000,0x0000004424d00000)]
  0x00000236c18a94a0 JavaThread "Unconstrained build operations Thread 13" [_thread_blocked, id=18068, stack(0x0000004424d00000,0x0000004424e00000)]
  0x00000236c18a99b0 JavaThread "Unconstrained build operations Thread 14" [_thread_blocked, id=21472, stack(0x0000004424e00000,0x0000004424f00000)]
  0x00000236c18aadf0 JavaThread "Unconstrained build operations Thread 15" [_thread_blocked, id=21456, stack(0x0000004424f00000,0x0000004425000000)]
  0x00000236c18a8570 JavaThread "Unconstrained build operations Thread 16" [_thread_blocked, id=19632, stack(0x0000004425000000,0x0000004425100000)]
  0x00000236c18ac230 JavaThread "Unconstrained build operations Thread 17" [_thread_blocked, id=4048, stack(0x0000004425100000,0x0000004425200000)]
  0x00000236c18a8a80 JavaThread "Unconstrained build operations Thread 18" [_thread_blocked, id=16232, stack(0x0000004425200000,0x0000004425300000)]
  0x00000236c18ac740 JavaThread "Unconstrained build operations Thread 19" [_thread_blocked, id=27880, stack(0x0000004425300000,0x0000004425400000)]
  0x00000236c18aeab0 JavaThread "Unconstrained build operations Thread 20" [_thread_blocked, id=19252, stack(0x0000004425400000,0x0000004425500000)]
  0x00000236c18ae090 JavaThread "Unconstrained build operations Thread 21" [_thread_blocked, id=27992, stack(0x0000004425500000,0x0000004425600000)]
  0x00000236c18adb80 JavaThread "Unconstrained build operations Thread 22" [_thread_blocked, id=17896, stack(0x0000004425600000,0x0000004425700000)]

Other Threads:
  0x00000236a478ddf0 VMThread "VM Thread" [stack: 0x0000004420700000,0x0000004420800000] [id=19212]
  0x00000236a498b4f0 WatcherThread [stack: 0x0000004421300000,0x0000004421400000] [id=4600]
  0x00000236897ab8c0 GCTaskThread "GC Thread#0" [stack: 0x0000004420200000,0x0000004420300000] [id=19048]
  0x00000236a4a7b1c0 GCTaskThread "GC Thread#1" [stack: 0x0000004421600000,0x0000004421700000] [id=12820]
  0x00000236be90c390 GCTaskThread "GC Thread#2" [stack: 0x0000004421700000,0x0000004421800000] [id=28532]
  0x00000236be90c650 GCTaskThread "GC Thread#3" [stack: 0x0000004421800000,0x0000004421900000] [id=14004]
  0x00000236be90c910 GCTaskThread "GC Thread#4" [stack: 0x0000004421900000,0x0000004421a00000] [id=9892]
  0x00000236be90cbd0 GCTaskThread "GC Thread#5" [stack: 0x0000004421a00000,0x0000004421b00000] [id=20196]
  0x00000236be9d99e0 GCTaskThread "GC Thread#6" [stack: 0x0000004422700000,0x0000004422800000] [id=23716]
  0x00000236be9d83e0 GCTaskThread "GC Thread#7" [stack: 0x0000004422800000,0x0000004422900000] [id=14236]
  0x00000236be9d9460 GCTaskThread "GC Thread#8" [stack: 0x0000004422900000,0x0000004422a00000] [id=22960]
  0x00000236be9d8960 GCTaskThread "GC Thread#9" [stack: 0x0000004422a00000,0x0000004422b00000] [id=31648]
  0x00000236897b0810 ConcurrentGCThread "G1 Main Marker" [stack: 0x0000004420300000,0x0000004420400000] [id=26356]
  0x00000236897b1230 ConcurrentGCThread "G1 Conc#0" [stack: 0x0000004420400000,0x0000004420500000] [id=21788]
  0x00000236be9d8ee0 ConcurrentGCThread "G1 Conc#1" [stack: 0x0000004422d00000,0x0000004422e00000] [id=31704]
  0x00000236be9d8c20 ConcurrentGCThread "G1 Conc#2" [stack: 0x0000004422e00000,0x0000004422f00000] [id=10780]
  0x000002368982e180 ConcurrentGCThread "G1 Refine#0" [stack: 0x0000004420500000,0x0000004420600000] [id=11724]
  0x000002368982ea50 ConcurrentGCThread "G1 Service" [stack: 0x0000004420600000,0x0000004420700000] [id=23236]

Threads with active compile tasks:
C2 CompilerThread0    69799 17778   !   4       org.gradle.api.internal.artifacts.ivyservice.resolveengine.artifact.VariantResolvingArtifactSet::select (153 bytes)

VM state: not at safepoint (normal execution)

VM Mutex/Monitor currently owned by a thread: None

Heap address: 0x00000000e0000000, size: 512 MB, Compressed Oops mode: 32-bit

CDS archive(s) mapped at: [0x00000236a5000000-0x00000236a5bb0000-0x00000236a5bb0000), size 12255232, SharedBaseAddress: 0x00000236a5000000, ArchiveRelocationMode: 1.
Compressed class space mapped at: 0x00000236a6000000-0x00000236ba000000, reserved size: 335544320
Narrow klass base: 0x00000236a5000000, Narrow klass shift: 0, Narrow klass range: 0x100000000

GC Precious Log:
 CPUs: 12 total, 12 available
 Memory: 7835M
 Large Page Support: Disabled
 NUMA Support: Disabled
 Compressed Oops: Enabled (32-bit)
 Heap Region Size: 1M
 Heap Min Capacity: 256M
 Heap Initial Capacity: 256M
 Heap Max Capacity: 512M
 Pre-touch: Disabled
 Parallel Workers: 10
 Concurrent Workers: 3
 Concurrent Refinement Workers: 10
 Periodic GC: Disabled

Heap:
 garbage-first heap   total 307200K, used 247390K [0x00000000e0000000, 0x0000000100000000)
  region size 1024K, 62 young (63488K), 4 survivors (4096K)
 Metaspace       used 156477K, committed 158144K, reserved 524288K
  class space    used 21307K, committed 22080K, reserved 327680K

Heap Regions: E=young(eden), S=young(survivor), O=old, HS=humongous(starts), HC=humongous(continues), CS=collection set, F=free, OA=open archive, CA=closed archive, TAMS=top-at-mark-start (previous, next)
|   0|0x00000000e0000000, 0x00000000e0100000, 0x00000000e0100000|100%|HS|  |TAMS 0x00000000e0100000, 0x00000000e0000000| Complete 
|   1|0x00000000e0100000, 0x00000000e0200000, 0x00000000e0200000|100%|HC|  |TAMS 0x00000000e0200000, 0x00000000e0100000| Complete 
|   2|0x00000000e0200000, 0x00000000e0300000, 0x00000000e0300000|100%|HC|  |TAMS 0x00000000e0300000, 0x00000000e0200000| Complete 
|   3|0x00000000e0300000, 0x00000000e0400000, 0x00000000e0400000|100%|HC|  |TAMS 0x00000000e0400000, 0x00000000e0300000| Complete 
|   4|0x00000000e0400000, 0x00000000e0500000, 0x00000000e0500000|100%| O|  |TAMS 0x00000000e0500000, 0x00000000e0400000| Untracked 
|   5|0x00000000e0500000, 0x00000000e0600000, 0x00000000e0600000|100%|HS|  |TAMS 0x00000000e0600000, 0x00000000e0500000| Complete 
|   6|0x00000000e0600000, 0x00000000e0700000, 0x00000000e0700000|100%| O|  |TAMS 0x00000000e0700000, 0x00000000e0600000| Untracked 
|   7|0x00000000e0700000, 0x00000000e0800000, 0x00000000e0800000|100%| O|  |TAMS 0x00000000e0800000, 0x00000000e0700000| Untracked 
|   8|0x00000000e0800000, 0x00000000e0900000, 0x00000000e0900000|100%| O|  |TAMS 0x00000000e0900000, 0x00000000e0800000| Untracked 
|   9|0x00000000e0900000, 0x00000000e0a00000, 0x00000000e0a00000|100%| O|  |TAMS 0x00000000e0a00000, 0x00000000e0900000| Untracked 
|  10|0x00000000e0a00000, 0x00000000e0b00000, 0x00000000e0b00000|100%| O|  |TAMS 0x00000000e0b00000, 0x00000000e0a00000| Untracked 
|  11|0x00000000e0b00000, 0x00000000e0c00000, 0x00000000e0c00000|100%|HS|  |TAMS 0x00000000e0c00000, 0x00000000e0b00000| Complete 
|  12|0x00000000e0c00000, 0x00000000e0d00000, 0x00000000e0d00000|100%| O|  |TAMS 0x00000000e0d00000, 0x00000000e0c00000| Untracked 
|  13|0x00000000e0d00000, 0x00000000e0e00000, 0x00000000e0e00000|100%| O|  |TAMS 0x00000000e0e00000, 0x00000000e0d00000| Untracked 
|  14|0x00000000e0e00000, 0x00000000e0f00000, 0x00000000e0f00000|100%| O|  |TAMS 0x00000000e0f00000, 0x00000000e0e00000| Untracked 
|  15|0x00000000e0f00000, 0x00000000e1000000, 0x00000000e1000000|100%| O|  |TAMS 0x00000000e1000000, 0x00000000e0f00000| Untracked 
|  16|0x00000000e1000000, 0x00000000e1100000, 0x00000000e1100000|100%| O|  |TAMS 0x00000000e1100000, 0x00000000e1000000| Untracked 
|  17|0x00000000e1100000, 0x00000000e1200000, 0x00000000e1200000|100%| O|  |TAMS 0x00000000e1200000, 0x00000000e1100000| Untracked 
|  18|0x00000000e1200000, 0x00000000e1300000, 0x00000000e1300000|100%| O|  |TAMS 0x00000000e1300000, 0x00000000e1200000| Untracked 
|  19|0x00000000e1300000, 0x00000000e1400000, 0x00000000e1400000|100%| O|  |TAMS 0x00000000e1400000, 0x00000000e1300000| Untracked 
|  20|0x00000000e1400000, 0x00000000e1500000, 0x00000000e1500000|100%| O|  |TAMS 0x00000000e1500000, 0x00000000e1400000| Untracked 
|  21|0x00000000e1500000, 0x00000000e1600000, 0x00000000e1600000|100%| O|  |TAMS 0x00000000e1600000, 0x00000000e1500000| Untracked 
|  22|0x00000000e1600000, 0x00000000e1700000, 0x00000000e1700000|100%| O|  |TAMS 0x00000000e1700000, 0x00000000e1600000| Untracked 
|  23|0x00000000e1700000, 0x00000000e1800000, 0x00000000e1800000|100%| O|  |TAMS 0x00000000e1800000, 0x00000000e1700000| Untracked 
|  24|0x00000000e1800000, 0x00000000e1900000, 0x00000000e1900000|100%| O|  |TAMS 0x00000000e1900000, 0x00000000e1800000| Untracked 
|  25|0x00000000e1900000, 0x00000000e1a00000, 0x00000000e1a00000|100%| O|  |TAMS 0x00000000e1a00000, 0x00000000e1900000| Untracked 
|  26|0x00000000e1a00000, 0x00000000e1b00000, 0x00000000e1b00000|100%| O|  |TAMS 0x00000000e1b00000, 0x00000000e1a00000| Untracked 
|  27|0x00000000e1b00000, 0x00000000e1c00000, 0x00000000e1c00000|100%| O|  |TAMS 0x00000000e1c00000, 0x00000000e1b00000| Untracked 
|  28|0x00000000e1c00000, 0x00000000e1d00000, 0x00000000e1d00000|100%| O|  |TAMS 0x00000000e1d00000, 0x00000000e1c00000| Untracked 
|  29|0x00000000e1d00000, 0x00000000e1e00000, 0x00000000e1e00000|100%| O|  |TAMS 0x00000000e1e00000, 0x00000000e1d00000| Untracked 
|  30|0x00000000e1e00000, 0x00000000e1f00000, 0x00000000e1f00000|100%| O|  |TAMS 0x00000000e1f00000, 0x00000000e1e00000| Untracked 
|  31|0x00000000e1f00000, 0x00000000e2000000, 0x00000000e2000000|100%|HS|  |TAMS 0x00000000e1f00000, 0x00000000e1f00000| Complete 
|  32|0x00000000e2000000, 0x00000000e2100000, 0x00000000e2100000|100%|HS|  |TAMS 0x00000000e2100000, 0x00000000e2000000| Complete 
|  33|0x00000000e2100000, 0x00000000e2200000, 0x00000000e2200000|100%|HS|  |TAMS 0x00000000e2200000, 0x00000000e2100000| Complete 
|  34|0x00000000e2200000, 0x00000000e2300000, 0x00000000e2300000|100%| O|  |TAMS 0x00000000e2300000, 0x00000000e2200000| Untracked 
|  35|0x00000000e2300000, 0x00000000e2400000, 0x00000000e2400000|100%| O|  |TAMS 0x00000000e2400000, 0x00000000e2300000| Untracked 
|  36|0x00000000e2400000, 0x00000000e2500000, 0x00000000e2500000|100%| O|  |TAMS 0x00000000e2500000, 0x00000000e2400000| Untracked 
|  37|0x00000000e2500000, 0x00000000e2600000, 0x00000000e2600000|100%| O|  |TAMS 0x00000000e2600000, 0x00000000e2500000| Untracked 
|  38|0x00000000e2600000, 0x00000000e2700000, 0x00000000e2700000|100%| O|  |TAMS 0x00000000e2700000, 0x00000000e2600000| Untracked 
|  39|0x00000000e2700000, 0x00000000e2800000, 0x00000000e2800000|100%| O|  |TAMS 0x00000000e2800000, 0x00000000e2700000| Untracked 
|  40|0x00000000e2800000, 0x00000000e2900000, 0x00000000e2900000|100%|HS|  |TAMS 0x00000000e2900000, 0x00000000e2800000| Complete 
|  41|0x00000000e2900000, 0x00000000e2a00000, 0x00000000e2a00000|100%|HC|  |TAMS 0x00000000e2a00000, 0x00000000e2900000| Complete 
|  42|0x00000000e2a00000, 0x00000000e2b00000, 0x00000000e2b00000|100%| O|  |TAMS 0x00000000e2b00000, 0x00000000e2a00000| Untracked 
|  43|0x00000000e2b00000, 0x00000000e2c00000, 0x00000000e2c00000|100%|HS|  |TAMS 0x00000000e2b00000, 0x00000000e2b00000| Complete 
|  44|0x00000000e2c00000, 0x00000000e2d00000, 0x00000000e2d00000|100%|HS|  |TAMS 0x00000000e2c00000, 0x00000000e2c00000| Complete 
|  45|0x00000000e2d00000, 0x00000000e2e00000, 0x00000000e2e00000|100%| O|  |TAMS 0x00000000e2e00000, 0x00000000e2d00000| Untracked 
|  46|0x00000000e2e00000, 0x00000000e2f00000, 0x00000000e2f00000|100%| O|  |TAMS 0x00000000e2f00000, 0x00000000e2e00000| Untracked 
|  47|0x00000000e2f00000, 0x00000000e3000000, 0x00000000e3000000|100%|HS|  |TAMS 0x00000000e3000000, 0x00000000e2f00000| Complete 
|  48|0x00000000e3000000, 0x00000000e3100000, 0x00000000e3100000|100%|HC|  |TAMS 0x00000000e3100000, 0x00000000e3000000| Complete 
|  49|0x00000000e3100000, 0x00000000e3200000, 0x00000000e3200000|100%|HS|  |TAMS 0x00000000e3200000, 0x00000000e3100000| Complete 
|  50|0x00000000e3200000, 0x00000000e3300000, 0x00000000e3300000|100%| O|  |TAMS 0x00000000e3300000, 0x00000000e3200000| Untracked 
|  51|0x00000000e3300000, 0x00000000e3400000, 0x00000000e3400000|100%| O|  |TAMS 0x00000000e3400000, 0x00000000e3300000| Untracked 
|  52|0x00000000e3400000, 0x00000000e3500000, 0x00000000e3500000|100%| O|  |TAMS 0x00000000e3500000, 0x00000000e3400000| Untracked 
|  53|0x00000000e3500000, 0x00000000e3600000, 0x00000000e3600000|100%| O|  |TAMS 0x00000000e3600000, 0x00000000e3500000| Untracked 
|  54|0x00000000e3600000, 0x00000000e3700000, 0x00000000e3700000|100%| O|  |TAMS 0x00000000e3700000, 0x00000000e3600000| Untracked 
|  55|0x00000000e3700000, 0x00000000e3800000, 0x00000000e3800000|100%| O|  |TAMS 0x00000000e3800000, 0x00000000e3700000| Untracked 
|  56|0x00000000e3800000, 0x00000000e3900000, 0x00000000e3900000|100%| O|  |TAMS 0x00000000e3900000, 0x00000000e3800000| Untracked 
|  57|0x00000000e3900000, 0x00000000e3a00000, 0x00000000e3a00000|100%| O|  |TAMS 0x00000000e3a00000, 0x00000000e3900000| Untracked 
|  58|0x00000000e3a00000, 0x00000000e3b00000, 0x00000000e3b00000|100%|HS|  |TAMS 0x00000000e3b00000, 0x00000000e3a00000| Complete 
|  59|0x00000000e3b00000, 0x00000000e3c00000, 0x00000000e3c00000|100%|HC|  |TAMS 0x00000000e3c00000, 0x00000000e3b00000| Complete 
|  60|0x00000000e3c00000, 0x00000000e3d00000, 0x00000000e3d00000|100%| O|  |TAMS 0x00000000e3d00000, 0x00000000e3c00000| Untracked 
|  61|0x00000000e3d00000, 0x00000000e3e00000, 0x00000000e3e00000|100%| O|  |TAMS 0x00000000e3e00000, 0x00000000e3d00000| Untracked 
|  62|0x00000000e3e00000, 0x00000000e3f00000, 0x00000000e3f00000|100%| O|  |TAMS 0x00000000e3f00000, 0x00000000e3e00000| Untracked 
|  63|0x00000000e3f00000, 0x00000000e4000000, 0x00000000e4000000|100%| O|  |TAMS 0x00000000e4000000, 0x00000000e3f00000| Untracked 
|  64|0x00000000e4000000, 0x00000000e4100000, 0x00000000e4100000|100%| O|  |TAMS 0x00000000e4100000, 0x00000000e4000000| Untracked 
|  65|0x00000000e4100000, 0x00000000e4200000, 0x00000000e4200000|100%| O|  |TAMS 0x00000000e4200000, 0x00000000e4100000| Untracked 
|  66|0x00000000e4200000, 0x00000000e4300000, 0x00000000e4300000|100%| O|  |TAMS 0x00000000e4300000, 0x00000000e4200000| Untracked 
|  67|0x00000000e4300000, 0x00000000e4400000, 0x00000000e4400000|100%| O|  |TAMS 0x00000000e4400000, 0x00000000e4300000| Untracked 
|  68|0x00000000e4400000, 0x00000000e4500000, 0x00000000e4500000|100%|HS|  |TAMS 0x00000000e4500000, 0x00000000e4400000| Complete 
|  69|0x00000000e4500000, 0x00000000e4600000, 0x00000000e4600000|100%|HC|  |TAMS 0x00000000e4600000, 0x00000000e4500000| Complete 
|  70|0x00000000e4600000, 0x00000000e4700000, 0x00000000e4700000|100%|HS|  |TAMS 0x00000000e4700000, 0x00000000e4600000| Complete 
|  71|0x00000000e4700000, 0x00000000e4800000, 0x00000000e4800000|100%|HC|  |TAMS 0x00000000e4800000, 0x00000000e4700000| Complete 
|  72|0x00000000e4800000, 0x00000000e4900000, 0x00000000e4900000|100%|HC|  |TAMS 0x00000000e4900000, 0x00000000e4800000| Complete 
|  73|0x00000000e4900000, 0x00000000e4a00000, 0x00000000e4a00000|100%| O|  |TAMS 0x00000000e4a00000, 0x00000000e4900000| Untracked 
|  74|0x00000000e4a00000, 0x00000000e4b00000, 0x00000000e4b00000|100%|HS|  |TAMS 0x00000000e4a00000, 0x00000000e4a00000| Complete 
|  75|0x00000000e4b00000, 0x00000000e4c00000, 0x00000000e4c00000|100%| O|  |TAMS 0x00000000e4c00000, 0x00000000e4b00000| Untracked 
|  76|0x00000000e4c00000, 0x00000000e4d00000, 0x00000000e4d00000|100%| O|  |TAMS 0x00000000e4d00000, 0x00000000e4c00000| Untracked 
|  77|0x00000000e4d00000, 0x00000000e4e00000, 0x00000000e4e00000|100%| O|  |TAMS 0x00000000e4e00000, 0x00000000e4d00000| Untracked 
|  78|0x00000000e4e00000, 0x00000000e4f00000, 0x00000000e4f00000|100%| O|  |TAMS 0x00000000e4f00000, 0x00000000e4e00000| Untracked 
|  79|0x00000000e4f00000, 0x00000000e5000000, 0x00000000e5000000|100%| O|  |TAMS 0x00000000e5000000, 0x00000000e4f00000| Untracked 
|  80|0x00000000e5000000, 0x00000000e5100000, 0x00000000e5100000|100%| O|  |TAMS 0x00000000e5100000, 0x00000000e5000000| Untracked 
|  81|0x00000000e5100000, 0x00000000e5200000, 0x00000000e5200000|100%| O|  |TAMS 0x00000000e5200000, 0x00000000e5100000| Untracked 
|  82|0x00000000e5200000, 0x00000000e5300000, 0x00000000e5300000|100%| O|  |TAMS 0x00000000e5300000, 0x00000000e5200000| Untracked 
|  83|0x00000000e5300000, 0x00000000e5400000, 0x00000000e5400000|100%| O|  |TAMS 0x00000000e5400000, 0x00000000e5300000| Untracked 
|  84|0x00000000e5400000, 0x00000000e5500000, 0x00000000e5500000|100%|HS|  |TAMS 0x00000000e5400000, 0x00000000e5400000| Complete 
|  85|0x00000000e5500000, 0x00000000e5600000, 0x00000000e5600000|100%| O|  |TAMS 0x00000000e5600000, 0x00000000e5500000| Untracked 
|  86|0x00000000e5600000, 0x00000000e5700000, 0x00000000e5700000|100%| O|  |TAMS 0x00000000e5700000, 0x00000000e5600000| Untracked 
|  87|0x00000000e5700000, 0x00000000e5800000, 0x00000000e5800000|100%| O|  |TAMS 0x00000000e5800000, 0x00000000e5700000| Untracked 
|  88|0x00000000e5800000, 0x00000000e5900000, 0x00000000e5900000|100%| O|  |TAMS 0x00000000e5900000, 0x00000000e5800000| Untracked 
|  89|0x00000000e5900000, 0x00000000e5a00000, 0x00000000e5a00000|100%| O|  |TAMS 0x00000000e5a00000, 0x00000000e5900000| Untracked 
|  90|0x00000000e5a00000, 0x00000000e5b00000, 0x00000000e5b00000|100%| O|  |TAMS 0x00000000e5a00000, 0x00000000e5a00000| Untracked 
|  91|0x00000000e5b00000, 0x00000000e5c00000, 0x00000000e5c00000|100%| O|  |TAMS 0x00000000e5c00000, 0x00000000e5b00000| Untracked 
|  92|0x00000000e5c00000, 0x00000000e5d00000, 0x00000000e5d00000|100%| O|  |TAMS 0x00000000e5d00000, 0x00000000e5c00000| Untracked 
|  93|0x00000000e5d00000, 0x00000000e5e00000, 0x00000000e5e00000|100%| O|  |TAMS 0x00000000e5d00000, 0x00000000e5d00000| Untracked 
|  94|0x00000000e5e00000, 0x00000000e5f00000, 0x00000000e5f00000|100%| O|  |TAMS 0x00000000e5e00000, 0x00000000e5e00000| Untracked 
|  95|0x00000000e5f00000, 0x00000000e6000000, 0x00000000e6000000|100%| O|  |TAMS 0x00000000e6000000, 0x00000000e5f00000| Untracked 
|  96|0x00000000e6000000, 0x00000000e6100000, 0x00000000e6100000|100%| O|  |TAMS 0x00000000e6100000, 0x00000000e6000000| Untracked 
|  97|0x00000000e6100000, 0x00000000e6200000, 0x00000000e6200000|100%| O|  |TAMS 0x00000000e6100000, 0x00000000e6100000| Untracked 
|  98|0x00000000e6200000, 0x00000000e6300000, 0x00000000e6300000|100%| O|  |TAMS 0x00000000e6300000, 0x00000000e6200000| Untracked 
|  99|0x00000000e6300000, 0x00000000e6400000, 0x00000000e6400000|100%| O|  |TAMS 0x00000000e6400000, 0x00000000e6300000| Untracked 
| 100|0x00000000e6400000, 0x00000000e6500000, 0x00000000e6500000|100%| O|  |TAMS 0x00000000e6500000, 0x00000000e6400000| Untracked 
| 101|0x00000000e6500000, 0x00000000e6600000, 0x00000000e6600000|100%| O|  |TAMS 0x00000000e6600000, 0x00000000e6500000| Untracked 
| 102|0x00000000e6600000, 0x00000000e6700000, 0x00000000e6700000|100%| O|  |TAMS 0x00000000e6700000, 0x00000000e6600000| Untracked 
| 103|0x00000000e6700000, 0x00000000e6800000, 0x00000000e6800000|100%| O|  |TAMS 0x00000000e6700000, 0x00000000e6700000| Untracked 
| 104|0x00000000e6800000, 0x00000000e6900000, 0x00000000e6900000|100%| O|  |TAMS 0x00000000e6800000, 0x00000000e6800000| Untracked 
| 105|0x00000000e6900000, 0x00000000e6a00000, 0x00000000e6a00000|100%| O|  |TAMS 0x00000000e6a00000, 0x00000000e6900000| Untracked 
| 106|0x00000000e6a00000, 0x00000000e6b00000, 0x00000000e6b00000|100%| O|  |TAMS 0x00000000e6b00000, 0x00000000e6a00000| Untracked 
| 107|0x00000000e6b00000, 0x00000000e6c00000, 0x00000000e6c00000|100%| O|  |TAMS 0x00000000e6c00000, 0x00000000e6b00000| Untracked 
| 108|0x00000000e6c00000, 0x00000000e6d00000, 0x00000000e6d00000|100%| O|  |TAMS 0x00000000e6d00000, 0x00000000e6c00000| Untracked 
| 109|0x00000000e6d00000, 0x00000000e6e00000, 0x00000000e6e00000|100%| O|  |TAMS 0x00000000e6d00000, 0x00000000e6d00000| Untracked 
| 110|0x00000000e6e00000, 0x00000000e6f00000, 0x00000000e6f00000|100%| O|  |TAMS 0x00000000e6f00000, 0x00000000e6e00000| Untracked 
| 111|0x00000000e6f00000, 0x00000000e7000000, 0x00000000e7000000|100%| O|  |TAMS 0x00000000e7000000, 0x00000000e6f00000| Untracked 
| 112|0x00000000e7000000, 0x00000000e7100000, 0x00000000e7100000|100%| O|  |TAMS 0x00000000e7100000, 0x00000000e7000000| Untracked 
| 113|0x00000000e7100000, 0x00000000e7200000, 0x00000000e7200000|100%| O|  |TAMS 0x00000000e7200000, 0x00000000e7100000| Untracked 
| 114|0x00000000e7200000, 0x00000000e7300000, 0x00000000e7300000|100%| O|  |TAMS 0x00000000e7300000, 0x00000000e7200000| Untracked 
| 115|0x00000000e7300000, 0x00000000e7400000, 0x00000000e7400000|100%| O|  |TAMS 0x00000000e7400000, 0x00000000e7300000| Untracked 
| 116|0x00000000e7400000, 0x00000000e7500000, 0x00000000e7500000|100%| O|  |TAMS 0x00000000e7500000, 0x00000000e7400000| Untracked 
| 117|0x00000000e7500000, 0x00000000e7600000, 0x00000000e7600000|100%| O|  |TAMS 0x00000000e7600000, 0x00000000e7500000| Untracked 
| 118|0x00000000e7600000, 0x00000000e7700000, 0x00000000e7700000|100%| O|  |TAMS 0x00000000e7700000, 0x00000000e7600000| Untracked 
| 119|0x00000000e7700000, 0x00000000e7800000, 0x00000000e7800000|100%| O|  |TAMS 0x00000000e7800000, 0x00000000e7700000| Untracked 
| 120|0x00000000e7800000, 0x00000000e7900000, 0x00000000e7900000|100%| O|  |TAMS 0x00000000e7900000, 0x00000000e7800000| Untracked 
| 121|0x00000000e7900000, 0x00000000e7a00000, 0x00000000e7a00000|100%| O|  |TAMS 0x00000000e7a00000, 0x00000000e7900000| Untracked 
| 122|0x00000000e7a00000, 0x00000000e7b00000, 0x00000000e7b00000|100%| O|  |TAMS 0x00000000e7b00000, 0x00000000e7a00000| Untracked 
| 123|0x00000000e7b00000, 0x00000000e7c00000, 0x00000000e7c00000|100%| O|  |TAMS 0x00000000e7c00000, 0x00000000e7b00000| Untracked 
| 124|0x00000000e7c00000, 0x00000000e7d00000, 0x00000000e7d00000|100%| O|  |TAMS 0x00000000e7c00000, 0x00000000e7c00000| Untracked 
| 125|0x00000000e7d00000, 0x00000000e7e00000, 0x00000000e7e00000|100%| O|  |TAMS 0x00000000e7e00000, 0x00000000e7d00000| Untracked 
| 126|0x00000000e7e00000, 0x00000000e7f00000, 0x00000000e7f00000|100%| O|  |TAMS 0x00000000e7f00000, 0x00000000e7e00000| Untracked 
| 127|0x00000000e7f00000, 0x00000000e8000000, 0x00000000e8000000|100%| O|  |TAMS 0x00000000e8000000, 0x00000000e7f00000| Untracked 
| 128|0x00000000e8000000, 0x00000000e8100000, 0x00000000e8100000|100%| O|  |TAMS 0x00000000e8100000, 0x00000000e8000000| Untracked 
| 129|0x00000000e8100000, 0x00000000e8200000, 0x00000000e8200000|100%| O|  |TAMS 0x00000000e8200000, 0x00000000e8100000| Untracked 
| 130|0x00000000e8200000, 0x00000000e8300000, 0x00000000e8300000|100%| O|  |TAMS 0x00000000e8300000, 0x00000000e8200000| Untracked 
| 131|0x00000000e8300000, 0x00000000e8400000, 0x00000000e8400000|100%| O|  |TAMS 0x00000000e8400000, 0x00000000e8300000| Untracked 
| 132|0x00000000e8400000, 0x00000000e8500000, 0x00000000e8500000|100%| O|  |TAMS 0x00000000e8400000, 0x00000000e8400000| Untracked 
| 133|0x00000000e8500000, 0x00000000e8600000, 0x00000000e8600000|100%| O|  |TAMS 0x00000000e8600000, 0x00000000e8500000| Untracked 
| 134|0x00000000e8600000, 0x00000000e8700000, 0x00000000e8700000|100%| O|  |TAMS 0x00000000e8700000, 0x00000000e8600000| Untracked 
| 135|0x00000000e8700000, 0x00000000e8800000, 0x00000000e8800000|100%| O|  |TAMS 0x00000000e8800000, 0x00000000e8700000| Untracked 
| 136|0x00000000e8800000, 0x00000000e8900000, 0x00000000e8900000|100%| O|  |TAMS 0x00000000e8900000, 0x00000000e8800000| Untracked 
| 137|0x00000000e8900000, 0x00000000e8a00000, 0x00000000e8a00000|100%| O|  |TAMS 0x00000000e8a00000, 0x00000000e8900000| Untracked 
| 138|0x00000000e8a00000, 0x00000000e8b00000, 0x00000000e8b00000|100%| O|  |TAMS 0x00000000e8a00000, 0x00000000e8a00000| Untracked 
| 139|0x00000000e8b00000, 0x00000000e8c00000, 0x00000000e8c00000|100%| O|  |TAMS 0x00000000e8b00000, 0x00000000e8b00000| Untracked 
| 140|0x00000000e8c00000, 0x00000000e8d00000, 0x00000000e8d00000|100%| O|  |TAMS 0x00000000e8c00000, 0x00000000e8c00000| Untracked 
| 141|0x00000000e8d00000, 0x00000000e8e00000, 0x00000000e8e00000|100%| O|  |TAMS 0x00000000e8d00000, 0x00000000e8d00000| Untracked 
| 142|0x00000000e8e00000, 0x00000000e8f00000, 0x00000000e8f00000|100%| O|  |TAMS 0x00000000e8e00000, 0x00000000e8e00000| Untracked 
| 143|0x00000000e8f00000, 0x00000000e9000000, 0x00000000e9000000|100%| O|  |TAMS 0x00000000e8f00000, 0x00000000e8f00000| Untracked 
| 144|0x00000000e9000000, 0x00000000e9100000, 0x00000000e9100000|100%|HS|  |TAMS 0x00000000e9100000, 0x00000000e9000000| Complete 
| 145|0x00000000e9100000, 0x00000000e9200000, 0x00000000e9200000|100%|HC|  |TAMS 0x00000000e9200000, 0x00000000e9100000| Complete 
| 146|0x00000000e9200000, 0x00000000e9300000, 0x00000000e9300000|100%|HC|  |TAMS 0x00000000e9300000, 0x00000000e9200000| Complete 
| 147|0x00000000e9300000, 0x00000000e9400000, 0x00000000e9400000|100%|HC|  |TAMS 0x00000000e9400000, 0x00000000e9300000| Complete 
| 148|0x00000000e9400000, 0x00000000e9500000, 0x00000000e9500000|100%| O|  |TAMS 0x00000000e9500000, 0x00000000e9400000| Untracked 
| 149|0x00000000e9500000, 0x00000000e9600000, 0x00000000e9600000|100%| O|  |TAMS 0x00000000e9600000, 0x00000000e9500000| Untracked 
| 150|0x00000000e9600000, 0x00000000e9700000, 0x00000000e9700000|100%| O|  |TAMS 0x00000000e9700000, 0x00000000e9600000| Untracked 
| 151|0x00000000e9700000, 0x00000000e9800000, 0x00000000e9800000|100%| O|  |TAMS 0x00000000e9800000, 0x00000000e9700000| Untracked 
| 152|0x00000000e9800000, 0x00000000e9900000, 0x00000000e9900000|100%| O|  |TAMS 0x00000000e9900000, 0x00000000e9800000| Untracked 
| 153|0x00000000e9900000, 0x00000000e9a00000, 0x00000000e9a00000|100%| O|  |TAMS 0x00000000e9a00000, 0x00000000e9900000| Untracked 
| 154|0x00000000e9a00000, 0x00000000e9b00000, 0x00000000e9b00000|100%| O|  |TAMS 0x00000000e9b00000, 0x00000000e9a00000| Untracked 
| 155|0x00000000e9b00000, 0x00000000e9c00000, 0x00000000e9c00000|100%| O|  |TAMS 0x00000000e9c00000, 0x00000000e9b00000| Untracked 
| 156|0x00000000e9c00000, 0x00000000e9d00000, 0x00000000e9d00000|100%| O|  |TAMS 0x00000000e9d00000, 0x00000000e9c00000| Untracked 
| 157|0x00000000e9d00000, 0x00000000e9e00000, 0x00000000e9e00000|100%| O|  |TAMS 0x00000000e9e00000, 0x00000000e9d00000| Untracked 
| 158|0x00000000e9e00000, 0x00000000e9f00000, 0x00000000e9f00000|100%| O|  |TAMS 0x00000000e9f00000, 0x00000000e9e00000| Untracked 
| 159|0x00000000e9f00000, 0x00000000ea000000, 0x00000000ea000000|100%| O|  |TAMS 0x00000000ea000000, 0x00000000e9f00000| Untracked 
| 160|0x00000000ea000000, 0x00000000ea100000, 0x00000000ea100000|100%| O|  |TAMS 0x00000000ea100000, 0x00000000ea000000| Untracked 
| 161|0x00000000ea100000, 0x00000000ea200000, 0x00000000ea200000|100%| O|  |TAMS 0x00000000ea115600, 0x00000000ea100000| Untracked 
| 162|0x00000000ea200000, 0x00000000ea300000, 0x00000000ea300000|100%| O|  |TAMS 0x00000000ea200000, 0x00000000ea200000| Untracked 
| 163|0x00000000ea300000, 0x00000000ea400000, 0x00000000ea400000|100%| O|  |TAMS 0x00000000ea300000, 0x00000000ea300000| Untracked 
| 164|0x00000000ea400000, 0x00000000ea500000, 0x00000000ea500000|100%| O|  |TAMS 0x00000000ea400000, 0x00000000ea400000| Untracked 
| 165|0x00000000ea500000, 0x00000000ea600000, 0x00000000ea600000|100%| O|  |TAMS 0x00000000ea500000, 0x00000000ea500000| Untracked 
| 166|0x00000000ea600000, 0x00000000ea700000, 0x00000000ea700000|100%| O|  |TAMS 0x00000000ea600000, 0x00000000ea600000| Untracked 
| 167|0x00000000ea700000, 0x00000000ea800000, 0x00000000ea800000|100%| O|  |TAMS 0x00000000ea700000, 0x00000000ea700000| Untracked 
| 168|0x00000000ea800000, 0x00000000ea900000, 0x00000000ea900000|100%| O|  |TAMS 0x00000000ea800000, 0x00000000ea800000| Untracked 
| 169|0x00000000ea900000, 0x00000000eaa00000, 0x00000000eaa00000|100%| O|  |TAMS 0x00000000ea900000, 0x00000000ea900000| Untracked 
| 170|0x00000000eaa00000, 0x00000000eab00000, 0x00000000eab00000|100%| O|  |TAMS 0x00000000eaa00000, 0x00000000eaa00000| Untracked 
| 171|0x00000000eab00000, 0x00000000eac00000, 0x00000000eac00000|100%| O|  |TAMS 0x00000000eab00000, 0x00000000eab00000| Untracked 
| 172|0x00000000eac00000, 0x00000000ead00000, 0x00000000ead00000|100%| O|  |TAMS 0x00000000eac00000, 0x00000000eac00000| Untracked 
| 173|0x00000000ead00000, 0x00000000eae00000, 0x00000000eae00000|100%| O|  |TAMS 0x00000000ead00000, 0x00000000ead00000| Untracked 
| 174|0x00000000eae00000, 0x00000000eaf00000, 0x00000000eaf00000|100%| O|  |TAMS 0x00000000eae00000, 0x00000000eae00000| Untracked 
| 175|0x00000000eaf00000, 0x00000000eb000000, 0x00000000eb000000|100%| O|  |TAMS 0x00000000eaf00000, 0x00000000eaf00000| Untracked 
| 176|0x00000000eb000000, 0x00000000eb100000, 0x00000000eb100000|100%| O|  |TAMS 0x00000000eb000000, 0x00000000eb000000| Untracked 
| 177|0x00000000eb100000, 0x00000000eb200000, 0x00000000eb200000|100%| O|  |TAMS 0x00000000eb100000, 0x00000000eb100000| Untracked 
| 178|0x00000000eb200000, 0x00000000eb300000, 0x00000000eb300000|100%| O|  |TAMS 0x00000000eb200000, 0x00000000eb200000| Untracked 
| 179|0x00000000eb300000, 0x00000000eb400000, 0x00000000eb400000|100%| O|  |TAMS 0x00000000eb300000, 0x00000000eb300000| Untracked 
| 180|0x00000000eb400000, 0x00000000eb500000, 0x00000000eb500000|100%| O|  |TAMS 0x00000000eb400000, 0x00000000eb400000| Untracked 
| 181|0x00000000eb500000, 0x00000000eb500000, 0x00000000eb600000|  0%| F|  |TAMS 0x00000000eb500000, 0x00000000eb500000| Untracked 
| 182|0x00000000eb600000, 0x00000000eb700000, 0x00000000eb700000|100%| O|  |TAMS 0x00000000eb600000, 0x00000000eb600000| Untracked 
| 183|0x00000000eb700000, 0x00000000eb756400, 0x00000000eb800000| 33%| O|  |TAMS 0x00000000eb700000, 0x00000000eb700000| Untracked 
| 184|0x00000000eb800000, 0x00000000eb800000, 0x00000000eb900000|  0%| F|  |TAMS 0x00000000eb800000, 0x00000000eb800000| Untracked 
| 185|0x00000000eb900000, 0x00000000eb900000, 0x00000000eba00000|  0%| F|  |TAMS 0x00000000eb900000, 0x00000000eb900000| Untracked 
| 186|0x00000000eba00000, 0x00000000eba00000, 0x00000000ebb00000|  0%| F|  |TAMS 0x00000000eba00000, 0x00000000eba00000| Untracked 
| 187|0x00000000ebb00000, 0x00000000ebb00000, 0x00000000ebc00000|  0%| F|  |TAMS 0x00000000ebb00000, 0x00000000ebb00000| Untracked 
| 188|0x00000000ebc00000, 0x00000000ebc00000, 0x00000000ebd00000|  0%| F|  |TAMS 0x00000000ebc00000, 0x00000000ebc00000| Untracked 
| 189|0x00000000ebd00000, 0x00000000ebd00000, 0x00000000ebe00000|  0%| F|  |TAMS 0x00000000ebd00000, 0x00000000ebd00000| Untracked 
| 190|0x00000000ebe00000, 0x00000000ebe00000, 0x00000000ebf00000|  0%| F|  |TAMS 0x00000000ebe00000, 0x00000000ebe00000| Untracked 
| 191|0x00000000ebf00000, 0x00000000ebf00000, 0x00000000ec000000|  0%| F|  |TAMS 0x00000000ebf00000, 0x00000000ebf00000| Untracked 
| 192|0x00000000ec000000, 0x00000000ec000000, 0x00000000ec100000|  0%| F|  |TAMS 0x00000000ec000000, 0x00000000ec000000| Untracked 
| 193|0x00000000ec100000, 0x00000000ec100000, 0x00000000ec200000|  0%| F|  |TAMS 0x00000000ec100000, 0x00000000ec100000| Untracked 
| 194|0x00000000ec200000, 0x00000000ec200000, 0x00000000ec300000|  0%| F|  |TAMS 0x00000000ec200000, 0x00000000ec200000| Untracked 
| 195|0x00000000ec300000, 0x00000000ec300000, 0x00000000ec400000|  0%| F|  |TAMS 0x00000000ec300000, 0x00000000ec300000| Untracked 
| 196|0x00000000ec400000, 0x00000000ec400000, 0x00000000ec500000|  0%| F|  |TAMS 0x00000000ec400000, 0x00000000ec400000| Untracked 
| 197|0x00000000ec500000, 0x00000000ec500000, 0x00000000ec600000|  0%| F|  |TAMS 0x00000000ec500000, 0x00000000ec500000| Untracked 
| 198|0x00000000ec600000, 0x00000000ec600000, 0x00000000ec700000|  0%| F|  |TAMS 0x00000000ec600000, 0x00000000ec600000| Untracked 
| 199|0x00000000ec700000, 0x00000000ec700000, 0x00000000ec800000|  0%| F|  |TAMS 0x00000000ec700000, 0x00000000ec700000| Untracked 
| 200|0x00000000ec800000, 0x00000000ec800000, 0x00000000ec900000|  0%| F|  |TAMS 0x00000000ec800000, 0x00000000ec800000| Untracked 
| 201|0x00000000ec900000, 0x00000000ec900000, 0x00000000eca00000|  0%| F|  |TAMS 0x00000000ec900000, 0x00000000ec900000| Untracked 
| 202|0x00000000eca00000, 0x00000000eca00000, 0x00000000ecb00000|  0%| F|  |TAMS 0x00000000eca00000, 0x00000000eca00000| Untracked 
| 203|0x00000000ecb00000, 0x00000000ecb00000, 0x00000000ecc00000|  0%| F|  |TAMS 0x00000000ecb00000, 0x00000000ecb00000| Untracked 
| 204|0x00000000ecc00000, 0x00000000ecc00000, 0x00000000ecd00000|  0%| F|  |TAMS 0x00000000ecc00000, 0x00000000ecc00000| Untracked 
| 205|0x00000000ecd00000, 0x00000000ecd00000, 0x00000000ece00000|  0%| F|  |TAMS 0x00000000ecd00000, 0x00000000ecd00000| Untracked 
| 206|0x00000000ece00000, 0x00000000ece00000, 0x00000000ecf00000|  0%| F|  |TAMS 0x00000000ece00000, 0x00000000ece00000| Untracked 
| 207|0x00000000ecf00000, 0x00000000ecf00000, 0x00000000ed000000|  0%| F|  |TAMS 0x00000000ecf00000, 0x00000000ecf00000| Untracked 
| 208|0x00000000ed000000, 0x00000000ed000000, 0x00000000ed100000|  0%| F|  |TAMS 0x00000000ed000000, 0x00000000ed000000| Untracked 
| 209|0x00000000ed100000, 0x00000000ed100000, 0x00000000ed200000|  0%| F|  |TAMS 0x00000000ed100000, 0x00000000ed100000| Untracked 
| 210|0x00000000ed200000, 0x00000000ed200000, 0x00000000ed300000|  0%| F|  |TAMS 0x00000000ed200000, 0x00000000ed200000| Untracked 
| 211|0x00000000ed300000, 0x00000000ed300000, 0x00000000ed400000|  0%| F|  |TAMS 0x00000000ed300000, 0x00000000ed300000| Untracked 
| 212|0x00000000ed400000, 0x00000000ed400000, 0x00000000ed500000|  0%| F|  |TAMS 0x00000000ed400000, 0x00000000ed400000| Untracked 
| 213|0x00000000ed500000, 0x00000000ed500000, 0x00000000ed600000|  0%| F|  |TAMS 0x00000000ed500000, 0x00000000ed500000| Untracked 
| 214|0x00000000ed600000, 0x00000000ed600000, 0x00000000ed700000|  0%| F|  |TAMS 0x00000000ed600000, 0x00000000ed600000| Untracked 
| 215|0x00000000ed700000, 0x00000000ed700000, 0x00000000ed800000|  0%| F|  |TAMS 0x00000000ed700000, 0x00000000ed700000| Untracked 
| 216|0x00000000ed800000, 0x00000000ed800000, 0x00000000ed900000|  0%| F|  |TAMS 0x00000000ed800000, 0x00000000ed800000| Untracked 
| 217|0x00000000ed900000, 0x00000000ed900000, 0x00000000eda00000|  0%| F|  |TAMS 0x00000000ed900000, 0x00000000ed900000| Untracked 
| 218|0x00000000eda00000, 0x00000000eda00000, 0x00000000edb00000|  0%| F|  |TAMS 0x00000000eda00000, 0x00000000eda00000| Untracked 
| 219|0x00000000edb00000, 0x00000000edb00000, 0x00000000edc00000|  0%| F|  |TAMS 0x00000000edb00000, 0x00000000edb00000| Untracked 
| 220|0x00000000edc00000, 0x00000000edc00000, 0x00000000edd00000|  0%| F|  |TAMS 0x00000000edc00000, 0x00000000edc00000| Untracked 
| 221|0x00000000edd00000, 0x00000000edd00000, 0x00000000ede00000|  0%| F|  |TAMS 0x00000000edd00000, 0x00000000edd00000| Untracked 
| 222|0x00000000ede00000, 0x00000000ede00000, 0x00000000edf00000|  0%| F|  |TAMS 0x00000000ede00000, 0x00000000ede00000| Untracked 
| 223|0x00000000edf00000, 0x00000000edf00000, 0x00000000ee000000|  0%| F|  |TAMS 0x00000000edf00000, 0x00000000edf00000| Untracked 
| 224|0x00000000ee000000, 0x00000000ee000000, 0x00000000ee100000|  0%| F|  |TAMS 0x00000000ee000000, 0x00000000ee000000| Untracked 
| 225|0x00000000ee100000, 0x00000000ee141730, 0x00000000ee200000| 25%| S|CS|TAMS 0x00000000ee100000, 0x00000000ee100000| Complete 
| 226|0x00000000ee200000, 0x00000000ee300000, 0x00000000ee300000|100%| S|CS|TAMS 0x00000000ee200000, 0x00000000ee200000| Complete 
| 227|0x00000000ee300000, 0x00000000ee400000, 0x00000000ee400000|100%| S|CS|TAMS 0x00000000ee300000, 0x00000000ee300000| Complete 
| 228|0x00000000ee400000, 0x00000000ee500000, 0x00000000ee500000|100%| S|CS|TAMS 0x00000000ee400000, 0x00000000ee400000| Complete 
| 229|0x00000000ee500000, 0x00000000ee500000, 0x00000000ee600000|  0%| F|  |TAMS 0x00000000ee500000, 0x00000000ee500000| Untracked 
| 230|0x00000000ee600000, 0x00000000ee600000, 0x00000000ee700000|  0%| F|  |TAMS 0x00000000ee600000, 0x00000000ee600000| Untracked 
| 231|0x00000000ee700000, 0x00000000ee700000, 0x00000000ee800000|  0%| F|  |TAMS 0x00000000ee700000, 0x00000000ee700000| Untracked 
| 232|0x00000000ee800000, 0x00000000ee800000, 0x00000000ee900000|  0%| F|  |TAMS 0x00000000ee800000, 0x00000000ee800000| Untracked 
| 233|0x00000000ee900000, 0x00000000ee900000, 0x00000000eea00000|  0%| F|  |TAMS 0x00000000ee900000, 0x00000000ee900000| Untracked 
| 234|0x00000000eea00000, 0x00000000eea00000, 0x00000000eeb00000|  0%| F|  |TAMS 0x00000000eea00000, 0x00000000eea00000| Untracked 
| 235|0x00000000eeb00000, 0x00000000eeb00000, 0x00000000eec00000|  0%| F|  |TAMS 0x00000000eeb00000, 0x00000000eeb00000| Untracked 
| 236|0x00000000eec00000, 0x00000000eec00000, 0x00000000eed00000|  0%| F|  |TAMS 0x00000000eec00000, 0x00000000eec00000| Untracked 
| 237|0x00000000eed00000, 0x00000000eed00000, 0x00000000eee00000|  0%| F|  |TAMS 0x00000000eed00000, 0x00000000eed00000| Untracked 
| 238|0x00000000eee00000, 0x00000000eee00000, 0x00000000eef00000|  0%| F|  |TAMS 0x00000000eee00000, 0x00000000eee00000| Untracked 
| 239|0x00000000eef00000, 0x00000000eef00000, 0x00000000ef000000|  0%| F|  |TAMS 0x00000000eef00000, 0x00000000eef00000| Untracked 
| 240|0x00000000ef000000, 0x00000000ef000000, 0x00000000ef100000|  0%| F|  |TAMS 0x00000000ef000000, 0x00000000ef000000| Untracked 
| 241|0x00000000ef100000, 0x00000000ef180000, 0x00000000ef200000| 50%| E|  |TAMS 0x00000000ef100000, 0x00000000ef100000| Complete 
| 242|0x00000000ef200000, 0x00000000ef300000, 0x00000000ef300000|100%| E|CS|TAMS 0x00000000ef200000, 0x00000000ef200000| Complete 
| 243|0x00000000ef300000, 0x00000000ef400000, 0x00000000ef400000|100%| E|CS|TAMS 0x00000000ef300000, 0x00000000ef300000| Complete 
| 244|0x00000000ef400000, 0x00000000ef500000, 0x00000000ef500000|100%| E|CS|TAMS 0x00000000ef400000, 0x00000000ef400000| Complete 
| 245|0x00000000ef500000, 0x00000000ef600000, 0x00000000ef600000|100%| E|CS|TAMS 0x00000000ef500000, 0x00000000ef500000| Complete 
| 246|0x00000000ef600000, 0x00000000ef700000, 0x00000000ef700000|100%| E|CS|TAMS 0x00000000ef600000, 0x00000000ef600000| Complete 
| 247|0x00000000ef700000, 0x00000000ef800000, 0x00000000ef800000|100%| E|CS|TAMS 0x00000000ef700000, 0x00000000ef700000| Complete 
| 248|0x00000000ef800000, 0x00000000ef900000, 0x00000000ef900000|100%| E|CS|TAMS 0x00000000ef800000, 0x00000000ef800000| Complete 
| 249|0x00000000ef900000, 0x00000000efa00000, 0x00000000efa00000|100%| E|CS|TAMS 0x00000000ef900000, 0x00000000ef900000| Complete 
| 250|0x00000000efa00000, 0x00000000efb00000, 0x00000000efb00000|100%| E|CS|TAMS 0x00000000efa00000, 0x00000000efa00000| Complete 
| 251|0x00000000efb00000, 0x00000000efc00000, 0x00000000efc00000|100%| E|CS|TAMS 0x00000000efb00000, 0x00000000efb00000| Complete 
| 252|0x00000000efc00000, 0x00000000efd00000, 0x00000000efd00000|100%| E|CS|TAMS 0x00000000efc00000, 0x00000000efc00000| Complete 
| 253|0x00000000efd00000, 0x00000000efe00000, 0x00000000efe00000|100%| E|CS|TAMS 0x00000000efd00000, 0x00000000efd00000| Complete 
| 254|0x00000000efe00000, 0x00000000eff00000, 0x00000000eff00000|100%| E|CS|TAMS 0x00000000efe00000, 0x00000000efe00000| Complete 
| 255|0x00000000eff00000, 0x00000000f0000000, 0x00000000f0000000|100%| E|CS|TAMS 0x00000000eff00000, 0x00000000eff00000| Complete 
| 256|0x00000000f0000000, 0x00000000f0100000, 0x00000000f0100000|100%| E|CS|TAMS 0x00000000f0000000, 0x00000000f0000000| Complete 
| 257|0x00000000f0100000, 0x00000000f0200000, 0x00000000f0200000|100%| E|  |TAMS 0x00000000f0100000, 0x00000000f0100000| Complete 
| 258|0x00000000f0200000, 0x00000000f0300000, 0x00000000f0300000|100%| E|CS|TAMS 0x00000000f0200000, 0x00000000f0200000| Complete 
| 259|0x00000000f0300000, 0x00000000f0400000, 0x00000000f0400000|100%| E|CS|TAMS 0x00000000f0300000, 0x00000000f0300000| Complete 
| 260|0x00000000f0400000, 0x00000000f0500000, 0x00000000f0500000|100%| E|CS|TAMS 0x00000000f0400000, 0x00000000f0400000| Complete 
| 261|0x00000000f0500000, 0x00000000f0600000, 0x00000000f0600000|100%| E|CS|TAMS 0x00000000f0500000, 0x00000000f0500000| Complete 
| 262|0x00000000f0600000, 0x00000000f0700000, 0x00000000f0700000|100%| E|CS|TAMS 0x00000000f0600000, 0x00000000f0600000| Complete 
| 263|0x00000000f0700000, 0x00000000f0800000, 0x00000000f0800000|100%| E|CS|TAMS 0x00000000f0700000, 0x00000000f0700000| Complete 
| 264|0x00000000f0800000, 0x00000000f0900000, 0x00000000f0900000|100%| E|CS|TAMS 0x00000000f0800000, 0x00000000f0800000| Complete 
| 265|0x00000000f0900000, 0x00000000f0a00000, 0x00000000f0a00000|100%| E|CS|TAMS 0x00000000f0900000, 0x00000000f0900000| Complete 
| 266|0x00000000f0a00000, 0x00000000f0b00000, 0x00000000f0b00000|100%| E|CS|TAMS 0x00000000f0a00000, 0x00000000f0a00000| Complete 
| 267|0x00000000f0b00000, 0x00000000f0c00000, 0x00000000f0c00000|100%| E|CS|TAMS 0x00000000f0b00000, 0x00000000f0b00000| Complete 
| 268|0x00000000f0c00000, 0x00000000f0d00000, 0x00000000f0d00000|100%| E|CS|TAMS 0x00000000f0c00000, 0x00000000f0c00000| Complete 
| 269|0x00000000f0d00000, 0x00000000f0e00000, 0x00000000f0e00000|100%| E|CS|TAMS 0x00000000f0d00000, 0x00000000f0d00000| Complete 
| 270|0x00000000f0e00000, 0x00000000f0f00000, 0x00000000f0f00000|100%| E|CS|TAMS 0x00000000f0e00000, 0x00000000f0e00000| Complete 
| 271|0x00000000f0f00000, 0x00000000f1000000, 0x00000000f1000000|100%| E|CS|TAMS 0x00000000f0f00000, 0x00000000f0f00000| Complete 
| 272|0x00000000f1000000, 0x00000000f1100000, 0x00000000f1100000|100%| E|CS|TAMS 0x00000000f1000000, 0x00000000f1000000| Complete 
| 273|0x00000000f1100000, 0x00000000f1200000, 0x00000000f1200000|100%| E|CS|TAMS 0x00000000f1100000, 0x00000000f1100000| Complete 
| 274|0x00000000f1200000, 0x00000000f1300000, 0x00000000f1300000|100%| E|CS|TAMS 0x00000000f1200000, 0x00000000f1200000| Complete 
| 275|0x00000000f1300000, 0x00000000f1400000, 0x00000000f1400000|100%| E|CS|TAMS 0x00000000f1300000, 0x00000000f1300000| Complete 
| 276|0x00000000f1400000, 0x00000000f1500000, 0x00000000f1500000|100%| E|CS|TAMS 0x00000000f1400000, 0x00000000f1400000| Complete 
| 277|0x00000000f1500000, 0x00000000f1600000, 0x00000000f1600000|100%| E|CS|TAMS 0x00000000f1500000, 0x00000000f1500000| Complete 
| 278|0x00000000f1600000, 0x00000000f1700000, 0x00000000f1700000|100%| E|CS|TAMS 0x00000000f1600000, 0x00000000f1600000| Complete 
| 279|0x00000000f1700000, 0x00000000f1800000, 0x00000000f1800000|100%| E|CS|TAMS 0x00000000f1700000, 0x00000000f1700000| Complete 
| 280|0x00000000f1800000, 0x00000000f1900000, 0x00000000f1900000|100%| E|CS|TAMS 0x00000000f1800000, 0x00000000f1800000| Complete 
| 281|0x00000000f1900000, 0x00000000f1a00000, 0x00000000f1a00000|100%| E|CS|TAMS 0x00000000f1900000, 0x00000000f1900000| Complete 
| 282|0x00000000f1a00000, 0x00000000f1b00000, 0x00000000f1b00000|100%| E|CS|TAMS 0x00000000f1a00000, 0x00000000f1a00000| Complete 
| 283|0x00000000f1b00000, 0x00000000f1c00000, 0x00000000f1c00000|100%| E|CS|TAMS 0x00000000f1b00000, 0x00000000f1b00000| Complete 
| 284|0x00000000f1c00000, 0x00000000f1d00000, 0x00000000f1d00000|100%| E|CS|TAMS 0x00000000f1c00000, 0x00000000f1c00000| Complete 
| 285|0x00000000f1d00000, 0x00000000f1e00000, 0x00000000f1e00000|100%| E|CS|TAMS 0x00000000f1d00000, 0x00000000f1d00000| Complete 
| 286|0x00000000f1e00000, 0x00000000f1f00000, 0x00000000f1f00000|100%| E|CS|TAMS 0x00000000f1e00000, 0x00000000f1e00000| Complete 
| 287|0x00000000f1f00000, 0x00000000f2000000, 0x00000000f2000000|100%| E|CS|TAMS 0x00000000f1f00000, 0x00000000f1f00000| Complete 
| 288|0x00000000f2000000, 0x00000000f2100000, 0x00000000f2100000|100%| E|CS|TAMS 0x00000000f2000000, 0x00000000f2000000| Complete 
| 289|0x00000000f2100000, 0x00000000f2200000, 0x00000000f2200000|100%| E|CS|TAMS 0x00000000f2100000, 0x00000000f2100000| Complete 
| 290|0x00000000f2200000, 0x00000000f2300000, 0x00000000f2300000|100%| E|CS|TAMS 0x00000000f2200000, 0x00000000f2200000| Complete 
| 291|0x00000000f2300000, 0x00000000f2400000, 0x00000000f2400000|100%| E|CS|TAMS 0x00000000f2300000, 0x00000000f2300000| Complete 
| 292|0x00000000f2400000, 0x00000000f2500000, 0x00000000f2500000|100%| E|CS|TAMS 0x00000000f2400000, 0x00000000f2400000| Complete 
| 293|0x00000000f2500000, 0x00000000f2600000, 0x00000000f2600000|100%| E|CS|TAMS 0x00000000f2500000, 0x00000000f2500000| Complete 
| 294|0x00000000f2600000, 0x00000000f2700000, 0x00000000f2700000|100%| E|CS|TAMS 0x00000000f2600000, 0x00000000f2600000| Complete 
| 295|0x00000000f2700000, 0x00000000f2800000, 0x00000000f2800000|100%| E|CS|TAMS 0x00000000f2700000, 0x00000000f2700000| Complete 
| 296|0x00000000f2800000, 0x00000000f2900000, 0x00000000f2900000|100%| E|CS|TAMS 0x00000000f2800000, 0x00000000f2800000| Complete 
| 297|0x00000000f2900000, 0x00000000f2a00000, 0x00000000f2a00000|100%| E|CS|TAMS 0x00000000f2900000, 0x00000000f2900000| Complete 
| 298|0x00000000f2a00000, 0x00000000f2b00000, 0x00000000f2b00000|100%| E|CS|TAMS 0x00000000f2a00000, 0x00000000f2a00000| Complete 
| 299|0x00000000f2b00000, 0x00000000f2c00000, 0x00000000f2c00000|100%| E|CS|TAMS 0x00000000f2b00000, 0x00000000f2b00000| Complete 

Card table byte_map: [0x00000236a0920000,0x00000236a0a20000] _byte_map_base: 0x00000236a0220000

Marking Bits (Prev, Next): (CMBitMap*) 0x00000236897abf20, (CMBitMap*) 0x00000236897abee0
 Prev Bits: [0x00000236a1320000, 0x00000236a1b20000)
 Next Bits: [0x00000236a0b20000, 0x00000236a1320000)

Polling page: 0x0000023687950000

Metaspace:

Usage:
  Non-class:    132.09 MB used.
      Class:     20.82 MB used.
       Both:    152.90 MB used.

Virtual space:
  Non-class space:      192.00 MB reserved,     132.94 MB ( 69%) committed,  3 nodes.
      Class space:      320.00 MB reserved,      21.62 MB (  7%) committed,  1 nodes.
             Both:      512.00 MB reserved,     154.56 MB ( 30%) committed. 

Chunk freelists:
   Non-Class:  10.56 MB
       Class:  10.36 MB
        Both:  20.92 MB

MaxMetaspaceSize: 384.00 MB
CompressedClassSpaceSize: 320.00 MB
Initial GC threshold: 21.00 MB
Current GC threshold: 232.50 MB
CDS: on
MetaspaceReclaimPolicy: balanced
 - commit_granule_bytes: 65536.
 - commit_granule_words: 8192.
 - virtual_space_node_default_size: 8388608.
 - enlarge_chunks_in_place: 1.
 - new_chunks_are_fully_committed: 0.
 - uncommit_free_chunks: 1.
 - use_allocation_guard: 0.
 - handle_deallocations: 1.


Internal statistics:

num_allocs_failed_limit: 18.
num_arena_births: 2318.
num_arena_deaths: 0.
num_vsnodes_births: 4.
num_vsnodes_deaths: 0.
num_space_committed: 2473.
num_space_uncommitted: 0.
num_chunks_returned_to_freelist: 18.
num_chunks_taken_from_freelist: 8969.
num_chunk_merges: 12.
num_chunk_splits: 6074.
num_chunks_enlarged: 4067.
num_inconsistent_stats: 0.

CodeHeap 'non-profiled nmethods': size=120000Kb used=12782Kb max_used=12782Kb free=107217Kb
 bounds [0x0000023698d90000, 0x0000023699a10000, 0x00000236a02c0000]
CodeHeap 'profiled nmethods': size=120000Kb used=26584Kb max_used=27521Kb free=93415Kb
 bounds [0x00000236912c0000, 0x0000023692db0000, 0x00000236987f0000]
CodeHeap 'non-nmethods': size=5760Kb used=2394Kb max_used=2449Kb free=3365Kb
 bounds [0x00000236987f0000, 0x0000023698a60000, 0x0000023698d90000]
 total_blobs=15318 nmethods=14394 adapters=836
 compilation: enabled
              stopped_count=0, restarted_count=0
 full_count=0

Compilation events (20 events):
Event: 68.484 Thread 0x00000236a47b3490 17785       3       sun.net.www.protocol.jar.JarURLConnection::setUseCaches (9 bytes)
Event: 68.485 Thread 0x00000236a47b3490 nmethod 17785 0x0000023692217e10 code [0x0000023692217fc0, 0x0000023692218188]
Event: 68.493 Thread 0x00000236a47b2b80 nmethod 17779 0x0000023699a0a210 code [0x0000023699a0a420, 0x0000023699a0b268]
Event: 68.493 Thread 0x00000236a47b2b80 17778   !   4       org.gradle.api.internal.artifacts.ivyservice.resolveengine.artifact.VariantResolvingArtifactSet::select (153 bytes)
Event: 68.568 Thread 0x00000236a47b3490 17786       3       java.net.JarURLConnection::parseSpecs (134 bytes)
Event: 68.569 Thread 0x00000236a47b3490 nmethod 17786 0x0000023691cc9d90 code [0x0000023691cca0a0, 0x0000023691ccafc8]
Event: 68.569 Thread 0x00000236a47b3490 17787       3       sun.net.www.protocol.jar.JarURLConnection::getInputStream (97 bytes)
Event: 68.570 Thread 0x00000236a47b3490 nmethod 17787 0x0000023691e2cf90 code [0x0000023691e2d260, 0x0000023691e2dfa8]
Event: 68.570 Thread 0x00000236a47b3490 17788       3       sun.net.www.protocol.jar.URLJarFile::getEntry (69 bytes)
Event: 68.571 Thread 0x00000236a47b3490 nmethod 17788 0x0000023691dbe210 code [0x0000023691dbe560, 0x0000023691dbf998]
Event: 68.571 Thread 0x00000236a47b3490 17789       3       sun.net.www.protocol.jar.URLJarFile$URLJarFileEntry::<init> (16 bytes)
Event: 68.571 Thread 0x00000236a47b3490 nmethod 17789 0x00000236912ed390 code [0x00000236912ed560, 0x00000236912ed948]
Event: 68.571 Thread 0x00000236a47b3490 17790       3       java.util.jar.JarEntry::<init> (30 bytes)
Event: 68.572 Thread 0x00000236a47b3490 nmethod 17790 0x0000023691c92110 code [0x0000023691c922c0, 0x0000023691c925a8]
Event: 68.572 Thread 0x00000236a47b3490 17791       3       java.util.jar.JarEntry::<init> (6 bytes)
Event: 68.572 Thread 0x00000236a47b3490 nmethod 17791 0x0000023691eb5990 code [0x0000023691eb5b20, 0x0000023691eb5c68]
Event: 68.597 Thread 0x00000236a47b3490 17792       1       com.google.common.cache.LocalCache$WeakEntry::setValueReference (6 bytes)
Event: 68.597 Thread 0x00000236a47b3490 nmethod 17792 0x0000023699634c90 code [0x0000023699634e20, 0x0000023699634f38]
Event: 68.677 Thread 0x00000236a47b3490 17793       3       java.util.concurrent.ThreadPoolExecutor::isShutdown (12 bytes)
Event: 68.678 Thread 0x00000236a47b3490 nmethod 17793 0x0000023691d2cf10 code [0x0000023691d2d0c0, 0x0000023691d2d298]

GC Heap History (20 events):
Event: 49.393 GC heap before
{Heap before GC invocations=46 (full 0):
 garbage-first heap   total 307200K, used 264805K [0x00000000e0000000, 0x0000000100000000)
  region size 1024K, 94 young (96256K), 9 survivors (9216K)
 Metaspace       used 145008K, committed 146560K, reserved 458752K
  class space    used 19969K, committed 20736K, reserved 327680K
}
Event: 49.401 GC heap after
{Heap after GC invocations=47 (full 0):
 garbage-first heap   total 307200K, used 181882K [0x00000000e0000000, 0x0000000100000000)
  region size 1024K, 9 young (9216K), 9 survivors (9216K)
 Metaspace       used 145008K, committed 146560K, reserved 458752K
  class space    used 19969K, committed 20736K, reserved 327680K
}
Event: 50.368 GC heap before
{Heap before GC invocations=47 (full 0):
 garbage-first heap   total 307200K, used 257658K [0x00000000e0000000, 0x0000000100000000)
  region size 1024K, 84 young (86016K), 9 survivors (9216K)
 Metaspace       used 147955K, committed 149504K, reserved 458752K
  class space    used 20313K, committed 21056K, reserved 327680K
}
Event: 50.374 GC heap after
{Heap after GC invocations=48 (full 0):
 garbage-first heap   total 307200K, used 184388K [0x00000000e0000000, 0x0000000100000000)
  region size 1024K, 4 young (4096K), 4 survivors (4096K)
 Metaspace       used 147955K, committed 149504K, reserved 458752K
  class space    used 20313K, committed 21056K, reserved 327680K
}
Event: 51.738 GC heap before
{Heap before GC invocations=48 (full 0):
 garbage-first heap   total 307200K, used 259140K [0x00000000e0000000, 0x0000000100000000)
  region size 1024K, 78 young (79872K), 4 survivors (4096K)
 Metaspace       used 148019K, committed 149632K, reserved 458752K
  class space    used 20315K, committed 21056K, reserved 327680K
}
Event: 51.744 GC heap after
{Heap after GC invocations=49 (full 0):
 garbage-first heap   total 307200K, used 188221K [0x00000000e0000000, 0x0000000100000000)
  region size 1024K, 7 young (7168K), 7 survivors (7168K)
 Metaspace       used 148019K, committed 149632K, reserved 458752K
  class space    used 20315K, committed 21056K, reserved 327680K
}
Event: 52.453 GC heap before
{Heap before GC invocations=49 (full 0):
 garbage-first heap   total 307200K, used 260925K [0x00000000e0000000, 0x0000000100000000)
  region size 1024K, 78 young (79872K), 7 survivors (7168K)
 Metaspace       used 148222K, committed 149888K, reserved 458752K
  class space    used 20344K, committed 21120K, reserved 327680K
}
Event: 52.461 GC heap after
{Heap after GC invocations=50 (full 0):
 garbage-first heap   total 307200K, used 189818K [0x00000000e0000000, 0x0000000100000000)
  region size 1024K, 6 young (6144K), 6 survivors (6144K)
 Metaspace       used 148222K, committed 149888K, reserved 458752K
  class space    used 20344K, committed 21120K, reserved 327680K
}
Event: 53.692 GC heap before
{Heap before GC invocations=50 (full 0):
 garbage-first heap   total 307200K, used 262522K [0x00000000e0000000, 0x0000000100000000)
  region size 1024K, 78 young (79872K), 6 survivors (6144K)
 Metaspace       used 148253K, committed 149888K, reserved 458752K
  class space    used 20344K, committed 21120K, reserved 327680K
}
Event: 53.697 GC heap after
{Heap after GC invocations=51 (full 0):
 garbage-first heap   total 307200K, used 189308K [0x00000000e0000000, 0x0000000100000000)
  region size 1024K, 4 young (4096K), 4 survivors (4096K)
 Metaspace       used 148253K, committed 149888K, reserved 458752K
  class space    used 20344K, committed 21120K, reserved 327680K
}
Event: 56.196 GC heap before
{Heap before GC invocations=51 (full 0):
 garbage-first heap   total 307200K, used 263036K [0x00000000e0000000, 0x0000000100000000)
  region size 1024K, 77 young (78848K), 4 survivors (4096K)
 Metaspace       used 151226K, committed 152832K, reserved 524288K
  class space    used 20687K, committed 21440K, reserved 327680K
}
Event: 56.200 GC heap after
{Heap after GC invocations=52 (full 0):
 garbage-first heap   total 307200K, used 187418K [0x00000000e0000000, 0x0000000100000000)
  region size 1024K, 3 young (3072K), 3 survivors (3072K)
 Metaspace       used 151226K, committed 152832K, reserved 524288K
  class space    used 20687K, committed 21440K, reserved 327680K
}
Event: 57.431 GC heap before
{Heap before GC invocations=52 (full 0):
 garbage-first heap   total 307200K, used 263194K [0x00000000e0000000, 0x0000000100000000)
  region size 1024K, 78 young (79872K), 3 survivors (3072K)
 Metaspace       used 151257K, committed 152832K, reserved 524288K
  class space    used 20687K, committed 21440K, reserved 327680K
}
Event: 57.437 GC heap after
{Heap after GC invocations=53 (full 0):
 garbage-first heap   total 307200K, used 191686K [0x00000000e0000000, 0x0000000100000000)
  region size 1024K, 7 young (7168K), 7 survivors (7168K)
 Metaspace       used 151257K, committed 152832K, reserved 524288K
  class space    used 20687K, committed 21440K, reserved 327680K
}
Event: 62.805 GC heap before
{Heap before GC invocations=53 (full 0):
 garbage-first heap   total 307200K, used 265414K [0x00000000e0000000, 0x0000000100000000)
  region size 1024K, 78 young (79872K), 7 survivors (7168K)
 Metaspace       used 151489K, committed 153152K, reserved 524288K
  class space    used 20716K, committed 21504K, reserved 327680K
}
Event: 62.817 GC heap after
{Heap after GC invocations=54 (full 0):
 garbage-first heap   total 307200K, used 191833K [0x00000000e0000000, 0x0000000100000000)
  region size 1024K, 5 young (5120K), 5 survivors (5120K)
 Metaspace       used 151489K, committed 153152K, reserved 524288K
  class space    used 20716K, committed 21504K, reserved 327680K
}
Event: 63.738 GC heap before
{Heap before GC invocations=54 (full 0):
 garbage-first heap   total 307200K, used 264537K [0x00000000e0000000, 0x0000000100000000)
  region size 1024K, 75 young (76800K), 5 survivors (5120K)
 Metaspace       used 151734K, committed 153408K, reserved 524288K
  class space    used 20746K, committed 21568K, reserved 327680K
}
Event: 63.742 GC heap after
{Heap after GC invocations=55 (full 0):
 garbage-first heap   total 307200K, used 191667K [0x00000000e0000000, 0x0000000100000000)
  region size 1024K, 5 young (5120K), 5 survivors (5120K)
 Metaspace       used 151734K, committed 153408K, reserved 524288K
  class space    used 20746K, committed 21568K, reserved 327680K
}
Event: 65.820 GC heap before
{Heap before GC invocations=55 (full 0):
 garbage-first heap   total 307200K, used 262323K [0x00000000e0000000, 0x0000000100000000)
  region size 1024K, 75 young (76800K), 5 survivors (5120K)
 Metaspace       used 154668K, committed 156352K, reserved 524288K
  class space    used 21088K, committed 21888K, reserved 327680K
}
Event: 65.824 GC heap after
{Heap after GC invocations=56 (full 0):
 garbage-first heap   total 307200K, used 190046K [0x00000000e0000000, 0x0000000100000000)
  region size 1024K, 4 young (4096K), 4 survivors (4096K)
 Metaspace       used 154668K, committed 156352K, reserved 524288K
  class space    used 21088K, committed 21888K, reserved 327680K
}

Dll operation events (15 events):
Event: 0.008 Loaded shared library C:\Program Files\Microsoft\jdk-17.0.15.6-hotspot\bin\java.dll
Event: 0.023 Loaded shared library C:\Program Files\Microsoft\jdk-17.0.15.6-hotspot\bin\jsvml.dll
Event: 0.049 Loaded shared library C:\Program Files\Microsoft\jdk-17.0.15.6-hotspot\bin\zip.dll
Event: 0.052 Loaded shared library C:\Program Files\Microsoft\jdk-17.0.15.6-hotspot\bin\instrument.dll
Event: 0.055 Loaded shared library C:\Program Files\Microsoft\jdk-17.0.15.6-hotspot\bin\net.dll
Event: 0.056 Loaded shared library C:\Program Files\Microsoft\jdk-17.0.15.6-hotspot\bin\nio.dll
Event: 0.058 Loaded shared library C:\Program Files\Microsoft\jdk-17.0.15.6-hotspot\bin\zip.dll
Event: 0.241 Loaded shared library C:\Program Files\Microsoft\jdk-17.0.15.6-hotspot\bin\jimage.dll
Event: 0.397 Loaded shared library C:\Program Files\Microsoft\jdk-17.0.15.6-hotspot\bin\verify.dll
Event: 0.534 Loaded shared library C:\Users\HP\.gradle\native\c067742578af261105cb4f569cf0c3c89f3d7b1fecec35dd04571415982c5e48\windows-amd64\native-platform.dll
Event: 0.544 Loaded shared library C:\Users\HP\.gradle\native\100fb08df4bc3b14c8652ba06237920a3bd2aa13389f12d3474272988ae205f9\windows-amd64\native-platform-file-events.dll
Event: 1.623 Loaded shared library C:\Program Files\Microsoft\jdk-17.0.15.6-hotspot\bin\management.dll
Event: 1.628 Loaded shared library C:\Program Files\Microsoft\jdk-17.0.15.6-hotspot\bin\management_ext.dll
Event: 1.850 Loaded shared library C:\Program Files\Microsoft\jdk-17.0.15.6-hotspot\bin\extnet.dll
Event: 2.033 Loaded shared library C:\Program Files\Microsoft\jdk-17.0.15.6-hotspot\bin\sunmscapi.dll

Deoptimization events (20 events):
Event: 63.892 Thread 0x00000236a4924800 DEOPT PACKING pc=0x00000236999cef34 sp=0x00000044220f8e30
Event: 63.892 Thread 0x00000236a4924800 DEOPT UNPACKING pc=0x00000236988469a3 sp=0x00000044220f8de0 mode 2
Event: 63.932 Thread 0x00000236a4924800 DEOPT PACKING pc=0x000002369270c92b sp=0x00000044220f8b80
Event: 63.932 Thread 0x00000236a4924800 DEOPT UNPACKING pc=0x0000023698847143 sp=0x00000044220f80d0 mode 0
Event: 64.230 Thread 0x00000236a4924800 Uncommon trap: trap_request=0xffffffbe fr.pc=0x0000023699791518 relative=0x0000000000000498
Event: 64.230 Thread 0x00000236a4924800 Uncommon trap: reason=profile_predicate action=maybe_recompile pc=0x0000023699791518 method=java.util.AbstractList.hashCode()I @ 13 c2
Event: 64.230 Thread 0x00000236a4924800 DEOPT PACKING pc=0x0000023699791518 sp=0x00000044220f86e0
Event: 64.230 Thread 0x00000236a4924800 DEOPT UNPACKING pc=0x00000236988469a3 sp=0x00000044220f8670 mode 2
Event: 64.231 Thread 0x00000236a4924800 Uncommon trap: trap_request=0xffffffbe fr.pc=0x0000023699791518 relative=0x0000000000000498
Event: 64.231 Thread 0x00000236a4924800 Uncommon trap: reason=profile_predicate action=maybe_recompile pc=0x0000023699791518 method=java.util.AbstractList.hashCode()I @ 13 c2
Event: 64.231 Thread 0x00000236a4924800 DEOPT PACKING pc=0x0000023699791518 sp=0x00000044220f8620
Event: 64.231 Thread 0x00000236a4924800 DEOPT UNPACKING pc=0x00000236988469a3 sp=0x00000044220f85b0 mode 2
Event: 64.234 Thread 0x00000236a4924800 Uncommon trap: trap_request=0xffffffbe fr.pc=0x0000023699791518 relative=0x0000000000000498
Event: 64.234 Thread 0x00000236a4924800 Uncommon trap: reason=profile_predicate action=maybe_recompile pc=0x0000023699791518 method=java.util.AbstractList.hashCode()I @ 13 c2
Event: 64.234 Thread 0x00000236a4924800 DEOPT PACKING pc=0x0000023699791518 sp=0x00000044220f8570
Event: 64.234 Thread 0x00000236a4924800 DEOPT UNPACKING pc=0x00000236988469a3 sp=0x00000044220f8500 mode 2
Event: 68.595 Thread 0x00000236a4924800 Uncommon trap: trap_request=0xffffffbe fr.pc=0x0000023699791518 relative=0x0000000000000498
Event: 68.595 Thread 0x00000236a4924800 Uncommon trap: reason=profile_predicate action=maybe_recompile pc=0x0000023699791518 method=java.util.AbstractList.hashCode()I @ 13 c2
Event: 68.595 Thread 0x00000236a4924800 DEOPT PACKING pc=0x0000023699791518 sp=0x00000044220f86e0
Event: 68.595 Thread 0x00000236a4924800 DEOPT UNPACKING pc=0x00000236988469a3 sp=0x00000044220f8670 mode 2

Classes loaded (20 events):
Event: 33.049 Loading class java/time/format/DateTimeFormatterBuilder$WeekBasedFieldPrinterParser
Event: 33.050 Loading class java/time/format/DateTimeFormatterBuilder$WeekBasedFieldPrinterParser done
Event: 33.276 Loading class java/io/ObjectOutputStream$PutFieldImpl
Event: 33.276 Loading class java/io/ObjectOutputStream$PutField
Event: 33.277 Loading class java/io/ObjectOutputStream$PutField done
Event: 33.277 Loading class java/io/ObjectOutputStream$PutFieldImpl done
Event: 34.184 Loading class java/util/LinkedHashMapBeanInfo
Event: 34.184 Loading class java/util/LinkedHashMapBeanInfo done
Event: 34.184 Loading class java/util/LinkedHashMapBeanInfo
Event: 34.184 Loading class java/util/LinkedHashMapBeanInfo done
Event: 34.184 Loading class java/util/LinkedHashMapCustomizer
Event: 34.184 Loading class java/util/LinkedHashMapCustomizer done
Event: 34.184 Loading class java/util/LinkedHashMapCustomizer
Event: 34.184 Loading class java/util/LinkedHashMapCustomizer done
Event: 47.288 Loading class java/util/Collections$ReverseComparator
Event: 47.289 Loading class java/util/Collections$ReverseComparator done
Event: 47.289 Loading class java/util/Comparators$NaturalOrderComparator
Event: 47.290 Loading class java/util/Comparators$NaturalOrderComparator done
Event: 47.290 Loading class java/util/Collections$ReverseComparator2
Event: 47.290 Loading class java/util/Collections$ReverseComparator2 done

Classes unloaded (0 events):
No events

Classes redefined (0 events):
No events

Internal exceptions (20 events):
Event: 62.582 Thread 0x00000236a4924800 Exception <a 'sun/nio/fs/WindowsException'{0x00000000eef21098}> (0x00000000eef21098) 
thrown [s\src\hotspot\share\prims\jni.cpp, line 516]
Event: 62.952 Thread 0x00000236a4924800 Exception <a 'java/lang/ClassNotFoundException'{0x00000000f18c8d10}: build_dajlu3o5uaibatygw3s1srdhuBeanInfo> (0x00000000f18c8d10) 
thrown [s\src\hotspot\share\classfile\systemDictionary.cpp, line 256]
Event: 62.952 Thread 0x00000236a4924800 Exception <a 'java/lang/ClassNotFoundException'{0x00000000f18cfe90}: build_dajlu3o5uaibatygw3s1srdhuCustomizer> (0x00000000f18cfe90) 
thrown [s\src\hotspot\share\classfile\systemDictionary.cpp, line 256]
Event: 63.429 Thread 0x00000236a4924800 Exception <a 'sun/nio/fs/WindowsException'{0x00000000ef9ec530}> (0x00000000ef9ec530) 
thrown [s\src\hotspot\share\prims\jni.cpp, line 516]
Event: 63.429 Thread 0x00000236a4924800 Exception <a 'sun/nio/fs/WindowsException'{0x00000000ef9edb90}> (0x00000000ef9edb90) 
thrown [s\src\hotspot\share\prims\jni.cpp, line 516]
Event: 63.430 Thread 0x00000236a4924800 Exception <a 'sun/nio/fs/WindowsException'{0x00000000ef9ef1e0}> (0x00000000ef9ef1e0) 
thrown [s\src\hotspot\share\prims\jni.cpp, line 516]
Event: 63.431 Thread 0x00000236a4924800 Exception <a 'sun/nio/fs/WindowsException'{0x00000000ef9f0808}> (0x00000000ef9f0808) 
thrown [s\src\hotspot\share\prims\jni.cpp, line 516]
Event: 63.931 Thread 0x00000236a4924800 Exception <a 'java/lang/ClassNotFoundException'{0x00000000f11e1c68}: build_7rnjo2eo8nb709uqg7gfki7b7BeanInfo> (0x00000000f11e1c68) 
thrown [s\src\hotspot\share\classfile\systemDictionary.cpp, line 256]
Event: 63.932 Thread 0x00000236a4924800 Exception <a 'java/lang/ClassNotFoundException'{0x00000000f11e8de8}: build_7rnjo2eo8nb709uqg7gfki7b7Customizer> (0x00000000f11e8de8) 
thrown [s\src\hotspot\share\classfile\systemDictionary.cpp, line 256]
Event: 65.545 Thread 0x00000236a4924800 Exception <a 'java/lang/NoClassDefFoundError'{0x00000000ef6a18e0}: org/gradle/initialization/BuildCompletionListener> (0x00000000ef6a18e0) 
thrown [s\src\hotspot\share\classfile\systemDictionary.cpp, line 245]
Event: 67.890 Thread 0x00000236a4924800 Exception <a 'sun/nio/fs/WindowsException'{0x00000000f27c3e38}> (0x00000000f27c3e38) 
thrown [s\src\hotspot\share\prims\jni.cpp, line 516]
Event: 67.892 Thread 0x00000236a4924800 Exception <a 'sun/nio/fs/WindowsException'{0x00000000f27c5498}> (0x00000000f27c5498) 
thrown [s\src\hotspot\share\prims\jni.cpp, line 516]
Event: 67.893 Thread 0x00000236a4924800 Exception <a 'sun/nio/fs/WindowsException'{0x00000000f27c6ae8}> (0x00000000f27c6ae8) 
thrown [s\src\hotspot\share\prims\jni.cpp, line 516]
Event: 67.894 Thread 0x00000236a4924800 Exception <a 'sun/nio/fs/WindowsException'{0x00000000f27c8110}> (0x00000000f27c8110) 
thrown [s\src\hotspot\share\prims\jni.cpp, line 516]
Event: 68.282 Thread 0x00000236a4924800 Exception <a 'sun/nio/fs/WindowsException'{0x00000000f1563d80}> (0x00000000f1563d80) 
thrown [s\src\hotspot\share\prims\jni.cpp, line 516]
Event: 68.283 Thread 0x00000236a4924800 Exception <a 'sun/nio/fs/WindowsException'{0x00000000f15653e0}> (0x00000000f15653e0) 
thrown [s\src\hotspot\share\prims\jni.cpp, line 516]
Event: 68.283 Thread 0x00000236a4924800 Exception <a 'sun/nio/fs/WindowsException'{0x00000000f1566a30}> (0x00000000f1566a30) 
thrown [s\src\hotspot\share\prims\jni.cpp, line 516]
Event: 68.284 Thread 0x00000236a4924800 Exception <a 'sun/nio/fs/WindowsException'{0x00000000f1568058}> (0x00000000f1568058) 
thrown [s\src\hotspot\share\prims\jni.cpp, line 516]
Event: 68.482 Thread 0x00000236a4924800 Exception <a 'java/lang/ClassNotFoundException'{0x00000000f04b4740}: build_7rnjo2eo8nb709uqg7gfki7b7BeanInfo> (0x00000000f04b4740) 
thrown [s\src\hotspot\share\classfile\systemDictionary.cpp, line 256]
Event: 68.483 Thread 0x00000236a4924800 Exception <a 'java/lang/ClassNotFoundException'{0x00000000f04bb8c0}: build_7rnjo2eo8nb709uqg7gfki7b7Customizer> (0x00000000f04bb8c0) 
thrown [s\src\hotspot\share\classfile\systemDictionary.cpp, line 256]

VM Operations (20 events):
Event: 57.437 Executing VM operation: G1CollectForAllocation done
Event: 58.444 Executing VM operation: Cleanup
Event: 58.444 Executing VM operation: Cleanup done
Event: 59.455 Executing VM operation: Cleanup
Event: 59.455 Executing VM operation: Cleanup done
Event: 60.237 Executing VM operation: HandshakeAllThreads
Event: 60.237 Executing VM operation: HandshakeAllThreads done
Event: 62.252 Executing VM operation: Cleanup
Event: 62.253 Executing VM operation: Cleanup done
Event: 62.805 Executing VM operation: G1CollectForAllocation
Event: 62.817 Executing VM operation: G1CollectForAllocation done
Event: 63.738 Executing VM operation: G1CollectForAllocation
Event: 63.742 Executing VM operation: G1CollectForAllocation done
Event: 63.755 Executing VM operation: HandshakeAllThreads
Event: 63.756 Executing VM operation: HandshakeAllThreads done
Event: 64.758 Executing VM operation: Cleanup
Event: 65.403 Executing VM operation: Cleanup done
Event: 65.820 Executing VM operation: G1CollectForAllocation
Event: 65.824 Executing VM operation: G1CollectForAllocation done
Event: 68.837 Executing VM operation: Cleanup

Memory protections (0 events):
No events

Nmethod flushes (20 events):
Event: 63.779 Thread 0x00000236a47d0830 flushing  nmethod 0x0000023692292110
Event: 63.779 Thread 0x00000236a47d0830 flushing  nmethod 0x0000023692311e10
Event: 63.779 Thread 0x00000236a47d0830 flushing  nmethod 0x0000023692358e90
Event: 63.780 Thread 0x00000236a47d0830 flushing  nmethod 0x0000023692419690
Event: 63.780 Thread 0x00000236a47d0830 flushing  nmethod 0x000002369241a190
Event: 63.780 Thread 0x00000236a47d0830 flushing  nmethod 0x000002369241af10
Event: 63.780 Thread 0x00000236a47d0830 flushing  nmethod 0x000002369241b290
Event: 63.780 Thread 0x00000236a47d0830 flushing  nmethod 0x000002369241b610
Event: 63.780 Thread 0x00000236a47d0830 flushing  nmethod 0x000002369241ec10
Event: 63.780 Thread 0x00000236a47d0830 flushing  nmethod 0x0000023692423710
Event: 63.780 Thread 0x00000236a47d0830 flushing  nmethod 0x0000023692425f10
Event: 63.780 Thread 0x00000236a47d0830 flushing  nmethod 0x000002369242cd10
Event: 63.783 Thread 0x00000236a47d0830 flushing  nmethod 0x0000023692713110
Event: 63.783 Thread 0x00000236a47d0830 flushing  nmethod 0x0000023692752390
Event: 63.784 Thread 0x00000236a47d0830 flushing  nmethod 0x000002369281cf90
Event: 63.787 Thread 0x00000236a47d0830 flushing  nmethod 0x0000023692bf5d10
Event: 63.788 Thread 0x00000236a47d0830 flushing  nmethod 0x0000023692c00a90
Event: 63.788 Thread 0x00000236a47d0830 flushing  nmethod 0x0000023692c01090
Event: 63.788 Thread 0x00000236a47d0830 flushing  nmethod 0x0000023692d0b710
Event: 63.788 Thread 0x00000236a47d0830 flushing  nmethod 0x0000023692d18310

Events (20 events):
Event: 68.436 Thread 0x00000236a4924800 Thread added: 0x00000236c03bc5b0
Event: 68.436 Thread 0x00000236a4924800 Thread added: 0x00000236c03bd9f0
Event: 68.436 Thread 0x00000236a4924800 Thread added: 0x00000236c03bf340
Event: 68.437 Thread 0x00000236a4924800 Thread added: 0x00000236c03bcac0
Event: 68.437 Thread 0x00000236a4924800 Thread added: 0x00000236c03bdf00
Event: 68.437 Thread 0x00000236a4924800 Thread added: 0x00000236c03be410
Event: 68.438 Thread 0x00000236a4924800 Thread added: 0x00000236c03be920
Event: 68.438 Thread 0x00000236a4924800 Thread added: 0x00000236c18a9ec0
Event: 68.439 Thread 0x00000236a4924800 Thread added: 0x00000236c18ab300
Event: 68.459 Thread 0x00000236a4924800 Thread added: 0x00000236c18a8060
Event: 68.459 Thread 0x00000236a4924800 Thread added: 0x00000236c18a94a0
Event: 68.459 Thread 0x00000236a4924800 Thread added: 0x00000236c18a99b0
Event: 68.460 Thread 0x00000236a4924800 Thread added: 0x00000236c18aadf0
Event: 68.460 Thread 0x00000236a4924800 Thread added: 0x00000236c18a8570
Event: 68.460 Thread 0x00000236a4924800 Thread added: 0x00000236c18ac230
Event: 68.460 Thread 0x00000236a4924800 Thread added: 0x00000236c18a8a80
Event: 68.460 Thread 0x00000236a4924800 Thread added: 0x00000236c18ac740
Event: 68.461 Thread 0x00000236a4924800 Thread added: 0x00000236c18aeab0
Event: 68.461 Thread 0x00000236a4924800 Thread added: 0x00000236c18ae090
Event: 68.461 Thread 0x00000236a4924800 Thread added: 0x00000236c18adb80


Dynamic libraries:
0x00007ff77d7d0000 - 0x00007ff77d7de000 	C:\Program Files\Microsoft\jdk-17.0.15.6-hotspot\bin\java.exe
0x00007ff8dc440000 - 0x00007ff8dc6a7000 	C:\WINDOWS\SYSTEM32\ntdll.dll
0x00007ff8db7d0000 - 0x00007ff8db899000 	C:\WINDOWS\System32\KERNEL32.DLL
0x00007ff8d9bd0000 - 0x00007ff8d9fc1000 	C:\WINDOWS\System32\KERNELBASE.dll
0x00007ff8d9fd0000 - 0x00007ff8da11b000 	C:\WINDOWS\System32\ucrtbase.dll
0x00007ff897430000 - 0x00007ff897447000 	C:\Program Files\Microsoft\jdk-17.0.15.6-hotspot\bin\jli.dll
0x00007ff8b9530000 - 0x00007ff8b954d000 	C:\Program Files\Microsoft\jdk-17.0.15.6-hotspot\bin\VCRUNTIME140.dll
0x00007ff8db410000 - 0x00007ff8db5d5000 	C:\WINDOWS\System32\USER32.dll
0x00007ff8d9970000 - 0x00007ff8d9997000 	C:\WINDOWS\System32\win32u.dll
0x00007ff8b8ca0000 - 0x00007ff8b8f33000 	C:\WINDOWS\WinSxS\amd64_microsoft.windows.common-controls_6595b64144ccf1df_6.0.26100.7922_none_3e089e1ee3342171\COMCTL32.dll
0x00007ff8dbed0000 - 0x00007ff8dbefb000 	C:\WINDOWS\System32\GDI32.dll
0x00007ff8d97b0000 - 0x00007ff8d98da000 	C:\WINDOWS\System32\gdi32full.dll
0x00007ff8da2b0000 - 0x00007ff8da359000 	C:\WINDOWS\System32\msvcrt.dll
0x00007ff8d9b20000 - 0x00007ff8d9bc3000 	C:\WINDOWS\System32\msvcp_win.dll
0x00007ff8da360000 - 0x00007ff8da391000 	C:\WINDOWS\System32\IMM32.DLL
0x00007ff899b90000 - 0x00007ff899b9c000 	C:\Program Files\Microsoft\jdk-17.0.15.6-hotspot\bin\vcruntime140_1.dll
0x00007ff83d120000 - 0x00007ff83d1ad000 	C:\Program Files\Microsoft\jdk-17.0.15.6-hotspot\bin\msvcp140.dll
0x00007ff834070000 - 0x00007ff834ce2000 	C:\Program Files\Microsoft\jdk-17.0.15.6-hotspot\bin\server\jvm.dll
0x00007ff8db220000 - 0x00007ff8db2db000 	C:\WINDOWS\System32\ADVAPI32.dll
0x00007ff8da9f0000 - 0x00007ff8daa97000 	C:\WINDOWS\System32\sechost.dll
0x00007ff8db2e0000 - 0x00007ff8db3f8000 	C:\WINDOWS\System32\RPCRT4.dll
0x00007ff8db740000 - 0x00007ff8db7b4000 	C:\WINDOWS\System32\WS2_32.dll
0x00007ff8d8b80000 - 0x00007ff8d8bde000 	C:\WINDOWS\SYSTEM32\POWRPROF.dll
0x00007ff8d0b20000 - 0x00007ff8d0b55000 	C:\WINDOWS\SYSTEM32\WINMM.dll
0x00007ff8c6ef0000 - 0x00007ff8c6efb000 	C:\WINDOWS\SYSTEM32\VERSION.dll
0x00007ff8d8b60000 - 0x00007ff8d8b74000 	C:\WINDOWS\SYSTEM32\UMPDC.dll
0x00007ff8d7ab0000 - 0x00007ff8d7acb000 	C:\WINDOWS\SYSTEM32\kernel.appcore.dll
0x00007ff897890000 - 0x00007ff89789a000 	C:\Program Files\Microsoft\jdk-17.0.15.6-hotspot\bin\jimage.dll
0x00007ff8d6bc0000 - 0x00007ff8d6e02000 	C:\WINDOWS\SYSTEM32\DBGHELP.DLL
0x00007ff8dbf70000 - 0x00007ff8dc2f2000 	C:\WINDOWS\System32\combase.dll
0x00007ff8dbb90000 - 0x00007ff8dbc67000 	C:\WINDOWS\System32\OLEAUT32.dll
0x00007ff8b6050000 - 0x00007ff8b608b000 	C:\WINDOWS\SYSTEM32\dbgcore.DLL
0x00007ff8d9700000 - 0x00007ff8d97a5000 	C:\WINDOWS\System32\bcryptPrimitives.dll
0x00007ff88e7d0000 - 0x00007ff88e7de000 	C:\Program Files\Microsoft\jdk-17.0.15.6-hotspot\bin\instrument.dll
0x00007ff897400000 - 0x00007ff897425000 	C:\Program Files\Microsoft\jdk-17.0.15.6-hotspot\bin\java.dll
0x00007ff83d040000 - 0x00007ff83d116000 	C:\Program Files\Microsoft\jdk-17.0.15.6-hotspot\bin\jsvml.dll
0x00007ff8daab0000 - 0x00007ff8db20f000 	C:\WINDOWS\System32\SHELL32.dll
0x00007ff8d8d20000 - 0x00007ff8d8e8a000 	C:\WINDOWS\System32\wintypes.dll
0x00007ff8d8e90000 - 0x00007ff8d96f4000 	C:\WINDOWS\System32\windows.storage.dll
0x00007ff8dbdd0000 - 0x00007ff8dbec7000 	C:\WINDOWS\System32\SHCORE.dll
0x00007ff8dbf00000 - 0x00007ff8dbf67000 	C:\WINDOWS\System32\shlwapi.dll
0x00007ff8d8c40000 - 0x00007ff8d8c69000 	C:\WINDOWS\SYSTEM32\profapi.dll
0x00007ff8838b0000 - 0x00007ff8838c8000 	C:\Program Files\Microsoft\jdk-17.0.15.6-hotspot\bin\zip.dll
0x00007ff88a720000 - 0x00007ff88a73a000 	C:\Program Files\Microsoft\jdk-17.0.15.6-hotspot\bin\net.dll
0x00007ff8cda60000 - 0x00007ff8cdb87000 	C:\WINDOWS\SYSTEM32\WINHTTP.dll
0x00007ff8d8020000 - 0x00007ff8d808b000 	C:\WINDOWS\system32\mswsock.dll
0x00007ff88a700000 - 0x00007ff88a716000 	C:\Program Files\Microsoft\jdk-17.0.15.6-hotspot\bin\nio.dll
0x00007ff8976e0000 - 0x00007ff8976f0000 	C:\Program Files\Microsoft\jdk-17.0.15.6-hotspot\bin\verify.dll
0x00007ff886160000 - 0x00007ff886187000 	C:\Users\HP\.gradle\native\c067742578af261105cb4f569cf0c3c89f3d7b1fecec35dd04571415982c5e48\windows-amd64\native-platform.dll
0x00007ff8796e0000 - 0x00007ff879824000 	C:\Users\HP\.gradle\native\100fb08df4bc3b14c8652ba06237920a3bd2aa13389f12d3474272988ae205f9\windows-amd64\native-platform-file-events.dll
0x00007ff894870000 - 0x00007ff89487a000 	C:\Program Files\Microsoft\jdk-17.0.15.6-hotspot\bin\management.dll
0x00007ff893630000 - 0x00007ff89363b000 	C:\Program Files\Microsoft\jdk-17.0.15.6-hotspot\bin\management_ext.dll
0x00007ff8db7c0000 - 0x00007ff8db7c8000 	C:\WINDOWS\System32\PSAPI.DLL
0x00007ff8d8300000 - 0x00007ff8d831b000 	C:\WINDOWS\SYSTEM32\CRYPTSP.dll
0x00007ff8d7a10000 - 0x00007ff8d7a49000 	C:\WINDOWS\system32\rsaenh.dll
0x00007ff8d80d0000 - 0x00007ff8d8102000 	C:\WINDOWS\SYSTEM32\USERENV.dll
0x00007ff8d8c10000 - 0x00007ff8d8c3a000 	C:\WINDOWS\SYSTEM32\bcrypt.dll
0x00007ff8d8320000 - 0x00007ff8d832c000 	C:\WINDOWS\SYSTEM32\CRYPTBASE.dll
0x00007ff8d7470000 - 0x00007ff8d74a3000 	C:\WINDOWS\SYSTEM32\IPHLPAPI.DLL
0x00007ff8daaa0000 - 0x00007ff8daaaa000 	C:\WINDOWS\System32\NSI.dll
0x00007ff8d0ef0000 - 0x00007ff8d0f0d000 	C:\WINDOWS\SYSTEM32\dhcpcsvc6.DLL
0x00007ff8cfb00000 - 0x00007ff8cfb23000 	C:\WINDOWS\SYSTEM32\dhcpcsvc.DLL
0x00007ff8d7500000 - 0x00007ff8d762a000 	C:\WINDOWS\SYSTEM32\DNSAPI.dll
0x00007ff893090000 - 0x00007ff893099000 	C:\Program Files\Microsoft\jdk-17.0.15.6-hotspot\bin\extnet.dll
0x00007ff88de20000 - 0x00007ff88de2e000 	C:\Program Files\Microsoft\jdk-17.0.15.6-hotspot\bin\sunmscapi.dll
0x00007ff8d99a0000 - 0x00007ff8d9b17000 	C:\WINDOWS\System32\CRYPT32.dll
0x00007ff8d8520000 - 0x00007ff8d8550000 	C:\WINDOWS\SYSTEM32\ncrypt.dll
0x00007ff8d84d0000 - 0x00007ff8d850f000 	C:\WINDOWS\SYSTEM32\NTASN1.dll
0x00007ff8c4030000 - 0x00007ff8c4038000 	C:\WINDOWS\system32\wshunix.dll

dbghelp: loaded successfully - version: 4.0.5 - missing functions: none
symbol engine: initialized successfully - sym options: 0x614 - pdb path: .;C:\Program Files\Microsoft\jdk-17.0.15.6-hotspot\bin;C:\WINDOWS\SYSTEM32;C:\WINDOWS\WinSxS\amd64_microsoft.windows.common-controls_6595b64144ccf1df_6.0.26100.7922_none_3e089e1ee3342171;C:\Program Files\Microsoft\jdk-17.0.15.6-hotspot\bin\server;C:\Users\HP\.gradle\native\c067742578af261105cb4f569cf0c3c89f3d7b1fecec35dd04571415982c5e48\windows-amd64;C:\Users\HP\.gradle\native\100fb08df4bc3b14c8652ba06237920a3bd2aa13389f12d3474272988ae205f9\windows-amd64

VM Arguments:
jvm_args: --add-opens=java.base/java.util=ALL-UNNAMED --add-opens=java.base/java.lang=ALL-UNNAMED --add-opens=java.base/java.lang.invoke=ALL-UNNAMED --add-opens=java.prefs/java.util.prefs=ALL-UNNAMED --add-exports=jdk.compiler/com.sun.tools.javac.api=ALL-UNNAMED --add-exports=jdk.compiler/com.sun.tools.javac.util=ALL-UNNAMED --add-opens=java.base/java.nio.charset=ALL-UNNAMED --add-opens=java.base/java.net=ALL-UNNAMED --add-opens=java.base/java.util.concurrent.atomic=ALL-UNNAMED -XX:MaxMetaspaceSize=384m -XX:+HeapDumpOnOutOfMemoryError -Xms256m -Xmx512m -Dfile.encoding=utf8 -Duser.country=IN -Duser.language=en -Duser.variant -javaagent:C:\Users\HP\.gradle\wrapper\dists\gradle-8.9-bin\90cnw93cvbtalezasaz0blq0a\gradle-8.9\lib\agents\gradle-instrumentation-agent-8.9.jar 
java_command: org.gradle.launcher.daemon.bootstrap.GradleDaemon 8.9
java_class_path (initial): C:\Users\HP\.gradle\wrapper\dists\gradle-8.9-bin\90cnw93cvbtalezasaz0blq0a\gradle-8.9\lib\gradle-daemon-main-8.9.jar
Launcher Type: SUN_STANDARD

[Global flags]
     intx CICompilerCount                          = 4                                         {product} {ergonomic}
   size_t CompressedClassSpaceSize                 = 335544320                                 {product} {ergonomic}
     uint ConcGCThreads                            = 3                                         {product} {ergonomic}
     uint G1ConcRefinementThreads                  = 10                                        {product} {ergonomic}
   size_t G1HeapRegionSize                         = 1048576                                   {product} {ergonomic}
    uintx GCDrainStackTargetSize                   = 64                                        {product} {ergonomic}
     bool HeapDumpOnOutOfMemoryError               = true                                   {manageable} {command line}
   size_t InitialHeapSize                          = 268435456                                 {product} {command line}
   size_t MarkStackSize                            = 4194304                                   {product} {ergonomic}
   size_t MaxHeapSize                              = 536870912                                 {product} {command line}
   size_t MaxMetaspaceSize                         = 402653184                                 {product} {command line}
   size_t MaxNewSize                               = 321912832                                 {product} {ergonomic}
   size_t MinHeapDeltaBytes                        = 1048576                                   {product} {ergonomic}
   size_t MinHeapSize                              = 268435456                                 {product} {command line}
    uintx NonNMethodCodeHeapSize                   = 5839372                                {pd product} {ergonomic}
    uintx NonProfiledCodeHeapSize                  = 122909434                              {pd product} {ergonomic}
    uintx ProfiledCodeHeapSize                     = 122909434                              {pd product} {ergonomic}
    uintx ReservedCodeCacheSize                    = 251658240                              {pd product} {ergonomic}
     bool SegmentedCodeCache                       = true                                      {product} {ergonomic}
   size_t SoftMaxHeapSize                          = 536870912                              {manageable} {ergonomic}
     bool UseCompressedClassPointers               = true                           {product lp64_product} {ergonomic}
     bool UseCompressedOops                        = true                           {product lp64_product} {ergonomic}
     bool UseG1GC                                  = true                                      {product} {ergonomic}
     bool UseLargePagesIndividualAllocation        = false                                  {pd product} {ergonomic}

Logging:
Log output configuration:
 #0: stdout all=warning uptime,level,tags
 #1: stderr all=off uptime,level,tags

Environment Variables:
JAVA_HOME=C:\Program Files\Microsoft\jdk-17.0.15.6-hotspot
PATH=C:\Users\HP\AppData\Local\Programs\Microsoft VS Code;C:\Program Files\Microsoft\jdk-17.0.15.6-hotspot\bin;C:\WINDOWS\system32;C:\WINDOWS;C:\WINDOWS\System32\Wbem;C:\WINDOWS\System32\WindowsPowerShell\v1.0\;C:\WINDOWS\System32\OpenSSH\;C:\Program Files\Git\cmd;C:\Program Files\dotnet\;C:\ProgramData\chocolatey\bin;C:\Users\HP\AppData\Local\Android\Sdk\platform-tools;C:\Users\HP\AppData\Local\Android\Sdk;C:\Users\HP\AppData\Local\Android\Sdk\emulator;;C:\Program Files\Docker\Docker\resources\bin;C:\Program Files\PuTTY\;C:\Program Files\nodejs\;C:\Program Files\MySQL\MySQL Shell 8.0\bin\;C:\Users\HP\AppData\Local\Microsoft\WindowsApps;C:\Users\HP\AppData\Local\Programs\Microsoft VS Code\bin;C:\Users\HP\AppData\Local\Android\Sdk\platform-tools;C:\Users\HP\AppData\Local\Android\Sdk;C:\Users\HP\AppData\Local\Android\Sdk\emulator;C:\Users\HP\AppData\Roaming\npm
USERNAME=HP
OS=Windows_NT
PROCESSOR_IDENTIFIER=Intel64 Family 6 Model 154 Stepping 4, GenuineIntel
TMP=C:\Users\HP\AppData\Local\Temp
TEMP=C:\Users\HP\AppData\Local\Temp



Periodic native trim disabled


---------------  S Y S T E M  ---------------

OS:
 Windows 11 , 64 bit Build 26100 (10.0.26100.7920)
OS uptime: 13 days 22:14 hours
Hyper-V role detected

CPU: total 12 (initial active 12) (6 cores per cpu, 2 threads per core) family 6 model 154 stepping 4 microcode 0x432, cx8, cmov, fxsr, ht, mmx, 3dnowpref, sse, sse2, sse3, ssse3, sse4.1, sse4.2, popcnt, lzcnt, tsc, tscinvbit, avx, avx2, aes, erms, clmul, bmi1, bmi2, adx, sha, fma, vzeroupper, clflush, clflushopt, clwb, hv
Processor Information for processor 0
  Max Mhz: 1300, Current Mhz: 1300, Mhz Limit: 1300
Processor Information for processor 1
  Max Mhz: 1300, Current Mhz: 1300, Mhz Limit: 1300
Processor Information for processor 2
  Max Mhz: 1300, Current Mhz: 1300, Mhz Limit: 1300
Processor Information for processor 3
  Max Mhz: 1300, Current Mhz: 1300, Mhz Limit: 1300
Processor Information for processor 4
  Max Mhz: 1300, Current Mhz: 900, Mhz Limit: 897
Processor Information for processor 5
  Max Mhz: 1300, Current Mhz: 900, Mhz Limit: 897
Processor Information for processor 6
  Max Mhz: 1300, Current Mhz: 900, Mhz Limit: 897
Processor Information for processor 7
  Max Mhz: 1300, Current Mhz: 900, Mhz Limit: 897
Processor Information for processor 8
  Max Mhz: 1300, Current Mhz: 900, Mhz Limit: 897
Processor Information for processor 9
  Max Mhz: 1300, Current Mhz: 900, Mhz Limit: 897
Processor Information for processor 10
  Max Mhz: 1300, Current Mhz: 900, Mhz Limit: 897
Processor Information for processor 11
  Max Mhz: 1300, Current Mhz: 900, Mhz Limit: 897

Memory: 4k page, system-wide physical 7835M (536M free)
TotalPageFile size 31387M (AvailPageFile size 3M)
current process WorkingSet (physical memory assigned to process): 417M, peak: 536M
current process commit charge ("private bytes"): 753M, peak: 754M

vm_info: OpenJDK 64-Bit Server VM (17.0.15+6-LTS) for windows-amd64 JRE (17.0.15+6-LTS), built on Apr  9 2025 22:27:25 by "MicrosoftCorporation" with unknown MS VC++:1939

END.
