#
# There is insufficient memory for the Java Runtime Environment to continue.
# Native memory allocation (mmap) failed to map 23068672 bytes. Error detail: G1 virtual space
# Possible reasons:
#   The system is out of physical RAM or swap space
#   This process is running with CompressedOops enabled, and the Java Heap may be blocking the growth of the native heap
# Possible solutions:
#   Reduce memory load on the system
#   Increase physical memory or swap space
#   Check if swap backing store is full
#   Decrease Java heap size (-Xmx/-Xms)
#   Decrease number of Java threads
#   Decrease Java thread stack sizes (-Xss)
#   Set larger code cache with -XX:ReservedCodeCacheSize=
#   JVM is running with Unscaled Compressed Oops mode in which the Java heap is
#     placed in the first 4GB address space. The Java Heap base address is the
#     maximum limit for the native heap growth. Please use -XX:HeapBaseMinAddress
#     to set the Java Heap base and to place the Java Heap above 4GB virtual address.
# This output file may be truncated or incomplete.
#
#  Out of Memory Error (os_windows.cpp:3710), pid=21180, tid=30112
#
# JRE version: OpenJDK Runtime Environment Microsoft-11369865 (17.0.15+6) (build 17.0.15+6-LTS)
# Java VM: OpenJDK 64-Bit Server VM Microsoft-11369865 (17.0.15+6-LTS, mixed mode, sharing, tiered, compressed oops, compressed class ptrs, g1 gc, windows-amd64)
# No core dump will be written. Minidumps are not enabled by default on client versions of Windows
#

---------------  S U M M A R Y ------------

Command Line: org.jetbrains.kotlin.cli.jvm.K2JVMCompiler @D:\Parkitdemo\Updated-Sundukpay\node_modules\@react-native\gradle-plugin\shared\build\20260326_7442457877138090902.compiler.options

Host: 12th Gen Intel(R) Core(TM) i5-1235U, 12 cores, 7G,  Windows 11 , 64 bit Build 26100 (10.0.26100.7920)
Time: Thu Mar 26 10:48:50 2026 India Standard Time elapsed time: 10.439554 seconds (0d 0h 0m 10s)

---------------  T H R E A D  ---------------

Current thread (0x000002a9c48503f0):  VMThread "VM Thread" [stack: 0x000000f450500000,0x000000f450600000] [id=30112]

Stack: [0x000000f450500000,0x000000f450600000]
Native frames: (J=compiled Java code, j=interpreted, Vv=VM code, C=native code)
V  [jvm.dll+0x6887a9]
V  [jvm.dll+0x83f5a8]
V  [jvm.dll+0x841053]
V  [jvm.dll+0x8416c3]
V  [jvm.dll+0x2496ef]
V  [jvm.dll+0x6856e9]
V  [jvm.dll+0x679b7a]
V  [jvm.dll+0x30b0d7]
V  [jvm.dll+0x312646]
V  [jvm.dll+0x36300e]
V  [jvm.dll+0x36324d]
V  [jvm.dll+0x2e236c]
V  [jvm.dll+0x2e0719]
V  [jvm.dll+0x2dfe7c]
V  [jvm.dll+0x322a2b]
V  [jvm.dll+0x845efd]
V  [jvm.dll+0x846c33]
V  [jvm.dll+0x84715f]
V  [jvm.dll+0x847544]
V  [jvm.dll+0x84760e]
V  [jvm.dll+0x7ef2dc]
V  [jvm.dll+0x687687]
C  [ucrtbase.dll+0x37b0]
C  [KERNEL32.DLL+0x2e8d7]
C  [ntdll.dll+0x8c48c]

VM_Operation (0x000000f44fffa7e0): G1CollectForAllocation, mode: safepoint, requested by thread 0x000002a9a41c7160


---------------  P R O C E S S  ---------------

Threads class SMR info:
_java_thread_list=0x000002aa1299ae90, length=13, elements={
0x000002a9a41c7160, 0x000002a9c4856f40, 0x000002a9c4858470, 0x000002a9c486f8b0,
0x000002a9c4874280, 0x000002a9c48757b0, 0x000002a9c4878490, 0x000002a9c4879da0,
0x000002a9c487d440, 0x000002a9c487e9b0, 0x000002a9c49c7b80, 0x000002a9c49eab30,
0x000002aa12e197a0
}

Java Threads: ( => current thread )
  0x000002a9a41c7160 JavaThread "main" [_thread_blocked, id=25180, stack(0x000000f44ff00000,0x000000f450000000)]
  0x000002a9c4856f40 JavaThread "Reference Handler" daemon [_thread_blocked, id=13924, stack(0x000000f450600000,0x000000f450700000)]
  0x000002a9c4858470 JavaThread "Finalizer" daemon [_thread_blocked, id=8784, stack(0x000000f450700000,0x000000f450800000)]
  0x000002a9c486f8b0 JavaThread "Signal Dispatcher" daemon [_thread_blocked, id=12176, stack(0x000000f450800000,0x000000f450900000)]
  0x000002a9c4874280 JavaThread "Attach Listener" daemon [_thread_blocked, id=12692, stack(0x000000f450900000,0x000000f450a00000)]
  0x000002a9c48757b0 JavaThread "Service Thread" daemon [_thread_blocked, id=19912, stack(0x000000f450a00000,0x000000f450b00000)]
  0x000002a9c4878490 JavaThread "Monitor Deflation Thread" daemon [_thread_blocked, id=17144, stack(0x000000f450b00000,0x000000f450c00000)]
  0x000002a9c4879da0 JavaThread "C2 CompilerThread0" daemon [_thread_blocked, id=9292, stack(0x000000f450c00000,0x000000f450d00000)]
  0x000002a9c487d440 JavaThread "C1 CompilerThread0" daemon [_thread_blocked, id=10964, stack(0x000000f450d00000,0x000000f450e00000)]
  0x000002a9c487e9b0 JavaThread "Sweeper thread" daemon [_thread_blocked, id=23972, stack(0x000000f450e00000,0x000000f450f00000)]
  0x000002a9c49c7b80 JavaThread "Notification Thread" daemon [_thread_blocked, id=11664, stack(0x000000f450f00000,0x000000f451000000)]
  0x000002a9c49eab30 JavaThread "Common-Cleaner" daemon [_thread_blocked, id=6740, stack(0x000000f451100000,0x000000f451200000)]
  0x000002aa12e197a0 JavaThread "C2 CompilerThread1" daemon [_thread_blocked, id=9016, stack(0x000000f451700000,0x000000f451800000)]

Other Threads:
=>0x000002a9c48503f0 VMThread "VM Thread" [stack: 0x000000f450500000,0x000000f450600000] [id=30112]
  0x000002a9c49ea480 WatcherThread [stack: 0x000000f451000000,0x000000f451100000] [id=5904]
  0x000002a9a4223780 GCTaskThread "GC Thread#0" [stack: 0x000000f450000000,0x000000f450100000] [id=15368]
  0x000002aa0a235220 GCTaskThread "GC Thread#1" [stack: 0x000000f451200000,0x000000f451300000] [id=30408]
  0x000002aa0a27d4c0 GCTaskThread "GC Thread#2" [stack: 0x000000f451300000,0x000000f451400000] [id=24080]
  0x000002aa0a27d780 GCTaskThread "GC Thread#3" [stack: 0x000000f451400000,0x000000f451500000] [id=27892]
  0x000002aa0a2b9010 GCTaskThread "GC Thread#4" [stack: 0x000000f451500000,0x000000f451600000] [id=21176]
  0x000002aa0a2b92d0 GCTaskThread "GC Thread#5" [stack: 0x000000f451600000,0x000000f451700000] [id=29828]
  0x000002aa0a6d5740 GCTaskThread "GC Thread#6" [stack: 0x000000f451900000,0x000000f451a00000] [id=18664]
  0x000002aa12298850 GCTaskThread "GC Thread#7" [stack: 0x000000f451a00000,0x000000f451b00000] [id=11136]
  0x000002aa124ed300 GCTaskThread "GC Thread#8" [stack: 0x000000f451b00000,0x000000f451c00000] [id=10604]
  0x000002aa124eb780 GCTaskThread "GC Thread#9" [stack: 0x000000f451800000,0x000000f451900000] [id=9484]
  0x000002a9a4235040 ConcurrentGCThread "G1 Main Marker" [stack: 0x000000f450100000,0x000000f450200000] [id=24552]
  0x000002a9a4235a60 ConcurrentGCThread "G1 Conc#0" [stack: 0x000000f450200000,0x000000f450300000] [id=2796]
  0x000002aa124ecac0 ConcurrentGCThread "G1 Conc#1" [stack: 0x000000f451c00000,0x000000f451d00000] [id=26004]
  0x000002aa124ec280 ConcurrentGCThread "G1 Conc#2" [stack: 0x000000f451d00000,0x000000f451e00000] [id=30648]
  0x000002a9a427e880 ConcurrentGCThread "G1 Refine#0" [stack: 0x000000f450300000,0x000000f450400000] [id=3400]
  0x000002aa12c5d9c0 ConcurrentGCThread "G1 Refine#1" [stack: 0x000000f451f00000,0x000000f452000000] [id=11724]
  0x000002aa12c5dfa0 ConcurrentGCThread "G1 Refine#2" [stack: 0x000000f452000000,0x000000f452100000] [id=28872]
  0x000002a9c46fd210 ConcurrentGCThread "G1 Service" [stack: 0x000000f450400000,0x000000f450500000] [id=11828]

Threads with active compile tasks:
C2 CompilerThread0    10455 4478       4       org.jetbrains.org.objectweb.asm.ClassReader::readMethod (1093 bytes)

VM state: at safepoint (normal execution)

VM Mutex/Monitor currently owned by a thread:  ([mutex/lock_event])
[0x000002a9a407aa90] Threads_lock - owner thread: 0x000002a9c48503f0
[0x000002a9a41c67f0] Heap_lock - owner thread: 0x000002a9a41c7160

Heap address: 0x0000000085800000, size: 1960 MB, Compressed Oops mode: 32-bit

CDS archive(s) mapped at: [0x000002a9c5000000-0x000002a9c5bb0000-0x000002a9c5bb0000), size 12255232, SharedBaseAddress: 0x000002a9c5000000, ArchiveRelocationMode: 1.
Compressed class space mapped at: 0x000002a9c6000000-0x000002aa06000000, reserved size: 1073741824
Narrow klass base: 0x000002a9c5000000, Narrow klass shift: 0, Narrow klass range: 0x100000000

GC Precious Log:
 CPUs: 12 total, 12 available
 Memory: 7835M
 Large Page Support: Disabled
 NUMA Support: Disabled
 Compressed Oops: Enabled (32-bit)
 Heap Region Size: 1M
 Heap Min Capacity: 8M
 Heap Initial Capacity: 124M
 Heap Max Capacity: 1960M
 Pre-touch: Disabled
 Parallel Workers: 10
 Concurrent Workers: 3
 Concurrent Refinement Workers: 10
 Periodic GC: Disabled

Heap:
 garbage-first heap   total 128000K, used 38769K [0x0000000085800000, 0x0000000100000000)
  region size 1024K, 4 young (4096K), 4 survivors (4096K)
 Metaspace       used 44791K, committed 45120K, reserved 1114112K
  class space    used 5300K, committed 5440K, reserved 1048576K

Heap Regions: E=young(eden), S=young(survivor), O=old, HS=humongous(starts), HC=humongous(continues), CS=collection set, F=free, OA=open archive, CA=closed archive, TAMS=top-at-mark-start (previous, next)
|   0|0x0000000085800000, 0x0000000085900000, 0x0000000085900000|100%|HS|  |TAMS 0x0000000085900000, 0x0000000085800000| Complete 
|   1|0x0000000085900000, 0x0000000085a00000, 0x0000000085a00000|100%|HC|  |TAMS 0x0000000085a00000, 0x0000000085900000| Complete 
|   2|0x0000000085a00000, 0x0000000085b00000, 0x0000000085b00000|100%|HC|  |TAMS 0x0000000085b00000, 0x0000000085a00000| Complete 
|   3|0x0000000085b00000, 0x0000000085c00000, 0x0000000085c00000|100%|HS|  |TAMS 0x0000000085c00000, 0x0000000085b00000| Complete 
|   4|0x0000000085c00000, 0x0000000085d00000, 0x0000000085d00000|100%| O|  |TAMS 0x0000000085d00000, 0x0000000085c00000| Untracked 
|   5|0x0000000085d00000, 0x0000000085df9600, 0x0000000085e00000| 97%| O|  |TAMS 0x0000000085df9600, 0x0000000085d00000| Untracked 
|   6|0x0000000085e00000, 0x0000000085f00000, 0x0000000085f00000|100%| O|  |TAMS 0x0000000085f00000, 0x0000000085e00000| Untracked 
|   7|0x0000000085f00000, 0x0000000086000000, 0x0000000086000000|100%| O|  |TAMS 0x0000000086000000, 0x0000000085f00000| Untracked 
|   8|0x0000000086000000, 0x0000000086100000, 0x0000000086100000|100%| O|  |TAMS 0x0000000086000000, 0x0000000086000000| Untracked 
|   9|0x0000000086100000, 0x0000000086200000, 0x0000000086200000|100%| O|  |TAMS 0x0000000086100000, 0x0000000086100000| Untracked 
|  10|0x0000000086200000, 0x0000000086300000, 0x0000000086300000|100%| O|  |TAMS 0x0000000086200000, 0x0000000086200000| Untracked 
|  11|0x0000000086300000, 0x0000000086400000, 0x0000000086400000|100%| O|  |TAMS 0x0000000086300000, 0x0000000086300000| Untracked 
|  12|0x0000000086400000, 0x0000000086500000, 0x0000000086500000|100%| O|  |TAMS 0x0000000086500000, 0x0000000086400000| Untracked 
|  13|0x0000000086500000, 0x0000000086600000, 0x0000000086600000|100%| O|  |TAMS 0x0000000086600000, 0x0000000086500000| Untracked 
|  14|0x0000000086600000, 0x0000000086700000, 0x0000000086700000|100%| O|  |TAMS 0x0000000086700000, 0x0000000086600000| Untracked 
|  15|0x0000000086700000, 0x0000000086800000, 0x0000000086800000|100%| O|  |TAMS 0x0000000086700000, 0x0000000086700000| Untracked 
|  16|0x0000000086800000, 0x0000000086900000, 0x0000000086900000|100%| O|  |TAMS 0x0000000086800000, 0x0000000086800000| Untracked 
|  17|0x0000000086900000, 0x0000000086a00000, 0x0000000086a00000|100%| O|  |TAMS 0x0000000086900000, 0x0000000086900000| Untracked 
|  18|0x0000000086a00000, 0x0000000086b00000, 0x0000000086b00000|100%| O|  |TAMS 0x0000000086a00000, 0x0000000086a00000| Untracked 
|  19|0x0000000086b00000, 0x0000000086c00000, 0x0000000086c00000|100%| O|  |TAMS 0x0000000086b00000, 0x0000000086b00000| Untracked 
|  20|0x0000000086c00000, 0x0000000086d00000, 0x0000000086d00000|100%| O|  |TAMS 0x0000000086c00000, 0x0000000086c00000| Untracked 
|  21|0x0000000086d00000, 0x0000000086e00000, 0x0000000086e00000|100%| O|  |TAMS 0x0000000086d00000, 0x0000000086d00000| Untracked 
|  22|0x0000000086e00000, 0x0000000086f00000, 0x0000000086f00000|100%| O|  |TAMS 0x0000000086e00000, 0x0000000086e00000| Untracked 
|  23|0x0000000086f00000, 0x0000000087000000, 0x0000000087000000|100%| O|  |TAMS 0x0000000086f00000, 0x0000000086f00000| Untracked 
|  24|0x0000000087000000, 0x0000000087100000, 0x0000000087100000|100%| O|  |TAMS 0x0000000087000000, 0x0000000087000000| Untracked 
|  25|0x0000000087100000, 0x0000000087200000, 0x0000000087200000|100%| O|  |TAMS 0x0000000087100000, 0x0000000087100000| Untracked 
|  26|0x0000000087200000, 0x0000000087300000, 0x0000000087300000|100%| O|  |TAMS 0x0000000087200000, 0x0000000087200000| Untracked 
|  27|0x0000000087300000, 0x0000000087400000, 0x0000000087400000|100%| O|  |TAMS 0x0000000087300000, 0x0000000087300000| Untracked 
|  28|0x0000000087400000, 0x0000000087500000, 0x0000000087500000|100%| O|  |TAMS 0x0000000087400000, 0x0000000087400000| Untracked 
|  29|0x0000000087500000, 0x0000000087600000, 0x0000000087600000|100%| O|  |TAMS 0x0000000087500000, 0x0000000087500000| Untracked 
|  30|0x0000000087600000, 0x0000000087700000, 0x0000000087700000|100%| O|  |TAMS 0x0000000087600000, 0x0000000087600000| Untracked 
|  31|0x0000000087700000, 0x0000000087800000, 0x0000000087800000|100%| O|  |TAMS 0x0000000087700000, 0x0000000087700000| Untracked 
|  32|0x0000000087800000, 0x0000000087900000, 0x0000000087900000|100%| O|  |TAMS 0x0000000087800000, 0x0000000087800000| Untracked 
|  33|0x0000000087900000, 0x0000000087939800, 0x0000000087a00000| 22%| O|  |TAMS 0x0000000087900000, 0x0000000087900000| Untracked 
|  34|0x0000000087a00000, 0x0000000087a00000, 0x0000000087b00000|  0%| F|  |TAMS 0x0000000087a00000, 0x0000000087a00000| Untracked 
|  35|0x0000000087b00000, 0x0000000087b00000, 0x0000000087c00000|  0%| F|  |TAMS 0x0000000087b00000, 0x0000000087b00000| Untracked 
|  36|0x0000000087c00000, 0x0000000087c00000, 0x0000000087d00000|  0%| F|  |TAMS 0x0000000087c00000, 0x0000000087c00000| Untracked 
|  37|0x0000000087d00000, 0x0000000087d00000, 0x0000000087e00000|  0%| F|  |TAMS 0x0000000087d00000, 0x0000000087d00000| Untracked 
|  38|0x0000000087e00000, 0x0000000087e00000, 0x0000000087f00000|  0%| F|  |TAMS 0x0000000087e00000, 0x0000000087e00000| Untracked 
|  39|0x0000000087f00000, 0x0000000087f00000, 0x0000000088000000|  0%| F|  |TAMS 0x0000000087f00000, 0x0000000087f00000| Untracked 
|  40|0x0000000088000000, 0x0000000088000000, 0x0000000088100000|  0%| F|  |TAMS 0x0000000088000000, 0x0000000088000000| Untracked 
|  41|0x0000000088100000, 0x0000000088100000, 0x0000000088200000|  0%| F|  |TAMS 0x0000000088100000, 0x0000000088100000| Untracked 
|  42|0x0000000088200000, 0x0000000088200000, 0x0000000088300000|  0%| F|  |TAMS 0x0000000088200000, 0x0000000088200000| Untracked 
|  43|0x0000000088300000, 0x0000000088300000, 0x0000000088400000|  0%| F|  |TAMS 0x0000000088300000, 0x0000000088300000| Untracked 
|  44|0x0000000088400000, 0x0000000088400000, 0x0000000088500000|  0%| F|  |TAMS 0x0000000088400000, 0x0000000088400000| Untracked 
|  45|0x0000000088500000, 0x0000000088500000, 0x0000000088600000|  0%| F|  |TAMS 0x0000000088500000, 0x0000000088500000| Untracked 
|  46|0x0000000088600000, 0x0000000088600000, 0x0000000088700000|  0%| F|  |TAMS 0x0000000088600000, 0x0000000088600000| Untracked 
|  47|0x0000000088700000, 0x0000000088700000, 0x0000000088800000|  0%| F|  |TAMS 0x0000000088700000, 0x0000000088700000| Untracked 
|  48|0x0000000088800000, 0x0000000088800000, 0x0000000088900000|  0%| F|  |TAMS 0x0000000088800000, 0x0000000088800000| Untracked 
|  49|0x0000000088900000, 0x0000000088900000, 0x0000000088a00000|  0%| F|  |TAMS 0x0000000088900000, 0x0000000088900000| Untracked 
|  50|0x0000000088a00000, 0x0000000088aa9670, 0x0000000088b00000| 66%| S|CS|TAMS 0x0000000088a00000, 0x0000000088a00000| Complete 
|  51|0x0000000088b00000, 0x0000000088c00000, 0x0000000088c00000|100%| S|CS|TAMS 0x0000000088b00000, 0x0000000088b00000| Complete 
|  52|0x0000000088c00000, 0x0000000088d00000, 0x0000000088d00000|100%| S|CS|TAMS 0x0000000088c00000, 0x0000000088c00000| Complete 
|  53|0x0000000088d00000, 0x0000000088e00000, 0x0000000088e00000|100%| S|CS|TAMS 0x0000000088d00000, 0x0000000088d00000| Complete 
|  54|0x0000000088e00000, 0x0000000088e00000, 0x0000000088f00000|  0%| F|  |TAMS 0x0000000088e00000, 0x0000000088e00000| Untracked 
|  55|0x0000000088f00000, 0x0000000088f00000, 0x0000000089000000|  0%| F|  |TAMS 0x0000000088f00000, 0x0000000088f00000| Untracked 
|  56|0x0000000089000000, 0x0000000089000000, 0x0000000089100000|  0%| F|  |TAMS 0x0000000089000000, 0x0000000089000000| Untracked 
|  57|0x0000000089100000, 0x0000000089100000, 0x0000000089200000|  0%| F|  |TAMS 0x0000000089100000, 0x0000000089100000| Untracked 
|  58|0x0000000089200000, 0x0000000089200000, 0x0000000089300000|  0%| F|  |TAMS 0x0000000089200000, 0x0000000089200000| Untracked 
|  59|0x0000000089300000, 0x0000000089300000, 0x0000000089400000|  0%| F|  |TAMS 0x0000000089300000, 0x0000000089300000| Untracked 
|  60|0x0000000089400000, 0x0000000089400000, 0x0000000089500000|  0%| F|  |TAMS 0x0000000089400000, 0x0000000089400000| Untracked 
|  61|0x0000000089500000, 0x0000000089500000, 0x0000000089600000|  0%| F|  |TAMS 0x0000000089500000, 0x0000000089500000| Untracked 
|  62|0x0000000089600000, 0x0000000089600000, 0x0000000089700000|  0%| F|  |TAMS 0x0000000089600000, 0x0000000089600000| Untracked 
|  63|0x0000000089700000, 0x0000000089700000, 0x0000000089800000|  0%| F|  |TAMS 0x0000000089700000, 0x0000000089700000| Untracked 
|  64|0x0000000089800000, 0x0000000089800000, 0x0000000089900000|  0%| F|  |TAMS 0x0000000089800000, 0x0000000089800000| Untracked 
|  65|0x0000000089900000, 0x0000000089900000, 0x0000000089a00000|  0%| F|  |TAMS 0x0000000089900000, 0x0000000089900000| Untracked 
|  66|0x0000000089a00000, 0x0000000089a00000, 0x0000000089b00000|  0%| F|  |TAMS 0x0000000089a00000, 0x0000000089a00000| Untracked 
|  67|0x0000000089b00000, 0x0000000089b00000, 0x0000000089c00000|  0%| F|  |TAMS 0x0000000089b00000, 0x0000000089b00000| Untracked 
|  68|0x0000000089c00000, 0x0000000089c00000, 0x0000000089d00000|  0%| F|  |TAMS 0x0000000089c00000, 0x0000000089c00000| Untracked 
|  69|0x0000000089d00000, 0x0000000089d00000, 0x0000000089e00000|  0%| F|  |TAMS 0x0000000089d00000, 0x0000000089d00000| Untracked 
|  70|0x0000000089e00000, 0x0000000089e00000, 0x0000000089f00000|  0%| F|  |TAMS 0x0000000089e00000, 0x0000000089e00000| Untracked 
|  71|0x0000000089f00000, 0x0000000089f00000, 0x000000008a000000|  0%| F|  |TAMS 0x0000000089f00000, 0x0000000089f00000| Untracked 
|  72|0x000000008a000000, 0x000000008a000000, 0x000000008a100000|  0%| F|  |TAMS 0x000000008a000000, 0x000000008a000000| Untracked 
|  73|0x000000008a100000, 0x000000008a100000, 0x000000008a200000|  0%| F|  |TAMS 0x000000008a100000, 0x000000008a100000| Untracked 
|  74|0x000000008a200000, 0x000000008a200000, 0x000000008a300000|  0%| F|  |TAMS 0x000000008a200000, 0x000000008a200000| Untracked 
|  75|0x000000008a300000, 0x000000008a300000, 0x000000008a400000|  0%| F|  |TAMS 0x000000008a300000, 0x000000008a300000| Untracked 
|  76|0x000000008a400000, 0x000000008a400000, 0x000000008a500000|  0%| F|  |TAMS 0x000000008a400000, 0x000000008a400000| Untracked 
|  77|0x000000008a500000, 0x000000008a500000, 0x000000008a600000|  0%| F|  |TAMS 0x000000008a500000, 0x000000008a500000| Untracked 
|  78|0x000000008a600000, 0x000000008a600000, 0x000000008a700000|  0%| F|  |TAMS 0x000000008a600000, 0x000000008a600000| Untracked 
|  79|0x000000008a700000, 0x000000008a700000, 0x000000008a800000|  0%| F|  |TAMS 0x000000008a700000, 0x000000008a700000| Untracked 
|  80|0x000000008a800000, 0x000000008a800000, 0x000000008a900000|  0%| F|  |TAMS 0x000000008a800000, 0x000000008a800000| Untracked 
|  81|0x000000008a900000, 0x000000008a900000, 0x000000008aa00000|  0%| F|  |TAMS 0x000000008a900000, 0x000000008a900000| Untracked 
|  82|0x000000008aa00000, 0x000000008aa00000, 0x000000008ab00000|  0%| F|  |TAMS 0x000000008aa00000, 0x000000008aa00000| Untracked 
|  83|0x000000008ab00000, 0x000000008ab00000, 0x000000008ac00000|  0%| F|  |TAMS 0x000000008ab00000, 0x000000008ab00000| Untracked 
|  84|0x000000008ac00000, 0x000000008ac00000, 0x000000008ad00000|  0%| F|  |TAMS 0x000000008ac00000, 0x000000008ac00000| Untracked 
|  85|0x000000008ad00000, 0x000000008ad00000, 0x000000008ae00000|  0%| F|  |TAMS 0x000000008ad00000, 0x000000008ad00000| Untracked 
|  86|0x000000008ae00000, 0x000000008ae00000, 0x000000008af00000|  0%| F|  |TAMS 0x000000008ae00000, 0x000000008ae00000| Untracked 
|  87|0x000000008af00000, 0x000000008af00000, 0x000000008b000000|  0%| F|  |TAMS 0x000000008af00000, 0x000000008af00000| Untracked 
|  88|0x000000008b000000, 0x000000008b000000, 0x000000008b100000|  0%| F|  |TAMS 0x000000008b000000, 0x000000008b000000| Untracked 
|  89|0x000000008b100000, 0x000000008b100000, 0x000000008b200000|  0%| F|  |TAMS 0x000000008b100000, 0x000000008b100000| Untracked 
|  90|0x000000008b200000, 0x000000008b200000, 0x000000008b300000|  0%| F|  |TAMS 0x000000008b200000, 0x000000008b200000| Untracked 
|  91|0x000000008b300000, 0x000000008b300000, 0x000000008b400000|  0%| F|  |TAMS 0x000000008b300000, 0x000000008b300000| Untracked 
|  92|0x000000008b400000, 0x000000008b400000, 0x000000008b500000|  0%| F|  |TAMS 0x000000008b400000, 0x000000008b400000| Untracked 
|  93|0x000000008b500000, 0x000000008b500000, 0x000000008b600000|  0%| F|  |TAMS 0x000000008b500000, 0x000000008b500000| Untracked 
|  94|0x000000008b600000, 0x000000008b600000, 0x000000008b700000|  0%| F|  |TAMS 0x000000008b600000, 0x000000008b600000| Untracked 
|  95|0x000000008b700000, 0x000000008b700000, 0x000000008b800000|  0%| F|  |TAMS 0x000000008b700000, 0x000000008b700000| Untracked 
|  96|0x000000008b800000, 0x000000008b800000, 0x000000008b900000|  0%| F|  |TAMS 0x000000008b800000, 0x000000008b800000| Untracked 
|  97|0x000000008b900000, 0x000000008b900000, 0x000000008ba00000|  0%| F|  |TAMS 0x000000008b900000, 0x000000008b900000| Untracked 
|  98|0x000000008ba00000, 0x000000008ba00000, 0x000000008bb00000|  0%| F|  |TAMS 0x000000008ba00000, 0x000000008ba00000| Untracked 
|  99|0x000000008bb00000, 0x000000008bb00000, 0x000000008bc00000|  0%| F|  |TAMS 0x000000008bb00000, 0x000000008bb00000| Untracked 
| 100|0x000000008bc00000, 0x000000008bc00000, 0x000000008bd00000|  0%| F|  |TAMS 0x000000008bc00000, 0x000000008bc00000| Untracked 
| 101|0x000000008bd00000, 0x000000008bd00000, 0x000000008be00000|  0%| F|  |TAMS 0x000000008bd00000, 0x000000008bd00000| Untracked 
| 102|0x000000008be00000, 0x000000008be00000, 0x000000008bf00000|  0%| F|  |TAMS 0x000000008be00000, 0x000000008be00000| Untracked 
| 103|0x000000008bf00000, 0x000000008bf00000, 0x000000008c000000|  0%| F|  |TAMS 0x000000008bf00000, 0x000000008bf00000| Untracked 
| 104|0x000000008c000000, 0x000000008c000000, 0x000000008c100000|  0%| F|  |TAMS 0x000000008c000000, 0x000000008c000000| Untracked 
| 105|0x000000008c100000, 0x000000008c100000, 0x000000008c200000|  0%| F|  |TAMS 0x000000008c100000, 0x000000008c100000| Untracked 
| 106|0x000000008c200000, 0x000000008c200000, 0x000000008c300000|  0%| F|  |TAMS 0x000000008c200000, 0x000000008c200000| Untracked 
| 107|0x000000008c300000, 0x000000008c300000, 0x000000008c400000|  0%| F|  |TAMS 0x000000008c300000, 0x000000008c300000| Untracked 
| 108|0x000000008c400000, 0x000000008c400000, 0x000000008c500000|  0%| F|  |TAMS 0x000000008c400000, 0x000000008c400000| Untracked 
| 109|0x000000008c500000, 0x000000008c500000, 0x000000008c600000|  0%| F|  |TAMS 0x000000008c500000, 0x000000008c500000| Untracked 
| 110|0x000000008c600000, 0x000000008c600000, 0x000000008c700000|  0%| F|  |TAMS 0x000000008c600000, 0x000000008c600000| Untracked 
| 111|0x000000008c700000, 0x000000008c700000, 0x000000008c800000|  0%| F|  |TAMS 0x000000008c700000, 0x000000008c700000| Untracked 
| 112|0x000000008c800000, 0x000000008c800000, 0x000000008c900000|  0%| F|  |TAMS 0x000000008c800000, 0x000000008c800000| Untracked 
| 113|0x000000008c900000, 0x000000008c900000, 0x000000008ca00000|  0%| F|  |TAMS 0x000000008c900000, 0x000000008c900000| Untracked 
| 114|0x000000008ca00000, 0x000000008ca00000, 0x000000008cb00000|  0%| F|  |TAMS 0x000000008ca00000, 0x000000008ca00000| Untracked 
| 115|0x000000008cb00000, 0x000000008cb00000, 0x000000008cc00000|  0%| F|  |TAMS 0x000000008cb00000, 0x000000008cb00000| Untracked 
| 116|0x000000008cc00000, 0x000000008cc00000, 0x000000008cd00000|  0%| F|  |TAMS 0x000000008cc00000, 0x000000008cc00000| Untracked 
| 117|0x000000008cd00000, 0x000000008cd00000, 0x000000008ce00000|  0%| F|  |TAMS 0x000000008cd00000, 0x000000008cd00000| Untracked 
| 118|0x000000008ce00000, 0x000000008ce00000, 0x000000008cf00000|  0%| F|  |TAMS 0x000000008ce00000, 0x000000008ce00000| Untracked 
| 119|0x000000008cf00000, 0x000000008cf00000, 0x000000008d000000|  0%| F|  |TAMS 0x000000008cf00000, 0x000000008cf00000| Untracked 
| 120|0x000000008d000000, 0x000000008d000000, 0x000000008d100000|  0%| F|  |TAMS 0x000000008d000000, 0x000000008d000000| Untracked 
| 121|0x000000008d100000, 0x000000008d100000, 0x000000008d200000|  0%| F|  |TAMS 0x000000008d100000, 0x000000008d100000| Untracked 
| 122|0x000000008d200000, 0x000000008d200000, 0x000000008d300000|  0%| F|  |TAMS 0x000000008d200000, 0x000000008d200000| Untracked 
| 123|0x000000008d300000, 0x000000008d300000, 0x000000008d400000|  0%| F|  |TAMS 0x000000008d300000, 0x000000008d300000| Untracked 
|1959|0x00000000fff00000, 0x0000000100000000, 0x0000000100000000|100%| O|  |TAMS 0x0000000100000000, 0x00000000fff00000| Untracked 

Card table byte_map: [0x000002a9bd690000,0x000002a9bda70000] _byte_map_base: 0x000002a9bd264000

Marking Bits (Prev, Next): (CMBitMap*) 0x000002a9a4223da0, (CMBitMap*) 0x000002a9a4223de0
 Prev Bits: [0x000002a9bde50000, 0x000002a9bfcf0000)
 Next Bits: [0x000002a9bfcf0000, 0x000002a9c1b90000)

Polling page: 0x000002a9a4290000

Metaspace:

Usage:
  Non-class:     38.57 MB used.
      Class:      5.18 MB used.
       Both:     43.74 MB used.

Virtual space:
  Non-class space:       64.00 MB reserved,      38.75 MB ( 61%) committed,  1 nodes.
      Class space:        1.00 GB reserved,       5.31 MB ( <1%) committed,  1 nodes.
             Both:        1.06 GB reserved,      44.06 MB (  4%) committed. 

Chunk freelists:
   Non-Class:  8.03 MB
       Class:  10.73 MB
        Both:  18.77 MB

MaxMetaspaceSize: unlimited
CompressedClassSpaceSize: 1.00 GB
Initial GC threshold: 21.00 MB
Current GC threshold: 59.00 MB
CDS: on
MetaspaceReclaimPolicy: balanced
 - commit_granule_bytes: 65536.
 - commit_granule_words: 8192.
 - virtual_space_node_default_size: 8388608.
 - enlarge_chunks_in_place: 1.
 - new_chunks_are_fully_committed: 0.
 - uncommit_free_chunks: 1.
 - use_allocation_guard: 0.
 - handle_deallocations: 1.


Internal statistics:

num_allocs_failed_limit: 6.
num_arena_births: 252.
num_arena_deaths: 0.
num_vsnodes_births: 2.
num_vsnodes_deaths: 0.
num_space_committed: 705.
num_space_uncommitted: 0.
num_chunks_returned_to_freelist: 6.
num_chunks_taken_from_freelist: 1832.
num_chunk_merges: 6.
num_chunk_splits: 1462.
num_chunks_enlarged: 1306.
num_inconsistent_stats: 0.

CodeHeap 'non-profiled nmethods': size=120000Kb used=2480Kb max_used=2480Kb free=117519Kb
 bounds [0x000002a9b5100000, 0x000002a9b5370000, 0x000002a9bc630000]
CodeHeap 'profiled nmethods': size=120000Kb used=10672Kb max_used=10672Kb free=109327Kb
 bounds [0x000002a9ad630000, 0x000002a9ae0a0000, 0x000002a9b4b60000]
CodeHeap 'non-nmethods': size=5760Kb used=1334Kb max_used=1370Kb free=4425Kb
 bounds [0x000002a9b4b60000, 0x000002a9b4dd0000, 0x000002a9b5100000]
 total_blobs=5446 nmethods=4791 adapters=566
 compilation: enabled
              stopped_count=0, restarted_count=0
 full_count=0

Compilation events (20 events):
Event: 8.331 Thread 0x000002a9c487d440 4790       1       org.jetbrains.kotlin.fir.declarations.impl.FirPropertyAccessorImpl::getStatus (5 bytes)
Event: 8.331 Thread 0x000002a9c487d440 nmethod 4790 0x000002a9b536b310 code [0x000002a9b536b4a0, 0x000002a9b536b578]
Event: 8.333 Thread 0x000002a9c487d440 4791       1       org.jetbrains.kotlin.fir.expressions.impl.FirPropertyAccessExpressionImpl::getDispatchReceiver (5 bytes)
Event: 8.333 Thread 0x000002a9c487d440 nmethod 4791 0x000002a9b536b610 code [0x000002a9b536b7a0, 0x000002a9b536b878]
Event: 8.333 Thread 0x000002a9c487d440 4792       1       org.jetbrains.kotlin.fir.declarations.impl.FirDefaultPropertyAccessor::getBody (2 bytes)
Event: 8.333 Thread 0x000002a9c487d440 nmethod 4792 0x000002a9b536b910 code [0x000002a9b536baa0, 0x000002a9b536bb78]
Event: 8.343 Thread 0x000002a9c487d440 4793       3       org.jetbrains.kotlin.kotlinx.collections.immutable.implementations.persistentOrderedMap.LinkedValue::withNext (17 bytes)
Event: 8.343 Thread 0x000002a9c487d440 nmethod 4793 0x000002a9ae09a090 code [0x000002a9ae09a240, 0x000002a9ae09a578]
Event: 8.343 Thread 0x000002a9c487d440 4794       3       org.jetbrains.kotlin.kotlinx.collections.immutable.implementations.persistentOrderedMap.LinkedValue::<init> (10 bytes)
Event: 8.343 Thread 0x000002a9c487d440 nmethod 4794 0x000002a9ae09a690 code [0x000002a9ae09a840, 0x000002a9ae09ab38]
Event: 8.344 Thread 0x000002a9c487d440 4795       3       org.jetbrains.kotlin.kotlinx.collections.immutable.implementations.persistentOrderedMap.PersistentOrderedMapLinksIterator::<init> (21 bytes)
Event: 8.344 Thread 0x000002a9c487d440 nmethod 4795 0x000002a9ae09ac10 code [0x000002a9ae09ae20, 0x000002a9ae09b4d8]
Event: 8.344 Thread 0x000002a9c487d440 4796       3       org.jetbrains.kotlin.kotlinx.collections.immutable.implementations.persistentOrderedMap.PersistentOrderedMap::getSize (8 bytes)
Event: 8.344 Thread 0x000002a9c487d440 nmethod 4796 0x000002a9ae09b790 code [0x000002a9ae09b920, 0x000002a9ae09bab8]
Event: 8.346 Thread 0x000002a9c487d440 4797       1       org.jetbrains.kotlin.fir.declarations.impl.FirSimpleFunctionImpl::getControlFlowGraphReference (5 bytes)
Event: 8.346 Thread 0x000002a9c487d440 nmethod 4797 0x000002a9b536bc10 code [0x000002a9b536bda0, 0x000002a9b536be78]
Event: 8.373 Thread 0x000002aa12e197a0 4798       4       jdk.internal.org.objectweb.asm.ByteVector::putInt (74 bytes)
Event: 8.375 Thread 0x000002aa12e197a0 nmethod 4798 0x000002a9b536bf10 code [0x000002a9b536c080, 0x000002a9b536c1d8]
Event: 8.394 Thread 0x000002a9c487d440 4799       3       org.jetbrains.kotlin.com.intellij.psi.tree.TokenSet::<init> (49 bytes)
Event: 8.394 Thread 0x000002a9c487d440 nmethod 4799 0x000002a9ae09bb90 code [0x000002a9ae09bd40, 0x000002a9ae09c078]

GC Heap History (20 events):
Event: 4.200 GC heap after
{Heap after GC invocations=2 (full 0):
 garbage-first heap   total 126976K, used 9035K [0x0000000085800000, 0x0000000100000000)
  region size 1024K, 3 young (3072K), 3 survivors (3072K)
 Metaspace       used 15430K, committed 15680K, reserved 1114112K
  class space    used 1675K, committed 1792K, reserved 1048576K
}
Event: 4.516 GC heap before
{Heap before GC invocations=2 (full 0):
 garbage-first heap   total 126976K, used 27467K [0x0000000085800000, 0x0000000100000000)
  region size 1024K, 22 young (22528K), 3 survivors (3072K)
 Metaspace       used 21288K, committed 21504K, reserved 1114112K
  class space    used 2715K, committed 2816K, reserved 1048576K
}
Event: 4.520 GC heap after
{Heap after GC invocations=3 (full 0):
 garbage-first heap   total 126976K, used 9680K [0x0000000085800000, 0x0000000100000000)
  region size 1024K, 4 young (4096K), 4 survivors (4096K)
 Metaspace       used 21288K, committed 21504K, reserved 1114112K
  class space    used 2715K, committed 2816K, reserved 1048576K
}
Event: 4.832 GC heap before
{Heap before GC invocations=4 (full 0):
 garbage-first heap   total 37888K, used 31184K [0x0000000085800000, 0x0000000100000000)
  region size 1024K, 25 young (25600K), 4 survivors (4096K)
 Metaspace       used 24972K, committed 25216K, reserved 1114112K
  class space    used 3229K, committed 3328K, reserved 1048576K
}
Event: 4.840 GC heap after
{Heap after GC invocations=5 (full 0):
 garbage-first heap   total 38912K, used 11984K [0x0000000085800000, 0x0000000100000000)
  region size 1024K, 4 young (4096K), 4 survivors (4096K)
 Metaspace       used 24972K, committed 25216K, reserved 1114112K
  class space    used 3229K, committed 3328K, reserved 1048576K
}
Event: 4.849 GC heap before
{Heap before GC invocations=5 (full 0):
 garbage-first heap   total 38912K, used 11984K [0x0000000085800000, 0x0000000100000000)
  region size 1024K, 5 young (5120K), 4 survivors (4096K)
 Metaspace       used 25168K, committed 25472K, reserved 1114112K
  class space    used 3246K, committed 3392K, reserved 1048576K
}
Event: 4.855 GC heap after
{Heap after GC invocations=6 (full 0):
 garbage-first heap   total 38912K, used 12450K [0x0000000085800000, 0x0000000100000000)
  region size 1024K, 1 young (1024K), 1 survivors (1024K)
 Metaspace       used 25168K, committed 25472K, reserved 1114112K
  class space    used 3246K, committed 3392K, reserved 1048576K
}
Event: 5.154 GC heap before
{Heap before GC invocations=6 (full 0):
 garbage-first heap   total 38912K, used 27810K [0x0000000085800000, 0x0000000100000000)
  region size 1024K, 17 young (17408K), 1 survivors (1024K)
 Metaspace       used 29187K, committed 29376K, reserved 1114112K
  class space    used 3629K, committed 3712K, reserved 1048576K
}
Event: 5.159 GC heap after
{Heap after GC invocations=7 (full 0):
 garbage-first heap   total 38912K, used 12646K [0x0000000085800000, 0x0000000100000000)
  region size 1024K, 1 young (1024K), 1 survivors (1024K)
 Metaspace       used 29187K, committed 29376K, reserved 1114112K
  class space    used 3629K, committed 3712K, reserved 1048576K
}
Event: 5.709 GC heap before
{Heap before GC invocations=7 (full 0):
 garbage-first heap   total 38912K, used 28006K [0x0000000085800000, 0x0000000100000000)
  region size 1024K, 17 young (17408K), 1 survivors (1024K)
 Metaspace       used 32867K, committed 33152K, reserved 1114112K
  class space    used 4036K, committed 4160K, reserved 1048576K
}
Event: 5.713 GC heap after
{Heap after GC invocations=8 (full 0):
 garbage-first heap   total 77824K, used 13707K [0x0000000085800000, 0x0000000100000000)
  region size 1024K, 2 young (2048K), 2 survivors (2048K)
 Metaspace       used 32867K, committed 33152K, reserved 1114112K
  class space    used 4036K, committed 4160K, reserved 1048576K
}
Event: 6.360 GC heap before
{Heap before GC invocations=8 (full 0):
 garbage-first heap   total 77824K, used 47499K [0x0000000085800000, 0x0000000100000000)
  region size 1024K, 36 young (36864K), 2 survivors (2048K)
 Metaspace       used 35838K, committed 36096K, reserved 1114112K
  class space    used 4340K, committed 4416K, reserved 1048576K
}
Event: 6.380 GC heap after
{Heap after GC invocations=9 (full 0):
 garbage-first heap   total 77824K, used 23140K [0x0000000085800000, 0x0000000100000000)
  region size 1024K, 6 young (6144K), 6 survivors (6144K)
 Metaspace       used 35838K, committed 36096K, reserved 1114112K
  class space    used 4340K, committed 4416K, reserved 1048576K
}
Event: 7.110 GC heap before
{Heap before GC invocations=10 (full 0):
 garbage-first heap   total 77824K, used 55908K [0x0000000085800000, 0x0000000100000000)
  region size 1024K, 38 young (38912K), 6 survivors (6144K)
 Metaspace       used 40301K, committed 40576K, reserved 1114112K
  class space    used 4826K, committed 4928K, reserved 1048576K
}
Event: 7.128 GC heap after
{Heap after GC invocations=11 (full 0):
 garbage-first heap   total 77824K, used 28645K [0x0000000085800000, 0x0000000100000000)
  region size 1024K, 5 young (5120K), 5 survivors (5120K)
 Metaspace       used 40301K, committed 40576K, reserved 1114112K
  class space    used 4826K, committed 4928K, reserved 1048576K
}
Event: 7.163 GC heap before
{Heap before GC invocations=11 (full 0):
 garbage-first heap   total 77824K, used 28645K [0x0000000085800000, 0x0000000100000000)
  region size 1024K, 6 young (6144K), 5 survivors (5120K)
 Metaspace       used 40482K, committed 40704K, reserved 1114112K
  class space    used 4850K, committed 4928K, reserved 1048576K
}
Event: 7.176 GC heap after
{Heap after GC invocations=12 (full 0):
 garbage-first heap   total 77824K, used 29598K [0x0000000085800000, 0x0000000100000000)
  region size 1024K, 1 young (1024K), 1 survivors (1024K)
 Metaspace       used 40482K, committed 40704K, reserved 1114112K
  class space    used 4850K, committed 4928K, reserved 1048576K
}
Event: 7.754 GC heap before
{Heap before GC invocations=12 (full 0):
 garbage-first heap   total 77824K, used 56222K [0x0000000085800000, 0x0000000100000000)
  region size 1024K, 27 young (27648K), 1 survivors (1024K)
 Metaspace       used 42139K, committed 42432K, reserved 1114112K
  class space    used 5040K, committed 5184K, reserved 1048576K
}
Event: 7.768 GC heap after
{Heap after GC invocations=13 (full 0):
 garbage-first heap   total 77824K, used 34789K [0x0000000085800000, 0x0000000100000000)
  region size 1024K, 4 young (4096K), 4 survivors (4096K)
 Metaspace       used 42139K, committed 42432K, reserved 1114112K
  class space    used 5040K, committed 5184K, reserved 1048576K
}
Event: 8.401 GC heap before
{Heap before GC invocations=13 (full 0):
 garbage-first heap   total 77824K, used 55269K [0x0000000085800000, 0x0000000100000000)
  region size 1024K, 25 young (25600K), 4 survivors (4096K)
 Metaspace       used 44791K, committed 45120K, reserved 1114112K
  class space    used 5300K, committed 5440K, reserved 1048576K
}

Dll operation events (7 events):
Event: 0.008 Loaded shared library C:\Program Files\Microsoft\jdk-17.0.15.6-hotspot\bin\java.dll
Event: 0.034 Loaded shared library C:\Program Files\Microsoft\jdk-17.0.15.6-hotspot\bin\jsvml.dll
Event: 0.067 Loaded shared library C:\Program Files\Microsoft\jdk-17.0.15.6-hotspot\bin\net.dll
Event: 0.069 Loaded shared library C:\Program Files\Microsoft\jdk-17.0.15.6-hotspot\bin\nio.dll
Event: 0.093 Loaded shared library C:\Program Files\Microsoft\jdk-17.0.15.6-hotspot\bin\zip.dll
Event: 0.113 Loaded shared library C:\Program Files\Microsoft\jdk-17.0.15.6-hotspot\bin\jimage.dll
Event: 4.157 Loaded shared library C:\Program Files\Microsoft\jdk-17.0.15.6-hotspot\bin\verify.dll

Deoptimization events (20 events):
Event: 7.450 Thread 0x000002a9a41c7160 DEOPT PACKING pc=0x000002a9ad84183d sp=0x000000f44fff9c50
Event: 7.450 Thread 0x000002a9a41c7160 DEOPT UNPACKING pc=0x000002a9b4bb7143 sp=0x000000f44fff90e0 mode 0
Event: 7.534 Thread 0x000002a9a41c7160 Uncommon trap: trap_request=0xffffffbe fr.pc=0x000002a9b52dea60 relative=0x00000000000057a0
Event: 7.534 Thread 0x000002a9a41c7160 Uncommon trap: reason=profile_predicate action=maybe_recompile pc=0x000002a9b52dea60 method=org.jetbrains.org.objectweb.asm.ClassReader.readMethod(Lorg/jetbrains/org/objectweb/asm/ClassVisitor;Lorg/jetbrains/org/objectweb/asm/Context;I)I @ 725 c2
Event: 7.534 Thread 0x000002a9a41c7160 DEOPT PACKING pc=0x000002a9b52dea60 sp=0x000000f44fff5a10
Event: 7.534 Thread 0x000002a9a41c7160 DEOPT UNPACKING pc=0x000002a9b4bb69a3 sp=0x000000f44fff59c8 mode 2
Event: 7.663 Thread 0x000002a9a41c7160 DEOPT PACKING pc=0x000002a9adab04ac sp=0x000000f44fff5bb0
Event: 7.663 Thread 0x000002a9a41c7160 DEOPT UNPACKING pc=0x000002a9b4bb7143 sp=0x000000f44fff5070 mode 0
Event: 7.663 Thread 0x000002a9a41c7160 Uncommon trap: trap_request=0xffffff45 fr.pc=0x000002a9b52de390 relative=0x00000000000050d0
Event: 7.663 Thread 0x000002a9a41c7160 Uncommon trap: reason=unstable_if action=reinterpret pc=0x000002a9b52de390 method=org.jetbrains.org.objectweb.asm.ClassReader.readMethod(Lorg/jetbrains/org/objectweb/asm/ClassVisitor;Lorg/jetbrains/org/objectweb/asm/Context;I)I @ 906 c2
Event: 7.663 Thread 0x000002a9a41c7160 DEOPT PACKING pc=0x000002a9b52de390 sp=0x000000f44fff5b20
Event: 7.663 Thread 0x000002a9a41c7160 DEOPT UNPACKING pc=0x000002a9b4bb69a3 sp=0x000000f44fff5ad8 mode 2
Event: 7.708 Thread 0x000002a9a41c7160 Uncommon trap: trap_request=0xffffffcc fr.pc=0x000002a9b52ea780 relative=0x00000000000012e0
Event: 7.708 Thread 0x000002a9a41c7160 Uncommon trap: reason=intrinsic_or_type_checked_inlining action=make_not_entrant pc=0x000002a9b52ea780 method=java.util.ArrayList.toArray([Ljava/lang/Object;)[Ljava/lang/Object; @ 36 c2
Event: 7.708 Thread 0x000002a9a41c7160 DEOPT PACKING pc=0x000002a9b52ea780 sp=0x000000f44fff5780
Event: 7.708 Thread 0x000002a9a41c7160 DEOPT UNPACKING pc=0x000002a9b4bb69a3 sp=0x000000f44fff56c8 mode 2
Event: 8.182 Thread 0x000002a9a41c7160 Uncommon trap: trap_request=0xffffff45 fr.pc=0x000002a9b532fac4 relative=0x0000000000000184
Event: 8.182 Thread 0x000002a9a41c7160 Uncommon trap: reason=unstable_if action=reinterpret pc=0x000002a9b532fac4 method=org.jetbrains.kotlin.fir.types.ConeTypeUtilsKt.getConstructor(Lorg/jetbrains/kotlin/fir/types/ConeRigidType;)Lorg/jetbrains/kotlin/types/model/TypeConstructorMarker; @ 32 c2
Event: 8.182 Thread 0x000002a9a41c7160 DEOPT PACKING pc=0x000002a9b532fac4 sp=0x000000f44fff98f0
Event: 8.182 Thread 0x000002a9a41c7160 DEOPT UNPACKING pc=0x000002a9b4bb69a3 sp=0x000000f44fff9810 mode 2

Classes loaded (20 events):
Event: 5.822 Loading class java/lang/Override
Event: 5.822 Loading class java/lang/Override done
Event: 5.987 Loading class java/util/concurrent/atomic/AtomicIntegerArray
Event: 5.987 Loading class java/util/concurrent/atomic/AtomicIntegerArray done
Event: 5.987 Loading class java/util/concurrent/atomic/AtomicLongArray
Event: 5.987 Loading class java/util/concurrent/atomic/AtomicLongArray done
Event: 6.018 Loading class java/util/AbstractList$ListItr
Event: 6.018 Loading class java/util/AbstractList$ListItr done
Event: 6.299 Loading class java/text/StringCharacterIterator
Event: 6.299 Loading class java/text/CharacterIterator
Event: 6.300 Loading class java/text/CharacterIterator done
Event: 6.300 Loading class java/text/StringCharacterIterator done
Event: 7.079 Loading class java/util/AbstractList$RandomAccessSubList
Event: 7.079 Loading class java/util/AbstractList$SubList
Event: 7.080 Loading class java/util/AbstractList$SubList done
Event: 7.080 Loading class java/util/AbstractList$RandomAccessSubList done
Event: 7.091 Loading class java/util/AbstractList$SubList$1
Event: 7.091 Loading class java/util/AbstractList$SubList$1 done
Event: 7.937 Loading class java/lang/Byte$ByteCache
Event: 7.937 Loading class java/lang/Byte$ByteCache done

Classes unloaded (0 events):
No events

Classes redefined (0 events):
No events

Internal exceptions (20 events):
Event: 6.219 Thread 0x000002a9a41c7160 Implicit null exception at 0x000002a9b51a5558 to 0x000002a9b51a55ee
Event: 6.219 Thread 0x000002a9a41c7160 Implicit null exception at 0x000002a9b5191c90 to 0x000002a9b519205c
Event: 6.630 Thread 0x000002a9a41c7160 Exception <a 'java/lang/NoSuchMethodError'{0x000000008992ca78}: 'java.lang.Object java.lang.invoke.DirectMethodHandle$Holder.newInvokeSpecial(java.lang.Object, java.lang.Object, java.lang.Object, java.lang.Object, java.lang.Object, java.lang.Object)'> (0x000000008992ca78) 
thrown [s\src\hotspot\share\interpreter\linkResolver.cpp, line 759]
Event: 6.690 Thread 0x000002a9a41c7160 Exception <a 'java/lang/NoSuchMethodError'{0x0000000089636748}: 'java.lang.Object java.lang.invoke.DirectMethodHandle$Holder.invokeStaticInit(java.lang.Object, java.lang.Object, java.lang.Object, java.lang.Object)'> (0x0000000089636748) 
thrown [s\src\hotspot\share\interpreter\linkResolver.cpp, line 759]
Event: 6.922 Thread 0x000002a9a41c7160 Exception <a 'java/lang/NoSuchMethodError'{0x00000000888ac308}: 'java.lang.Object java.lang.invoke.DirectMethodHandle$Holder.newInvokeSpecial(java.lang.Object, java.lang.Object, java.lang.Object, int)'> (0x00000000888ac308) 
thrown [s\src\hotspot\share\interpreter\linkResolver.cpp, line 759]
Event: 6.922 Thread 0x000002a9a41c7160 Exception <a 'java/lang/NoSuchMethodError'{0x00000000888b0368}: 'java.lang.Object java.lang.invoke.DirectMethodHandle$Holder.invokeSpecial(java.lang.Object, java.lang.Object, java.lang.Object, java.lang.Object, int)'> (0x00000000888b0368) 
thrown [s\src\hotspot\share\interpreter\linkResolver.cpp, line 759]
Event: 6.923 Thread 0x000002a9a41c7160 Exception <a 'java/lang/NoSuchMethodError'{0x00000000888b3d18}: 'java.lang.Object java.lang.invoke.Invokers$Holder.linkToTargetMethod(java.lang.Object, java.lang.Object, int, java.lang.Object)'> (0x00000000888b3d18) 
thrown [s\src\hotspot\share\interpreter\linkResolver.cpp, line 759]
Event: 6.937 Thread 0x000002a9a41c7160 Exception <a 'java/lang/NoSuchMethodError'{0x00000000888e5218}: 'java.lang.Object java.lang.invoke.DirectMethodHandle$Holder.newInvokeSpecial(java.lang.Object, int, java.lang.Object)'> (0x00000000888e5218) 
thrown [s\src\hotspot\share\interpreter\linkResolver.cpp, line 759]
Event: 7.215 Thread 0x000002a9a41c7160 Exception <a 'java/lang/NoSuchMethodError'{0x000000008bf578d8}: 'java.lang.Object java.lang.invoke.DirectMethodHandle$Holder.newInvokeSpecial(java.lang.Object, java.lang.Object, java.lang.Object, java.lang.Object, int, java.lang.Object, java.lang.Object)'> (0x000000008bf578d8) 
thrown [s\src\hotspot\share\interpreter\linkResolver.cpp, line 759]
Event: 7.216 Thread 0x000002a9a41c7160 Exception <a 'java/lang/NoSuchMethodError'{0x000000008bf61420}: 'java.lang.Object java.lang.invoke.Invokers$Holder.linkToTargetMethod(java.lang.Object, java.lang.Object, java.lang.Object, int, java.lang.Object, java.lang.Object, java.lang.Object)'> (0x000000008bf61420) 
thrown [s\src\hotspot\share\interpreter\linkResolver.cpp, line 759]
Event: 7.271 Thread 0x000002a9a41c7160 Exception <a 'java/lang/NoSuchMethodError'{0x000000008bd400b8}: 'java.lang.Object java.lang.invoke.DirectMethodHandle$Holder.invokeSpecial(java.lang.Object, java.lang.Object, int, java.lang.Object, java.lang.Object)'> (0x000000008bd400b8) 
thrown [s\src\hotspot\share\interpreter\linkResolver.cpp, line 759]
Event: 7.369 Thread 0x000002a9a41c7160 Exception <a 'java/lang/NoSuchMethodError'{0x0000000089dca2c0}: 'java.lang.Object java.lang.invoke.DirectMethodHandle$Holder.newInvokeSpecial(java.lang.Object, java.lang.Object, java.lang.Object, java.lang.Object, java.lang.Object, java.lang.Object, java.lang.Object, java.lang.Object, java.lang.Object)'> (0x0000000089dca2c0) 
thrown [s\src\hotspot\share\interpreter\linkResolver.cpp, line 759]
Event: 7.370 Thread 0x000002a9a41c7160 Exception <a 'java/lang/NoSuchMethodError'{0x0000000089dcfb80}: 'java.lang.Object java.lang.invoke.DirectMethodHandle$Holder.invokeSpecial(java.lang.Object, java.lang.Object, java.lang.Object, java.lang.Object, java.lang.Object, java.lang.Object, java.lang.Object, java.lang.Object, java.lang.Object, java.lang.Object)'> (0x0000000089dcfb80) 
thrown [s\src\hotspot\share\interpreter\linkResolver.cpp, line 759]
Event: 7.371 Thread 0x000002a9a41c7160 Exception <a 'java/lang/NoSuchMethodError'{0x0000000089dd43f0}: 'java.lang.Object java.lang.invoke.Invokers$Holder.linkToTargetMethod(java.lang.Object, java.lang.Object, java.lang.Object, java.lang.Object, java.lang.Object, java.lang.Object, java.lang.Object, java.lang.Object, java.lang.Object)'> (0x0000000089dd43f0) 
thrown [s\src\hotspot\share\interpreter\linkResolver.cpp, line 759]
Event: 7.776 Thread 0x000002a9a41c7160 Exception <a 'java/lang/NoSuchMethodError'{0x000000008d323980}: 'java.lang.Object java.lang.invoke.DirectMethodHandle$Holder.invokeStatic(java.lang.Object, java.lang.Object, java.lang.Object, int, java.lang.Object, java.lang.Object)'> (0x000000008d323980) 
thrown [s\src\hotspot\share\interpreter\linkResolver.cpp, line 759]
Event: 7.989 Thread 0x000002a9a41c7160 Exception <a 'java/lang/NoSuchMethodError'{0x0000000089aa7958}: 'java.lang.Object java.lang.invoke.DirectMethodHandle$Holder.newInvokeSpecial(java.lang.Object, java.lang.Object, java.lang.Object, java.lang.Object, java.lang.Object, int)'> (0x0000000089aa7958) 
thrown [s\src\hotspot\share\interpreter\linkResolver.cpp, line 759]
Event: 7.989 Thread 0x000002a9a41c7160 Exception <a 'java/lang/NoSuchMethodError'{0x0000000089aac5b8}: 'java.lang.Object java.lang.invoke.DirectMethodHandle$Holder.invokeSpecial(java.lang.Object, java.lang.Object, java.lang.Object, java.lang.Object, java.lang.Object, java.lang.Object, int)'> (0x0000000089aac5b8) 
thrown [s\src\hotspot\share\interpreter\linkResolver.cpp, line 759]
Event: 7.990 Thread 0x000002a9a41c7160 Exception <a 'java/lang/NoSuchMethodError'{0x0000000089ab0ba0}: 'java.lang.Object java.lang.invoke.Invokers$Holder.linkToTargetMethod(java.lang.Object, java.lang.Object, java.lang.Object, java.lang.Object, int, java.lang.Object)'> (0x0000000089ab0ba0) 
thrown [s\src\hotspot\share\interpreter\linkResolver.cpp, line 759]
Event: 8.081 Thread 0x000002a9a41c7160 Exception <a 'java/lang/NoSuchMethodError'{0x00000000897f4148}: 'java.lang.Object java.lang.invoke.DirectMethodHandle$Holder.newInvokeSpecial(java.lang.Object, int, java.lang.Object, java.lang.Object, java.lang.Object)'> (0x00000000897f4148) 
thrown [s\src\hotspot\share\interpreter\linkResolver.cpp, line 759]
Event: 8.082 Thread 0x000002a9a41c7160 Exception <a 'java/lang/NoSuchMethodError'{0x00000000897fbf70}: 'java.lang.Object java.lang.invoke.Invokers$Holder.linkToTargetMethod(int, java.lang.Object, java.lang.Object, java.lang.Object, java.lang.Object)'> (0x00000000897fbf70) 
thrown [s\src\hotspot\share\interpreter\linkResolver.cpp, line 759]

VM Operations (20 events):
Event: 7.176 Executing VM operation: G1CollectForAllocation done
Event: 7.197 Executing VM operation: HandshakeAllThreads
Event: 7.197 Executing VM operation: HandshakeAllThreads done
Event: 7.375 Executing VM operation: HandshakeAllThreads
Event: 7.375 Executing VM operation: HandshakeAllThreads done
Event: 7.592 Executing VM operation: ICBufferFull
Event: 7.592 Executing VM operation: ICBufferFull done
Event: 7.753 Executing VM operation: G1CollectForAllocation
Event: 7.768 Executing VM operation: G1CollectForAllocation done
Event: 7.875 Executing VM operation: HandshakeAllThreads
Event: 7.875 Executing VM operation: HandshakeAllThreads done
Event: 8.003 Executing VM operation: ICBufferFull
Event: 8.004 Executing VM operation: ICBufferFull done
Event: 8.160 Executing VM operation: HandshakeAllThreads
Event: 8.160 Executing VM operation: HandshakeAllThreads done
Event: 8.249 Executing VM operation: ICBufferFull
Event: 8.250 Executing VM operation: ICBufferFull done
Event: 8.339 Executing VM operation: HandshakeAllThreads
Event: 8.339 Executing VM operation: HandshakeAllThreads done
Event: 8.400 Executing VM operation: G1CollectForAllocation

Memory protections (0 events):
No events

Nmethod flushes (0 events):
No events

Events (20 events):
Event: 0.045 Thread 0x000002a9a41c7160 Thread added: 0x000002a9c48757b0
Event: 0.045 Thread 0x000002a9a41c7160 Thread added: 0x000002a9c4878490
Event: 0.045 Thread 0x000002a9a41c7160 Thread added: 0x000002a9c4879da0
Event: 0.045 Thread 0x000002a9a41c7160 Thread added: 0x000002a9c487d440
Event: 0.045 Thread 0x000002a9a41c7160 Thread added: 0x000002a9c487e9b0
Event: 0.064 Thread 0x000002a9a41c7160 Thread added: 0x000002a9c49c7b80
Event: 0.066 Thread 0x000002a9a41c7160 Thread added: 0x000002a9c49eab30
Event: 0.085 Thread 0x000002a9c4879da0 Thread added: 0x000002a9c4a41be0
Event: 0.373 Thread 0x000002a9c4a41be0 Thread exited: 0x000002a9c4a41be0
Event: 4.122 Thread 0x000002a9c487d440 Thread added: 0x000002aa0a6215a0
Event: 4.131 Thread 0x000002a9c487d440 Thread added: 0x000002aa0a7d85e0
Event: 4.494 Thread 0x000002aa0a7d85e0 Thread exited: 0x000002aa0a7d85e0
Event: 4.696 Thread 0x000002aa0a6215a0 Thread added: 0x000002aa12950fa0
Event: 5.008 Thread 0x000002aa12950fa0 Thread exited: 0x000002aa12950fa0
Event: 5.179 Thread 0x000002aa0a6215a0 Thread exited: 0x000002aa0a6215a0
Event: 5.308 Thread 0x000002a9c487d440 Thread added: 0x000002aa12e197a0
Event: 5.913 Thread 0x000002a9c487d440 Thread added: 0x000002aa138dd710
Event: 6.629 Thread 0x000002aa138dd710 Thread exited: 0x000002aa138dd710
Event: 6.780 Thread 0x000002a9c487d440 Thread added: 0x000002aa14dc7d20
Event: 8.394 Thread 0x000002aa14dc7d20 Thread exited: 0x000002aa14dc7d20


Dynamic libraries:
0x00007ff77d7d0000 - 0x00007ff77d7de000 	C:\Program Files\Microsoft\jdk-17.0.15.6-hotspot\bin\java.exe
0x00007ff8dc440000 - 0x00007ff8dc6a7000 	C:\WINDOWS\SYSTEM32\ntdll.dll
0x00007ff8db7d0000 - 0x00007ff8db899000 	C:\WINDOWS\System32\KERNEL32.DLL
0x00007ff8d9bd0000 - 0x00007ff8d9fc1000 	C:\WINDOWS\System32\KERNELBASE.dll
0x00007ff8d9fd0000 - 0x00007ff8da11b000 	C:\WINDOWS\System32\ucrtbase.dll
0x00007ff8b9530000 - 0x00007ff8b954d000 	C:\Program Files\Microsoft\jdk-17.0.15.6-hotspot\bin\VCRUNTIME140.dll
0x00007ff897430000 - 0x00007ff897447000 	C:\Program Files\Microsoft\jdk-17.0.15.6-hotspot\bin\jli.dll
0x00007ff8db410000 - 0x00007ff8db5d5000 	C:\WINDOWS\System32\USER32.dll
0x00007ff8d9970000 - 0x00007ff8d9997000 	C:\WINDOWS\System32\win32u.dll
0x00007ff8b8ca0000 - 0x00007ff8b8f33000 	C:\WINDOWS\WinSxS\amd64_microsoft.windows.common-controls_6595b64144ccf1df_6.0.26100.7922_none_3e089e1ee3342171\COMCTL32.dll
0x00007ff8dbed0000 - 0x00007ff8dbefb000 	C:\WINDOWS\System32\GDI32.dll
0x00007ff8d97b0000 - 0x00007ff8d98da000 	C:\WINDOWS\System32\gdi32full.dll
0x00007ff8da2b0000 - 0x00007ff8da359000 	C:\WINDOWS\System32\msvcrt.dll
0x00007ff8d9b20000 - 0x00007ff8d9bc3000 	C:\WINDOWS\System32\msvcp_win.dll
0x00007ff8da360000 - 0x00007ff8da391000 	C:\WINDOWS\System32\IMM32.DLL
0x00007ff899b90000 - 0x00007ff899b9c000 	C:\Program Files\Microsoft\jdk-17.0.15.6-hotspot\bin\vcruntime140_1.dll
0x00007ff83d120000 - 0x00007ff83d1ad000 	C:\Program Files\Microsoft\jdk-17.0.15.6-hotspot\bin\msvcp140.dll
0x00007ff834070000 - 0x00007ff834ce2000 	C:\Program Files\Microsoft\jdk-17.0.15.6-hotspot\bin\server\jvm.dll
0x00007ff8db220000 - 0x00007ff8db2db000 	C:\WINDOWS\System32\ADVAPI32.dll
0x00007ff8da9f0000 - 0x00007ff8daa97000 	C:\WINDOWS\System32\sechost.dll
0x00007ff8db2e0000 - 0x00007ff8db3f8000 	C:\WINDOWS\System32\RPCRT4.dll
0x00007ff8db740000 - 0x00007ff8db7b4000 	C:\WINDOWS\System32\WS2_32.dll
0x00007ff8d8b80000 - 0x00007ff8d8bde000 	C:\WINDOWS\SYSTEM32\POWRPROF.dll
0x00007ff8d0b20000 - 0x00007ff8d0b55000 	C:\WINDOWS\SYSTEM32\WINMM.dll
0x00007ff8c6ef0000 - 0x00007ff8c6efb000 	C:\WINDOWS\SYSTEM32\VERSION.dll
0x00007ff8d8b60000 - 0x00007ff8d8b74000 	C:\WINDOWS\SYSTEM32\UMPDC.dll
0x00007ff8d7ab0000 - 0x00007ff8d7acb000 	C:\WINDOWS\SYSTEM32\kernel.appcore.dll
0x00007ff897890000 - 0x00007ff89789a000 	C:\Program Files\Microsoft\jdk-17.0.15.6-hotspot\bin\jimage.dll
0x00007ff8d6bc0000 - 0x00007ff8d6e02000 	C:\WINDOWS\SYSTEM32\DBGHELP.DLL
0x00007ff8dbf70000 - 0x00007ff8dc2f2000 	C:\WINDOWS\System32\combase.dll
0x00007ff8dbb90000 - 0x00007ff8dbc67000 	C:\WINDOWS\System32\OLEAUT32.dll
0x00007ff8b6050000 - 0x00007ff8b608b000 	C:\WINDOWS\SYSTEM32\dbgcore.DLL
0x00007ff8d9700000 - 0x00007ff8d97a5000 	C:\WINDOWS\System32\bcryptPrimitives.dll
0x00007ff897400000 - 0x00007ff897425000 	C:\Program Files\Microsoft\jdk-17.0.15.6-hotspot\bin\java.dll
0x00007ff83d040000 - 0x00007ff83d116000 	C:\Program Files\Microsoft\jdk-17.0.15.6-hotspot\bin\jsvml.dll
0x00007ff8daab0000 - 0x00007ff8db20f000 	C:\WINDOWS\System32\SHELL32.dll
0x00007ff8d8d20000 - 0x00007ff8d8e8a000 	C:\WINDOWS\System32\wintypes.dll
0x00007ff8d8e90000 - 0x00007ff8d96f4000 	C:\WINDOWS\System32\windows.storage.dll
0x00007ff8dbdd0000 - 0x00007ff8dbec7000 	C:\WINDOWS\System32\SHCORE.dll
0x00007ff8dbf00000 - 0x00007ff8dbf67000 	C:\WINDOWS\System32\shlwapi.dll
0x00007ff8d8c40000 - 0x00007ff8d8c69000 	C:\WINDOWS\SYSTEM32\profapi.dll
0x00007ff88a720000 - 0x00007ff88a73a000 	C:\Program Files\Microsoft\jdk-17.0.15.6-hotspot\bin\net.dll
0x00007ff8cda60000 - 0x00007ff8cdb87000 	C:\WINDOWS\SYSTEM32\WINHTTP.dll
0x00007ff8d8020000 - 0x00007ff8d808b000 	C:\WINDOWS\system32\mswsock.dll
0x00007ff88a700000 - 0x00007ff88a716000 	C:\Program Files\Microsoft\jdk-17.0.15.6-hotspot\bin\nio.dll
0x00007ff8838b0000 - 0x00007ff8838c8000 	C:\Program Files\Microsoft\jdk-17.0.15.6-hotspot\bin\zip.dll
0x00007ff8976e0000 - 0x00007ff8976f0000 	C:\Program Files\Microsoft\jdk-17.0.15.6-hotspot\bin\verify.dll

dbghelp: loaded successfully - version: 4.0.5 - missing functions: none
symbol engine: initialized successfully - sym options: 0x614 - pdb path: .;C:\Program Files\Microsoft\jdk-17.0.15.6-hotspot\bin;C:\WINDOWS\SYSTEM32;C:\WINDOWS\WinSxS\amd64_microsoft.windows.common-controls_6595b64144ccf1df_6.0.26100.7922_none_3e089e1ee3342171;C:\Program Files\Microsoft\jdk-17.0.15.6-hotspot\bin\server

VM Arguments:
java_command: org.jetbrains.kotlin.cli.jvm.K2JVMCompiler @D:\Parkitdemo\Updated-Sundukpay\node_modules\@react-native\gradle-plugin\shared\build\20260326_7442457877138090902.compiler.options
java_class_path (initial): C:\Users\HP\.gradle\caches\modules-2\files-2.1\org.jetbrains.kotlin\kotlin-compiler-embeddable\2.1.20\4ef56b3316798316bfac7a0ae443391c9e900ea1\kotlin-compiler-embeddable-2.1.20.jar;C:\Users\HP\.gradle\caches\modules-2\files-2.1\org.jetbrains.kotlin\kotlin-stdlib\2.1.20\aa8ca79cd50578314f6d1180c47cbe14c0fee567\kotlin-stdlib-2.1.20.jar;C:\Users\HP\.gradle\caches\modules-2\files-2.1\org.jetbrains.kotlin\kotlin-script-runtime\2.1.20\f7c623d7f7bdb01f5ccd6b437bc0a937fcd7c57e\kotlin-script-runtime-2.1.20.jar;C:\Users\HP\.gradle\caches\modules-2\files-2.1\org.jetbrains.kotlin\kotlin-reflect\1.6.10\1cbe9c92c12a94eea200d23c2bbaedaf3daf5132\kotlin-reflect-1.6.10.jar;C:\Users\HP\.gradle\caches\modules-2\files-2.1\org.jetbrains.kotlin\kotlin-daemon-embeddable\2.1.20\95670fce77befd02a70a0bc3abe8ee4533521334\kotlin-daemon-embeddable-2.1.20.jar;C:\Users\HP\.gradle\caches\modules-2\files-2.1\org.jetbrains.intellij.deps\trove4j\1.0.20200330\3afb14d5f9ceb459d724e907a21145e8ff394f02\trove4j-1.0.20200330.jar;C:\Users\HP\.gradle\caches\modules-2\files-2.1\org.jetbrains.kotlinx\kotlinx-coroutines-core-jvm\1.8.0\ac1dc37a30a93150b704022f8d895ee1bd3a36b3\kotlinx-coroutines-core-jvm-1.8.0.jar;C:\Users\HP\.gradle\caches\modules-2\files-2.1\org.jetbrains\annotations\13.0\919f0dfe192fb4e063e7dacadee7f8bb9a2672a9\annotations-13.0.jar
Launcher Type: SUN_STANDARD

[Global flags]
     intx CICompilerCount                          = 4                                         {product} {ergonomic}
     uint ConcGCThreads                            = 3                                         {product} {ergonomic}
     uint G1ConcRefinementThreads                  = 10                                        {product} {ergonomic}
   size_t G1HeapRegionSize                         = 1048576                                   {product} {ergonomic}
    uintx GCDrainStackTargetSize                   = 64                                        {product} {ergonomic}
   size_t InitialHeapSize                          = 130023424                                 {product} {ergonomic}
   size_t MarkStackSize                            = 4194304                                   {product} {ergonomic}
   size_t MaxHeapSize                              = 2055208960                                {product} {ergonomic}
   size_t MaxNewSize                               = 1233125376                                {product} {ergonomic}
   size_t MinHeapDeltaBytes                        = 1048576                                   {product} {ergonomic}
   size_t MinHeapSize                              = 8388608                                   {product} {ergonomic}
    uintx NonNMethodCodeHeapSize                   = 5839372                                {pd product} {ergonomic}
    uintx NonProfiledCodeHeapSize                  = 122909434                              {pd product} {ergonomic}
    uintx ProfiledCodeHeapSize                     = 122909434                              {pd product} {ergonomic}
    uintx ReservedCodeCacheSize                    = 251658240                              {pd product} {ergonomic}
     bool SegmentedCodeCache                       = true                                      {product} {ergonomic}
   size_t SoftMaxHeapSize                          = 2055208960                             {manageable} {ergonomic}
     bool UseCompressedClassPointers               = true                           {product lp64_product} {ergonomic}
     bool UseCompressedOops                        = true                           {product lp64_product} {ergonomic}
     bool UseG1GC                                  = true                                      {product} {ergonomic}
     bool UseLargePagesIndividualAllocation        = false                                  {pd product} {ergonomic}

Logging:
Log output configuration:
 #0: stdout all=warning uptime,level,tags
 #1: stderr all=off uptime,level,tags

Environment Variables:
JAVA_HOME=C:\Program Files\Microsoft\jdk-17.0.15.6-hotspot
PATH=C:\Users\HP\AppData\Local\Programs\Microsoft VS Code;C:\Program Files\Microsoft\jdk-17.0.15.6-hotspot\bin;C:\WINDOWS\system32;C:\WINDOWS;C:\WINDOWS\System32\Wbem;C:\WINDOWS\System32\WindowsPowerShell\v1.0\;C:\WINDOWS\System32\OpenSSH\;C:\Program Files\Git\cmd;C:\Program Files\dotnet\;C:\ProgramData\chocolatey\bin;C:\Users\HP\AppData\Local\Android\Sdk\platform-tools;C:\Users\HP\AppData\Local\Android\Sdk;C:\Users\HP\AppData\Local\Android\Sdk\emulator;;C:\Program Files\Docker\Docker\resources\bin;C:\Program Files\PuTTY\;C:\Program Files\nodejs\;C:\Program Files\MySQL\MySQL Shell 8.0\bin\;C:\Users\HP\AppData\Local\Microsoft\WindowsApps;C:\Users\HP\AppData\Local\Programs\Microsoft VS Code\bin;C:\Users\HP\AppData\Local\Android\Sdk\platform-tools;C:\Users\HP\AppData\Local\Android\Sdk;C:\Users\HP\AppData\Local\Android\Sdk\emulator;C:\Users\HP\AppData\Roaming\npm
USERNAME=HP
OS=Windows_NT
PROCESSOR_IDENTIFIER=Intel64 Family 6 Model 154 Stepping 4, GenuineIntel
TMP=C:\Users\HP\AppData\Local\Temp
TEMP=C:\Users\HP\AppData\Local\Temp



Periodic native trim disabled


---------------  S Y S T E M  ---------------

OS:
 Windows 11 , 64 bit Build 26100 (10.0.26100.7920)
OS uptime: 13 days 22:02 hours
Hyper-V role detected

CPU: total 12 (initial active 12) (6 cores per cpu, 2 threads per core) family 6 model 154 stepping 4 microcode 0x432, cx8, cmov, fxsr, ht, mmx, 3dnowpref, sse, sse2, sse3, ssse3, sse4.1, sse4.2, popcnt, lzcnt, tsc, tscinvbit, avx, avx2, aes, erms, clmul, bmi1, bmi2, adx, sha, fma, vzeroupper, clflush, clflushopt, clwb, hv
Processor Information for processor 0
  Max Mhz: 1300, Current Mhz: 1300, Mhz Limit: 1300
Processor Information for processor 1
  Max Mhz: 1300, Current Mhz: 1300, Mhz Limit: 1300
Processor Information for processor 2
  Max Mhz: 1300, Current Mhz: 1300, Mhz Limit: 1300
Processor Information for processor 3
  Max Mhz: 1300, Current Mhz: 1300, Mhz Limit: 1300
Processor Information for processor 4
  Max Mhz: 1300, Current Mhz: 900, Mhz Limit: 897
Processor Information for processor 5
  Max Mhz: 1300, Current Mhz: 900, Mhz Limit: 897
Processor Information for processor 6
  Max Mhz: 1300, Current Mhz: 900, Mhz Limit: 897
Processor Information for processor 7
  Max Mhz: 1300, Current Mhz: 900, Mhz Limit: 897
Processor Information for processor 8
  Max Mhz: 1300, Current Mhz: 900, Mhz Limit: 897
Processor Information for processor 9
  Max Mhz: 1300, Current Mhz: 900, Mhz Limit: 897
Processor Information for processor 10
  Max Mhz: 1300, Current Mhz: 900, Mhz Limit: 897
Processor Information for processor 11
  Max Mhz: 1300, Current Mhz: 900, Mhz Limit: 897

Memory: 4k page, system-wide physical 7835M (853M free)
TotalPageFile size 31387M (AvailPageFile size 38M)
current process WorkingSet (physical memory assigned to process): 214M, peak: 243M
current process commit charge ("private bytes"): 306M, peak: 355M

vm_info: OpenJDK 64-Bit Server VM (17.0.15+6-LTS) for windows-amd64 JRE (17.0.15+6-LTS), built on Apr  9 2025 22:27:25 by "MicrosoftCorporation" with unknown MS VC++:1939

END.
