#
# There is insufficient memory for the Java Runtime Environment to continue.
# Native memory allocation (malloc) failed to allocate 1677472 bytes. Error detail: Chunk::new
# Possible reasons:
#   The system is out of physical RAM or swap space
#   This process is running with CompressedOops enabled, and the Java Heap may be blocking the growth of the native heap
# Possible solutions:
#   Reduce memory load on the system
#   Increase physical memory or swap space
#   Check if swap backing store is full
#   Decrease Java heap size (-Xmx/-Xms)
#   Decrease number of Java threads
#   Decrease Java thread stack sizes (-Xss)
#   Set larger code cache with -XX:ReservedCodeCacheSize=
#   JVM is running with Unscaled Compressed Oops mode in which the Java heap is
#     placed in the first 4GB address space. The Java Heap base address is the
#     maximum limit for the native heap growth. Please use -XX:HeapBaseMinAddress
#     to set the Java Heap base and to place the Java Heap above 4GB virtual address.
# This output file may be truncated or incomplete.
#
#  Out of Memory Error (arena.cpp:191), pid=32600, tid=28148
#
# JRE version: OpenJDK Runtime Environment Microsoft-11369865 (17.0.15+6) (build 17.0.15+6-LTS)
# Java VM: OpenJDK 64-Bit Server VM Microsoft-11369865 (17.0.15+6-LTS, mixed mode, sharing, tiered, compressed oops, compressed class ptrs, g1 gc, windows-amd64)
# No core dump will be written. Minidumps are not enabled by default on client versions of Windows
#

---------------  S U M M A R Y ------------

Command Line: --add-opens=java.base/java.util=ALL-UNNAMED --add-opens=java.base/java.lang=ALL-UNNAMED --add-opens=java.base/java.lang.invoke=ALL-UNNAMED --add-opens=java.prefs/java.util.prefs=ALL-UNNAMED --add-exports=jdk.compiler/com.sun.tools.javac.api=ALL-UNNAMED --add-exports=jdk.compiler/com.sun.tools.javac.util=ALL-UNNAMED --add-opens=java.base/java.nio.charset=ALL-UNNAMED --add-opens=java.base/java.net=ALL-UNNAMED --add-opens=java.base/java.util.concurrent.atomic=ALL-UNNAMED -XX:MaxMetaspaceSize=384m -XX:+HeapDumpOnOutOfMemoryError -Xms256m -Xmx512m -Dfile.encoding=utf8 -Duser.country=IN -Duser.language=en -Duser.variant -javaagent:C:\Users\HP\.gradle\wrapper\dists\gradle-8.9-bin\90cnw93cvbtalezasaz0blq0a\gradle-8.9\lib\agents\gradle-instrumentation-agent-8.9.jar org.gradle.launcher.daemon.bootstrap.GradleDaemon 8.9

Host: 12th Gen Intel(R) Core(TM) i5-1235U, 12 cores, 7G,  Windows 11 , 64 bit Build 26100 (10.0.26100.7920)
Time: Thu Mar 26 11:10:33 2026 India Standard Time elapsed time: 34.749476 seconds (0d 0h 0m 34s)

---------------  T H R E A D  ---------------

Current thread (0x00000183352b2760):  JavaThread "C2 CompilerThread1" daemon [_thread_in_native, id=28148, stack(0x000000773aa00000,0x000000773ab00000)]


Current CompileTask:
C2:  34749 11751       4       org.gradle.internal.operations.DefaultBuildOperationRunner::execute (23 bytes)

Stack: [0x000000773aa00000,0x000000773ab00000]
Native frames: (J=compiled Java code, j=interpreted, Vv=VM code, C=native code)
V  [jvm.dll+0x6887a9]
V  [jvm.dll+0x83f5a8]
V  [jvm.dll+0x841053]
V  [jvm.dll+0x8416c3]
V  [jvm.dll+0x2496ef]
V  [jvm.dll+0xad134]
V  [jvm.dll+0xad7cc]
V  [jvm.dll+0x36af2e]
V  [jvm.dll+0x1bd065]
V  [jvm.dll+0x21aa7c]
V  [jvm.dll+0x219d3f]
V  [jvm.dll+0x1a55f6]
V  [jvm.dll+0x22a39a]
V  [jvm.dll+0x2284db]
V  [jvm.dll+0x7f4e28]
V  [jvm.dll+0x7ef2dc]
V  [jvm.dll+0x687687]
C  [ucrtbase.dll+0x37b0]
C  [KERNEL32.DLL+0x2e8d7]
C  [ntdll.dll+0x8c48c]


---------------  P R O C E S S  ---------------

Threads class SMR info:
_java_thread_list=0x00000183375e6e70, length=81, elements={
0x000001837f9dc440, 0x000001831b17cf40, 0x000001831b17da10, 0x000001831b196750,
0x000001831b199030, 0x000001831b199900, 0x000001831b19a1d0, 0x000001831b19d630,
0x000001831b19dff0, 0x000001831b19e900, 0x000001831b1bda00, 0x000001831b38b250,
0x00000183365339c0, 0x00000183356d4ea0, 0x0000018335fcea10, 0x000001833652e5b0,
0x000001831b91b060, 0x000001831b91c9b0, 0x000001831b91e810, 0x000001831b91d3d0,
0x00000183389b2130, 0x00000183389b1200, 0x00000183389b4ec0, 0x00000183389b2640,
0x00000183389b44a0, 0x00000183389b53d0, 0x00000183389b58e0, 0x00000183389b8160,
0x0000018339149ee0, 0x0000018339148590, 0x0000018339148aa0, 0x0000018339146730,
0x000001833914a3f0, 0x0000018339147150, 0x0000018339146c40, 0x0000018338d154a0,
0x0000018339ece410, 0x00000183352b2760, 0x0000018338d16df0, 0x0000018338d159b0,
0x0000018338d17300, 0x0000018338d17810, 0x0000018338d14060, 0x0000018338d15ec0,
0x0000018338d14570, 0x0000018338d14a80, 0x0000018338d17d20, 0x0000018338d163d0,
0x0000018338d14f90, 0x0000018338d18740, 0x0000018338d168e0, 0x0000018338d19160,
0x0000018338d1a090, 0x0000018338d1afc0, 0x0000018338d19b80, 0x0000018338d18c50,
0x0000018338d19670, 0x0000018338d1a5a0, 0x0000018339ecf850, 0x0000018339ecc0a0,
0x0000018339ecd9f0, 0x0000018339ecee30, 0x0000018339ecf340, 0x0000018339ecdf00,
0x0000018339ecfd60, 0x0000018339ecc5b0, 0x0000018339ed0270, 0x0000018339eccac0,
0x0000018339ed0c90, 0x0000018339ecd4e0, 0x0000018339ed11a0, 0x0000018339ed16b0,
0x0000018339ed1bc0, 0x0000018339ed20d0, 0x0000018339ed25e0, 0x0000018339ed2af0,
0x0000018339ed3000, 0x0000018339ed3510, 0x00000183391494c0, 0x000001833914ae10,
0x000001833914c250
}

Java Threads: ( => current thread )
  0x000001837f9dc440 JavaThread "main" [_thread_blocked, id=30716, stack(0x000000773ad00000,0x000000773ae00000)]
  0x000001831b17cf40 JavaThread "Reference Handler" daemon [_thread_blocked, id=34732, stack(0x000000773b400000,0x000000773b500000)]
  0x000001831b17da10 JavaThread "Finalizer" daemon [_thread_blocked, id=14228, stack(0x000000773b500000,0x000000773b600000)]
  0x000001831b196750 JavaThread "Signal Dispatcher" daemon [_thread_blocked, id=32244, stack(0x000000773b600000,0x000000773b700000)]
  0x000001831b199030 JavaThread "Attach Listener" daemon [_thread_blocked, id=32028, stack(0x000000773b700000,0x000000773b800000)]
  0x000001831b199900 JavaThread "Service Thread" daemon [_thread_blocked, id=34032, stack(0x000000773b800000,0x000000773b900000)]
  0x000001831b19a1d0 JavaThread "Monitor Deflation Thread" daemon [_thread_blocked, id=33168, stack(0x000000773b900000,0x000000773ba00000)]
  0x000001831b19d630 JavaThread "C2 CompilerThread0" daemon [_thread_in_native, id=34420, stack(0x000000773ba00000,0x000000773bb00000)]
  0x000001831b19dff0 JavaThread "C1 CompilerThread0" daemon [_thread_blocked, id=31868, stack(0x000000773bb00000,0x000000773bc00000)]
  0x000001831b19e900 JavaThread "Sweeper thread" daemon [_thread_blocked, id=33068, stack(0x000000773bc00000,0x000000773bd00000)]
  0x000001831b1bda00 JavaThread "Common-Cleaner" daemon [_thread_blocked, id=34252, stack(0x000000773bd00000,0x000000773be00000)]
  0x000001831b38b250 JavaThread "Notification Thread" daemon [_thread_blocked, id=34596, stack(0x000000773be00000,0x000000773bf00000)]
  0x00000183365339c0 JavaThread "Daemon health stats" [_thread_blocked, id=19632, stack(0x000000773c100000,0x000000773c200000)]
  0x00000183356d4ea0 JavaThread "Incoming local TCP Connector on port 50712" [_thread_in_native, id=31844, stack(0x000000773c700000,0x000000773c800000)]
  0x0000018335fcea10 JavaThread "Daemon periodic checks" [_thread_blocked, id=21412, stack(0x000000773c000000,0x000000773c100000)]
  0x000001833652e5b0 JavaThread "Daemon" [_thread_blocked, id=7140, stack(0x000000773c800000,0x000000773c900000)]
  0x000001831b91b060 JavaThread "Daemon worker" [_thread_in_vm, id=31940, stack(0x000000773cb00000,0x000000773cc00000)]
  0x000001831b91c9b0 JavaThread "Cache worker for journal cache (C:\Users\HP\.gradle\caches\journal-1)" [_thread_blocked, id=16892, stack(0x000000773d000000,0x000000773d100000)]
  0x000001831b91e810 JavaThread "File lock request listener" [_thread_in_native, id=32276, stack(0x000000773d100000,0x000000773d200000)]
  0x000001831b91d3d0 JavaThread "Cache worker for file hash cache (C:\Users\HP\.gradle\caches\8.9\fileHashes)" [_thread_blocked, id=18428, stack(0x000000773d200000,0x000000773d300000)]
  0x00000183389b2130 JavaThread "File watcher server" daemon [_thread_in_native, id=18004, stack(0x000000773db00000,0x000000773dc00000)]
  0x00000183389b1200 JavaThread "File watcher consumer" daemon [_thread_blocked, id=33500, stack(0x000000773dc00000,0x000000773dd00000)]
  0x00000183389b4ec0 JavaThread "jar transforms" [_thread_blocked, id=33588, stack(0x000000773dd00000,0x000000773de00000)]
  0x00000183389b2640 JavaThread "jar transforms Thread 2" [_thread_blocked, id=17824, stack(0x000000773de00000,0x000000773df00000)]
  0x00000183389b44a0 JavaThread "jar transforms Thread 3" [_thread_blocked, id=29392, stack(0x000000773df00000,0x000000773e000000)]
  0x00000183389b53d0 JavaThread "Cache worker for file content cache (C:\Users\HP\.gradle\caches\8.9\fileContent)" [_thread_blocked, id=32208, stack(0x000000773e100000,0x000000773e200000)]
  0x00000183389b58e0 JavaThread "jar transforms Thread 4" [_thread_blocked, id=22304, stack(0x000000773e400000,0x000000773e500000)]
  0x00000183389b8160 JavaThread "jar transforms Thread 5" [_thread_blocked, id=12372, stack(0x000000773e500000,0x000000773e600000)]
  0x0000018339149ee0 JavaThread "jar transforms Thread 6" [_thread_blocked, id=8152, stack(0x000000773e700000,0x000000773e800000)]
  0x0000018339148590 JavaThread "jar transforms Thread 7" [_thread_blocked, id=34600, stack(0x000000773e800000,0x000000773e900000)]
  0x0000018339148aa0 JavaThread "jar transforms Thread 8" [_thread_blocked, id=34048, stack(0x000000773e900000,0x000000773ea00000)]
  0x0000018339146730 JavaThread "jar transforms Thread 9" [_thread_blocked, id=34104, stack(0x000000773ea00000,0x000000773eb00000)]
  0x000001833914a3f0 JavaThread "jar transforms Thread 10" [_thread_blocked, id=33952, stack(0x000000773eb00000,0x000000773ec00000)]
  0x0000018339147150 JavaThread "jar transforms Thread 11" [_thread_blocked, id=16252, stack(0x000000773ec00000,0x000000773ed00000)]
  0x0000018339146c40 JavaThread "jar transforms Thread 12" [_thread_blocked, id=31596, stack(0x000000773ed00000,0x000000773ee00000)]
  0x0000018338d154a0 JavaThread "VFS cleanup" [_thread_blocked, id=32432, stack(0x000000773cc00000,0x000000773cd00000)]
  0x0000018339ece410 JavaThread "Memory manager" [_thread_blocked, id=9824, stack(0x0000007740f00000,0x0000007741000000)]
=>0x00000183352b2760 JavaThread "C2 CompilerThread1" daemon [_thread_in_native, id=28148, stack(0x000000773aa00000,0x000000773ab00000)]
  0x0000018338d16df0 JavaThread "Handler for socket connection from /127.0.0.1:50712 to /127.0.0.1:60685" [_thread_in_native, id=34292, stack(0x000000773c900000,0x000000773ca00000)]
  0x0000018338d159b0 JavaThread "Cancel handler" [_thread_blocked, id=32864, stack(0x000000773ca00000,0x000000773cb00000)]
  0x0000018338d17300 JavaThread "Asynchronous log dispatcher for DefaultDaemonConnection: socket connection from /127.0.0.1:50712 to /127.0.0.1:60685" [_thread_blocked, id=33928, stack(0x000000773cd00000,0x000000773ce00000)]
  0x0000018338d17810 JavaThread "Stdin handler" [_thread_blocked, id=34312, stack(0x000000773ce00000,0x000000773cf00000)]
  0x0000018338d14060 JavaThread "Daemon client event forwarder" [_thread_blocked, id=34400, stack(0x000000773cf00000,0x000000773d000000)]
  0x0000018338d15ec0 JavaThread "Cache worker for file hash cache (D:\Parkitdemo\Updated-Sundukpay\node_modules\react-native-html-to-pdf\android\.gradle\8.9\fileHashes)" [_thread_blocked, id=32176, stack(0x000000773d700000,0x000000773d800000)]
  0x0000018338d14570 JavaThread "Cache worker for Build Output Cleanup Cache (D:\Parkitdemo\Updated-Sundukpay\node_modules\react-native-html-to-pdf\android\.gradle\buildOutputCleanup)" [_thread_blocked, id=33916, stack(0x000000773d800000,0x000000773d900000)]
  0x0000018338d14a80 JavaThread "Cache worker for checksums cache (D:\Parkitdemo\Updated-Sundukpay\node_modules\react-native-html-to-pdf\android\.gradle\8.9\checksums)" [_thread_blocked, id=18892, stack(0x000000773e000000,0x000000773e100000)]
  0x0000018338d17d20 JavaThread "Cache worker for cache directory md-rule (C:\Users\HP\.gradle\caches\8.9\md-rule)" [_thread_blocked, id=34652, stack(0x000000773e200000,0x000000773e300000)]
  0x0000018338d163d0 JavaThread "Cache worker for cache directory md-supplier (C:\Users\HP\.gradle\caches\8.9\md-supplier)" [_thread_blocked, id=34228, stack(0x000000773e300000,0x000000773e400000)]
  0x0000018338d14f90 JavaThread "Unconstrained build operations" [_thread_blocked, id=31964, stack(0x000000773e600000,0x000000773e700000)]
  0x0000018338d18740 JavaThread "Unconstrained build operations Thread 2" [_thread_blocked, id=34224, stack(0x000000773ee00000,0x000000773ef00000)]
  0x0000018338d168e0 JavaThread "Unconstrained build operations Thread 3" [_thread_blocked, id=24748, stack(0x000000773ef00000,0x000000773f000000)]
  0x0000018338d19160 JavaThread "Unconstrained build operations Thread 4" [_thread_blocked, id=32496, stack(0x000000773f000000,0x000000773f100000)]
  0x0000018338d1a090 JavaThread "Unconstrained build operations Thread 5" [_thread_blocked, id=23584, stack(0x000000773f100000,0x000000773f200000)]
  0x0000018338d1afc0 JavaThread "Unconstrained build operations Thread 6" [_thread_blocked, id=7900, stack(0x000000773f200000,0x000000773f300000)]
  0x0000018338d19b80 JavaThread "Unconstrained build operations Thread 7" [_thread_blocked, id=33616, stack(0x000000773f300000,0x000000773f400000)]
  0x0000018338d18c50 JavaThread "Unconstrained build operations Thread 8" [_thread_blocked, id=32180, stack(0x000000773f400000,0x000000773f500000)]
  0x0000018338d19670 JavaThread "Unconstrained build operations Thread 9" [_thread_blocked, id=32948, stack(0x000000773f500000,0x000000773f600000)]
  0x0000018338d1a5a0 JavaThread "Unconstrained build operations Thread 10" [_thread_blocked, id=32308, stack(0x000000773f600000,0x000000773f700000)]
  0x0000018339ecf850 JavaThread "Unconstrained build operations Thread 11" [_thread_blocked, id=32560, stack(0x000000773f700000,0x000000773f800000)]
  0x0000018339ecc0a0 JavaThread "Unconstrained build operations Thread 12" [_thread_blocked, id=13864, stack(0x000000773f800000,0x000000773f900000)]
  0x0000018339ecd9f0 JavaThread "Unconstrained build operations Thread 13" [_thread_blocked, id=31848, stack(0x000000773f900000,0x000000773fa00000)]
  0x0000018339ecee30 JavaThread "Unconstrained build operations Thread 14" [_thread_blocked, id=34656, stack(0x000000773fa00000,0x000000773fb00000)]
  0x0000018339ecf340 JavaThread "Unconstrained build operations Thread 15" [_thread_blocked, id=25876, stack(0x000000773fb00000,0x000000773fc00000)]
  0x0000018339ecdf00 JavaThread "Unconstrained build operations Thread 16" [_thread_blocked, id=14812, stack(0x000000773fc00000,0x000000773fd00000)]
  0x0000018339ecfd60 JavaThread "Unconstrained build operations Thread 17" [_thread_blocked, id=20772, stack(0x000000773fd00000,0x000000773fe00000)]
  0x0000018339ecc5b0 JavaThread "Unconstrained build operations Thread 18" [_thread_blocked, id=27196, stack(0x000000773fe00000,0x000000773ff00000)]
  0x0000018339ed0270 JavaThread "Unconstrained build operations Thread 19" [_thread_blocked, id=29484, stack(0x000000773ff00000,0x0000007740000000)]
  0x0000018339eccac0 JavaThread "Unconstrained build operations Thread 20" [_thread_blocked, id=31068, stack(0x0000007740000000,0x0000007740100000)]
  0x0000018339ed0c90 JavaThread "Unconstrained build operations Thread 21" [_thread_blocked, id=33948, stack(0x0000007740100000,0x0000007740200000)]
  0x0000018339ecd4e0 JavaThread "Unconstrained build operations Thread 22" [_thread_blocked, id=32604, stack(0x0000007740200000,0x0000007740300000)]
  0x0000018339ed11a0 JavaThread "Unconstrained build operations Thread 23" [_thread_blocked, id=31900, stack(0x0000007740300000,0x0000007740400000)]
  0x0000018339ed16b0 JavaThread "Unconstrained build operations Thread 24" [_thread_blocked, id=32336, stack(0x0000007740400000,0x0000007740500000)]
  0x0000018339ed1bc0 JavaThread "Unconstrained build operations Thread 25" [_thread_blocked, id=31820, stack(0x0000007740500000,0x0000007740600000)]
  0x0000018339ed20d0 JavaThread "Unconstrained build operations Thread 26" [_thread_blocked, id=22852, stack(0x0000007740600000,0x0000007740700000)]
  0x0000018339ed25e0 JavaThread "Unconstrained build operations Thread 27" [_thread_blocked, id=23908, stack(0x0000007740700000,0x0000007740800000)]
  0x0000018339ed2af0 JavaThread "Unconstrained build operations Thread 28" [_thread_blocked, id=5728, stack(0x0000007740800000,0x0000007740900000)]
  0x0000018339ed3000 JavaThread "Unconstrained build operations Thread 29" [_thread_blocked, id=12336, stack(0x0000007740900000,0x0000007740a00000)]
  0x0000018339ed3510 JavaThread "Unconstrained build operations Thread 30" [_thread_blocked, id=24904, stack(0x0000007740a00000,0x0000007740b00000)]
  0x00000183391494c0 JavaThread "Unconstrained build operations Thread 31" [_thread_blocked, id=16660, stack(0x0000007740b00000,0x0000007740c00000)]
  0x000001833914ae10 JavaThread "Unconstrained build operations Thread 32" [_thread_blocked, id=33888, stack(0x0000007740c00000,0x0000007740d00000)]
  0x000001833914c250 JavaThread "Unconstrained build operations Thread 33" [_thread_blocked, id=13364, stack(0x0000007740d00000,0x0000007740e00000)]

Other Threads:
  0x000001831b1787b0 VMThread "VM Thread" [stack: 0x000000773b300000,0x000000773b400000] [id=33868]
  0x000001831b3d8440 WatcherThread [stack: 0x000000773bf00000,0x000000773c000000] [id=23500]
  0x000001837fa0b220 GCTaskThread "GC Thread#0" [stack: 0x000000773ae00000,0x000000773af00000] [id=33004]
  0x000001831baf7ad0 GCTaskThread "GC Thread#1" [stack: 0x000000773c200000,0x000000773c300000] [id=984]
  0x000001831baf7d90 GCTaskThread "GC Thread#2" [stack: 0x000000773c300000,0x000000773c400000] [id=25044]
  0x000001831baf8050 GCTaskThread "GC Thread#3" [stack: 0x000000773c400000,0x000000773c500000] [id=21240]
  0x000001831bc9ad10 GCTaskThread "GC Thread#4" [stack: 0x000000773c500000,0x000000773c600000] [id=32204]
  0x000001831bc9afd0 GCTaskThread "GC Thread#5" [stack: 0x000000773c600000,0x000000773c700000] [id=16828]
  0x000001831b9d88a0 GCTaskThread "GC Thread#6" [stack: 0x000000773d300000,0x000000773d400000] [id=11300]
  0x000001831b9d93a0 GCTaskThread "GC Thread#7" [stack: 0x000000773d400000,0x000000773d500000] [id=31896]
  0x000001831b9d8e20 GCTaskThread "GC Thread#8" [stack: 0x000000773d500000,0x000000773d600000] [id=23800]
  0x000001831b9d8b60 GCTaskThread "GC Thread#9" [stack: 0x000000773d600000,0x000000773d700000] [id=25176]
  0x000001837fa10080 ConcurrentGCThread "G1 Main Marker" [stack: 0x000000773af00000,0x000000773b000000] [id=26644]
  0x000001837fa109b0 ConcurrentGCThread "G1 Conc#0" [stack: 0x000000773b000000,0x000000773b100000] [id=19160]
  0x000001831b9d9920 ConcurrentGCThread "G1 Conc#1" [stack: 0x000000773d900000,0x000000773da00000] [id=32004]
  0x000001831b9d9be0 ConcurrentGCThread "G1 Conc#2" [stack: 0x000000773da00000,0x000000773db00000] [id=20048]
  0x000001837fa8dd30 ConcurrentGCThread "G1 Refine#0" [stack: 0x000000773b100000,0x000000773b200000] [id=3828]
  0x000001837fa8e510 ConcurrentGCThread "G1 Service" [stack: 0x000000773b200000,0x000000773b300000] [id=31804]

Threads with active compile tasks:
C2 CompilerThread0    34836 11738       4       com.google.common.collect.ImmutableSet$Builder::<init> (31 bytes)
C2 CompilerThread1    34836 11751       4       org.gradle.internal.operations.DefaultBuildOperationRunner::execute (23 bytes)

VM state: not at safepoint (normal execution)

VM Mutex/Monitor currently owned by a thread: None

Heap address: 0x00000000e0000000, size: 512 MB, Compressed Oops mode: 32-bit

CDS archive(s) mapped at: [0x000001831c000000-0x000001831cbb0000-0x000001831cbb0000), size 12255232, SharedBaseAddress: 0x000001831c000000, ArchiveRelocationMode: 1.
Compressed class space mapped at: 0x000001831d000000-0x0000018331000000, reserved size: 335544320
Narrow klass base: 0x000001831c000000, Narrow klass shift: 0, Narrow klass range: 0x100000000

GC Precious Log:
 CPUs: 12 total, 12 available
 Memory: 7835M
 Large Page Support: Disabled
 NUMA Support: Disabled
 Compressed Oops: Enabled (32-bit)
 Heap Region Size: 1M
 Heap Min Capacity: 256M
 Heap Initial Capacity: 256M
 Heap Max Capacity: 512M
 Pre-touch: Disabled
 Parallel Workers: 10
 Concurrent Workers: 3
 Concurrent Refinement Workers: 10
 Periodic GC: Disabled

Heap:
 garbage-first heap   total 262144K, used 162324K [0x00000000e0000000, 0x0000000100000000)
  region size 1024K, 55 young (56320K), 5 survivors (5120K)
 Metaspace       used 80488K, committed 81344K, reserved 458752K
  class space    used 10797K, committed 11200K, reserved 327680K

Heap Regions: E=young(eden), S=young(survivor), O=old, HS=humongous(starts), HC=humongous(continues), CS=collection set, F=free, OA=open archive, CA=closed archive, TAMS=top-at-mark-start (previous, next)
|   0|0x00000000e0000000, 0x00000000e0100000, 0x00000000e0100000|100%|HS|  |TAMS 0x00000000e0100000, 0x00000000e0000000| Complete 
|   1|0x00000000e0100000, 0x00000000e0200000, 0x00000000e0200000|100%|HC|  |TAMS 0x00000000e0200000, 0x00000000e0100000| Complete 
|   2|0x00000000e0200000, 0x00000000e0300000, 0x00000000e0300000|100%|HC|  |TAMS 0x00000000e0300000, 0x00000000e0200000| Complete 
|   3|0x00000000e0300000, 0x00000000e0400000, 0x00000000e0400000|100%|HC|  |TAMS 0x00000000e0400000, 0x00000000e0300000| Complete 
|   4|0x00000000e0400000, 0x00000000e0500000, 0x00000000e0500000|100%| O|  |TAMS 0x00000000e0500000, 0x00000000e0400000| Untracked 
|   5|0x00000000e0500000, 0x00000000e0600000, 0x00000000e0600000|100%| O|  |TAMS 0x00000000e0600000, 0x00000000e0500000| Untracked 
|   6|0x00000000e0600000, 0x00000000e0700000, 0x00000000e0700000|100%| O|  |TAMS 0x00000000e0700000, 0x00000000e0600000| Untracked 
|   7|0x00000000e0700000, 0x00000000e0800000, 0x00000000e0800000|100%| O|  |TAMS 0x00000000e0800000, 0x00000000e0700000| Untracked 
|   8|0x00000000e0800000, 0x00000000e0900000, 0x00000000e0900000|100%| O|  |TAMS 0x00000000e0900000, 0x00000000e0800000| Untracked 
|   9|0x00000000e0900000, 0x00000000e0a00000, 0x00000000e0a00000|100%| O|  |TAMS 0x00000000e0a00000, 0x00000000e0900000| Untracked 
|  10|0x00000000e0a00000, 0x00000000e0b00000, 0x00000000e0b00000|100%| O|  |TAMS 0x00000000e0b00000, 0x00000000e0a00000| Untracked 
|  11|0x00000000e0b00000, 0x00000000e0c00000, 0x00000000e0c00000|100%|HS|  |TAMS 0x00000000e0c00000, 0x00000000e0b00000| Complete 
|  12|0x00000000e0c00000, 0x00000000e0d00000, 0x00000000e0d00000|100%| O|  |TAMS 0x00000000e0d00000, 0x00000000e0c00000| Untracked 
|  13|0x00000000e0d00000, 0x00000000e0e00000, 0x00000000e0e00000|100%| O|  |TAMS 0x00000000e0e00000, 0x00000000e0d00000| Untracked 
|  14|0x00000000e0e00000, 0x00000000e0f00000, 0x00000000e0f00000|100%| O|  |TAMS 0x00000000e0f00000, 0x00000000e0e00000| Untracked 
|  15|0x00000000e0f00000, 0x00000000e1000000, 0x00000000e1000000|100%| O|  |TAMS 0x00000000e1000000, 0x00000000e0f00000| Untracked 
|  16|0x00000000e1000000, 0x00000000e1100000, 0x00000000e1100000|100%| O|  |TAMS 0x00000000e1100000, 0x00000000e1000000| Untracked 
|  17|0x00000000e1100000, 0x00000000e1200000, 0x00000000e1200000|100%| O|  |TAMS 0x00000000e1200000, 0x00000000e1100000| Untracked 
|  18|0x00000000e1200000, 0x00000000e1300000, 0x00000000e1300000|100%| O|  |TAMS 0x00000000e1300000, 0x00000000e1200000| Untracked 
|  19|0x00000000e1300000, 0x00000000e1400000, 0x00000000e1400000|100%| O|  |TAMS 0x00000000e1400000, 0x00000000e1300000| Untracked 
|  20|0x00000000e1400000, 0x00000000e1500000, 0x00000000e1500000|100%| O|  |TAMS 0x00000000e1500000, 0x00000000e1400000| Untracked 
|  21|0x00000000e1500000, 0x00000000e1600000, 0x00000000e1600000|100%|HS|  |TAMS 0x00000000e1600000, 0x00000000e1500000| Complete 
|  22|0x00000000e1600000, 0x00000000e1700000, 0x00000000e1700000|100%|HC|  |TAMS 0x00000000e1700000, 0x00000000e1600000| Complete 
|  23|0x00000000e1700000, 0x00000000e1800000, 0x00000000e1800000|100%| O|  |TAMS 0x00000000e1800000, 0x00000000e1700000| Untracked 
|  24|0x00000000e1800000, 0x00000000e1900000, 0x00000000e1900000|100%| O|  |TAMS 0x00000000e1900000, 0x00000000e1800000| Untracked 
|  25|0x00000000e1900000, 0x00000000e1a00000, 0x00000000e1a00000|100%| O|  |TAMS 0x00000000e1a00000, 0x00000000e1900000| Untracked 
|  26|0x00000000e1a00000, 0x00000000e1b00000, 0x00000000e1b00000|100%| O|  |TAMS 0x00000000e1b00000, 0x00000000e1a00000| Untracked 
|  27|0x00000000e1b00000, 0x00000000e1c00000, 0x00000000e1c00000|100%| O|  |TAMS 0x00000000e1c00000, 0x00000000e1b00000| Untracked 
|  28|0x00000000e1c00000, 0x00000000e1d00000, 0x00000000e1d00000|100%| O|  |TAMS 0x00000000e1d00000, 0x00000000e1c00000| Untracked 
|  29|0x00000000e1d00000, 0x00000000e1e00000, 0x00000000e1e00000|100%| O|  |TAMS 0x00000000e1e00000, 0x00000000e1d00000| Untracked 
|  30|0x00000000e1e00000, 0x00000000e1f00000, 0x00000000e1f00000|100%| O|  |TAMS 0x00000000e1f00000, 0x00000000e1e00000| Untracked 
|  31|0x00000000e1f00000, 0x00000000e2000000, 0x00000000e2000000|100%| O|  |TAMS 0x00000000e2000000, 0x00000000e1f00000| Untracked 
|  32|0x00000000e2000000, 0x00000000e2100000, 0x00000000e2100000|100%| O|  |TAMS 0x00000000e2100000, 0x00000000e2000000| Untracked 
|  33|0x00000000e2100000, 0x00000000e2200000, 0x00000000e2200000|100%| O|  |TAMS 0x00000000e2200000, 0x00000000e2100000| Untracked 
|  34|0x00000000e2200000, 0x00000000e2300000, 0x00000000e2300000|100%| O|  |TAMS 0x00000000e2300000, 0x00000000e2200000| Untracked 
|  35|0x00000000e2300000, 0x00000000e2400000, 0x00000000e2400000|100%| O|  |TAMS 0x00000000e2400000, 0x00000000e2300000| Untracked 
|  36|0x00000000e2400000, 0x00000000e2500000, 0x00000000e2500000|100%| O|  |TAMS 0x00000000e2500000, 0x00000000e2400000| Untracked 
|  37|0x00000000e2500000, 0x00000000e2600000, 0x00000000e2600000|100%| O|  |TAMS 0x00000000e2600000, 0x00000000e2500000| Untracked 
|  38|0x00000000e2600000, 0x00000000e2700000, 0x00000000e2700000|100%| O|  |TAMS 0x00000000e2700000, 0x00000000e2600000| Untracked 
|  39|0x00000000e2700000, 0x00000000e2800000, 0x00000000e2800000|100%| O|  |TAMS 0x00000000e2800000, 0x00000000e2700000| Untracked 
|  40|0x00000000e2800000, 0x00000000e2900000, 0x00000000e2900000|100%| O|  |TAMS 0x00000000e2900000, 0x00000000e2800000| Untracked 
|  41|0x00000000e2900000, 0x00000000e2a00000, 0x00000000e2a00000|100%| O|  |TAMS 0x00000000e2a00000, 0x00000000e2900000| Untracked 
|  42|0x00000000e2a00000, 0x00000000e2b00000, 0x00000000e2b00000|100%| O|  |TAMS 0x00000000e2b00000, 0x00000000e2a00000| Untracked 
|  43|0x00000000e2b00000, 0x00000000e2c00000, 0x00000000e2c00000|100%|HS|  |TAMS 0x00000000e2c00000, 0x00000000e2b00000| Complete 
|  44|0x00000000e2c00000, 0x00000000e2d00000, 0x00000000e2d00000|100%|HC|  |TAMS 0x00000000e2d00000, 0x00000000e2c00000| Complete 
|  45|0x00000000e2d00000, 0x00000000e2e00000, 0x00000000e2e00000|100%|HS|  |TAMS 0x00000000e2e00000, 0x00000000e2d00000| Complete 
|  46|0x00000000e2e00000, 0x00000000e2f00000, 0x00000000e2f00000|100%|HC|  |TAMS 0x00000000e2f00000, 0x00000000e2e00000| Complete 
|  47|0x00000000e2f00000, 0x00000000e3000000, 0x00000000e3000000|100%|HC|  |TAMS 0x00000000e3000000, 0x00000000e2f00000| Complete 
|  48|0x00000000e3000000, 0x00000000e3100000, 0x00000000e3100000|100%| O|  |TAMS 0x00000000e3100000, 0x00000000e3000000| Untracked 
|  49|0x00000000e3100000, 0x00000000e3200000, 0x00000000e3200000|100%| O|  |TAMS 0x00000000e3200000, 0x00000000e3100000| Untracked 
|  50|0x00000000e3200000, 0x00000000e3300000, 0x00000000e3300000|100%| O|  |TAMS 0x00000000e3300000, 0x00000000e3200000| Untracked 
|  51|0x00000000e3300000, 0x00000000e3400000, 0x00000000e3400000|100%| O|  |TAMS 0x00000000e3400000, 0x00000000e3300000| Untracked 
|  52|0x00000000e3400000, 0x00000000e3500000, 0x00000000e3500000|100%| O|  |TAMS 0x00000000e3500000, 0x00000000e3400000| Untracked 
|  53|0x00000000e3500000, 0x00000000e3600000, 0x00000000e3600000|100%| O|  |TAMS 0x00000000e3600000, 0x00000000e3500000| Untracked 
|  54|0x00000000e3600000, 0x00000000e3700000, 0x00000000e3700000|100%| O|  |TAMS 0x00000000e3700000, 0x00000000e3600000| Untracked 
|  55|0x00000000e3700000, 0x00000000e3800000, 0x00000000e3800000|100%| O|  |TAMS 0x00000000e3800000, 0x00000000e3700000| Untracked 
|  56|0x00000000e3800000, 0x00000000e3900000, 0x00000000e3900000|100%| O|  |TAMS 0x00000000e3900000, 0x00000000e3800000| Untracked 
|  57|0x00000000e3900000, 0x00000000e3a00000, 0x00000000e3a00000|100%| O|  |TAMS 0x00000000e3a00000, 0x00000000e3900000| Untracked 
|  58|0x00000000e3a00000, 0x00000000e3b00000, 0x00000000e3b00000|100%|HS|  |TAMS 0x00000000e3b00000, 0x00000000e3a00000| Complete 
|  59|0x00000000e3b00000, 0x00000000e3c00000, 0x00000000e3c00000|100%|HS|  |TAMS 0x00000000e3c00000, 0x00000000e3b00000| Complete 
|  60|0x00000000e3c00000, 0x00000000e3d00000, 0x00000000e3d00000|100%|HS|  |TAMS 0x00000000e3d00000, 0x00000000e3c00000| Complete 
|  61|0x00000000e3d00000, 0x00000000e3e00000, 0x00000000e3e00000|100%|HS|  |TAMS 0x00000000e3e00000, 0x00000000e3d00000| Complete 
|  62|0x00000000e3e00000, 0x00000000e3f00000, 0x00000000e3f00000|100%|HS|  |TAMS 0x00000000e3f00000, 0x00000000e3e00000| Complete 
|  63|0x00000000e3f00000, 0x00000000e4000000, 0x00000000e4000000|100%| O|  |TAMS 0x00000000e4000000, 0x00000000e3f00000| Untracked 
|  64|0x00000000e4000000, 0x00000000e4100000, 0x00000000e4100000|100%| O|  |TAMS 0x00000000e4100000, 0x00000000e4000000| Untracked 
|  65|0x00000000e4100000, 0x00000000e4200000, 0x00000000e4200000|100%| O|  |TAMS 0x00000000e4200000, 0x00000000e4100000| Untracked 
|  66|0x00000000e4200000, 0x00000000e4300000, 0x00000000e4300000|100%| O|  |TAMS 0x00000000e4300000, 0x00000000e4200000| Untracked 
|  67|0x00000000e4300000, 0x00000000e4400000, 0x00000000e4400000|100%| O|  |TAMS 0x00000000e4400000, 0x00000000e4300000| Untracked 
|  68|0x00000000e4400000, 0x00000000e4500000, 0x00000000e4500000|100%| O|  |TAMS 0x00000000e4500000, 0x00000000e4400000| Untracked 
|  69|0x00000000e4500000, 0x00000000e4600000, 0x00000000e4600000|100%| O|  |TAMS 0x00000000e4600000, 0x00000000e4500000| Untracked 
|  70|0x00000000e4600000, 0x00000000e4700000, 0x00000000e4700000|100%| O|  |TAMS 0x00000000e4700000, 0x00000000e4600000| Untracked 
|  71|0x00000000e4700000, 0x00000000e4800000, 0x00000000e4800000|100%| O|  |TAMS 0x00000000e4700000, 0x00000000e4700000| Untracked 
|  72|0x00000000e4800000, 0x00000000e4900000, 0x00000000e4900000|100%| O|  |TAMS 0x00000000e4800000, 0x00000000e4800000| Untracked 
|  73|0x00000000e4900000, 0x00000000e4a00000, 0x00000000e4a00000|100%| O|  |TAMS 0x00000000e4900000, 0x00000000e4900000| Untracked 
|  74|0x00000000e4a00000, 0x00000000e4b00000, 0x00000000e4b00000|100%| O|  |TAMS 0x00000000e4a00000, 0x00000000e4a00000| Untracked 
|  75|0x00000000e4b00000, 0x00000000e4c00000, 0x00000000e4c00000|100%| O|  |TAMS 0x00000000e4b00000, 0x00000000e4b00000| Untracked 
|  76|0x00000000e4c00000, 0x00000000e4d00000, 0x00000000e4d00000|100%| O|  |TAMS 0x00000000e4c00000, 0x00000000e4c00000| Untracked 
|  77|0x00000000e4d00000, 0x00000000e4e00000, 0x00000000e4e00000|100%| O|  |TAMS 0x00000000e4d00000, 0x00000000e4d00000| Untracked 
|  78|0x00000000e4e00000, 0x00000000e4f00000, 0x00000000e4f00000|100%| O|  |TAMS 0x00000000e4e00000, 0x00000000e4e00000| Untracked 
|  79|0x00000000e4f00000, 0x00000000e5000000, 0x00000000e5000000|100%| O|  |TAMS 0x00000000e4f00000, 0x00000000e4f00000| Untracked 
|  80|0x00000000e5000000, 0x00000000e5100000, 0x00000000e5100000|100%| O|  |TAMS 0x00000000e5000000, 0x00000000e5000000| Untracked 
|  81|0x00000000e5100000, 0x00000000e5200000, 0x00000000e5200000|100%|HS|  |TAMS 0x00000000e5100000, 0x00000000e5100000| Complete 
|  82|0x00000000e5200000, 0x00000000e5300000, 0x00000000e5300000|100%| O|  |TAMS 0x00000000e5200000, 0x00000000e5200000| Untracked 
|  83|0x00000000e5300000, 0x00000000e5400000, 0x00000000e5400000|100%| O|  |TAMS 0x00000000e5300000, 0x00000000e5300000| Untracked 
|  84|0x00000000e5400000, 0x00000000e5500000, 0x00000000e5500000|100%| O|  |TAMS 0x00000000e5400000, 0x00000000e5400000| Untracked 
|  85|0x00000000e5500000, 0x00000000e5600000, 0x00000000e5600000|100%| O|  |TAMS 0x00000000e5500000, 0x00000000e5500000| Untracked 
|  86|0x00000000e5600000, 0x00000000e5700000, 0x00000000e5700000|100%| O|  |TAMS 0x00000000e5600000, 0x00000000e5600000| Untracked 
|  87|0x00000000e5700000, 0x00000000e5800000, 0x00000000e5800000|100%|HS|  |TAMS 0x00000000e5700000, 0x00000000e5700000| Complete 
|  88|0x00000000e5800000, 0x00000000e5900000, 0x00000000e5900000|100%|HS|  |TAMS 0x00000000e5800000, 0x00000000e5800000| Complete 
|  89|0x00000000e5900000, 0x00000000e5a00000, 0x00000000e5a00000|100%|HC|  |TAMS 0x00000000e5900000, 0x00000000e5900000| Complete 
|  90|0x00000000e5a00000, 0x00000000e5b00000, 0x00000000e5b00000|100%| O|  |TAMS 0x00000000e5a00000, 0x00000000e5a00000| Untracked 
|  91|0x00000000e5b00000, 0x00000000e5c00000, 0x00000000e5c00000|100%| O|  |TAMS 0x00000000e5b00000, 0x00000000e5b00000| Untracked 
|  92|0x00000000e5c00000, 0x00000000e5d00000, 0x00000000e5d00000|100%| O|  |TAMS 0x00000000e5c00000, 0x00000000e5c00000| Untracked 
|  93|0x00000000e5d00000, 0x00000000e5e00000, 0x00000000e5e00000|100%| O|  |TAMS 0x00000000e5d00000, 0x00000000e5d00000| Untracked 
|  94|0x00000000e5e00000, 0x00000000e5f00000, 0x00000000e5f00000|100%|HS|  |TAMS 0x00000000e5e00000, 0x00000000e5e00000| Complete 
|  95|0x00000000e5f00000, 0x00000000e6000000, 0x00000000e6000000|100%|HC|  |TAMS 0x00000000e5f00000, 0x00000000e5f00000| Complete 
|  96|0x00000000e6000000, 0x00000000e6100000, 0x00000000e6100000|100%|HC|  |TAMS 0x00000000e6000000, 0x00000000e6000000| Complete 
|  97|0x00000000e6100000, 0x00000000e6200000, 0x00000000e6200000|100%| O|  |TAMS 0x00000000e6100000, 0x00000000e6100000| Untracked 
|  98|0x00000000e6200000, 0x00000000e6300000, 0x00000000e6300000|100%| O|  |TAMS 0x00000000e6200000, 0x00000000e6200000| Untracked 
|  99|0x00000000e6300000, 0x00000000e6400000, 0x00000000e6400000|100%| O|  |TAMS 0x00000000e6300000, 0x00000000e6300000| Untracked 
| 100|0x00000000e6400000, 0x00000000e6500000, 0x00000000e6500000|100%| O|  |TAMS 0x00000000e6400000, 0x00000000e6400000| Untracked 
| 101|0x00000000e6500000, 0x00000000e6600000, 0x00000000e6600000|100%| O|  |TAMS 0x00000000e6500000, 0x00000000e6500000| Untracked 
| 102|0x00000000e6600000, 0x00000000e6700000, 0x00000000e6700000|100%| O|  |TAMS 0x00000000e6600000, 0x00000000e6600000| Untracked 
| 103|0x00000000e6700000, 0x00000000e6800000, 0x00000000e6800000|100%| O|  |TAMS 0x00000000e6700000, 0x00000000e6700000| Untracked 
| 104|0x00000000e6800000, 0x00000000e6900000, 0x00000000e6900000|100%| O|  |TAMS 0x00000000e6800000, 0x00000000e6800000| Untracked 
| 105|0x00000000e6900000, 0x00000000e6985200, 0x00000000e6a00000| 52%| O|  |TAMS 0x00000000e6900000, 0x00000000e6900000| Untracked 
| 106|0x00000000e6a00000, 0x00000000e6a00000, 0x00000000e6b00000|  0%| F|  |TAMS 0x00000000e6a00000, 0x00000000e6a00000| Untracked 
| 107|0x00000000e6b00000, 0x00000000e6b00000, 0x00000000e6c00000|  0%| F|  |TAMS 0x00000000e6b00000, 0x00000000e6b00000| Untracked 
| 108|0x00000000e6c00000, 0x00000000e6c00000, 0x00000000e6d00000|  0%| F|  |TAMS 0x00000000e6c00000, 0x00000000e6c00000| Untracked 
| 109|0x00000000e6d00000, 0x00000000e6d00000, 0x00000000e6e00000|  0%| F|  |TAMS 0x00000000e6d00000, 0x00000000e6d00000| Untracked 
| 110|0x00000000e6e00000, 0x00000000e6e00000, 0x00000000e6f00000|  0%| F|  |TAMS 0x00000000e6e00000, 0x00000000e6e00000| Untracked 
| 111|0x00000000e6f00000, 0x00000000e6f00000, 0x00000000e7000000|  0%| F|  |TAMS 0x00000000e6f00000, 0x00000000e6f00000| Untracked 
| 112|0x00000000e7000000, 0x00000000e7000000, 0x00000000e7100000|  0%| F|  |TAMS 0x00000000e7000000, 0x00000000e7000000| Untracked 
| 113|0x00000000e7100000, 0x00000000e7100000, 0x00000000e7200000|  0%| F|  |TAMS 0x00000000e7100000, 0x00000000e7100000| Untracked 
| 114|0x00000000e7200000, 0x00000000e7200000, 0x00000000e7300000|  0%| F|  |TAMS 0x00000000e7200000, 0x00000000e7200000| Untracked 
| 115|0x00000000e7300000, 0x00000000e7300000, 0x00000000e7400000|  0%| F|  |TAMS 0x00000000e7300000, 0x00000000e7300000| Untracked 
| 116|0x00000000e7400000, 0x00000000e7400000, 0x00000000e7500000|  0%| F|  |TAMS 0x00000000e7400000, 0x00000000e7400000| Untracked 
| 117|0x00000000e7500000, 0x00000000e7500000, 0x00000000e7600000|  0%| F|  |TAMS 0x00000000e7500000, 0x00000000e7500000| Untracked 
| 118|0x00000000e7600000, 0x00000000e7600000, 0x00000000e7700000|  0%| F|  |TAMS 0x00000000e7600000, 0x00000000e7600000| Untracked 
| 119|0x00000000e7700000, 0x00000000e7700000, 0x00000000e7800000|  0%| F|  |TAMS 0x00000000e7700000, 0x00000000e7700000| Untracked 
| 120|0x00000000e7800000, 0x00000000e7800000, 0x00000000e7900000|  0%| F|  |TAMS 0x00000000e7800000, 0x00000000e7800000| Untracked 
| 121|0x00000000e7900000, 0x00000000e7900000, 0x00000000e7a00000|  0%| F|  |TAMS 0x00000000e7900000, 0x00000000e7900000| Untracked 
| 122|0x00000000e7a00000, 0x00000000e7a00000, 0x00000000e7b00000|  0%| F|  |TAMS 0x00000000e7a00000, 0x00000000e7a00000| Untracked 
| 123|0x00000000e7b00000, 0x00000000e7b00000, 0x00000000e7c00000|  0%| F|  |TAMS 0x00000000e7b00000, 0x00000000e7b00000| Untracked 
| 124|0x00000000e7c00000, 0x00000000e7c00000, 0x00000000e7d00000|  0%| F|  |TAMS 0x00000000e7c00000, 0x00000000e7c00000| Untracked 
| 125|0x00000000e7d00000, 0x00000000e7d00000, 0x00000000e7e00000|  0%| F|  |TAMS 0x00000000e7d00000, 0x00000000e7d00000| Untracked 
| 126|0x00000000e7e00000, 0x00000000e7e00000, 0x00000000e7f00000|  0%| F|  |TAMS 0x00000000e7e00000, 0x00000000e7e00000| Untracked 
| 127|0x00000000e7f00000, 0x00000000e7f00000, 0x00000000e8000000|  0%| F|  |TAMS 0x00000000e7f00000, 0x00000000e7f00000| Untracked 
| 128|0x00000000e8000000, 0x00000000e8000000, 0x00000000e8100000|  0%| F|  |TAMS 0x00000000e8000000, 0x00000000e8000000| Untracked 
| 129|0x00000000e8100000, 0x00000000e8100000, 0x00000000e8200000|  0%| F|  |TAMS 0x00000000e8100000, 0x00000000e8100000| Untracked 
| 130|0x00000000e8200000, 0x00000000e8200000, 0x00000000e8300000|  0%| F|  |TAMS 0x00000000e8200000, 0x00000000e8200000| Untracked 
| 131|0x00000000e8300000, 0x00000000e8300000, 0x00000000e8400000|  0%| F|  |TAMS 0x00000000e8300000, 0x00000000e8300000| Untracked 
| 132|0x00000000e8400000, 0x00000000e8400000, 0x00000000e8500000|  0%| F|  |TAMS 0x00000000e8400000, 0x00000000e8400000| Untracked 
| 133|0x00000000e8500000, 0x00000000e8500000, 0x00000000e8600000|  0%| F|  |TAMS 0x00000000e8500000, 0x00000000e8500000| Untracked 
| 134|0x00000000e8600000, 0x00000000e8600000, 0x00000000e8700000|  0%| F|  |TAMS 0x00000000e8600000, 0x00000000e8600000| Untracked 
| 135|0x00000000e8700000, 0x00000000e8700000, 0x00000000e8800000|  0%| F|  |TAMS 0x00000000e8700000, 0x00000000e8700000| Untracked 
| 136|0x00000000e8800000, 0x00000000e8800000, 0x00000000e8900000|  0%| F|  |TAMS 0x00000000e8800000, 0x00000000e8800000| Untracked 
| 137|0x00000000e8900000, 0x00000000e8900000, 0x00000000e8a00000|  0%| F|  |TAMS 0x00000000e8900000, 0x00000000e8900000| Untracked 
| 138|0x00000000e8a00000, 0x00000000e8a00000, 0x00000000e8b00000|  0%| F|  |TAMS 0x00000000e8a00000, 0x00000000e8a00000| Untracked 
| 139|0x00000000e8b00000, 0x00000000e8b00000, 0x00000000e8c00000|  0%| F|  |TAMS 0x00000000e8b00000, 0x00000000e8b00000| Untracked 
| 140|0x00000000e8c00000, 0x00000000e8c00000, 0x00000000e8d00000|  0%| F|  |TAMS 0x00000000e8c00000, 0x00000000e8c00000| Untracked 
| 141|0x00000000e8d00000, 0x00000000e8d00000, 0x00000000e8e00000|  0%| F|  |TAMS 0x00000000e8d00000, 0x00000000e8d00000| Untracked 
| 142|0x00000000e8e00000, 0x00000000e8e00000, 0x00000000e8f00000|  0%| F|  |TAMS 0x00000000e8e00000, 0x00000000e8e00000| Untracked 
| 143|0x00000000e8f00000, 0x00000000e8f00000, 0x00000000e9000000|  0%| F|  |TAMS 0x00000000e8f00000, 0x00000000e8f00000| Untracked 
| 144|0x00000000e9000000, 0x00000000e9000000, 0x00000000e9100000|  0%| F|  |TAMS 0x00000000e9000000, 0x00000000e9000000| Untracked 
| 145|0x00000000e9100000, 0x00000000e9100000, 0x00000000e9200000|  0%| F|  |TAMS 0x00000000e9100000, 0x00000000e9100000| Untracked 
| 146|0x00000000e9200000, 0x00000000e9200000, 0x00000000e9300000|  0%| F|  |TAMS 0x00000000e9200000, 0x00000000e9200000| Untracked 
| 147|0x00000000e9300000, 0x00000000e9300000, 0x00000000e9400000|  0%| F|  |TAMS 0x00000000e9300000, 0x00000000e9300000| Untracked 
| 148|0x00000000e9400000, 0x00000000e9400000, 0x00000000e9500000|  0%| F|  |TAMS 0x00000000e9400000, 0x00000000e9400000| Untracked 
| 149|0x00000000e9500000, 0x00000000e9500000, 0x00000000e9600000|  0%| F|  |TAMS 0x00000000e9500000, 0x00000000e9500000| Untracked 
| 150|0x00000000e9600000, 0x00000000e9600000, 0x00000000e9700000|  0%| F|  |TAMS 0x00000000e9600000, 0x00000000e9600000| Untracked 
| 151|0x00000000e9700000, 0x00000000e9700000, 0x00000000e9800000|  0%| F|  |TAMS 0x00000000e9700000, 0x00000000e9700000| Untracked 
| 152|0x00000000e9800000, 0x00000000e9800000, 0x00000000e9900000|  0%| F|  |TAMS 0x00000000e9800000, 0x00000000e9800000| Untracked 
| 153|0x00000000e9900000, 0x00000000e9900000, 0x00000000e9a00000|  0%| F|  |TAMS 0x00000000e9900000, 0x00000000e9900000| Untracked 
| 154|0x00000000e9a00000, 0x00000000e9b00000, 0x00000000e9b00000|100%| S|CS|TAMS 0x00000000e9a00000, 0x00000000e9a00000| Complete 
| 155|0x00000000e9b00000, 0x00000000e9c00000, 0x00000000e9c00000|100%| S|CS|TAMS 0x00000000e9b00000, 0x00000000e9b00000| Complete 
| 156|0x00000000e9c00000, 0x00000000e9d00000, 0x00000000e9d00000|100%| S|CS|TAMS 0x00000000e9c00000, 0x00000000e9c00000| Complete 
| 157|0x00000000e9d00000, 0x00000000e9e00000, 0x00000000e9e00000|100%| S|CS|TAMS 0x00000000e9d00000, 0x00000000e9d00000| Complete 
| 158|0x00000000e9e00000, 0x00000000e9f00000, 0x00000000e9f00000|100%| S|CS|TAMS 0x00000000e9e00000, 0x00000000e9e00000| Complete 
| 159|0x00000000e9f00000, 0x00000000e9f00000, 0x00000000ea000000|  0%| F|  |TAMS 0x00000000e9f00000, 0x00000000e9f00000| Untracked 
| 160|0x00000000ea000000, 0x00000000ea000000, 0x00000000ea100000|  0%| F|  |TAMS 0x00000000ea000000, 0x00000000ea000000| Untracked 
| 161|0x00000000ea100000, 0x00000000ea100000, 0x00000000ea200000|  0%| F|  |TAMS 0x00000000ea100000, 0x00000000ea100000| Untracked 
| 162|0x00000000ea200000, 0x00000000ea200000, 0x00000000ea300000|  0%| F|  |TAMS 0x00000000ea200000, 0x00000000ea200000| Untracked 
| 163|0x00000000ea300000, 0x00000000ea300000, 0x00000000ea400000|  0%| F|  |TAMS 0x00000000ea300000, 0x00000000ea300000| Untracked 
| 164|0x00000000ea400000, 0x00000000ea400000, 0x00000000ea500000|  0%| F|  |TAMS 0x00000000ea400000, 0x00000000ea400000| Untracked 
| 165|0x00000000ea500000, 0x00000000ea500000, 0x00000000ea600000|  0%| F|  |TAMS 0x00000000ea500000, 0x00000000ea500000| Untracked 
| 166|0x00000000ea600000, 0x00000000ea600000, 0x00000000ea700000|  0%| F|  |TAMS 0x00000000ea600000, 0x00000000ea600000| Untracked 
| 167|0x00000000ea700000, 0x00000000ea700000, 0x00000000ea800000|  0%| F|  |TAMS 0x00000000ea700000, 0x00000000ea700000| Untracked 
| 168|0x00000000ea800000, 0x00000000ea800000, 0x00000000ea900000|  0%| F|  |TAMS 0x00000000ea800000, 0x00000000ea800000| Untracked 
| 169|0x00000000ea900000, 0x00000000ea900000, 0x00000000eaa00000|  0%| F|  |TAMS 0x00000000ea900000, 0x00000000ea900000| Untracked 
| 170|0x00000000eaa00000, 0x00000000eaa00000, 0x00000000eab00000|  0%| F|  |TAMS 0x00000000eaa00000, 0x00000000eaa00000| Untracked 
| 171|0x00000000eab00000, 0x00000000eab00000, 0x00000000eac00000|  0%| F|  |TAMS 0x00000000eab00000, 0x00000000eab00000| Untracked 
| 172|0x00000000eac00000, 0x00000000eac00000, 0x00000000ead00000|  0%| F|  |TAMS 0x00000000eac00000, 0x00000000eac00000| Untracked 
| 173|0x00000000ead00000, 0x00000000ead00000, 0x00000000eae00000|  0%| F|  |TAMS 0x00000000ead00000, 0x00000000ead00000| Untracked 
| 174|0x00000000eae00000, 0x00000000eae00000, 0x00000000eaf00000|  0%| F|  |TAMS 0x00000000eae00000, 0x00000000eae00000| Untracked 
| 175|0x00000000eaf00000, 0x00000000eaf00000, 0x00000000eb000000|  0%| F|  |TAMS 0x00000000eaf00000, 0x00000000eaf00000| Untracked 
| 176|0x00000000eb000000, 0x00000000eb000000, 0x00000000eb100000|  0%| F|  |TAMS 0x00000000eb000000, 0x00000000eb000000| Untracked 
| 177|0x00000000eb100000, 0x00000000eb100000, 0x00000000eb200000|  0%| F|  |TAMS 0x00000000eb100000, 0x00000000eb100000| Untracked 
| 178|0x00000000eb200000, 0x00000000eb200000, 0x00000000eb300000|  0%| F|  |TAMS 0x00000000eb200000, 0x00000000eb200000| Untracked 
| 179|0x00000000eb300000, 0x00000000eb300000, 0x00000000eb400000|  0%| F|  |TAMS 0x00000000eb300000, 0x00000000eb300000| Untracked 
| 180|0x00000000eb400000, 0x00000000eb400000, 0x00000000eb500000|  0%| F|  |TAMS 0x00000000eb400000, 0x00000000eb400000| Untracked 
| 181|0x00000000eb500000, 0x00000000eb500000, 0x00000000eb600000|  0%| F|  |TAMS 0x00000000eb500000, 0x00000000eb500000| Untracked 
| 182|0x00000000eb600000, 0x00000000eb600000, 0x00000000eb700000|  0%| F|  |TAMS 0x00000000eb600000, 0x00000000eb600000| Untracked 
| 183|0x00000000eb700000, 0x00000000eb700000, 0x00000000eb800000|  0%| F|  |TAMS 0x00000000eb700000, 0x00000000eb700000| Untracked 
| 184|0x00000000eb800000, 0x00000000eb800000, 0x00000000eb900000|  0%| F|  |TAMS 0x00000000eb800000, 0x00000000eb800000| Untracked 
| 185|0x00000000eb900000, 0x00000000eb900000, 0x00000000eba00000|  0%| F|  |TAMS 0x00000000eb900000, 0x00000000eb900000| Untracked 
| 186|0x00000000eba00000, 0x00000000eba00000, 0x00000000ebb00000|  0%| F|  |TAMS 0x00000000eba00000, 0x00000000eba00000| Untracked 
| 187|0x00000000ebb00000, 0x00000000ebb00000, 0x00000000ebc00000|  0%| F|  |TAMS 0x00000000ebb00000, 0x00000000ebb00000| Untracked 
| 188|0x00000000ebc00000, 0x00000000ebc00000, 0x00000000ebd00000|  0%| F|  |TAMS 0x00000000ebc00000, 0x00000000ebc00000| Untracked 
| 189|0x00000000ebd00000, 0x00000000ebd00000, 0x00000000ebe00000|  0%| F|  |TAMS 0x00000000ebd00000, 0x00000000ebd00000| Untracked 
| 190|0x00000000ebe00000, 0x00000000ebe00000, 0x00000000ebf00000|  0%| F|  |TAMS 0x00000000ebe00000, 0x00000000ebe00000| Untracked 
| 191|0x00000000ebf00000, 0x00000000ebf00000, 0x00000000ec000000|  0%| F|  |TAMS 0x00000000ebf00000, 0x00000000ebf00000| Untracked 
| 192|0x00000000ec000000, 0x00000000ec000000, 0x00000000ec100000|  0%| F|  |TAMS 0x00000000ec000000, 0x00000000ec000000| Untracked 
| 193|0x00000000ec100000, 0x00000000ec100000, 0x00000000ec200000|  0%| F|  |TAMS 0x00000000ec100000, 0x00000000ec100000| Untracked 
| 194|0x00000000ec200000, 0x00000000ec200000, 0x00000000ec300000|  0%| F|  |TAMS 0x00000000ec200000, 0x00000000ec200000| Untracked 
| 195|0x00000000ec300000, 0x00000000ec300000, 0x00000000ec400000|  0%| F|  |TAMS 0x00000000ec300000, 0x00000000ec300000| Untracked 
| 196|0x00000000ec400000, 0x00000000ec400000, 0x00000000ec500000|  0%| F|  |TAMS 0x00000000ec400000, 0x00000000ec400000| Untracked 
| 197|0x00000000ec500000, 0x00000000ec500000, 0x00000000ec600000|  0%| F|  |TAMS 0x00000000ec500000, 0x00000000ec500000| Untracked 
| 198|0x00000000ec600000, 0x00000000ec600000, 0x00000000ec700000|  0%| F|  |TAMS 0x00000000ec600000, 0x00000000ec600000| Untracked 
| 199|0x00000000ec700000, 0x00000000ec700000, 0x00000000ec800000|  0%| F|  |TAMS 0x00000000ec700000, 0x00000000ec700000| Untracked 
| 200|0x00000000ec800000, 0x00000000ec800000, 0x00000000ec900000|  0%| F|  |TAMS 0x00000000ec800000, 0x00000000ec800000| Untracked 
| 201|0x00000000ec900000, 0x00000000ec900000, 0x00000000eca00000|  0%| F|  |TAMS 0x00000000ec900000, 0x00000000ec900000| Untracked 
| 202|0x00000000eca00000, 0x00000000eca00000, 0x00000000ecb00000|  0%| F|  |TAMS 0x00000000eca00000, 0x00000000eca00000| Untracked 
| 203|0x00000000ecb00000, 0x00000000ecb00000, 0x00000000ecc00000|  0%| F|  |TAMS 0x00000000ecb00000, 0x00000000ecb00000| Untracked 
| 204|0x00000000ecc00000, 0x00000000ecc00000, 0x00000000ecd00000|  0%| F|  |TAMS 0x00000000ecc00000, 0x00000000ecc00000| Untracked 
| 205|0x00000000ecd00000, 0x00000000ecd00000, 0x00000000ece00000|  0%| F|  |TAMS 0x00000000ecd00000, 0x00000000ecd00000| Untracked 
| 206|0x00000000ece00000, 0x00000000ece80000, 0x00000000ecf00000| 50%| E|  |TAMS 0x00000000ece00000, 0x00000000ece00000| Complete 
| 207|0x00000000ecf00000, 0x00000000ed000000, 0x00000000ed000000|100%| E|CS|TAMS 0x00000000ecf00000, 0x00000000ecf00000| Complete 
| 208|0x00000000ed000000, 0x00000000ed100000, 0x00000000ed100000|100%| E|CS|TAMS 0x00000000ed000000, 0x00000000ed000000| Complete 
| 209|0x00000000ed100000, 0x00000000ed200000, 0x00000000ed200000|100%| E|CS|TAMS 0x00000000ed100000, 0x00000000ed100000| Complete 
| 210|0x00000000ed200000, 0x00000000ed300000, 0x00000000ed300000|100%| E|CS|TAMS 0x00000000ed200000, 0x00000000ed200000| Complete 
| 211|0x00000000ed300000, 0x00000000ed400000, 0x00000000ed400000|100%| E|CS|TAMS 0x00000000ed300000, 0x00000000ed300000| Complete 
| 212|0x00000000ed400000, 0x00000000ed500000, 0x00000000ed500000|100%| E|CS|TAMS 0x00000000ed400000, 0x00000000ed400000| Complete 
| 213|0x00000000ed500000, 0x00000000ed600000, 0x00000000ed600000|100%| E|CS|TAMS 0x00000000ed500000, 0x00000000ed500000| Complete 
| 214|0x00000000ed600000, 0x00000000ed700000, 0x00000000ed700000|100%| E|CS|TAMS 0x00000000ed600000, 0x00000000ed600000| Complete 
| 215|0x00000000ed700000, 0x00000000ed800000, 0x00000000ed800000|100%| E|CS|TAMS 0x00000000ed700000, 0x00000000ed700000| Complete 
| 216|0x00000000ed800000, 0x00000000ed900000, 0x00000000ed900000|100%| E|CS|TAMS 0x00000000ed800000, 0x00000000ed800000| Complete 
| 217|0x00000000ed900000, 0x00000000eda00000, 0x00000000eda00000|100%| E|CS|TAMS 0x00000000ed900000, 0x00000000ed900000| Complete 
| 218|0x00000000eda00000, 0x00000000edb00000, 0x00000000edb00000|100%| E|CS|TAMS 0x00000000eda00000, 0x00000000eda00000| Complete 
| 219|0x00000000edb00000, 0x00000000edc00000, 0x00000000edc00000|100%| E|CS|TAMS 0x00000000edb00000, 0x00000000edb00000| Complete 
| 220|0x00000000edc00000, 0x00000000edd00000, 0x00000000edd00000|100%| E|CS|TAMS 0x00000000edc00000, 0x00000000edc00000| Complete 
| 221|0x00000000edd00000, 0x00000000ede00000, 0x00000000ede00000|100%| E|CS|TAMS 0x00000000edd00000, 0x00000000edd00000| Complete 
| 222|0x00000000ede00000, 0x00000000edf00000, 0x00000000edf00000|100%| E|CS|TAMS 0x00000000ede00000, 0x00000000ede00000| Complete 
| 223|0x00000000edf00000, 0x00000000ee000000, 0x00000000ee000000|100%| E|CS|TAMS 0x00000000edf00000, 0x00000000edf00000| Complete 
| 224|0x00000000ee000000, 0x00000000ee100000, 0x00000000ee100000|100%| E|CS|TAMS 0x00000000ee000000, 0x00000000ee000000| Complete 
| 225|0x00000000ee100000, 0x00000000ee200000, 0x00000000ee200000|100%| E|CS|TAMS 0x00000000ee100000, 0x00000000ee100000| Complete 
| 226|0x00000000ee200000, 0x00000000ee300000, 0x00000000ee300000|100%| E|CS|TAMS 0x00000000ee200000, 0x00000000ee200000| Complete 
| 227|0x00000000ee300000, 0x00000000ee400000, 0x00000000ee400000|100%| E|CS|TAMS 0x00000000ee300000, 0x00000000ee300000| Complete 
| 228|0x00000000ee400000, 0x00000000ee500000, 0x00000000ee500000|100%| E|CS|TAMS 0x00000000ee400000, 0x00000000ee400000| Complete 
| 229|0x00000000ee500000, 0x00000000ee600000, 0x00000000ee600000|100%| E|CS|TAMS 0x00000000ee500000, 0x00000000ee500000| Complete 
| 230|0x00000000ee600000, 0x00000000ee700000, 0x00000000ee700000|100%| E|CS|TAMS 0x00000000ee600000, 0x00000000ee600000| Complete 
| 231|0x00000000ee700000, 0x00000000ee800000, 0x00000000ee800000|100%| E|CS|TAMS 0x00000000ee700000, 0x00000000ee700000| Complete 
| 232|0x00000000ee800000, 0x00000000ee900000, 0x00000000ee900000|100%| E|CS|TAMS 0x00000000ee800000, 0x00000000ee800000| Complete 
| 233|0x00000000ee900000, 0x00000000eea00000, 0x00000000eea00000|100%| E|CS|TAMS 0x00000000ee900000, 0x00000000ee900000| Complete 
| 234|0x00000000eea00000, 0x00000000eeb00000, 0x00000000eeb00000|100%| E|CS|TAMS 0x00000000eea00000, 0x00000000eea00000| Complete 
| 235|0x00000000eeb00000, 0x00000000eec00000, 0x00000000eec00000|100%| E|CS|TAMS 0x00000000eeb00000, 0x00000000eeb00000| Complete 
| 236|0x00000000eec00000, 0x00000000eed00000, 0x00000000eed00000|100%| E|CS|TAMS 0x00000000eec00000, 0x00000000eec00000| Complete 
| 237|0x00000000eed00000, 0x00000000eee00000, 0x00000000eee00000|100%| E|CS|TAMS 0x00000000eed00000, 0x00000000eed00000| Complete 
| 238|0x00000000eee00000, 0x00000000eef00000, 0x00000000eef00000|100%| E|CS|TAMS 0x00000000eee00000, 0x00000000eee00000| Complete 
| 239|0x00000000eef00000, 0x00000000ef000000, 0x00000000ef000000|100%| E|CS|TAMS 0x00000000eef00000, 0x00000000eef00000| Complete 
| 240|0x00000000ef000000, 0x00000000ef100000, 0x00000000ef100000|100%| E|CS|TAMS 0x00000000ef000000, 0x00000000ef000000| Complete 
| 241|0x00000000ef100000, 0x00000000ef200000, 0x00000000ef200000|100%| E|CS|TAMS 0x00000000ef100000, 0x00000000ef100000| Complete 
| 242|0x00000000ef200000, 0x00000000ef300000, 0x00000000ef300000|100%| E|CS|TAMS 0x00000000ef200000, 0x00000000ef200000| Complete 
| 243|0x00000000ef300000, 0x00000000ef400000, 0x00000000ef400000|100%| E|CS|TAMS 0x00000000ef300000, 0x00000000ef300000| Complete 
| 244|0x00000000ef400000, 0x00000000ef500000, 0x00000000ef500000|100%| E|CS|TAMS 0x00000000ef400000, 0x00000000ef400000| Complete 
| 245|0x00000000ef500000, 0x00000000ef600000, 0x00000000ef600000|100%| E|CS|TAMS 0x00000000ef500000, 0x00000000ef500000| Complete 
| 246|0x00000000ef600000, 0x00000000ef700000, 0x00000000ef700000|100%| E|CS|TAMS 0x00000000ef600000, 0x00000000ef600000| Complete 
| 247|0x00000000ef700000, 0x00000000ef800000, 0x00000000ef800000|100%| E|CS|TAMS 0x00000000ef700000, 0x00000000ef700000| Complete 
| 248|0x00000000ef800000, 0x00000000ef900000, 0x00000000ef900000|100%| E|CS|TAMS 0x00000000ef800000, 0x00000000ef800000| Complete 
| 249|0x00000000ef900000, 0x00000000efa00000, 0x00000000efa00000|100%| E|CS|TAMS 0x00000000ef900000, 0x00000000ef900000| Complete 
| 250|0x00000000efa00000, 0x00000000efb00000, 0x00000000efb00000|100%| E|CS|TAMS 0x00000000efa00000, 0x00000000efa00000| Complete 
| 251|0x00000000efb00000, 0x00000000efc00000, 0x00000000efc00000|100%| E|CS|TAMS 0x00000000efb00000, 0x00000000efb00000| Complete 
| 252|0x00000000efc00000, 0x00000000efd00000, 0x00000000efd00000|100%| E|CS|TAMS 0x00000000efc00000, 0x00000000efc00000| Complete 
| 253|0x00000000efd00000, 0x00000000efe00000, 0x00000000efe00000|100%| E|CS|TAMS 0x00000000efd00000, 0x00000000efd00000| Complete 
| 254|0x00000000efe00000, 0x00000000eff00000, 0x00000000eff00000|100%| E|  |TAMS 0x00000000efe00000, 0x00000000efe00000| Complete 
| 255|0x00000000eff00000, 0x00000000f0000000, 0x00000000f0000000|100%| E|CS|TAMS 0x00000000eff00000, 0x00000000eff00000| Complete 

Card table byte_map: [0x0000018317310000,0x0000018317410000] _byte_map_base: 0x0000018316c10000

Marking Bits (Prev, Next): (CMBitMap*) 0x000001837fa0b790, (CMBitMap*) 0x000001837fa0b750
 Prev Bits: [0x0000018317d10000, 0x0000018318510000)
 Next Bits: [0x0000018317510000, 0x0000018317d10000)

Polling page: 0x000001837dff0000

Metaspace:

Usage:
  Non-class:     68.09 MB used.
      Class:     10.55 MB used.
       Both:     78.64 MB used.

Virtual space:
  Non-class space:      128.00 MB reserved,      68.56 MB ( 54%) committed,  2 nodes.
      Class space:      320.00 MB reserved,      10.94 MB (  3%) committed,  1 nodes.
             Both:      448.00 MB reserved,      79.50 MB ( 18%) committed. 

Chunk freelists:
   Non-Class:  10.67 MB
       Class:  4.88 MB
        Both:  15.55 MB

MaxMetaspaceSize: 384.00 MB
CompressedClassSpaceSize: 320.00 MB
Initial GC threshold: 21.00 MB
Current GC threshold: 98.38 MB
CDS: on
MetaspaceReclaimPolicy: balanced
 - commit_granule_bytes: 65536.
 - commit_granule_words: 8192.
 - virtual_space_node_default_size: 8388608.
 - enlarge_chunks_in_place: 1.
 - new_chunks_are_fully_committed: 0.
 - uncommit_free_chunks: 1.
 - use_allocation_guard: 0.
 - handle_deallocations: 1.


Internal statistics:

num_allocs_failed_limit: 9.
num_arena_births: 1112.
num_arena_deaths: 0.
num_vsnodes_births: 3.
num_vsnodes_deaths: 0.
num_space_committed: 1272.
num_space_uncommitted: 0.
num_chunks_returned_to_freelist: 9.
num_chunks_taken_from_freelist: 4509.
num_chunk_merges: 6.
num_chunk_splits: 2955.
num_chunks_enlarged: 1915.
num_inconsistent_stats: 0.

CodeHeap 'non-profiled nmethods': size=120000Kb used=7101Kb max_used=7101Kb free=112898Kb
 bounds [0x000001830f560000, 0x000001830fc50000, 0x0000018316a90000]
CodeHeap 'profiled nmethods': size=120000Kb used=19601Kb max_used=19601Kb free=100399Kb
 bounds [0x0000018307a90000, 0x0000018308dc0000, 0x000001830efc0000]
CodeHeap 'non-nmethods': size=5760Kb used=2376Kb max_used=2441Kb free=3383Kb
 bounds [0x000001830efc0000, 0x000001830f230000, 0x000001830f560000]
 total_blobs=11130 nmethods=10226 adapters=816
 compilation: enabled
              stopped_count=0, restarted_count=0
 full_count=0

Compilation events (20 events):
Event: 33.408 Thread 0x000001831b19dff0 11780       3       org.gradle.internal.fingerprint.impl.IgnoredPathFileSystemLocationFingerprint::create (64 bytes)
Event: 33.409 Thread 0x000001831b19dff0 nmethod 11780 0x0000018308d96410 code [0x0000018308d96600, 0x0000018308d96ac8]
Event: 33.451 Thread 0x000001831b19dff0 11782       3       org.gradle.internal.instantiation.generator.AsmBackedClassGenerator$NoOpBuilder::applyConventionMappingToProperty (1 bytes)
Event: 33.451 Thread 0x000001831b19dff0 nmethod 11782 0x0000018308d96c90 code [0x0000018308d96e20, 0x0000018308d96f38]
Event: 33.460 Thread 0x000001831b19dff0 11783       3       jdk.internal.reflect.MethodAccessorGenerator::generate (762 bytes)
Event: 33.478 Thread 0x000001831b19dff0 nmethod 11783 0x0000018308d97010 code [0x0000018308d97fa0, 0x0000018308da0678]
Event: 33.479 Thread 0x000001831b19dff0 11784       3       jdk.internal.reflect.ClassFileAssembler::emitMagicAndVersion (18 bytes)
Event: 33.479 Thread 0x000001831b19dff0 nmethod 11784 0x0000018308da4190 code [0x0000018308da43c0, 0x0000018308da4988]
Event: 33.479 Thread 0x000001831b19dff0 11785       3       jdk.internal.reflect.AccessorGenerator::emitCommonConstantPoolEntries (573 bytes)
Event: 33.494 Thread 0x000001831b19dff0 nmethod 11785 0x0000018308da4c90 code [0x0000018308da5c80, 0x0000018308dae598]
Event: 33.649 Thread 0x000001831b19dff0 11787       1       com.google.common.cache.LocalCache$WeakEntry::getValueReference (5 bytes)
Event: 33.649 Thread 0x000001831b19dff0 nmethod 11787 0x000001830fc3d110 code [0x000001830fc3d2a0, 0x000001830fc3d378]
Event: 33.713 Thread 0x000001831b19d630 nmethod 11752 0x000001830fc3d410 code [0x000001830fc3d960, 0x000001830fc456e0]
Event: 33.714 Thread 0x000001831b19d630 11786 %     4       org.gradle.internal.instantiation.generator.AbstractClassGenerator::inspectType @ 517 (560 bytes)
Event: 33.730 Thread 0x000001831b19d630 nmethod 11786% 0x000001830fc49190 code [0x000001830fc49380, 0x000001830fc49c48]
Event: 33.730 Thread 0x000001831b19d630 11781       4       java.nio.ByteBuffer::order (48 bytes)
Event: 33.730 Thread 0x000001831b19d630 nmethod 11781 0x000001830fc4a390 code [0x000001830fc4a500, 0x000001830fc4a5b8]
Event: 33.730 Thread 0x000001831b19d630 11753       4       org.gradle.internal.operations.DefaultBuildOperationAncestryTracker::finished (15 bytes)
Event: 33.732 Thread 0x000001831b19d630 nmethod 11753 0x000001830fc4a690 code [0x000001830fc4a820, 0x000001830fc4a908]
Event: 33.732 Thread 0x000001831b19d630 11755       4       org.gradle.internal.operations.BuildOperationDescriptor::<init> (50 bytes)

GC Heap History (20 events):
Event: 17.982 GC heap before
{Heap before GC invocations=7 (full 0):
 garbage-first heap   total 262144K, used 184053K [0x00000000e0000000, 0x0000000100000000)
  region size 1024K, 153 young (156672K), 11 survivors (11264K)
 Metaspace       used 47243K, committed 47744K, reserved 393216K
  class space    used 6612K, committed 6848K, reserved 327680K
}
Event: 17.994 GC heap after
{Heap after GC invocations=8 (full 0):
 garbage-first heap   total 262144K, used 43725K [0x00000000e0000000, 0x0000000100000000)
  region size 1024K, 19 young (19456K), 19 survivors (19456K)
 Metaspace       used 47243K, committed 47744K, reserved 393216K
  class space    used 6612K, committed 6848K, reserved 327680K
}
Event: 20.125 GC heap before
{Heap before GC invocations=8 (full 0):
 garbage-first heap   total 262144K, used 181965K [0x00000000e0000000, 0x0000000100000000)
  region size 1024K, 153 young (156672K), 19 survivors (19456K)
 Metaspace       used 53335K, committed 53952K, reserved 393216K
  class space    used 7314K, committed 7616K, reserved 327680K
}
Event: 20.140 GC heap after
{Heap after GC invocations=9 (full 0):
 garbage-first heap   total 262144K, used 56776K [0x00000000e0000000, 0x0000000100000000)
  region size 1024K, 13 young (13312K), 13 survivors (13312K)
 Metaspace       used 53335K, committed 53952K, reserved 393216K
  class space    used 7314K, committed 7616K, reserved 327680K
}
Event: 22.920 GC heap before
{Heap before GC invocations=9 (full 0):
 garbage-first heap   total 262144K, used 197064K [0x00000000e0000000, 0x0000000100000000)
  region size 1024K, 146 young (149504K), 13 survivors (13312K)
 Metaspace       used 56095K, committed 56768K, reserved 393216K
  class space    used 7655K, committed 8000K, reserved 327680K
}
Event: 22.932 GC heap after
{Heap after GC invocations=10 (full 0):
 garbage-first heap   total 262144K, used 70656K [0x00000000e0000000, 0x0000000100000000)
  region size 1024K, 11 young (11264K), 11 survivors (11264K)
 Metaspace       used 56095K, committed 56768K, reserved 393216K
  class space    used 7655K, committed 8000K, reserved 327680K
}
Event: 24.486 GC heap before
{Heap before GC invocations=10 (full 0):
 garbage-first heap   total 262144K, used 202752K [0x00000000e0000000, 0x0000000100000000)
  region size 1024K, 136 young (139264K), 11 survivors (11264K)
 Metaspace       used 58542K, committed 59264K, reserved 393216K
  class space    used 7961K, committed 8320K, reserved 327680K
}
Event: 24.497 GC heap after
{Heap after GC invocations=11 (full 0):
 garbage-first heap   total 262144K, used 83601K [0x00000000e0000000, 0x0000000100000000)
  region size 1024K, 10 young (10240K), 10 survivors (10240K)
 Metaspace       used 58542K, committed 59264K, reserved 393216K
  class space    used 7961K, committed 8320K, reserved 327680K
}
Event: 24.662 GC heap before
{Heap before GC invocations=11 (full 0):
 garbage-first heap   total 262144K, used 90769K [0x00000000e0000000, 0x0000000100000000)
  region size 1024K, 19 young (19456K), 10 survivors (10240K)
 Metaspace       used 59458K, committed 60160K, reserved 393216K
  class space    used 8032K, committed 8384K, reserved 327680K
}
Event: 24.668 GC heap after
{Heap after GC invocations=12 (full 0):
 garbage-first heap   total 262144K, used 84280K [0x00000000e0000000, 0x0000000100000000)
  region size 1024K, 2 young (2048K), 2 survivors (2048K)
 Metaspace       used 59458K, committed 60160K, reserved 393216K
  class space    used 8032K, committed 8384K, reserved 327680K
}
Event: 26.778 GC heap before
{Heap before GC invocations=13 (full 0):
 garbage-first heap   total 262144K, used 209208K [0x00000000e0000000, 0x0000000100000000)
  region size 1024K, 115 young (117760K), 2 survivors (2048K)
 Metaspace       used 68038K, committed 68864K, reserved 393216K
  class space    used 9235K, committed 9664K, reserved 327680K
}
Event: 26.787 GC heap after
{Heap after GC invocations=14 (full 0):
 garbage-first heap   total 262144K, used 95908K [0x00000000e0000000, 0x0000000100000000)
  region size 1024K, 9 young (9216K), 9 survivors (9216K)
 Metaspace       used 68038K, committed 68864K, reserved 393216K
  class space    used 9235K, committed 9664K, reserved 327680K
}
Event: 26.864 GC heap before
{Heap before GC invocations=14 (full 0):
 garbage-first heap   total 262144K, used 97956K [0x00000000e0000000, 0x0000000100000000)
  region size 1024K, 12 young (12288K), 9 survivors (9216K)
 Metaspace       used 68338K, committed 69120K, reserved 393216K
  class space    used 9280K, committed 9664K, reserved 327680K
}
Event: 26.870 GC heap after
{Heap after GC invocations=15 (full 0):
 garbage-first heap   total 262144K, used 96131K [0x00000000e0000000, 0x0000000100000000)
  region size 1024K, 2 young (2048K), 2 survivors (2048K)
 Metaspace       used 68338K, committed 69120K, reserved 393216K
  class space    used 9280K, committed 9664K, reserved 327680K
}
Event: 29.031 GC heap before
{Heap before GC invocations=15 (full 0):
 garbage-first heap   total 262144K, used 206723K [0x00000000e0000000, 0x0000000100000000)
  region size 1024K, 107 young (109568K), 2 survivors (2048K)
 Metaspace       used 75797K, committed 76608K, reserved 458752K
  class space    used 10299K, committed 10688K, reserved 327680K
}
Event: 29.034 GC heap after
{Heap after GC invocations=16 (full 0):
 garbage-first heap   total 262144K, used 101892K [0x00000000e0000000, 0x0000000100000000)
  region size 1024K, 4 young (4096K), 4 survivors (4096K)
 Metaspace       used 75797K, committed 76608K, reserved 458752K
  class space    used 10299K, committed 10688K, reserved 327680K
}
Event: 30.657 GC heap before
{Heap before GC invocations=16 (full 0):
 garbage-first heap   total 262144K, used 208388K [0x00000000e0000000, 0x0000000100000000)
  region size 1024K, 108 young (110592K), 4 survivors (4096K)
 Metaspace       used 78484K, committed 79296K, reserved 458752K
  class space    used 10611K, committed 11008K, reserved 327680K
}
Event: 30.668 GC heap after
{Heap after GC invocations=17 (full 0):
 garbage-first heap   total 262144K, used 110146K [0x00000000e0000000, 0x0000000100000000)
  region size 1024K, 12 young (12288K), 12 survivors (12288K)
 Metaspace       used 78484K, committed 79296K, reserved 458752K
  class space    used 10611K, committed 11008K, reserved 327680K
}
Event: 32.218 GC heap before
{Heap before GC invocations=17 (full 0):
 garbage-first heap   total 262144K, used 208450K [0x00000000e0000000, 0x0000000100000000)
  region size 1024K, 109 young (111616K), 12 survivors (12288K)
 Metaspace       used 79343K, committed 80192K, reserved 458752K
  class space    used 10660K, committed 11072K, reserved 327680K
}
Event: 32.226 GC heap after
{Heap after GC invocations=18 (full 0):
 garbage-first heap   total 262144K, used 113172K [0x00000000e0000000, 0x0000000100000000)
  region size 1024K, 5 young (5120K), 5 survivors (5120K)
 Metaspace       used 79343K, committed 80192K, reserved 458752K
  class space    used 10660K, committed 11072K, reserved 327680K
}

Dll operation events (15 events):
Event: 0.007 Loaded shared library C:\Program Files\Microsoft\jdk-17.0.15.6-hotspot\bin\java.dll
Event: 0.022 Loaded shared library C:\Program Files\Microsoft\jdk-17.0.15.6-hotspot\bin\jsvml.dll
Event: 0.058 Loaded shared library C:\Program Files\Microsoft\jdk-17.0.15.6-hotspot\bin\zip.dll
Event: 0.061 Loaded shared library C:\Program Files\Microsoft\jdk-17.0.15.6-hotspot\bin\instrument.dll
Event: 0.065 Loaded shared library C:\Program Files\Microsoft\jdk-17.0.15.6-hotspot\bin\net.dll
Event: 0.066 Loaded shared library C:\Program Files\Microsoft\jdk-17.0.15.6-hotspot\bin\nio.dll
Event: 0.068 Loaded shared library C:\Program Files\Microsoft\jdk-17.0.15.6-hotspot\bin\zip.dll
Event: 1.309 Loaded shared library C:\Program Files\Microsoft\jdk-17.0.15.6-hotspot\bin\jimage.dll
Event: 5.675 Loaded shared library C:\Program Files\Microsoft\jdk-17.0.15.6-hotspot\bin\verify.dll
Event: 7.939 Loaded shared library C:\Users\HP\.gradle\native\c067742578af261105cb4f569cf0c3c89f3d7b1fecec35dd04571415982c5e48\windows-amd64\native-platform.dll
Event: 7.944 Loaded shared library C:\Users\HP\.gradle\native\100fb08df4bc3b14c8652ba06237920a3bd2aa13389f12d3474272988ae205f9\windows-amd64\native-platform-file-events.dll
Event: 9.332 Loaded shared library C:\Program Files\Microsoft\jdk-17.0.15.6-hotspot\bin\management.dll
Event: 9.334 Loaded shared library C:\Program Files\Microsoft\jdk-17.0.15.6-hotspot\bin\management_ext.dll
Event: 9.539 Loaded shared library C:\Program Files\Microsoft\jdk-17.0.15.6-hotspot\bin\extnet.dll
Event: 10.890 Loaded shared library C:\Program Files\Microsoft\jdk-17.0.15.6-hotspot\bin\sunmscapi.dll

Deoptimization events (20 events):
Event: 31.274 Thread 0x0000018338d17300 Uncommon trap: reason=unstable_if action=reinterpret pc=0x000001830fa8c558 method=java.util.concurrent.ConcurrentLinkedQueue.poll()Ljava/lang/Object; @ 24 c2
Event: 31.274 Thread 0x0000018338d19b80 Uncommon trap: reason=unstable_if action=reinterpret pc=0x000001830fa8c558 method=java.util.concurrent.ConcurrentLinkedQueue.poll()Ljava/lang/Object; @ 24 c2
Event: 31.274 Thread 0x0000018338d19b80 DEOPT PACKING pc=0x000001830fa8c558 sp=0x00000077400fcf30
Event: 31.274 Thread 0x0000018338d19b80 DEOPT UNPACKING pc=0x000001830f0169a3 sp=0x00000077400fce68 mode 2
Event: 31.274 Thread 0x0000018338d17300 DEOPT PACKING pc=0x000001830fa8c558 sp=0x000000773fffd270
Event: 31.274 Thread 0x0000018338d17300 DEOPT UNPACKING pc=0x000001830f0169a3 sp=0x000000773fffd1a8 mode 2
Event: 32.114 Thread 0x0000018339ed11a0 Uncommon trap: trap_request=0xffffff45 fr.pc=0x000001830f891cac relative=0x000000000000048c
Event: 32.114 Thread 0x0000018339ed11a0 Uncommon trap: reason=unstable_if action=reinterpret pc=0x000001830f891cac method=java.util.concurrent.ConcurrentLinkedQueue.poll()Ljava/lang/Object; @ 24 c2
Event: 32.114 Thread 0x0000018339ed11a0 DEOPT PACKING pc=0x000001830f891cac sp=0x00000077403fd280
Event: 32.114 Thread 0x0000018339ed11a0 DEOPT UNPACKING pc=0x000001830f0169a3 sp=0x00000077403fd228 mode 2
Event: 32.303 Thread 0x0000018338d14060 Uncommon trap: trap_request=0xffffff45 fr.pc=0x000001830f7c3a6c relative=0x000000000000028c
Event: 32.303 Thread 0x0000018338d14060 Uncommon trap: reason=unstable_if action=reinterpret pc=0x000001830f7c3a6c method=org.gradle.internal.remote.internal.inet.SocketConnection$SocketOutputStream.writeBufferToChannel()V @ 17 c2
Event: 32.303 Thread 0x0000018338d14060 DEOPT PACKING pc=0x000001830f7c3a6c sp=0x000000773cfff040
Event: 32.303 Thread 0x0000018338d14060 DEOPT UNPACKING pc=0x000001830f0169a3 sp=0x000000773cffef68 mode 2
Event: 32.320 Thread 0x0000018338d14060 Uncommon trap: trap_request=0xffffff45 fr.pc=0x000001830f8d0adc relative=0x000000000000019c
Event: 32.320 Thread 0x0000018338d14060 Uncommon trap: reason=unstable_if action=reinterpret pc=0x000001830f8d0adc method=org.gradle.internal.remote.internal.inet.SocketConnection$SocketOutputStream.writeBufferToChannel()V @ 17 c2
Event: 32.320 Thread 0x0000018338d14060 DEOPT PACKING pc=0x000001830f8d0adc sp=0x000000773cffef40
Event: 32.320 Thread 0x0000018338d14060 DEOPT UNPACKING pc=0x000001830f0169a3 sp=0x000000773cffeec0 mode 2
Event: 33.452 Thread 0x000001831b91b060 DEOPT PACKING pc=0x000001830878b1e5 sp=0x000000773cbf82c0
Event: 33.452 Thread 0x000001831b91b060 DEOPT UNPACKING pc=0x000001830f017143 sp=0x000000773cbf7720 mode 0

Classes loaded (20 events):
Event: 25.413 Loading class java/security/interfaces/DSAParams
Event: 25.413 Loading class java/security/interfaces/DSAParams done
Event: 25.413 Loading class java/security/spec/DSAParameterSpec
Event: 25.413 Loading class java/security/spec/DSAParameterSpec done
Event: 25.413 Loading class java/math/SignedMutableBigInteger
Event: 25.414 Loading class java/math/SignedMutableBigInteger done
Event: 25.505 Loading class java/security/KeyStore$ProtectionParameter
Event: 25.505 Loading class java/security/KeyStore$ProtectionParameter done
Event: 26.355 Loading class javax/xml/stream/XMLStreamException
Event: 26.355 Loading class javax/xml/stream/XMLStreamException done
Event: 26.377 Loading class java/security/KeyStore
Event: 26.378 Loading class java/security/KeyStore done
Event: 26.378 Loading class java/security/KeyStore$1
Event: 26.379 Loading class java/security/KeyStore$1 done
Event: 26.387 Loading class sun/reflect/annotation/AnnotationInvocationHandler$1
Event: 26.387 Loading class sun/reflect/annotation/AnnotationInvocationHandler$1 done
Event: 27.068 Loading class java/lang/Override
Event: 27.069 Loading class java/lang/Override done
Event: 27.150 Loading class java/net/SocketTimeoutException
Event: 27.150 Loading class java/net/SocketTimeoutException done

Classes unloaded (0 events):
No events

Classes redefined (0 events):
No events

Internal exceptions (20 events):
Event: 29.292 Thread 0x000001831b91b060 Exception <a 'sun/nio/fs/WindowsException'{0x00000000efa7e268}> (0x00000000efa7e268) 
thrown [s\src\hotspot\share\prims\jni.cpp, line 516]
Event: 29.333 Thread 0x000001831b91b060 Exception <a 'java/lang/ClassNotFoundException'{0x00000000ef86dc18}: build_ae6so9sf2ro1v41hh3xetz1ayBeanInfo> (0x00000000ef86dc18) 
thrown [s\src\hotspot\share\classfile\systemDictionary.cpp, line 256]
Event: 29.333 Thread 0x000001831b91b060 Exception <a 'java/lang/ClassNotFoundException'{0x00000000ef874dd8}: build_ae6so9sf2ro1v41hh3xetz1ayCustomizer> (0x00000000ef874dd8) 
thrown [s\src\hotspot\share\classfile\systemDictionary.cpp, line 256]
Event: 30.072 Thread 0x000001831b91b060 Exception <a 'java/lang/ClassNotFoundException'{0x00000000eb064520}: build_ae6so9sf2ro1v41hh3xetz1ayBeanInfo> (0x00000000eb064520) 
thrown [s\src\hotspot\share\classfile\systemDictionary.cpp, line 256]
Event: 30.073 Thread 0x000001831b91b060 Exception <a 'java/lang/ClassNotFoundException'{0x00000000eb06b658}: build_ae6so9sf2ro1v41hh3xetz1ayCustomizer> (0x00000000eb06b658) 
thrown [s\src\hotspot\share\classfile\systemDictionary.cpp, line 256]
Event: 30.797 Thread 0x000001831b91b060 Exception <a 'java/lang/NoClassDefFoundError'{0x00000000efce72f0}: org/gradle/initialization/BuildCompletionListener> (0x00000000efce72f0) 
thrown [s\src\hotspot\share\classfile\systemDictionary.cpp, line 245]
Event: 30.817 Thread 0x0000018339ecd9f0 Implicit null exception at 0x000001830f81c45d to 0x000001830f81c5b4
Event: 30.817 Thread 0x0000018339ecd9f0 Implicit null exception at 0x000001830fb12dbe to 0x000001830fb13514
Event: 31.166 Thread 0x000001831b91b060 Exception <a 'sun/nio/fs/WindowsException'{0x00000000ee506a30}> (0x00000000ee506a30) 
thrown [s\src\hotspot\share\prims\jni.cpp, line 516]
Event: 31.167 Thread 0x000001831b91b060 Exception <a 'sun/nio/fs/WindowsException'{0x00000000ee508180}> (0x00000000ee508180) 
thrown [s\src\hotspot\share\prims\jni.cpp, line 516]
Event: 31.167 Thread 0x000001831b91b060 Exception <a 'sun/nio/fs/WindowsException'{0x00000000ee5098c0}> (0x00000000ee5098c0) 
thrown [s\src\hotspot\share\prims\jni.cpp, line 516]
Event: 31.167 Thread 0x000001831b91b060 Exception <a 'sun/nio/fs/WindowsException'{0x00000000ee50afd8}> (0x00000000ee50afd8) 
thrown [s\src\hotspot\share\prims\jni.cpp, line 516]
Event: 31.308 Thread 0x000001831b91b060 Exception <a 'java/lang/ClassNotFoundException'{0x00000000ed982250}: build_1kd2p99ts57p9gx0chi9bug57BeanInfo> (0x00000000ed982250) 
thrown [s\src\hotspot\share\classfile\systemDictionary.cpp, line 256]
Event: 31.308 Thread 0x000001831b91b060 Exception <a 'java/lang/ClassNotFoundException'{0x00000000ed989388}: build_1kd2p99ts57p9gx0chi9bug57Customizer> (0x00000000ed989388) 
thrown [s\src\hotspot\share\classfile\systemDictionary.cpp, line 256]
Event: 31.653 Thread 0x000001831b91b060 Exception <a 'sun/nio/fs/WindowsException'{0x00000000ecba4168}> (0x00000000ecba4168) 
thrown [s\src\hotspot\share\prims\jni.cpp, line 516]
Event: 31.653 Thread 0x000001831b91b060 Exception <a 'sun/nio/fs/WindowsException'{0x00000000ecba58b8}> (0x00000000ecba58b8) 
thrown [s\src\hotspot\share\prims\jni.cpp, line 516]
Event: 31.654 Thread 0x000001831b91b060 Exception <a 'sun/nio/fs/WindowsException'{0x00000000ecba6ff8}> (0x00000000ecba6ff8) 
thrown [s\src\hotspot\share\prims\jni.cpp, line 516]
Event: 31.654 Thread 0x000001831b91b060 Exception <a 'sun/nio/fs/WindowsException'{0x00000000ecba8710}> (0x00000000ecba8710) 
thrown [s\src\hotspot\share\prims\jni.cpp, line 516]
Event: 33.456 Thread 0x000001831b91b060 Exception <a 'java/lang/ClassNotFoundException'{0x00000000edb2ab20}: build_6hlp12titcmaeeleotcj9mpqtBeanInfo> (0x00000000edb2ab20) 
thrown [s\src\hotspot\share\classfile\systemDictionary.cpp, line 256]
Event: 33.457 Thread 0x000001831b91b060 Exception <a 'java/lang/ClassNotFoundException'{0x00000000edb31c58}: build_6hlp12titcmaeeleotcj9mpqtCustomizer> (0x00000000edb31c58) 
thrown [s\src\hotspot\share\classfile\systemDictionary.cpp, line 256]

VM Operations (20 events):
Event: 30.574 Executing VM operation: Cleanup
Event: 30.575 Executing VM operation: Cleanup done
Event: 30.657 Executing VM operation: G1CollectForAllocation
Event: 30.669 Executing VM operation: G1CollectForAllocation done
Event: 31.330 Executing VM operation: ICBufferFull
Event: 31.330 Executing VM operation: ICBufferFull done
Event: 32.204 Executing VM operation: ICBufferFull
Event: 32.204 Executing VM operation: ICBufferFull done
Event: 32.205 Executing VM operation: ICBufferFull
Event: 32.205 Executing VM operation: ICBufferFull done
Event: 32.205 Executing VM operation: ICBufferFull
Event: 32.205 Executing VM operation: ICBufferFull done
Event: 32.205 Executing VM operation: ICBufferFull
Event: 32.205 Executing VM operation: ICBufferFull done
Event: 32.218 Executing VM operation: G1CollectForAllocation
Event: 32.226 Executing VM operation: G1CollectForAllocation done
Event: 33.227 Executing VM operation: Cleanup
Event: 33.227 Executing VM operation: Cleanup done
Event: 34.239 Executing VM operation: Cleanup
Event: 34.239 Executing VM operation: Cleanup done

Memory protections (0 events):
No events

Nmethod flushes (20 events):
Event: 23.382 Thread 0x000001831b19e900 flushing  nmethod 0x00000183088a4610
Event: 23.382 Thread 0x000001831b19e900 flushing  nmethod 0x00000183088a6e90
Event: 23.382 Thread 0x000001831b19e900 flushing  nmethod 0x00000183088a7990
Event: 23.382 Thread 0x000001831b19e900 flushing  nmethod 0x0000018308905310
Event: 23.383 Thread 0x000001831b19e900 flushing  nmethod 0x0000018308976d10
Event: 23.383 Thread 0x000001831b19e900 flushing  nmethod 0x0000018308a74a10
Event: 28.466 Thread 0x000001831b19e900 flushing  nmethod 0x0000018307ab9390
Event: 28.467 Thread 0x000001831b19e900 flushing  nmethod 0x0000018307c3d790
Event: 28.467 Thread 0x000001831b19e900 flushing  nmethod 0x0000018307caa410
Event: 28.470 Thread 0x000001831b19e900 flushing  nmethod 0x00000183081cac10
Event: 28.471 Thread 0x000001831b19e900 flushing  nmethod 0x0000018308286f90
Event: 28.471 Thread 0x000001831b19e900 flushing  nmethod 0x0000018308416290
Event: 28.472 Thread 0x000001831b19e900 flushing  nmethod 0x000001830844fd10
Event: 28.472 Thread 0x000001831b19e900 flushing  nmethod 0x00000183084b3790
Event: 28.472 Thread 0x000001831b19e900 flushing  nmethod 0x00000183084bbc90
Event: 28.472 Thread 0x000001831b19e900 flushing  nmethod 0x00000183085dd190
Event: 28.473 Thread 0x000001831b19e900 flushing  nmethod 0x0000018308613c10
Event: 28.473 Thread 0x000001831b19e900 flushing  nmethod 0x0000018308706310
Event: 28.474 Thread 0x000001831b19e900 flushing  nmethod 0x00000183087bdc10
Event: 28.474 Thread 0x000001831b19e900 flushing  nmethod 0x0000018308857b90

Events (20 events):
Event: 32.051 Thread 0x000001831b91b060 Thread added: 0x0000018339ecee30
Event: 32.051 Thread 0x000001831b91b060 Thread added: 0x0000018339ecf340
Event: 32.052 Thread 0x000001831b91b060 Thread added: 0x0000018339ecdf00
Event: 32.052 Thread 0x000001831b91b060 Thread added: 0x0000018339ecfd60
Event: 32.053 Thread 0x000001831b91b060 Thread added: 0x0000018339ecc5b0
Event: 32.053 Thread 0x000001831b91b060 Thread added: 0x0000018339ed0270
Event: 32.055 Thread 0x000001831b91b060 Thread added: 0x0000018339eccac0
Event: 32.056 Thread 0x000001831b91b060 Thread added: 0x0000018339ed0c90
Event: 32.058 Thread 0x000001831b91b060 Thread added: 0x0000018339ecd4e0
Event: 32.112 Thread 0x000001831b91b060 Thread added: 0x0000018339ed11a0
Event: 32.112 Thread 0x000001831b91b060 Thread added: 0x0000018339ed16b0
Event: 32.113 Thread 0x000001831b91b060 Thread added: 0x0000018339ed1bc0
Event: 32.115 Thread 0x000001831b91b060 Thread added: 0x0000018339ed20d0
Event: 32.116 Thread 0x000001831b91b060 Thread added: 0x0000018339ed25e0
Event: 32.118 Thread 0x000001831b91b060 Thread added: 0x0000018339ed2af0
Event: 32.118 Thread 0x000001831b91b060 Thread added: 0x0000018339ed3000
Event: 32.119 Thread 0x000001831b91b060 Thread added: 0x0000018339ed3510
Event: 32.119 Thread 0x000001831b91b060 Thread added: 0x00000183391494c0
Event: 32.121 Thread 0x000001831b91b060 Thread added: 0x000001833914ae10
Event: 32.122 Thread 0x000001831b91b060 Thread added: 0x000001833914c250


Dynamic libraries:
0x00007ff77d7d0000 - 0x00007ff77d7de000 	C:\Program Files\Microsoft\jdk-17.0.15.6-hotspot\bin\java.exe
0x00007ff8dc440000 - 0x00007ff8dc6a7000 	C:\WINDOWS\SYSTEM32\ntdll.dll
0x00007ff8db7d0000 - 0x00007ff8db899000 	C:\WINDOWS\System32\KERNEL32.DLL
0x00007ff8d9bd0000 - 0x00007ff8d9fc1000 	C:\WINDOWS\System32\KERNELBASE.dll
0x00007ff8d9fd0000 - 0x00007ff8da11b000 	C:\WINDOWS\System32\ucrtbase.dll
0x00007ff897430000 - 0x00007ff897447000 	C:\Program Files\Microsoft\jdk-17.0.15.6-hotspot\bin\jli.dll
0x00007ff8b9530000 - 0x00007ff8b954d000 	C:\Program Files\Microsoft\jdk-17.0.15.6-hotspot\bin\VCRUNTIME140.dll
0x00007ff8db410000 - 0x00007ff8db5d5000 	C:\WINDOWS\System32\USER32.dll
0x00007ff8d9970000 - 0x00007ff8d9997000 	C:\WINDOWS\System32\win32u.dll
0x00007ff8dbed0000 - 0x00007ff8dbefb000 	C:\WINDOWS\System32\GDI32.dll
0x00007ff8d97b0000 - 0x00007ff8d98da000 	C:\WINDOWS\System32\gdi32full.dll
0x00007ff8b8ca0000 - 0x00007ff8b8f33000 	C:\WINDOWS\WinSxS\amd64_microsoft.windows.common-controls_6595b64144ccf1df_6.0.26100.7922_none_3e089e1ee3342171\COMCTL32.dll
0x00007ff8d9b20000 - 0x00007ff8d9bc3000 	C:\WINDOWS\System32\msvcp_win.dll
0x00007ff8da2b0000 - 0x00007ff8da359000 	C:\WINDOWS\System32\msvcrt.dll
0x00007ff8da360000 - 0x00007ff8da391000 	C:\WINDOWS\System32\IMM32.DLL
0x00007ff899b90000 - 0x00007ff899b9c000 	C:\Program Files\Microsoft\jdk-17.0.15.6-hotspot\bin\vcruntime140_1.dll
0x00007ff83d120000 - 0x00007ff83d1ad000 	C:\Program Files\Microsoft\jdk-17.0.15.6-hotspot\bin\msvcp140.dll
0x00007ff834070000 - 0x00007ff834ce2000 	C:\Program Files\Microsoft\jdk-17.0.15.6-hotspot\bin\server\jvm.dll
0x00007ff8db220000 - 0x00007ff8db2db000 	C:\WINDOWS\System32\ADVAPI32.dll
0x00007ff8da9f0000 - 0x00007ff8daa97000 	C:\WINDOWS\System32\sechost.dll
0x00007ff8db2e0000 - 0x00007ff8db3f8000 	C:\WINDOWS\System32\RPCRT4.dll
0x00007ff8db740000 - 0x00007ff8db7b4000 	C:\WINDOWS\System32\WS2_32.dll
0x00007ff8c6ef0000 - 0x00007ff8c6efb000 	C:\WINDOWS\SYSTEM32\VERSION.dll
0x00007ff8d8b80000 - 0x00007ff8d8bde000 	C:\WINDOWS\SYSTEM32\POWRPROF.dll
0x00007ff8d0b20000 - 0x00007ff8d0b55000 	C:\WINDOWS\SYSTEM32\WINMM.dll
0x00007ff8d8b60000 - 0x00007ff8d8b74000 	C:\WINDOWS\SYSTEM32\UMPDC.dll
0x00007ff8d7ab0000 - 0x00007ff8d7acb000 	C:\WINDOWS\SYSTEM32\kernel.appcore.dll
0x00007ff897890000 - 0x00007ff89789a000 	C:\Program Files\Microsoft\jdk-17.0.15.6-hotspot\bin\jimage.dll
0x00007ff8d6bc0000 - 0x00007ff8d6e02000 	C:\WINDOWS\SYSTEM32\DBGHELP.DLL
0x00007ff8dbf70000 - 0x00007ff8dc2f2000 	C:\WINDOWS\System32\combase.dll
0x00007ff8dbb90000 - 0x00007ff8dbc67000 	C:\WINDOWS\System32\OLEAUT32.dll
0x00007ff8b6050000 - 0x00007ff8b608b000 	C:\WINDOWS\SYSTEM32\dbgcore.DLL
0x00007ff8d9700000 - 0x00007ff8d97a5000 	C:\WINDOWS\System32\bcryptPrimitives.dll
0x00007ff88e7d0000 - 0x00007ff88e7de000 	C:\Program Files\Microsoft\jdk-17.0.15.6-hotspot\bin\instrument.dll
0x00007ff897400000 - 0x00007ff897425000 	C:\Program Files\Microsoft\jdk-17.0.15.6-hotspot\bin\java.dll
0x00007ff83d040000 - 0x00007ff83d116000 	C:\Program Files\Microsoft\jdk-17.0.15.6-hotspot\bin\jsvml.dll
0x00007ff8daab0000 - 0x00007ff8db20f000 	C:\WINDOWS\System32\SHELL32.dll
0x00007ff8d8d20000 - 0x00007ff8d8e8a000 	C:\WINDOWS\System32\wintypes.dll
0x00007ff8d8e90000 - 0x00007ff8d96f4000 	C:\WINDOWS\System32\windows.storage.dll
0x00007ff8dbdd0000 - 0x00007ff8dbec7000 	C:\WINDOWS\System32\SHCORE.dll
0x00007ff8dbf00000 - 0x00007ff8dbf67000 	C:\WINDOWS\System32\shlwapi.dll
0x00007ff8d8c40000 - 0x00007ff8d8c69000 	C:\WINDOWS\SYSTEM32\profapi.dll
0x00007ff8838b0000 - 0x00007ff8838c8000 	C:\Program Files\Microsoft\jdk-17.0.15.6-hotspot\bin\zip.dll
0x00007ff88a720000 - 0x00007ff88a73a000 	C:\Program Files\Microsoft\jdk-17.0.15.6-hotspot\bin\net.dll
0x00007ff8cda60000 - 0x00007ff8cdb87000 	C:\WINDOWS\SYSTEM32\WINHTTP.dll
0x00007ff8d8020000 - 0x00007ff8d808b000 	C:\WINDOWS\system32\mswsock.dll
0x00007ff88a700000 - 0x00007ff88a716000 	C:\Program Files\Microsoft\jdk-17.0.15.6-hotspot\bin\nio.dll
0x00007ff8976e0000 - 0x00007ff8976f0000 	C:\Program Files\Microsoft\jdk-17.0.15.6-hotspot\bin\verify.dll
0x00007ff886160000 - 0x00007ff886187000 	C:\Users\HP\.gradle\native\c067742578af261105cb4f569cf0c3c89f3d7b1fecec35dd04571415982c5e48\windows-amd64\native-platform.dll
0x00007ff8796e0000 - 0x00007ff879824000 	C:\Users\HP\.gradle\native\100fb08df4bc3b14c8652ba06237920a3bd2aa13389f12d3474272988ae205f9\windows-amd64\native-platform-file-events.dll
0x00007ff894870000 - 0x00007ff89487a000 	C:\Program Files\Microsoft\jdk-17.0.15.6-hotspot\bin\management.dll
0x00007ff893630000 - 0x00007ff89363b000 	C:\Program Files\Microsoft\jdk-17.0.15.6-hotspot\bin\management_ext.dll
0x00007ff8db7c0000 - 0x00007ff8db7c8000 	C:\WINDOWS\System32\PSAPI.DLL
0x00007ff8d8300000 - 0x00007ff8d831b000 	C:\WINDOWS\SYSTEM32\CRYPTSP.dll
0x00007ff8d7a10000 - 0x00007ff8d7a49000 	C:\WINDOWS\system32\rsaenh.dll
0x00007ff8d80d0000 - 0x00007ff8d8102000 	C:\WINDOWS\SYSTEM32\USERENV.dll
0x00007ff8d8c10000 - 0x00007ff8d8c3a000 	C:\WINDOWS\SYSTEM32\bcrypt.dll
0x00007ff8d8320000 - 0x00007ff8d832c000 	C:\WINDOWS\SYSTEM32\CRYPTBASE.dll
0x00007ff8d7470000 - 0x00007ff8d74a3000 	C:\WINDOWS\SYSTEM32\IPHLPAPI.DLL
0x00007ff8daaa0000 - 0x00007ff8daaaa000 	C:\WINDOWS\System32\NSI.dll
0x00007ff8d0ef0000 - 0x00007ff8d0f0d000 	C:\WINDOWS\SYSTEM32\dhcpcsvc6.DLL
0x00007ff8cfb00000 - 0x00007ff8cfb23000 	C:\WINDOWS\SYSTEM32\dhcpcsvc.DLL
0x00007ff8d7500000 - 0x00007ff8d762a000 	C:\WINDOWS\SYSTEM32\DNSAPI.dll
0x00007ff893090000 - 0x00007ff893099000 	C:\Program Files\Microsoft\jdk-17.0.15.6-hotspot\bin\extnet.dll
0x00007ff88de20000 - 0x00007ff88de2e000 	C:\Program Files\Microsoft\jdk-17.0.15.6-hotspot\bin\sunmscapi.dll
0x00007ff8d99a0000 - 0x00007ff8d9b17000 	C:\WINDOWS\System32\CRYPT32.dll
0x00007ff8d8520000 - 0x00007ff8d8550000 	C:\WINDOWS\SYSTEM32\ncrypt.dll
0x00007ff8d84d0000 - 0x00007ff8d850f000 	C:\WINDOWS\SYSTEM32\NTASN1.dll
0x00007ff8c4030000 - 0x00007ff8c4038000 	C:\WINDOWS\system32\wshunix.dll

dbghelp: loaded successfully - version: 4.0.5 - missing functions: none
symbol engine: initialized successfully - sym options: 0x614 - pdb path: .;C:\Program Files\Microsoft\jdk-17.0.15.6-hotspot\bin;C:\WINDOWS\SYSTEM32;C:\WINDOWS\WinSxS\amd64_microsoft.windows.common-controls_6595b64144ccf1df_6.0.26100.7922_none_3e089e1ee3342171;C:\Program Files\Microsoft\jdk-17.0.15.6-hotspot\bin\server;C:\Users\HP\.gradle\native\c067742578af261105cb4f569cf0c3c89f3d7b1fecec35dd04571415982c5e48\windows-amd64;C:\Users\HP\.gradle\native\100fb08df4bc3b14c8652ba06237920a3bd2aa13389f12d3474272988ae205f9\windows-amd64

VM Arguments:
jvm_args: --add-opens=java.base/java.util=ALL-UNNAMED --add-opens=java.base/java.lang=ALL-UNNAMED --add-opens=java.base/java.lang.invoke=ALL-UNNAMED --add-opens=java.prefs/java.util.prefs=ALL-UNNAMED --add-exports=jdk.compiler/com.sun.tools.javac.api=ALL-UNNAMED --add-exports=jdk.compiler/com.sun.tools.javac.util=ALL-UNNAMED --add-opens=java.base/java.nio.charset=ALL-UNNAMED --add-opens=java.base/java.net=ALL-UNNAMED --add-opens=java.base/java.util.concurrent.atomic=ALL-UNNAMED -XX:MaxMetaspaceSize=384m -XX:+HeapDumpOnOutOfMemoryError -Xms256m -Xmx512m -Dfile.encoding=utf8 -Duser.country=IN -Duser.language=en -Duser.variant -javaagent:C:\Users\HP\.gradle\wrapper\dists\gradle-8.9-bin\90cnw93cvbtalezasaz0blq0a\gradle-8.9\lib\agents\gradle-instrumentation-agent-8.9.jar 
java_command: org.gradle.launcher.daemon.bootstrap.GradleDaemon 8.9
java_class_path (initial): C:\Users\HP\.gradle\wrapper\dists\gradle-8.9-bin\90cnw93cvbtalezasaz0blq0a\gradle-8.9\lib\gradle-daemon-main-8.9.jar
Launcher Type: SUN_STANDARD

[Global flags]
     intx CICompilerCount                          = 4                                         {product} {ergonomic}
   size_t CompressedClassSpaceSize                 = 335544320                                 {product} {ergonomic}
     uint ConcGCThreads                            = 3                                         {product} {ergonomic}
     uint G1ConcRefinementThreads                  = 10                                        {product} {ergonomic}
   size_t G1HeapRegionSize                         = 1048576                                   {product} {ergonomic}
    uintx GCDrainStackTargetSize                   = 64                                        {product} {ergonomic}
     bool HeapDumpOnOutOfMemoryError               = true                                   {manageable} {command line}
   size_t InitialHeapSize                          = 268435456                                 {product} {command line}
   size_t MarkStackSize                            = 4194304                                   {product} {ergonomic}
   size_t MaxHeapSize                              = 536870912                                 {product} {command line}
   size_t MaxMetaspaceSize                         = 402653184                                 {product} {command line}
   size_t MaxNewSize                               = 321912832                                 {product} {ergonomic}
   size_t MinHeapDeltaBytes                        = 1048576                                   {product} {ergonomic}
   size_t MinHeapSize                              = 268435456                                 {product} {command line}
    uintx NonNMethodCodeHeapSize                   = 5839372                                {pd product} {ergonomic}
    uintx NonProfiledCodeHeapSize                  = 122909434                              {pd product} {ergonomic}
    uintx ProfiledCodeHeapSize                     = 122909434                              {pd product} {ergonomic}
    uintx ReservedCodeCacheSize                    = 251658240                              {pd product} {ergonomic}
     bool SegmentedCodeCache                       = true                                      {product} {ergonomic}
   size_t SoftMaxHeapSize                          = 536870912                              {manageable} {ergonomic}
     bool UseCompressedClassPointers               = true                           {product lp64_product} {ergonomic}
     bool UseCompressedOops                        = true                           {product lp64_product} {ergonomic}
     bool UseG1GC                                  = true                                      {product} {ergonomic}
     bool UseLargePagesIndividualAllocation        = false                                  {pd product} {ergonomic}

Logging:
Log output configuration:
 #0: stdout all=warning uptime,level,tags
 #1: stderr all=off uptime,level,tags

Environment Variables:
JAVA_HOME=C:\Program Files\Microsoft\jdk-17.0.15.6-hotspot
PATH=C:\Users\HP\AppData\Local\Programs\Microsoft VS Code;C:\Program Files\Microsoft\jdk-17.0.15.6-hotspot\bin;C:\WINDOWS\system32;C:\WINDOWS;C:\WINDOWS\System32\Wbem;C:\WINDOWS\System32\WindowsPowerShell\v1.0\;C:\WINDOWS\System32\OpenSSH\;C:\Program Files\Git\cmd;C:\Program Files\dotnet\;C:\ProgramData\chocolatey\bin;C:\Users\HP\AppData\Local\Android\Sdk\platform-tools;C:\Users\HP\AppData\Local\Android\Sdk;C:\Users\HP\AppData\Local\Android\Sdk\emulator;;C:\Program Files\Docker\Docker\resources\bin;C:\Program Files\PuTTY\;C:\Program Files\nodejs\;C:\Program Files\MySQL\MySQL Shell 8.0\bin\;C:\Users\HP\AppData\Local\Microsoft\WindowsApps;C:\Users\HP\AppData\Local\Programs\Microsoft VS Code\bin;C:\Users\HP\AppData\Local\Android\Sdk\platform-tools;C:\Users\HP\AppData\Local\Android\Sdk;C:\Users\HP\AppData\Local\Android\Sdk\emulator;C:\Users\HP\AppData\Roaming\npm
USERNAME=HP
OS=Windows_NT
PROCESSOR_IDENTIFIER=Intel64 Family 6 Model 154 Stepping 4, GenuineIntel
TMP=C:\Users\HP\AppData\Local\Temp
TEMP=C:\Users\HP\AppData\Local\Temp



Periodic native trim disabled


---------------  S Y S T E M  ---------------

OS:
 Windows 11 , 64 bit Build 26100 (10.0.26100.7920)
OS uptime: 13 days 22:24 hours
Hyper-V role detected

CPU: total 12 (initial active 12) (6 cores per cpu, 2 threads per core) family 6 model 154 stepping 4 microcode 0x432, cx8, cmov, fxsr, ht, mmx, 3dnowpref, sse, sse2, sse3, ssse3, sse4.1, sse4.2, popcnt, lzcnt, tsc, tscinvbit, avx, avx2, aes, erms, clmul, bmi1, bmi2, adx, sha, fma, vzeroupper, clflush, clflushopt, clwb, hv
Processor Information for processor 0
  Max Mhz: 1300, Current Mhz: 1300, Mhz Limit: 1300
Processor Information for processor 1
  Max Mhz: 1300, Current Mhz: 1300, Mhz Limit: 1300
Processor Information for processor 2
  Max Mhz: 1300, Current Mhz: 1300, Mhz Limit: 1300
Processor Information for processor 3
  Max Mhz: 1300, Current Mhz: 1300, Mhz Limit: 1300
Processor Information for processor 4
  Max Mhz: 1300, Current Mhz: 900, Mhz Limit: 897
Processor Information for processor 5
  Max Mhz: 1300, Current Mhz: 900, Mhz Limit: 897
Processor Information for processor 6
  Max Mhz: 1300, Current Mhz: 900, Mhz Limit: 897
Processor Information for processor 7
  Max Mhz: 1300, Current Mhz: 900, Mhz Limit: 897
Processor Information for processor 8
  Max Mhz: 1300, Current Mhz: 900, Mhz Limit: 897
Processor Information for processor 9
  Max Mhz: 1300, Current Mhz: 900, Mhz Limit: 897
Processor Information for processor 10
  Max Mhz: 1300, Current Mhz: 900, Mhz Limit: 897
Processor Information for processor 11
  Max Mhz: 1300, Current Mhz: 900, Mhz Limit: 897

Memory: 4k page, system-wide physical 7835M (502M free)
TotalPageFile size 31387M (AvailPageFile size 4M)
current process WorkingSet (physical memory assigned to process): 486M, peak: 501M
current process commit charge ("private bytes"): 567M, peak: 570M

vm_info: OpenJDK 64-Bit Server VM (17.0.15+6-LTS) for windows-amd64 JRE (17.0.15+6-LTS), built on Apr  9 2025 22:27:25 by "MicrosoftCorporation" with unknown MS VC++:1939

END.
