#
# There is insufficient memory for the Java Runtime Environment to continue.
# Native memory allocation (malloc) failed to allocate 1132176 bytes. Error detail: Chunk::new
# Possible reasons:
#   The system is out of physical RAM or swap space
#   This process is running with CompressedOops enabled, and the Java Heap may be blocking the growth of the native heap
# Possible solutions:
#   Reduce memory load on the system
#   Increase physical memory or swap space
#   Check if swap backing store is full
#   Decrease Java heap size (-Xmx/-Xms)
#   Decrease number of Java threads
#   Decrease Java thread stack sizes (-Xss)
#   Set larger code cache with -XX:ReservedCodeCacheSize=
#   JVM is running with Unscaled Compressed Oops mode in which the Java heap is
#     placed in the first 4GB address space. The Java Heap base address is the
#     maximum limit for the native heap growth. Please use -XX:HeapBaseMinAddress
#     to set the Java Heap base and to place the Java Heap above 4GB virtual address.
# This output file may be truncated or incomplete.
#
#  Out of Memory Error (arena.cpp:191), pid=21232, tid=20416
#
# JRE version: OpenJDK Runtime Environment Microsoft-11369865 (17.0.15+6) (build 17.0.15+6-LTS)
# Java VM: OpenJDK 64-Bit Server VM Microsoft-11369865 (17.0.15+6-LTS, mixed mode, sharing, tiered, compressed oops, compressed class ptrs, g1 gc, windows-amd64)
# No core dump will be written. Minidumps are not enabled by default on client versions of Windows
#

---------------  S U M M A R Y ------------

Command Line: --add-opens=java.base/java.util=ALL-UNNAMED --add-opens=java.base/java.lang=ALL-UNNAMED --add-opens=java.base/java.lang.invoke=ALL-UNNAMED --add-opens=java.prefs/java.util.prefs=ALL-UNNAMED --add-exports=jdk.compiler/com.sun.tools.javac.api=ALL-UNNAMED --add-exports=jdk.compiler/com.sun.tools.javac.util=ALL-UNNAMED --add-opens=java.base/java.nio.charset=ALL-UNNAMED --add-opens=java.base/java.net=ALL-UNNAMED --add-opens=java.base/java.util.concurrent.atomic=ALL-UNNAMED -XX:MaxMetaspaceSize=384m -XX:+HeapDumpOnOutOfMemoryError -Xms256m -Xmx512m -Dfile.encoding=utf8 -Duser.country=IN -Duser.language=en -Duser.variant -javaagent:C:\Users\HP\.gradle\wrapper\dists\gradle-8.9-bin\90cnw93cvbtalezasaz0blq0a\gradle-8.9\lib\agents\gradle-instrumentation-agent-8.9.jar org.gradle.launcher.daemon.bootstrap.GradleDaemon 8.9

Host: 12th Gen Intel(R) Core(TM) i5-1235U, 12 cores, 7G,  Windows 11 , 64 bit Build 26100 (10.0.26100.7920)
Time: Thu Mar 26 11:04:42 2026 India Standard Time elapsed time: 48.127080 seconds (0d 0h 0m 48s)

---------------  T H R E A D  ---------------

Current thread (0x00000170c27ce760):  JavaThread "C2 CompilerThread0" daemon [_thread_in_native, id=20416, stack(0x00000049e3300000,0x00000049e3400000)]


Current CompileTask:
C2:  48127 14222       4       org.gradle.internal.operations.DefaultBuildOperationRunner$CallableBuildOperationWorker::execute (12 bytes)

Stack: [0x00000049e3300000,0x00000049e3400000]
Native frames: (J=compiled Java code, j=interpreted, Vv=VM code, C=native code)
V  [jvm.dll+0x6887a9]
V  [jvm.dll+0x83f5a8]
V  [jvm.dll+0x841053]
V  [jvm.dll+0x8416c3]
V  [jvm.dll+0x2496ef]
V  [jvm.dll+0xad134]
V  [jvm.dll+0xad7cc]
V  [jvm.dll+0x2b0e1f]
V  [jvm.dll+0x58e789]
V  [jvm.dll+0x223972]
V  [jvm.dll+0x21c659]
V  [jvm.dll+0x219c3b]
V  [jvm.dll+0x1a55f6]
V  [jvm.dll+0x22a39a]
V  [jvm.dll+0x2284db]
V  [jvm.dll+0x7f4e28]
V  [jvm.dll+0x7ef2dc]
V  [jvm.dll+0x687687]
C  [ucrtbase.dll+0x37b0]
C  [KERNEL32.DLL+0x2e8d7]
C  [ntdll.dll+0x8c48c]


---------------  P R O C E S S  ---------------

Threads class SMR info:
_java_thread_list=0x00000170e254a2c0, length=55, elements={
0x00000170a779c620, 0x00000170c27b13e0, 0x00000170c27b1eb0, 0x00000170c27c8020,
0x00000170c27ca900, 0x00000170c27cb1d0, 0x00000170c27cbaa0, 0x00000170c27ce760,
0x00000170c27d0470, 0x00000170c27d0d80, 0x00000170c27a0520, 0x00000170c29c6870,
0x00000170ddaf1860, 0x00000170dda74080, 0x00000170dcf0cea0, 0x00000170ddc02ac0,
0x00000170ddb57620, 0x00000170ddb5a3b0, 0x00000170ddb58f70, 0x00000170ddb57110,
0x00000170ddb5a8c0, 0x00000170dfc035c0, 0x00000170dfc02ba0, 0x00000170dfc04f10,
0x00000170dfc05420, 0x00000170dfc02690, 0x00000170dfc03ad0, 0x00000170dfc03fe0,
0x00000170e085c5a0, 0x00000170e085e400, 0x00000170e085e910, 0x00000170e085b160,
0x00000170e085cab0, 0x00000170e085ee20, 0x00000170e085b670, 0x00000170e0d43a90,
0x00000170e0d48680, 0x00000170e085bb80, 0x00000170ddb57b30, 0x00000170ddb58040,
0x00000170ddb58550, 0x00000170ddb59990, 0x00000170ddb58a60, 0x00000170e0d44ed0,
0x00000170e0d43fa0, 0x00000170e0d444b0, 0x00000170e0d46820, 0x00000170e0d449c0,
0x00000170e0d458f0, 0x00000170e0d453e0, 0x00000170e0d45e00, 0x00000170e0d43070,
0x00000170e0d46310, 0x00000170e0d46d30, 0x00000170def8c810
}

Java Threads: ( => current thread )
  0x00000170a779c620 JavaThread "main" [_thread_blocked, id=23740, stack(0x00000049e2600000,0x00000049e2700000)]
  0x00000170c27b13e0 JavaThread "Reference Handler" daemon [_thread_blocked, id=27936, stack(0x00000049e2d00000,0x00000049e2e00000)]
  0x00000170c27b1eb0 JavaThread "Finalizer" daemon [_thread_blocked, id=3244, stack(0x00000049e2e00000,0x00000049e2f00000)]
  0x00000170c27c8020 JavaThread "Signal Dispatcher" daemon [_thread_blocked, id=24368, stack(0x00000049e2f00000,0x00000049e3000000)]
  0x00000170c27ca900 JavaThread "Attach Listener" daemon [_thread_blocked, id=24480, stack(0x00000049e3000000,0x00000049e3100000)]
  0x00000170c27cb1d0 JavaThread "Service Thread" daemon [_thread_blocked, id=18648, stack(0x00000049e3100000,0x00000049e3200000)]
  0x00000170c27cbaa0 JavaThread "Monitor Deflation Thread" daemon [_thread_blocked, id=28344, stack(0x00000049e3200000,0x00000049e3300000)]
=>0x00000170c27ce760 JavaThread "C2 CompilerThread0" daemon [_thread_in_native, id=20416, stack(0x00000049e3300000,0x00000049e3400000)]
  0x00000170c27d0470 JavaThread "C1 CompilerThread0" daemon [_thread_blocked, id=15368, stack(0x00000049e3400000,0x00000049e3500000)]
  0x00000170c27d0d80 JavaThread "Sweeper thread" daemon [_thread_blocked, id=19292, stack(0x00000049e3500000,0x00000049e3600000)]
  0x00000170c27a0520 JavaThread "Common-Cleaner" daemon [_thread_blocked, id=12620, stack(0x00000049e3600000,0x00000049e3700000)]
  0x00000170c29c6870 JavaThread "Notification Thread" daemon [_thread_blocked, id=8880, stack(0x00000049e3800000,0x00000049e3900000)]
  0x00000170ddaf1860 JavaThread "Daemon health stats" [_thread_blocked, id=1956, stack(0x00000049e3a00000,0x00000049e3b00000)]
  0x00000170dda74080 JavaThread "Incoming local TCP Connector on port 54581" [_thread_in_native, id=22260, stack(0x00000049e4000000,0x00000049e4100000)]
  0x00000170dcf0cea0 JavaThread "Daemon periodic checks" [_thread_blocked, id=8912, stack(0x00000049e4100000,0x00000049e4200000)]
  0x00000170ddc02ac0 JavaThread "Daemon" [_thread_blocked, id=27580, stack(0x00000049e4200000,0x00000049e4300000)]
  0x00000170ddb57620 JavaThread "Daemon worker" [_thread_in_native, id=13864, stack(0x00000049e4500000,0x00000049e4600000)]
  0x00000170ddb5a3b0 JavaThread "Cache worker for journal cache (C:\Users\HP\.gradle\caches\journal-1)" [_thread_blocked, id=18516, stack(0x00000049e4900000,0x00000049e4a00000)]
  0x00000170ddb58f70 JavaThread "File lock request listener" [_thread_in_native, id=27476, stack(0x00000049e4a00000,0x00000049e4b00000)]
  0x00000170ddb57110 JavaThread "Cache worker for file hash cache (C:\Users\HP\.gradle\caches\8.9\fileHashes)" [_thread_blocked, id=12180, stack(0x00000049e4b00000,0x00000049e4c00000)]
  0x00000170ddb5a8c0 JavaThread "File watcher server" daemon [_thread_in_native, id=17004, stack(0x00000049e5500000,0x00000049e5600000)]
  0x00000170dfc035c0 JavaThread "File watcher consumer" daemon [_thread_blocked, id=26844, stack(0x00000049e5600000,0x00000049e5700000)]
  0x00000170dfc02ba0 JavaThread "jar transforms" [_thread_blocked, id=17908, stack(0x00000049e5700000,0x00000049e5800000)]
  0x00000170dfc04f10 JavaThread "jar transforms Thread 2" [_thread_blocked, id=21456, stack(0x00000049e5800000,0x00000049e5900000)]
  0x00000170dfc05420 JavaThread "jar transforms Thread 3" [_thread_blocked, id=19884, stack(0x00000049e5900000,0x00000049e5a00000)]
  0x00000170dfc02690 JavaThread "Cache worker for file content cache (C:\Users\HP\.gradle\caches\8.9\fileContent)" [_thread_blocked, id=2404, stack(0x00000049e5b00000,0x00000049e5c00000)]
  0x00000170dfc03ad0 JavaThread "jar transforms Thread 4" [_thread_blocked, id=11560, stack(0x00000049e4c00000,0x00000049e4d00000)]
  0x00000170dfc03fe0 JavaThread "jar transforms Thread 5" [_thread_blocked, id=22328, stack(0x00000049e5e00000,0x00000049e5f00000)]
  0x00000170e085c5a0 JavaThread "jar transforms Thread 6" [_thread_blocked, id=30252, stack(0x00000049e6100000,0x00000049e6200000)]
  0x00000170e085e400 JavaThread "jar transforms Thread 7" [_thread_blocked, id=1660, stack(0x00000049e6200000,0x00000049e6300000)]
  0x00000170e085e910 JavaThread "jar transforms Thread 8" [_thread_blocked, id=22492, stack(0x00000049e6300000,0x00000049e6400000)]
  0x00000170e085b160 JavaThread "jar transforms Thread 9" [_thread_blocked, id=14060, stack(0x00000049e6400000,0x00000049e6500000)]
  0x00000170e085cab0 JavaThread "jar transforms Thread 10" [_thread_blocked, id=22752, stack(0x00000049e6500000,0x00000049e6600000)]
  0x00000170e085ee20 JavaThread "jar transforms Thread 11" [_thread_blocked, id=11664, stack(0x00000049e6600000,0x00000049e6700000)]
  0x00000170e085b670 JavaThread "jar transforms Thread 12" [_thread_blocked, id=19536, stack(0x00000049e6700000,0x00000049e6800000)]
  0x00000170e0d43a90 JavaThread "VFS cleanup" [_thread_blocked, id=9892, stack(0x00000049e3700000,0x00000049e3800000)]
  0x00000170e0d48680 JavaThread "Memory manager" [_thread_blocked, id=14480, stack(0x00000049e8800000,0x00000049e8900000)]
  0x00000170e085bb80 JavaThread "File lock release action executor" [_thread_blocked, id=5060, stack(0x00000049e4300000,0x00000049e4400000)]
  0x00000170ddb57b30 JavaThread "Handler for socket connection from /127.0.0.1:54581 to /127.0.0.1:56011" [_thread_in_native, id=4784, stack(0x00000049e4400000,0x00000049e4500000)]
  0x00000170ddb58040 JavaThread "Cancel handler" [_thread_blocked, id=6688, stack(0x00000049e4600000,0x00000049e4700000)]
  0x00000170ddb58550 JavaThread "Asynchronous log dispatcher for DefaultDaemonConnection: socket connection from /127.0.0.1:54581 to /127.0.0.1:56011" [_thread_blocked, id=8208, stack(0x00000049e4700000,0x00000049e4800000)]
  0x00000170ddb59990 JavaThread "Stdin handler" [_thread_blocked, id=25224, stack(0x00000049e4800000,0x00000049e4900000)]
  0x00000170ddb58a60 JavaThread "Daemon client event forwarder" [_thread_blocked, id=9176, stack(0x00000049e4d00000,0x00000049e4e00000)]
  0x00000170e0d44ed0 JavaThread "Cache worker for file hash cache (D:\Parkitdemo\Updated-Sundukpay\node_modules\@react-native\gradle-plugin\.gradle\8.9\fileHashes)" [_thread_blocked, id=11100, stack(0x00000049e4e00000,0x00000049e4f00000)]
  0x00000170e0d43fa0 JavaThread "Cache worker for Build Output Cleanup Cache (D:\Parkitdemo\Updated-Sundukpay\node_modules\@react-native\gradle-plugin\.gradle\buildOutputCleanup)" [_thread_blocked, id=25016, stack(0x00000049e5a00000,0x00000049e5b00000)]
  0x00000170e0d444b0 JavaThread "Cache worker for checksums cache (D:\Parkitdemo\Updated-Sundukpay\node_modules\@react-native\gradle-plugin\.gradle\8.9\checksums)" [_thread_blocked, id=18680, stack(0x00000049e5c00000,0x00000049e5d00000)]
  0x00000170e0d46820 JavaThread "Cache worker for cache directory md-rule (C:\Users\HP\.gradle\caches\8.9\md-rule)" [_thread_blocked, id=6704, stack(0x00000049e5d00000,0x00000049e5e00000)]
  0x00000170e0d449c0 JavaThread "Cache worker for cache directory md-supplier (C:\Users\HP\.gradle\caches\8.9\md-supplier)" [_thread_blocked, id=16444, stack(0x00000049e5f00000,0x00000049e6000000)]
  0x00000170e0d458f0 JavaThread "Unconstrained build operations" [_thread_blocked, id=24108, stack(0x00000049e6800000,0x00000049e6900000)]
  0x00000170e0d453e0 JavaThread "Unconstrained build operations Thread 2" [_thread_blocked, id=16832, stack(0x00000049e6900000,0x00000049e6a00000)]
  0x00000170e0d45e00 JavaThread "Unconstrained build operations Thread 3" [_thread_blocked, id=6916, stack(0x00000049e6a00000,0x00000049e6b00000)]
  0x00000170e0d43070 JavaThread "Unconstrained build operations Thread 4" [_thread_blocked, id=10316, stack(0x00000049e6b00000,0x00000049e6c00000)]
  0x00000170e0d46310 JavaThread "Unconstrained build operations Thread 5" [_thread_blocked, id=27176, stack(0x00000049e6c00000,0x00000049e6d00000)]
  0x00000170e0d46d30 JavaThread "Unconstrained build operations Thread 6" [_thread_blocked, id=408, stack(0x00000049e6d00000,0x00000049e6e00000)]
  0x00000170def8c810 JavaThread "C2 CompilerThread1" daemon [_thread_in_native, id=15196, stack(0x00000049e6e00000,0x00000049e6f00000)]

Other Threads:
  0x00000170c27ad3f0 VMThread "VM Thread" [stack: 0x00000049e2c00000,0x00000049e2d00000] [id=660]
  0x00000170a779d3b0 WatcherThread [stack: 0x00000049e3900000,0x00000049e3a00000] [id=4928]
  0x00000170a77cb400 GCTaskThread "GC Thread#0" [stack: 0x00000049e2700000,0x00000049e2800000] [id=1928]
  0x00000170c2a8ecc0 GCTaskThread "GC Thread#1" [stack: 0x00000049e3b00000,0x00000049e3c00000] [id=4696]
  0x00000170dc8d9bc0 GCTaskThread "GC Thread#2" [stack: 0x00000049e3c00000,0x00000049e3d00000] [id=23628]
  0x00000170dc8d9e80 GCTaskThread "GC Thread#3" [stack: 0x00000049e3d00000,0x00000049e3e00000] [id=16680]
  0x00000170dc2ce400 GCTaskThread "GC Thread#4" [stack: 0x00000049e3e00000,0x00000049e3f00000] [id=21512]
  0x00000170dc8a78c0 GCTaskThread "GC Thread#5" [stack: 0x00000049e3f00000,0x00000049e4000000] [id=12208]
  0x00000170e0179020 GCTaskThread "GC Thread#6" [stack: 0x00000049e4f00000,0x00000049e5000000] [id=28280]
  0x00000170dde979c0 GCTaskThread "GC Thread#7" [stack: 0x00000049e5000000,0x00000049e5100000] [id=30756]
  0x00000170df3e3850 GCTaskThread "GC Thread#8" [stack: 0x00000049e5100000,0x00000049e5200000] [id=7488]
  0x00000170e0433e10 GCTaskThread "GC Thread#9" [stack: 0x00000049e5200000,0x00000049e5300000] [id=16272]
  0x00000170a77d0260 ConcurrentGCThread "G1 Main Marker" [stack: 0x00000049e2800000,0x00000049e2900000] [id=12316]
  0x00000170a77d1860 ConcurrentGCThread "G1 Conc#0" [stack: 0x00000049e2900000,0x00000049e2a00000] [id=19652]
  0x00000170df6145c0 ConcurrentGCThread "G1 Conc#1" [stack: 0x00000049e5300000,0x00000049e5400000] [id=17420]
  0x00000170df616140 ConcurrentGCThread "G1 Conc#2" [stack: 0x00000049e5400000,0x00000049e5500000] [id=25000]
  0x00000170a784ddb0 ConcurrentGCThread "G1 Refine#0" [stack: 0x00000049e2a00000,0x00000049e2b00000] [id=18252]
  0x00000170ddfef1e0 ConcurrentGCThread "G1 Refine#1" [stack: 0x00000049e6000000,0x00000049e6100000] [id=27764]
  0x00000170a784e590 ConcurrentGCThread "G1 Service" [stack: 0x00000049e2b00000,0x00000049e2c00000] [id=27072]

Threads with active compile tasks:
C2 CompilerThread0    48168 14222       4       org.gradle.internal.operations.DefaultBuildOperationRunner$CallableBuildOperationWorker::execute (12 bytes)
C2 CompilerThread1    48168 14220       4       org.gradle.internal.operations.DefaultBuildOperationRunner$CallableBuildOperationWorker::execute (10 bytes)

VM state: not at safepoint (normal execution)

VM Mutex/Monitor currently owned by a thread: None

Heap address: 0x00000000e0000000, size: 512 MB, Compressed Oops mode: 32-bit

CDS archive(s) mapped at: [0x00000170c3000000-0x00000170c3bb0000-0x00000170c3bb0000), size 12255232, SharedBaseAddress: 0x00000170c3000000, ArchiveRelocationMode: 1.
Compressed class space mapped at: 0x00000170c4000000-0x00000170d8000000, reserved size: 335544320
Narrow klass base: 0x00000170c3000000, Narrow klass shift: 0, Narrow klass range: 0x100000000

GC Precious Log:
 CPUs: 12 total, 12 available
 Memory: 7835M
 Large Page Support: Disabled
 NUMA Support: Disabled
 Compressed Oops: Enabled (32-bit)
 Heap Region Size: 1M
 Heap Min Capacity: 256M
 Heap Initial Capacity: 256M
 Heap Max Capacity: 512M
 Pre-touch: Disabled
 Parallel Workers: 10
 Concurrent Workers: 3
 Concurrent Refinement Workers: 10
 Periodic GC: Disabled

Heap:
 garbage-first heap   total 262144K, used 202191K [0x00000000e0000000, 0x0000000100000000)
  region size 1024K, 40 young (40960K), 3 survivors (3072K)
 Metaspace       used 122649K, committed 123840K, reserved 458752K
  class space    used 16233K, committed 16832K, reserved 327680K

Heap Regions: E=young(eden), S=young(survivor), O=old, HS=humongous(starts), HC=humongous(continues), CS=collection set, F=free, OA=open archive, CA=closed archive, TAMS=top-at-mark-start (previous, next)
|   0|0x00000000e0000000, 0x00000000e0100000, 0x00000000e0100000|100%|HS|  |TAMS 0x00000000e0100000, 0x00000000e0000000| Complete 
|   1|0x00000000e0100000, 0x00000000e0200000, 0x00000000e0200000|100%|HC|  |TAMS 0x00000000e0200000, 0x00000000e0100000| Complete 
|   2|0x00000000e0200000, 0x00000000e0300000, 0x00000000e0300000|100%|HC|  |TAMS 0x00000000e0300000, 0x00000000e0200000| Complete 
|   3|0x00000000e0300000, 0x00000000e0400000, 0x00000000e0400000|100%|HC|  |TAMS 0x00000000e0400000, 0x00000000e0300000| Complete 
|   4|0x00000000e0400000, 0x00000000e0500000, 0x00000000e0500000|100%| O|  |TAMS 0x00000000e0500000, 0x00000000e0400000| Untracked 
|   5|0x00000000e0500000, 0x00000000e0600000, 0x00000000e0600000|100%| O|  |TAMS 0x00000000e0600000, 0x00000000e0500000| Untracked 
|   6|0x00000000e0600000, 0x00000000e0700000, 0x00000000e0700000|100%| O|  |TAMS 0x00000000e0700000, 0x00000000e0600000| Untracked 
|   7|0x00000000e0700000, 0x00000000e0800000, 0x00000000e0800000|100%| O|  |TAMS 0x00000000e0800000, 0x00000000e0700000| Untracked 
|   8|0x00000000e0800000, 0x00000000e0900000, 0x00000000e0900000|100%| O|  |TAMS 0x00000000e0900000, 0x00000000e0800000| Untracked 
|   9|0x00000000e0900000, 0x00000000e0a00000, 0x00000000e0a00000|100%| O|  |TAMS 0x00000000e0a00000, 0x00000000e0900000| Untracked 
|  10|0x00000000e0a00000, 0x00000000e0b00000, 0x00000000e0b00000|100%| O|  |TAMS 0x00000000e0b00000, 0x00000000e0a00000| Untracked 
|  11|0x00000000e0b00000, 0x00000000e0c00000, 0x00000000e0c00000|100%|HS|  |TAMS 0x00000000e0c00000, 0x00000000e0b00000| Complete 
|  12|0x00000000e0c00000, 0x00000000e0d00000, 0x00000000e0d00000|100%| O|  |TAMS 0x00000000e0d00000, 0x00000000e0c00000| Untracked 
|  13|0x00000000e0d00000, 0x00000000e0e00000, 0x00000000e0e00000|100%| O|  |TAMS 0x00000000e0e00000, 0x00000000e0d00000| Untracked 
|  14|0x00000000e0e00000, 0x00000000e0f00000, 0x00000000e0f00000|100%| O|  |TAMS 0x00000000e0f00000, 0x00000000e0e00000| Untracked 
|  15|0x00000000e0f00000, 0x00000000e1000000, 0x00000000e1000000|100%| O|  |TAMS 0x00000000e1000000, 0x00000000e0f00000| Untracked 
|  16|0x00000000e1000000, 0x00000000e1100000, 0x00000000e1100000|100%| O|  |TAMS 0x00000000e1100000, 0x00000000e1000000| Untracked 
|  17|0x00000000e1100000, 0x00000000e1200000, 0x00000000e1200000|100%| O|  |TAMS 0x00000000e1200000, 0x00000000e1100000| Untracked 
|  18|0x00000000e1200000, 0x00000000e1300000, 0x00000000e1300000|100%| O|  |TAMS 0x00000000e1300000, 0x00000000e1200000| Untracked 
|  19|0x00000000e1300000, 0x00000000e1400000, 0x00000000e1400000|100%| O|  |TAMS 0x00000000e1400000, 0x00000000e1300000| Untracked 
|  20|0x00000000e1400000, 0x00000000e1500000, 0x00000000e1500000|100%| O|  |TAMS 0x00000000e1500000, 0x00000000e1400000| Untracked 
|  21|0x00000000e1500000, 0x00000000e1600000, 0x00000000e1600000|100%| O|  |TAMS 0x00000000e1600000, 0x00000000e1500000| Untracked 
|  22|0x00000000e1600000, 0x00000000e1700000, 0x00000000e1700000|100%| O|  |TAMS 0x00000000e1700000, 0x00000000e1600000| Untracked 
|  23|0x00000000e1700000, 0x00000000e1800000, 0x00000000e1800000|100%| O|  |TAMS 0x00000000e1800000, 0x00000000e1700000| Untracked 
|  24|0x00000000e1800000, 0x00000000e1900000, 0x00000000e1900000|100%|HS|  |TAMS 0x00000000e1900000, 0x00000000e1800000| Complete 
|  25|0x00000000e1900000, 0x00000000e1a00000, 0x00000000e1a00000|100%|HC|  |TAMS 0x00000000e1a00000, 0x00000000e1900000| Complete 
|  26|0x00000000e1a00000, 0x00000000e1b00000, 0x00000000e1b00000|100%| O|  |TAMS 0x00000000e1b00000, 0x00000000e1a00000| Untracked 
|  27|0x00000000e1b00000, 0x00000000e1c00000, 0x00000000e1c00000|100%| O|  |TAMS 0x00000000e1c00000, 0x00000000e1b00000| Untracked 
|  28|0x00000000e1c00000, 0x00000000e1d00000, 0x00000000e1d00000|100%| O|  |TAMS 0x00000000e1d00000, 0x00000000e1c00000| Untracked 
|  29|0x00000000e1d00000, 0x00000000e1e00000, 0x00000000e1e00000|100%| O|  |TAMS 0x00000000e1e00000, 0x00000000e1d00000| Untracked 
|  30|0x00000000e1e00000, 0x00000000e1f00000, 0x00000000e1f00000|100%| O|  |TAMS 0x00000000e1f00000, 0x00000000e1e00000| Untracked 
|  31|0x00000000e1f00000, 0x00000000e2000000, 0x00000000e2000000|100%| O|  |TAMS 0x00000000e2000000, 0x00000000e1f00000| Untracked 
|  32|0x00000000e2000000, 0x00000000e2100000, 0x00000000e2100000|100%| O|  |TAMS 0x00000000e2100000, 0x00000000e2000000| Untracked 
|  33|0x00000000e2100000, 0x00000000e2200000, 0x00000000e2200000|100%| O|  |TAMS 0x00000000e2200000, 0x00000000e2100000| Untracked 
|  34|0x00000000e2200000, 0x00000000e2300000, 0x00000000e2300000|100%| O|  |TAMS 0x00000000e2300000, 0x00000000e2200000| Untracked 
|  35|0x00000000e2300000, 0x00000000e2400000, 0x00000000e2400000|100%| O|  |TAMS 0x00000000e2400000, 0x00000000e2300000| Untracked 
|  36|0x00000000e2400000, 0x00000000e2500000, 0x00000000e2500000|100%| O|  |TAMS 0x00000000e2500000, 0x00000000e2400000| Untracked 
|  37|0x00000000e2500000, 0x00000000e2600000, 0x00000000e2600000|100%| O|  |TAMS 0x00000000e2600000, 0x00000000e2500000| Untracked 
|  38|0x00000000e2600000, 0x00000000e2700000, 0x00000000e2700000|100%| O|  |TAMS 0x00000000e2700000, 0x00000000e2600000| Untracked 
|  39|0x00000000e2700000, 0x00000000e2800000, 0x00000000e2800000|100%| O|  |TAMS 0x00000000e2800000, 0x00000000e2700000| Untracked 
|  40|0x00000000e2800000, 0x00000000e2900000, 0x00000000e2900000|100%| O|  |TAMS 0x00000000e2900000, 0x00000000e2800000| Untracked 
|  41|0x00000000e2900000, 0x00000000e2a00000, 0x00000000e2a00000|100%| O|  |TAMS 0x00000000e2a00000, 0x00000000e2900000| Untracked 
|  42|0x00000000e2a00000, 0x00000000e2b00000, 0x00000000e2b00000|100%|HS|  |TAMS 0x00000000e2b00000, 0x00000000e2a00000| Complete 
|  43|0x00000000e2b00000, 0x00000000e2c00000, 0x00000000e2c00000|100%| O|  |TAMS 0x00000000e2c00000, 0x00000000e2b00000| Untracked 
|  44|0x00000000e2c00000, 0x00000000e2d00000, 0x00000000e2d00000|100%| O|  |TAMS 0x00000000e2d00000, 0x00000000e2c00000| Untracked 
|  45|0x00000000e2d00000, 0x00000000e2e00000, 0x00000000e2e00000|100%| O|  |TAMS 0x00000000e2e00000, 0x00000000e2d00000| Untracked 
|  46|0x00000000e2e00000, 0x00000000e2f00000, 0x00000000e2f00000|100%| O|  |TAMS 0x00000000e2f00000, 0x00000000e2e00000| Untracked 
|  47|0x00000000e2f00000, 0x00000000e3000000, 0x00000000e3000000|100%| O|  |TAMS 0x00000000e3000000, 0x00000000e2f00000| Untracked 
|  48|0x00000000e3000000, 0x00000000e3100000, 0x00000000e3100000|100%| O|  |TAMS 0x00000000e3100000, 0x00000000e3000000| Untracked 
|  49|0x00000000e3100000, 0x00000000e3200000, 0x00000000e3200000|100%| O|  |TAMS 0x00000000e3200000, 0x00000000e3100000| Untracked 
|  50|0x00000000e3200000, 0x00000000e3300000, 0x00000000e3300000|100%| O|  |TAMS 0x00000000e3300000, 0x00000000e3200000| Untracked 
|  51|0x00000000e3300000, 0x00000000e3400000, 0x00000000e3400000|100%| O|  |TAMS 0x00000000e3400000, 0x00000000e3300000| Untracked 
|  52|0x00000000e3400000, 0x00000000e3500000, 0x00000000e3500000|100%| O|  |TAMS 0x00000000e3500000, 0x00000000e3400000| Untracked 
|  53|0x00000000e3500000, 0x00000000e3600000, 0x00000000e3600000|100%|HS|  |TAMS 0x00000000e3600000, 0x00000000e3500000| Complete 
|  54|0x00000000e3600000, 0x00000000e3700000, 0x00000000e3700000|100%|HS|  |TAMS 0x00000000e3700000, 0x00000000e3600000| Complete 
|  55|0x00000000e3700000, 0x00000000e3800000, 0x00000000e3800000|100%|HC|  |TAMS 0x00000000e3800000, 0x00000000e3700000| Complete 
|  56|0x00000000e3800000, 0x00000000e3900000, 0x00000000e3900000|100%|HS|  |TAMS 0x00000000e3900000, 0x00000000e3800000| Complete 
|  57|0x00000000e3900000, 0x00000000e3a00000, 0x00000000e3a00000|100%|HS|  |TAMS 0x00000000e3a00000, 0x00000000e3900000| Complete 
|  58|0x00000000e3a00000, 0x00000000e3b00000, 0x00000000e3b00000|100%|HS|  |TAMS 0x00000000e3b00000, 0x00000000e3a00000| Complete 
|  59|0x00000000e3b00000, 0x00000000e3c00000, 0x00000000e3c00000|100%|HS|  |TAMS 0x00000000e3c00000, 0x00000000e3b00000| Complete 
|  60|0x00000000e3c00000, 0x00000000e3d00000, 0x00000000e3d00000|100%|HC|  |TAMS 0x00000000e3d00000, 0x00000000e3c00000| Complete 
|  61|0x00000000e3d00000, 0x00000000e3e00000, 0x00000000e3e00000|100%|HC|  |TAMS 0x00000000e3e00000, 0x00000000e3d00000| Complete 
|  62|0x00000000e3e00000, 0x00000000e3f00000, 0x00000000e3f00000|100%|HS|  |TAMS 0x00000000e3f00000, 0x00000000e3e00000| Complete 
|  63|0x00000000e3f00000, 0x00000000e4000000, 0x00000000e4000000|100%|HS|  |TAMS 0x00000000e4000000, 0x00000000e3f00000| Complete 
|  64|0x00000000e4000000, 0x00000000e4100000, 0x00000000e4100000|100%| O|  |TAMS 0x00000000e4100000, 0x00000000e4000000| Untracked 
|  65|0x00000000e4100000, 0x00000000e4200000, 0x00000000e4200000|100%| O|  |TAMS 0x00000000e4200000, 0x00000000e4100000| Untracked 
|  66|0x00000000e4200000, 0x00000000e4300000, 0x00000000e4300000|100%| O|  |TAMS 0x00000000e4300000, 0x00000000e4200000| Untracked 
|  67|0x00000000e4300000, 0x00000000e4400000, 0x00000000e4400000|100%| O|  |TAMS 0x00000000e4400000, 0x00000000e4300000| Untracked 
|  68|0x00000000e4400000, 0x00000000e4500000, 0x00000000e4500000|100%| O|  |TAMS 0x00000000e4500000, 0x00000000e4400000| Untracked 
|  69|0x00000000e4500000, 0x00000000e4600000, 0x00000000e4600000|100%|HS|  |TAMS 0x00000000e4600000, 0x00000000e4500000| Complete 
|  70|0x00000000e4600000, 0x00000000e4700000, 0x00000000e4700000|100%|HS|  |TAMS 0x00000000e4700000, 0x00000000e4600000| Complete 
|  71|0x00000000e4700000, 0x00000000e4800000, 0x00000000e4800000|100%|HC|  |TAMS 0x00000000e4800000, 0x00000000e4700000| Complete 
|  72|0x00000000e4800000, 0x00000000e4900000, 0x00000000e4900000|100%| O|  |TAMS 0x00000000e4900000, 0x00000000e4800000| Untracked 
|  73|0x00000000e4900000, 0x00000000e4a00000, 0x00000000e4a00000|100%| O|  |TAMS 0x00000000e4a00000, 0x00000000e4900000| Untracked 
|  74|0x00000000e4a00000, 0x00000000e4b00000, 0x00000000e4b00000|100%| O|  |TAMS 0x00000000e4b00000, 0x00000000e4a00000| Untracked 
|  75|0x00000000e4b00000, 0x00000000e4c00000, 0x00000000e4c00000|100%| O|  |TAMS 0x00000000e4c00000, 0x00000000e4b00000| Untracked 
|  76|0x00000000e4c00000, 0x00000000e4d00000, 0x00000000e4d00000|100%| O|  |TAMS 0x00000000e4c00000, 0x00000000e4c00000| Untracked 
|  77|0x00000000e4d00000, 0x00000000e4e00000, 0x00000000e4e00000|100%| O|  |TAMS 0x00000000e4e00000, 0x00000000e4d00000| Untracked 
|  78|0x00000000e4e00000, 0x00000000e4f00000, 0x00000000e4f00000|100%| O|  |TAMS 0x00000000e4f00000, 0x00000000e4e00000| Untracked 
|  79|0x00000000e4f00000, 0x00000000e5000000, 0x00000000e5000000|100%| O|  |TAMS 0x00000000e5000000, 0x00000000e4f00000| Untracked 
|  80|0x00000000e5000000, 0x00000000e5100000, 0x00000000e5100000|100%| O|  |TAMS 0x00000000e5100000, 0x00000000e5000000| Untracked 
|  81|0x00000000e5100000, 0x00000000e5200000, 0x00000000e5200000|100%| O|  |TAMS 0x00000000e5200000, 0x00000000e5100000| Untracked 
|  82|0x00000000e5200000, 0x00000000e5300000, 0x00000000e5300000|100%| O|  |TAMS 0x00000000e5300000, 0x00000000e5200000| Untracked 
|  83|0x00000000e5300000, 0x00000000e5400000, 0x00000000e5400000|100%| O|  |TAMS 0x00000000e5400000, 0x00000000e5300000| Untracked 
|  84|0x00000000e5400000, 0x00000000e5500000, 0x00000000e5500000|100%| O|  |TAMS 0x00000000e5500000, 0x00000000e5400000| Untracked 
|  85|0x00000000e5500000, 0x00000000e5600000, 0x00000000e5600000|100%| O|  |TAMS 0x00000000e5600000, 0x00000000e5500000| Untracked 
|  86|0x00000000e5600000, 0x00000000e5700000, 0x00000000e5700000|100%| O|  |TAMS 0x00000000e5700000, 0x00000000e5600000| Untracked 
|  87|0x00000000e5700000, 0x00000000e5800000, 0x00000000e5800000|100%| O|  |TAMS 0x00000000e5800000, 0x00000000e5700000| Untracked 
|  88|0x00000000e5800000, 0x00000000e5900000, 0x00000000e5900000|100%| O|  |TAMS 0x00000000e5900000, 0x00000000e5800000| Untracked 
|  89|0x00000000e5900000, 0x00000000e5a00000, 0x00000000e5a00000|100%| O|  |TAMS 0x00000000e5a00000, 0x00000000e5900000| Untracked 
|  90|0x00000000e5a00000, 0x00000000e5b00000, 0x00000000e5b00000|100%| O|  |TAMS 0x00000000e5b00000, 0x00000000e5a00000| Untracked 
|  91|0x00000000e5b00000, 0x00000000e5c00000, 0x00000000e5c00000|100%| O|  |TAMS 0x00000000e5c00000, 0x00000000e5b00000| Untracked 
|  92|0x00000000e5c00000, 0x00000000e5d00000, 0x00000000e5d00000|100%| O|  |TAMS 0x00000000e5d00000, 0x00000000e5c00000| Untracked 
|  93|0x00000000e5d00000, 0x00000000e5e00000, 0x00000000e5e00000|100%|HS|  |TAMS 0x00000000e5e00000, 0x00000000e5d00000| Complete 
|  94|0x00000000e5e00000, 0x00000000e5f00000, 0x00000000e5f00000|100%|HC|  |TAMS 0x00000000e5f00000, 0x00000000e5e00000| Complete 
|  95|0x00000000e5f00000, 0x00000000e6000000, 0x00000000e6000000|100%|HC|  |TAMS 0x00000000e6000000, 0x00000000e5f00000| Complete 
|  96|0x00000000e6000000, 0x00000000e6100000, 0x00000000e6100000|100%|HS|  |TAMS 0x00000000e6100000, 0x00000000e6000000| Complete 
|  97|0x00000000e6100000, 0x00000000e6200000, 0x00000000e6200000|100%|HC|  |TAMS 0x00000000e6200000, 0x00000000e6100000| Complete 
|  98|0x00000000e6200000, 0x00000000e6300000, 0x00000000e6300000|100%|HS|  |TAMS 0x00000000e6300000, 0x00000000e6200000| Complete 
|  99|0x00000000e6300000, 0x00000000e6400000, 0x00000000e6400000|100%|HC|  |TAMS 0x00000000e6400000, 0x00000000e6300000| Complete 
| 100|0x00000000e6400000, 0x00000000e6500000, 0x00000000e6500000|100%|HC|  |TAMS 0x00000000e6500000, 0x00000000e6400000| Complete 
| 101|0x00000000e6500000, 0x00000000e6600000, 0x00000000e6600000|100%|HC|  |TAMS 0x00000000e6600000, 0x00000000e6500000| Complete 
| 102|0x00000000e6600000, 0x00000000e6700000, 0x00000000e6700000|100%|HS|  |TAMS 0x00000000e6700000, 0x00000000e6600000| Complete 
| 103|0x00000000e6700000, 0x00000000e6800000, 0x00000000e6800000|100%|HS|  |TAMS 0x00000000e6800000, 0x00000000e6700000| Complete 
| 104|0x00000000e6800000, 0x00000000e6900000, 0x00000000e6900000|100%|HS|  |TAMS 0x00000000e6900000, 0x00000000e6800000| Complete 
| 105|0x00000000e6900000, 0x00000000e6a00000, 0x00000000e6a00000|100%|HS|  |TAMS 0x00000000e6a00000, 0x00000000e6900000| Complete 
| 106|0x00000000e6a00000, 0x00000000e6b00000, 0x00000000e6b00000|100%| O|  |TAMS 0x00000000e6b00000, 0x00000000e6a00000| Untracked 
| 107|0x00000000e6b00000, 0x00000000e6c00000, 0x00000000e6c00000|100%| O|  |TAMS 0x00000000e6c00000, 0x00000000e6b00000| Untracked 
| 108|0x00000000e6c00000, 0x00000000e6d00000, 0x00000000e6d00000|100%| O|  |TAMS 0x00000000e6d00000, 0x00000000e6c00000| Untracked 
| 109|0x00000000e6d00000, 0x00000000e6e00000, 0x00000000e6e00000|100%| O|  |TAMS 0x00000000e6e00000, 0x00000000e6d00000| Untracked 
| 110|0x00000000e6e00000, 0x00000000e6f00000, 0x00000000e6f00000|100%| O|  |TAMS 0x00000000e6f00000, 0x00000000e6e00000| Untracked 
| 111|0x00000000e6f00000, 0x00000000e7000000, 0x00000000e7000000|100%| O|  |TAMS 0x00000000e6f00000, 0x00000000e6f00000| Untracked 
| 112|0x00000000e7000000, 0x00000000e7100000, 0x00000000e7100000|100%| O|  |TAMS 0x00000000e7000000, 0x00000000e7000000| Untracked 
| 113|0x00000000e7100000, 0x00000000e7200000, 0x00000000e7200000|100%| O|  |TAMS 0x00000000e7200000, 0x00000000e7100000| Untracked 
| 114|0x00000000e7200000, 0x00000000e7300000, 0x00000000e7300000|100%| O|  |TAMS 0x00000000e7300000, 0x00000000e7200000| Untracked 
| 115|0x00000000e7300000, 0x00000000e7400000, 0x00000000e7400000|100%| O|  |TAMS 0x00000000e7400000, 0x00000000e7300000| Untracked 
| 116|0x00000000e7400000, 0x00000000e7500000, 0x00000000e7500000|100%| O|  |TAMS 0x00000000e7500000, 0x00000000e7400000| Untracked 
| 117|0x00000000e7500000, 0x00000000e7600000, 0x00000000e7600000|100%| O|  |TAMS 0x00000000e7600000, 0x00000000e7500000| Untracked 
| 118|0x00000000e7600000, 0x00000000e7700000, 0x00000000e7700000|100%| O|  |TAMS 0x00000000e7700000, 0x00000000e7600000| Untracked 
| 119|0x00000000e7700000, 0x00000000e7800000, 0x00000000e7800000|100%| O|  |TAMS 0x00000000e7700000, 0x00000000e7700000| Untracked 
| 120|0x00000000e7800000, 0x00000000e7900000, 0x00000000e7900000|100%| O|  |TAMS 0x00000000e7900000, 0x00000000e7800000| Untracked 
| 121|0x00000000e7900000, 0x00000000e7a00000, 0x00000000e7a00000|100%| O|  |TAMS 0x00000000e7900000, 0x00000000e7900000| Untracked 
| 122|0x00000000e7a00000, 0x00000000e7b00000, 0x00000000e7b00000|100%| O|  |TAMS 0x00000000e7a00000, 0x00000000e7a00000| Untracked 
| 123|0x00000000e7b00000, 0x00000000e7c00000, 0x00000000e7c00000|100%| O|  |TAMS 0x00000000e7b00000, 0x00000000e7b00000| Untracked 
| 124|0x00000000e7c00000, 0x00000000e7d00000, 0x00000000e7d00000|100%| O|  |TAMS 0x00000000e7c00000, 0x00000000e7c00000| Untracked 
| 125|0x00000000e7d00000, 0x00000000e7e00000, 0x00000000e7e00000|100%| O|  |TAMS 0x00000000e7d00000, 0x00000000e7d00000| Untracked 
| 126|0x00000000e7e00000, 0x00000000e7f00000, 0x00000000e7f00000|100%| O|  |TAMS 0x00000000e7f00000, 0x00000000e7e00000| Untracked 
| 127|0x00000000e7f00000, 0x00000000e8000000, 0x00000000e8000000|100%| O|  |TAMS 0x00000000e8000000, 0x00000000e7f00000| Untracked 
| 128|0x00000000e8000000, 0x00000000e8100000, 0x00000000e8100000|100%| O|  |TAMS 0x00000000e8100000, 0x00000000e8000000| Untracked 
| 129|0x00000000e8100000, 0x00000000e8200000, 0x00000000e8200000|100%| O|  |TAMS 0x00000000e8200000, 0x00000000e8100000| Untracked 
| 130|0x00000000e8200000, 0x00000000e8300000, 0x00000000e8300000|100%| O|  |TAMS 0x00000000e8300000, 0x00000000e8200000| Untracked 
| 131|0x00000000e8300000, 0x00000000e8400000, 0x00000000e8400000|100%| O|  |TAMS 0x00000000e8400000, 0x00000000e8300000| Untracked 
| 132|0x00000000e8400000, 0x00000000e8500000, 0x00000000e8500000|100%| O|  |TAMS 0x00000000e8500000, 0x00000000e8400000| Untracked 
| 133|0x00000000e8500000, 0x00000000e8600000, 0x00000000e8600000|100%| O|  |TAMS 0x00000000e8600000, 0x00000000e8500000| Untracked 
| 134|0x00000000e8600000, 0x00000000e8700000, 0x00000000e8700000|100%| O|  |TAMS 0x00000000e8700000, 0x00000000e8600000| Untracked 
| 135|0x00000000e8700000, 0x00000000e8800000, 0x00000000e8800000|100%| O|  |TAMS 0x00000000e8800000, 0x00000000e8700000| Untracked 
| 136|0x00000000e8800000, 0x00000000e8900000, 0x00000000e8900000|100%| O|  |TAMS 0x00000000e8900000, 0x00000000e8800000| Untracked 
| 137|0x00000000e8900000, 0x00000000e8a00000, 0x00000000e8a00000|100%| O|  |TAMS 0x00000000e89c4200, 0x00000000e8900000| Untracked 
| 138|0x00000000e8a00000, 0x00000000e8b00000, 0x00000000e8b00000|100%| O|  |TAMS 0x00000000e8a00000, 0x00000000e8a00000| Untracked 
| 139|0x00000000e8b00000, 0x00000000e8c00000, 0x00000000e8c00000|100%| O|  |TAMS 0x00000000e8b00000, 0x00000000e8b00000| Untracked 
| 140|0x00000000e8c00000, 0x00000000e8d00000, 0x00000000e8d00000|100%| O|  |TAMS 0x00000000e8c00000, 0x00000000e8c00000| Untracked 
| 141|0x00000000e8d00000, 0x00000000e8e00000, 0x00000000e8e00000|100%| O|  |TAMS 0x00000000e8d00000, 0x00000000e8d00000| Untracked 
| 142|0x00000000e8e00000, 0x00000000e8f00000, 0x00000000e8f00000|100%| O|  |TAMS 0x00000000e8e00000, 0x00000000e8e00000| Untracked 
| 143|0x00000000e8f00000, 0x00000000e9000000, 0x00000000e9000000|100%| O|  |TAMS 0x00000000e8f00000, 0x00000000e8f00000| Untracked 
| 144|0x00000000e9000000, 0x00000000e9100000, 0x00000000e9100000|100%| O|  |TAMS 0x00000000e9000000, 0x00000000e9000000| Untracked 
| 145|0x00000000e9100000, 0x00000000e9200000, 0x00000000e9200000|100%| O|  |TAMS 0x00000000e9100000, 0x00000000e9100000| Untracked 
| 146|0x00000000e9200000, 0x00000000e9300000, 0x00000000e9300000|100%| O|  |TAMS 0x00000000e9200000, 0x00000000e9200000| Untracked 
| 147|0x00000000e9300000, 0x00000000e9400000, 0x00000000e9400000|100%| O|  |TAMS 0x00000000e9300000, 0x00000000e9300000| Untracked 
| 148|0x00000000e9400000, 0x00000000e9500000, 0x00000000e9500000|100%| O|  |TAMS 0x00000000e9400000, 0x00000000e9400000| Untracked 
| 149|0x00000000e9500000, 0x00000000e9600000, 0x00000000e9600000|100%| O|  |TAMS 0x00000000e9500000, 0x00000000e9500000| Untracked 
| 150|0x00000000e9600000, 0x00000000e9700000, 0x00000000e9700000|100%| O|  |TAMS 0x00000000e9600000, 0x00000000e9600000| Untracked 
| 151|0x00000000e9700000, 0x00000000e9800000, 0x00000000e9800000|100%| O|  |TAMS 0x00000000e9700000, 0x00000000e9700000| Untracked 
| 152|0x00000000e9800000, 0x00000000e9900000, 0x00000000e9900000|100%| O|  |TAMS 0x00000000e9800000, 0x00000000e9800000| Untracked 
| 153|0x00000000e9900000, 0x00000000e9a00000, 0x00000000e9a00000|100%| O|  |TAMS 0x00000000e9900000, 0x00000000e9900000| Untracked 
| 154|0x00000000e9a00000, 0x00000000e9b00000, 0x00000000e9b00000|100%| O|  |TAMS 0x00000000e9a00000, 0x00000000e9a00000| Untracked 
| 155|0x00000000e9b00000, 0x00000000e9c00000, 0x00000000e9c00000|100%| O|  |TAMS 0x00000000e9b00000, 0x00000000e9b00000| Untracked 
| 156|0x00000000e9c00000, 0x00000000e9d00000, 0x00000000e9d00000|100%| O|  |TAMS 0x00000000e9c00000, 0x00000000e9c00000| Untracked 
| 157|0x00000000e9d00000, 0x00000000e9e00000, 0x00000000e9e00000|100%| O|  |TAMS 0x00000000e9d00000, 0x00000000e9d00000| Untracked 
| 158|0x00000000e9e00000, 0x00000000e9f00000, 0x00000000e9f00000|100%| O|  |TAMS 0x00000000e9e00000, 0x00000000e9e00000| Untracked 
| 159|0x00000000e9f00000, 0x00000000e9f0e800, 0x00000000ea000000|  5%| O|  |TAMS 0x00000000e9f00000, 0x00000000e9f00000| Untracked 
| 160|0x00000000ea000000, 0x00000000ea000000, 0x00000000ea100000|  0%| F|  |TAMS 0x00000000ea000000, 0x00000000ea000000| Untracked 
| 161|0x00000000ea100000, 0x00000000ea100000, 0x00000000ea200000|  0%| F|  |TAMS 0x00000000ea100000, 0x00000000ea100000| Untracked 
| 162|0x00000000ea200000, 0x00000000ea200000, 0x00000000ea300000|  0%| F|  |TAMS 0x00000000ea200000, 0x00000000ea200000| Untracked 
| 163|0x00000000ea300000, 0x00000000ea300000, 0x00000000ea400000|  0%| F|  |TAMS 0x00000000ea300000, 0x00000000ea300000| Untracked 
| 164|0x00000000ea400000, 0x00000000ea400000, 0x00000000ea500000|  0%| F|  |TAMS 0x00000000ea400000, 0x00000000ea400000| Untracked 
| 165|0x00000000ea500000, 0x00000000ea500000, 0x00000000ea600000|  0%| F|  |TAMS 0x00000000ea500000, 0x00000000ea500000| Untracked 
| 166|0x00000000ea600000, 0x00000000ea600000, 0x00000000ea700000|  0%| F|  |TAMS 0x00000000ea600000, 0x00000000ea600000| Untracked 
| 167|0x00000000ea700000, 0x00000000ea700000, 0x00000000ea800000|  0%| F|  |TAMS 0x00000000ea700000, 0x00000000ea700000| Untracked 
| 168|0x00000000ea800000, 0x00000000ea800000, 0x00000000ea900000|  0%| F|  |TAMS 0x00000000ea800000, 0x00000000ea800000| Untracked 
| 169|0x00000000ea900000, 0x00000000ea900000, 0x00000000eaa00000|  0%| F|  |TAMS 0x00000000ea900000, 0x00000000ea900000| Untracked 
| 170|0x00000000eaa00000, 0x00000000eaa00000, 0x00000000eab00000|  0%| F|  |TAMS 0x00000000eaa00000, 0x00000000eaa00000| Untracked 
| 171|0x00000000eab00000, 0x00000000eab00000, 0x00000000eac00000|  0%| F|  |TAMS 0x00000000eab00000, 0x00000000eab00000| Untracked 
| 172|0x00000000eac00000, 0x00000000eac00000, 0x00000000ead00000|  0%| F|  |TAMS 0x00000000eac00000, 0x00000000eac00000| Untracked 
| 173|0x00000000ead00000, 0x00000000ead00000, 0x00000000eae00000|  0%| F|  |TAMS 0x00000000ead00000, 0x00000000ead00000| Untracked 
| 174|0x00000000eae00000, 0x00000000eae00000, 0x00000000eaf00000|  0%| F|  |TAMS 0x00000000eae00000, 0x00000000eae00000| Untracked 
| 175|0x00000000eaf00000, 0x00000000eaf00000, 0x00000000eb000000|  0%| F|  |TAMS 0x00000000eaf00000, 0x00000000eaf00000| Untracked 
| 176|0x00000000eb000000, 0x00000000eb000000, 0x00000000eb100000|  0%| F|  |TAMS 0x00000000eb000000, 0x00000000eb000000| Untracked 
| 177|0x00000000eb100000, 0x00000000eb100000, 0x00000000eb200000|  0%| F|  |TAMS 0x00000000eb100000, 0x00000000eb100000| Untracked 
| 178|0x00000000eb200000, 0x00000000eb200000, 0x00000000eb300000|  0%| F|  |TAMS 0x00000000eb200000, 0x00000000eb200000| Untracked 
| 179|0x00000000eb300000, 0x00000000eb300000, 0x00000000eb400000|  0%| F|  |TAMS 0x00000000eb300000, 0x00000000eb300000| Untracked 
| 180|0x00000000eb400000, 0x00000000eb400000, 0x00000000eb500000|  0%| F|  |TAMS 0x00000000eb400000, 0x00000000eb400000| Untracked 
| 181|0x00000000eb500000, 0x00000000eb500000, 0x00000000eb600000|  0%| F|  |TAMS 0x00000000eb500000, 0x00000000eb500000| Untracked 
| 182|0x00000000eb600000, 0x00000000eb600000, 0x00000000eb700000|  0%| F|  |TAMS 0x00000000eb600000, 0x00000000eb600000| Untracked 
| 183|0x00000000eb700000, 0x00000000eb700000, 0x00000000eb800000|  0%| F|  |TAMS 0x00000000eb700000, 0x00000000eb700000| Untracked 
| 184|0x00000000eb800000, 0x00000000eb800000, 0x00000000eb900000|  0%| F|  |TAMS 0x00000000eb800000, 0x00000000eb800000| Untracked 
| 185|0x00000000eb900000, 0x00000000eb900000, 0x00000000eba00000|  0%| F|  |TAMS 0x00000000eb900000, 0x00000000eb900000| Untracked 
| 186|0x00000000eba00000, 0x00000000eba00000, 0x00000000ebb00000|  0%| F|  |TAMS 0x00000000eba00000, 0x00000000eba00000| Untracked 
| 187|0x00000000ebb00000, 0x00000000ebb00000, 0x00000000ebc00000|  0%| F|  |TAMS 0x00000000ebb00000, 0x00000000ebb00000| Untracked 
| 188|0x00000000ebc00000, 0x00000000ebc00000, 0x00000000ebd00000|  0%| F|  |TAMS 0x00000000ebc00000, 0x00000000ebc00000| Untracked 
| 189|0x00000000ebd00000, 0x00000000ebd00000, 0x00000000ebe00000|  0%| F|  |TAMS 0x00000000ebd00000, 0x00000000ebd00000| Untracked 
| 190|0x00000000ebe00000, 0x00000000ebe00000, 0x00000000ebf00000|  0%| F|  |TAMS 0x00000000ebe00000, 0x00000000ebe00000| Untracked 
| 191|0x00000000ebf00000, 0x00000000ebf00000, 0x00000000ec000000|  0%| F|  |TAMS 0x00000000ebf00000, 0x00000000ebf00000| Untracked 
| 192|0x00000000ec000000, 0x00000000ec000000, 0x00000000ec100000|  0%| F|  |TAMS 0x00000000ec000000, 0x00000000ec000000| Untracked 
| 193|0x00000000ec100000, 0x00000000ec100000, 0x00000000ec200000|  0%| F|  |TAMS 0x00000000ec100000, 0x00000000ec100000| Untracked 
| 194|0x00000000ec200000, 0x00000000ec200000, 0x00000000ec300000|  0%| F|  |TAMS 0x00000000ec200000, 0x00000000ec200000| Untracked 
| 195|0x00000000ec300000, 0x00000000ec300000, 0x00000000ec400000|  0%| F|  |TAMS 0x00000000ec300000, 0x00000000ec300000| Untracked 
| 196|0x00000000ec400000, 0x00000000ec4656c0, 0x00000000ec500000| 39%| S|CS|TAMS 0x00000000ec400000, 0x00000000ec400000| Complete 
| 197|0x00000000ec500000, 0x00000000ec500000, 0x00000000ec600000|  0%| F|  |TAMS 0x00000000ec500000, 0x00000000ec500000| Untracked 
| 198|0x00000000ec600000, 0x00000000ec700000, 0x00000000ec700000|100%| S|CS|TAMS 0x00000000ec600000, 0x00000000ec600000| Complete 
| 199|0x00000000ec700000, 0x00000000ec800000, 0x00000000ec800000|100%| S|CS|TAMS 0x00000000ec700000, 0x00000000ec700000| Complete 
| 200|0x00000000ec800000, 0x00000000ec800000, 0x00000000ec900000|  0%| F|  |TAMS 0x00000000ec800000, 0x00000000ec800000| Untracked 
| 201|0x00000000ec900000, 0x00000000ec900000, 0x00000000eca00000|  0%| F|  |TAMS 0x00000000ec900000, 0x00000000ec900000| Untracked 
| 202|0x00000000eca00000, 0x00000000eca00000, 0x00000000ecb00000|  0%| F|  |TAMS 0x00000000eca00000, 0x00000000eca00000| Untracked 
| 203|0x00000000ecb00000, 0x00000000ecb00000, 0x00000000ecc00000|  0%| F|  |TAMS 0x00000000ecb00000, 0x00000000ecb00000| Untracked 
| 204|0x00000000ecc00000, 0x00000000ecc00000, 0x00000000ecd00000|  0%| F|  |TAMS 0x00000000ecc00000, 0x00000000ecc00000| Untracked 
| 205|0x00000000ecd00000, 0x00000000ecd00000, 0x00000000ece00000|  0%| F|  |TAMS 0x00000000ecd00000, 0x00000000ecd00000| Untracked 
| 206|0x00000000ece00000, 0x00000000ece00000, 0x00000000ecf00000|  0%| F|  |TAMS 0x00000000ece00000, 0x00000000ece00000| Untracked 
| 207|0x00000000ecf00000, 0x00000000ecf00000, 0x00000000ed000000|  0%| F|  |TAMS 0x00000000ecf00000, 0x00000000ecf00000| Untracked 
| 208|0x00000000ed000000, 0x00000000ed000000, 0x00000000ed100000|  0%| F|  |TAMS 0x00000000ed000000, 0x00000000ed000000| Untracked 
| 209|0x00000000ed100000, 0x00000000ed100000, 0x00000000ed200000|  0%| F|  |TAMS 0x00000000ed100000, 0x00000000ed100000| Untracked 
| 210|0x00000000ed200000, 0x00000000ed200000, 0x00000000ed300000|  0%| F|  |TAMS 0x00000000ed200000, 0x00000000ed200000| Untracked 
| 211|0x00000000ed300000, 0x00000000ed300000, 0x00000000ed400000|  0%| F|  |TAMS 0x00000000ed300000, 0x00000000ed300000| Untracked 
| 212|0x00000000ed400000, 0x00000000ed400000, 0x00000000ed500000|  0%| F|  |TAMS 0x00000000ed400000, 0x00000000ed400000| Untracked 
| 213|0x00000000ed500000, 0x00000000ed500000, 0x00000000ed600000|  0%| F|  |TAMS 0x00000000ed500000, 0x00000000ed500000| Untracked 
| 214|0x00000000ed600000, 0x00000000ed600000, 0x00000000ed700000|  0%| F|  |TAMS 0x00000000ed600000, 0x00000000ed600000| Untracked 
| 215|0x00000000ed700000, 0x00000000ed700000, 0x00000000ed800000|  0%| F|  |TAMS 0x00000000ed700000, 0x00000000ed700000| Untracked 
| 216|0x00000000ed800000, 0x00000000ed800000, 0x00000000ed900000|  0%| F|  |TAMS 0x00000000ed800000, 0x00000000ed800000| Untracked 
| 217|0x00000000ed900000, 0x00000000ed900000, 0x00000000eda00000|  0%| F|  |TAMS 0x00000000ed900000, 0x00000000ed900000| Untracked 
| 218|0x00000000eda00000, 0x00000000eda00000, 0x00000000edb00000|  0%| F|  |TAMS 0x00000000eda00000, 0x00000000eda00000| Untracked 
| 219|0x00000000edb00000, 0x00000000edb80000, 0x00000000edc00000| 50%| E|  |TAMS 0x00000000edb00000, 0x00000000edb00000| Complete 
| 220|0x00000000edc00000, 0x00000000edd00000, 0x00000000edd00000|100%| E|CS|TAMS 0x00000000edc00000, 0x00000000edc00000| Complete 
| 221|0x00000000edd00000, 0x00000000ede00000, 0x00000000ede00000|100%| E|CS|TAMS 0x00000000edd00000, 0x00000000edd00000| Complete 
| 222|0x00000000ede00000, 0x00000000edf00000, 0x00000000edf00000|100%| E|CS|TAMS 0x00000000ede00000, 0x00000000ede00000| Complete 
| 223|0x00000000edf00000, 0x00000000ee000000, 0x00000000ee000000|100%| E|CS|TAMS 0x00000000edf00000, 0x00000000edf00000| Complete 
| 224|0x00000000ee000000, 0x00000000ee100000, 0x00000000ee100000|100%| E|CS|TAMS 0x00000000ee000000, 0x00000000ee000000| Complete 
| 225|0x00000000ee100000, 0x00000000ee200000, 0x00000000ee200000|100%| E|CS|TAMS 0x00000000ee100000, 0x00000000ee100000| Complete 
| 226|0x00000000ee200000, 0x00000000ee300000, 0x00000000ee300000|100%| E|CS|TAMS 0x00000000ee200000, 0x00000000ee200000| Complete 
| 227|0x00000000ee300000, 0x00000000ee400000, 0x00000000ee400000|100%| E|CS|TAMS 0x00000000ee300000, 0x00000000ee300000| Complete 
| 228|0x00000000ee400000, 0x00000000ee500000, 0x00000000ee500000|100%| E|CS|TAMS 0x00000000ee400000, 0x00000000ee400000| Complete 
| 229|0x00000000ee500000, 0x00000000ee600000, 0x00000000ee600000|100%| E|CS|TAMS 0x00000000ee500000, 0x00000000ee500000| Complete 
| 230|0x00000000ee600000, 0x00000000ee700000, 0x00000000ee700000|100%| E|CS|TAMS 0x00000000ee600000, 0x00000000ee600000| Complete 
| 231|0x00000000ee700000, 0x00000000ee800000, 0x00000000ee800000|100%| E|CS|TAMS 0x00000000ee700000, 0x00000000ee700000| Complete 
| 232|0x00000000ee800000, 0x00000000ee900000, 0x00000000ee900000|100%| E|CS|TAMS 0x00000000ee800000, 0x00000000ee800000| Complete 
| 233|0x00000000ee900000, 0x00000000eea00000, 0x00000000eea00000|100%| E|CS|TAMS 0x00000000ee900000, 0x00000000ee900000| Complete 
| 234|0x00000000eea00000, 0x00000000eeb00000, 0x00000000eeb00000|100%| E|CS|TAMS 0x00000000eea00000, 0x00000000eea00000| Complete 
| 235|0x00000000eeb00000, 0x00000000eec00000, 0x00000000eec00000|100%| E|CS|TAMS 0x00000000eeb00000, 0x00000000eeb00000| Complete 
| 236|0x00000000eec00000, 0x00000000eed00000, 0x00000000eed00000|100%| E|CS|TAMS 0x00000000eec00000, 0x00000000eec00000| Complete 
| 237|0x00000000eed00000, 0x00000000eee00000, 0x00000000eee00000|100%| E|CS|TAMS 0x00000000eed00000, 0x00000000eed00000| Complete 
| 238|0x00000000eee00000, 0x00000000eef00000, 0x00000000eef00000|100%| E|CS|TAMS 0x00000000eee00000, 0x00000000eee00000| Complete 
| 239|0x00000000eef00000, 0x00000000ef000000, 0x00000000ef000000|100%| E|CS|TAMS 0x00000000eef00000, 0x00000000eef00000| Complete 
| 240|0x00000000ef000000, 0x00000000ef100000, 0x00000000ef100000|100%| E|CS|TAMS 0x00000000ef000000, 0x00000000ef000000| Complete 
| 241|0x00000000ef100000, 0x00000000ef200000, 0x00000000ef200000|100%| E|CS|TAMS 0x00000000ef100000, 0x00000000ef100000| Complete 
| 242|0x00000000ef200000, 0x00000000ef300000, 0x00000000ef300000|100%| E|CS|TAMS 0x00000000ef200000, 0x00000000ef200000| Complete 
| 243|0x00000000ef300000, 0x00000000ef400000, 0x00000000ef400000|100%| E|CS|TAMS 0x00000000ef300000, 0x00000000ef300000| Complete 
| 244|0x00000000ef400000, 0x00000000ef500000, 0x00000000ef500000|100%| E|CS|TAMS 0x00000000ef400000, 0x00000000ef400000| Complete 
| 245|0x00000000ef500000, 0x00000000ef600000, 0x00000000ef600000|100%| E|CS|TAMS 0x00000000ef500000, 0x00000000ef500000| Complete 
| 246|0x00000000ef600000, 0x00000000ef700000, 0x00000000ef700000|100%| E|CS|TAMS 0x00000000ef600000, 0x00000000ef600000| Complete 
| 247|0x00000000ef700000, 0x00000000ef800000, 0x00000000ef800000|100%| E|CS|TAMS 0x00000000ef700000, 0x00000000ef700000| Complete 
| 248|0x00000000ef800000, 0x00000000ef900000, 0x00000000ef900000|100%| E|CS|TAMS 0x00000000ef800000, 0x00000000ef800000| Complete 
| 249|0x00000000ef900000, 0x00000000efa00000, 0x00000000efa00000|100%| E|CS|TAMS 0x00000000ef900000, 0x00000000ef900000| Complete 
| 250|0x00000000efa00000, 0x00000000efb00000, 0x00000000efb00000|100%| E|CS|TAMS 0x00000000efa00000, 0x00000000efa00000| Complete 
| 251|0x00000000efb00000, 0x00000000efc00000, 0x00000000efc00000|100%| E|CS|TAMS 0x00000000efb00000, 0x00000000efb00000| Complete 
| 252|0x00000000efc00000, 0x00000000efd00000, 0x00000000efd00000|100%| E|CS|TAMS 0x00000000efc00000, 0x00000000efc00000| Complete 
| 253|0x00000000efd00000, 0x00000000efe00000, 0x00000000efe00000|100%| E|CS|TAMS 0x00000000efd00000, 0x00000000efd00000| Complete 
| 254|0x00000000efe00000, 0x00000000eff00000, 0x00000000eff00000|100%| E|CS|TAMS 0x00000000efe00000, 0x00000000efe00000| Complete 
| 255|0x00000000eff00000, 0x00000000f0000000, 0x00000000f0000000|100%| E|CS|TAMS 0x00000000eff00000, 0x00000000eff00000| Complete 

Card table byte_map: [0x00000170be930000,0x00000170bea30000] _byte_map_base: 0x00000170be230000

Marking Bits (Prev, Next): (CMBitMap*) 0x00000170a77cb930, (CMBitMap*) 0x00000170a77cb970
 Prev Bits: [0x00000170beb30000, 0x00000170bf330000)
 Next Bits: [0x00000170bf330000, 0x00000170bfb30000)

Polling page: 0x00000170a6f50000

Metaspace:

Usage:
  Non-class:    103.97 MB used.
      Class:     15.86 MB used.
       Both:    119.82 MB used.

Virtual space:
  Non-class space:      128.00 MB reserved,     104.56 MB ( 82%) committed,  2 nodes.
      Class space:      320.00 MB reserved,      16.44 MB (  5%) committed,  1 nodes.
             Both:      448.00 MB reserved,     121.00 MB ( 27%) committed. 

Chunk freelists:
   Non-Class:  7.05 MB
       Class:  15.39 MB
        Both:  22.44 MB

MaxMetaspaceSize: 384.00 MB
CompressedClassSpaceSize: 320.00 MB
Initial GC threshold: 21.00 MB
Current GC threshold: 152.12 MB
CDS: on
MetaspaceReclaimPolicy: balanced
 - commit_granule_bytes: 65536.
 - commit_granule_words: 8192.
 - virtual_space_node_default_size: 8388608.
 - enlarge_chunks_in_place: 1.
 - new_chunks_are_fully_committed: 0.
 - uncommit_free_chunks: 1.
 - use_allocation_guard: 0.
 - handle_deallocations: 1.


Internal statistics:

num_allocs_failed_limit: 9.
num_arena_births: 1580.
num_arena_deaths: 0.
num_vsnodes_births: 3.
num_vsnodes_deaths: 0.
num_space_committed: 1936.
num_space_uncommitted: 0.
num_chunks_returned_to_freelist: 9.
num_chunks_taken_from_freelist: 6849.
num_chunk_merges: 6.
num_chunk_splits: 4602.
num_chunks_enlarged: 3154.
num_inconsistent_stats: 0.

CodeHeap 'non-profiled nmethods': size=120000Kb used=9662Kb max_used=9662Kb free=110337Kb
 bounds [0x00000170b6db0000, 0x00000170b7720000, 0x00000170be2e0000]
CodeHeap 'profiled nmethods': size=120000Kb used=22484Kb max_used=22495Kb free=97516Kb
 bounds [0x00000170af2e0000, 0x00000170b08e0000, 0x00000170b6810000]
CodeHeap 'non-nmethods': size=5760Kb used=2384Kb max_used=2457Kb free=3375Kb
 bounds [0x00000170b6810000, 0x00000170b6a90000, 0x00000170b6db0000]
 total_blobs=12853 nmethods=11940 adapters=825
 compilation: enabled
              stopped_count=0, restarted_count=0
 full_count=0

Compilation events (20 events):
Event: 45.834 Thread 0x00000170c27d0470 14225   !   3       org.gradle.internal.operations.notify.BuildOperationNotificationBridge$ReplayAndAttachListener::finished (64 bytes)
Event: 45.835 Thread 0x00000170c27d0470 nmethod 14225 0x00000170af304590 code [0x00000170af304780, 0x00000170af304d48]
Event: 45.838 Thread 0x00000170c27d0470 14226       3       sun.nio.fs.NativeBuffers::releaseNativeBuffer (97 bytes)
Event: 45.840 Thread 0x00000170c27d0470 nmethod 14226 0x00000170b08d9510 code [0x00000170b08d97e0, 0x00000170b08daab8]
Event: 45.843 Thread 0x00000170c27d0470 14227       1       org.gradle.api.internal.artifacts.configurations.DefaultConfiguration::access$1500 (5 bytes)
Event: 45.904 Thread 0x00000170c27d0470 nmethod 14227 0x00000170b7719990 code [0x00000170b7719b20, 0x00000170b7719bd8]
Event: 45.904 Thread 0x00000170c27d0470 14228       1       org.gradle.internal.logging.events.ProgressCompleteEvent::isFailed (5 bytes)
Event: 45.904 Thread 0x00000170c27d0470 nmethod 14228 0x00000170b7719c90 code [0x00000170b7719e20, 0x00000170b7719ef8]
Event: 45.980 Thread 0x00000170c27ce760 nmethod 14208 0x00000170b7719f90 code [0x00000170b771a280, 0x00000170b771d1c0]
Event: 45.980 Thread 0x00000170c27ce760 14215       4       org.gradle.api.internal.attributes.DefaultImmutableAttributes::findEntry (30 bytes)
Event: 45.987 Thread 0x00000170c27ce760 nmethod 14215 0x00000170b771e790 code [0x00000170b771e940, 0x00000170b771ed78]
Event: 45.988 Thread 0x00000170c27ce760 14222       4       org.gradle.internal.operations.DefaultBuildOperationRunner$CallableBuildOperationWorker::execute (12 bytes)
Event: 46.023 Thread 0x00000170c27d0470 14229       3       kotlin.reflect.jvm.internal.impl.storage.LockBasedStorageManager$LockBasedNotNullLazyValue::<init> (23 bytes)
Event: 46.024 Thread 0x00000170c27d0470 nmethod 14229 0x00000170afc5a690 code [0x00000170afc5a840, 0x00000170afc5aa68]
Event: 46.042 Thread 0x00000170c27d0470 14231       3       kotlin.reflect.jvm.internal.impl.storage.LockBasedStorageManager::createLazyValue (19 bytes)
Event: 46.042 Thread 0x00000170c27d0470 nmethod 14231 0x00000170b0024810 code [0x00000170b00249e0, 0x00000170b0024ce8]
Event: 46.042 Thread 0x00000170c27d0470 14232       1       kotlin.reflect.jvm.internal.impl.load.java.lazy.JavaResolverComponents::getStorageManager (5 bytes)
Event: 46.042 Thread 0x00000170c27d0470 nmethod 14232 0x00000170b771f590 code [0x00000170b771f720, 0x00000170b771f7f8]
Event: 46.093 Thread 0x00000170c27d0470 14233       3       java.util.ArrayDeque::nonNullElementAt (18 bytes)
Event: 46.093 Thread 0x00000170c27d0470 nmethod 14233 0x00000170af514a10 code [0x00000170af514bc0, 0x00000170af514de8]

GC Heap History (20 events):
Event: 31.222 GC heap before
{Heap before GC invocations=27 (full 0):
 garbage-first heap   total 262144K, used 148526K [0x00000000e0000000, 0x0000000100000000)
  region size 1024K, 12 young (12288K), 6 survivors (6144K)
 Metaspace       used 92795K, committed 93760K, reserved 458752K
  class space    used 12399K, committed 12928K, reserved 327680K
}
Event: 31.226 GC heap after
{Heap after GC invocations=28 (full 0):
 garbage-first heap   total 262144K, used 139161K [0x00000000e0000000, 0x0000000100000000)
  region size 1024K, 1 young (1024K), 1 survivors (1024K)
 Metaspace       used 92795K, committed 93760K, reserved 458752K
  class space    used 12399K, committed 12928K, reserved 327680K
}
Event: 33.347 GC heap before
{Heap before GC invocations=28 (full 0):
 garbage-first heap   total 262144K, used 216985K [0x00000000e0000000, 0x0000000100000000)
  region size 1024K, 78 young (79872K), 1 survivors (1024K)
 Metaspace       used 96679K, committed 97664K, reserved 458752K
  class space    used 12819K, committed 13312K, reserved 327680K
}
Event: 33.353 GC heap after
{Heap after GC invocations=29 (full 0):
 garbage-first heap   total 262144K, used 139832K [0x00000000e0000000, 0x0000000100000000)
  region size 1024K, 2 young (2048K), 2 survivors (2048K)
 Metaspace       used 96679K, committed 97664K, reserved 458752K
  class space    used 12819K, committed 13312K, reserved 327680K
}
Event: 34.781 GC heap before
{Heap before GC invocations=29 (full 0):
 garbage-first heap   total 262144K, used 224824K [0x00000000e0000000, 0x0000000100000000)
  region size 1024K, 80 young (81920K), 2 survivors (2048K)
 Metaspace       used 102184K, committed 103168K, reserved 458752K
  class space    used 13581K, committed 14080K, reserved 327680K
}
Event: 34.785 GC heap after
{Heap after GC invocations=30 (full 0):
 garbage-first heap   total 262144K, used 145763K [0x00000000e0000000, 0x0000000100000000)
  region size 1024K, 8 young (8192K), 8 survivors (8192K)
 Metaspace       used 102184K, committed 103168K, reserved 458752K
  class space    used 13581K, committed 14080K, reserved 327680K
}
Event: 40.025 GC heap before
{Heap before GC invocations=30 (full 0):
 garbage-first heap   total 262144K, used 219491K [0x00000000e0000000, 0x0000000100000000)
  region size 1024K, 80 young (81920K), 8 survivors (8192K)
 Metaspace       used 105516K, committed 106624K, reserved 458752K
  class space    used 14035K, committed 14592K, reserved 327680K
}
Event: 40.036 GC heap after
{Heap after GC invocations=31 (full 0):
 garbage-first heap   total 262144K, used 150777K [0x00000000e0000000, 0x0000000100000000)
  region size 1024K, 6 young (6144K), 6 survivors (6144K)
 Metaspace       used 105516K, committed 106624K, reserved 458752K
  class space    used 14035K, committed 14592K, reserved 327680K
}
Event: 40.733 GC heap before
{Heap before GC invocations=31 (full 0):
 garbage-first heap   total 262144K, used 219385K [0x00000000e0000000, 0x0000000100000000)
  region size 1024K, 72 young (73728K), 6 survivors (6144K)
 Metaspace       used 105809K, committed 106816K, reserved 458752K
  class space    used 14065K, committed 14592K, reserved 327680K
}
Event: 40.738 GC heap after
{Heap after GC invocations=32 (full 0):
 garbage-first heap   total 262144K, used 154104K [0x00000000e0000000, 0x0000000100000000)
  region size 1024K, 6 young (6144K), 6 survivors (6144K)
 Metaspace       used 105809K, committed 106816K, reserved 458752K
  class space    used 14065K, committed 14592K, reserved 327680K
}
Event: 41.275 GC heap before
{Heap before GC invocations=32 (full 0):
 garbage-first heap   total 262144K, used 219640K [0x00000000e0000000, 0x0000000100000000)
  region size 1024K, 70 young (71680K), 6 survivors (6144K)
 Metaspace       used 109921K, committed 110976K, reserved 458752K
  class space    used 14513K, committed 15040K, reserved 327680K
}
Event: 41.286 GC heap after
{Heap after GC invocations=33 (full 0):
 garbage-first heap   total 262144K, used 156304K [0x00000000e0000000, 0x0000000100000000)
  region size 1024K, 3 young (3072K), 3 survivors (3072K)
 Metaspace       used 109921K, committed 110976K, reserved 458752K
  class space    used 14513K, committed 15040K, reserved 327680K
}
Event: 41.930 GC heap before
{Heap before GC invocations=33 (full 0):
 garbage-first heap   total 262144K, used 225936K [0x00000000e0000000, 0x0000000100000000)
  region size 1024K, 66 young (67584K), 3 survivors (3072K)
 Metaspace       used 114049K, committed 115136K, reserved 458752K
  class space    used 15068K, committed 15616K, reserved 327680K
}
Event: 41.934 GC heap after
{Heap after GC invocations=34 (full 0):
 garbage-first heap   total 262144K, used 161323K [0x00000000e0000000, 0x0000000100000000)
  region size 1024K, 8 young (8192K), 8 survivors (8192K)
 Metaspace       used 114049K, committed 115136K, reserved 458752K
  class space    used 15068K, committed 15616K, reserved 327680K
}
Event: 42.657 GC heap before
{Heap before GC invocations=34 (full 0):
 garbage-first heap   total 262144K, used 221739K [0x00000000e0000000, 0x0000000100000000)
  region size 1024K, 67 young (68608K), 8 survivors (8192K)
 Metaspace       used 118305K, committed 119424K, reserved 458752K
  class space    used 15685K, committed 16256K, reserved 327680K
}
Event: 42.664 GC heap after
{Heap after GC invocations=35 (full 0):
 garbage-first heap   total 262144K, used 163659K [0x00000000e0000000, 0x0000000100000000)
  region size 1024K, 3 young (3072K), 3 survivors (3072K)
 Metaspace       used 118305K, committed 119424K, reserved 458752K
  class space    used 15685K, committed 16256K, reserved 327680K
}
Event: 43.311 GC heap before
{Heap before GC invocations=35 (full 0):
 garbage-first heap   total 262144K, used 222027K [0x00000000e0000000, 0x0000000100000000)
  region size 1024K, 61 young (62464K), 3 survivors (3072K)
 Metaspace       used 118389K, committed 119488K, reserved 458752K
  class space    used 15690K, committed 16256K, reserved 327680K
}
Event: 43.314 GC heap after
{Heap after GC invocations=36 (full 0):
 garbage-first heap   total 262144K, used 165880K [0x00000000e0000000, 0x0000000100000000)
  region size 1024K, 5 young (5120K), 5 survivors (5120K)
 Metaspace       used 118389K, committed 119488K, reserved 458752K
  class space    used 15690K, committed 16256K, reserved 327680K
}
Event: 45.423 GC heap before
{Heap before GC invocations=36 (full 0):
 garbage-first heap   total 262144K, used 223224K [0x00000000e0000000, 0x0000000100000000)
  region size 1024K, 61 young (62464K), 5 survivors (5120K)
 Metaspace       used 121696K, committed 122880K, reserved 458752K
  class space    used 16088K, committed 16704K, reserved 327680K
}
Event: 45.427 GC heap after
{Heap after GC invocations=37 (full 0):
 garbage-first heap   total 262144K, used 165327K [0x00000000e0000000, 0x0000000100000000)
  region size 1024K, 3 young (3072K), 3 survivors (3072K)
 Metaspace       used 121696K, committed 122880K, reserved 458752K
  class space    used 16088K, committed 16704K, reserved 327680K
}

Dll operation events (15 events):
Event: 0.015 Loaded shared library C:\Program Files\Microsoft\jdk-17.0.15.6-hotspot\bin\java.dll
Event: 0.036 Loaded shared library C:\Program Files\Microsoft\jdk-17.0.15.6-hotspot\bin\jsvml.dll
Event: 0.083 Loaded shared library C:\Program Files\Microsoft\jdk-17.0.15.6-hotspot\bin\zip.dll
Event: 0.085 Loaded shared library C:\Program Files\Microsoft\jdk-17.0.15.6-hotspot\bin\instrument.dll
Event: 0.088 Loaded shared library C:\Program Files\Microsoft\jdk-17.0.15.6-hotspot\bin\net.dll
Event: 0.090 Loaded shared library C:\Program Files\Microsoft\jdk-17.0.15.6-hotspot\bin\nio.dll
Event: 0.092 Loaded shared library C:\Program Files\Microsoft\jdk-17.0.15.6-hotspot\bin\zip.dll
Event: 0.368 Loaded shared library C:\Program Files\Microsoft\jdk-17.0.15.6-hotspot\bin\jimage.dll
Event: 0.544 Loaded shared library C:\Program Files\Microsoft\jdk-17.0.15.6-hotspot\bin\verify.dll
Event: 0.696 Loaded shared library C:\Users\HP\.gradle\native\c067742578af261105cb4f569cf0c3c89f3d7b1fecec35dd04571415982c5e48\windows-amd64\native-platform.dll
Event: 0.701 Loaded shared library C:\Users\HP\.gradle\native\100fb08df4bc3b14c8652ba06237920a3bd2aa13389f12d3474272988ae205f9\windows-amd64\native-platform-file-events.dll
Event: 1.624 Loaded shared library C:\Program Files\Microsoft\jdk-17.0.15.6-hotspot\bin\management.dll
Event: 1.626 Loaded shared library C:\Program Files\Microsoft\jdk-17.0.15.6-hotspot\bin\management_ext.dll
Event: 1.756 Loaded shared library C:\Program Files\Microsoft\jdk-17.0.15.6-hotspot\bin\extnet.dll
Event: 1.931 Loaded shared library C:\Program Files\Microsoft\jdk-17.0.15.6-hotspot\bin\sunmscapi.dll

Deoptimization events (20 events):
Event: 46.070 Thread 0x00000170ddb57620 Uncommon trap: trap_request=0xffffffc6 fr.pc=0x00000170b71a42b4 relative=0x0000000000000374
Event: 46.070 Thread 0x00000170ddb57620 Uncommon trap: reason=bimorphic_or_optimized_type_check action=maybe_recompile pc=0x00000170b71a42b4 method=org.gradle.internal.execution.impl.DefaultExecutionEngine$1.createExecutionRequestContext()Lorg/gradle/internal/execution/steps/ExecutionRequestCon
Event: 46.070 Thread 0x00000170ddb57620 DEOPT PACKING pc=0x00000170b71a42b4 sp=0x00000049e45f9890
Event: 46.070 Thread 0x00000170ddb57620 DEOPT UNPACKING pc=0x00000170b68669a3 sp=0x00000049e45f9868 mode 2
Event: 46.086 Thread 0x00000170ddb57620 Uncommon trap: trap_request=0xffffffde fr.pc=0x00000170b72831b8 relative=0x0000000000000458
Event: 46.086 Thread 0x00000170ddb57620 Uncommon trap: reason=class_check action=maybe_recompile pc=0x00000170b72831b8 method=com.google.common.collect.ImmutableMapEntrySet.contains(Ljava/lang/Object;)Z @ 1 c2
Event: 46.086 Thread 0x00000170ddb57620 DEOPT PACKING pc=0x00000170b72831b8 sp=0x00000049e45f8fc0
Event: 46.086 Thread 0x00000170ddb57620 DEOPT UNPACKING pc=0x00000170b68669a3 sp=0x00000049e45f8f50 mode 2
Event: 46.089 Thread 0x00000170ddb57620 Uncommon trap: trap_request=0xffffffde fr.pc=0x00000170b7659988 relative=0x0000000000000608
Event: 46.089 Thread 0x00000170ddb57620 Uncommon trap: reason=class_check action=maybe_recompile pc=0x00000170b7659988 method=org.gradle.internal.fingerprint.impl.DefaultCurrentFileCollectionFingerprint.from(Lorg/gradle/internal/snapshot/FileSystemSnapshot;Lorg/gradle/internal/fingerprint/Finge
Event: 46.089 Thread 0x00000170ddb57620 DEOPT PACKING pc=0x00000170b7659988 sp=0x00000049e45f99b0
Event: 46.089 Thread 0x00000170ddb57620 DEOPT UNPACKING pc=0x00000170b68669a3 sp=0x00000049e45f9910 mode 2
Event: 46.092 Thread 0x00000170ddb57620 Uncommon trap: trap_request=0xffffffc6 fr.pc=0x00000170b71a42b4 relative=0x0000000000000374
Event: 46.092 Thread 0x00000170ddb57620 Uncommon trap: reason=bimorphic_or_optimized_type_check action=maybe_recompile pc=0x00000170b71a42b4 method=org.gradle.internal.execution.impl.DefaultExecutionEngine$1.createExecutionRequestContext()Lorg/gradle/internal/execution/steps/ExecutionRequestCon
Event: 46.092 Thread 0x00000170ddb57620 DEOPT PACKING pc=0x00000170b71a42b4 sp=0x00000049e45f98c0
Event: 46.092 Thread 0x00000170ddb57620 DEOPT UNPACKING pc=0x00000170b68669a3 sp=0x00000049e45f9898 mode 2
Event: 46.093 Thread 0x00000170ddb57620 Uncommon trap: trap_request=0xffffffde fr.pc=0x00000170b7659988 relative=0x0000000000000608
Event: 46.093 Thread 0x00000170ddb57620 Uncommon trap: reason=class_check action=maybe_recompile pc=0x00000170b7659988 method=org.gradle.internal.fingerprint.impl.DefaultCurrentFileCollectionFingerprint.from(Lorg/gradle/internal/snapshot/FileSystemSnapshot;Lorg/gradle/internal/fingerprint/Finge
Event: 46.093 Thread 0x00000170ddb57620 DEOPT PACKING pc=0x00000170b7659988 sp=0x00000049e45f8eb0
Event: 46.093 Thread 0x00000170ddb57620 DEOPT UNPACKING pc=0x00000170b68669a3 sp=0x00000049e45f8e10 mode 2

Classes loaded (20 events):
Event: 16.024 Loading class java/security/interfaces/DSAParams
Event: 16.024 Loading class java/security/interfaces/DSAParams done
Event: 16.024 Loading class java/security/spec/DSAParameterSpec
Event: 16.024 Loading class java/security/spec/DSAParameterSpec done
Event: 16.024 Loading class java/math/SignedMutableBigInteger
Event: 16.025 Loading class java/math/SignedMutableBigInteger done
Event: 16.795 Loading class javax/xml/stream/XMLStreamException
Event: 16.795 Loading class javax/xml/stream/XMLStreamException done
Event: 16.812 Loading class java/security/KeyStore
Event: 16.813 Loading class java/security/KeyStore done
Event: 16.813 Loading class java/security/KeyStore$1
Event: 16.814 Loading class java/security/KeyStore$1 done
Event: 16.819 Loading class sun/reflect/annotation/AnnotationInvocationHandler$1
Event: 16.819 Loading class sun/reflect/annotation/AnnotationInvocationHandler$1 done
Event: 17.443 Loading class java/lang/Override
Event: 17.444 Loading class java/lang/Override done
Event: 17.582 Loading class java/net/SocketTimeoutException
Event: 17.582 Loading class java/net/SocketTimeoutException done
Event: 45.379 Loading class java/lang/invoke/BoundMethodHandle$Species_LLLLLLLLLLLLLLLLLLLLLLLL
Event: 45.382 Loading class java/lang/invoke/BoundMethodHandle$Species_LLLLLLLLLLLLLLLLLLLLLLLL done

Classes unloaded (0 events):
No events

Classes redefined (0 events):
No events

Internal exceptions (20 events):
Event: 43.036 Thread 0x00000170ddb57620 Exception <a 'sun/nio/fs/WindowsException'{0x00000000ef091460}> (0x00000000ef091460) 
thrown [s\src\hotspot\share\prims\jni.cpp, line 516]
Event: 43.037 Thread 0x00000170ddb57620 Exception <a 'sun/nio/fs/WindowsException'{0x00000000ef092ba0}> (0x00000000ef092ba0) 
thrown [s\src\hotspot\share\prims\jni.cpp, line 516]
Event: 43.037 Thread 0x00000170ddb57620 Exception <a 'sun/nio/fs/WindowsException'{0x00000000ef0942d0}> (0x00000000ef0942d0) 
thrown [s\src\hotspot\share\prims\jni.cpp, line 516]
Event: 43.038 Thread 0x00000170ddb57620 Exception <a 'sun/nio/fs/WindowsException'{0x00000000ef0959d8}> (0x00000000ef0959d8) 
thrown [s\src\hotspot\share\prims\jni.cpp, line 516]
Event: 43.354 Thread 0x00000170ddb57620 Exception <a 'java/lang/ClassNotFoundException'{0x00000000ef94ee68}: build_7rnjo2eo8nb709uqg7gfki7b7BeanInfo> (0x00000000ef94ee68) 
thrown [s\src\hotspot\share\classfile\systemDictionary.cpp, line 256]
Event: 43.354 Thread 0x00000170ddb57620 Exception <a 'java/lang/ClassNotFoundException'{0x00000000ef955fe8}: build_7rnjo2eo8nb709uqg7gfki7b7Customizer> (0x00000000ef955fe8) 
thrown [s\src\hotspot\share\classfile\systemDictionary.cpp, line 256]
Event: 43.662 Thread 0x00000170ddb57620 Exception <a 'java/lang/NoClassDefFoundError'{0x00000000edf23550}: org/gradle/initialization/BuildCompletionListener> (0x00000000edf23550) 
thrown [s\src\hotspot\share\classfile\systemDictionary.cpp, line 245]
Event: 45.348 Thread 0x00000170ddb57620 Exception <a 'sun/nio/fs/WindowsException'{0x00000000ecbdd788}> (0x00000000ecbdd788) 
thrown [s\src\hotspot\share\prims\jni.cpp, line 516]
Event: 45.348 Thread 0x00000170ddb57620 Exception <a 'sun/nio/fs/WindowsException'{0x00000000ecbdeec8}> (0x00000000ecbdeec8) 
thrown [s\src\hotspot\share\prims\jni.cpp, line 516]
Event: 45.349 Thread 0x00000170ddb57620 Exception <a 'sun/nio/fs/WindowsException'{0x00000000ecbe05f8}> (0x00000000ecbe05f8) 
thrown [s\src\hotspot\share\prims\jni.cpp, line 516]
Event: 45.349 Thread 0x00000170ddb57620 Exception <a 'sun/nio/fs/WindowsException'{0x00000000ecbe1d00}> (0x00000000ecbe1d00) 
thrown [s\src\hotspot\share\prims\jni.cpp, line 516]
Event: 45.351 Thread 0x00000170ddb57620 Exception <a 'java/lang/NoSuchMethodError'{0x00000000ecbf3fc8}: 'java.lang.Object java.lang.invoke.Invokers$Holder.invoker(java.lang.Object, java.lang.Object, java.lang.Object, java.lang.Object, java.lang.Object, java.lang.Object)'> (0x00000000ecbf3fc8) 
thrown [s\src\hotspot\share\interpreter\linkResolver.cpp, line 759]
Event: 45.371 Thread 0x00000170ddb57620 Exception <a 'java/lang/NoSuchMethodError'{0x00000000ecac5320}: 'java.lang.Object java.lang.invoke.DirectMethodHandle$Holder.invokeSpecial(java.lang.Object, java.lang.Object, java.lang.Object, java.lang.Object, java.lang.Object, java.lang.Object, java.lang.Object, java.lang.Object, java.lang.Object, java.lang.Object, java.lang.Object, java.lang.Object, java.lang.Object, java.lang.Object, java.lang.Object, java.lang.Object, java.lang.Object, java.lang.Object, java.lang.Object, java.lang.Object, java.lang.Ob
Event: 45.371 Thread 0x00000170ddb57620 Exception <a 'java/lang/NoSuchMethodError'{0x00000000ecacb2e0}: 'java.lang.Object java.lang.invoke.DelegatingMethodHandle$Holder.reinvoke_L(java.lang.Object, java.lang.Object, java.lang.Object, java.lang.Object, java.lang.Object, java.lang.Object, java.lang.Object, java.lang.Object, java.lang.Object, java.lang.Object, java.lang.Object, java.lang.Object, java.lang.Object, java.lang.Object, java.lang.Object, java.lang.Object, java.lang.Object, java.lang.Object, java.lang.Object, java.lang.Object, java.lang.O
Event: 45.372 Thread 0x00000170ddb57620 Exception <a 'java/lang/NoSuchMethodError'{0x00000000ecad69a0}: 'java.lang.Object java.lang.invoke.Invokers$Holder.invoker(java.lang.Object, java.lang.Object, java.lang.Object, java.lang.Object, java.lang.Object, java.lang.Object, java.lang.Object, java.lang.Object, java.lang.Object, java.lang.Object, java.lang.Object, java.lang.Object, java.lang.Object, java.lang.Object, java.lang.Object, java.lang.Object, java.lang.Object, java.lang.Object, java.lang.Object, java.lang.Object, java.lang.Object, java.lang.
Event: 45.373 Thread 0x00000170ddb57620 Exception <a 'java/lang/NoSuchMethodError'{0x00000000ecadd208}: 'java.lang.Object java.lang.invoke.DelegatingMethodHandle$Holder.delegate(java.lang.Object, java.lang.Object, java.lang.Object, java.lang.Object, java.lang.Object, java.lang.Object, java.lang.Object, java.lang.Object, java.lang.Object, java.lang.Object, java.lang.Object, java.lang.Object, java.lang.Object, java.lang.Object, java.lang.Object, java.lang.Object, java.lang.Object, java.lang.Object, java.lang.Object, java.lang.Object, java.lang.Obj
Event: 45.384 Thread 0x00000170ddb57620 Exception <a 'java/lang/NoSuchMethodError'{0x00000000ec9a81f0}: 'java.lang.Object java.lang.invoke.DirectMethodHandle$Holder.invokeStatic(java.lang.Object, java.lang.Object, java.lang.Object, java.lang.Object, java.lang.Object, java.lang.Object, java.lang.Object, java.lang.Object, java.lang.Object, java.lang.Object, java.lang.Object, java.lang.Object, java.lang.Object, java.lang.Object, java.lang.Object, java.lang.Object, java.lang.Object, java.lang.Object, java.lang.Object, java.lang.Object, java.lang.Obj
Event: 45.524 Thread 0x00000170ddb57620 Implicit null exception at 0x00000170b6f76e38 to 0x00000170b6f77324
Event: 45.605 Thread 0x00000170ddb57620 Implicit null exception at 0x00000170b6f78694 to 0x00000170b6f78ae0
Event: 45.745 Thread 0x00000170ddb57620 Implicit null exception at 0x00000170b75a3a80 to 0x00000170b75a3bb4

VM Operations (20 events):
Event: 42.657 Executing VM operation: G1CollectForAllocation
Event: 42.664 Executing VM operation: G1CollectForAllocation done
Event: 43.311 Executing VM operation: G1CollectForAllocation
Event: 43.314 Executing VM operation: G1CollectForAllocation done
Event: 44.321 Executing VM operation: Cleanup
Event: 44.322 Executing VM operation: Cleanup done
Event: 45.323 Executing VM operation: Cleanup
Event: 45.323 Executing VM operation: Cleanup done
Event: 45.423 Executing VM operation: G1CollectForAllocation
Event: 45.427 Executing VM operation: G1CollectForAllocation done
Event: 45.473 Executing VM operation: HandshakeAllThreads
Event: 45.473 Executing VM operation: HandshakeAllThreads done
Event: 45.514 Executing VM operation: HandshakeAllThreads
Event: 45.514 Executing VM operation: HandshakeAllThreads done
Event: 45.666 Executing VM operation: HandshakeAllThreads
Event: 45.667 Executing VM operation: HandshakeAllThreads done
Event: 45.763 Executing VM operation: HandshakeAllThreads
Event: 45.763 Executing VM operation: HandshakeAllThreads done
Event: 46.773 Executing VM operation: Cleanup
Event: 47.107 Executing VM operation: Cleanup done

Memory protections (0 events):
No events

Nmethod flushes (20 events):
Event: 45.481 Thread 0x00000170c27d0d80 flushing  nmethod 0x00000170af63f390
Event: 45.482 Thread 0x00000170c27d0d80 flushing  nmethod 0x00000170af735590
Event: 45.482 Thread 0x00000170c27d0d80 flushing  nmethod 0x00000170af746190
Event: 45.483 Thread 0x00000170c27d0d80 flushing  nmethod 0x00000170af7f8590
Event: 45.484 Thread 0x00000170c27d0d80 flushing  nmethod 0x00000170af8c6490
Event: 45.484 Thread 0x00000170c27d0d80 flushing  nmethod 0x00000170af8dc710
Event: 45.486 Thread 0x00000170c27d0d80 flushing  nmethod 0x00000170afc48210
Event: 45.486 Thread 0x00000170c27d0d80 flushing  nmethod 0x00000170afc5a690
Event: 45.487 Thread 0x00000170c27d0d80 flushing  nmethod 0x00000170afc9a490
Event: 45.487 Thread 0x00000170c27d0d80 flushing  nmethod 0x00000170afd9f010
Event: 45.487 Thread 0x00000170c27d0d80 flushing  nmethod 0x00000170afda1c90
Event: 45.487 Thread 0x00000170c27d0d80 flushing  nmethod 0x00000170afe0d010
Event: 45.487 Thread 0x00000170c27d0d80 flushing  nmethod 0x00000170afe32f90
Event: 45.488 Thread 0x00000170c27d0d80 flushing  nmethod 0x00000170aff55d90
Event: 45.488 Thread 0x00000170c27d0d80 flushing  nmethod 0x00000170b0024810
Event: 45.489 Thread 0x00000170c27d0d80 flushing  nmethod 0x00000170b00a2290
Event: 45.489 Thread 0x00000170c27d0d80 flushing  nmethod 0x00000170b0110410
Event: 45.489 Thread 0x00000170c27d0d80 flushing  nmethod 0x00000170b016c510
Event: 45.489 Thread 0x00000170c27d0d80 flushing  nmethod 0x00000170b017b910
Event: 45.489 Thread 0x00000170c27d0d80 flushing  nmethod 0x00000170b017c410

Events (20 events):
Event: 43.732 Thread 0x00000170e0d43fa0 Thread exited: 0x00000170e0d43fa0
Event: 45.256 Thread 0x00000170ddc02ac0 Thread added: 0x00000170ddb57b30
Event: 45.268 Thread 0x00000170ddc02ac0 Thread added: 0x00000170ddb58040
Event: 45.276 Thread 0x00000170ddb57620 Thread added: 0x00000170ddb58550
Event: 45.278 Thread 0x00000170ddb57620 Thread added: 0x00000170ddb59990
Event: 45.279 Thread 0x00000170ddb57620 Thread added: 0x00000170ddb58a60
Event: 45.286 Thread 0x00000170ddb57620 Thread added: 0x00000170e0d44ed0
Event: 45.295 Thread 0x00000170ddb57620 Thread added: 0x00000170e0d43fa0
Event: 45.319 Thread 0x00000170ddb57620 Thread added: 0x00000170e0d444b0
Event: 45.327 Thread 0x00000170ddb57620 Thread added: 0x00000170e0d46820
Event: 45.332 Thread 0x00000170ddb57620 Thread added: 0x00000170e0d449c0
Event: 45.383 Thread 0x00000170c27d0470 Thread added: 0x00000170def8c2c0
Event: 45.597 Thread 0x00000170def8c2c0 Thread exited: 0x00000170def8c2c0
Event: 45.781 Thread 0x00000170ddb57620 Thread added: 0x00000170e0d458f0
Event: 45.781 Thread 0x00000170ddb57620 Thread added: 0x00000170e0d453e0
Event: 45.786 Thread 0x00000170ddb57620 Thread added: 0x00000170e0d45e00
Event: 45.787 Thread 0x00000170ddb57620 Thread added: 0x00000170e0d43070
Event: 45.797 Thread 0x00000170ddb57620 Thread added: 0x00000170e0d46310
Event: 45.798 Thread 0x00000170ddb57620 Thread added: 0x00000170e0d46d30
Event: 45.808 Thread 0x00000170c27d0470 Thread added: 0x00000170def8c810


Dynamic libraries:
0x00007ff77d7d0000 - 0x00007ff77d7de000 	C:\Program Files\Microsoft\jdk-17.0.15.6-hotspot\bin\java.exe
0x00007ff8dc440000 - 0x00007ff8dc6a7000 	C:\WINDOWS\SYSTEM32\ntdll.dll
0x00007ff8db7d0000 - 0x00007ff8db899000 	C:\WINDOWS\System32\KERNEL32.DLL
0x00007ff8d9bd0000 - 0x00007ff8d9fc1000 	C:\WINDOWS\System32\KERNELBASE.dll
0x00007ff8d9fd0000 - 0x00007ff8da11b000 	C:\WINDOWS\System32\ucrtbase.dll
0x00007ff897430000 - 0x00007ff897447000 	C:\Program Files\Microsoft\jdk-17.0.15.6-hotspot\bin\jli.dll
0x00007ff8db410000 - 0x00007ff8db5d5000 	C:\WINDOWS\System32\USER32.dll
0x00007ff8b9530000 - 0x00007ff8b954d000 	C:\Program Files\Microsoft\jdk-17.0.15.6-hotspot\bin\VCRUNTIME140.dll
0x00007ff8d9970000 - 0x00007ff8d9997000 	C:\WINDOWS\System32\win32u.dll
0x00007ff8dbed0000 - 0x00007ff8dbefb000 	C:\WINDOWS\System32\GDI32.dll
0x00007ff8d97b0000 - 0x00007ff8d98da000 	C:\WINDOWS\System32\gdi32full.dll
0x00007ff8b8ca0000 - 0x00007ff8b8f33000 	C:\WINDOWS\WinSxS\amd64_microsoft.windows.common-controls_6595b64144ccf1df_6.0.26100.7922_none_3e089e1ee3342171\COMCTL32.dll
0x00007ff8d9b20000 - 0x00007ff8d9bc3000 	C:\WINDOWS\System32\msvcp_win.dll
0x00007ff8da2b0000 - 0x00007ff8da359000 	C:\WINDOWS\System32\msvcrt.dll
0x00007ff8da360000 - 0x00007ff8da391000 	C:\WINDOWS\System32\IMM32.DLL
0x00007ff899b90000 - 0x00007ff899b9c000 	C:\Program Files\Microsoft\jdk-17.0.15.6-hotspot\bin\vcruntime140_1.dll
0x00007ff83d120000 - 0x00007ff83d1ad000 	C:\Program Files\Microsoft\jdk-17.0.15.6-hotspot\bin\msvcp140.dll
0x00007ff834070000 - 0x00007ff834ce2000 	C:\Program Files\Microsoft\jdk-17.0.15.6-hotspot\bin\server\jvm.dll
0x00007ff8db220000 - 0x00007ff8db2db000 	C:\WINDOWS\System32\ADVAPI32.dll
0x00007ff8da9f0000 - 0x00007ff8daa97000 	C:\WINDOWS\System32\sechost.dll
0x00007ff8db2e0000 - 0x00007ff8db3f8000 	C:\WINDOWS\System32\RPCRT4.dll
0x00007ff8db740000 - 0x00007ff8db7b4000 	C:\WINDOWS\System32\WS2_32.dll
0x00007ff8d8b80000 - 0x00007ff8d8bde000 	C:\WINDOWS\SYSTEM32\POWRPROF.dll
0x00007ff8d0b20000 - 0x00007ff8d0b55000 	C:\WINDOWS\SYSTEM32\WINMM.dll
0x00007ff8c6ef0000 - 0x00007ff8c6efb000 	C:\WINDOWS\SYSTEM32\VERSION.dll
0x00007ff8d8b60000 - 0x00007ff8d8b74000 	C:\WINDOWS\SYSTEM32\UMPDC.dll
0x00007ff8d7ab0000 - 0x00007ff8d7acb000 	C:\WINDOWS\SYSTEM32\kernel.appcore.dll
0x00007ff897890000 - 0x00007ff89789a000 	C:\Program Files\Microsoft\jdk-17.0.15.6-hotspot\bin\jimage.dll
0x00007ff8d6bc0000 - 0x00007ff8d6e02000 	C:\WINDOWS\SYSTEM32\DBGHELP.DLL
0x00007ff8dbf70000 - 0x00007ff8dc2f2000 	C:\WINDOWS\System32\combase.dll
0x00007ff8dbb90000 - 0x00007ff8dbc67000 	C:\WINDOWS\System32\OLEAUT32.dll
0x00007ff8b6050000 - 0x00007ff8b608b000 	C:\WINDOWS\SYSTEM32\dbgcore.DLL
0x00007ff8d9700000 - 0x00007ff8d97a5000 	C:\WINDOWS\System32\bcryptPrimitives.dll
0x00007ff88e7d0000 - 0x00007ff88e7de000 	C:\Program Files\Microsoft\jdk-17.0.15.6-hotspot\bin\instrument.dll
0x00007ff897400000 - 0x00007ff897425000 	C:\Program Files\Microsoft\jdk-17.0.15.6-hotspot\bin\java.dll
0x00007ff83d040000 - 0x00007ff83d116000 	C:\Program Files\Microsoft\jdk-17.0.15.6-hotspot\bin\jsvml.dll
0x00007ff8daab0000 - 0x00007ff8db20f000 	C:\WINDOWS\System32\SHELL32.dll
0x00007ff8d8d20000 - 0x00007ff8d8e8a000 	C:\WINDOWS\System32\wintypes.dll
0x00007ff8d8e90000 - 0x00007ff8d96f4000 	C:\WINDOWS\System32\windows.storage.dll
0x00007ff8dbdd0000 - 0x00007ff8dbec7000 	C:\WINDOWS\System32\SHCORE.dll
0x00007ff8dbf00000 - 0x00007ff8dbf67000 	C:\WINDOWS\System32\shlwapi.dll
0x00007ff8d8c40000 - 0x00007ff8d8c69000 	C:\WINDOWS\SYSTEM32\profapi.dll
0x00007ff8838b0000 - 0x00007ff8838c8000 	C:\Program Files\Microsoft\jdk-17.0.15.6-hotspot\bin\zip.dll
0x00007ff88a720000 - 0x00007ff88a73a000 	C:\Program Files\Microsoft\jdk-17.0.15.6-hotspot\bin\net.dll
0x00007ff8cda60000 - 0x00007ff8cdb87000 	C:\WINDOWS\SYSTEM32\WINHTTP.dll
0x00007ff8d8020000 - 0x00007ff8d808b000 	C:\WINDOWS\system32\mswsock.dll
0x00007ff88a700000 - 0x00007ff88a716000 	C:\Program Files\Microsoft\jdk-17.0.15.6-hotspot\bin\nio.dll
0x00007ff8976e0000 - 0x00007ff8976f0000 	C:\Program Files\Microsoft\jdk-17.0.15.6-hotspot\bin\verify.dll
0x00007ff886160000 - 0x00007ff886187000 	C:\Users\HP\.gradle\native\c067742578af261105cb4f569cf0c3c89f3d7b1fecec35dd04571415982c5e48\windows-amd64\native-platform.dll
0x00007ff8796e0000 - 0x00007ff879824000 	C:\Users\HP\.gradle\native\100fb08df4bc3b14c8652ba06237920a3bd2aa13389f12d3474272988ae205f9\windows-amd64\native-platform-file-events.dll
0x00007ff894870000 - 0x00007ff89487a000 	C:\Program Files\Microsoft\jdk-17.0.15.6-hotspot\bin\management.dll
0x00007ff893630000 - 0x00007ff89363b000 	C:\Program Files\Microsoft\jdk-17.0.15.6-hotspot\bin\management_ext.dll
0x00007ff8db7c0000 - 0x00007ff8db7c8000 	C:\WINDOWS\System32\PSAPI.DLL
0x00007ff8d8300000 - 0x00007ff8d831b000 	C:\WINDOWS\SYSTEM32\CRYPTSP.dll
0x00007ff8d7a10000 - 0x00007ff8d7a49000 	C:\WINDOWS\system32\rsaenh.dll
0x00007ff8d80d0000 - 0x00007ff8d8102000 	C:\WINDOWS\SYSTEM32\USERENV.dll
0x00007ff8d8c10000 - 0x00007ff8d8c3a000 	C:\WINDOWS\SYSTEM32\bcrypt.dll
0x00007ff8d8320000 - 0x00007ff8d832c000 	C:\WINDOWS\SYSTEM32\CRYPTBASE.dll
0x00007ff8d7470000 - 0x00007ff8d74a3000 	C:\WINDOWS\SYSTEM32\IPHLPAPI.DLL
0x00007ff8daaa0000 - 0x00007ff8daaaa000 	C:\WINDOWS\System32\NSI.dll
0x00007ff8d0ef0000 - 0x00007ff8d0f0d000 	C:\WINDOWS\SYSTEM32\dhcpcsvc6.DLL
0x00007ff8cfb00000 - 0x00007ff8cfb23000 	C:\WINDOWS\SYSTEM32\dhcpcsvc.DLL
0x00007ff8d7500000 - 0x00007ff8d762a000 	C:\WINDOWS\SYSTEM32\DNSAPI.dll
0x00007ff893090000 - 0x00007ff893099000 	C:\Program Files\Microsoft\jdk-17.0.15.6-hotspot\bin\extnet.dll
0x00007ff88de20000 - 0x00007ff88de2e000 	C:\Program Files\Microsoft\jdk-17.0.15.6-hotspot\bin\sunmscapi.dll
0x00007ff8d99a0000 - 0x00007ff8d9b17000 	C:\WINDOWS\System32\CRYPT32.dll
0x00007ff8d8520000 - 0x00007ff8d8550000 	C:\WINDOWS\SYSTEM32\ncrypt.dll
0x00007ff8d84d0000 - 0x00007ff8d850f000 	C:\WINDOWS\SYSTEM32\NTASN1.dll
0x00007ff8c4030000 - 0x00007ff8c4038000 	C:\WINDOWS\system32\wshunix.dll

dbghelp: loaded successfully - version: 4.0.5 - missing functions: none
symbol engine: initialized successfully - sym options: 0x614 - pdb path: .;C:\Program Files\Microsoft\jdk-17.0.15.6-hotspot\bin;C:\WINDOWS\SYSTEM32;C:\WINDOWS\WinSxS\amd64_microsoft.windows.common-controls_6595b64144ccf1df_6.0.26100.7922_none_3e089e1ee3342171;C:\Program Files\Microsoft\jdk-17.0.15.6-hotspot\bin\server;C:\Users\HP\.gradle\native\c067742578af261105cb4f569cf0c3c89f3d7b1fecec35dd04571415982c5e48\windows-amd64;C:\Users\HP\.gradle\native\100fb08df4bc3b14c8652ba06237920a3bd2aa13389f12d3474272988ae205f9\windows-amd64

VM Arguments:
jvm_args: --add-opens=java.base/java.util=ALL-UNNAMED --add-opens=java.base/java.lang=ALL-UNNAMED --add-opens=java.base/java.lang.invoke=ALL-UNNAMED --add-opens=java.prefs/java.util.prefs=ALL-UNNAMED --add-exports=jdk.compiler/com.sun.tools.javac.api=ALL-UNNAMED --add-exports=jdk.compiler/com.sun.tools.javac.util=ALL-UNNAMED --add-opens=java.base/java.nio.charset=ALL-UNNAMED --add-opens=java.base/java.net=ALL-UNNAMED --add-opens=java.base/java.util.concurrent.atomic=ALL-UNNAMED -XX:MaxMetaspaceSize=384m -XX:+HeapDumpOnOutOfMemoryError -Xms256m -Xmx512m -Dfile.encoding=utf8 -Duser.country=IN -Duser.language=en -Duser.variant -javaagent:C:\Users\HP\.gradle\wrapper\dists\gradle-8.9-bin\90cnw93cvbtalezasaz0blq0a\gradle-8.9\lib\agents\gradle-instrumentation-agent-8.9.jar 
java_command: org.gradle.launcher.daemon.bootstrap.GradleDaemon 8.9
java_class_path (initial): C:\Users\HP\.gradle\wrapper\dists\gradle-8.9-bin\90cnw93cvbtalezasaz0blq0a\gradle-8.9\lib\gradle-daemon-main-8.9.jar
Launcher Type: SUN_STANDARD

[Global flags]
     intx CICompilerCount                          = 4                                         {product} {ergonomic}
   size_t CompressedClassSpaceSize                 = 335544320                                 {product} {ergonomic}
     uint ConcGCThreads                            = 3                                         {product} {ergonomic}
     uint G1ConcRefinementThreads                  = 10                                        {product} {ergonomic}
   size_t G1HeapRegionSize                         = 1048576                                   {product} {ergonomic}
    uintx GCDrainStackTargetSize                   = 64                                        {product} {ergonomic}
     bool HeapDumpOnOutOfMemoryError               = true                                   {manageable} {command line}
   size_t InitialHeapSize                          = 268435456                                 {product} {command line}
   size_t MarkStackSize                            = 4194304                                   {product} {ergonomic}
   size_t MaxHeapSize                              = 536870912                                 {product} {command line}
   size_t MaxMetaspaceSize                         = 402653184                                 {product} {command line}
   size_t MaxNewSize                               = 321912832                                 {product} {ergonomic}
   size_t MinHeapDeltaBytes                        = 1048576                                   {product} {ergonomic}
   size_t MinHeapSize                              = 268435456                                 {product} {command line}
    uintx NonNMethodCodeHeapSize                   = 5839372                                {pd product} {ergonomic}
    uintx NonProfiledCodeHeapSize                  = 122909434                              {pd product} {ergonomic}
    uintx ProfiledCodeHeapSize                     = 122909434                              {pd product} {ergonomic}
    uintx ReservedCodeCacheSize                    = 251658240                              {pd product} {ergonomic}
     bool SegmentedCodeCache                       = true                                      {product} {ergonomic}
   size_t SoftMaxHeapSize                          = 536870912                              {manageable} {ergonomic}
     bool UseCompressedClassPointers               = true                           {product lp64_product} {ergonomic}
     bool UseCompressedOops                        = true                           {product lp64_product} {ergonomic}
     bool UseG1GC                                  = true                                      {product} {ergonomic}
     bool UseLargePagesIndividualAllocation        = false                                  {pd product} {ergonomic}

Logging:
Log output configuration:
 #0: stdout all=warning uptime,level,tags
 #1: stderr all=off uptime,level,tags

Environment Variables:
JAVA_HOME=C:\Program Files\Microsoft\jdk-17.0.15.6-hotspot
PATH=C:\Users\HP\AppData\Local\Programs\Microsoft VS Code;C:\Program Files\Microsoft\jdk-17.0.15.6-hotspot\bin;C:\WINDOWS\system32;C:\WINDOWS;C:\WINDOWS\System32\Wbem;C:\WINDOWS\System32\WindowsPowerShell\v1.0\;C:\WINDOWS\System32\OpenSSH\;C:\Program Files\Git\cmd;C:\Program Files\dotnet\;C:\ProgramData\chocolatey\bin;C:\Users\HP\AppData\Local\Android\Sdk\platform-tools;C:\Users\HP\AppData\Local\Android\Sdk;C:\Users\HP\AppData\Local\Android\Sdk\emulator;;C:\Program Files\Docker\Docker\resources\bin;C:\Program Files\PuTTY\;C:\Program Files\nodejs\;C:\Program Files\MySQL\MySQL Shell 8.0\bin\;C:\Users\HP\AppData\Local\Microsoft\WindowsApps;C:\Users\HP\AppData\Local\Programs\Microsoft VS Code\bin;C:\Users\HP\AppData\Local\Android\Sdk\platform-tools;C:\Users\HP\AppData\Local\Android\Sdk;C:\Users\HP\AppData\Local\Android\Sdk\emulator;C:\Users\HP\AppData\Roaming\npm
USERNAME=HP
OS=Windows_NT
PROCESSOR_IDENTIFIER=Intel64 Family 6 Model 154 Stepping 4, GenuineIntel
TMP=C:\Users\HP\AppData\Local\Temp
TEMP=C:\Users\HP\AppData\Local\Temp



Periodic native trim disabled


---------------  S Y S T E M  ---------------

OS:
 Windows 11 , 64 bit Build 26100 (10.0.26100.7920)
OS uptime: 13 days 22:18 hours
Hyper-V role detected

CPU: total 12 (initial active 12) (6 cores per cpu, 2 threads per core) family 6 model 154 stepping 4 microcode 0x432, cx8, cmov, fxsr, ht, mmx, 3dnowpref, sse, sse2, sse3, ssse3, sse4.1, sse4.2, popcnt, lzcnt, tsc, tscinvbit, avx, avx2, aes, erms, clmul, bmi1, bmi2, adx, sha, fma, vzeroupper, clflush, clflushopt, clwb, hv
Processor Information for processor 0
  Max Mhz: 1300, Current Mhz: 1300, Mhz Limit: 1300
Processor Information for processor 1
  Max Mhz: 1300, Current Mhz: 1300, Mhz Limit: 1300
Processor Information for processor 2
  Max Mhz: 1300, Current Mhz: 1300, Mhz Limit: 1300
Processor Information for processor 3
  Max Mhz: 1300, Current Mhz: 1300, Mhz Limit: 1300
Processor Information for processor 4
  Max Mhz: 1300, Current Mhz: 900, Mhz Limit: 897
Processor Information for processor 5
  Max Mhz: 1300, Current Mhz: 900, Mhz Limit: 897
Processor Information for processor 6
  Max Mhz: 1300, Current Mhz: 900, Mhz Limit: 897
Processor Information for processor 7
  Max Mhz: 1300, Current Mhz: 900, Mhz Limit: 897
Processor Information for processor 8
  Max Mhz: 1300, Current Mhz: 900, Mhz Limit: 897
Processor Information for processor 9
  Max Mhz: 1300, Current Mhz: 900, Mhz Limit: 897
Processor Information for processor 10
  Max Mhz: 1300, Current Mhz: 900, Mhz Limit: 897
Processor Information for processor 11
  Max Mhz: 1300, Current Mhz: 900, Mhz Limit: 897

Memory: 4k page, system-wide physical 7835M (792M free)
TotalPageFile size 31387M (AvailPageFile size 12M)
current process WorkingSet (physical memory assigned to process): 474M, peak: 479M
current process commit charge ("private bytes"): 642M, peak: 642M

vm_info: OpenJDK 64-Bit Server VM (17.0.15+6-LTS) for windows-amd64 JRE (17.0.15+6-LTS), built on Apr  9 2025 22:27:25 by "MicrosoftCorporation" with unknown MS VC++:1939

END.
