#
# There is insufficient memory for the Java Runtime Environment to continue.
# Native memory allocation (malloc) failed to allocate 1351520 bytes. Error detail: Chunk::new
# Possible reasons:
#   The system is out of physical RAM or swap space
#   This process is running with CompressedOops enabled, and the Java Heap may be blocking the growth of the native heap
# Possible solutions:
#   Reduce memory load on the system
#   Increase physical memory or swap space
#   Check if swap backing store is full
#   Decrease Java heap size (-Xmx/-Xms)
#   Decrease number of Java threads
#   Decrease Java thread stack sizes (-Xss)
#   Set larger code cache with -XX:ReservedCodeCacheSize=
#   JVM is running with Zero Based Compressed Oops mode in which the Java heap is
#     placed in the first 32GB address space. The Java Heap base address is the
#     maximum limit for the native heap growth. Please use -XX:HeapBaseMinAddress
#     to set the Java Heap base and to place the Java Heap above 32GB virtual address.
# This output file may be truncated or incomplete.
#
#  Out of Memory Error (arena.cpp:191), pid=2224, tid=25232
#
# JRE version: OpenJDK Runtime Environment Microsoft-11369865 (17.0.15+6) (build 17.0.15+6-LTS)
# Java VM: OpenJDK 64-Bit Server VM Microsoft-11369865 (17.0.15+6-LTS, mixed mode, sharing, tiered, compressed oops, compressed class ptrs, g1 gc, windows-amd64)
# No core dump will be written. Minidumps are not enabled by default on client versions of Windows
#

---------------  S U M M A R Y ------------

Command Line: -XX:MaxMetaspaceSize=768m -XX:+HeapDumpOnOutOfMemoryError --add-opens=java.base/java.util=ALL-UNNAMED --add-opens=java.base/java.lang=ALL-UNNAMED --add-opens=java.base/java.lang.invoke=ALL-UNNAMED --add-opens=java.prefs/java.util.prefs=ALL-UNNAMED --add-exports=jdk.compiler/com.sun.tools.javac.api=ALL-UNNAMED --add-exports=jdk.compiler/com.sun.tools.javac.util=ALL-UNNAMED --add-opens=java.base/java.nio.charset=ALL-UNNAMED --add-opens=java.base/java.net=ALL-UNNAMED --add-opens=java.base/java.util.concurrent.atomic=ALL-UNNAMED -Xmx3072m -Dfile.encoding=UTF-8 -Duser.country=IN -Duser.language=en -Duser.variant -javaagent:C:\Users\HP\.gradle\wrapper\dists\gradle-8.9-bin\90cnw93cvbtalezasaz0blq0a\gradle-8.9\lib\agents\gradle-instrumentation-agent-8.9.jar org.gradle.launcher.daemon.bootstrap.GradleDaemon 8.9

Host: 12th Gen Intel(R) Core(TM) i5-1235U, 12 cores, 7G,  Windows 11 , 64 bit Build 26100 (10.0.26100.7920)
Time: Thu Mar 26 10:54:47 2026 India Standard Time elapsed time: 13.998132 seconds (0d 0h 0m 13s)

---------------  T H R E A D  ---------------

Current thread (0x0000026d6bb68eb0):  JavaThread "C2 CompilerThread1" daemon [_thread_in_native, id=25232, stack(0x000000d055f00000,0x000000d056000000)]


Current CompileTask:
C2:  13998 5943       4       groovy.lang.MetaClassImpl$1MOPIter::methodNameAction (325 bytes)

Stack: [0x000000d055f00000,0x000000d056000000]
Native frames: (J=compiled Java code, j=interpreted, Vv=VM code, C=native code)
V  [jvm.dll+0x6887a9]
V  [jvm.dll+0x83f5a8]
V  [jvm.dll+0x841053]
V  [jvm.dll+0x8416c3]
V  [jvm.dll+0x2496ef]
V  [jvm.dll+0xad134]
V  [jvm.dll+0xad7cc]
V  [jvm.dll+0x36af2e]
V  [jvm.dll+0x1bd065]
V  [jvm.dll+0x21aa7c]
V  [jvm.dll+0x219d3f]
V  [jvm.dll+0x1a55f6]
V  [jvm.dll+0x22a39a]
V  [jvm.dll+0x2284db]
V  [jvm.dll+0x7f4e28]
V  [jvm.dll+0x7ef2dc]
V  [jvm.dll+0x687687]
C  [ucrtbase.dll+0x37b0]
C  [KERNEL32.DLL+0x2e8d7]
C  [ntdll.dll+0x8c48c]


---------------  P R O C E S S  ---------------

Threads class SMR info:
_java_thread_list=0x0000026d68c968f0, length=53, elements={
0x0000026d1af6cf60, 0x0000026d3be4f820, 0x0000026d3be502f0, 0x0000026d3be65550,
0x0000026d3be67e30, 0x0000026d3be68700, 0x0000026d3be68fd0, 0x0000026d3be69bd0,
0x0000026d3be6c4f0, 0x0000026d3be6ce00, 0x0000026d3be3afb0, 0x0000026d681b7d20,
0x0000026d69cb78d0, 0x0000026d69d4cd90, 0x0000026d694c0120, 0x0000026d694bbc40,
0x0000026d694bc120, 0x0000026d69fbda80, 0x0000026d69fbe4a0, 0x0000026d69fbf8e0,
0x0000026d69fbe9b0, 0x0000026d69fc0810, 0x0000026d69fbfdf0, 0x0000026d69fc0300,
0x0000026d69fbd060, 0x0000026d69fbd570, 0x0000026d69fbdf90, 0x0000026d69fbeec0,
0x0000026d6a388630, 0x0000026d6a389050, 0x0000026d6a388b40, 0x0000026d6a386ce0,
0x0000026d6a3871f0, 0x0000026d6a385db0, 0x0000026d6a387700, 0x0000026d6a389a70,
0x0000026d6a388120, 0x0000026d6a3862c0, 0x0000026d6a38d730, 0x0000026d6a38c2f0,
0x0000026d6a38c800, 0x0000026d6a38cd10, 0x0000026d6a38a490, 0x0000026d6a38a9a0,
0x0000026d6cf49180, 0x0000026d6cf47320, 0x0000026d6cf49ba0, 0x0000026d6cf4a0b0,
0x0000026d6cf4afe0, 0x0000026d6cf47d40, 0x0000026d6cf4aad0, 0x0000026d6cf49690,
0x0000026d6bb68eb0
}

Java Threads: ( => current thread )
  0x0000026d1af6cf60 JavaThread "main" [_thread_blocked, id=22532, stack(0x000000d053600000,0x000000d053700000)]
  0x0000026d3be4f820 JavaThread "Reference Handler" daemon [_thread_blocked, id=8180, stack(0x000000d053d00000,0x000000d053e00000)]
  0x0000026d3be502f0 JavaThread "Finalizer" daemon [_thread_blocked, id=16844, stack(0x000000d053e00000,0x000000d053f00000)]
  0x0000026d3be65550 JavaThread "Signal Dispatcher" daemon [_thread_blocked, id=12704, stack(0x000000d053f00000,0x000000d054000000)]
  0x0000026d3be67e30 JavaThread "Attach Listener" daemon [_thread_blocked, id=30420, stack(0x000000d054000000,0x000000d054100000)]
  0x0000026d3be68700 JavaThread "Service Thread" daemon [_thread_blocked, id=12372, stack(0x000000d054100000,0x000000d054200000)]
  0x0000026d3be68fd0 JavaThread "Monitor Deflation Thread" daemon [_thread_blocked, id=23080, stack(0x000000d054200000,0x000000d054300000)]
  0x0000026d3be69bd0 JavaThread "C2 CompilerThread0" daemon [_thread_in_native, id=2484, stack(0x000000d054300000,0x000000d054400000)]
  0x0000026d3be6c4f0 JavaThread "C1 CompilerThread0" daemon [_thread_in_vm, id=13492, stack(0x000000d054400000,0x000000d054500000)]
  0x0000026d3be6ce00 JavaThread "Sweeper thread" daemon [_thread_blocked, id=30856, stack(0x000000d054500000,0x000000d054600000)]
  0x0000026d3be3afb0 JavaThread "Common-Cleaner" daemon [_thread_blocked, id=5700, stack(0x000000d054600000,0x000000d054700000)]
  0x0000026d681b7d20 JavaThread "Notification Thread" daemon [_thread_blocked, id=20720, stack(0x000000d054700000,0x000000d054800000)]
  0x0000026d69cb78d0 JavaThread "Daemon health stats" [_thread_blocked, id=21912, stack(0x000000d055000000,0x000000d055100000)]
  0x0000026d69d4cd90 JavaThread "Incoming local TCP Connector on port 55329" [_thread_in_native, id=23252, stack(0x000000d055100000,0x000000d055200000)]
  0x0000026d694c0120 JavaThread "Daemon periodic checks" [_thread_blocked, id=26816, stack(0x000000d055200000,0x000000d055300000)]
  0x0000026d694bbc40 JavaThread "Daemon" [_thread_blocked, id=12104, stack(0x000000d055300000,0x000000d055400000)]
  0x0000026d694bc120 JavaThread "Handler for socket connection from /127.0.0.1:55329 to /127.0.0.1:55330" [_thread_in_native, id=21868, stack(0x000000d055400000,0x000000d055500000)]
  0x0000026d69fbda80 JavaThread "Cancel handler" [_thread_blocked, id=28440, stack(0x000000d055500000,0x000000d055600000)]
  0x0000026d69fbe4a0 JavaThread "Daemon worker" [_thread_blocked, id=24212, stack(0x000000d055600000,0x000000d055700000)]
  0x0000026d69fbf8e0 JavaThread "Asynchronous log dispatcher for DefaultDaemonConnection: socket connection from /127.0.0.1:55329 to /127.0.0.1:55330" [_thread_blocked, id=21612, stack(0x000000d055700000,0x000000d055800000)]
  0x0000026d69fbe9b0 JavaThread "Stdin handler" [_thread_blocked, id=25416, stack(0x000000d055800000,0x000000d055900000)]
  0x0000026d69fc0810 JavaThread "Daemon client event forwarder" [_thread_blocked, id=4696, stack(0x000000d055900000,0x000000d055a00000)]
  0x0000026d69fbfdf0 JavaThread "Cache worker for journal cache (C:\Users\HP\.gradle\caches\journal-1)" [_thread_blocked, id=13868, stack(0x000000d055a00000,0x000000d055b00000)]
  0x0000026d69fc0300 JavaThread "File lock request listener" [_thread_in_native, id=2488, stack(0x000000d055b00000,0x000000d055c00000)]
  0x0000026d69fbd060 JavaThread "Cache worker for file hash cache (C:\Users\HP\.gradle\caches\8.9\fileHashes)" [_thread_blocked, id=18400, stack(0x000000d054900000,0x000000d054a00000)]
  0x0000026d69fbd570 JavaThread "Cache worker for file hash cache (D:\Parkitdemo\Updated-Sundukpay\android\.gradle\8.9\fileHashes)" [_thread_blocked, id=9264, stack(0x000000d056000000,0x000000d056100000)]
  0x0000026d69fbdf90 JavaThread "Cache worker for Build Output Cleanup Cache (D:\Parkitdemo\Updated-Sundukpay\android\.gradle\buildOutputCleanup)" [_thread_blocked, id=13376, stack(0x000000d056100000,0x000000d056200000)]
  0x0000026d69fbeec0 JavaThread "File watcher server" daemon [_thread_in_native, id=21024, stack(0x000000d056500000,0x000000d056600000)]
  0x0000026d6a388630 JavaThread "File watcher consumer" daemon [_thread_blocked, id=11208, stack(0x000000d056600000,0x000000d056700000)]
  0x0000026d6a389050 JavaThread "jar transforms" [_thread_blocked, id=12548, stack(0x000000d056700000,0x000000d056800000)]
  0x0000026d6a388b40 JavaThread "jar transforms Thread 2" [_thread_blocked, id=24804, stack(0x000000d056800000,0x000000d056900000)]
  0x0000026d6a386ce0 JavaThread "jar transforms Thread 3" [_thread_blocked, id=25076, stack(0x000000d056900000,0x000000d056a00000)]
  0x0000026d6a3871f0 JavaThread "Cache worker for checksums cache (D:\Parkitdemo\Updated-Sundukpay\android\.gradle\8.9\checksums)" [_thread_blocked, id=25664, stack(0x000000d056a00000,0x000000d056b00000)]
  0x0000026d6a385db0 JavaThread "Cache worker for file content cache (C:\Users\HP\.gradle\caches\8.9\fileContent)" [_thread_blocked, id=16992, stack(0x000000d056b00000,0x000000d056c00000)]
  0x0000026d6a387700 JavaThread "Cache worker for cache directory md-rule (C:\Users\HP\.gradle\caches\8.9\md-rule)" [_thread_blocked, id=9412, stack(0x000000d056c00000,0x000000d056d00000)]
  0x0000026d6a389a70 JavaThread "Cache worker for cache directory md-supplier (C:\Users\HP\.gradle\caches\8.9\md-supplier)" [_thread_blocked, id=11744, stack(0x000000d056d00000,0x000000d056e00000)]
  0x0000026d6a388120 JavaThread "jar transforms Thread 4" [_thread_blocked, id=16832, stack(0x000000d056e00000,0x000000d056f00000)]
  0x0000026d6a3862c0 JavaThread "jar transforms Thread 5" [_thread_blocked, id=26452, stack(0x000000d056f00000,0x000000d057000000)]
  0x0000026d6a38d730 JavaThread "jar transforms Thread 6" [_thread_blocked, id=11856, stack(0x000000d057100000,0x000000d057200000)]
  0x0000026d6a38c2f0 JavaThread "jar transforms Thread 7" [_thread_blocked, id=11316, stack(0x000000d057200000,0x000000d057300000)]
  0x0000026d6a38c800 JavaThread "jar transforms Thread 8" [_thread_blocked, id=23668, stack(0x000000d057300000,0x000000d057400000)]
  0x0000026d6a38cd10 JavaThread "jar transforms Thread 9" [_thread_blocked, id=4928, stack(0x000000d057400000,0x000000d057500000)]
  0x0000026d6a38a490 JavaThread "jar transforms Thread 10" [_thread_blocked, id=21360, stack(0x000000d057500000,0x000000d057600000)]
  0x0000026d6a38a9a0 JavaThread "jar transforms Thread 11" [_thread_blocked, id=6928, stack(0x000000d057600000,0x000000d057700000)]
  0x0000026d6cf49180 JavaThread "jar transforms Thread 12" [_thread_blocked, id=7120, stack(0x000000d057700000,0x000000d057800000)]
  0x0000026d6cf47320 JavaThread "Cache worker for Build Output Cleanup Cache (D:\Parkitdemo\Updated-Sundukpay\node_modules\@react-native\gradle-plugin\.gradle\buildOutputCleanup)" [_thread_blocked, id=9616, stack(0x000000d057800000,0x000000d057900000)]
  0x0000026d6cf49ba0 JavaThread "Unconstrained build operations" [_thread_blocked, id=20708, stack(0x000000d057000000,0x000000d057100000)]
  0x0000026d6cf4a0b0 JavaThread "Unconstrained build operations Thread 2" [_thread_blocked, id=18368, stack(0x000000d057900000,0x000000d057a00000)]
  0x0000026d6cf4afe0 JavaThread "Unconstrained build operations Thread 3" [_thread_blocked, id=9152, stack(0x000000d057a00000,0x000000d057b00000)]
  0x0000026d6cf47d40 JavaThread "Unconstrained build operations Thread 4" [_thread_blocked, id=30912, stack(0x000000d057b00000,0x000000d057c00000)]
  0x0000026d6cf4aad0 JavaThread "Unconstrained build operations Thread 5" [_thread_blocked, id=26844, stack(0x000000d057c00000,0x000000d057d00000)]
  0x0000026d6cf49690 JavaThread "Unconstrained build operations Thread 6" [_thread_blocked, id=24428, stack(0x000000d057d00000,0x000000d057e00000)]
=>0x0000026d6bb68eb0 JavaThread "C2 CompilerThread1" daemon [_thread_in_native, id=25232, stack(0x000000d055f00000,0x000000d056000000)]

Other Threads:
  0x0000026d3be48410 VMThread "VM Thread" [stack: 0x000000d053c00000,0x000000d053d00000] [id=1208]
  0x0000026d1af6dcf0 WatcherThread [stack: 0x000000d054800000,0x000000d054900000] [id=23376]
  0x0000026d1afc78b0 GCTaskThread "GC Thread#0" [stack: 0x000000d053700000,0x000000d053800000] [id=13800]
  0x0000026d6865c3c0 GCTaskThread "GC Thread#1" [stack: 0x000000d054a00000,0x000000d054b00000] [id=16032]
  0x0000026d688ba6f0 GCTaskThread "GC Thread#2" [stack: 0x000000d054b00000,0x000000d054c00000] [id=13592]
  0x0000026d68c9a4f0 GCTaskThread "GC Thread#3" [stack: 0x000000d054c00000,0x000000d054d00000] [id=17000]
  0x0000026d68c9b570 GCTaskThread "GC Thread#4" [stack: 0x000000d054d00000,0x000000d054e00000] [id=908]
  0x0000026d68c9b830 GCTaskThread "GC Thread#5" [stack: 0x000000d054e00000,0x000000d054f00000] [id=3036]
  0x0000026d68c9a7b0 GCTaskThread "GC Thread#6" [stack: 0x000000d054f00000,0x000000d055000000] [id=30812]
  0x0000026d68c9a230 GCTaskThread "GC Thread#7" [stack: 0x000000d055c00000,0x000000d055d00000] [id=3448]
  0x0000026d68c9ad30 GCTaskThread "GC Thread#8" [stack: 0x000000d055d00000,0x000000d055e00000] [id=9248]
  0x0000026d68c9bdb0 GCTaskThread "GC Thread#9" [stack: 0x000000d055e00000,0x000000d055f00000] [id=1928]
  0x0000026d1afd4710 ConcurrentGCThread "G1 Main Marker" [stack: 0x000000d053800000,0x000000d053900000] [id=21904]
  0x0000026d1afd5040 ConcurrentGCThread "G1 Conc#0" [stack: 0x000000d053900000,0x000000d053a00000] [id=10032]
  0x0000026d68c9b2b0 ConcurrentGCThread "G1 Conc#1" [stack: 0x000000d056300000,0x000000d056400000] [id=23300]
  0x0000026d6a271b00 ConcurrentGCThread "G1 Conc#2" [stack: 0x000000d056400000,0x000000d056500000] [id=4212]
  0x0000026d1b01db80 ConcurrentGCThread "G1 Refine#0" [stack: 0x000000d053a00000,0x000000d053b00000] [id=21880]
  0x0000026d6c5c6e60 ConcurrentGCThread "G1 Refine#1" [stack: 0x000000d056200000,0x000000d056300000] [id=22316]
  0x0000026d1b01e360 ConcurrentGCThread "G1 Service" [stack: 0x000000d053b00000,0x000000d053c00000] [id=192]

Threads with active compile tasks:
C2 CompilerThread0    14076 6064       4       org.gradle.internal.service.DefaultServiceRegistry$SingletonService::get (5 bytes)
C1 CompilerThread0    14076 6098       3       org.gradle.internal.fingerprint.classpath.impl.ClasspathFingerprintingStrategy$ClasspathFingerprintingVisitor::visitEntry (20 bytes)
C2 CompilerThread1    14076 5943       4       groovy.lang.MetaClassImpl$1MOPIter::methodNameAction (325 bytes)

VM state: not at safepoint (normal execution)

VM Mutex/Monitor currently owned by a thread: None

Heap address: 0x0000000740000000, size: 3072 MB, Compressed Oops mode: Zero based, Oop shift amount: 3

CDS archive(s) mapped at: [0x0000026d3c000000-0x0000026d3cbb0000-0x0000026d3cbb0000), size 12255232, SharedBaseAddress: 0x0000026d3c000000, ArchiveRelocationMode: 1.
Compressed class space mapped at: 0x0000026d3d000000-0x0000026d64000000, reserved size: 654311424
Narrow klass base: 0x0000026d3c000000, Narrow klass shift: 0, Narrow klass range: 0x100000000

GC Precious Log:
 CPUs: 12 total, 12 available
 Memory: 7835M
 Large Page Support: Disabled
 NUMA Support: Disabled
 Compressed Oops: Enabled (Zero based)
 Heap Region Size: 2M
 Heap Min Capacity: 8M
 Heap Initial Capacity: 124M
 Heap Max Capacity: 3G
 Pre-touch: Disabled
 Parallel Workers: 10
 Concurrent Workers: 3
 Concurrent Refinement Workers: 10
 Periodic GC: Disabled

Heap:
 garbage-first heap   total 116736K, used 61755K [0x0000000740000000, 0x0000000800000000)
  region size 2048K, 13 young (26624K), 4 survivors (8192K)
 Metaspace       used 54760K, committed 55360K, reserved 704512K
  class space    used 7706K, committed 8000K, reserved 638976K

Heap Regions: E=young(eden), S=young(survivor), O=old, HS=humongous(starts), HC=humongous(continues), CS=collection set, F=free, OA=open archive, CA=closed archive, TAMS=top-at-mark-start (previous, next)
|   0|0x0000000740000000, 0x0000000740200000, 0x0000000740200000|100%|HS|  |TAMS 0x0000000740200000, 0x0000000740000000| Complete 
|   1|0x0000000740200000, 0x0000000740400000, 0x0000000740400000|100%|HC|  |TAMS 0x0000000740400000, 0x0000000740200000| Complete 
|   2|0x0000000740400000, 0x0000000740600000, 0x0000000740600000|100%| O|  |TAMS 0x0000000740600000, 0x0000000740400000| Untracked 
|   3|0x0000000740600000, 0x0000000740800000, 0x0000000740800000|100%| O|  |TAMS 0x0000000740800000, 0x0000000740600000| Untracked 
|   4|0x0000000740800000, 0x0000000740a00000, 0x0000000740a00000|100%| O|  |TAMS 0x0000000740a00000, 0x0000000740800000| Untracked 
|   5|0x0000000740a00000, 0x0000000740c00000, 0x0000000740c00000|100%| O|  |TAMS 0x0000000740c00000, 0x0000000740a00000| Untracked 
|   6|0x0000000740c00000, 0x0000000740e00000, 0x0000000740e00000|100%| O|  |TAMS 0x0000000740e00000, 0x0000000740c00000| Untracked 
|   7|0x0000000740e00000, 0x0000000741000000, 0x0000000741000000|100%| O|  |TAMS 0x0000000741000000, 0x0000000740e00000| Untracked 
|   8|0x0000000741000000, 0x0000000741192400, 0x0000000741200000| 78%| O|  |TAMS 0x0000000741192400, 0x0000000741000000| Untracked 
|   9|0x0000000741200000, 0x0000000741400000, 0x0000000741400000|100%| O|  |TAMS 0x0000000741400000, 0x0000000741200000| Untracked 
|  10|0x0000000741400000, 0x0000000741600000, 0x0000000741600000|100%| O|  |TAMS 0x0000000741600000, 0x0000000741400000| Untracked 
|  11|0x0000000741600000, 0x0000000741800000, 0x0000000741800000|100%| O|  |TAMS 0x0000000741800000, 0x0000000741600000| Untracked 
|  12|0x0000000741800000, 0x0000000741a00000, 0x0000000741a00000|100%| O|  |TAMS 0x0000000741a00000, 0x0000000741800000| Untracked 
|  13|0x0000000741a00000, 0x0000000741c00000, 0x0000000741c00000|100%| O|  |TAMS 0x0000000741bfbc00, 0x0000000741a00000| Untracked 
|  14|0x0000000741c00000, 0x0000000741e00000, 0x0000000741e00000|100%| O|  |TAMS 0x0000000741c00000, 0x0000000741c00000| Untracked 
|  15|0x0000000741e00000, 0x0000000742000000, 0x0000000742000000|100%| O|  |TAMS 0x0000000741e00000, 0x0000000741e00000| Untracked 
|  16|0x0000000742000000, 0x0000000742200000, 0x0000000742200000|100%| O|  |TAMS 0x0000000742000000, 0x0000000742000000| Untracked 
|  17|0x0000000742200000, 0x0000000742400000, 0x0000000742400000|100%| O|  |TAMS 0x0000000742200000, 0x0000000742200000| Untracked 
|  18|0x0000000742400000, 0x00000007425eb200, 0x0000000742600000| 95%| O|  |TAMS 0x0000000742400000, 0x0000000742400000| Untracked 
|  19|0x0000000742600000, 0x0000000742600000, 0x0000000742800000|  0%| F|  |TAMS 0x0000000742600000, 0x0000000742600000| Untracked 
|  20|0x0000000742800000, 0x0000000742800000, 0x0000000742a00000|  0%| F|  |TAMS 0x0000000742800000, 0x0000000742800000| Untracked 
|  21|0x0000000742a00000, 0x0000000742a00000, 0x0000000742c00000|  0%| F|  |TAMS 0x0000000742a00000, 0x0000000742a00000| Untracked 
|  22|0x0000000742c00000, 0x0000000742c00000, 0x0000000742e00000|  0%| F|  |TAMS 0x0000000742c00000, 0x0000000742c00000| Untracked 
|  23|0x0000000742e00000, 0x0000000742e00000, 0x0000000743000000|  0%| F|  |TAMS 0x0000000742e00000, 0x0000000742e00000| Untracked 
|  24|0x0000000743000000, 0x0000000743000000, 0x0000000743200000|  0%| F|  |TAMS 0x0000000743000000, 0x0000000743000000| Untracked 
|  25|0x0000000743200000, 0x0000000743200000, 0x0000000743400000|  0%| F|  |TAMS 0x0000000743200000, 0x0000000743200000| Untracked 
|  26|0x0000000743400000, 0x0000000743400000, 0x0000000743600000|  0%| F|  |TAMS 0x0000000743400000, 0x0000000743400000| Untracked 
|  27|0x0000000743600000, 0x00000007436d1820, 0x0000000743800000| 40%| S|CS|TAMS 0x0000000743600000, 0x0000000743600000| Complete 
|  28|0x0000000743800000, 0x0000000743800000, 0x0000000743a00000|  0%| F|  |TAMS 0x0000000743800000, 0x0000000743800000| Untracked 
|  29|0x0000000743a00000, 0x0000000743c00000, 0x0000000743c00000|100%| S|CS|TAMS 0x0000000743a00000, 0x0000000743a00000| Complete 
|  30|0x0000000743c00000, 0x0000000743c00000, 0x0000000743e00000|  0%| F|  |TAMS 0x0000000743c00000, 0x0000000743c00000| Untracked 
|  31|0x0000000743e00000, 0x0000000744000000, 0x0000000744000000|100%| S|CS|TAMS 0x0000000743e00000, 0x0000000743e00000| Complete 
|  32|0x0000000744000000, 0x0000000744200000, 0x0000000744200000|100%| S|CS|TAMS 0x0000000744000000, 0x0000000744000000| Complete 
|  33|0x0000000744200000, 0x0000000744200000, 0x0000000744400000|  0%| F|  |TAMS 0x0000000744200000, 0x0000000744200000| Untracked 
|  34|0x0000000744400000, 0x0000000744400000, 0x0000000744600000|  0%| F|  |TAMS 0x0000000744400000, 0x0000000744400000| Untracked 
|  35|0x0000000744600000, 0x0000000744600000, 0x0000000744800000|  0%| F|  |TAMS 0x0000000744600000, 0x0000000744600000| Untracked 
|  36|0x0000000744800000, 0x0000000744800000, 0x0000000744a00000|  0%| F|  |TAMS 0x0000000744800000, 0x0000000744800000| Untracked 
|  37|0x0000000744a00000, 0x0000000744a00000, 0x0000000744c00000|  0%| F|  |TAMS 0x0000000744a00000, 0x0000000744a00000| Untracked 
|  38|0x0000000744c00000, 0x0000000744c00000, 0x0000000744e00000|  0%| F|  |TAMS 0x0000000744c00000, 0x0000000744c00000| Untracked 
|  39|0x0000000744e00000, 0x0000000744e00000, 0x0000000745000000|  0%| F|  |TAMS 0x0000000744e00000, 0x0000000744e00000| Untracked 
|  40|0x0000000745000000, 0x0000000745000000, 0x0000000745200000|  0%| F|  |TAMS 0x0000000745000000, 0x0000000745000000| Untracked 
|  41|0x0000000745200000, 0x0000000745200000, 0x0000000745400000|  0%| F|  |TAMS 0x0000000745200000, 0x0000000745200000| Untracked 
|  42|0x0000000745400000, 0x0000000745400000, 0x0000000745600000|  0%| F|  |TAMS 0x0000000745400000, 0x0000000745400000| Untracked 
|  43|0x0000000745600000, 0x0000000745600000, 0x0000000745800000|  0%| F|  |TAMS 0x0000000745600000, 0x0000000745600000| Untracked 
|  44|0x0000000745800000, 0x0000000745800000, 0x0000000745a00000|  0%| F|  |TAMS 0x0000000745800000, 0x0000000745800000| Untracked 
|  45|0x0000000745a00000, 0x0000000745a00000, 0x0000000745c00000|  0%| F|  |TAMS 0x0000000745a00000, 0x0000000745a00000| Untracked 
|  46|0x0000000745c00000, 0x0000000745c00000, 0x0000000745e00000|  0%| F|  |TAMS 0x0000000745c00000, 0x0000000745c00000| Untracked 
|  47|0x0000000745e00000, 0x0000000745e00000, 0x0000000746000000|  0%| F|  |TAMS 0x0000000745e00000, 0x0000000745e00000| Untracked 
|  48|0x0000000746000000, 0x0000000746036750, 0x0000000746200000| 10%| E|  |TAMS 0x0000000746000000, 0x0000000746000000| Complete 
|  49|0x0000000746200000, 0x0000000746400000, 0x0000000746400000|100%| E|CS|TAMS 0x0000000746200000, 0x0000000746200000| Complete 
|  50|0x0000000746400000, 0x0000000746600000, 0x0000000746600000|100%| E|CS|TAMS 0x0000000746400000, 0x0000000746400000| Complete 
|  51|0x0000000746600000, 0x0000000746800000, 0x0000000746800000|100%| E|CS|TAMS 0x0000000746600000, 0x0000000746600000| Complete 
|  52|0x0000000746800000, 0x0000000746a00000, 0x0000000746a00000|100%| E|CS|TAMS 0x0000000746800000, 0x0000000746800000| Complete 
|  53|0x0000000746a00000, 0x0000000746c00000, 0x0000000746c00000|100%| E|CS|TAMS 0x0000000746a00000, 0x0000000746a00000| Complete 
|  54|0x0000000746c00000, 0x0000000746e00000, 0x0000000746e00000|100%| E|CS|TAMS 0x0000000746c00000, 0x0000000746c00000| Complete 
|  55|0x0000000746e00000, 0x0000000747000000, 0x0000000747000000|100%| E|CS|TAMS 0x0000000746e00000, 0x0000000746e00000| Complete 
|  61|0x0000000747a00000, 0x0000000747c00000, 0x0000000747c00000|100%| E|CS|TAMS 0x0000000747a00000, 0x0000000747a00000| Complete 

Card table byte_map: [0x0000026d32600000,0x0000026d32c00000] _byte_map_base: 0x0000026d2ec00000

Marking Bits (Prev, Next): (CMBitMap*) 0x0000026d1afc7de0, (CMBitMap*) 0x0000026d1afc7e20
 Prev Bits: [0x0000026d33200000, 0x0000026d36200000)
 Next Bits: [0x0000026d36200000, 0x0000026d39200000)

Polling page: 0x0000026d1a720000

Metaspace:

Usage:
  Non-class:     45.95 MB used.
      Class:      7.53 MB used.
       Both:     53.48 MB used.

Virtual space:
  Non-class space:       64.00 MB reserved,      46.25 MB ( 72%) committed,  1 nodes.
      Class space:      624.00 MB reserved,       7.81 MB (  1%) committed,  1 nodes.
             Both:      688.00 MB reserved,      54.06 MB (  8%) committed. 

Chunk freelists:
   Non-Class:  1.62 MB
       Class:  8.04 MB
        Both:  9.66 MB

MaxMetaspaceSize: 768.00 MB
CompressedClassSpaceSize: 624.00 MB
Initial GC threshold: 21.00 MB
Current GC threshold: 59.00 MB
CDS: on
MetaspaceReclaimPolicy: balanced
 - commit_granule_bytes: 65536.
 - commit_granule_words: 8192.
 - virtual_space_node_default_size: 8388608.
 - enlarge_chunks_in_place: 1.
 - new_chunks_are_fully_committed: 0.
 - uncommit_free_chunks: 1.
 - use_allocation_guard: 0.
 - handle_deallocations: 1.


Internal statistics:

num_allocs_failed_limit: 6.
num_arena_births: 796.
num_arena_deaths: 0.
num_vsnodes_births: 2.
num_vsnodes_deaths: 0.
num_space_committed: 865.
num_space_uncommitted: 0.
num_chunks_returned_to_freelist: 6.
num_chunks_taken_from_freelist: 3044.
num_chunk_merges: 3.
num_chunk_splits: 1989.
num_chunks_enlarged: 1317.
num_inconsistent_stats: 0.

CodeHeap 'non-profiled nmethods': size=120000Kb used=2996Kb max_used=3107Kb free=117003Kb
 bounds [0x0000026d2a580000, 0x0000026d2a890000, 0x0000026d31ab0000]
CodeHeap 'profiled nmethods': size=120000Kb used=10612Kb max_used=10612Kb free=109387Kb
 bounds [0x0000026d22ab0000, 0x0000026d23510000, 0x0000026d29fe0000]
CodeHeap 'non-nmethods': size=5760Kb used=2342Kb max_used=2382Kb free=3417Kb
 bounds [0x0000026d29fe0000, 0x0000026d2a250000, 0x0000026d2a580000]
 total_blobs=6151 nmethods=5286 adapters=776
 compilation: enabled
              stopped_count=0, restarted_count=0
 full_count=0

Compilation events (20 events):
Event: 12.969 Thread 0x0000026d3be6c4f0 nmethod 6058 0x0000026d2a6a2910 code [0x0000026d2a6a2aa0, 0x0000026d2a6a2b58]
Event: 12.969 Thread 0x0000026d3be6c4f0 6059       1       org.gradle.internal.typeconversion.NotationConverterToNotationParserAdapter$ResultImpl::access$200 (5 bytes)
Event: 12.969 Thread 0x0000026d3be6c4f0 nmethod 6059 0x0000026d2a6a2310 code [0x0000026d2a6a24a0, 0x0000026d2a6a2558]
Event: 12.970 Thread 0x0000026d3be6c4f0 6061       1       org.gradle.internal.code.DefaultUserCodeApplicationContext$CurrentApplication::getId (5 bytes)
Event: 12.970 Thread 0x0000026d3be6c4f0 nmethod 6061 0x0000026d2a6a2010 code [0x0000026d2a6a21a0, 0x0000026d2a6a2278]
Event: 12.970 Thread 0x0000026d3be69bd0 6062       4       java.io.ObjectOutputStream$BlockDataOutputStream::drain (45 bytes)
Event: 12.973 Thread 0x0000026d3be6c4f0 6066       3       jdk.internal.reflect.ClassFileAssembler::opc_athrow (12 bytes)
Event: 12.973 Thread 0x0000026d3be6c4f0 nmethod 6066 0x0000026d22bf5710 code [0x0000026d22bf58c0, 0x0000026d22bf5b88]
Event: 12.973 Thread 0x0000026d3be69bd0 nmethod 6062 0x0000026d2a6a1910 code [0x0000026d2a6a1aa0, 0x0000026d2a6a1d28]
Event: 12.973 Thread 0x0000026d3be69bd0 6064       4       org.gradle.internal.service.DefaultServiceRegistry$SingletonService::get (5 bytes)
Event: 12.975 Thread 0x0000026d3be6c4f0 6067       3       jdk.internal.reflect.ClassFileAssembler::<init> (8 bytes)
Event: 12.975 Thread 0x0000026d3be6c4f0 nmethod 6067 0x0000026d22bf4e10 code [0x0000026d22bf4fe0, 0x0000026d22bf5518]
Event: 12.975 Thread 0x0000026d3be6c4f0 6068       3       jdk.internal.reflect.ClassFileAssembler::append (9 bytes)
Event: 12.976 Thread 0x0000026d3be6c4f0 nmethod 6068 0x0000026d22bf4390 code [0x0000026d22bf4580, 0x0000026d22bf4ab8]
Event: 12.981 Thread 0x0000026d3be6c4f0 6069       3       java.lang.invoke.LambdaFormEditor::oldSpeciesData (8 bytes)
Event: 12.982 Thread 0x0000026d3be6c4f0 nmethod 6069 0x0000026d22bf3c10 code [0x0000026d22bf3de0, 0x0000026d22bf4218]
Event: 12.982 Thread 0x0000026d3be6c4f0 6070       3       java.lang.invoke.InvokerBytecodeGenerator::classData (170 bytes)
Event: 12.983 Thread 0x0000026d3be6c4f0 nmethod 6070 0x0000026d22bf2910 code [0x0000026d22bf2ba0, 0x0000026d22bf3908]
Event: 13.062 Thread 0x0000026d3be6c4f0 6071       3       java.util.Spliterators$EmptySpliterator::forEachRemaining (6 bytes)
Event: 13.063 Thread 0x0000026d3be6c4f0 nmethod 6071 0x0000026d234f9710 code [0x0000026d234f98c0, 0x0000026d234f9b28]

GC Heap History (20 events):
Event: 5.049 GC heap before
{Heap before GC invocations=4 (full 0):
 garbage-first heap   total 126976K, used 54055K [0x0000000740000000, 0x0000000800000000)
  region size 2048K, 21 young (43008K), 5 survivors (10240K)
 Metaspace       used 21152K, committed 21504K, reserved 704512K
  class space    used 3090K, committed 3264K, reserved 638976K
}
Event: 5.054 GC heap after
{Heap after GC invocations=5 (full 0):
 garbage-first heap   total 126976K, used 25043K [0x0000000740000000, 0x0000000800000000)
  region size 2048K, 4 young (8192K), 4 survivors (8192K)
 Metaspace       used 21152K, committed 21504K, reserved 704512K
  class space    used 3090K, committed 3264K, reserved 638976K
}
Event: 6.164 GC heap before
{Heap before GC invocations=6 (full 0):
 garbage-first heap   total 96256K, used 74195K [0x0000000740000000, 0x0000000800000000)
  region size 2048K, 28 young (57344K), 4 survivors (8192K)
 Metaspace       used 27117K, committed 27520K, reserved 704512K
  class space    used 3969K, committed 4160K, reserved 638976K
}
Event: 6.171 GC heap after
{Heap after GC invocations=7 (full 0):
 garbage-first heap   total 96256K, used 28445K [0x0000000740000000, 0x0000000800000000)
  region size 2048K, 3 young (6144K), 3 survivors (6144K)
 Metaspace       used 27117K, committed 27520K, reserved 704512K
  class space    used 3969K, committed 4160K, reserved 638976K
}
Event: 7.220 GC heap before
{Heap before GC invocations=7 (full 0):
 garbage-first heap   total 96256K, used 67357K [0x0000000740000000, 0x0000000800000000)
  region size 2048K, 23 young (47104K), 3 survivors (6144K)
 Metaspace       used 33462K, committed 33920K, reserved 704512K
  class space    used 4834K, committed 5056K, reserved 638976K
}
Event: 7.227 GC heap after
{Heap after GC invocations=8 (full 0):
 garbage-first heap   total 96256K, used 31444K [0x0000000740000000, 0x0000000800000000)
  region size 2048K, 2 young (4096K), 2 survivors (4096K)
 Metaspace       used 33462K, committed 33920K, reserved 704512K
  class space    used 4834K, committed 5056K, reserved 638976K
}
Event: 7.456 GC heap before
{Heap before GC invocations=8 (full 0):
 garbage-first heap   total 96256K, used 39636K [0x0000000740000000, 0x0000000800000000)
  region size 2048K, 8 young (16384K), 2 survivors (4096K)
 Metaspace       used 35571K, committed 35968K, reserved 704512K
  class space    used 5050K, committed 5248K, reserved 638976K
}
Event: 7.460 GC heap after
{Heap after GC invocations=9 (full 0):
 garbage-first heap   total 96256K, used 32852K [0x0000000740000000, 0x0000000800000000)
  region size 2048K, 3 young (6144K), 3 survivors (6144K)
 Metaspace       used 35571K, committed 35968K, reserved 704512K
  class space    used 5050K, committed 5248K, reserved 638976K
}
Event: 7.965 GC heap before
{Heap before GC invocations=10 (full 0):
 garbage-first heap   total 96256K, used 71764K [0x0000000740000000, 0x0000000800000000)
  region size 2048K, 21 young (43008K), 3 survivors (6144K)
 Metaspace       used 37795K, committed 38336K, reserved 704512K
  class space    used 5228K, committed 5504K, reserved 638976K
}
Event: 7.970 GC heap after
{Heap after GC invocations=11 (full 0):
 garbage-first heap   total 96256K, used 36705K [0x0000000740000000, 0x0000000800000000)
  region size 2048K, 3 young (6144K), 3 survivors (6144K)
 Metaspace       used 37795K, committed 38336K, reserved 704512K
  class space    used 5228K, committed 5504K, reserved 638976K
}
Event: 8.532 GC heap before
{Heap before GC invocations=11 (full 0):
 garbage-first heap   total 96256K, used 69473K [0x0000000740000000, 0x0000000800000000)
  region size 2048K, 19 young (38912K), 3 survivors (6144K)
 Metaspace       used 39475K, committed 40064K, reserved 704512K
  class space    used 5490K, committed 5760K, reserved 638976K
}
Event: 8.540 GC heap after
{Heap after GC invocations=12 (full 0):
 garbage-first heap   total 96256K, used 38756K [0x0000000740000000, 0x0000000800000000)
  region size 2048K, 2 young (4096K), 2 survivors (4096K)
 Metaspace       used 39475K, committed 40064K, reserved 704512K
  class space    used 5490K, committed 5760K, reserved 638976K
}
Event: 9.026 GC heap before
{Heap before GC invocations=12 (full 0):
 garbage-first heap   total 96256K, used 69476K [0x0000000740000000, 0x0000000800000000)
  region size 2048K, 17 young (34816K), 2 survivors (4096K)
 Metaspace       used 41999K, committed 42560K, reserved 704512K
  class space    used 5879K, committed 6144K, reserved 638976K
}
Event: 9.029 GC heap after
{Heap after GC invocations=13 (full 0):
 garbage-first heap   total 96256K, used 40077K [0x0000000740000000, 0x0000000800000000)
  region size 2048K, 2 young (4096K), 2 survivors (4096K)
 Metaspace       used 41999K, committed 42560K, reserved 704512K
  class space    used 5879K, committed 6144K, reserved 638976K
}
Event: 9.571 GC heap before
{Heap before GC invocations=13 (full 0):
 garbage-first heap   total 96256K, used 72845K [0x0000000740000000, 0x0000000800000000)
  region size 2048K, 18 young (36864K), 2 survivors (4096K)
 Metaspace       used 45077K, committed 45632K, reserved 704512K
  class space    used 6394K, committed 6656K, reserved 638976K
}
Event: 9.577 GC heap after
{Heap after GC invocations=14 (full 0):
 garbage-first heap   total 96256K, used 41350K [0x0000000740000000, 0x0000000800000000)
  region size 2048K, 2 young (4096K), 2 survivors (4096K)
 Metaspace       used 45077K, committed 45632K, reserved 704512K
  class space    used 6394K, committed 6656K, reserved 638976K
}
Event: 10.607 GC heap before
{Heap before GC invocations=14 (full 0):
 garbage-first heap   total 96256K, used 72070K [0x0000000740000000, 0x0000000800000000)
  region size 2048K, 18 young (36864K), 2 survivors (4096K)
 Metaspace       used 48923K, committed 49536K, reserved 704512K
  class space    used 6821K, committed 7104K, reserved 638976K
}
Event: 10.610 GC heap after
{Heap after GC invocations=15 (full 0):
 garbage-first heap   total 116736K, used 42485K [0x0000000740000000, 0x0000000800000000)
  region size 2048K, 2 young (4096K), 2 survivors (4096K)
 Metaspace       used 48923K, committed 49536K, reserved 704512K
  class space    used 6821K, committed 7104K, reserved 638976K
}
Event: 12.634 GC heap before
{Heap before GC invocations=15 (full 0):
 garbage-first heap   total 116736K, used 89589K [0x0000000740000000, 0x0000000800000000)
  region size 2048K, 26 young (53248K), 2 survivors (4096K)
 Metaspace       used 53760K, committed 54400K, reserved 704512K
  class space    used 7535K, committed 7808K, reserved 638976K
}
Event: 12.643 GC heap after
{Heap after GC invocations=16 (full 0):
 garbage-first heap   total 116736K, used 45371K [0x0000000740000000, 0x0000000800000000)
  region size 2048K, 4 young (8192K), 4 survivors (8192K)
 Metaspace       used 53760K, committed 54400K, reserved 704512K
  class space    used 7535K, committed 7808K, reserved 638976K
}

Dll operation events (15 events):
Event: 0.012 Loaded shared library C:\Program Files\Microsoft\jdk-17.0.15.6-hotspot\bin\java.dll
Event: 0.031 Loaded shared library C:\Program Files\Microsoft\jdk-17.0.15.6-hotspot\bin\jsvml.dll
Event: 0.073 Loaded shared library C:\Program Files\Microsoft\jdk-17.0.15.6-hotspot\bin\zip.dll
Event: 0.076 Loaded shared library C:\Program Files\Microsoft\jdk-17.0.15.6-hotspot\bin\instrument.dll
Event: 0.080 Loaded shared library C:\Program Files\Microsoft\jdk-17.0.15.6-hotspot\bin\net.dll
Event: 0.081 Loaded shared library C:\Program Files\Microsoft\jdk-17.0.15.6-hotspot\bin\nio.dll
Event: 0.082 Loaded shared library C:\Program Files\Microsoft\jdk-17.0.15.6-hotspot\bin\zip.dll
Event: 0.331 Loaded shared library C:\Program Files\Microsoft\jdk-17.0.15.6-hotspot\bin\jimage.dll
Event: 0.554 Loaded shared library C:\Program Files\Microsoft\jdk-17.0.15.6-hotspot\bin\verify.dll
Event: 0.737 Loaded shared library C:\Users\HP\.gradle\native\c067742578af261105cb4f569cf0c3c89f3d7b1fecec35dd04571415982c5e48\windows-amd64\native-platform.dll
Event: 0.754 Loaded shared library C:\Users\HP\.gradle\native\100fb08df4bc3b14c8652ba06237920a3bd2aa13389f12d3474272988ae205f9\windows-amd64\native-platform-file-events.dll
Event: 2.012 Loaded shared library C:\Program Files\Microsoft\jdk-17.0.15.6-hotspot\bin\management.dll
Event: 2.017 Loaded shared library C:\Program Files\Microsoft\jdk-17.0.15.6-hotspot\bin\management_ext.dll
Event: 2.195 Loaded shared library C:\Program Files\Microsoft\jdk-17.0.15.6-hotspot\bin\extnet.dll
Event: 2.482 Loaded shared library C:\Program Files\Microsoft\jdk-17.0.15.6-hotspot\bin\sunmscapi.dll

Deoptimization events (20 events):
Event: 12.718 Thread 0x0000026d69fbe4a0 Uncommon trap: trap_request=0xffffff45 fr.pc=0x0000026d2a7b57e8 relative=0x0000000000001ac8
Event: 12.718 Thread 0x0000026d69fbe4a0 Uncommon trap: reason=unstable_if action=reinterpret pc=0x0000026d2a7b57e8 method=java.lang.ClassLoader.postDefineClass(Ljava/lang/Class;Ljava/security/ProtectionDomain;)V @ 17 c2
Event: 12.718 Thread 0x0000026d69fbe4a0 DEOPT PACKING pc=0x0000026d2a7b57e8 sp=0x000000d0556f0780
Event: 12.718 Thread 0x0000026d69fbe4a0 DEOPT UNPACKING pc=0x0000026d2a0369a3 sp=0x000000d0556f0798 mode 2
Event: 12.719 Thread 0x0000026d69fbe4a0 Uncommon trap: trap_request=0xffffff45 fr.pc=0x0000026d2a7e9acc relative=0x0000000000005a0c
Event: 12.719 Thread 0x0000026d69fbe4a0 Uncommon trap: reason=unstable_if action=reinterpret pc=0x0000026d2a7e9acc method=java.lang.ClassLoader.loadClass(Ljava/lang/String;Z)Ljava/lang/Class; @ 29 c2
Event: 12.719 Thread 0x0000026d69fbe4a0 DEOPT PACKING pc=0x0000026d2a7e9acc sp=0x000000d0556ec7f0
Event: 12.719 Thread 0x0000026d69fbe4a0 DEOPT UNPACKING pc=0x0000026d2a0369a3 sp=0x000000d0556ec888 mode 2
Event: 12.787 Thread 0x0000026d69fbe4a0 Uncommon trap: trap_request=0xffffffc6 fr.pc=0x0000026d2a7a8c0c relative=0x000000000000024c
Event: 12.787 Thread 0x0000026d69fbe4a0 Uncommon trap: reason=bimorphic_or_optimized_type_check action=maybe_recompile pc=0x0000026d2a7a8c0c method=java.util.Spliterators$IteratorSpliterator.tryAdvance(Ljava/util/function/Consumer;)Z @ 50 c2
Event: 12.787 Thread 0x0000026d69fbe4a0 DEOPT PACKING pc=0x0000026d2a7a8c0c sp=0x000000d0556f2ad0
Event: 12.787 Thread 0x0000026d69fbe4a0 DEOPT UNPACKING pc=0x0000026d2a0369a3 sp=0x000000d0556f2a70 mode 2
Event: 12.792 Thread 0x0000026d69fbe4a0 Uncommon trap: trap_request=0xffffffc6 fr.pc=0x0000026d2a7a8c0c relative=0x000000000000024c
Event: 12.792 Thread 0x0000026d69fbe4a0 Uncommon trap: reason=bimorphic_or_optimized_type_check action=maybe_recompile pc=0x0000026d2a7a8c0c method=java.util.Spliterators$IteratorSpliterator.tryAdvance(Ljava/util/function/Consumer;)Z @ 50 c2
Event: 12.792 Thread 0x0000026d69fbe4a0 DEOPT PACKING pc=0x0000026d2a7a8c0c sp=0x000000d0556f2ad0
Event: 12.792 Thread 0x0000026d69fbe4a0 DEOPT UNPACKING pc=0x0000026d2a0369a3 sp=0x000000d0556f2a70 mode 2
Event: 12.830 Thread 0x0000026d69fbe4a0 Uncommon trap: trap_request=0xffffff45 fr.pc=0x0000026d2a879ff0 relative=0x0000000000001690
Event: 12.830 Thread 0x0000026d69fbe4a0 Uncommon trap: reason=unstable_if action=reinterpret pc=0x0000026d2a879ff0 method=java.net.URLClassLoader.getAndVerifyPackage(Ljava/lang/String;Ljava/util/jar/Manifest;Ljava/net/URL;)Ljava/lang/Package; @ 62 c2
Event: 12.830 Thread 0x0000026d69fbe4a0 DEOPT PACKING pc=0x0000026d2a879ff0 sp=0x000000d0556f5490
Event: 12.830 Thread 0x0000026d69fbe4a0 DEOPT UNPACKING pc=0x0000026d2a0369a3 sp=0x000000d0556f5498 mode 2

Classes loaded (20 events):
Event: 12.395 Loading class sun/reflect/generics/reflectiveObjects/GenericArrayTypeImpl
Event: 12.396 Loading class sun/reflect/generics/reflectiveObjects/GenericArrayTypeImpl done
Event: 12.492 Loading class java/util/function/LongUnaryOperator
Event: 12.492 Loading class java/util/function/LongUnaryOperator done
Event: 12.710 Loading class java/lang/StringBeanInfo
Event: 12.710 Loading class java/lang/StringBeanInfo done
Event: 12.710 Loading class java/lang/StringBeanInfo
Event: 12.710 Loading class java/lang/StringBeanInfo done
Event: 12.711 Loading class java/lang/StringCustomizer
Event: 12.711 Loading class java/lang/StringCustomizer done
Event: 12.711 Loading class java/lang/StringCustomizer
Event: 12.711 Loading class java/lang/StringCustomizer done
Event: 12.724 Loading class java/io/FileBeanInfo
Event: 12.724 Loading class java/io/FileBeanInfo done
Event: 12.725 Loading class java/io/FileBeanInfo
Event: 12.725 Loading class java/io/FileBeanInfo done
Event: 12.725 Loading class java/io/FileCustomizer
Event: 12.725 Loading class java/io/FileCustomizer done
Event: 12.726 Loading class java/io/FileCustomizer
Event: 12.726 Loading class java/io/FileCustomizer done

Classes unloaded (0 events):
No events

Classes redefined (0 events):
No events

Internal exceptions (20 events):
Event: 12.433 Thread 0x0000026d69fbe4a0 Exception <a 'java/lang/ClassNotFoundException'{0x000000074484f5f0}: org/gradle/api/internal/plugins/DefaultObjectConfigurationActionBeanInfo> (0x000000074484f5f0) 
thrown [s\src\hotspot\share\classfile\systemDictionary.cpp, line 256]
Event: 12.434 Thread 0x0000026d69fbe4a0 Exception <a 'java/lang/ClassNotFoundException'{0x000000074485fd08}: org/gradle/api/internal/plugins/DefaultObjectConfigurationActionCustomizer> (0x000000074485fd08) 
thrown [s\src\hotspot\share\classfile\systemDictionary.cpp, line 256]
Event: 12.492 Thread 0x0000026d69fbe4a0 Exception <a 'java/lang/NoSuchMethodError'{0x00000007447a5d00}: 'long java.lang.invoke.DirectMethodHandle$Holder.invokeStatic(java.lang.Object, long)'> (0x00000007447a5d00) 
thrown [s\src\hotspot\share\interpreter\linkResolver.cpp, line 759]
Event: 12.711 Thread 0x0000026d69fbe4a0 Exception <a 'java/lang/ClassNotFoundException'{0x0000000746f35678}: java/lang/StringBeanInfo> (0x0000000746f35678) 
thrown [s\src\hotspot\share\classfile\systemDictionary.cpp, line 256]
Event: 12.711 Thread 0x0000026d69fbe4a0 Exception <a 'java/lang/ClassNotFoundException'{0x0000000746f428a8}: java/lang/StringCustomizer> (0x0000000746f428a8) 
thrown [s\src\hotspot\share\classfile\systemDictionary.cpp, line 256]
Event: 12.717 Thread 0x0000026d69fbe4a0 Implicit null exception at 0x0000026d2a7b1e2f to 0x0000026d2a7b2c84
Event: 12.718 Thread 0x0000026d69fbe4a0 Implicit null exception at 0x0000026d2a7b7a15 to 0x0000026d2a7b7c30
Event: 12.718 Thread 0x0000026d69fbe4a0 Implicit null exception at 0x0000026d2a7b45da to 0x0000026d2a7b57d0
Event: 12.725 Thread 0x0000026d69fbe4a0 Exception <a 'java/lang/ClassNotFoundException'{0x0000000746fa2160}: java/io/FileBeanInfo> (0x0000000746fa2160) 
thrown [s\src\hotspot\share\classfile\systemDictionary.cpp, line 256]
Event: 12.726 Thread 0x0000026d69fbe4a0 Exception <a 'java/lang/ClassNotFoundException'{0x0000000746faef68}: java/io/FileCustomizer> (0x0000000746faef68) 
thrown [s\src\hotspot\share\classfile\systemDictionary.cpp, line 256]
Event: 12.763 Thread 0x0000026d69fbe4a0 Exception <a 'java/lang/ClassNotFoundException'{0x0000000746d213c0}: org/gradle/plugins/ide/eclipse/model/EclipseModel_DecoratedBeanInfo> (0x0000000746d213c0) 
thrown [s\src\hotspot\share\classfile\systemDictionary.cpp, line 256]
Event: 12.764 Thread 0x0000026d69fbe4a0 Exception <a 'java/lang/ClassNotFoundException'{0x0000000746d3b2b0}: org/gradle/plugins/ide/eclipse/model/EclipseModelBeanInfo> (0x0000000746d3b2b0) 
thrown [s\src\hotspot\share\classfile\systemDictionary.cpp, line 256]
Event: 12.765 Thread 0x0000026d69fbe4a0 Exception <a 'java/lang/ClassNotFoundException'{0x0000000746d55198}: org/gradle/plugins/ide/eclipse/model/EclipseModelCustomizer> (0x0000000746d55198) 
thrown [s\src\hotspot\share\classfile\systemDictionary.cpp, line 256]
Event: 12.767 Thread 0x0000026d69fbe4a0 Exception <a 'java/lang/ClassNotFoundException'{0x0000000746d85450}: org/gradle/plugins/ide/eclipse/model/EclipseModel_DecoratedCustomizer> (0x0000000746d85450) 
thrown [s\src\hotspot\share\classfile\systemDictionary.cpp, line 256]
Event: 12.774 Thread 0x0000026d69fbe4a0 Exception <a 'java/lang/ClassNotFoundException'{0x0000000746a04440}: org/gradle/plugins/ide/eclipse/model/EclipseProject_DecoratedBeanInfo> (0x0000000746a04440) 
thrown [s\src\hotspot\share\classfile\systemDictionary.cpp, line 256]
Event: 12.774 Thread 0x0000026d69fbe4a0 Exception <a 'java/lang/ClassNotFoundException'{0x0000000746a1e360}: org/gradle/plugins/ide/eclipse/model/EclipseProjectBeanInfo> (0x0000000746a1e360) 
thrown [s\src\hotspot\share\classfile\systemDictionary.cpp, line 256]
Event: 12.775 Thread 0x0000026d69fbe4a0 Exception <a 'java/lang/ClassNotFoundException'{0x0000000746a38248}: org/gradle/plugins/ide/eclipse/model/EclipseProjectCustomizer> (0x0000000746a38248) 
thrown [s\src\hotspot\share\classfile\systemDictionary.cpp, line 256]
Event: 12.776 Thread 0x0000026d69fbe4a0 Exception <a 'java/lang/ClassNotFoundException'{0x0000000746a6f548}: org/gradle/plugins/ide/eclipse/model/EclipseProject_DecoratedCustomizer> (0x0000000746a6f548) 
thrown [s\src\hotspot\share\classfile\systemDictionary.cpp, line 256]
Event: 12.819 Thread 0x0000026d69fc0810 Exception <a 'java/lang/NoSuchMethodError'{0x0000000746be42d0}: static Lorg/gradle/internal/build/event/types/DefaultProjectConfigurationDescriptor;.<clinit>()V> (0x0000000746be42d0) 
thrown [s\src\hotspot\share\prims\jni.cpp, line 1112]
Event: 12.969 Thread 0x0000026d69fbe4a0 Exception <a 'java/lang/NoSuchMethodError'{0x00000007462420b0}: 'void java.lang.invoke.DirectMethodHandle$Holder.invokeStatic(java.lang.Object, java.lang.Object, java.lang.Object, java.lang.Object, java.lang.Object, java.lang.Object)'> (0x00000007462420b0) 
thrown [s\src\hotspot\share\interpreter\linkResolver.cpp, line 759]

VM Operations (20 events):
Event: 10.578 Executing VM operation: Cleanup
Event: 10.578 Executing VM operation: Cleanup done
Event: 10.607 Executing VM operation: G1CollectForAllocation
Event: 10.610 Executing VM operation: G1CollectForAllocation done
Event: 11.612 Executing VM operation: Cleanup
Event: 11.876 Executing VM operation: Cleanup done
Event: 12.221 Executing VM operation: HandshakeAllThreads
Event: 12.222 Executing VM operation: HandshakeAllThreads done
Event: 12.241 Executing VM operation: HandshakeAllThreads
Event: 12.241 Executing VM operation: HandshakeAllThreads done
Event: 12.263 Executing VM operation: ICBufferFull
Event: 12.263 Executing VM operation: ICBufferFull done
Event: 12.379 Executing VM operation: HandshakeAllThreads
Event: 12.379 Executing VM operation: HandshakeAllThreads done
Event: 12.634 Executing VM operation: G1CollectForAllocation
Event: 12.643 Executing VM operation: G1CollectForAllocation done
Event: 12.736 Executing VM operation: HandshakeAllThreads
Event: 12.736 Executing VM operation: HandshakeAllThreads done
Event: 13.742 Executing VM operation: Cleanup
Event: 13.742 Executing VM operation: Cleanup done

Memory protections (0 events):
No events

Nmethod flushes (20 events):
Event: 8.917 Thread 0x0000026d3be6ce00 flushing  nmethod 0x0000026d23286b90
Event: 8.917 Thread 0x0000026d3be6ce00 flushing  nmethod 0x0000026d23287390
Event: 8.917 Thread 0x0000026d3be6ce00 flushing  nmethod 0x0000026d2328ba90
Event: 8.917 Thread 0x0000026d3be6ce00 flushing  nmethod 0x0000026d2328c010
Event: 8.917 Thread 0x0000026d3be6ce00 flushing  nmethod 0x0000026d2328c590
Event: 8.917 Thread 0x0000026d3be6ce00 flushing  nmethod 0x0000026d2328cd90
Event: 8.917 Thread 0x0000026d3be6ce00 flushing  nmethod 0x0000026d2328d410
Event: 8.917 Thread 0x0000026d3be6ce00 flushing  nmethod 0x0000026d232a5110
Event: 8.917 Thread 0x0000026d3be6ce00 flushing  nmethod 0x0000026d232b0110
Event: 8.917 Thread 0x0000026d3be6ce00 flushing  nmethod 0x0000026d232b0510
Event: 8.918 Thread 0x0000026d3be6ce00 flushing  nmethod 0x0000026d232baa90
Event: 8.918 Thread 0x0000026d3be6ce00 flushing  nmethod 0x0000026d232bb610
Event: 8.918 Thread 0x0000026d3be6ce00 flushing  nmethod 0x0000026d232bbe10
Event: 8.918 Thread 0x0000026d3be6ce00 flushing  nmethod 0x0000026d232bc890
Event: 8.918 Thread 0x0000026d3be6ce00 flushing  nmethod 0x0000026d232bce10
Event: 8.918 Thread 0x0000026d3be6ce00 flushing  nmethod 0x0000026d232c5c10
Event: 8.918 Thread 0x0000026d3be6ce00 flushing  nmethod 0x0000026d232c6690
Event: 8.918 Thread 0x0000026d3be6ce00 flushing  nmethod 0x0000026d232d4f10
Event: 8.918 Thread 0x0000026d3be6ce00 flushing  nmethod 0x0000026d23310690
Event: 8.918 Thread 0x0000026d3be6ce00 flushing  nmethod 0x0000026d23323490

Events (20 events):
Event: 6.977 Thread 0x0000026d3be6c4f0 Thread added: 0x0000026d6b7b09b0
Event: 7.721 Thread 0x0000026d69fbe4a0 Thread added: 0x0000026d6a38d730
Event: 7.747 Thread 0x0000026d69fbe4a0 Thread added: 0x0000026d6a38c2f0
Event: 7.776 Thread 0x0000026d69fbe4a0 Thread added: 0x0000026d6a38c800
Event: 7.799 Thread 0x0000026d69fbe4a0 Thread added: 0x0000026d6a38cd10
Event: 7.860 Thread 0x0000026d69fbe4a0 Thread added: 0x0000026d6a38a490
Event: 7.878 Thread 0x0000026d69fbe4a0 Thread added: 0x0000026d6a38a9a0
Event: 7.927 Thread 0x0000026d69fbe4a0 Thread added: 0x0000026d6cf49180
Event: 8.209 Thread 0x0000026d69fbe4a0 Thread added: 0x0000026d6cf47320
Event: 8.440 Thread 0x0000026d6b7b09b0 Thread exited: 0x0000026d6b7b09b0
Event: 9.452 Thread 0x0000026d69fbe4a0 Thread added: 0x0000026d6cf49ba0
Event: 9.453 Thread 0x0000026d69fbe4a0 Thread added: 0x0000026d6cf4a0b0
Event: 9.530 Thread 0x0000026d69fbe4a0 Thread added: 0x0000026d6cf4afe0
Event: 9.531 Thread 0x0000026d69fbe4a0 Thread added: 0x0000026d6cf47d40
Event: 9.587 Thread 0x0000026d69fbe4a0 Thread added: 0x0000026d6cf4aad0
Event: 9.588 Thread 0x0000026d69fbe4a0 Thread added: 0x0000026d6cf49690
Event: 10.060 Thread 0x0000026d6a62a060 Thread exited: 0x0000026d6a62a060
Event: 10.790 Thread 0x0000026d3be6c4f0 Thread added: 0x0000026d6bb6b3e0
Event: 11.878 Thread 0x0000026d6bb6b3e0 Thread exited: 0x0000026d6bb6b3e0
Event: 12.008 Thread 0x0000026d3be6c4f0 Thread added: 0x0000026d6bb68eb0


Dynamic libraries:
0x00007ff77d7d0000 - 0x00007ff77d7de000 	C:\Program Files\Microsoft\jdk-17.0.15.6-hotspot\bin\java.exe
0x00007ff8dc440000 - 0x00007ff8dc6a7000 	C:\WINDOWS\SYSTEM32\ntdll.dll
0x00007ff8db7d0000 - 0x00007ff8db899000 	C:\WINDOWS\System32\KERNEL32.DLL
0x00007ff8d9bd0000 - 0x00007ff8d9fc1000 	C:\WINDOWS\System32\KERNELBASE.dll
0x00007ff8d9fd0000 - 0x00007ff8da11b000 	C:\WINDOWS\System32\ucrtbase.dll
0x00007ff897430000 - 0x00007ff897447000 	C:\Program Files\Microsoft\jdk-17.0.15.6-hotspot\bin\jli.dll
0x00007ff8b9530000 - 0x00007ff8b954d000 	C:\Program Files\Microsoft\jdk-17.0.15.6-hotspot\bin\VCRUNTIME140.dll
0x00007ff8db410000 - 0x00007ff8db5d5000 	C:\WINDOWS\System32\USER32.dll
0x00007ff8d9970000 - 0x00007ff8d9997000 	C:\WINDOWS\System32\win32u.dll
0x00007ff8b8ca0000 - 0x00007ff8b8f33000 	C:\WINDOWS\WinSxS\amd64_microsoft.windows.common-controls_6595b64144ccf1df_6.0.26100.7922_none_3e089e1ee3342171\COMCTL32.dll
0x00007ff8dbed0000 - 0x00007ff8dbefb000 	C:\WINDOWS\System32\GDI32.dll
0x00007ff8da2b0000 - 0x00007ff8da359000 	C:\WINDOWS\System32\msvcrt.dll
0x00007ff8d97b0000 - 0x00007ff8d98da000 	C:\WINDOWS\System32\gdi32full.dll
0x00007ff8d9b20000 - 0x00007ff8d9bc3000 	C:\WINDOWS\System32\msvcp_win.dll
0x00007ff8da360000 - 0x00007ff8da391000 	C:\WINDOWS\System32\IMM32.DLL
0x00007ff899b90000 - 0x00007ff899b9c000 	C:\Program Files\Microsoft\jdk-17.0.15.6-hotspot\bin\vcruntime140_1.dll
0x00007ff83d120000 - 0x00007ff83d1ad000 	C:\Program Files\Microsoft\jdk-17.0.15.6-hotspot\bin\msvcp140.dll
0x00007ff834070000 - 0x00007ff834ce2000 	C:\Program Files\Microsoft\jdk-17.0.15.6-hotspot\bin\server\jvm.dll
0x00007ff8db220000 - 0x00007ff8db2db000 	C:\WINDOWS\System32\ADVAPI32.dll
0x00007ff8da9f0000 - 0x00007ff8daa97000 	C:\WINDOWS\System32\sechost.dll
0x00007ff8db2e0000 - 0x00007ff8db3f8000 	C:\WINDOWS\System32\RPCRT4.dll
0x00007ff8db740000 - 0x00007ff8db7b4000 	C:\WINDOWS\System32\WS2_32.dll
0x00007ff8d8b80000 - 0x00007ff8d8bde000 	C:\WINDOWS\SYSTEM32\POWRPROF.dll
0x00007ff8d0b20000 - 0x00007ff8d0b55000 	C:\WINDOWS\SYSTEM32\WINMM.dll
0x00007ff8c6ef0000 - 0x00007ff8c6efb000 	C:\WINDOWS\SYSTEM32\VERSION.dll
0x00007ff8d8b60000 - 0x00007ff8d8b74000 	C:\WINDOWS\SYSTEM32\UMPDC.dll
0x00007ff8d7ab0000 - 0x00007ff8d7acb000 	C:\WINDOWS\SYSTEM32\kernel.appcore.dll
0x00007ff897890000 - 0x00007ff89789a000 	C:\Program Files\Microsoft\jdk-17.0.15.6-hotspot\bin\jimage.dll
0x00007ff8d6bc0000 - 0x00007ff8d6e02000 	C:\WINDOWS\SYSTEM32\DBGHELP.DLL
0x00007ff8dbf70000 - 0x00007ff8dc2f2000 	C:\WINDOWS\System32\combase.dll
0x00007ff8dbb90000 - 0x00007ff8dbc67000 	C:\WINDOWS\System32\OLEAUT32.dll
0x00007ff8b6050000 - 0x00007ff8b608b000 	C:\WINDOWS\SYSTEM32\dbgcore.DLL
0x00007ff8d9700000 - 0x00007ff8d97a5000 	C:\WINDOWS\System32\bcryptPrimitives.dll
0x00007ff88e7d0000 - 0x00007ff88e7de000 	C:\Program Files\Microsoft\jdk-17.0.15.6-hotspot\bin\instrument.dll
0x00007ff897400000 - 0x00007ff897425000 	C:\Program Files\Microsoft\jdk-17.0.15.6-hotspot\bin\java.dll
0x00007ff83d040000 - 0x00007ff83d116000 	C:\Program Files\Microsoft\jdk-17.0.15.6-hotspot\bin\jsvml.dll
0x00007ff8daab0000 - 0x00007ff8db20f000 	C:\WINDOWS\System32\SHELL32.dll
0x00007ff8d8d20000 - 0x00007ff8d8e8a000 	C:\WINDOWS\System32\wintypes.dll
0x00007ff8d8e90000 - 0x00007ff8d96f4000 	C:\WINDOWS\System32\windows.storage.dll
0x00007ff8dbdd0000 - 0x00007ff8dbec7000 	C:\WINDOWS\System32\SHCORE.dll
0x00007ff8dbf00000 - 0x00007ff8dbf67000 	C:\WINDOWS\System32\shlwapi.dll
0x00007ff8d8c40000 - 0x00007ff8d8c69000 	C:\WINDOWS\SYSTEM32\profapi.dll
0x00007ff8838b0000 - 0x00007ff8838c8000 	C:\Program Files\Microsoft\jdk-17.0.15.6-hotspot\bin\zip.dll
0x00007ff88a720000 - 0x00007ff88a73a000 	C:\Program Files\Microsoft\jdk-17.0.15.6-hotspot\bin\net.dll
0x00007ff8cda60000 - 0x00007ff8cdb87000 	C:\WINDOWS\SYSTEM32\WINHTTP.dll
0x00007ff8d8020000 - 0x00007ff8d808b000 	C:\WINDOWS\system32\mswsock.dll
0x00007ff88a700000 - 0x00007ff88a716000 	C:\Program Files\Microsoft\jdk-17.0.15.6-hotspot\bin\nio.dll
0x00007ff8976e0000 - 0x00007ff8976f0000 	C:\Program Files\Microsoft\jdk-17.0.15.6-hotspot\bin\verify.dll
0x00007ff886160000 - 0x00007ff886187000 	C:\Users\HP\.gradle\native\c067742578af261105cb4f569cf0c3c89f3d7b1fecec35dd04571415982c5e48\windows-amd64\native-platform.dll
0x00007ff8796e0000 - 0x00007ff879824000 	C:\Users\HP\.gradle\native\100fb08df4bc3b14c8652ba06237920a3bd2aa13389f12d3474272988ae205f9\windows-amd64\native-platform-file-events.dll
0x00007ff894870000 - 0x00007ff89487a000 	C:\Program Files\Microsoft\jdk-17.0.15.6-hotspot\bin\management.dll
0x00007ff893630000 - 0x00007ff89363b000 	C:\Program Files\Microsoft\jdk-17.0.15.6-hotspot\bin\management_ext.dll
0x00007ff8db7c0000 - 0x00007ff8db7c8000 	C:\WINDOWS\System32\PSAPI.DLL
0x00007ff8d8300000 - 0x00007ff8d831b000 	C:\WINDOWS\SYSTEM32\CRYPTSP.dll
0x00007ff8d7a10000 - 0x00007ff8d7a49000 	C:\WINDOWS\system32\rsaenh.dll
0x00007ff8d80d0000 - 0x00007ff8d8102000 	C:\WINDOWS\SYSTEM32\USERENV.dll
0x00007ff8d8c10000 - 0x00007ff8d8c3a000 	C:\WINDOWS\SYSTEM32\bcrypt.dll
0x00007ff8d8320000 - 0x00007ff8d832c000 	C:\WINDOWS\SYSTEM32\CRYPTBASE.dll
0x00007ff8d7470000 - 0x00007ff8d74a3000 	C:\WINDOWS\SYSTEM32\IPHLPAPI.DLL
0x00007ff8daaa0000 - 0x00007ff8daaaa000 	C:\WINDOWS\System32\NSI.dll
0x00007ff8d0ef0000 - 0x00007ff8d0f0d000 	C:\WINDOWS\SYSTEM32\dhcpcsvc6.DLL
0x00007ff8cfb00000 - 0x00007ff8cfb23000 	C:\WINDOWS\SYSTEM32\dhcpcsvc.DLL
0x00007ff8d7500000 - 0x00007ff8d762a000 	C:\WINDOWS\SYSTEM32\DNSAPI.dll
0x00007ff893090000 - 0x00007ff893099000 	C:\Program Files\Microsoft\jdk-17.0.15.6-hotspot\bin\extnet.dll
0x00007ff88de20000 - 0x00007ff88de2e000 	C:\Program Files\Microsoft\jdk-17.0.15.6-hotspot\bin\sunmscapi.dll
0x00007ff8d99a0000 - 0x00007ff8d9b17000 	C:\WINDOWS\System32\CRYPT32.dll
0x00007ff8d8520000 - 0x00007ff8d8550000 	C:\WINDOWS\SYSTEM32\ncrypt.dll
0x00007ff8d84d0000 - 0x00007ff8d850f000 	C:\WINDOWS\SYSTEM32\NTASN1.dll
0x00007ff8c4030000 - 0x00007ff8c4038000 	C:\WINDOWS\system32\wshunix.dll

dbghelp: loaded successfully - version: 4.0.5 - missing functions: none
symbol engine: initialized successfully - sym options: 0x614 - pdb path: .;C:\Program Files\Microsoft\jdk-17.0.15.6-hotspot\bin;C:\WINDOWS\SYSTEM32;C:\WINDOWS\WinSxS\amd64_microsoft.windows.common-controls_6595b64144ccf1df_6.0.26100.7922_none_3e089e1ee3342171;C:\Program Files\Microsoft\jdk-17.0.15.6-hotspot\bin\server;C:\Users\HP\.gradle\native\c067742578af261105cb4f569cf0c3c89f3d7b1fecec35dd04571415982c5e48\windows-amd64;C:\Users\HP\.gradle\native\100fb08df4bc3b14c8652ba06237920a3bd2aa13389f12d3474272988ae205f9\windows-amd64

VM Arguments:
jvm_args: -XX:MaxMetaspaceSize=768m -XX:+HeapDumpOnOutOfMemoryError --add-opens=java.base/java.util=ALL-UNNAMED --add-opens=java.base/java.lang=ALL-UNNAMED --add-opens=java.base/java.lang.invoke=ALL-UNNAMED --add-opens=java.prefs/java.util.prefs=ALL-UNNAMED --add-exports=jdk.compiler/com.sun.tools.javac.api=ALL-UNNAMED --add-exports=jdk.compiler/com.sun.tools.javac.util=ALL-UNNAMED --add-opens=java.base/java.nio.charset=ALL-UNNAMED --add-opens=java.base/java.net=ALL-UNNAMED --add-opens=java.base/java.util.concurrent.atomic=ALL-UNNAMED -Xmx3072m -Dfile.encoding=UTF-8 -Duser.country=IN -Duser.language=en -Duser.variant -javaagent:C:\Users\HP\.gradle\wrapper\dists\gradle-8.9-bin\90cnw93cvbtalezasaz0blq0a\gradle-8.9\lib\agents\gradle-instrumentation-agent-8.9.jar 
java_command: org.gradle.launcher.daemon.bootstrap.GradleDaemon 8.9
java_class_path (initial): C:\Users\HP\.gradle\wrapper\dists\gradle-8.9-bin\90cnw93cvbtalezasaz0blq0a\gradle-8.9\lib\gradle-daemon-main-8.9.jar
Launcher Type: SUN_STANDARD

[Global flags]
     intx CICompilerCount                          = 4                                         {product} {ergonomic}
   size_t CompressedClassSpaceSize                 = 654311424                                 {product} {ergonomic}
     uint ConcGCThreads                            = 3                                         {product} {ergonomic}
     uint G1ConcRefinementThreads                  = 10                                        {product} {ergonomic}
   size_t G1HeapRegionSize                         = 2097152                                   {product} {ergonomic}
    uintx GCDrainStackTargetSize                   = 64                                        {product} {ergonomic}
     bool HeapDumpOnOutOfMemoryError               = true                                   {manageable} {command line}
   size_t InitialHeapSize                          = 130023424                                 {product} {ergonomic}
   size_t MarkStackSize                            = 4194304                                   {product} {ergonomic}
   size_t MaxHeapSize                              = 3221225472                                {product} {command line}
   size_t MaxMetaspaceSize                         = 805306368                                 {product} {command line}
   size_t MaxNewSize                               = 1931476992                                {product} {ergonomic}
   size_t MinHeapDeltaBytes                        = 2097152                                   {product} {ergonomic}
   size_t MinHeapSize                              = 8388608                                   {product} {ergonomic}
    uintx NonNMethodCodeHeapSize                   = 5839372                                {pd product} {ergonomic}
    uintx NonProfiledCodeHeapSize                  = 122909434                              {pd product} {ergonomic}
    uintx ProfiledCodeHeapSize                     = 122909434                              {pd product} {ergonomic}
    uintx ReservedCodeCacheSize                    = 251658240                              {pd product} {ergonomic}
     bool SegmentedCodeCache                       = true                                      {product} {ergonomic}
   size_t SoftMaxHeapSize                          = 3221225472                             {manageable} {ergonomic}
     bool UseCompressedClassPointers               = true                           {product lp64_product} {ergonomic}
     bool UseCompressedOops                        = true                           {product lp64_product} {ergonomic}
     bool UseG1GC                                  = true                                      {product} {ergonomic}
     bool UseLargePagesIndividualAllocation        = false                                  {pd product} {ergonomic}

Logging:
Log output configuration:
 #0: stdout all=warning uptime,level,tags
 #1: stderr all=off uptime,level,tags

Environment Variables:
JAVA_HOME=C:\Program Files\Microsoft\jdk-17.0.15.6-hotspot
PATH=C:\Users\HP\AppData\Local\Programs\Microsoft VS Code;C:\Program Files\Microsoft\jdk-17.0.15.6-hotspot\bin;C:\WINDOWS\system32;C:\WINDOWS;C:\WINDOWS\System32\Wbem;C:\WINDOWS\System32\WindowsPowerShell\v1.0\;C:\WINDOWS\System32\OpenSSH\;C:\Program Files\Git\cmd;C:\Program Files\dotnet\;C:\ProgramData\chocolatey\bin;C:\Users\HP\AppData\Local\Android\Sdk\platform-tools;C:\Users\HP\AppData\Local\Android\Sdk;C:\Users\HP\AppData\Local\Android\Sdk\emulator;;C:\Program Files\Docker\Docker\resources\bin;C:\Program Files\PuTTY\;C:\Program Files\nodejs\;C:\Program Files\MySQL\MySQL Shell 8.0\bin\;C:\Users\HP\AppData\Local\Microsoft\WindowsApps;C:\Users\HP\AppData\Local\Programs\Microsoft VS Code\bin;C:\Users\HP\AppData\Local\Android\Sdk\platform-tools;C:\Users\HP\AppData\Local\Android\Sdk;C:\Users\HP\AppData\Local\Android\Sdk\emulator;C:\Users\HP\AppData\Roaming\npm
USERNAME=HP
OS=Windows_NT
PROCESSOR_IDENTIFIER=Intel64 Family 6 Model 154 Stepping 4, GenuineIntel
TMP=C:\Users\HP\AppData\Local\Temp
TEMP=C:\Users\HP\AppData\Local\Temp



Periodic native trim disabled


---------------  S Y S T E M  ---------------

OS:
 Windows 11 , 64 bit Build 26100 (10.0.26100.7920)
OS uptime: 13 days 22:08 hours
Hyper-V role detected

CPU: total 12 (initial active 12) (6 cores per cpu, 2 threads per core) family 6 model 154 stepping 4 microcode 0x432, cx8, cmov, fxsr, ht, mmx, 3dnowpref, sse, sse2, sse3, ssse3, sse4.1, sse4.2, popcnt, lzcnt, tsc, tscinvbit, avx, avx2, aes, erms, clmul, bmi1, bmi2, adx, sha, fma, vzeroupper, clflush, clflushopt, clwb, hv
Processor Information for processor 0
  Max Mhz: 1300, Current Mhz: 1300, Mhz Limit: 1300
Processor Information for processor 1
  Max Mhz: 1300, Current Mhz: 1300, Mhz Limit: 1300
Processor Information for processor 2
  Max Mhz: 1300, Current Mhz: 1300, Mhz Limit: 1300
Processor Information for processor 3
  Max Mhz: 1300, Current Mhz: 1300, Mhz Limit: 1300
Processor Information for processor 4
  Max Mhz: 1300, Current Mhz: 900, Mhz Limit: 897
Processor Information for processor 5
  Max Mhz: 1300, Current Mhz: 900, Mhz Limit: 897
Processor Information for processor 6
  Max Mhz: 1300, Current Mhz: 900, Mhz Limit: 897
Processor Information for processor 7
  Max Mhz: 1300, Current Mhz: 900, Mhz Limit: 897
Processor Information for processor 8
  Max Mhz: 1300, Current Mhz: 900, Mhz Limit: 897
Processor Information for processor 9
  Max Mhz: 1300, Current Mhz: 900, Mhz Limit: 897
Processor Information for processor 10
  Max Mhz: 1300, Current Mhz: 900, Mhz Limit: 897
Processor Information for processor 11
  Max Mhz: 1300, Current Mhz: 900, Mhz Limit: 897

Memory: 4k page, system-wide physical 7835M (605M free)
TotalPageFile size 31387M (AvailPageFile size 39M)
current process WorkingSet (physical memory assigned to process): 294M, peak: 295M
current process commit charge ("private bytes"): 340M, peak: 341M

vm_info: OpenJDK 64-Bit Server VM (17.0.15+6-LTS) for windows-amd64 JRE (17.0.15+6-LTS), built on Apr  9 2025 22:27:25 by "MicrosoftCorporation" with unknown MS VC++:1939

END.
