#
# There is insufficient memory for the Java Runtime Environment to continue.
# Native memory allocation (malloc) failed to allocate 1392528 bytes. Error detail: Chunk::new
# Possible reasons:
#   The system is out of physical RAM or swap space
#   This process is running with CompressedOops enabled, and the Java Heap may be blocking the growth of the native heap
# Possible solutions:
#   Reduce memory load on the system
#   Increase physical memory or swap space
#   Check if swap backing store is full
#   Decrease Java heap size (-Xmx/-Xms)
#   Decrease number of Java threads
#   Decrease Java thread stack sizes (-Xss)
#   Set larger code cache with -XX:ReservedCodeCacheSize=
#   JVM is running with Zero Based Compressed Oops mode in which the Java heap is
#     placed in the first 32GB address space. The Java Heap base address is the
#     maximum limit for the native heap growth. Please use -XX:HeapBaseMinAddress
#     to set the Java Heap base and to place the Java Heap above 32GB virtual address.
# This output file may be truncated or incomplete.
#
#  Out of Memory Error (arena.cpp:191), pid=3564, tid=9768
#
# JRE version: OpenJDK Runtime Environment Microsoft-11369865 (17.0.15+6) (build 17.0.15+6-LTS)
# Java VM: OpenJDK 64-Bit Server VM Microsoft-11369865 (17.0.15+6-LTS, mixed mode, sharing, tiered, compressed oops, compressed class ptrs, g1 gc, windows-amd64)
# No core dump will be written. Minidumps are not enabled by default on client versions of Windows
#

---------------  S U M M A R Y ------------

Command Line: -XX:MaxMetaspaceSize=768m -XX:+HeapDumpOnOutOfMemoryError --add-opens=java.base/java.util=ALL-UNNAMED --add-opens=java.base/java.lang=ALL-UNNAMED --add-opens=java.base/java.lang.invoke=ALL-UNNAMED --add-opens=java.prefs/java.util.prefs=ALL-UNNAMED --add-exports=jdk.compiler/com.sun.tools.javac.api=ALL-UNNAMED --add-exports=jdk.compiler/com.sun.tools.javac.util=ALL-UNNAMED --add-opens=java.base/java.nio.charset=ALL-UNNAMED --add-opens=java.base/java.net=ALL-UNNAMED --add-opens=java.base/java.util.concurrent.atomic=ALL-UNNAMED -Xmx3072m -Dfile.encoding=UTF-8 -Duser.country=IN -Duser.language=en -Duser.variant -javaagent:C:\Users\HP\.gradle\wrapper\dists\gradle-8.9-bin\90cnw93cvbtalezasaz0blq0a\gradle-8.9\lib\agents\gradle-instrumentation-agent-8.9.jar org.gradle.launcher.daemon.bootstrap.GradleDaemon 8.9

Host: 12th Gen Intel(R) Core(TM) i5-1235U, 12 cores, 7G,  Windows 11 , 64 bit Build 26100 (10.0.26100.7920)
Time: Thu Mar 26 11:20:32 2026 India Standard Time elapsed time: 80.396005 seconds (0d 0h 1m 20s)

---------------  T H R E A D  ---------------

Current thread (0x00000246b6cef290):  JavaThread "C2 CompilerThread0" daemon [_thread_in_native, id=9768, stack(0x000000d778c00000,0x000000d778d00000)]


Current CompileTask:
C2:  80396 16162       4       java.text.SimpleDateFormat::subFormat (1264 bytes)

Stack: [0x000000d778c00000,0x000000d778d00000]
Native frames: (J=compiled Java code, j=interpreted, Vv=VM code, C=native code)
V  [jvm.dll+0x6887a9]
V  [jvm.dll+0x83f5a8]
V  [jvm.dll+0x841053]
V  [jvm.dll+0x8416c3]
V  [jvm.dll+0x2496ef]
V  [jvm.dll+0xad134]
V  [jvm.dll+0xad7cc]
V  [jvm.dll+0x36af2e]
V  [jvm.dll+0x1bce62]
V  [jvm.dll+0x21aa7c]
V  [jvm.dll+0x219d3f]
V  [jvm.dll+0x1a55f6]
V  [jvm.dll+0x22a39a]
V  [jvm.dll+0x2284db]
V  [jvm.dll+0x7f4e28]
V  [jvm.dll+0x7ef2dc]
V  [jvm.dll+0x687687]
C  [ucrtbase.dll+0x37b0]
C  [KERNEL32.DLL+0x2e8d7]
C  [ntdll.dll+0x8c48c]


---------------  P R O C E S S  ---------------

Threads class SMR info:
_java_thread_list=0x00000246ea129410, length=63, elements={
0x0000024695dcbf90, 0x00000246b6cd0260, 0x00000246b6cd2d40, 0x00000246b6ce81e0,
0x00000246b6ceaac0, 0x00000246b6cebba0, 0x00000246b6cee480, 0x00000246b6cef290,
0x00000246b6cefc50, 0x00000246b6cf25f0, 0x00000246e3102e90, 0x00000246e3102980,
0x00000246e3101030, 0x00000246e3102470, 0x00000246e3101a50, 0x00000246e3101540,
0x00000246e3100100, 0x00000246e54be640, 0x00000246e54bdc20, 0x00000246e54be130,
0x00000246e54beb50, 0x00000246e54c09b0, 0x00000246e54bd200, 0x00000246e54bf060,
0x00000246e54c0ec0, 0x00000246e54c18e0, 0x00000246e54c2300, 0x00000246e54c2d20,
0x00000246e54c4160, 0x00000246e54c4670, 0x00000246e54c4b80, 0x00000246e54c2810,
0x00000246e54c3740, 0x00000246e57b2510, 0x00000246e57b2a20, 0x00000246e30473d0,
0x00000246e3047df0, 0x00000246e3045a80, 0x00000246eb39df20, 0x00000246eb3a07a0,
0x00000246eb39f870, 0x00000246eb3a1be0, 0x00000246eb39e430, 0x00000246eb39fd80,
0x00000246eb39f360, 0x00000246eb3a0cb0, 0x00000246eb3a0290, 0x00000246e6b7dda0,
0x00000246e6b7f1e0, 0x00000246e57b7100, 0x00000246e3043200, 0x00000246e6b84d00,
0x00000246eae81960, 0x00000246eae81450, 0x00000246eae846f0, 0x00000246eae82890,
0x00000246eae81e70, 0x00000246eae837c0, 0x00000246eae82380, 0x00000246eae82da0,
0x00000246eae832b0, 0x00000246eae841e0, 0x00000246e9931670
}

Java Threads: ( => current thread )
  0x0000024695dcbf90 JavaThread "main" [_thread_blocked, id=36512, stack(0x000000d777f00000,0x000000d778000000)]
  0x00000246b6cd0260 JavaThread "Reference Handler" daemon [_thread_blocked, id=32116, stack(0x000000d778600000,0x000000d778700000)]
  0x00000246b6cd2d40 JavaThread "Finalizer" daemon [_thread_blocked, id=31936, stack(0x000000d778700000,0x000000d778800000)]
  0x00000246b6ce81e0 JavaThread "Signal Dispatcher" daemon [_thread_blocked, id=35144, stack(0x000000d778800000,0x000000d778900000)]
  0x00000246b6ceaac0 JavaThread "Attach Listener" daemon [_thread_blocked, id=25040, stack(0x000000d778900000,0x000000d778a00000)]
  0x00000246b6cebba0 JavaThread "Service Thread" daemon [_thread_blocked, id=23228, stack(0x000000d778a00000,0x000000d778b00000)]
  0x00000246b6cee480 JavaThread "Monitor Deflation Thread" daemon [_thread_blocked, id=20752, stack(0x000000d778b00000,0x000000d778c00000)]
=>0x00000246b6cef290 JavaThread "C2 CompilerThread0" daemon [_thread_in_native, id=9768, stack(0x000000d778c00000,0x000000d778d00000)]
  0x00000246b6cefc50 JavaThread "C1 CompilerThread0" daemon [_thread_blocked, id=36548, stack(0x000000d778d00000,0x000000d778e00000)]
  0x00000246b6cf25f0 JavaThread "Sweeper thread" daemon [_thread_blocked, id=14388, stack(0x000000d778e00000,0x000000d778f00000)]
  0x00000246e3102e90 JavaThread "Common-Cleaner" daemon [_thread_blocked, id=31864, stack(0x000000d778f00000,0x000000d779000000)]
  0x00000246e3102980 JavaThread "Notification Thread" daemon [_thread_blocked, id=35480, stack(0x000000d779000000,0x000000d779100000)]
  0x00000246e3101030 JavaThread "Daemon health stats" [_thread_blocked, id=6064, stack(0x000000d779300000,0x000000d779400000)]
  0x00000246e3102470 JavaThread "Incoming local TCP Connector on port 64026" [_thread_in_native, id=31068, stack(0x000000d779800000,0x000000d779900000)]
  0x00000246e3101a50 JavaThread "Daemon periodic checks" [_thread_blocked, id=25204, stack(0x000000d779900000,0x000000d779a00000)]
  0x00000246e3101540 JavaThread "Daemon" [_thread_blocked, id=31792, stack(0x000000d779a00000,0x000000d779b00000)]
  0x00000246e3100100 JavaThread "Daemon worker" [_thread_in_native, id=22924, stack(0x000000d779d00000,0x000000d779e00000)]
  0x00000246e54be640 JavaThread "Cache worker for journal cache (C:\Users\HP\.gradle\caches\journal-1)" [_thread_blocked, id=32244, stack(0x000000d77a100000,0x000000d77a200000)]
  0x00000246e54bdc20 JavaThread "File lock request listener" [_thread_in_native, id=35836, stack(0x000000d77a200000,0x000000d77a300000)]
  0x00000246e54be130 JavaThread "Cache worker for file hash cache (C:\Users\HP\.gradle\caches\8.9\fileHashes)" [_thread_blocked, id=35332, stack(0x000000d77a300000,0x000000d77a400000)]
  0x00000246e54beb50 JavaThread "File watcher server" daemon [_thread_in_native, id=34384, stack(0x000000d77ad00000,0x000000d77ae00000)]
  0x00000246e54c09b0 JavaThread "File watcher consumer" daemon [_thread_blocked, id=32804, stack(0x000000d77ae00000,0x000000d77af00000)]
  0x00000246e54bd200 JavaThread "jar transforms" [_thread_blocked, id=8880, stack(0x000000d77af00000,0x000000d77b000000)]
  0x00000246e54bf060 JavaThread "jar transforms Thread 2" [_thread_blocked, id=36288, stack(0x000000d77b000000,0x000000d77b100000)]
  0x00000246e54c0ec0 JavaThread "jar transforms Thread 3" [_thread_blocked, id=8576, stack(0x000000d77b100000,0x000000d77b200000)]
  0x00000246e54c18e0 JavaThread "Cache worker for file content cache (C:\Users\HP\.gradle\caches\8.9\fileContent)" [_thread_blocked, id=32724, stack(0x000000d77b400000,0x000000d77b500000)]
  0x00000246e54c2300 JavaThread "jar transforms Thread 4" [_thread_blocked, id=15368, stack(0x000000d77b700000,0x000000d77b800000)]
  0x00000246e54c2d20 JavaThread "jar transforms Thread 5" [_thread_blocked, id=26876, stack(0x000000d77b800000,0x000000d77b900000)]
  0x00000246e54c4160 JavaThread "jar transforms Thread 6" [_thread_blocked, id=18220, stack(0x000000d77b900000,0x000000d77ba00000)]
  0x00000246e54c4670 JavaThread "jar transforms Thread 7" [_thread_blocked, id=30528, stack(0x000000d77ba00000,0x000000d77bb00000)]
  0x00000246e54c4b80 JavaThread "jar transforms Thread 8" [_thread_blocked, id=32484, stack(0x000000d77bb00000,0x000000d77bc00000)]
  0x00000246e54c2810 JavaThread "jar transforms Thread 9" [_thread_blocked, id=13828, stack(0x000000d77bc00000,0x000000d77bd00000)]
  0x00000246e54c3740 JavaThread "jar transforms Thread 10" [_thread_blocked, id=12508, stack(0x000000d77bd00000,0x000000d77be00000)]
  0x00000246e57b2510 JavaThread "jar transforms Thread 11" [_thread_blocked, id=18408, stack(0x000000d77be00000,0x000000d77bf00000)]
  0x00000246e57b2a20 JavaThread "jar transforms Thread 12" [_thread_blocked, id=29952, stack(0x000000d77bf00000,0x000000d77c000000)]
  0x00000246e30473d0 JavaThread "Memory manager" [_thread_blocked, id=36304, stack(0x000000d77e900000,0x000000d77ea00000)]
  0x00000246e3047df0 JavaThread "ForkJoinPool.commonPool-worker-1" daemon [_thread_blocked, id=27548, stack(0x000000d77ea00000,0x000000d77eb00000)]
  0x00000246e3045a80 JavaThread "ForkJoinPool.commonPool-worker-2" daemon [_thread_blocked, id=35432, stack(0x000000d77eb00000,0x000000d77ec00000)]
  0x00000246eb39df20 JavaThread "ForkJoinPool.commonPool-worker-3" daemon [_thread_blocked, id=8584, stack(0x000000d77ec00000,0x000000d77ed00000)]
  0x00000246eb3a07a0 JavaThread "ForkJoinPool.commonPool-worker-4" daemon [_thread_blocked, id=8692, stack(0x000000d77ed00000,0x000000d77ee00000)]
  0x00000246eb39f870 JavaThread "ForkJoinPool.commonPool-worker-5" daemon [_thread_blocked, id=33692, stack(0x000000d77ee00000,0x000000d77ef00000)]
  0x00000246eb3a1be0 JavaThread "ForkJoinPool.commonPool-worker-6" daemon [_thread_blocked, id=32684, stack(0x000000d77ef00000,0x000000d77f000000)]
  0x00000246eb39e430 JavaThread "ForkJoinPool.commonPool-worker-7" daemon [_thread_blocked, id=35600, stack(0x000000d77f000000,0x000000d77f100000)]
  0x00000246eb39fd80 JavaThread "ForkJoinPool.commonPool-worker-8" daemon [_thread_blocked, id=13884, stack(0x000000d77f100000,0x000000d77f200000)]
  0x00000246eb39f360 JavaThread "ForkJoinPool.commonPool-worker-9" daemon [_thread_blocked, id=27108, stack(0x000000d77f200000,0x000000d77f300000)]
  0x00000246eb3a0cb0 JavaThread "ForkJoinPool.commonPool-worker-10" daemon [_thread_blocked, id=22420, stack(0x000000d77f300000,0x000000d77f400000)]
  0x00000246eb3a0290 JavaThread "ForkJoinPool.commonPool-worker-11" daemon [_thread_blocked, id=36184, stack(0x000000d77f400000,0x000000d77f500000)]
  0x00000246e6b7dda0 JavaThread "VFS cleanup" [_thread_blocked, id=6948, stack(0x000000d700000000,0x000000d700100000)]
  0x00000246e6b7f1e0 JavaThread "File lock release action executor" [_thread_blocked, id=10796, stack(0x000000d700100000,0x000000d700200000)]
  0x00000246e57b7100 JavaThread "included builds" [_thread_blocked, id=23940, stack(0x000000d702900000,0x000000d702a00000)]
  0x00000246e3043200 JavaThread "included builds" [_thread_blocked, id=18892, stack(0x000000d702d00000,0x000000d702e00000)]
  0x00000246e6b84d00 JavaThread "included builds" [_thread_blocked, id=32564, stack(0x000000d702e00000,0x000000d702f00000)]
  0x00000246eae81960 JavaThread "Handler for socket connection from /127.0.0.1:64026 to /127.0.0.1:61092" [_thread_in_native, id=34324, stack(0x000000d700400000,0x000000d700500000)]
  0x00000246eae81450 JavaThread "Cancel handler" [_thread_blocked, id=26724, stack(0x000000d700500000,0x000000d700600000)]
  0x00000246eae846f0 JavaThread "Asynchronous log dispatcher for DefaultDaemonConnection: socket connection from /127.0.0.1:64026 to /127.0.0.1:61092" [_thread_blocked, id=2772, stack(0x000000d700600000,0x000000d700700000)]
  0x00000246eae82890 JavaThread "Stdin handler" [_thread_blocked, id=32332, stack(0x000000d700700000,0x000000d700800000)]
  0x00000246eae81e70 JavaThread "Daemon client event forwarder" [_thread_blocked, id=33772, stack(0x000000d700800000,0x000000d700900000)]
  0x00000246eae837c0 JavaThread "Cache worker for file hash cache (D:\Parkitdemo\Updated-Sundukpay\android\.gradle\8.9\fileHashes)" [_thread_blocked, id=18136, stack(0x000000d700900000,0x000000d700a00000)]
  0x00000246eae82380 JavaThread "Cache worker for Build Output Cleanup Cache (D:\Parkitdemo\Updated-Sundukpay\android\.gradle\buildOutputCleanup)" [_thread_blocked, id=10964, stack(0x000000d700a00000,0x000000d700b00000)]
  0x00000246eae82da0 JavaThread "Cache worker for checksums cache (D:\Parkitdemo\Updated-Sundukpay\android\.gradle\8.9\checksums)" [_thread_blocked, id=12912, stack(0x000000d700b00000,0x000000d700c00000)]
  0x00000246eae832b0 JavaThread "Cache worker for cache directory md-rule (C:\Users\HP\.gradle\caches\8.9\md-rule)" [_thread_blocked, id=34748, stack(0x000000d700c00000,0x000000d700d00000)]
  0x00000246eae841e0 JavaThread "Cache worker for cache directory md-supplier (C:\Users\HP\.gradle\caches\8.9\md-supplier)" [_thread_blocked, id=24012, stack(0x000000d700d00000,0x000000d700e00000)]
  0x00000246e9931670 JavaThread "C2 CompilerThread1" daemon [_thread_in_native, id=13660, stack(0x000000d700e00000,0x000000d700f00000)]

Other Threads:
  0x00000246b6ccae40 VMThread "VM Thread" [stack: 0x000000d778500000,0x000000d778600000] [id=35984]
  0x00000246e3251790 WatcherThread [stack: 0x000000d779100000,0x000000d779200000] [id=35796]
  0x0000024695e26520 GCTaskThread "GC Thread#0" [stack: 0x000000d778000000,0x000000d778100000] [id=18168]
  0x00000246e3abbb10 GCTaskThread "GC Thread#1" [stack: 0x000000d779400000,0x000000d779500000] [id=1232]
  0x00000246e369d500 GCTaskThread "GC Thread#2" [stack: 0x000000d779500000,0x000000d779600000] [id=36820]
  0x00000246e47ea770 GCTaskThread "GC Thread#3" [stack: 0x000000d779600000,0x000000d779700000] [id=612]
  0x00000246e384d820 GCTaskThread "GC Thread#4" [stack: 0x000000d779700000,0x000000d779800000] [id=18772]
  0x00000246e4d3cc50 GCTaskThread "GC Thread#5" [stack: 0x000000d77a400000,0x000000d77a500000] [id=36524]
  0x00000246e59016d0 GCTaskThread "GC Thread#6" [stack: 0x000000d77a500000,0x000000d77a600000] [id=27476]
  0x00000246e5901990 GCTaskThread "GC Thread#7" [stack: 0x000000d77a600000,0x000000d77a700000] [id=35164]
  0x00000246e5901c50 GCTaskThread "GC Thread#8" [stack: 0x000000d77a700000,0x000000d77a800000] [id=22868]
  0x00000246e5983070 GCTaskThread "GC Thread#9" [stack: 0x000000d77a800000,0x000000d77a900000] [id=34860]
  0x0000024695e33380 ConcurrentGCThread "G1 Main Marker" [stack: 0x000000d778100000,0x000000d778200000] [id=36556]
  0x0000024695e35e40 ConcurrentGCThread "G1 Conc#0" [stack: 0x000000d778200000,0x000000d778300000] [id=22960]
  0x00000246e598cc30 ConcurrentGCThread "G1 Conc#1" [stack: 0x000000d77ab00000,0x000000d77ac00000] [id=34780]
  0x00000246e598be70 ConcurrentGCThread "G1 Conc#2" [stack: 0x000000d77ac00000,0x000000d77ad00000] [id=32984]
  0x0000024695e7dc50 ConcurrentGCThread "G1 Refine#0" [stack: 0x000000d778300000,0x000000d778400000] [id=35584]
  0x0000024695e7e430 ConcurrentGCThread "G1 Service" [stack: 0x000000d778400000,0x000000d778500000] [id=25180]

Threads with active compile tasks:
C2 CompilerThread0    80452 16162       4       java.text.SimpleDateFormat::subFormat (1264 bytes)
C2 CompilerThread1    80452 16164       4       org.gradle.launcher.daemon.context.DefaultDaemonContext$Serializer::read (219 bytes)

VM state: not at safepoint (normal execution)

VM Mutex/Monitor currently owned by a thread:  ([mutex/lock_event])
[0x0000024695dc7fd0] CompiledIC_lock - owner thread: 0x0000000000000000

Heap address: 0x0000000740000000, size: 3072 MB, Compressed Oops mode: Zero based, Oop shift amount: 3

CDS archive(s) mapped at: [0x00000246b7000000-0x00000246b7bb0000-0x00000246b7bb0000), size 12255232, SharedBaseAddress: 0x00000246b7000000, ArchiveRelocationMode: 1.
Compressed class space mapped at: 0x00000246b8000000-0x00000246df000000, reserved size: 654311424
Narrow klass base: 0x00000246b7000000, Narrow klass shift: 0, Narrow klass range: 0x100000000

GC Precious Log:
 CPUs: 12 total, 12 available
 Memory: 7835M
 Large Page Support: Disabled
 NUMA Support: Disabled
 Compressed Oops: Enabled (Zero based)
 Heap Region Size: 2M
 Heap Min Capacity: 8M
 Heap Initial Capacity: 124M
 Heap Max Capacity: 3G
 Pre-touch: Disabled
 Parallel Workers: 10
 Concurrent Workers: 3
 Concurrent Refinement Workers: 10
 Periodic GC: Disabled

Heap:
 garbage-first heap   total 274432K, used 185045K [0x0000000740000000, 0x0000000800000000)
  region size 2048K, 37 young (75776K), 7 survivors (14336K)
 Metaspace       used 79231K, committed 80512K, reserved 770048K
  class space    used 10956K, committed 11584K, reserved 638976K

Heap Regions: E=young(eden), S=young(survivor), O=old, HS=humongous(starts), HC=humongous(continues), CS=collection set, F=free, OA=open archive, CA=closed archive, TAMS=top-at-mark-start (previous, next)
|   0|0x0000000740000000, 0x0000000740200000, 0x0000000740200000|100%|HS|  |TAMS 0x0000000740200000, 0x0000000740000000| Complete 
|   1|0x0000000740200000, 0x0000000740400000, 0x0000000740400000|100%|HC|  |TAMS 0x0000000740400000, 0x0000000740200000| Complete 
|   2|0x0000000740400000, 0x0000000740600000, 0x0000000740600000|100%| O|  |TAMS 0x0000000740600000, 0x0000000740400000| Untracked 
|   3|0x0000000740600000, 0x0000000740800000, 0x0000000740800000|100%| O|  |TAMS 0x0000000740800000, 0x0000000740600000| Untracked 
|   4|0x0000000740800000, 0x0000000740a00000, 0x0000000740a00000|100%| O|  |TAMS 0x0000000740a00000, 0x0000000740800000| Untracked 
|   5|0x0000000740a00000, 0x0000000740c00000, 0x0000000740c00000|100%| O|  |TAMS 0x0000000740c00000, 0x0000000740a00000| Untracked 
|   6|0x0000000740c00000, 0x0000000740e00000, 0x0000000740e00000|100%| O|  |TAMS 0x0000000740e00000, 0x0000000740c00000| Untracked 
|   7|0x0000000740e00000, 0x0000000741000000, 0x0000000741000000|100%| O|  |TAMS 0x0000000741000000, 0x0000000740e00000| Untracked 
|   8|0x0000000741000000, 0x0000000741200000, 0x0000000741200000|100%| O|  |TAMS 0x0000000741200000, 0x0000000741000000| Untracked 
|   9|0x0000000741200000, 0x0000000741400000, 0x0000000741400000|100%| O|  |TAMS 0x0000000741400000, 0x0000000741200000| Untracked 
|  10|0x0000000741400000, 0x0000000741600000, 0x0000000741600000|100%| O|  |TAMS 0x0000000741600000, 0x0000000741400000| Untracked 
|  11|0x0000000741600000, 0x0000000741800000, 0x0000000741800000|100%| O|  |TAMS 0x0000000741800000, 0x0000000741600000| Untracked 
|  12|0x0000000741800000, 0x0000000741a00000, 0x0000000741a00000|100%| O|  |TAMS 0x0000000741a00000, 0x0000000741800000| Untracked 
|  13|0x0000000741a00000, 0x0000000741c00000, 0x0000000741c00000|100%| O|  |TAMS 0x0000000741c00000, 0x0000000741a00000| Untracked 
|  14|0x0000000741c00000, 0x0000000741e00000, 0x0000000741e00000|100%| O|  |TAMS 0x0000000741e00000, 0x0000000741c00000| Untracked 
|  15|0x0000000741e00000, 0x0000000742000000, 0x0000000742000000|100%| O|  |TAMS 0x0000000742000000, 0x0000000741e00000| Untracked 
|  16|0x0000000742000000, 0x0000000742200000, 0x0000000742200000|100%| O|  |TAMS 0x0000000742200000, 0x0000000742000000| Untracked 
|  17|0x0000000742200000, 0x0000000742400000, 0x0000000742400000|100%| O|  |TAMS 0x0000000742400000, 0x0000000742200000| Untracked 
|  18|0x0000000742400000, 0x0000000742600000, 0x0000000742600000|100%| O|  |TAMS 0x0000000742600000, 0x0000000742400000| Untracked 
|  19|0x0000000742600000, 0x0000000742800000, 0x0000000742800000|100%| O|  |TAMS 0x0000000742800000, 0x0000000742600000| Untracked 
|  20|0x0000000742800000, 0x0000000742a00000, 0x0000000742a00000|100%|HS|  |TAMS 0x0000000742a00000, 0x0000000742800000| Complete 
|  21|0x0000000742a00000, 0x0000000742c00000, 0x0000000742c00000|100%|HC|  |TAMS 0x0000000742c00000, 0x0000000742a00000| Complete 
|  22|0x0000000742c00000, 0x0000000742e00000, 0x0000000742e00000|100%|HS|  |TAMS 0x0000000742e00000, 0x0000000742c00000| Complete 
|  23|0x0000000742e00000, 0x0000000743000000, 0x0000000743000000|100%|HC|  |TAMS 0x0000000743000000, 0x0000000742e00000| Complete 
|  24|0x0000000743000000, 0x0000000743200000, 0x0000000743200000|100%| O|  |TAMS 0x0000000743200000, 0x0000000743000000| Untracked 
|  25|0x0000000743200000, 0x0000000743400000, 0x0000000743400000|100%| O|  |TAMS 0x0000000743400000, 0x0000000743200000| Untracked 
|  26|0x0000000743400000, 0x0000000743600000, 0x0000000743600000|100%| O|  |TAMS 0x0000000743600000, 0x0000000743400000| Untracked 
|  27|0x0000000743600000, 0x0000000743800000, 0x0000000743800000|100%| O|  |TAMS 0x0000000743600000, 0x0000000743600000| Untracked 
|  28|0x0000000743800000, 0x0000000743a00000, 0x0000000743a00000|100%| O|  |TAMS 0x0000000743a00000, 0x0000000743800000| Untracked 
|  29|0x0000000743a00000, 0x0000000743c00000, 0x0000000743c00000|100%| O|  |TAMS 0x0000000743c00000, 0x0000000743a00000| Untracked 
|  30|0x0000000743c00000, 0x0000000743e00000, 0x0000000743e00000|100%| O|  |TAMS 0x0000000743e00000, 0x0000000743c00000| Untracked 
|  31|0x0000000743e00000, 0x0000000744000000, 0x0000000744000000|100%| O|  |TAMS 0x0000000744000000, 0x0000000743e00000| Untracked 
|  32|0x0000000744000000, 0x0000000744200000, 0x0000000744200000|100%| O|  |TAMS 0x0000000744200000, 0x0000000744000000| Untracked 
|  33|0x0000000744200000, 0x0000000744400000, 0x0000000744400000|100%| O|  |TAMS 0x0000000744400000, 0x0000000744200000| Untracked 
|  34|0x0000000744400000, 0x0000000744600000, 0x0000000744600000|100%| O|  |TAMS 0x0000000744400000, 0x0000000744400000| Untracked 
|  35|0x0000000744600000, 0x0000000744800000, 0x0000000744800000|100%| O|  |TAMS 0x0000000744800000, 0x0000000744600000| Untracked 
|  36|0x0000000744800000, 0x0000000744a00000, 0x0000000744a00000|100%| O|  |TAMS 0x0000000744a00000, 0x0000000744800000| Untracked 
|  37|0x0000000744a00000, 0x0000000744c00000, 0x0000000744c00000|100%| O|  |TAMS 0x0000000744c00000, 0x0000000744a00000| Untracked 
|  38|0x0000000744c00000, 0x0000000744e00000, 0x0000000744e00000|100%| O|  |TAMS 0x0000000744e00000, 0x0000000744c00000| Untracked 
|  39|0x0000000744e00000, 0x0000000745000000, 0x0000000745000000|100%| O|  |TAMS 0x0000000745000000, 0x0000000744e00000| Untracked 
|  40|0x0000000745000000, 0x0000000745200000, 0x0000000745200000|100%| O|  |TAMS 0x00000007451fd400, 0x0000000745000000| Untracked 
|  41|0x0000000745200000, 0x0000000745400000, 0x0000000745400000|100%| O|  |TAMS 0x0000000745200000, 0x0000000745200000| Untracked 
|  42|0x0000000745400000, 0x0000000745600000, 0x0000000745600000|100%| O|  |TAMS 0x0000000745400000, 0x0000000745400000| Untracked 
|  43|0x0000000745600000, 0x0000000745800000, 0x0000000745800000|100%| O|  |TAMS 0x0000000745600000, 0x0000000745600000| Untracked 
|  44|0x0000000745800000, 0x0000000745a00000, 0x0000000745a00000|100%| O|  |TAMS 0x0000000745800000, 0x0000000745800000| Untracked 
|  45|0x0000000745a00000, 0x0000000745c00000, 0x0000000745c00000|100%| O|  |TAMS 0x0000000745a00000, 0x0000000745a00000| Untracked 
|  46|0x0000000745c00000, 0x0000000745e00000, 0x0000000745e00000|100%| O|  |TAMS 0x0000000745c00000, 0x0000000745c00000| Untracked 
|  47|0x0000000745e00000, 0x0000000746000000, 0x0000000746000000|100%| O|  |TAMS 0x0000000745e00000, 0x0000000745e00000| Untracked 
|  48|0x0000000746000000, 0x0000000746200000, 0x0000000746200000|100%| O|  |TAMS 0x0000000746000000, 0x0000000746000000| Untracked 
|  49|0x0000000746200000, 0x0000000746400000, 0x0000000746400000|100%| O|  |TAMS 0x0000000746200000, 0x0000000746200000| Untracked 
|  50|0x0000000746400000, 0x0000000746600000, 0x0000000746600000|100%| O|  |TAMS 0x0000000746400000, 0x0000000746400000| Untracked 
|  51|0x0000000746600000, 0x0000000746800000, 0x0000000746800000|100%| O|  |TAMS 0x0000000746600000, 0x0000000746600000| Untracked 
|  52|0x0000000746800000, 0x0000000746a00000, 0x0000000746a00000|100%| O|  |TAMS 0x0000000746800000, 0x0000000746800000| Untracked 
|  53|0x0000000746a00000, 0x0000000746c00000, 0x0000000746c00000|100%| O|  |TAMS 0x0000000746a00000, 0x0000000746a00000| Untracked 
|  54|0x0000000746c00000, 0x0000000746e00000, 0x0000000746e00000|100%| O|  |TAMS 0x0000000746c00000, 0x0000000746c00000| Untracked 
|  55|0x0000000746e00000, 0x0000000746e6e200, 0x0000000747000000| 21%| O|  |TAMS 0x0000000746e00000, 0x0000000746e00000| Untracked 
|  56|0x0000000747000000, 0x0000000747000000, 0x0000000747200000|  0%| F|  |TAMS 0x0000000747000000, 0x0000000747000000| Untracked 
|  57|0x0000000747200000, 0x0000000747200000, 0x0000000747400000|  0%| F|  |TAMS 0x0000000747200000, 0x0000000747200000| Untracked 
|  58|0x0000000747400000, 0x0000000747400000, 0x0000000747600000|  0%| F|  |TAMS 0x0000000747400000, 0x0000000747400000| Untracked 
|  59|0x0000000747600000, 0x0000000747600000, 0x0000000747800000|  0%| F|  |TAMS 0x0000000747600000, 0x0000000747600000| Untracked 
|  60|0x0000000747800000, 0x0000000747800000, 0x0000000747a00000|  0%| F|  |TAMS 0x0000000747800000, 0x0000000747800000| Untracked 
|  61|0x0000000747a00000, 0x0000000747a00000, 0x0000000747c00000|  0%| F|  |TAMS 0x0000000747a00000, 0x0000000747a00000| Untracked 
|  62|0x0000000747c00000, 0x0000000747c00000, 0x0000000747e00000|  0%| F|  |TAMS 0x0000000747c00000, 0x0000000747c00000| Untracked 
|  63|0x0000000747e00000, 0x0000000747e00000, 0x0000000748000000|  0%| F|  |TAMS 0x0000000747e00000, 0x0000000747e00000| Untracked 
|  64|0x0000000748000000, 0x0000000748000000, 0x0000000748200000|  0%| F|  |TAMS 0x0000000748000000, 0x0000000748000000| Untracked 
|  65|0x0000000748200000, 0x0000000748200000, 0x0000000748400000|  0%| F|  |TAMS 0x0000000748200000, 0x0000000748200000| Untracked 
|  66|0x0000000748400000, 0x0000000748400000, 0x0000000748600000|  0%| F|  |TAMS 0x0000000748400000, 0x0000000748400000| Untracked 
|  67|0x0000000748600000, 0x0000000748600000, 0x0000000748800000|  0%| F|  |TAMS 0x0000000748600000, 0x0000000748600000| Untracked 
|  68|0x0000000748800000, 0x0000000748800000, 0x0000000748a00000|  0%| F|  |TAMS 0x0000000748800000, 0x0000000748800000| Untracked 
|  69|0x0000000748a00000, 0x0000000748a00000, 0x0000000748c00000|  0%| F|  |TAMS 0x0000000748a00000, 0x0000000748a00000| Untracked 
|  70|0x0000000748c00000, 0x0000000748c00000, 0x0000000748e00000|  0%| F|  |TAMS 0x0000000748c00000, 0x0000000748c00000| Untracked 
|  71|0x0000000748e00000, 0x0000000748e00000, 0x0000000749000000|  0%| F|  |TAMS 0x0000000748e00000, 0x0000000748e00000| Untracked 
|  72|0x0000000749000000, 0x0000000749000000, 0x0000000749200000|  0%| F|  |TAMS 0x0000000749000000, 0x0000000749000000| Untracked 
|  73|0x0000000749200000, 0x0000000749200000, 0x0000000749400000|  0%| F|  |TAMS 0x0000000749200000, 0x0000000749200000| Untracked 
|  74|0x0000000749400000, 0x0000000749400000, 0x0000000749600000|  0%| F|  |TAMS 0x0000000749400000, 0x0000000749400000| Untracked 
|  75|0x0000000749600000, 0x00000007496472e0, 0x0000000749800000| 13%| S|CS|TAMS 0x0000000749600000, 0x0000000749600000| Complete 
|  76|0x0000000749800000, 0x0000000749a00000, 0x0000000749a00000|100%| S|CS|TAMS 0x0000000749800000, 0x0000000749800000| Complete 
|  77|0x0000000749a00000, 0x0000000749c00000, 0x0000000749c00000|100%| S|CS|TAMS 0x0000000749a00000, 0x0000000749a00000| Complete 
|  78|0x0000000749c00000, 0x0000000749e00000, 0x0000000749e00000|100%| S|CS|TAMS 0x0000000749c00000, 0x0000000749c00000| Complete 
|  79|0x0000000749e00000, 0x000000074a000000, 0x000000074a000000|100%| S|CS|TAMS 0x0000000749e00000, 0x0000000749e00000| Complete 
|  80|0x000000074a000000, 0x000000074a200000, 0x000000074a200000|100%| S|CS|TAMS 0x000000074a000000, 0x000000074a000000| Complete 
|  81|0x000000074a200000, 0x000000074a400000, 0x000000074a400000|100%| S|CS|TAMS 0x000000074a200000, 0x000000074a200000| Complete 
|  82|0x000000074a400000, 0x000000074a400000, 0x000000074a600000|  0%| F|  |TAMS 0x000000074a400000, 0x000000074a400000| Untracked 
|  83|0x000000074a600000, 0x000000074a600000, 0x000000074a800000|  0%| F|  |TAMS 0x000000074a600000, 0x000000074a600000| Untracked 
|  84|0x000000074a800000, 0x000000074a800000, 0x000000074aa00000|  0%| F|  |TAMS 0x000000074a800000, 0x000000074a800000| Untracked 
|  85|0x000000074aa00000, 0x000000074aa00000, 0x000000074ac00000|  0%| F|  |TAMS 0x000000074aa00000, 0x000000074aa00000| Untracked 
|  86|0x000000074ac00000, 0x000000074ac00000, 0x000000074ae00000|  0%| F|  |TAMS 0x000000074ac00000, 0x000000074ac00000| Untracked 
|  87|0x000000074ae00000, 0x000000074ae00000, 0x000000074b000000|  0%| F|  |TAMS 0x000000074ae00000, 0x000000074ae00000| Untracked 
|  88|0x000000074b000000, 0x000000074b000000, 0x000000074b200000|  0%| F|  |TAMS 0x000000074b000000, 0x000000074b000000| Untracked 
|  89|0x000000074b200000, 0x000000074b200000, 0x000000074b400000|  0%| F|  |TAMS 0x000000074b200000, 0x000000074b200000| Untracked 
|  90|0x000000074b400000, 0x000000074b400000, 0x000000074b600000|  0%| F|  |TAMS 0x000000074b400000, 0x000000074b400000| Untracked 
|  91|0x000000074b600000, 0x000000074b600000, 0x000000074b800000|  0%| F|  |TAMS 0x000000074b600000, 0x000000074b600000| Untracked 
|  92|0x000000074b800000, 0x000000074b800000, 0x000000074ba00000|  0%| F|  |TAMS 0x000000074b800000, 0x000000074b800000| Untracked 
|  93|0x000000074ba00000, 0x000000074ba00000, 0x000000074bc00000|  0%| F|  |TAMS 0x000000074ba00000, 0x000000074ba00000| Untracked 
|  94|0x000000074bc00000, 0x000000074bc00000, 0x000000074be00000|  0%| F|  |TAMS 0x000000074bc00000, 0x000000074bc00000| Untracked 
|  95|0x000000074be00000, 0x000000074be00000, 0x000000074c000000|  0%| F|  |TAMS 0x000000074be00000, 0x000000074be00000| Untracked 
|  96|0x000000074c000000, 0x000000074c000000, 0x000000074c200000|  0%| F|  |TAMS 0x000000074c000000, 0x000000074c000000| Untracked 
|  97|0x000000074c200000, 0x000000074c200000, 0x000000074c400000|  0%| F|  |TAMS 0x000000074c200000, 0x000000074c200000| Untracked 
|  98|0x000000074c400000, 0x000000074c400000, 0x000000074c600000|  0%| F|  |TAMS 0x000000074c400000, 0x000000074c400000| Untracked 
|  99|0x000000074c600000, 0x000000074c600000, 0x000000074c800000|  0%| F|  |TAMS 0x000000074c600000, 0x000000074c600000| Untracked 
| 100|0x000000074c800000, 0x000000074c800000, 0x000000074ca00000|  0%| F|  |TAMS 0x000000074c800000, 0x000000074c800000| Untracked 
| 101|0x000000074ca00000, 0x000000074ca00000, 0x000000074cc00000|  0%| F|  |TAMS 0x000000074ca00000, 0x000000074ca00000| Untracked 
| 102|0x000000074cc00000, 0x000000074cc00000, 0x000000074ce00000|  0%| F|  |TAMS 0x000000074cc00000, 0x000000074cc00000| Untracked 
| 103|0x000000074ce00000, 0x000000074ce00000, 0x000000074d000000|  0%| F|  |TAMS 0x000000074ce00000, 0x000000074ce00000| Untracked 
| 104|0x000000074d000000, 0x000000074d10b3c8, 0x000000074d200000| 52%| E|  |TAMS 0x000000074d000000, 0x000000074d000000| Complete 
| 105|0x000000074d200000, 0x000000074d400000, 0x000000074d400000|100%| E|CS|TAMS 0x000000074d200000, 0x000000074d200000| Complete 
| 106|0x000000074d400000, 0x000000074d600000, 0x000000074d600000|100%| E|CS|TAMS 0x000000074d400000, 0x000000074d400000| Complete 
| 107|0x000000074d600000, 0x000000074d800000, 0x000000074d800000|100%| E|CS|TAMS 0x000000074d600000, 0x000000074d600000| Complete 
| 108|0x000000074d800000, 0x000000074da00000, 0x000000074da00000|100%| E|CS|TAMS 0x000000074d800000, 0x000000074d800000| Complete 
| 109|0x000000074da00000, 0x000000074dc00000, 0x000000074dc00000|100%| E|CS|TAMS 0x000000074da00000, 0x000000074da00000| Complete 
| 110|0x000000074dc00000, 0x000000074de00000, 0x000000074de00000|100%| E|CS|TAMS 0x000000074dc00000, 0x000000074dc00000| Complete 
| 111|0x000000074de00000, 0x000000074e000000, 0x000000074e000000|100%| E|CS|TAMS 0x000000074de00000, 0x000000074de00000| Complete 
| 112|0x000000074e000000, 0x000000074e200000, 0x000000074e200000|100%| E|CS|TAMS 0x000000074e000000, 0x000000074e000000| Complete 
| 113|0x000000074e200000, 0x000000074e400000, 0x000000074e400000|100%| E|CS|TAMS 0x000000074e200000, 0x000000074e200000| Complete 
| 114|0x000000074e400000, 0x000000074e600000, 0x000000074e600000|100%| E|CS|TAMS 0x000000074e400000, 0x000000074e400000| Complete 
| 115|0x000000074e600000, 0x000000074e800000, 0x000000074e800000|100%| E|CS|TAMS 0x000000074e600000, 0x000000074e600000| Complete 
| 116|0x000000074e800000, 0x000000074ea00000, 0x000000074ea00000|100%| E|CS|TAMS 0x000000074e800000, 0x000000074e800000| Complete 
| 117|0x000000074ea00000, 0x000000074ec00000, 0x000000074ec00000|100%| E|CS|TAMS 0x000000074ea00000, 0x000000074ea00000| Complete 
| 118|0x000000074ec00000, 0x000000074ee00000, 0x000000074ee00000|100%| E|CS|TAMS 0x000000074ec00000, 0x000000074ec00000| Complete 
| 119|0x000000074ee00000, 0x000000074f000000, 0x000000074f000000|100%| E|CS|TAMS 0x000000074ee00000, 0x000000074ee00000| Complete 
| 120|0x000000074f000000, 0x000000074f200000, 0x000000074f200000|100%| E|CS|TAMS 0x000000074f000000, 0x000000074f000000| Complete 
| 121|0x000000074f200000, 0x000000074f400000, 0x000000074f400000|100%| E|CS|TAMS 0x000000074f200000, 0x000000074f200000| Complete 
| 122|0x000000074f400000, 0x000000074f600000, 0x000000074f600000|100%| E|CS|TAMS 0x000000074f400000, 0x000000074f400000| Complete 
| 123|0x000000074f600000, 0x000000074f800000, 0x000000074f800000|100%| E|CS|TAMS 0x000000074f600000, 0x000000074f600000| Complete 
| 124|0x000000074f800000, 0x000000074fa00000, 0x000000074fa00000|100%| E|CS|TAMS 0x000000074f800000, 0x000000074f800000| Complete 
| 125|0x000000074fa00000, 0x000000074fc00000, 0x000000074fc00000|100%| E|CS|TAMS 0x000000074fa00000, 0x000000074fa00000| Complete 
| 126|0x000000074fc00000, 0x000000074fe00000, 0x000000074fe00000|100%| E|CS|TAMS 0x000000074fc00000, 0x000000074fc00000| Complete 
| 127|0x000000074fe00000, 0x0000000750000000, 0x0000000750000000|100%| E|CS|TAMS 0x000000074fe00000, 0x000000074fe00000| Complete 
| 128|0x0000000750000000, 0x0000000750200000, 0x0000000750200000|100%| E|CS|TAMS 0x0000000750000000, 0x0000000750000000| Complete 
| 129|0x0000000750200000, 0x0000000750400000, 0x0000000750400000|100%| E|CS|TAMS 0x0000000750200000, 0x0000000750200000| Complete 
| 130|0x0000000750400000, 0x0000000750600000, 0x0000000750600000|100%| E|CS|TAMS 0x0000000750400000, 0x0000000750400000| Complete 
| 131|0x0000000750600000, 0x0000000750800000, 0x0000000750800000|100%| E|CS|TAMS 0x0000000750600000, 0x0000000750600000| Complete 
| 132|0x0000000750800000, 0x0000000750a00000, 0x0000000750a00000|100%| E|CS|TAMS 0x0000000750800000, 0x0000000750800000| Complete 
| 133|0x0000000750a00000, 0x0000000750c00000, 0x0000000750c00000|100%| E|CS|TAMS 0x0000000750a00000, 0x0000000750a00000| Complete 

Card table byte_map: [0x00000246ad480000,0x00000246ada80000] _byte_map_base: 0x00000246a9a80000

Marking Bits (Prev, Next): (CMBitMap*) 0x0000024695e26a90, (CMBitMap*) 0x0000024695e26a50
 Prev Bits: [0x00000246b1080000, 0x00000246b4080000)
 Next Bits: [0x00000246ae080000, 0x00000246b1080000)

Polling page: 0x0000024693c00000

Metaspace:

Usage:
  Non-class:     66.68 MB used.
      Class:     10.70 MB used.
       Both:     77.37 MB used.

Virtual space:
  Non-class space:      128.00 MB reserved,      67.31 MB ( 53%) committed,  2 nodes.
      Class space:      624.00 MB reserved,      11.31 MB (  2%) committed,  1 nodes.
             Both:      752.00 MB reserved,      78.62 MB ( 10%) committed. 

Chunk freelists:
   Non-Class:  12.72 MB
       Class:  4.67 MB
        Both:  17.39 MB

MaxMetaspaceSize: 768.00 MB
CompressedClassSpaceSize: 624.00 MB
Initial GC threshold: 21.00 MB
Current GC threshold: 123.75 MB
CDS: on
MetaspaceReclaimPolicy: balanced
 - commit_granule_bytes: 65536.
 - commit_granule_words: 8192.
 - virtual_space_node_default_size: 8388608.
 - enlarge_chunks_in_place: 1.
 - new_chunks_are_fully_committed: 0.
 - uncommit_free_chunks: 1.
 - use_allocation_guard: 0.
 - handle_deallocations: 1.


Internal statistics:

num_allocs_failed_limit: 9.
num_arena_births: 1850.
num_arena_deaths: 0.
num_vsnodes_births: 3.
num_vsnodes_deaths: 0.
num_space_committed: 1258.
num_space_uncommitted: 0.
num_chunks_returned_to_freelist: 9.
num_chunks_taken_from_freelist: 5699.
num_chunk_merges: 6.
num_chunk_splits: 3397.
num_chunks_enlarged: 1797.
num_inconsistent_stats: 0.

CodeHeap 'non-profiled nmethods': size=120000Kb used=10276Kb max_used=10276Kb free=109723Kb
 bounds [0x00000246a53e0000, 0x00000246a5df0000, 0x00000246ac910000]
CodeHeap 'profiled nmethods': size=120000Kb used=26829Kb max_used=26829Kb free=93170Kb
 bounds [0x000002469d910000, 0x000002469f350000, 0x00000246a4e40000]
CodeHeap 'non-nmethods': size=5760Kb used=2385Kb max_used=2449Kb free=3374Kb
 bounds [0x00000246a4e40000, 0x00000246a50b0000, 0x00000246a53e0000]
 total_blobs=14825 nmethods=13911 adapters=824
 compilation: enabled
              stopped_count=0, restarted_count=0
 full_count=0

Compilation events (20 events):
Event: 77.314 Thread 0x00000246b6cef290 nmethod 16160 0x00000246a5de7590 code [0x00000246a5de7720, 0x00000246a5de7f38]
Event: 79.305 Thread 0x00000246b6cefc50 16161       3       org.gradle.internal.serialize.AbstractDecoder$DecoderStream::read (31 bytes)
Event: 79.306 Thread 0x00000246b6cefc50 nmethod 16161 0x000002469f33a890 code [0x000002469f33aa40, 0x000002469f33acc8]
Event: 79.309 Thread 0x00000246b6cef290 16162       4       java.text.SimpleDateFormat::subFormat (1264 bytes)
Event: 79.319 Thread 0x00000246b6cefc50 16165       3       org.gradle.internal.logging.slf4j.OutputEventListenerBackedLogger::debug (6 bytes)
Event: 79.320 Thread 0x00000246b6cefc50 nmethod 16165 0x000002469f33ae10 code [0x000002469f33b000, 0x000002469f33b558]
Event: 79.321 Thread 0x00000246b6cefc50 16166       3       org.gradle.internal.logging.slf4j.BuildOperationAwareLogger::debug (17 bytes)
Event: 79.321 Thread 0x00000246b6cefc50 nmethod 16166 0x000002469f33b790 code [0x000002469f33b960, 0x000002469f33bc98]
Event: 79.325 Thread 0x00000246b6cefc50 16167       3       java.util.stream.FindOps$FindSink::<init> (5 bytes)
Event: 79.325 Thread 0x00000246b6cefc50 nmethod 16167 0x000002469f33be10 code [0x000002469f33bfa0, 0x000002469f33c0f8]
Event: 80.059 Thread 0x00000246b6cefc50 16169       3       org.gradle.internal.execution.impl.FingerprinterRegistration::registration (20 bytes)
Event: 80.059 Thread 0x00000246b6cefc50 nmethod 16169 0x000002469f33c190 code [0x000002469f33c360, 0x000002469f33c758]
Event: 80.059 Thread 0x00000246b6cefc50 16170       3       org.gradle.internal.fingerprint.hashing.FileSystemLocationSnapshotHasher$1::appendConfigurationToHasher (14 bytes)
Event: 80.061 Thread 0x00000246b6cefc50 nmethod 16170 0x000002469f33c910 code [0x000002469f33cba0, 0x000002469f33d8b8]
Event: 80.066 Thread 0x00000246b6cefc50 16172       3       sun.security.provider.SHA2::implReset (20 bytes)
Event: 80.066 Thread 0x00000246b6cefc50 nmethod 16172 0x000002469f33de10 code [0x000002469f33dfc0, 0x000002469f33e178]
Event: 80.300 Thread 0x00000246b6cefc50 16173       3       java.util.HashMap$Values::spliterator (16 bytes)
Event: 80.301 Thread 0x00000246b6cefc50 nmethod 16173 0x000002469f33e210 code [0x000002469f33e3c0, 0x000002469f33e588]
Event: 80.301 Thread 0x00000246b6cefc50 16174       3       java.util.HashMap$ValueSpliterator::<init> (12 bytes)
Event: 80.301 Thread 0x00000246b6cefc50 nmethod 16174 0x000002469f33e690 code [0x000002469f33e840, 0x000002469f33ea78]

GC Heap History (20 events):
Event: 17.445 GC heap before
{Heap before GC invocations=28 (full 0):
 garbage-first heap   total 137216K, used 111062K [0x0000000740000000, 0x0000000800000000)
  region size 2048K, 18 young (36864K), 2 survivors (4096K)
 Metaspace       used 74481K, committed 75456K, reserved 704512K
  class space    used 10581K, committed 11072K, reserved 638976K
}
Event: 17.450 GC heap after
{Heap after GC invocations=29 (full 0):
 garbage-first heap   total 137216K, used 82699K [0x0000000740000000, 0x0000000800000000)
  region size 2048K, 3 young (6144K), 3 survivors (6144K)
 Metaspace       used 74481K, committed 75456K, reserved 704512K
  class space    used 10581K, committed 11072K, reserved 638976K
}
Event: 17.464 GC heap before
{Heap before GC invocations=29 (full 0):
 garbage-first heap   total 137216K, used 84747K [0x0000000740000000, 0x0000000800000000)
  region size 2048K, 4 young (8192K), 3 survivors (6144K)
 Metaspace       used 74486K, committed 75456K, reserved 704512K
  class space    used 10581K, committed 11072K, reserved 638976K
}
Event: 17.468 GC heap after
{Heap after GC invocations=30 (full 0):
 garbage-first heap   total 137216K, used 82588K [0x0000000740000000, 0x0000000800000000)
  region size 2048K, 1 young (2048K), 1 survivors (2048K)
 Metaspace       used 74486K, committed 75456K, reserved 704512K
  class space    used 10581K, committed 11072K, reserved 638976K
}
Event: 18.168 GC heap before
{Heap before GC invocations=30 (full 0):
 garbage-first heap   total 137216K, used 111260K [0x0000000740000000, 0x0000000800000000)
  region size 2048K, 15 young (30720K), 1 survivors (2048K)
 Metaspace       used 75004K, committed 76032K, reserved 704512K
  class space    used 10599K, committed 11072K, reserved 638976K
}
Event: 18.173 GC heap after
{Heap after GC invocations=31 (full 0):
 garbage-first heap   total 274432K, used 85373K [0x0000000740000000, 0x0000000800000000)
  region size 2048K, 2 young (4096K), 2 survivors (4096K)
 Metaspace       used 75004K, committed 76032K, reserved 704512K
  class space    used 10599K, committed 11072K, reserved 638976K
}
Event: 19.533 GC heap before
{Heap before GC invocations=32 (full 0):
 garbage-first heap   total 274432K, used 204157K [0x0000000740000000, 0x0000000800000000)
  region size 2048K, 61 young (124928K), 2 survivors (4096K)
 Metaspace       used 75166K, committed 76160K, reserved 770048K
  class space    used 10600K, committed 11072K, reserved 638976K
}
Event: 19.541 GC heap after
{Heap after GC invocations=33 (full 0):
 garbage-first heap   total 274432K, used 90436K [0x0000000740000000, 0x0000000800000000)
  region size 2048K, 5 young (10240K), 5 survivors (10240K)
 Metaspace       used 75166K, committed 76160K, reserved 770048K
  class space    used 10600K, committed 11072K, reserved 638976K
}
Event: 19.556 GC heap before
{Heap before GC invocations=33 (full 0):
 garbage-first heap   total 274432K, used 90436K [0x0000000740000000, 0x0000000800000000)
  region size 2048K, 6 young (12288K), 5 survivors (10240K)
 Metaspace       used 75166K, committed 76160K, reserved 770048K
  class space    used 10600K, committed 11072K, reserved 638976K
}
Event: 19.562 GC heap after
{Heap after GC invocations=34 (full 0):
 garbage-first heap   total 274432K, used 90716K [0x0000000740000000, 0x0000000800000000)
  region size 2048K, 1 young (2048K), 1 survivors (2048K)
 Metaspace       used 75166K, committed 76160K, reserved 770048K
  class space    used 10600K, committed 11072K, reserved 638976K
}
Event: 29.925 GC heap before
{Heap before GC invocations=34 (full 0):
 garbage-first heap   total 274432K, used 213596K [0x0000000740000000, 0x0000000800000000)
  region size 2048K, 62 young (126976K), 1 survivors (2048K)
 Metaspace       used 76771K, committed 77824K, reserved 770048K
  class space    used 10832K, committed 11328K, reserved 638976K
}
Event: 29.932 GC heap after
{Heap after GC invocations=35 (full 0):
 garbage-first heap   total 274432K, used 103596K [0x0000000740000000, 0x0000000800000000)
  region size 2048K, 7 young (14336K), 7 survivors (14336K)
 Metaspace       used 76771K, committed 77824K, reserved 770048K
  class space    used 10832K, committed 11328K, reserved 638976K
}
Event: 31.476 GC heap before
{Heap before GC invocations=35 (full 0):
 garbage-first heap   total 274432K, used 210092K [0x0000000740000000, 0x0000000800000000)
  region size 2048K, 60 young (122880K), 7 survivors (14336K)
 Metaspace       used 77653K, committed 78784K, reserved 770048K
  class space    used 10854K, committed 11392K, reserved 638976K
}
Event: 31.487 GC heap after
{Heap after GC invocations=36 (full 0):
 garbage-first heap   total 274432K, used 114415K [0x0000000740000000, 0x0000000800000000)
  region size 2048K, 6 young (12288K), 6 survivors (12288K)
 Metaspace       used 77653K, committed 78784K, reserved 770048K
  class space    used 10854K, committed 11392K, reserved 638976K
}
Event: 38.707 GC heap before
{Heap before GC invocations=36 (full 0):
 garbage-first heap   total 274432K, used 214767K [0x0000000740000000, 0x0000000800000000)
  region size 2048K, 55 young (112640K), 6 survivors (12288K)
 Metaspace       used 78231K, committed 79424K, reserved 770048K
  class space    used 10897K, committed 11456K, reserved 638976K
}
Event: 38.720 GC heap after
{Heap after GC invocations=37 (full 0):
 garbage-first heap   total 274432K, used 119845K [0x0000000740000000, 0x0000000800000000)
  region size 2048K, 5 young (10240K), 5 survivors (10240K)
 Metaspace       used 78231K, committed 79424K, reserved 770048K
  class space    used 10897K, committed 11456K, reserved 638976K
}
Event: 54.918 GC heap before
{Heap before GC invocations=37 (full 0):
 garbage-first heap   total 274432K, used 216101K [0x0000000740000000, 0x0000000800000000)
  region size 2048K, 52 young (106496K), 5 survivors (10240K)
 Metaspace       used 78517K, committed 79680K, reserved 770048K
  class space    used 10906K, committed 11456K, reserved 638976K
}
Event: 54.927 GC heap after
{Heap after GC invocations=38 (full 0):
 garbage-first heap   total 274432K, used 115903K [0x0000000740000000, 0x0000000800000000)
  region size 2048K, 2 young (4096K), 2 survivors (4096K)
 Metaspace       used 78517K, committed 79680K, reserved 770048K
  class space    used 10906K, committed 11456K, reserved 638976K
}
Event: 57.172 GC heap before
{Heap before GC invocations=38 (full 0):
 garbage-first heap   total 274432K, used 218303K [0x0000000740000000, 0x0000000800000000)
  region size 2048K, 52 young (106496K), 2 survivors (4096K)
 Metaspace       used 79095K, committed 80448K, reserved 770048K
  class space    used 10949K, committed 11584K, reserved 638976K
}
Event: 57.184 GC heap after
{Heap after GC invocations=39 (full 0):
 garbage-first heap   total 274432K, used 125653K [0x0000000740000000, 0x0000000800000000)
  region size 2048K, 7 young (14336K), 7 survivors (14336K)
 Metaspace       used 79095K, committed 80448K, reserved 770048K
  class space    used 10949K, committed 11584K, reserved 638976K
}

Dll operation events (15 events):
Event: 0.015 Loaded shared library C:\Program Files\Microsoft\jdk-17.0.15.6-hotspot\bin\java.dll
Event: 0.033 Loaded shared library C:\Program Files\Microsoft\jdk-17.0.15.6-hotspot\bin\jsvml.dll
Event: 0.088 Loaded shared library C:\Program Files\Microsoft\jdk-17.0.15.6-hotspot\bin\zip.dll
Event: 0.093 Loaded shared library C:\Program Files\Microsoft\jdk-17.0.15.6-hotspot\bin\instrument.dll
Event: 0.101 Loaded shared library C:\Program Files\Microsoft\jdk-17.0.15.6-hotspot\bin\net.dll
Event: 0.105 Loaded shared library C:\Program Files\Microsoft\jdk-17.0.15.6-hotspot\bin\nio.dll
Event: 0.107 Loaded shared library C:\Program Files\Microsoft\jdk-17.0.15.6-hotspot\bin\zip.dll
Event: 0.392 Loaded shared library C:\Program Files\Microsoft\jdk-17.0.15.6-hotspot\bin\jimage.dll
Event: 0.649 Loaded shared library C:\Program Files\Microsoft\jdk-17.0.15.6-hotspot\bin\verify.dll
Event: 0.905 Loaded shared library C:\Users\HP\.gradle\native\c067742578af261105cb4f569cf0c3c89f3d7b1fecec35dd04571415982c5e48\windows-amd64\native-platform.dll
Event: 0.918 Loaded shared library C:\Users\HP\.gradle\native\100fb08df4bc3b14c8652ba06237920a3bd2aa13389f12d3474272988ae205f9\windows-amd64\native-platform-file-events.dll
Event: 2.236 Loaded shared library C:\Program Files\Microsoft\jdk-17.0.15.6-hotspot\bin\management.dll
Event: 2.244 Loaded shared library C:\Program Files\Microsoft\jdk-17.0.15.6-hotspot\bin\management_ext.dll
Event: 2.471 Loaded shared library C:\Program Files\Microsoft\jdk-17.0.15.6-hotspot\bin\extnet.dll
Event: 2.678 Loaded shared library C:\Program Files\Microsoft\jdk-17.0.15.6-hotspot\bin\sunmscapi.dll

Deoptimization events (20 events):
Event: 79.327 Thread 0x00000246e3100100 Uncommon trap: trap_request=0xffffffbe fr.pc=0x00000246a5c022d8 relative=0x00000000000017f8
Event: 79.327 Thread 0x00000246e3100100 Uncommon trap: reason=profile_predicate action=maybe_recompile pc=0x00000246a5c022d8 method=org.gradle.internal.service.DefaultServiceRegistry$OwnServices.instanceRealized(Lorg/gradle/internal/service/DefaultServiceRegistry$ManagedObjectServiceProvider;Lj
Event: 79.327 Thread 0x00000246e3100100 DEOPT PACKING pc=0x00000246a5c022d8 sp=0x000000d779dfdcb0
Event: 79.327 Thread 0x00000246e3100100 DEOPT UNPACKING pc=0x00000246a4e969a3 sp=0x000000d779dfdca0 mode 2
Event: 79.328 Thread 0x00000246e3100100 Uncommon trap: trap_request=0xffffffbe fr.pc=0x00000246a5c022d8 relative=0x00000000000017f8
Event: 79.328 Thread 0x00000246e3100100 Uncommon trap: reason=profile_predicate action=maybe_recompile pc=0x00000246a5c022d8 method=org.gradle.internal.service.DefaultServiceRegistry$OwnServices.instanceRealized(Lorg/gradle/internal/service/DefaultServiceRegistry$ManagedObjectServiceProvider;Lj
Event: 79.328 Thread 0x00000246e3100100 DEOPT PACKING pc=0x00000246a5c022d8 sp=0x000000d779dfd280
Event: 79.328 Thread 0x00000246e3100100 DEOPT UNPACKING pc=0x00000246a4e969a3 sp=0x000000d779dfd270 mode 2
Event: 79.328 Thread 0x00000246e3100100 Uncommon trap: trap_request=0xffffffbe fr.pc=0x00000246a5c022d8 relative=0x00000000000017f8
Event: 79.328 Thread 0x00000246e3100100 Uncommon trap: reason=profile_predicate action=maybe_recompile pc=0x00000246a5c022d8 method=org.gradle.internal.service.DefaultServiceRegistry$OwnServices.instanceRealized(Lorg/gradle/internal/service/DefaultServiceRegistry$ManagedObjectServiceProvider;Lj
Event: 79.328 Thread 0x00000246e3100100 DEOPT PACKING pc=0x00000246a5c022d8 sp=0x000000d779dfd280
Event: 79.328 Thread 0x00000246e3100100 DEOPT UNPACKING pc=0x00000246a4e969a3 sp=0x000000d779dfd270 mode 2
Event: 79.328 Thread 0x00000246e3100100 Uncommon trap: trap_request=0xffffffbe fr.pc=0x00000246a5c022d8 relative=0x00000000000017f8
Event: 79.328 Thread 0x00000246e3100100 Uncommon trap: reason=profile_predicate action=maybe_recompile pc=0x00000246a5c022d8 method=org.gradle.internal.service.DefaultServiceRegistry$OwnServices.instanceRealized(Lorg/gradle/internal/service/DefaultServiceRegistry$ManagedObjectServiceProvider;Lj
Event: 79.328 Thread 0x00000246e3100100 DEOPT PACKING pc=0x00000246a5c022d8 sp=0x000000d779dfdc80
Event: 79.328 Thread 0x00000246e3100100 DEOPT UNPACKING pc=0x00000246a4e969a3 sp=0x000000d779dfdc70 mode 2
Event: 79.330 Thread 0x00000246e3100100 Uncommon trap: trap_request=0xffffff76 fr.pc=0x00000246a5a01034 relative=0x0000000000000214
Event: 79.330 Thread 0x00000246e3100100 Uncommon trap: reason=predicate action=maybe_recompile pc=0x00000246a5a01034 method=java.util.HashMap.keysToArray([Ljava/lang/Object;)[Ljava/lang/Object; @ 48 c2
Event: 79.330 Thread 0x00000246e3100100 DEOPT PACKING pc=0x00000246a5a01034 sp=0x000000d779dfcf10
Event: 79.330 Thread 0x00000246e3100100 DEOPT UNPACKING pc=0x00000246a4e969a3 sp=0x000000d779dfcea8 mode 2

Classes loaded (20 events):
Event: 20.680 Loading class java/net/UrlDeserializedState
Event: 20.680 Loading class java/net/UrlDeserializedState done
Event: 20.681 Loading class java/net/Proxy
Event: 20.682 Loading class java/net/Proxy done
Event: 20.685 Loading class java/util/concurrent/CompletableFuture$AsyncRun
Event: 20.686 Loading class java/util/concurrent/CompletableFuture$AsyncRun done
Event: 29.622 Loading class jdk/internal/math/FormattedFloatingDecimal$Form
Event: 29.623 Loading class jdk/internal/math/FormattedFloatingDecimal$Form done
Event: 29.623 Loading class jdk/internal/math/FormattedFloatingDecimal
Event: 29.624 Loading class jdk/internal/math/FormattedFloatingDecimal done
Event: 29.624 Loading class jdk/internal/math/FormattedFloatingDecimal$1
Event: 29.624 Loading class jdk/internal/math/FormattedFloatingDecimal$1 done
Event: 29.625 Loading class jdk/internal/math/FormattedFloatingDecimal$2
Event: 29.625 Loading class jdk/internal/math/FormattedFloatingDecimal$2 done
Event: 54.712 Loading class sun/nio/cs/ISO_8859_1$Encoder
Event: 54.713 Loading class sun/nio/cs/ISO_8859_1$Encoder done
Event: 54.725 Loading class sun/nio/cs/Surrogate$Parser
Event: 54.725 Loading class sun/nio/cs/Surrogate$Parser done
Event: 54.725 Loading class sun/nio/cs/Surrogate
Event: 54.726 Loading class sun/nio/cs/Surrogate done

Classes unloaded (0 events):
No events

Classes redefined (0 events):
No events

Internal exceptions (20 events):
Event: 54.977 Thread 0x00000246e3100100 Exception <a 'sun/nio/fs/WindowsException'{0x000000074fd86128}> (0x000000074fd86128) 
thrown [s\src\hotspot\share\prims\jni.cpp, line 516]
Event: 54.978 Thread 0x00000246e3100100 Exception <a 'sun/nio/fs/WindowsException'{0x000000074fd87e00}> (0x000000074fd87e00) 
thrown [s\src\hotspot\share\prims\jni.cpp, line 516]
Event: 54.978 Thread 0x00000246e3100100 Exception <a 'sun/nio/fs/WindowsException'{0x000000074fd8bc18}> (0x000000074fd8bc18) 
thrown [s\src\hotspot\share\prims\jni.cpp, line 516]
Event: 55.987 Thread 0x00000246e6b84d00 Exception <a 'sun/nio/fs/WindowsException'{0x000000074d0929e0}> (0x000000074d0929e0) 
thrown [s\src\hotspot\share\prims\jni.cpp, line 516]
Event: 55.988 Thread 0x00000246e6b84d00 Exception <a 'sun/nio/fs/WindowsException'{0x000000074d094c50}> (0x000000074d094c50) 
thrown [s\src\hotspot\share\prims\jni.cpp, line 516]
Event: 55.988 Thread 0x00000246e6b84d00 Exception <a 'sun/nio/fs/WindowsException'{0x000000074d096e20}> (0x000000074d096e20) 
thrown [s\src\hotspot\share\prims\jni.cpp, line 516]
Event: 55.989 Thread 0x00000246e6b84d00 Exception <a 'sun/nio/fs/WindowsException'{0x000000074d098f90}> (0x000000074d098f90) 
thrown [s\src\hotspot\share\prims\jni.cpp, line 516]
Event: 55.994 Thread 0x00000246e57b10d0 Exception <a 'sun/nio/fs/WindowsException'{0x000000074d45c108}> (0x000000074d45c108) 
thrown [s\src\hotspot\share\prims\jni.cpp, line 516]
Event: 56.082 Thread 0x00000246e57b10d0 Exception <a 'sun/nio/fs/WindowsException'{0x000000074cf624d8}> (0x000000074cf624d8) 
thrown [s\src\hotspot\share\prims\jni.cpp, line 516]
Event: 56.082 Thread 0x00000246e57b10d0 Exception <a 'sun/nio/fs/WindowsException'{0x000000074cf64528}> (0x000000074cf64528) 
thrown [s\src\hotspot\share\prims\jni.cpp, line 516]
Event: 56.083 Thread 0x00000246e57b10d0 Exception <a 'sun/nio/fs/WindowsException'{0x000000074cf664e8}> (0x000000074cf664e8) 
thrown [s\src\hotspot\share\prims\jni.cpp, line 516]
Event: 56.083 Thread 0x00000246e57b10d0 Exception <a 'sun/nio/fs/WindowsException'{0x000000074cf68160}> (0x000000074cf68160) 
thrown [s\src\hotspot\share\prims\jni.cpp, line 516]
Event: 57.035 Thread 0x00000246e57b15e0 Exception <a 'sun/nio/fs/WindowsException'{0x000000074b3e8620}> (0x000000074b3e8620) 
thrown [s\src\hotspot\share\prims\jni.cpp, line 516]
Event: 57.035 Thread 0x00000246e57b15e0 Exception <a 'sun/nio/fs/WindowsException'{0x000000074b3ea790}> (0x000000074b3ea790) 
thrown [s\src\hotspot\share\prims\jni.cpp, line 516]
Event: 57.036 Thread 0x00000246e57b15e0 Exception <a 'sun/nio/fs/WindowsException'{0x000000074b3ec840}> (0x000000074b3ec840) 
thrown [s\src\hotspot\share\prims\jni.cpp, line 516]
Event: 57.036 Thread 0x00000246e57b15e0 Exception <a 'sun/nio/fs/WindowsException'{0x000000074b3ee800}> (0x000000074b3ee800) 
thrown [s\src\hotspot\share\prims\jni.cpp, line 516]
Event: 58.005 Thread 0x00000246e6b7dda0 Exception <a 'sun/nio/fs/WindowsException'{0x000000074dbabc10}> (0x000000074dbabc10) 
thrown [s\src\hotspot\share\prims\jni.cpp, line 516]
Event: 58.006 Thread 0x00000246e6b7dda0 Exception <a 'sun/nio/fs/WindowsException'{0x000000074dbb3538}> (0x000000074dbb3538) 
thrown [s\src\hotspot\share\prims\jni.cpp, line 516]
Event: 58.006 Thread 0x00000246e6b7dda0 Exception <a 'sun/nio/fs/WindowsException'{0x000000074dbbad18}> (0x000000074dbbad18) 
thrown [s\src\hotspot\share\prims\jni.cpp, line 516]
Event: 58.006 Thread 0x00000246e6b7dda0 Exception <a 'sun/nio/fs/WindowsException'{0x000000074dbbe310}> (0x000000074dbbe310) 
thrown [s\src\hotspot\share\prims\jni.cpp, line 516]

VM Operations (20 events):
Event: 58.192 Executing VM operation: Cleanup
Event: 58.192 Executing VM operation: Cleanup done
Event: 59.196 Executing VM operation: Cleanup
Event: 59.196 Executing VM operation: Cleanup done
Event: 60.202 Executing VM operation: HandshakeAllThreads
Event: 60.202 Executing VM operation: HandshakeAllThreads done
Event: 71.270 Executing VM operation: Cleanup
Event: 71.270 Executing VM operation: Cleanup done
Event: 72.270 Executing VM operation: Cleanup
Event: 72.270 Executing VM operation: Cleanup done
Event: 73.280 Executing VM operation: Cleanup
Event: 73.280 Executing VM operation: Cleanup done
Event: 74.281 Executing VM operation: Cleanup
Event: 74.282 Executing VM operation: Cleanup done
Event: 75.285 Executing VM operation: Cleanup
Event: 75.286 Executing VM operation: Cleanup done
Event: 79.313 Executing VM operation: Cleanup
Event: 79.313 Executing VM operation: Cleanup done
Event: 80.315 Executing VM operation: Cleanup
Event: 80.315 Executing VM operation: Cleanup done

Memory protections (0 events):
No events

Nmethod flushes (20 events):
Event: 31.789 Thread 0x00000246b6cf25f0 flushing  nmethod 0x000002469ec93410
Event: 31.789 Thread 0x00000246b6cf25f0 flushing  nmethod 0x000002469ecabb10
Event: 31.789 Thread 0x00000246b6cf25f0 flushing  nmethod 0x000002469ecb2f90
Event: 31.791 Thread 0x00000246b6cf25f0 flushing  nmethod 0x000002469ef2c810
Event: 57.030 Thread 0x00000246b6cf25f0 flushing  nmethod 0x00000246a550f290
Event: 57.034 Thread 0x00000246b6cf25f0 flushing  nmethod 0x00000246a5662f10
Event: 57.044 Thread 0x00000246b6cf25f0 flushing  nmethod 0x00000246a5a00290
Event: 57.047 Thread 0x00000246b6cf25f0 flushing  nmethod 0x00000246a5bff990
Event: 57.050 Thread 0x00000246b6cf25f0 flushing  nmethod 0x000002469d997910
Event: 57.058 Thread 0x00000246b6cf25f0 flushing  nmethod 0x000002469de54590
Event: 57.064 Thread 0x00000246b6cf25f0 flushing  nmethod 0x000002469e178710
Event: 57.066 Thread 0x00000246b6cf25f0 flushing  nmethod 0x000002469e260410
Event: 57.070 Thread 0x00000246b6cf25f0 flushing  nmethod 0x000002469e380390
Event: 57.070 Thread 0x00000246b6cf25f0 flushing  nmethod 0x000002469e407f10
Event: 57.075 Thread 0x00000246b6cf25f0 flushing  nmethod 0x000002469e601590
Event: 57.083 Thread 0x00000246b6cf25f0 flushing  nmethod 0x000002469eb01e90
Event: 57.084 Thread 0x00000246b6cf25f0 flushing  nmethod 0x000002469eb4e310
Event: 57.085 Thread 0x00000246b6cf25f0 flushing  nmethod 0x000002469ec95490
Event: 57.086 Thread 0x00000246b6cf25f0 flushing  nmethod 0x000002469ecd5810
Event: 57.086 Thread 0x00000246b6cf25f0 flushing  nmethod 0x000002469ed11090

Events (20 events):
Event: 57.898 Thread 0x00000246e3fb47c0 Thread exited: 0x00000246e3fb47c0
Event: 57.898 Thread 0x00000246e54bfa80 Thread exited: 0x00000246e54bfa80
Event: 57.898 Thread 0x00000246eae888c0 Thread exited: 0x00000246eae888c0
Event: 57.899 Thread 0x00000246eae82380 Thread exited: 0x00000246eae82380
Event: 57.904 Thread 0x00000246eae837c0 Thread exited: 0x00000246eae837c0
Event: 57.906 Thread 0x00000246eae82da0 Thread exited: 0x00000246eae82da0
Event: 57.918 Thread 0x00000246eae80f40 Thread exited: 0x00000246eae80f40
Event: 57.941 Thread 0x00000246eae81960 Thread exited: 0x00000246eae81960
Event: 57.946 Thread 0x00000246eae832b0 Thread exited: 0x00000246eae832b0
Event: 58.289 Thread 0x00000246e9930680 Thread exited: 0x00000246e9930680
Event: 70.718 Thread 0x00000246b6cef290 Thread added: 0x00000246e992ebf0
Event: 71.681 Thread 0x00000246e992ebf0 Thread exited: 0x00000246e992ebf0
Event: 78.192 Thread 0x00000246eb3a11c0 Thread exited: 0x00000246eb3a11c0
Event: 79.300 Thread 0x00000246e3101540 Thread added: 0x00000246eae81960
Event: 79.310 Thread 0x00000246e3101540 Thread added: 0x00000246eae81450
Event: 79.324 Thread 0x00000246e3100100 Thread added: 0x00000246eae846f0
Event: 79.326 Thread 0x00000246e3100100 Thread added: 0x00000246eae82890
Event: 79.327 Thread 0x00000246e3100100 Thread added: 0x00000246eae81e70
Event: 79.337 Thread 0x00000246e3100100 Thread added: 0x00000246eae837c0
Event: 79.341 Thread 0x00000246e3100100 Thread added: 0x00000246eae82380


Dynamic libraries:
0x00007ff77d7d0000 - 0x00007ff77d7de000 	C:\Program Files\Microsoft\jdk-17.0.15.6-hotspot\bin\java.exe
0x00007ff8dc440000 - 0x00007ff8dc6a7000 	C:\WINDOWS\SYSTEM32\ntdll.dll
0x00007ff8db7d0000 - 0x00007ff8db899000 	C:\WINDOWS\System32\KERNEL32.DLL
0x00007ff8d9bd0000 - 0x00007ff8d9fc1000 	C:\WINDOWS\System32\KERNELBASE.dll
0x00007ff8d9fd0000 - 0x00007ff8da11b000 	C:\WINDOWS\System32\ucrtbase.dll
0x00007ff8b9530000 - 0x00007ff8b954d000 	C:\Program Files\Microsoft\jdk-17.0.15.6-hotspot\bin\VCRUNTIME140.dll
0x00007ff897430000 - 0x00007ff897447000 	C:\Program Files\Microsoft\jdk-17.0.15.6-hotspot\bin\jli.dll
0x00007ff8db410000 - 0x00007ff8db5d5000 	C:\WINDOWS\System32\USER32.dll
0x00007ff8b8ca0000 - 0x00007ff8b8f33000 	C:\WINDOWS\WinSxS\amd64_microsoft.windows.common-controls_6595b64144ccf1df_6.0.26100.7922_none_3e089e1ee3342171\COMCTL32.dll
0x00007ff8d9970000 - 0x00007ff8d9997000 	C:\WINDOWS\System32\win32u.dll
0x00007ff8da2b0000 - 0x00007ff8da359000 	C:\WINDOWS\System32\msvcrt.dll
0x00007ff8dbed0000 - 0x00007ff8dbefb000 	C:\WINDOWS\System32\GDI32.dll
0x00007ff8d97b0000 - 0x00007ff8d98da000 	C:\WINDOWS\System32\gdi32full.dll
0x00007ff8d9b20000 - 0x00007ff8d9bc3000 	C:\WINDOWS\System32\msvcp_win.dll
0x00007ff8da360000 - 0x00007ff8da391000 	C:\WINDOWS\System32\IMM32.DLL
0x00007ff899b90000 - 0x00007ff899b9c000 	C:\Program Files\Microsoft\jdk-17.0.15.6-hotspot\bin\vcruntime140_1.dll
0x00007ff83d120000 - 0x00007ff83d1ad000 	C:\Program Files\Microsoft\jdk-17.0.15.6-hotspot\bin\msvcp140.dll
0x00007ff834070000 - 0x00007ff834ce2000 	C:\Program Files\Microsoft\jdk-17.0.15.6-hotspot\bin\server\jvm.dll
0x00007ff8db220000 - 0x00007ff8db2db000 	C:\WINDOWS\System32\ADVAPI32.dll
0x00007ff8da9f0000 - 0x00007ff8daa97000 	C:\WINDOWS\System32\sechost.dll
0x00007ff8db2e0000 - 0x00007ff8db3f8000 	C:\WINDOWS\System32\RPCRT4.dll
0x00007ff8db740000 - 0x00007ff8db7b4000 	C:\WINDOWS\System32\WS2_32.dll
0x00007ff8c6ef0000 - 0x00007ff8c6efb000 	C:\WINDOWS\SYSTEM32\VERSION.dll
0x00007ff8d0b20000 - 0x00007ff8d0b55000 	C:\WINDOWS\SYSTEM32\WINMM.dll
0x00007ff8d8b80000 - 0x00007ff8d8bde000 	C:\WINDOWS\SYSTEM32\POWRPROF.dll
0x00007ff8d8b60000 - 0x00007ff8d8b74000 	C:\WINDOWS\SYSTEM32\UMPDC.dll
0x00007ff8d7ab0000 - 0x00007ff8d7acb000 	C:\WINDOWS\SYSTEM32\kernel.appcore.dll
0x00007ff897890000 - 0x00007ff89789a000 	C:\Program Files\Microsoft\jdk-17.0.15.6-hotspot\bin\jimage.dll
0x00007ff8d6bc0000 - 0x00007ff8d6e02000 	C:\WINDOWS\SYSTEM32\DBGHELP.DLL
0x00007ff8dbf70000 - 0x00007ff8dc2f2000 	C:\WINDOWS\System32\combase.dll
0x00007ff8dbb90000 - 0x00007ff8dbc67000 	C:\WINDOWS\System32\OLEAUT32.dll
0x00007ff8b6050000 - 0x00007ff8b608b000 	C:\WINDOWS\SYSTEM32\dbgcore.DLL
0x00007ff8d9700000 - 0x00007ff8d97a5000 	C:\WINDOWS\System32\bcryptPrimitives.dll
0x00007ff88e7d0000 - 0x00007ff88e7de000 	C:\Program Files\Microsoft\jdk-17.0.15.6-hotspot\bin\instrument.dll
0x00007ff897400000 - 0x00007ff897425000 	C:\Program Files\Microsoft\jdk-17.0.15.6-hotspot\bin\java.dll
0x00007ff83d040000 - 0x00007ff83d116000 	C:\Program Files\Microsoft\jdk-17.0.15.6-hotspot\bin\jsvml.dll
0x00007ff8daab0000 - 0x00007ff8db20f000 	C:\WINDOWS\System32\SHELL32.dll
0x00007ff8d8d20000 - 0x00007ff8d8e8a000 	C:\WINDOWS\System32\wintypes.dll
0x00007ff8d8e90000 - 0x00007ff8d96f4000 	C:\WINDOWS\System32\windows.storage.dll
0x00007ff8dbdd0000 - 0x00007ff8dbec7000 	C:\WINDOWS\System32\SHCORE.dll
0x00007ff8dbf00000 - 0x00007ff8dbf67000 	C:\WINDOWS\System32\shlwapi.dll
0x00007ff8d8c40000 - 0x00007ff8d8c69000 	C:\WINDOWS\SYSTEM32\profapi.dll
0x00007ff8838b0000 - 0x00007ff8838c8000 	C:\Program Files\Microsoft\jdk-17.0.15.6-hotspot\bin\zip.dll
0x00007ff88a720000 - 0x00007ff88a73a000 	C:\Program Files\Microsoft\jdk-17.0.15.6-hotspot\bin\net.dll
0x00007ff8cda60000 - 0x00007ff8cdb87000 	C:\WINDOWS\SYSTEM32\WINHTTP.dll
0x00007ff8d8020000 - 0x00007ff8d808b000 	C:\WINDOWS\system32\mswsock.dll
0x00007ff88a700000 - 0x00007ff88a716000 	C:\Program Files\Microsoft\jdk-17.0.15.6-hotspot\bin\nio.dll
0x00007ff8976e0000 - 0x00007ff8976f0000 	C:\Program Files\Microsoft\jdk-17.0.15.6-hotspot\bin\verify.dll
0x00007ff886160000 - 0x00007ff886187000 	C:\Users\HP\.gradle\native\c067742578af261105cb4f569cf0c3c89f3d7b1fecec35dd04571415982c5e48\windows-amd64\native-platform.dll
0x00007ff8796e0000 - 0x00007ff879824000 	C:\Users\HP\.gradle\native\100fb08df4bc3b14c8652ba06237920a3bd2aa13389f12d3474272988ae205f9\windows-amd64\native-platform-file-events.dll
0x00007ff894870000 - 0x00007ff89487a000 	C:\Program Files\Microsoft\jdk-17.0.15.6-hotspot\bin\management.dll
0x00007ff893630000 - 0x00007ff89363b000 	C:\Program Files\Microsoft\jdk-17.0.15.6-hotspot\bin\management_ext.dll
0x00007ff8db7c0000 - 0x00007ff8db7c8000 	C:\WINDOWS\System32\PSAPI.DLL
0x00007ff8d8300000 - 0x00007ff8d831b000 	C:\WINDOWS\SYSTEM32\CRYPTSP.dll
0x00007ff8d7a10000 - 0x00007ff8d7a49000 	C:\WINDOWS\system32\rsaenh.dll
0x00007ff8d80d0000 - 0x00007ff8d8102000 	C:\WINDOWS\SYSTEM32\USERENV.dll
0x00007ff8d8c10000 - 0x00007ff8d8c3a000 	C:\WINDOWS\SYSTEM32\bcrypt.dll
0x00007ff8d8320000 - 0x00007ff8d832c000 	C:\WINDOWS\SYSTEM32\CRYPTBASE.dll
0x00007ff8d7470000 - 0x00007ff8d74a3000 	C:\WINDOWS\SYSTEM32\IPHLPAPI.DLL
0x00007ff8daaa0000 - 0x00007ff8daaaa000 	C:\WINDOWS\System32\NSI.dll
0x00007ff8d0ef0000 - 0x00007ff8d0f0d000 	C:\WINDOWS\SYSTEM32\dhcpcsvc6.DLL
0x00007ff8cfb00000 - 0x00007ff8cfb23000 	C:\WINDOWS\SYSTEM32\dhcpcsvc.DLL
0x00007ff8d7500000 - 0x00007ff8d762a000 	C:\WINDOWS\SYSTEM32\DNSAPI.dll
0x00007ff893090000 - 0x00007ff893099000 	C:\Program Files\Microsoft\jdk-17.0.15.6-hotspot\bin\extnet.dll
0x00007ff88de20000 - 0x00007ff88de2e000 	C:\Program Files\Microsoft\jdk-17.0.15.6-hotspot\bin\sunmscapi.dll
0x00007ff8d99a0000 - 0x00007ff8d9b17000 	C:\WINDOWS\System32\CRYPT32.dll
0x00007ff8d8520000 - 0x00007ff8d8550000 	C:\WINDOWS\SYSTEM32\ncrypt.dll
0x00007ff8d84d0000 - 0x00007ff8d850f000 	C:\WINDOWS\SYSTEM32\NTASN1.dll
0x00007ff8c4030000 - 0x00007ff8c4038000 	C:\WINDOWS\system32\wshunix.dll

dbghelp: loaded successfully - version: 4.0.5 - missing functions: none
symbol engine: initialized successfully - sym options: 0x614 - pdb path: .;C:\Program Files\Microsoft\jdk-17.0.15.6-hotspot\bin;C:\WINDOWS\SYSTEM32;C:\WINDOWS\WinSxS\amd64_microsoft.windows.common-controls_6595b64144ccf1df_6.0.26100.7922_none_3e089e1ee3342171;C:\Program Files\Microsoft\jdk-17.0.15.6-hotspot\bin\server;C:\Users\HP\.gradle\native\c067742578af261105cb4f569cf0c3c89f3d7b1fecec35dd04571415982c5e48\windows-amd64;C:\Users\HP\.gradle\native\100fb08df4bc3b14c8652ba06237920a3bd2aa13389f12d3474272988ae205f9\windows-amd64

VM Arguments:
jvm_args: -XX:MaxMetaspaceSize=768m -XX:+HeapDumpOnOutOfMemoryError --add-opens=java.base/java.util=ALL-UNNAMED --add-opens=java.base/java.lang=ALL-UNNAMED --add-opens=java.base/java.lang.invoke=ALL-UNNAMED --add-opens=java.prefs/java.util.prefs=ALL-UNNAMED --add-exports=jdk.compiler/com.sun.tools.javac.api=ALL-UNNAMED --add-exports=jdk.compiler/com.sun.tools.javac.util=ALL-UNNAMED --add-opens=java.base/java.nio.charset=ALL-UNNAMED --add-opens=java.base/java.net=ALL-UNNAMED --add-opens=java.base/java.util.concurrent.atomic=ALL-UNNAMED -Xmx3072m -Dfile.encoding=UTF-8 -Duser.country=IN -Duser.language=en -Duser.variant -javaagent:C:\Users\HP\.gradle\wrapper\dists\gradle-8.9-bin\90cnw93cvbtalezasaz0blq0a\gradle-8.9\lib\agents\gradle-instrumentation-agent-8.9.jar 
java_command: org.gradle.launcher.daemon.bootstrap.GradleDaemon 8.9
java_class_path (initial): C:\Users\HP\.gradle\wrapper\dists\gradle-8.9-bin\90cnw93cvbtalezasaz0blq0a\gradle-8.9\lib\gradle-daemon-main-8.9.jar
Launcher Type: SUN_STANDARD

[Global flags]
     intx CICompilerCount                          = 4                                         {product} {ergonomic}
   size_t CompressedClassSpaceSize                 = 654311424                                 {product} {ergonomic}
     uint ConcGCThreads                            = 3                                         {product} {ergonomic}
     uint G1ConcRefinementThreads                  = 10                                        {product} {ergonomic}
   size_t G1HeapRegionSize                         = 2097152                                   {product} {ergonomic}
    uintx GCDrainStackTargetSize                   = 64                                        {product} {ergonomic}
     bool HeapDumpOnOutOfMemoryError               = true                                   {manageable} {command line}
   size_t InitialHeapSize                          = 130023424                                 {product} {ergonomic}
   size_t MarkStackSize                            = 4194304                                   {product} {ergonomic}
   size_t MaxHeapSize                              = 3221225472                                {product} {command line}
   size_t MaxMetaspaceSize                         = 805306368                                 {product} {command line}
   size_t MaxNewSize                               = 1931476992                                {product} {ergonomic}
   size_t MinHeapDeltaBytes                        = 2097152                                   {product} {ergonomic}
   size_t MinHeapSize                              = 8388608                                   {product} {ergonomic}
    uintx NonNMethodCodeHeapSize                   = 5839372                                {pd product} {ergonomic}
    uintx NonProfiledCodeHeapSize                  = 122909434                              {pd product} {ergonomic}
    uintx ProfiledCodeHeapSize                     = 122909434                              {pd product} {ergonomic}
    uintx ReservedCodeCacheSize                    = 251658240                              {pd product} {ergonomic}
     bool SegmentedCodeCache                       = true                                      {product} {ergonomic}
   size_t SoftMaxHeapSize                          = 3221225472                             {manageable} {ergonomic}
     bool UseCompressedClassPointers               = true                           {product lp64_product} {ergonomic}
     bool UseCompressedOops                        = true                           {product lp64_product} {ergonomic}
     bool UseG1GC                                  = true                                      {product} {ergonomic}
     bool UseLargePagesIndividualAllocation        = false                                  {pd product} {ergonomic}

Logging:
Log output configuration:
 #0: stdout all=warning uptime,level,tags
 #1: stderr all=off uptime,level,tags

Environment Variables:
JAVA_HOME=C:\Program Files\Microsoft\jdk-17.0.15.6-hotspot
PATH=C:\Users\HP\AppData\Local\Programs\Microsoft VS Code;C:\Program Files\Microsoft\jdk-17.0.15.6-hotspot\bin;C:\WINDOWS\system32;C:\WINDOWS;C:\WINDOWS\System32\Wbem;C:\WINDOWS\System32\WindowsPowerShell\v1.0\;C:\WINDOWS\System32\OpenSSH\;C:\Program Files\Git\cmd;C:\Program Files\dotnet\;C:\ProgramData\chocolatey\bin;C:\Users\HP\AppData\Local\Android\Sdk\platform-tools;C:\Users\HP\AppData\Local\Android\Sdk;C:\Users\HP\AppData\Local\Android\Sdk\emulator;;C:\Program Files\Docker\Docker\resources\bin;C:\Program Files\PuTTY\;C:\Program Files\nodejs\;C:\Program Files\MySQL\MySQL Shell 8.0\bin\;C:\Users\HP\AppData\Local\Microsoft\WindowsApps;C:\Users\HP\AppData\Local\Programs\Microsoft VS Code\bin;C:\Users\HP\AppData\Local\Android\Sdk\platform-tools;C:\Users\HP\AppData\Local\Android\Sdk;C:\Users\HP\AppData\Local\Android\Sdk\emulator;C:\Users\HP\AppData\Roaming\npm
USERNAME=HP
OS=Windows_NT
PROCESSOR_IDENTIFIER=Intel64 Family 6 Model 154 Stepping 4, GenuineIntel
TMP=C:\Users\HP\AppData\Local\Temp
TEMP=C:\Users\HP\AppData\Local\Temp



Periodic native trim disabled


---------------  S Y S T E M  ---------------

OS:
 Windows 11 , 64 bit Build 26100 (10.0.26100.7920)
OS uptime: 13 days 22:34 hours
Hyper-V role detected

CPU: total 12 (initial active 12) (6 cores per cpu, 2 threads per core) family 6 model 154 stepping 4 microcode 0x432, cx8, cmov, fxsr, ht, mmx, 3dnowpref, sse, sse2, sse3, ssse3, sse4.1, sse4.2, popcnt, lzcnt, tsc, tscinvbit, avx, avx2, aes, erms, clmul, bmi1, bmi2, adx, sha, fma, vzeroupper, clflush, clflushopt, clwb, hv
Processor Information for processor 0
  Max Mhz: 1300, Current Mhz: 1300, Mhz Limit: 1300
Processor Information for processor 1
  Max Mhz: 1300, Current Mhz: 1300, Mhz Limit: 1300
Processor Information for processor 2
  Max Mhz: 1300, Current Mhz: 1300, Mhz Limit: 1300
Processor Information for processor 3
  Max Mhz: 1300, Current Mhz: 1300, Mhz Limit: 1300
Processor Information for processor 4
  Max Mhz: 1300, Current Mhz: 900, Mhz Limit: 897
Processor Information for processor 5
  Max Mhz: 1300, Current Mhz: 900, Mhz Limit: 897
Processor Information for processor 6
  Max Mhz: 1300, Current Mhz: 900, Mhz Limit: 897
Processor Information for processor 7
  Max Mhz: 1300, Current Mhz: 900, Mhz Limit: 897
Processor Information for processor 8
  Max Mhz: 1300, Current Mhz: 900, Mhz Limit: 897
Processor Information for processor 9
  Max Mhz: 1300, Current Mhz: 900, Mhz Limit: 897
Processor Information for processor 10
  Max Mhz: 1300, Current Mhz: 900, Mhz Limit: 897
Processor Information for processor 11
  Max Mhz: 1300, Current Mhz: 900, Mhz Limit: 897

Memory: 4k page, system-wide physical 7835M (694M free)
TotalPageFile size 31387M (AvailPageFile size 19M)
current process WorkingSet (physical memory assigned to process): 190M, peak: 532M
current process commit charge ("private bytes"): 571M, peak: 599M

vm_info: OpenJDK 64-Bit Server VM (17.0.15+6-LTS) for windows-amd64 JRE (17.0.15+6-LTS), built on Apr  9 2025 22:27:25 by "MicrosoftCorporation" with unknown MS VC++:1939

END.
