#
# There is insufficient memory for the Java Runtime Environment to continue.
# Native memory allocation (malloc) failed to allocate 1417296 bytes. Error detail: Chunk::new
# Possible reasons:
#   The system is out of physical RAM or swap space
#   This process is running with CompressedOops enabled, and the Java Heap may be blocking the growth of the native heap
# Possible solutions:
#   Reduce memory load on the system
#   Increase physical memory or swap space
#   Check if swap backing store is full
#   Decrease Java heap size (-Xmx/-Xms)
#   Decrease number of Java threads
#   Decrease Java thread stack sizes (-Xss)
#   Set larger code cache with -XX:ReservedCodeCacheSize=
#   JVM is running with Unscaled Compressed Oops mode in which the Java heap is
#     placed in the first 4GB address space. The Java Heap base address is the
#     maximum limit for the native heap growth. Please use -XX:HeapBaseMinAddress
#     to set the Java Heap base and to place the Java Heap above 4GB virtual address.
# This output file may be truncated or incomplete.
#
#  Out of Memory Error (arena.cpp:191), pid=16880, tid=33604
#
# JRE version: OpenJDK Runtime Environment Microsoft-11369865 (17.0.15+6) (build 17.0.15+6-LTS)
# Java VM: OpenJDK 64-Bit Server VM Microsoft-11369865 (17.0.15+6-LTS, mixed mode, sharing, tiered, compressed oops, compressed class ptrs, g1 gc, windows-amd64)
# No core dump will be written. Minidumps are not enabled by default on client versions of Windows
#

---------------  S U M M A R Y ------------

Command Line: --add-opens=java.base/java.util=ALL-UNNAMED --add-opens=java.base/java.lang=ALL-UNNAMED --add-opens=java.base/java.lang.invoke=ALL-UNNAMED --add-opens=java.prefs/java.util.prefs=ALL-UNNAMED --add-exports=jdk.compiler/com.sun.tools.javac.api=ALL-UNNAMED --add-exports=jdk.compiler/com.sun.tools.javac.util=ALL-UNNAMED --add-opens=java.base/java.nio.charset=ALL-UNNAMED --add-opens=java.base/java.net=ALL-UNNAMED --add-opens=java.base/java.util.concurrent.atomic=ALL-UNNAMED -XX:MaxMetaspaceSize=384m -XX:+HeapDumpOnOutOfMemoryError -Xms256m -Xmx512m -Dfile.encoding=utf8 -Duser.country=IN -Duser.language=en -Duser.variant -javaagent:C:\Users\HP\.gradle\wrapper\dists\gradle-8.9-bin\90cnw93cvbtalezasaz0blq0a\gradle-8.9\lib\agents\gradle-instrumentation-agent-8.9.jar org.gradle.launcher.daemon.bootstrap.GradleDaemon 8.9

Host: 12th Gen Intel(R) Core(TM) i5-1235U, 12 cores, 7G,  Windows 11 , 64 bit Build 26100 (10.0.26100.7920)
Time: Thu Mar 26 11:06:58 2026 India Standard Time elapsed time: 30.149392 seconds (0d 0h 0m 30s)

---------------  T H R E A D  ---------------

Current thread (0x0000024eddc0b600):  JavaThread "C2 CompilerThread1" daemon [_thread_in_native, id=33604, stack(0x0000007047800000,0x0000007047900000)]


Current CompileTask:
C2:  30149 11617       4       org.gradle.internal.operations.DefaultBuildOperationRunner$2::execute (12 bytes)

Stack: [0x0000007047800000,0x0000007047900000]
Native frames: (J=compiled Java code, j=interpreted, Vv=VM code, C=native code)
V  [jvm.dll+0x6887a9]
V  [jvm.dll+0x83f5a8]
V  [jvm.dll+0x841053]
V  [jvm.dll+0x8416c3]
V  [jvm.dll+0x2496ef]
V  [jvm.dll+0xad134]
V  [jvm.dll+0xad7cc]
V  [jvm.dll+0x36aedf]
V  [jvm.dll+0x335513]
V  [jvm.dll+0x3349aa]
V  [jvm.dll+0x21a908]
V  [jvm.dll+0x219d3f]
V  [jvm.dll+0x1a55f6]
V  [jvm.dll+0x22a39a]
V  [jvm.dll+0x2284db]
V  [jvm.dll+0x7f4e28]
V  [jvm.dll+0x7ef2dc]
V  [jvm.dll+0x687687]
C  [ucrtbase.dll+0x37b0]
C  [KERNEL32.DLL+0x2e8d7]
C  [ntdll.dll+0x8c48c]


---------------  P R O C E S S  ---------------

Threads class SMR info:
_java_thread_list=0x0000024ee32be0b0, length=83, elements={
0x0000024ea8f0c500, 0x0000024ec3f08d90, 0x0000024ec3f0a070, 0x0000024ec3f1f1d0,
0x0000024ec3f21ab0, 0x0000024ec3f22380, 0x0000024ec3f22c50, 0x0000024ec3f23900,
0x0000024ec3f262d0, 0x0000024ec3f26be0, 0x0000024ec3ef7140, 0x0000024edd197f00,
0x0000024ede466c60, 0x0000024ede52c820, 0x0000024edd35ed50, 0x0000024edde71e80,
0x0000024edf2c1df0, 0x0000024edf2c0ec0, 0x0000024edf2c18e0, 0x0000024edf2bf060,
0x0000024edf2c2300, 0x0000024edd6e18c0, 0x0000024edd6e13b0, 0x0000024edd6df040,
0x0000024edd6e0990, 0x0000024edd6dff70, 0x0000024edd6e22e0, 0x0000024edd6e27f0,
0x0000024edd6e2d00, 0x0000024edd6e5580, 0x0000024edd6e3210, 0x0000024edd6e5fa0,
0x0000024edd6e4140, 0x0000024edd6e4650, 0x0000024edd6e4b60, 0x0000024ede0d5ea0,
0x0000024eddc0b600, 0x0000024edf2c04a0, 0x0000024edf2c2810, 0x0000024ee202a750,
0x0000024ee3e83d10, 0x0000024ee3e823c0, 0x0000024ee3e832f0, 0x0000024ee3e81eb0,
0x0000024ee3e828d0, 0x0000024ee3e84220, 0x0000024ee3e84c40, 0x0000024ee3e82de0,
0x0000024ee3e81490, 0x0000024ee3e85150, 0x0000024ee3e88900, 0x0000024ee3e86590,
0x0000024ee3e85b70, 0x0000024ee3e86080, 0x0000024ee3e88e10, 0x0000024ee3e86aa0,
0x0000024ee3e86fb0, 0x0000024ee3e874c0, 0x0000024ee3e85660, 0x0000024ee3e879d0,
0x0000024ee3e87ee0, 0x0000024ee3e883f0, 0x0000024ee06b3790, 0x0000024ee06b5b00,
0x0000024ee06b6010, 0x0000024ee06b4bd0, 0x0000024ee06b6a30, 0x0000024ee06b7450,
0x0000024ee06b6f40, 0x0000024ee06b46c0, 0x0000024ee06b50e0, 0x0000024ee06b55f0,
0x0000024ee06b3ca0, 0x0000024ee06b7960, 0x0000024ee06b41b0, 0x0000024ee06ba1e0,
0x0000024ee06b8890, 0x0000024ee06b8380, 0x0000024ee06bac00, 0x0000024ee06b8da0,
0x0000024ee06b92b0, 0x0000024ee06b97c0, 0x0000024ee06b7e70
}

Java Threads: ( => current thread )
  0x0000024ea8f0c500 JavaThread "main" [_thread_blocked, id=764, stack(0x0000007044400000,0x0000007044500000)]
  0x0000024ec3f08d90 JavaThread "Reference Handler" daemon [_thread_blocked, id=2404, stack(0x0000007044b00000,0x0000007044c00000)]
  0x0000024ec3f0a070 JavaThread "Finalizer" daemon [_thread_blocked, id=26844, stack(0x0000007044c00000,0x0000007044d00000)]
  0x0000024ec3f1f1d0 JavaThread "Signal Dispatcher" daemon [_thread_blocked, id=21912, stack(0x0000007044d00000,0x0000007044e00000)]
  0x0000024ec3f21ab0 JavaThread "Attach Listener" daemon [_thread_blocked, id=17204, stack(0x0000007044e00000,0x0000007044f00000)]
  0x0000024ec3f22380 JavaThread "Service Thread" daemon [_thread_blocked, id=9696, stack(0x0000007044f00000,0x0000007045000000)]
  0x0000024ec3f22c50 JavaThread "Monitor Deflation Thread" daemon [_thread_blocked, id=28360, stack(0x0000007045000000,0x0000007045100000)]
  0x0000024ec3f23900 JavaThread "C2 CompilerThread0" daemon [_thread_in_native, id=4888, stack(0x0000007045100000,0x0000007045200000)]
  0x0000024ec3f262d0 JavaThread "C1 CompilerThread0" daemon [_thread_blocked, id=9552, stack(0x0000007045200000,0x0000007045300000)]
  0x0000024ec3f26be0 JavaThread "Sweeper thread" daemon [_thread_blocked, id=9412, stack(0x0000007045300000,0x0000007045400000)]
  0x0000024ec3ef7140 JavaThread "Common-Cleaner" daemon [_thread_blocked, id=16072, stack(0x0000007045400000,0x0000007045500000)]
  0x0000024edd197f00 JavaThread "Notification Thread" daemon [_thread_blocked, id=11772, stack(0x0000007045500000,0x0000007045600000)]
  0x0000024ede466c60 JavaThread "Daemon health stats" [_thread_blocked, id=5700, stack(0x0000007045e00000,0x0000007045f00000)]
  0x0000024ede52c820 JavaThread "Incoming local TCP Connector on port 53636" [_thread_in_native, id=12600, stack(0x0000007045700000,0x0000007045800000)]
  0x0000024edd35ed50 JavaThread "Daemon periodic checks" [_thread_blocked, id=20060, stack(0x0000007045800000,0x0000007045900000)]
  0x0000024edde71e80 JavaThread "Daemon" [_thread_blocked, id=31472, stack(0x0000007045f00000,0x0000007046000000)]
  0x0000024edf2c1df0 JavaThread "Daemon worker" [_thread_in_native, id=13904, stack(0x0000007046200000,0x0000007046300000)]
  0x0000024edf2c0ec0 JavaThread "Cache worker for journal cache (C:\Users\HP\.gradle\caches\journal-1)" [_thread_blocked, id=1660, stack(0x0000007046600000,0x0000007046700000)]
  0x0000024edf2c18e0 JavaThread "File lock request listener" [_thread_in_native, id=14060, stack(0x0000007046700000,0x0000007046800000)]
  0x0000024edf2bf060 JavaThread "Cache worker for file hash cache (C:\Users\HP\.gradle\caches\8.9\fileHashes)" [_thread_blocked, id=22752, stack(0x0000007046800000,0x0000007046900000)]
  0x0000024edf2c2300 JavaThread "File watcher server" daemon [_thread_in_native, id=1208, stack(0x0000007047300000,0x0000007047400000)]
  0x0000024edd6e18c0 JavaThread "File watcher consumer" daemon [_thread_blocked, id=15404, stack(0x0000007047400000,0x0000007047500000)]
  0x0000024edd6e13b0 JavaThread "jar transforms" [_thread_blocked, id=21696, stack(0x0000007047500000,0x0000007047600000)]
  0x0000024edd6df040 JavaThread "jar transforms Thread 2" [_thread_blocked, id=23376, stack(0x0000007047600000,0x0000007047700000)]
  0x0000024edd6e0990 JavaThread "jar transforms Thread 3" [_thread_blocked, id=23724, stack(0x0000007047700000,0x0000007047800000)]
  0x0000024edd6dff70 JavaThread "Cache worker for file content cache (C:\Users\HP\.gradle\caches\8.9\fileContent)" [_thread_blocked, id=6136, stack(0x0000007047900000,0x0000007047a00000)]
  0x0000024edd6e22e0 JavaThread "jar transforms Thread 4" [_thread_blocked, id=32440, stack(0x0000007046e00000,0x0000007046f00000)]
  0x0000024edd6e27f0 JavaThread "jar transforms Thread 5" [_thread_blocked, id=32448, stack(0x0000007047b00000,0x0000007047c00000)]
  0x0000024edd6e2d00 JavaThread "jar transforms Thread 6" [_thread_blocked, id=32700, stack(0x0000007047e00000,0x0000007047f00000)]
  0x0000024edd6e5580 JavaThread "jar transforms Thread 7" [_thread_blocked, id=32704, stack(0x0000007047f00000,0x0000007048000000)]
  0x0000024edd6e3210 JavaThread "jar transforms Thread 8" [_thread_blocked, id=32708, stack(0x0000007048000000,0x0000007048100000)]
  0x0000024edd6e5fa0 JavaThread "jar transforms Thread 9" [_thread_blocked, id=32712, stack(0x0000007048100000,0x0000007048200000)]
  0x0000024edd6e4140 JavaThread "jar transforms Thread 10" [_thread_blocked, id=32724, stack(0x0000007048200000,0x0000007048300000)]
  0x0000024edd6e4650 JavaThread "jar transforms Thread 11" [_thread_blocked, id=32728, stack(0x0000007048300000,0x0000007048400000)]
  0x0000024edd6e4b60 JavaThread "jar transforms Thread 12" [_thread_blocked, id=32732, stack(0x0000007048400000,0x0000007048500000)]
  0x0000024ede0d5ea0 JavaThread "VFS cleanup" [_thread_blocked, id=33044, stack(0x0000007046300000,0x0000007046400000)]
=>0x0000024eddc0b600 JavaThread "C2 CompilerThread1" daemon [_thread_in_native, id=33604, stack(0x0000007047800000,0x0000007047900000)]
  0x0000024edf2c04a0 JavaThread "Memory manager" [_thread_blocked, id=33668, stack(0x0000007048500000,0x0000007048600000)]
  0x0000024edf2c2810 JavaThread "included builds" [_thread_blocked, id=32664, stack(0x000000704aa00000,0x000000704ab00000)]
  0x0000024ee202a750 JavaThread "C2 CompilerThread2" daemon [_thread_in_native, id=18600, stack(0x0000007047000000,0x0000007047100000)]
  0x0000024ee3e83d10 JavaThread "Handler for socket connection from /127.0.0.1:53636 to /127.0.0.1:53627" [_thread_in_native, id=32896, stack(0x0000007046000000,0x0000007046100000)]
  0x0000024ee3e823c0 JavaThread "Cancel handler" [_thread_blocked, id=32876, stack(0x0000007046100000,0x0000007046200000)]
  0x0000024ee3e832f0 JavaThread "Asynchronous log dispatcher for DefaultDaemonConnection: socket connection from /127.0.0.1:53636 to /127.0.0.1:53627" [_thread_blocked, id=32932, stack(0x0000007046400000,0x0000007046500000)]
  0x0000024ee3e81eb0 JavaThread "Stdin handler" [_thread_blocked, id=32984, stack(0x0000007046500000,0x0000007046600000)]
  0x0000024ee3e828d0 JavaThread "Daemon client event forwarder" [_thread_in_Java, id=32884, stack(0x0000007046900000,0x0000007046a00000)]
  0x0000024ee3e84220 JavaThread "Cache worker for file hash cache (D:\Parkitdemo\Updated-Sundukpay\node_modules\react-native-inappbrowser-reborn\android\.gradle\8.9\fileHashes)" [_thread_blocked, id=32964, stack(0x0000007046f00000,0x0000007047000000)]
  0x0000024ee3e84c40 JavaThread "Cache worker for Build Output Cleanup Cache (D:\Parkitdemo\Updated-Sundukpay\node_modules\react-native-inappbrowser-reborn\android\.gradle\buildOutputCleanup)" [_thread_blocked, id=32956, stack(0x0000007047a00000,0x0000007047b00000)]
  0x0000024ee3e82de0 JavaThread "Cache worker for checksums cache (D:\Parkitdemo\Updated-Sundukpay\node_modules\react-native-inappbrowser-reborn\android\.gradle\8.9\checksums)" [_thread_blocked, id=32908, stack(0x0000007047c00000,0x0000007047d00000)]
  0x0000024ee3e81490 JavaThread "Cache worker for cache directory md-rule (C:\Users\HP\.gradle\caches\8.9\md-rule)" [_thread_blocked, id=32916, stack(0x0000007047d00000,0x0000007047e00000)]
  0x0000024ee3e85150 JavaThread "Cache worker for cache directory md-supplier (C:\Users\HP\.gradle\caches\8.9\md-supplier)" [_thread_blocked, id=32980, stack(0x0000007048600000,0x0000007048700000)]
  0x0000024ee3e88900 JavaThread "Unconstrained build operations" [_thread_blocked, id=32924, stack(0x0000007048700000,0x0000007048800000)]
  0x0000024ee3e86590 JavaThread "Unconstrained build operations Thread 2" [_thread_blocked, id=32972, stack(0x0000007048800000,0x0000007048900000)]
  0x0000024ee3e85b70 JavaThread "Unconstrained build operations Thread 3" [_thread_blocked, id=32940, stack(0x0000007048900000,0x0000007048a00000)]
  0x0000024ee3e86080 JavaThread "Unconstrained build operations Thread 4" [_thread_blocked, id=32952, stack(0x0000007048a00000,0x0000007048b00000)]
  0x0000024ee3e88e10 JavaThread "Unconstrained build operations Thread 5" [_thread_blocked, id=32976, stack(0x0000007048b00000,0x0000007048c00000)]
  0x0000024ee3e86aa0 JavaThread "Unconstrained build operations Thread 6" [_thread_blocked, id=32988, stack(0x0000007048c00000,0x0000007048d00000)]
  0x0000024ee3e86fb0 JavaThread "Unconstrained build operations Thread 7" [_thread_blocked, id=32928, stack(0x0000007048d00000,0x0000007048e00000)]
  0x0000024ee3e874c0 JavaThread "Unconstrained build operations Thread 8" [_thread_blocked, id=32992, stack(0x0000007048e00000,0x0000007048f00000)]
  0x0000024ee3e85660 JavaThread "Unconstrained build operations Thread 9" [_thread_blocked, id=32960, stack(0x0000007049100000,0x0000007049200000)]
  0x0000024ee3e879d0 JavaThread "Unconstrained build operations Thread 10" [_thread_blocked, id=32936, stack(0x0000007049200000,0x0000007049300000)]
  0x0000024ee3e87ee0 JavaThread "Unconstrained build operations Thread 11" [_thread_blocked, id=32880, stack(0x0000007049300000,0x0000007049400000)]
  0x0000024ee3e883f0 JavaThread "Unconstrained build operations Thread 12" [_thread_blocked, id=32968, stack(0x0000007049400000,0x0000007049500000)]
  0x0000024ee06b3790 JavaThread "Unconstrained build operations Thread 13" [_thread_blocked, id=32860, stack(0x0000007049500000,0x0000007049600000)]
  0x0000024ee06b5b00 JavaThread "Unconstrained build operations Thread 14" [_thread_blocked, id=32912, stack(0x0000007049600000,0x0000007049700000)]
  0x0000024ee06b6010 JavaThread "Unconstrained build operations Thread 15" [_thread_blocked, id=32920, stack(0x0000007049700000,0x0000007049800000)]
  0x0000024ee06b4bd0 JavaThread "Unconstrained build operations Thread 16" [_thread_blocked, id=32948, stack(0x0000007049800000,0x0000007049900000)]
  0x0000024ee06b6a30 JavaThread "Unconstrained build operations Thread 17" [_thread_blocked, id=32944, stack(0x0000007049900000,0x0000007049a00000)]
  0x0000024ee06b7450 JavaThread "Unconstrained build operations Thread 18" [_thread_blocked, id=31380, stack(0x0000007049a00000,0x0000007049b00000)]
  0x0000024ee06b6f40 JavaThread "Unconstrained build operations Thread 19" [_thread_blocked, id=11000, stack(0x0000007049b00000,0x0000007049c00000)]
  0x0000024ee06b46c0 JavaThread "Unconstrained build operations Thread 20" [_thread_blocked, id=15500, stack(0x0000007049c00000,0x0000007049d00000)]
  0x0000024ee06b50e0 JavaThread "Unconstrained build operations Thread 21" [_thread_blocked, id=3092, stack(0x0000007049d00000,0x0000007049e00000)]
  0x0000024ee06b55f0 JavaThread "Unconstrained build operations Thread 22" [_thread_blocked, id=33040, stack(0x0000007049e00000,0x0000007049f00000)]
  0x0000024ee06b3ca0 JavaThread "Unconstrained build operations Thread 23" [_thread_blocked, id=18088, stack(0x0000007049f00000,0x000000704a000000)]
  0x0000024ee06b7960 JavaThread "Unconstrained build operations Thread 24" [_thread_blocked, id=22240, stack(0x000000704a000000,0x000000704a100000)]
  0x0000024ee06b41b0 JavaThread "Unconstrained build operations Thread 25" [_thread_blocked, id=13648, stack(0x000000704a100000,0x000000704a200000)]
  0x0000024ee06ba1e0 JavaThread "Unconstrained build operations Thread 26" [_thread_blocked, id=2856, stack(0x000000704a200000,0x000000704a300000)]
  0x0000024ee06b8890 JavaThread "Unconstrained build operations Thread 27" [_thread_blocked, id=32812, stack(0x000000704a300000,0x000000704a400000)]
  0x0000024ee06b8380 JavaThread "Unconstrained build operations Thread 28" [_thread_blocked, id=32484, stack(0x000000704a400000,0x000000704a500000)]
  0x0000024ee06bac00 JavaThread "Unconstrained build operations Thread 29" [_thread_blocked, id=1476, stack(0x000000704a500000,0x000000704a600000)]
  0x0000024ee06b8da0 JavaThread "Unconstrained build operations Thread 30" [_thread_blocked, id=16800, stack(0x000000704a600000,0x000000704a700000)]
  0x0000024ee06b92b0 JavaThread "Unconstrained build operations Thread 31" [_thread_blocked, id=33120, stack(0x000000704a700000,0x000000704a800000)]
  0x0000024ee06b97c0 JavaThread "Unconstrained build operations Thread 32" [_thread_blocked, id=4664, stack(0x000000704a800000,0x000000704a900000)]
  0x0000024ee06b7e70 JavaThread "Unconstrained build operations Thread 33" [_thread_blocked, id=32836, stack(0x000000704a900000,0x000000704aa00000)]

Other Threads:
  0x0000024ec3f04da0 VMThread "VM Thread" [stack: 0x0000007044a00000,0x0000007044b00000] [id=7488]
  0x0000024edd183c20 WatcherThread [stack: 0x0000007045600000,0x0000007045700000] [id=17420]
  0x0000024ea8f3b2e0 GCTaskThread "GC Thread#0" [stack: 0x0000007044500000,0x0000007044600000] [id=13792]
  0x0000024edd44e930 GCTaskThread "GC Thread#1" [stack: 0x0000007045900000,0x0000007045a00000] [id=21876]
  0x0000024edd87eb30 GCTaskThread "GC Thread#2" [stack: 0x0000007045a00000,0x0000007045b00000] [id=16828]
  0x0000024edd87edf0 GCTaskThread "GC Thread#3" [stack: 0x0000007045b00000,0x0000007045c00000] [id=18680]
  0x0000024edde87e10 GCTaskThread "GC Thread#4" [stack: 0x0000007045c00000,0x0000007045d00000] [id=5132]
  0x0000024edd7226e0 GCTaskThread "GC Thread#5" [stack: 0x0000007045d00000,0x0000007045e00000] [id=23476]
  0x0000024edf547e50 GCTaskThread "GC Thread#6" [stack: 0x0000007046a00000,0x0000007046b00000] [id=25224]
  0x0000024edf548110 GCTaskThread "GC Thread#7" [stack: 0x0000007046b00000,0x0000007046c00000] [id=25016]
  0x0000024edf5483d0 GCTaskThread "GC Thread#8" [stack: 0x0000007046c00000,0x0000007046d00000] [id=27176]
  0x0000024edf548690 GCTaskThread "GC Thread#9" [stack: 0x0000007046d00000,0x0000007046e00000] [id=408]
  0x0000024ea8f40140 ConcurrentGCThread "G1 Main Marker" [stack: 0x0000007044600000,0x0000007044700000] [id=15912]
  0x0000024ea8f41740 ConcurrentGCThread "G1 Conc#0" [stack: 0x0000007044700000,0x0000007044800000] [id=30592]
  0x0000024edf547350 ConcurrentGCThread "G1 Conc#1" [stack: 0x0000007047100000,0x0000007047200000] [id=21924]
  0x0000024edf548c10 ConcurrentGCThread "G1 Conc#2" [stack: 0x0000007047200000,0x0000007047300000] [id=31708]
  0x0000024ec3dbe140 ConcurrentGCThread "G1 Refine#0" [stack: 0x0000007044800000,0x0000007044900000] [id=23800]
  0x0000024ede4c0580 ConcurrentGCThread "G1 Refine#1" [stack: 0x0000007048f00000,0x0000007049000000] [id=32900]
  0x0000024ede3c2770 ConcurrentGCThread "G1 Refine#2" [stack: 0x0000007049000000,0x0000007049100000] [id=32904]
  0x0000024ec3dbf930 ConcurrentGCThread "G1 Service" [stack: 0x0000007044900000,0x0000007044a00000] [id=14876]

Threads with active compile tasks:
C2 CompilerThread0    30252 11661       4       groovy.lang.MetaClassImpl::createMetaBeanProperty (35 bytes)
C2 CompilerThread1    30252 11617       4       org.gradle.internal.operations.DefaultBuildOperationRunner$2::execute (12 bytes)
C2 CompilerThread2    30252 11673       4       java.io.ObjectOutputStream::writeClassDesc (60 bytes)

VM state: not at safepoint (normal execution)

VM Mutex/Monitor currently owned by a thread: None

Heap address: 0x00000000e0000000, size: 512 MB, Compressed Oops mode: 32-bit

CDS archive(s) mapped at: [0x0000024ec4000000-0x0000024ec4bb0000-0x0000024ec4bb0000), size 12255232, SharedBaseAddress: 0x0000024ec4000000, ArchiveRelocationMode: 1.
Compressed class space mapped at: 0x0000024ec5000000-0x0000024ed9000000, reserved size: 335544320
Narrow klass base: 0x0000024ec4000000, Narrow klass shift: 0, Narrow klass range: 0x100000000

GC Precious Log:
 CPUs: 12 total, 12 available
 Memory: 7835M
 Large Page Support: Disabled
 NUMA Support: Disabled
 Compressed Oops: Enabled (32-bit)
 Heap Region Size: 1M
 Heap Min Capacity: 256M
 Heap Initial Capacity: 256M
 Heap Max Capacity: 512M
 Pre-touch: Disabled
 Parallel Workers: 10
 Concurrent Workers: 3
 Concurrent Refinement Workers: 10
 Periodic GC: Disabled

Heap:
 garbage-first heap   total 262144K, used 108139K [0x00000000e0000000, 0x0000000100000000)
  region size 1024K, 21 young (21504K), 12 survivors (12288K)
 Metaspace       used 82102K, committed 82944K, reserved 458752K
  class space    used 11297K, committed 11712K, reserved 327680K

Heap Regions: E=young(eden), S=young(survivor), O=old, HS=humongous(starts), HC=humongous(continues), CS=collection set, F=free, OA=open archive, CA=closed archive, TAMS=top-at-mark-start (previous, next)
|   0|0x00000000e0000000, 0x00000000e0100000, 0x00000000e0100000|100%|HS|  |TAMS 0x00000000e0100000, 0x00000000e0000000| Complete 
|   1|0x00000000e0100000, 0x00000000e0200000, 0x00000000e0200000|100%|HC|  |TAMS 0x00000000e0200000, 0x00000000e0100000| Complete 
|   2|0x00000000e0200000, 0x00000000e0300000, 0x00000000e0300000|100%|HC|  |TAMS 0x00000000e0300000, 0x00000000e0200000| Complete 
|   3|0x00000000e0300000, 0x00000000e0400000, 0x00000000e0400000|100%|HC|  |TAMS 0x00000000e0400000, 0x00000000e0300000| Complete 
|   4|0x00000000e0400000, 0x00000000e0500000, 0x00000000e0500000|100%| O|  |TAMS 0x00000000e0500000, 0x00000000e0400000| Untracked 
|   5|0x00000000e0500000, 0x00000000e0600000, 0x00000000e0600000|100%| O|  |TAMS 0x00000000e0600000, 0x00000000e0500000| Untracked 
|   6|0x00000000e0600000, 0x00000000e0700000, 0x00000000e0700000|100%| O|  |TAMS 0x00000000e0700000, 0x00000000e0600000| Untracked 
|   7|0x00000000e0700000, 0x00000000e0800000, 0x00000000e0800000|100%| O|  |TAMS 0x00000000e0800000, 0x00000000e0700000| Untracked 
|   8|0x00000000e0800000, 0x00000000e0900000, 0x00000000e0900000|100%| O|  |TAMS 0x00000000e0900000, 0x00000000e0800000| Untracked 
|   9|0x00000000e0900000, 0x00000000e0a00000, 0x00000000e0a00000|100%| O|  |TAMS 0x00000000e0a00000, 0x00000000e0900000| Untracked 
|  10|0x00000000e0a00000, 0x00000000e0b00000, 0x00000000e0b00000|100%| O|  |TAMS 0x00000000e0b00000, 0x00000000e0a00000| Untracked 
|  11|0x00000000e0b00000, 0x00000000e0c00000, 0x00000000e0c00000|100%|HS|  |TAMS 0x00000000e0c00000, 0x00000000e0b00000| Complete 
|  12|0x00000000e0c00000, 0x00000000e0d00000, 0x00000000e0d00000|100%| O|  |TAMS 0x00000000e0d00000, 0x00000000e0c00000| Untracked 
|  13|0x00000000e0d00000, 0x00000000e0e00000, 0x00000000e0e00000|100%| O|  |TAMS 0x00000000e0e00000, 0x00000000e0d00000| Untracked 
|  14|0x00000000e0e00000, 0x00000000e0f00000, 0x00000000e0f00000|100%| O|  |TAMS 0x00000000e0f00000, 0x00000000e0e00000| Untracked 
|  15|0x00000000e0f00000, 0x00000000e1000000, 0x00000000e1000000|100%| O|  |TAMS 0x00000000e1000000, 0x00000000e0f00000| Untracked 
|  16|0x00000000e1000000, 0x00000000e1100000, 0x00000000e1100000|100%| O|  |TAMS 0x00000000e1100000, 0x00000000e1000000| Untracked 
|  17|0x00000000e1100000, 0x00000000e1200000, 0x00000000e1200000|100%| O|  |TAMS 0x00000000e1200000, 0x00000000e1100000| Untracked 
|  18|0x00000000e1200000, 0x00000000e1300000, 0x00000000e1300000|100%| O|  |TAMS 0x00000000e1300000, 0x00000000e1200000| Untracked 
|  19|0x00000000e1300000, 0x00000000e1400000, 0x00000000e1400000|100%| O|  |TAMS 0x00000000e1400000, 0x00000000e1300000| Untracked 
|  20|0x00000000e1400000, 0x00000000e1500000, 0x00000000e1500000|100%| O|  |TAMS 0x00000000e1500000, 0x00000000e1400000| Untracked 
|  21|0x00000000e1500000, 0x00000000e1600000, 0x00000000e1600000|100%| O|  |TAMS 0x00000000e1600000, 0x00000000e1500000| Untracked 
|  22|0x00000000e1600000, 0x00000000e1700000, 0x00000000e1700000|100%|HS|  |TAMS 0x00000000e1700000, 0x00000000e1600000| Complete 
|  23|0x00000000e1700000, 0x00000000e1800000, 0x00000000e1800000|100%|HC|  |TAMS 0x00000000e1800000, 0x00000000e1700000| Complete 
|  24|0x00000000e1800000, 0x00000000e1900000, 0x00000000e1900000|100%| O|  |TAMS 0x00000000e1900000, 0x00000000e1800000| Untracked 
|  25|0x00000000e1900000, 0x00000000e1a00000, 0x00000000e1a00000|100%| O|  |TAMS 0x00000000e1a00000, 0x00000000e1900000| Untracked 
|  26|0x00000000e1a00000, 0x00000000e1b00000, 0x00000000e1b00000|100%| O|  |TAMS 0x00000000e1b00000, 0x00000000e1a00000| Untracked 
|  27|0x00000000e1b00000, 0x00000000e1c00000, 0x00000000e1c00000|100%| O|  |TAMS 0x00000000e1c00000, 0x00000000e1b00000| Untracked 
|  28|0x00000000e1c00000, 0x00000000e1d00000, 0x00000000e1d00000|100%| O|  |TAMS 0x00000000e1d00000, 0x00000000e1c00000| Untracked 
|  29|0x00000000e1d00000, 0x00000000e1e00000, 0x00000000e1e00000|100%| O|  |TAMS 0x00000000e1e00000, 0x00000000e1d00000| Untracked 
|  30|0x00000000e1e00000, 0x00000000e1f00000, 0x00000000e1f00000|100%| O|  |TAMS 0x00000000e1f00000, 0x00000000e1e00000| Untracked 
|  31|0x00000000e1f00000, 0x00000000e2000000, 0x00000000e2000000|100%| O|  |TAMS 0x00000000e2000000, 0x00000000e1f00000| Untracked 
|  32|0x00000000e2000000, 0x00000000e2100000, 0x00000000e2100000|100%| O|  |TAMS 0x00000000e2100000, 0x00000000e2000000| Untracked 
|  33|0x00000000e2100000, 0x00000000e2200000, 0x00000000e2200000|100%| O|  |TAMS 0x00000000e2200000, 0x00000000e2100000| Untracked 
|  34|0x00000000e2200000, 0x00000000e2300000, 0x00000000e2300000|100%| O|  |TAMS 0x00000000e2300000, 0x00000000e2200000| Untracked 
|  35|0x00000000e2300000, 0x00000000e2400000, 0x00000000e2400000|100%| O|  |TAMS 0x00000000e2400000, 0x00000000e2300000| Untracked 
|  36|0x00000000e2400000, 0x00000000e2500000, 0x00000000e2500000|100%| O|  |TAMS 0x00000000e2500000, 0x00000000e2400000| Untracked 
|  37|0x00000000e2500000, 0x00000000e2600000, 0x00000000e2600000|100%| O|  |TAMS 0x00000000e2600000, 0x00000000e2500000| Untracked 
|  38|0x00000000e2600000, 0x00000000e2700000, 0x00000000e2700000|100%| O|  |TAMS 0x00000000e2700000, 0x00000000e2600000| Untracked 
|  39|0x00000000e2700000, 0x00000000e2800000, 0x00000000e2800000|100%| O|  |TAMS 0x00000000e2800000, 0x00000000e2700000| Untracked 
|  40|0x00000000e2800000, 0x00000000e2900000, 0x00000000e2900000|100%| O|  |TAMS 0x00000000e2900000, 0x00000000e2800000| Untracked 
|  41|0x00000000e2900000, 0x00000000e2a00000, 0x00000000e2a00000|100%| O|  |TAMS 0x00000000e2a00000, 0x00000000e2900000| Untracked 
|  42|0x00000000e2a00000, 0x00000000e2b00000, 0x00000000e2b00000|100%| O|  |TAMS 0x00000000e2b00000, 0x00000000e2a00000| Untracked 
|  43|0x00000000e2b00000, 0x00000000e2c00000, 0x00000000e2c00000|100%| O|  |TAMS 0x00000000e2c00000, 0x00000000e2b00000| Untracked 
|  44|0x00000000e2c00000, 0x00000000e2d00000, 0x00000000e2d00000|100%| O|  |TAMS 0x00000000e2d00000, 0x00000000e2c00000| Untracked 
|  45|0x00000000e2d00000, 0x00000000e2e00000, 0x00000000e2e00000|100%| O|  |TAMS 0x00000000e2e00000, 0x00000000e2d00000| Untracked 
|  46|0x00000000e2e00000, 0x00000000e2f00000, 0x00000000e2f00000|100%| O|  |TAMS 0x00000000e2f00000, 0x00000000e2e00000| Untracked 
|  47|0x00000000e2f00000, 0x00000000e3000000, 0x00000000e3000000|100%| O|  |TAMS 0x00000000e3000000, 0x00000000e2f00000| Untracked 
|  48|0x00000000e3000000, 0x00000000e3100000, 0x00000000e3100000|100%| O|  |TAMS 0x00000000e3100000, 0x00000000e3000000| Untracked 
|  49|0x00000000e3100000, 0x00000000e3200000, 0x00000000e3200000|100%| O|  |TAMS 0x00000000e3200000, 0x00000000e3100000| Untracked 
|  50|0x00000000e3200000, 0x00000000e3300000, 0x00000000e3300000|100%| O|  |TAMS 0x00000000e3300000, 0x00000000e3200000| Untracked 
|  51|0x00000000e3300000, 0x00000000e3400000, 0x00000000e3400000|100%| O|  |TAMS 0x00000000e3400000, 0x00000000e3300000| Untracked 
|  52|0x00000000e3400000, 0x00000000e3500000, 0x00000000e3500000|100%| O|  |TAMS 0x00000000e3500000, 0x00000000e3400000| Untracked 
|  53|0x00000000e3500000, 0x00000000e3500000, 0x00000000e3600000|  0%| F|  |TAMS 0x00000000e3500000, 0x00000000e3500000| Untracked 
|  54|0x00000000e3600000, 0x00000000e3700000, 0x00000000e3700000|100%|HS|  |TAMS 0x00000000e3700000, 0x00000000e3600000| Complete 
|  55|0x00000000e3700000, 0x00000000e3800000, 0x00000000e3800000|100%|HS|  |TAMS 0x00000000e3800000, 0x00000000e3700000| Complete 
|  56|0x00000000e3800000, 0x00000000e3900000, 0x00000000e3900000|100%|HS|  |TAMS 0x00000000e3900000, 0x00000000e3800000| Complete 
|  57|0x00000000e3900000, 0x00000000e3a00000, 0x00000000e3a00000|100%| O|  |TAMS 0x00000000e3900000, 0x00000000e3900000| Untracked 
|  58|0x00000000e3a00000, 0x00000000e3b00000, 0x00000000e3b00000|100%| O|  |TAMS 0x00000000e3a00000, 0x00000000e3a00000| Untracked 
|  59|0x00000000e3b00000, 0x00000000e3c00000, 0x00000000e3c00000|100%| O|  |TAMS 0x00000000e3b00000, 0x00000000e3b00000| Untracked 
|  60|0x00000000e3c00000, 0x00000000e3d00000, 0x00000000e3d00000|100%| O|  |TAMS 0x00000000e3c00000, 0x00000000e3c00000| Untracked 
|  61|0x00000000e3d00000, 0x00000000e3e00000, 0x00000000e3e00000|100%| O|  |TAMS 0x00000000e3d00000, 0x00000000e3d00000| Untracked 
|  62|0x00000000e3e00000, 0x00000000e3f00000, 0x00000000e3f00000|100%| O|  |TAMS 0x00000000e3e00000, 0x00000000e3e00000| Untracked 
|  63|0x00000000e3f00000, 0x00000000e4000000, 0x00000000e4000000|100%| O|  |TAMS 0x00000000e3f00000, 0x00000000e3f00000| Untracked 
|  64|0x00000000e4000000, 0x00000000e4100000, 0x00000000e4100000|100%|HS|  |TAMS 0x00000000e4000000, 0x00000000e4000000| Complete 
|  65|0x00000000e4100000, 0x00000000e4200000, 0x00000000e4200000|100%|HC|  |TAMS 0x00000000e4100000, 0x00000000e4100000| Complete 
|  66|0x00000000e4200000, 0x00000000e4300000, 0x00000000e4300000|100%|HS|  |TAMS 0x00000000e4200000, 0x00000000e4200000| Complete 
|  67|0x00000000e4300000, 0x00000000e4400000, 0x00000000e4400000|100%| O|  |TAMS 0x00000000e4300000, 0x00000000e4300000| Untracked 
|  68|0x00000000e4400000, 0x00000000e4500000, 0x00000000e4500000|100%| O|  |TAMS 0x00000000e4400000, 0x00000000e4400000| Untracked 
|  69|0x00000000e4500000, 0x00000000e4600000, 0x00000000e4600000|100%| O|  |TAMS 0x00000000e4500000, 0x00000000e4500000| Untracked 
|  70|0x00000000e4600000, 0x00000000e4700000, 0x00000000e4700000|100%| O|  |TAMS 0x00000000e4600000, 0x00000000e4600000| Untracked 
|  71|0x00000000e4700000, 0x00000000e4800000, 0x00000000e4800000|100%| O|  |TAMS 0x00000000e4700000, 0x00000000e4700000| Untracked 
|  72|0x00000000e4800000, 0x00000000e4900000, 0x00000000e4900000|100%| O|  |TAMS 0x00000000e4800000, 0x00000000e4800000| Untracked 
|  73|0x00000000e4900000, 0x00000000e4a00000, 0x00000000e4a00000|100%| O|  |TAMS 0x00000000e4900000, 0x00000000e4900000| Untracked 
|  74|0x00000000e4a00000, 0x00000000e4b00000, 0x00000000e4b00000|100%| O|  |TAMS 0x00000000e4a00000, 0x00000000e4a00000| Untracked 
|  75|0x00000000e4b00000, 0x00000000e4c00000, 0x00000000e4c00000|100%| O|  |TAMS 0x00000000e4b00000, 0x00000000e4b00000| Untracked 
|  76|0x00000000e4c00000, 0x00000000e4d00000, 0x00000000e4d00000|100%| O|  |TAMS 0x00000000e4c00000, 0x00000000e4c00000| Untracked 
|  77|0x00000000e4d00000, 0x00000000e4e00000, 0x00000000e4e00000|100%| O|  |TAMS 0x00000000e4d00000, 0x00000000e4d00000| Untracked 
|  78|0x00000000e4e00000, 0x00000000e4f00000, 0x00000000e4f00000|100%| O|  |TAMS 0x00000000e4e00000, 0x00000000e4e00000| Untracked 
|  79|0x00000000e4f00000, 0x00000000e5000000, 0x00000000e5000000|100%| O|  |TAMS 0x00000000e4f00000, 0x00000000e4f00000| Untracked 
|  80|0x00000000e5000000, 0x00000000e5100000, 0x00000000e5100000|100%| O|  |TAMS 0x00000000e5000000, 0x00000000e5000000| Untracked 
|  81|0x00000000e5100000, 0x00000000e5200000, 0x00000000e5200000|100%| O|  |TAMS 0x00000000e5100000, 0x00000000e5100000| Untracked 
|  82|0x00000000e5200000, 0x00000000e5300000, 0x00000000e5300000|100%| O|  |TAMS 0x00000000e5200000, 0x00000000e5200000| Untracked 
|  83|0x00000000e5300000, 0x00000000e5400000, 0x00000000e5400000|100%| O|  |TAMS 0x00000000e5300000, 0x00000000e5300000| Untracked 
|  84|0x00000000e5400000, 0x00000000e5500000, 0x00000000e5500000|100%| O|  |TAMS 0x00000000e5400000, 0x00000000e5400000| Untracked 
|  85|0x00000000e5500000, 0x00000000e5600000, 0x00000000e5600000|100%| O|  |TAMS 0x00000000e5500000, 0x00000000e5500000| Untracked 
|  86|0x00000000e5600000, 0x00000000e56e5600, 0x00000000e5700000| 89%| O|  |TAMS 0x00000000e5600000, 0x00000000e5600000| Untracked 
|  87|0x00000000e5700000, 0x00000000e5700000, 0x00000000e5800000|  0%| F|  |TAMS 0x00000000e5700000, 0x00000000e5700000| Untracked 
|  88|0x00000000e5800000, 0x00000000e5800000, 0x00000000e5900000|  0%| F|  |TAMS 0x00000000e5800000, 0x00000000e5800000| Untracked 
|  89|0x00000000e5900000, 0x00000000e5900000, 0x00000000e5a00000|  0%| F|  |TAMS 0x00000000e5900000, 0x00000000e5900000| Untracked 
|  90|0x00000000e5a00000, 0x00000000e5a00000, 0x00000000e5b00000|  0%| F|  |TAMS 0x00000000e5a00000, 0x00000000e5a00000| Untracked 
|  91|0x00000000e5b00000, 0x00000000e5b00000, 0x00000000e5c00000|  0%| F|  |TAMS 0x00000000e5b00000, 0x00000000e5b00000| Untracked 
|  92|0x00000000e5c00000, 0x00000000e5c00000, 0x00000000e5d00000|  0%| F|  |TAMS 0x00000000e5c00000, 0x00000000e5c00000| Untracked 
|  93|0x00000000e5d00000, 0x00000000e5d00000, 0x00000000e5e00000|  0%| F|  |TAMS 0x00000000e5d00000, 0x00000000e5d00000| Untracked 
|  94|0x00000000e5e00000, 0x00000000e5e00000, 0x00000000e5f00000|  0%| F|  |TAMS 0x00000000e5e00000, 0x00000000e5e00000| Untracked 
|  95|0x00000000e5f00000, 0x00000000e5f00000, 0x00000000e6000000|  0%| F|  |TAMS 0x00000000e5f00000, 0x00000000e5f00000| Untracked 
|  96|0x00000000e6000000, 0x00000000e6000000, 0x00000000e6100000|  0%| F|  |TAMS 0x00000000e6000000, 0x00000000e6000000| Untracked 
|  97|0x00000000e6100000, 0x00000000e6100000, 0x00000000e6200000|  0%| F|  |TAMS 0x00000000e6100000, 0x00000000e6100000| Untracked 
|  98|0x00000000e6200000, 0x00000000e6200000, 0x00000000e6300000|  0%| F|  |TAMS 0x00000000e6200000, 0x00000000e6200000| Untracked 
|  99|0x00000000e6300000, 0x00000000e6300000, 0x00000000e6400000|  0%| F|  |TAMS 0x00000000e6300000, 0x00000000e6300000| Untracked 
| 100|0x00000000e6400000, 0x00000000e6400000, 0x00000000e6500000|  0%| F|  |TAMS 0x00000000e6400000, 0x00000000e6400000| Untracked 
| 101|0x00000000e6500000, 0x00000000e6500000, 0x00000000e6600000|  0%| F|  |TAMS 0x00000000e6500000, 0x00000000e6500000| Untracked 
| 102|0x00000000e6600000, 0x00000000e6600000, 0x00000000e6700000|  0%| F|  |TAMS 0x00000000e6600000, 0x00000000e6600000| Untracked 
| 103|0x00000000e6700000, 0x00000000e6700000, 0x00000000e6800000|  0%| F|  |TAMS 0x00000000e6700000, 0x00000000e6700000| Untracked 
| 104|0x00000000e6800000, 0x00000000e6800000, 0x00000000e6900000|  0%| F|  |TAMS 0x00000000e6800000, 0x00000000e6800000| Untracked 
| 105|0x00000000e6900000, 0x00000000e6900000, 0x00000000e6a00000|  0%| F|  |TAMS 0x00000000e6900000, 0x00000000e6900000| Untracked 
| 106|0x00000000e6a00000, 0x00000000e6a00000, 0x00000000e6b00000|  0%| F|  |TAMS 0x00000000e6a00000, 0x00000000e6a00000| Untracked 
| 107|0x00000000e6b00000, 0x00000000e6b00000, 0x00000000e6c00000|  0%| F|  |TAMS 0x00000000e6b00000, 0x00000000e6b00000| Untracked 
| 108|0x00000000e6c00000, 0x00000000e6c00000, 0x00000000e6d00000|  0%| F|  |TAMS 0x00000000e6c00000, 0x00000000e6c00000| Untracked 
| 109|0x00000000e6d00000, 0x00000000e6d00000, 0x00000000e6e00000|  0%| F|  |TAMS 0x00000000e6d00000, 0x00000000e6d00000| Untracked 
| 110|0x00000000e6e00000, 0x00000000e6e00000, 0x00000000e6f00000|  0%| F|  |TAMS 0x00000000e6e00000, 0x00000000e6e00000| Untracked 
| 111|0x00000000e6f00000, 0x00000000e6f00000, 0x00000000e7000000|  0%| F|  |TAMS 0x00000000e6f00000, 0x00000000e6f00000| Untracked 
| 112|0x00000000e7000000, 0x00000000e7000000, 0x00000000e7100000|  0%| F|  |TAMS 0x00000000e7000000, 0x00000000e7000000| Untracked 
| 113|0x00000000e7100000, 0x00000000e7100000, 0x00000000e7200000|  0%| F|  |TAMS 0x00000000e7100000, 0x00000000e7100000| Untracked 
| 114|0x00000000e7200000, 0x00000000e7200000, 0x00000000e7300000|  0%| F|  |TAMS 0x00000000e7200000, 0x00000000e7200000| Untracked 
| 115|0x00000000e7300000, 0x00000000e7300000, 0x00000000e7400000|  0%| F|  |TAMS 0x00000000e7300000, 0x00000000e7300000| Untracked 
| 116|0x00000000e7400000, 0x00000000e7400000, 0x00000000e7500000|  0%| F|  |TAMS 0x00000000e7400000, 0x00000000e7400000| Untracked 
| 117|0x00000000e7500000, 0x00000000e7500000, 0x00000000e7600000|  0%| F|  |TAMS 0x00000000e7500000, 0x00000000e7500000| Untracked 
| 118|0x00000000e7600000, 0x00000000e7600000, 0x00000000e7700000|  0%| F|  |TAMS 0x00000000e7600000, 0x00000000e7600000| Untracked 
| 119|0x00000000e7700000, 0x00000000e7700000, 0x00000000e7800000|  0%| F|  |TAMS 0x00000000e7700000, 0x00000000e7700000| Untracked 
| 120|0x00000000e7800000, 0x00000000e7800000, 0x00000000e7900000|  0%| F|  |TAMS 0x00000000e7800000, 0x00000000e7800000| Untracked 
| 121|0x00000000e7900000, 0x00000000e7900000, 0x00000000e7a00000|  0%| F|  |TAMS 0x00000000e7900000, 0x00000000e7900000| Untracked 
| 122|0x00000000e7a00000, 0x00000000e7a00000, 0x00000000e7b00000|  0%| F|  |TAMS 0x00000000e7a00000, 0x00000000e7a00000| Untracked 
| 123|0x00000000e7b00000, 0x00000000e7b00000, 0x00000000e7c00000|  0%| F|  |TAMS 0x00000000e7b00000, 0x00000000e7b00000| Untracked 
| 124|0x00000000e7c00000, 0x00000000e7cb57b0, 0x00000000e7d00000| 70%| S|CS|TAMS 0x00000000e7c00000, 0x00000000e7c00000| Complete 
| 125|0x00000000e7d00000, 0x00000000e7e00000, 0x00000000e7e00000|100%| S|CS|TAMS 0x00000000e7d00000, 0x00000000e7d00000| Complete 
| 126|0x00000000e7e00000, 0x00000000e7f00000, 0x00000000e7f00000|100%| S|CS|TAMS 0x00000000e7e00000, 0x00000000e7e00000| Complete 
| 127|0x00000000e7f00000, 0x00000000e8000000, 0x00000000e8000000|100%| S|CS|TAMS 0x00000000e7f00000, 0x00000000e7f00000| Complete 
| 128|0x00000000e8000000, 0x00000000e8100000, 0x00000000e8100000|100%| S|CS|TAMS 0x00000000e8000000, 0x00000000e8000000| Complete 
| 129|0x00000000e8100000, 0x00000000e8200000, 0x00000000e8200000|100%| S|CS|TAMS 0x00000000e8100000, 0x00000000e8100000| Complete 
| 130|0x00000000e8200000, 0x00000000e8300000, 0x00000000e8300000|100%| S|CS|TAMS 0x00000000e8200000, 0x00000000e8200000| Complete 
| 131|0x00000000e8300000, 0x00000000e8400000, 0x00000000e8400000|100%| S|CS|TAMS 0x00000000e8300000, 0x00000000e8300000| Complete 
| 132|0x00000000e8400000, 0x00000000e8400000, 0x00000000e8500000|  0%| F|  |TAMS 0x00000000e8400000, 0x00000000e8400000| Untracked 
| 133|0x00000000e8500000, 0x00000000e8500000, 0x00000000e8600000|  0%| F|  |TAMS 0x00000000e8500000, 0x00000000e8500000| Untracked 
| 134|0x00000000e8600000, 0x00000000e8600000, 0x00000000e8700000|  0%| F|  |TAMS 0x00000000e8600000, 0x00000000e8600000| Untracked 
| 135|0x00000000e8700000, 0x00000000e8700000, 0x00000000e8800000|  0%| F|  |TAMS 0x00000000e8700000, 0x00000000e8700000| Untracked 
| 136|0x00000000e8800000, 0x00000000e8800000, 0x00000000e8900000|  0%| F|  |TAMS 0x00000000e8800000, 0x00000000e8800000| Untracked 
| 137|0x00000000e8900000, 0x00000000e8900000, 0x00000000e8a00000|  0%| F|  |TAMS 0x00000000e8900000, 0x00000000e8900000| Untracked 
| 138|0x00000000e8a00000, 0x00000000e8a00000, 0x00000000e8b00000|  0%| F|  |TAMS 0x00000000e8a00000, 0x00000000e8a00000| Untracked 
| 139|0x00000000e8b00000, 0x00000000e8c00000, 0x00000000e8c00000|100%| S|CS|TAMS 0x00000000e8b00000, 0x00000000e8b00000| Complete 
| 140|0x00000000e8c00000, 0x00000000e8d00000, 0x00000000e8d00000|100%| S|CS|TAMS 0x00000000e8c00000, 0x00000000e8c00000| Complete 
| 141|0x00000000e8d00000, 0x00000000e8e00000, 0x00000000e8e00000|100%| S|CS|TAMS 0x00000000e8d00000, 0x00000000e8d00000| Complete 
| 142|0x00000000e8e00000, 0x00000000e8f00000, 0x00000000e8f00000|100%| S|CS|TAMS 0x00000000e8e00000, 0x00000000e8e00000| Complete 
| 143|0x00000000e8f00000, 0x00000000e8f00000, 0x00000000e9000000|  0%| F|  |TAMS 0x00000000e8f00000, 0x00000000e8f00000| Untracked 
| 144|0x00000000e9000000, 0x00000000e9000000, 0x00000000e9100000|  0%| F|  |TAMS 0x00000000e9000000, 0x00000000e9000000| Untracked 
| 145|0x00000000e9100000, 0x00000000e9100000, 0x00000000e9200000|  0%| F|  |TAMS 0x00000000e9100000, 0x00000000e9100000| Untracked 
| 146|0x00000000e9200000, 0x00000000e9200000, 0x00000000e9300000|  0%| F|  |TAMS 0x00000000e9200000, 0x00000000e9200000| Untracked 
| 147|0x00000000e9300000, 0x00000000e9300000, 0x00000000e9400000|  0%| F|  |TAMS 0x00000000e9300000, 0x00000000e9300000| Untracked 
| 148|0x00000000e9400000, 0x00000000e9400000, 0x00000000e9500000|  0%| F|  |TAMS 0x00000000e9400000, 0x00000000e9400000| Untracked 
| 149|0x00000000e9500000, 0x00000000e9500000, 0x00000000e9600000|  0%| F|  |TAMS 0x00000000e9500000, 0x00000000e9500000| Untracked 
| 150|0x00000000e9600000, 0x00000000e9600000, 0x00000000e9700000|  0%| F|  |TAMS 0x00000000e9600000, 0x00000000e9600000| Untracked 
| 151|0x00000000e9700000, 0x00000000e9700000, 0x00000000e9800000|  0%| F|  |TAMS 0x00000000e9700000, 0x00000000e9700000| Untracked 
| 152|0x00000000e9800000, 0x00000000e9800000, 0x00000000e9900000|  0%| F|  |TAMS 0x00000000e9800000, 0x00000000e9800000| Untracked 
| 153|0x00000000e9900000, 0x00000000e9900000, 0x00000000e9a00000|  0%| F|  |TAMS 0x00000000e9900000, 0x00000000e9900000| Untracked 
| 154|0x00000000e9a00000, 0x00000000e9a00000, 0x00000000e9b00000|  0%| F|  |TAMS 0x00000000e9a00000, 0x00000000e9a00000| Untracked 
| 155|0x00000000e9b00000, 0x00000000e9b00000, 0x00000000e9c00000|  0%| F|  |TAMS 0x00000000e9b00000, 0x00000000e9b00000| Untracked 
| 156|0x00000000e9c00000, 0x00000000e9c00000, 0x00000000e9d00000|  0%| F|  |TAMS 0x00000000e9c00000, 0x00000000e9c00000| Untracked 
| 157|0x00000000e9d00000, 0x00000000e9d00000, 0x00000000e9e00000|  0%| F|  |TAMS 0x00000000e9d00000, 0x00000000e9d00000| Untracked 
| 158|0x00000000e9e00000, 0x00000000e9e00000, 0x00000000e9f00000|  0%| F|  |TAMS 0x00000000e9e00000, 0x00000000e9e00000| Untracked 
| 159|0x00000000e9f00000, 0x00000000e9f00000, 0x00000000ea000000|  0%| F|  |TAMS 0x00000000e9f00000, 0x00000000e9f00000| Untracked 
| 160|0x00000000ea000000, 0x00000000ea000000, 0x00000000ea100000|  0%| F|  |TAMS 0x00000000ea000000, 0x00000000ea000000| Untracked 
| 161|0x00000000ea100000, 0x00000000ea100000, 0x00000000ea200000|  0%| F|  |TAMS 0x00000000ea100000, 0x00000000ea100000| Untracked 
| 162|0x00000000ea200000, 0x00000000ea200000, 0x00000000ea300000|  0%| F|  |TAMS 0x00000000ea200000, 0x00000000ea200000| Untracked 
| 163|0x00000000ea300000, 0x00000000ea300000, 0x00000000ea400000|  0%| F|  |TAMS 0x00000000ea300000, 0x00000000ea300000| Untracked 
| 164|0x00000000ea400000, 0x00000000ea400000, 0x00000000ea500000|  0%| F|  |TAMS 0x00000000ea400000, 0x00000000ea400000| Untracked 
| 165|0x00000000ea500000, 0x00000000ea500000, 0x00000000ea600000|  0%| F|  |TAMS 0x00000000ea500000, 0x00000000ea500000| Untracked 
| 166|0x00000000ea600000, 0x00000000ea600000, 0x00000000ea700000|  0%| F|  |TAMS 0x00000000ea600000, 0x00000000ea600000| Untracked 
| 167|0x00000000ea700000, 0x00000000ea700000, 0x00000000ea800000|  0%| F|  |TAMS 0x00000000ea700000, 0x00000000ea700000| Untracked 
| 168|0x00000000ea800000, 0x00000000ea800000, 0x00000000ea900000|  0%| F|  |TAMS 0x00000000ea800000, 0x00000000ea800000| Untracked 
| 169|0x00000000ea900000, 0x00000000ea900000, 0x00000000eaa00000|  0%| F|  |TAMS 0x00000000ea900000, 0x00000000ea900000| Untracked 
| 170|0x00000000eaa00000, 0x00000000eaa00000, 0x00000000eab00000|  0%| F|  |TAMS 0x00000000eaa00000, 0x00000000eaa00000| Untracked 
| 171|0x00000000eab00000, 0x00000000eab00000, 0x00000000eac00000|  0%| F|  |TAMS 0x00000000eab00000, 0x00000000eab00000| Untracked 
| 172|0x00000000eac00000, 0x00000000eac00000, 0x00000000ead00000|  0%| F|  |TAMS 0x00000000eac00000, 0x00000000eac00000| Untracked 
| 173|0x00000000ead00000, 0x00000000ead00000, 0x00000000eae00000|  0%| F|  |TAMS 0x00000000ead00000, 0x00000000ead00000| Untracked 
| 174|0x00000000eae00000, 0x00000000eae00000, 0x00000000eaf00000|  0%| F|  |TAMS 0x00000000eae00000, 0x00000000eae00000| Untracked 
| 175|0x00000000eaf00000, 0x00000000eaf00000, 0x00000000eb000000|  0%| F|  |TAMS 0x00000000eaf00000, 0x00000000eaf00000| Untracked 
| 176|0x00000000eb000000, 0x00000000eb000000, 0x00000000eb100000|  0%| F|  |TAMS 0x00000000eb000000, 0x00000000eb000000| Untracked 
| 177|0x00000000eb100000, 0x00000000eb100000, 0x00000000eb200000|  0%| F|  |TAMS 0x00000000eb100000, 0x00000000eb100000| Untracked 
| 178|0x00000000eb200000, 0x00000000eb200000, 0x00000000eb300000|  0%| F|  |TAMS 0x00000000eb200000, 0x00000000eb200000| Untracked 
| 179|0x00000000eb300000, 0x00000000eb300000, 0x00000000eb400000|  0%| F|  |TAMS 0x00000000eb300000, 0x00000000eb300000| Untracked 
| 180|0x00000000eb400000, 0x00000000eb400000, 0x00000000eb500000|  0%| F|  |TAMS 0x00000000eb400000, 0x00000000eb400000| Untracked 
| 181|0x00000000eb500000, 0x00000000eb500000, 0x00000000eb600000|  0%| F|  |TAMS 0x00000000eb500000, 0x00000000eb500000| Untracked 
| 182|0x00000000eb600000, 0x00000000eb600000, 0x00000000eb700000|  0%| F|  |TAMS 0x00000000eb600000, 0x00000000eb600000| Untracked 
| 183|0x00000000eb700000, 0x00000000eb700000, 0x00000000eb800000|  0%| F|  |TAMS 0x00000000eb700000, 0x00000000eb700000| Untracked 
| 184|0x00000000eb800000, 0x00000000eb800000, 0x00000000eb900000|  0%| F|  |TAMS 0x00000000eb800000, 0x00000000eb800000| Untracked 
| 185|0x00000000eb900000, 0x00000000eb900000, 0x00000000eba00000|  0%| F|  |TAMS 0x00000000eb900000, 0x00000000eb900000| Untracked 
| 186|0x00000000eba00000, 0x00000000eba00000, 0x00000000ebb00000|  0%| F|  |TAMS 0x00000000eba00000, 0x00000000eba00000| Untracked 
| 187|0x00000000ebb00000, 0x00000000ebb00000, 0x00000000ebc00000|  0%| F|  |TAMS 0x00000000ebb00000, 0x00000000ebb00000| Untracked 
| 188|0x00000000ebc00000, 0x00000000ebc00000, 0x00000000ebd00000|  0%| F|  |TAMS 0x00000000ebc00000, 0x00000000ebc00000| Untracked 
| 189|0x00000000ebd00000, 0x00000000ebd00000, 0x00000000ebe00000|  0%| F|  |TAMS 0x00000000ebd00000, 0x00000000ebd00000| Untracked 
| 190|0x00000000ebe00000, 0x00000000ebe00000, 0x00000000ebf00000|  0%| F|  |TAMS 0x00000000ebe00000, 0x00000000ebe00000| Untracked 
| 191|0x00000000ebf00000, 0x00000000ebf00000, 0x00000000ec000000|  0%| F|  |TAMS 0x00000000ebf00000, 0x00000000ebf00000| Untracked 
| 192|0x00000000ec000000, 0x00000000ec000000, 0x00000000ec100000|  0%| F|  |TAMS 0x00000000ec000000, 0x00000000ec000000| Untracked 
| 193|0x00000000ec100000, 0x00000000ec100000, 0x00000000ec200000|  0%| F|  |TAMS 0x00000000ec100000, 0x00000000ec100000| Untracked 
| 194|0x00000000ec200000, 0x00000000ec200000, 0x00000000ec300000|  0%| F|  |TAMS 0x00000000ec200000, 0x00000000ec200000| Untracked 
| 195|0x00000000ec300000, 0x00000000ec300000, 0x00000000ec400000|  0%| F|  |TAMS 0x00000000ec300000, 0x00000000ec300000| Untracked 
| 196|0x00000000ec400000, 0x00000000ec400000, 0x00000000ec500000|  0%| F|  |TAMS 0x00000000ec400000, 0x00000000ec400000| Untracked 
| 197|0x00000000ec500000, 0x00000000ec500000, 0x00000000ec600000|  0%| F|  |TAMS 0x00000000ec500000, 0x00000000ec500000| Untracked 
| 198|0x00000000ec600000, 0x00000000ec600000, 0x00000000ec700000|  0%| F|  |TAMS 0x00000000ec600000, 0x00000000ec600000| Untracked 
| 199|0x00000000ec700000, 0x00000000ec700000, 0x00000000ec800000|  0%| F|  |TAMS 0x00000000ec700000, 0x00000000ec700000| Untracked 
| 200|0x00000000ec800000, 0x00000000ec800000, 0x00000000ec900000|  0%| F|  |TAMS 0x00000000ec800000, 0x00000000ec800000| Untracked 
| 201|0x00000000ec900000, 0x00000000ec900000, 0x00000000eca00000|  0%| F|  |TAMS 0x00000000ec900000, 0x00000000ec900000| Untracked 
| 202|0x00000000eca00000, 0x00000000eca00000, 0x00000000ecb00000|  0%| F|  |TAMS 0x00000000eca00000, 0x00000000eca00000| Untracked 
| 203|0x00000000ecb00000, 0x00000000ecb00000, 0x00000000ecc00000|  0%| F|  |TAMS 0x00000000ecb00000, 0x00000000ecb00000| Untracked 
| 204|0x00000000ecc00000, 0x00000000ecc00000, 0x00000000ecd00000|  0%| F|  |TAMS 0x00000000ecc00000, 0x00000000ecc00000| Untracked 
| 205|0x00000000ecd00000, 0x00000000ecd00000, 0x00000000ece00000|  0%| F|  |TAMS 0x00000000ecd00000, 0x00000000ecd00000| Untracked 
| 206|0x00000000ece00000, 0x00000000ece00000, 0x00000000ecf00000|  0%| F|  |TAMS 0x00000000ece00000, 0x00000000ece00000| Untracked 
| 207|0x00000000ecf00000, 0x00000000ecf00000, 0x00000000ed000000|  0%| F|  |TAMS 0x00000000ecf00000, 0x00000000ecf00000| Untracked 
| 208|0x00000000ed000000, 0x00000000ed000000, 0x00000000ed100000|  0%| F|  |TAMS 0x00000000ed000000, 0x00000000ed000000| Untracked 
| 209|0x00000000ed100000, 0x00000000ed100000, 0x00000000ed200000|  0%| F|  |TAMS 0x00000000ed100000, 0x00000000ed100000| Untracked 
| 210|0x00000000ed200000, 0x00000000ed200000, 0x00000000ed300000|  0%| F|  |TAMS 0x00000000ed200000, 0x00000000ed200000| Untracked 
| 211|0x00000000ed300000, 0x00000000ed300000, 0x00000000ed400000|  0%| F|  |TAMS 0x00000000ed300000, 0x00000000ed300000| Untracked 
| 212|0x00000000ed400000, 0x00000000ed400000, 0x00000000ed500000|  0%| F|  |TAMS 0x00000000ed400000, 0x00000000ed400000| Untracked 
| 213|0x00000000ed500000, 0x00000000ed500000, 0x00000000ed600000|  0%| F|  |TAMS 0x00000000ed500000, 0x00000000ed500000| Untracked 
| 214|0x00000000ed600000, 0x00000000ed600000, 0x00000000ed700000|  0%| F|  |TAMS 0x00000000ed600000, 0x00000000ed600000| Untracked 
| 215|0x00000000ed700000, 0x00000000ed700000, 0x00000000ed800000|  0%| F|  |TAMS 0x00000000ed700000, 0x00000000ed700000| Untracked 
| 216|0x00000000ed800000, 0x00000000ed800000, 0x00000000ed900000|  0%| F|  |TAMS 0x00000000ed800000, 0x00000000ed800000| Untracked 
| 217|0x00000000ed900000, 0x00000000ed900000, 0x00000000eda00000|  0%| F|  |TAMS 0x00000000ed900000, 0x00000000ed900000| Untracked 
| 218|0x00000000eda00000, 0x00000000eda00000, 0x00000000edb00000|  0%| F|  |TAMS 0x00000000eda00000, 0x00000000eda00000| Untracked 
| 219|0x00000000edb00000, 0x00000000edb00000, 0x00000000edc00000|  0%| F|  |TAMS 0x00000000edb00000, 0x00000000edb00000| Untracked 
| 220|0x00000000edc00000, 0x00000000edc00000, 0x00000000edd00000|  0%| F|  |TAMS 0x00000000edc00000, 0x00000000edc00000| Untracked 
| 221|0x00000000edd00000, 0x00000000edd00000, 0x00000000ede00000|  0%| F|  |TAMS 0x00000000edd00000, 0x00000000edd00000| Untracked 
| 222|0x00000000ede00000, 0x00000000ede00000, 0x00000000edf00000|  0%| F|  |TAMS 0x00000000ede00000, 0x00000000ede00000| Untracked 
| 223|0x00000000edf00000, 0x00000000edf00000, 0x00000000ee000000|  0%| F|  |TAMS 0x00000000edf00000, 0x00000000edf00000| Untracked 
| 224|0x00000000ee000000, 0x00000000ee000000, 0x00000000ee100000|  0%| F|  |TAMS 0x00000000ee000000, 0x00000000ee000000| Untracked 
| 225|0x00000000ee100000, 0x00000000ee100000, 0x00000000ee200000|  0%| F|  |TAMS 0x00000000ee100000, 0x00000000ee100000| Untracked 
| 226|0x00000000ee200000, 0x00000000ee200000, 0x00000000ee300000|  0%| F|  |TAMS 0x00000000ee200000, 0x00000000ee200000| Untracked 
| 227|0x00000000ee300000, 0x00000000ee300000, 0x00000000ee400000|  0%| F|  |TAMS 0x00000000ee300000, 0x00000000ee300000| Untracked 
| 228|0x00000000ee400000, 0x00000000ee400000, 0x00000000ee500000|  0%| F|  |TAMS 0x00000000ee400000, 0x00000000ee400000| Untracked 
| 229|0x00000000ee500000, 0x00000000ee500000, 0x00000000ee600000|  0%| F|  |TAMS 0x00000000ee500000, 0x00000000ee500000| Untracked 
| 230|0x00000000ee600000, 0x00000000ee600000, 0x00000000ee700000|  0%| F|  |TAMS 0x00000000ee600000, 0x00000000ee600000| Untracked 
| 231|0x00000000ee700000, 0x00000000ee700000, 0x00000000ee800000|  0%| F|  |TAMS 0x00000000ee700000, 0x00000000ee700000| Untracked 
| 232|0x00000000ee800000, 0x00000000ee800000, 0x00000000ee900000|  0%| F|  |TAMS 0x00000000ee800000, 0x00000000ee800000| Untracked 
| 233|0x00000000ee900000, 0x00000000ee900000, 0x00000000eea00000|  0%| F|  |TAMS 0x00000000ee900000, 0x00000000ee900000| Untracked 
| 234|0x00000000eea00000, 0x00000000eea00000, 0x00000000eeb00000|  0%| F|  |TAMS 0x00000000eea00000, 0x00000000eea00000| Untracked 
| 235|0x00000000eeb00000, 0x00000000eeb00000, 0x00000000eec00000|  0%| F|  |TAMS 0x00000000eeb00000, 0x00000000eeb00000| Untracked 
| 236|0x00000000eec00000, 0x00000000eec00000, 0x00000000eed00000|  0%| F|  |TAMS 0x00000000eec00000, 0x00000000eec00000| Untracked 
| 237|0x00000000eed00000, 0x00000000eed00000, 0x00000000eee00000|  0%| F|  |TAMS 0x00000000eed00000, 0x00000000eed00000| Untracked 
| 238|0x00000000eee00000, 0x00000000eee00000, 0x00000000eef00000|  0%| F|  |TAMS 0x00000000eee00000, 0x00000000eee00000| Untracked 
| 239|0x00000000eef00000, 0x00000000eef00000, 0x00000000ef000000|  0%| F|  |TAMS 0x00000000eef00000, 0x00000000eef00000| Untracked 
| 240|0x00000000ef000000, 0x00000000ef000000, 0x00000000ef100000|  0%| F|  |TAMS 0x00000000ef000000, 0x00000000ef000000| Untracked 
| 241|0x00000000ef100000, 0x00000000ef100000, 0x00000000ef200000|  0%| F|  |TAMS 0x00000000ef100000, 0x00000000ef100000| Untracked 
| 242|0x00000000ef200000, 0x00000000ef200000, 0x00000000ef300000|  0%| F|  |TAMS 0x00000000ef200000, 0x00000000ef200000| Untracked 
| 243|0x00000000ef300000, 0x00000000ef300000, 0x00000000ef400000|  0%| F|  |TAMS 0x00000000ef300000, 0x00000000ef300000| Untracked 
| 244|0x00000000ef400000, 0x00000000ef400000, 0x00000000ef500000|  0%| F|  |TAMS 0x00000000ef400000, 0x00000000ef400000| Untracked 
| 245|0x00000000ef500000, 0x00000000ef500000, 0x00000000ef600000|  0%| F|  |TAMS 0x00000000ef500000, 0x00000000ef500000| Untracked 
| 246|0x00000000ef600000, 0x00000000ef6e7448, 0x00000000ef700000| 90%| E|  |TAMS 0x00000000ef600000, 0x00000000ef600000| Complete 
| 247|0x00000000ef700000, 0x00000000ef800000, 0x00000000ef800000|100%| E|CS|TAMS 0x00000000ef700000, 0x00000000ef700000| Complete 
| 248|0x00000000ef800000, 0x00000000ef900000, 0x00000000ef900000|100%| E|CS|TAMS 0x00000000ef800000, 0x00000000ef800000| Complete 
| 249|0x00000000ef900000, 0x00000000efa00000, 0x00000000efa00000|100%| E|CS|TAMS 0x00000000ef900000, 0x00000000ef900000| Complete 
| 250|0x00000000efa00000, 0x00000000efb00000, 0x00000000efb00000|100%| E|CS|TAMS 0x00000000efa00000, 0x00000000efa00000| Complete 
| 251|0x00000000efb00000, 0x00000000efc00000, 0x00000000efc00000|100%| E|CS|TAMS 0x00000000efb00000, 0x00000000efb00000| Complete 
| 252|0x00000000efc00000, 0x00000000efd00000, 0x00000000efd00000|100%| E|CS|TAMS 0x00000000efc00000, 0x00000000efc00000| Complete 
| 253|0x00000000efd00000, 0x00000000efe00000, 0x00000000efe00000|100%| E|CS|TAMS 0x00000000efd00000, 0x00000000efd00000| Complete 
| 254|0x00000000efe00000, 0x00000000eff00000, 0x00000000eff00000|100%| E|CS|TAMS 0x00000000efe00000, 0x00000000efe00000| Complete 
| 255|0x00000000eff00000, 0x00000000f0000000, 0x00000000f0000000|100%| E|CS|TAMS 0x00000000eff00000, 0x00000000eff00000| Complete 

Card table byte_map: [0x0000024ec00a0000,0x0000024ec01a0000] _byte_map_base: 0x0000024ebf9a0000

Marking Bits (Prev, Next): (CMBitMap*) 0x0000024ea8f3b850, (CMBitMap*) 0x0000024ea8f3b810
 Prev Bits: [0x0000024ec0aa0000, 0x0000024ec12a0000)
 Next Bits: [0x0000024ec02a0000, 0x0000024ec0aa0000)

Polling page: 0x0000024ea6fe0000

Metaspace:

Usage:
  Non-class:     69.22 MB used.
      Class:     11.04 MB used.
       Both:     80.26 MB used.

Virtual space:
  Non-class space:      128.00 MB reserved,      69.69 MB ( 54%) committed,  2 nodes.
      Class space:      320.00 MB reserved,      11.44 MB (  4%) committed,  1 nodes.
             Both:      448.00 MB reserved,      81.12 MB ( 18%) committed. 

Chunk freelists:
   Non-Class:  10.05 MB
       Class:  4.55 MB
        Both:  14.59 MB

MaxMetaspaceSize: 384.00 MB
CompressedClassSpaceSize: 320.00 MB
Initial GC threshold: 21.00 MB
Current GC threshold: 98.06 MB
CDS: on
MetaspaceReclaimPolicy: balanced
 - commit_granule_bytes: 65536.
 - commit_granule_words: 8192.
 - virtual_space_node_default_size: 8388608.
 - enlarge_chunks_in_place: 1.
 - new_chunks_are_fully_committed: 0.
 - uncommit_free_chunks: 1.
 - use_allocation_guard: 0.
 - handle_deallocations: 1.


Internal statistics:

num_allocs_failed_limit: 9.
num_arena_births: 1066.
num_arena_deaths: 0.
num_vsnodes_births: 3.
num_vsnodes_deaths: 0.
num_space_committed: 1298.
num_space_uncommitted: 0.
num_chunks_returned_to_freelist: 9.
num_chunks_taken_from_freelist: 4621.
num_chunk_merges: 6.
num_chunk_splits: 2972.
num_chunks_enlarged: 1867.
num_inconsistent_stats: 0.

CodeHeap 'non-profiled nmethods': size=120000Kb used=7445Kb max_used=7445Kb free=112554Kb
 bounds [0x0000024eb8520000, 0x0000024eb8c70000, 0x0000024ebfa50000]
CodeHeap 'profiled nmethods': size=120000Kb used=19203Kb max_used=19203Kb free=100797Kb
 bounds [0x0000024eb0a50000, 0x0000024eb1d20000, 0x0000024eb7f80000]
CodeHeap 'non-nmethods': size=5760Kb used=2381Kb max_used=2441Kb free=3378Kb
 bounds [0x0000024eb7f80000, 0x0000024eb81f0000, 0x0000024eb8520000]
 total_blobs=11056 nmethods=10142 adapters=824
 compilation: enabled
              stopped_count=0, restarted_count=0
 full_count=0

Compilation events (20 events):
Event: 29.075 Thread 0x0000024ec3f262d0 nmethod 11656 0x0000024eb1d0a010 code [0x0000024eb1d0a1c0, 0x0000024eb1d0a4d8]
Event: 29.075 Thread 0x0000024ec3f262d0 11657       3       org.gradle.internal.classpath.intercept.DefaultCallSiteDecorator::maybeDecorateGroovyCallSite (20 bytes)
Event: 29.075 Thread 0x0000024ec3f23900 11658       4       groovy.lang.MetaMethod::isStatic (16 bytes)
Event: 29.075 Thread 0x0000024ec3f262d0 nmethod 11657 0x0000024eb1d0a610 code [0x0000024eb1d0a7e0, 0x0000024eb1d0acf8]
Event: 29.075 Thread 0x0000024ee202a750 11659 %     4       org.codehaus.groovy.runtime.metaclass.MetaMethodIndex::resize @ 20 (103 bytes)
Event: 29.075 Thread 0x0000024ec3f262d0 11660       3       org.codehaus.groovy.runtime.metaclass.MetaMethodIndex::copyNonPrivateMethods (24 bytes)
Event: 29.075 Thread 0x0000024ec3f262d0 nmethod 11660 0x0000024eb1d0af10 code [0x0000024eb1d0b0c0, 0x0000024eb1d0b2e8]
Event: 29.076 Thread 0x0000024ec3f23900 nmethod 11658 0x0000024eb8c5f410 code [0x0000024eb8c5f5a0, 0x0000024eb8c5f658]
Event: 29.078 Thread 0x0000024ec3f23900 11661       4       groovy.lang.MetaClassImpl::createMetaBeanProperty (35 bytes)
Event: 29.079 Thread 0x0000024ec3f262d0 11664       3       org.gradle.internal.metaobject.BeanDynamicObject::access$400 (5 bytes)
Event: 29.079 Thread 0x0000024ec3f262d0 nmethod 11664 0x0000024eb1d0b410 code [0x0000024eb1d0b5a0, 0x0000024eb1d0b6c8]
Event: 29.079 Thread 0x0000024ec3f262d0 11665       3       org.gradle.internal.metaobject.BeanDynamicObject::getMetaClass (39 bytes)
Event: 29.080 Thread 0x0000024ec3f262d0 nmethod 11665 0x0000024eb1d0b790 code [0x0000024eb1d0b9a0, 0x0000024eb1d0c148]
Event: 29.084 Thread 0x0000024ee202a750 nmethod 11659% 0x0000024eb8c5f710 code [0x0000024eb8c5f8a0, 0x0000024eb8c5fdd8]
Event: 29.084 Thread 0x0000024ee202a750 11662       4       groovy.lang.MetaClassImpl::makeReplacementMetaProperty (241 bytes)
Event: 29.089 Thread 0x0000024ec3f262d0 11666       3       org.gradle.internal.instantiation.generator.Jsr330ConstructorSelector$$Lambda$135/0x0000024ec51ad7a8::get (12 bytes)
Event: 29.090 Thread 0x0000024ec3f262d0 nmethod 11666 0x0000024eb1d0c390 code [0x0000024eb1d0c5a0, 0x0000024eb1d0cc68]
Event: 29.090 Thread 0x0000024ec3f262d0 11667   !   3       org.gradle.internal.instantiation.generator.Jsr330ConstructorSelector::lambda$forType$0 (32 bytes)
Event: 29.091 Thread 0x0000024ec3f262d0 nmethod 11667 0x0000024eb1d0d010 code [0x0000024eb1d0d220, 0x0000024eb1d0d868]
Event: 29.160 Thread 0x0000024ec3f262d0 11668       3       java.lang.invoke.DelegatingMethodHandle$Holder::reinvoke_L (20 bytes)

GC Heap History (20 events):
Event: 8.520 GC heap before
{Heap before GC invocations=5 (full 0):
 garbage-first heap   total 262144K, used 129775K [0x00000000e0000000, 0x0000000100000000)
  region size 1024K, 116 young (118784K), 12 survivors (12288K)
 Metaspace       used 35541K, committed 35968K, reserved 393216K
  class space    used 5040K, committed 5248K, reserved 327680K
}
Event: 8.539 GC heap after
{Heap after GC invocations=6 (full 0):
 garbage-first heap   total 262144K, used 33586K [0x00000000e0000000, 0x0000000100000000)
  region size 1024K, 11 young (11264K), 11 survivors (11264K)
 Metaspace       used 35541K, committed 35968K, reserved 393216K
  class space    used 5040K, committed 5248K, reserved 327680K
}
Event: 12.435 GC heap before
{Heap before GC invocations=7 (full 0):
 garbage-first heap   total 262144K, used 185138K [0x00000000e0000000, 0x0000000100000000)
  region size 1024K, 153 young (156672K), 11 survivors (11264K)
 Metaspace       used 47257K, committed 47744K, reserved 393216K
  class space    used 6617K, committed 6848K, reserved 327680K
}
Event: 12.451 GC heap after
{Heap after GC invocations=8 (full 0):
 garbage-first heap   total 262144K, used 43940K [0x00000000e0000000, 0x0000000100000000)
  region size 1024K, 20 young (20480K), 20 survivors (20480K)
 Metaspace       used 47257K, committed 47744K, reserved 393216K
  class space    used 6617K, committed 6848K, reserved 327680K
}
Event: 15.019 GC heap before
{Heap before GC invocations=8 (full 0):
 garbage-first heap   total 262144K, used 181156K [0x00000000e0000000, 0x0000000100000000)
  region size 1024K, 153 young (156672K), 20 survivors (20480K)
 Metaspace       used 53509K, committed 54144K, reserved 393216K
  class space    used 7361K, committed 7680K, reserved 327680K
}
Event: 15.044 GC heap after
{Heap after GC invocations=9 (full 0):
 garbage-first heap   total 262144K, used 57396K [0x00000000e0000000, 0x0000000100000000)
  region size 1024K, 13 young (13312K), 13 survivors (13312K)
 Metaspace       used 53509K, committed 54144K, reserved 393216K
  class space    used 7361K, committed 7680K, reserved 327680K
}
Event: 18.338 GC heap before
{Heap before GC invocations=9 (full 0):
 garbage-first heap   total 262144K, used 191540K [0x00000000e0000000, 0x0000000100000000)
  region size 1024K, 145 young (148480K), 13 survivors (13312K)
 Metaspace       used 57828K, committed 58496K, reserved 393216K
  class space    used 7878K, committed 8192K, reserved 327680K
}
Event: 18.350 GC heap after
{Heap after GC invocations=10 (full 0):
 garbage-first heap   total 262144K, used 64113K [0x00000000e0000000, 0x0000000100000000)
  region size 1024K, 9 young (9216K), 9 survivors (9216K)
 Metaspace       used 57828K, committed 58496K, reserved 393216K
  class space    used 7878K, committed 8192K, reserved 327680K
}
Event: 20.581 GC heap before
{Heap before GC invocations=10 (full 0):
 garbage-first heap   total 262144K, used 198257K [0x00000000e0000000, 0x0000000100000000)
  region size 1024K, 141 young (144384K), 9 survivors (9216K)
 Metaspace       used 58252K, committed 58944K, reserved 393216K
  class space    used 7898K, committed 8256K, reserved 327680K
}
Event: 20.593 GC heap after
{Heap after GC invocations=11 (full 0):
 garbage-first heap   total 262144K, used 69180K [0x00000000e0000000, 0x0000000100000000)
  region size 1024K, 14 young (14336K), 14 survivors (14336K)
 Metaspace       used 58252K, committed 58944K, reserved 393216K
  class space    used 7898K, committed 8256K, reserved 327680K
}
Event: 21.153 GC heap before
{Heap before GC invocations=11 (full 0):
 garbage-first heap   total 262144K, used 95804K [0x00000000e0000000, 0x0000000100000000)
  region size 1024K, 39 young (39936K), 14 survivors (14336K)
 Metaspace       used 59430K, committed 60096K, reserved 393216K
  class space    used 8045K, committed 8384K, reserved 327680K
}
Event: 21.164 GC heap after
{Heap after GC invocations=12 (full 0):
 garbage-first heap   total 262144K, used 77236K [0x00000000e0000000, 0x0000000100000000)
  region size 1024K, 13 young (13312K), 13 survivors (13312K)
 Metaspace       used 59430K, committed 60096K, reserved 393216K
  class space    used 8045K, committed 8384K, reserved 327680K
}
Event: 23.839 GC heap before
{Heap before GC invocations=13 (full 0):
 garbage-first heap   total 262144K, used 207284K [0x00000000e0000000, 0x0000000100000000)
  region size 1024K, 138 young (141312K), 13 survivors (13312K)
 Metaspace       used 69891K, committed 70656K, reserved 393216K
  class space    used 9408K, committed 9792K, reserved 327680K
}
Event: 23.856 GC heap after
{Heap after GC invocations=14 (full 0):
 garbage-first heap   total 262144K, used 88823K [0x00000000e0000000, 0x0000000100000000)
  region size 1024K, 14 young (14336K), 14 survivors (14336K)
 Metaspace       used 69891K, committed 70656K, reserved 393216K
  class space    used 9408K, committed 9792K, reserved 327680K
}
Event: 23.876 GC heap before
{Heap before GC invocations=14 (full 0):
 garbage-first heap   total 262144K, used 89847K [0x00000000e0000000, 0x0000000100000000)
  region size 1024K, 15 young (15360K), 14 survivors (14336K)
 Metaspace       used 69940K, committed 70720K, reserved 393216K
  class space    used 9410K, committed 9792K, reserved 327680K
}
Event: 23.887 GC heap after
{Heap after GC invocations=15 (full 0):
 garbage-first heap   total 262144K, used 89512K [0x00000000e0000000, 0x0000000100000000)
  region size 1024K, 2 young (2048K), 2 survivors (2048K)
 Metaspace       used 69940K, committed 70720K, reserved 393216K
  class space    used 9410K, committed 9792K, reserved 327680K
}
Event: 25.966 GC heap before
{Heap before GC invocations=15 (full 0):
 garbage-first heap   total 262144K, used 207272K [0x00000000e0000000, 0x0000000100000000)
  region size 1024K, 117 young (119808K), 2 survivors (2048K)
 Metaspace       used 76970K, committed 77760K, reserved 458752K
  class space    used 10568K, committed 10944K, reserved 327680K
}
Event: 25.973 GC heap after
{Heap after GC invocations=16 (full 0):
 garbage-first heap   total 262144K, used 94382K [0x00000000e0000000, 0x0000000100000000)
  region size 1024K, 7 young (7168K), 7 survivors (7168K)
 Metaspace       used 76970K, committed 77760K, reserved 458752K
  class space    used 10568K, committed 10944K, reserved 327680K
}
Event: 29.023 GC heap before
{Heap before GC invocations=16 (full 0):
 garbage-first heap   total 262144K, used 209070K [0x00000000e0000000, 0x0000000100000000)
  region size 1024K, 120 young (122880K), 7 survivors (7168K)
 Metaspace       used 81780K, committed 82624K, reserved 458752K
  class space    used 11278K, committed 11648K, reserved 327680K
}
Event: 29.040 GC heap after
{Heap after GC invocations=17 (full 0):
 garbage-first heap   total 262144K, used 99947K [0x00000000e0000000, 0x0000000100000000)
  region size 1024K, 12 young (12288K), 12 survivors (12288K)
 Metaspace       used 81780K, committed 82624K, reserved 458752K
  class space    used 11278K, committed 11648K, reserved 327680K
}

Dll operation events (15 events):
Event: 0.012 Loaded shared library C:\Program Files\Microsoft\jdk-17.0.15.6-hotspot\bin\java.dll
Event: 0.034 Loaded shared library C:\Program Files\Microsoft\jdk-17.0.15.6-hotspot\bin\jsvml.dll
Event: 0.090 Loaded shared library C:\Program Files\Microsoft\jdk-17.0.15.6-hotspot\bin\zip.dll
Event: 0.096 Loaded shared library C:\Program Files\Microsoft\jdk-17.0.15.6-hotspot\bin\instrument.dll
Event: 0.100 Loaded shared library C:\Program Files\Microsoft\jdk-17.0.15.6-hotspot\bin\net.dll
Event: 0.103 Loaded shared library C:\Program Files\Microsoft\jdk-17.0.15.6-hotspot\bin\nio.dll
Event: 0.105 Loaded shared library C:\Program Files\Microsoft\jdk-17.0.15.6-hotspot\bin\zip.dll
Event: 0.422 Loaded shared library C:\Program Files\Microsoft\jdk-17.0.15.6-hotspot\bin\jimage.dll
Event: 0.691 Loaded shared library C:\Program Files\Microsoft\jdk-17.0.15.6-hotspot\bin\verify.dll
Event: 0.931 Loaded shared library C:\Users\HP\.gradle\native\c067742578af261105cb4f569cf0c3c89f3d7b1fecec35dd04571415982c5e48\windows-amd64\native-platform.dll
Event: 0.938 Loaded shared library C:\Users\HP\.gradle\native\100fb08df4bc3b14c8652ba06237920a3bd2aa13389f12d3474272988ae205f9\windows-amd64\native-platform-file-events.dll
Event: 2.102 Loaded shared library C:\Program Files\Microsoft\jdk-17.0.15.6-hotspot\bin\management.dll
Event: 2.108 Loaded shared library C:\Program Files\Microsoft\jdk-17.0.15.6-hotspot\bin\management_ext.dll
Event: 2.336 Loaded shared library C:\Program Files\Microsoft\jdk-17.0.15.6-hotspot\bin\extnet.dll
Event: 2.606 Loaded shared library C:\Program Files\Microsoft\jdk-17.0.15.6-hotspot\bin\sunmscapi.dll

Deoptimization events (20 events):
Event: 27.548 Thread 0x0000024ee3e83d10 Uncommon trap: trap_request=0xffffffd6 fr.pc=0x0000024eb8bcea6c relative=0x0000000000000e2c
Event: 27.548 Thread 0x0000024ee3e83d10 Uncommon trap: reason=array_check action=maybe_recompile pc=0x0000024eb8bcea6c method=com.google.common.collect.RegularImmutableMap.fromEntryArrayCheckingBucketOverflow(I[Ljava/util/Map$Entry;Z)Lcom/google/common/collect/ImmutableMap; @ 220 c2
Event: 27.548 Thread 0x0000024ee3e83d10 DEOPT PACKING pc=0x0000024eb8bcea6c sp=0x00000070460feae0
Event: 27.548 Thread 0x0000024ee3e83d10 DEOPT UNPACKING pc=0x0000024eb7fd69a3 sp=0x00000070460fe930 mode 2
Event: 27.548 Thread 0x0000024ee3e83d10 Uncommon trap: trap_request=0xffffffd6 fr.pc=0x0000024eb8bcea6c relative=0x0000000000000e2c
Event: 27.548 Thread 0x0000024ee3e83d10 Uncommon trap: reason=array_check action=maybe_recompile pc=0x0000024eb8bcea6c method=com.google.common.collect.RegularImmutableMap.fromEntryArrayCheckingBucketOverflow(I[Ljava/util/Map$Entry;Z)Lcom/google/common/collect/ImmutableMap; @ 220 c2
Event: 27.549 Thread 0x0000024ee3e83d10 DEOPT PACKING pc=0x0000024eb8bcea6c sp=0x00000070460feae0
Event: 27.549 Thread 0x0000024ee3e83d10 DEOPT UNPACKING pc=0x0000024eb7fd69a3 sp=0x00000070460fe930 mode 2
Event: 27.605 Thread 0x0000024edf2c1df0 Uncommon trap: trap_request=0xffffffd6 fr.pc=0x0000024eb8bcea6c relative=0x0000000000000e2c
Event: 27.605 Thread 0x0000024edf2c1df0 Uncommon trap: reason=array_check action=maybe_recompile pc=0x0000024eb8bcea6c method=com.google.common.collect.RegularImmutableMap.fromEntryArrayCheckingBucketOverflow(I[Ljava/util/Map$Entry;Z)Lcom/google/common/collect/ImmutableMap; @ 220 c2
Event: 27.605 Thread 0x0000024edf2c1df0 DEOPT PACKING pc=0x0000024eb8bcea6c sp=0x00000070462fa5f0
Event: 27.605 Thread 0x0000024edf2c1df0 DEOPT UNPACKING pc=0x0000024eb7fd69a3 sp=0x00000070462fa448 mode 2
Event: 27.606 Thread 0x0000024edf2c1df0 Uncommon trap: trap_request=0xffffffd6 fr.pc=0x0000024eb8bcea6c relative=0x0000000000000e2c
Event: 27.606 Thread 0x0000024edf2c1df0 Uncommon trap: reason=array_check action=maybe_recompile pc=0x0000024eb8bcea6c method=com.google.common.collect.RegularImmutableMap.fromEntryArrayCheckingBucketOverflow(I[Ljava/util/Map$Entry;Z)Lcom/google/common/collect/ImmutableMap; @ 220 c2
Event: 27.606 Thread 0x0000024edf2c1df0 DEOPT PACKING pc=0x0000024eb8bcea6c sp=0x00000070462fa5f0
Event: 27.606 Thread 0x0000024edf2c1df0 DEOPT UNPACKING pc=0x0000024eb7fd69a3 sp=0x00000070462fa440 mode 2
Event: 27.870 Thread 0x0000024edf2c04a0 Uncommon trap: trap_request=0xffffffbe fr.pc=0x0000024eb8c18ec0 relative=0x00000000000001a0
Event: 27.870 Thread 0x0000024edf2c04a0 Uncommon trap: reason=profile_predicate action=maybe_recompile pc=0x0000024eb8c18ec0 method=java.util.LinkedHashMap.keysToArray([Ljava/lang/Object;)[Ljava/lang/Object; @ 12 c2
Event: 27.870 Thread 0x0000024edf2c04a0 DEOPT PACKING pc=0x0000024eb8c18ec0 sp=0x00000070485fcd40
Event: 27.870 Thread 0x0000024edf2c04a0 DEOPT UNPACKING pc=0x0000024eb7fd69a3 sp=0x00000070485fccf8 mode 2

Classes loaded (20 events):
Event: 25.796 Loading class java/util/TreeSetBeanInfo
Event: 25.796 Loading class java/util/TreeSetBeanInfo done
Event: 25.796 Loading class java/util/AbstractSetBeanInfo
Event: 25.796 Loading class java/util/AbstractSetBeanInfo done
Event: 25.797 Loading class java/util/AbstractSetBeanInfo
Event: 25.797 Loading class java/util/AbstractSetBeanInfo done
Event: 25.797 Loading class java/util/AbstractSetCustomizer
Event: 25.797 Loading class java/util/AbstractSetCustomizer done
Event: 25.797 Loading class java/util/AbstractSetCustomizer
Event: 25.797 Loading class java/util/AbstractSetCustomizer done
Event: 25.798 Loading class java/util/TreeSetCustomizer
Event: 25.798 Loading class java/util/TreeSetCustomizer done
Event: 25.799 Loading class java/util/TreeSetCustomizer
Event: 25.799 Loading class java/util/TreeSetCustomizer done
Event: 26.354 Loading class java/util/TreeMap$KeySpliterator
Event: 26.354 Loading class java/util/TreeMap$TreeMapSpliterator
Event: 26.355 Loading class java/util/TreeMap$TreeMapSpliterator done
Event: 26.355 Loading class java/util/TreeMap$KeySpliterator done
Event: 26.383 Loading class java/util/TreeMap$ValueSpliterator
Event: 26.384 Loading class java/util/TreeMap$ValueSpliterator done

Classes unloaded (0 events):
No events

Classes redefined (0 events):
No events

Internal exceptions (20 events):
Event: 26.125 Thread 0x0000024ee06b5b00 Exception <a 'java/lang/NoSuchMethodError'{0x00000000efe14960}: static Lorg/gradle/tooling/internal/provider/serialization/SerializedPayload;.<clinit>()V> (0x00000000efe14960) 
thrown [s\src\hotspot\share\prims\jni.cpp, line 1112]
Event: 26.253 Thread 0x0000024edf2c2810 Exception <a 'java/lang/NoSuchMethodError'{0x00000000ef6bc260}: 'java.lang.Object java.lang.invoke.DirectMethodHandle$Holder.newInvokeSpecial(java.lang.Object, java.lang.Object, int, java.lang.Object, java.lang.Object)'> (0x00000000ef6bc260) 
thrown [s\src\hotspot\share\interpreter\linkResolver.cpp, line 759]
Event: 26.365 Thread 0x0000024ee06b5b00 Exception <a 'java/lang/NoSuchMethodError'{0x00000000efe28638}: static Lorg/gradle/internal/build/event/types/DefaultTaskStartedProgressEvent;.<clinit>()V> (0x00000000efe28638) 
thrown [s\src\hotspot\share\prims\jni.cpp, line 1112]
Event: 26.367 Thread 0x0000024ee06b5b00 Exception <a 'java/lang/NoSuchMethodError'{0x00000000efe326e0}: static Lorg/gradle/internal/build/event/types/DefaultTaskDescriptor;.<clinit>()V> (0x00000000efe326e0) 
thrown [s\src\hotspot\share\prims\jni.cpp, line 1112]
Event: 26.371 Thread 0x0000024ee06b5b00 Exception <a 'java/lang/NoSuchMethodError'{0x00000000ef00cc10}: static Lorg/gradle/internal/build/event/types/DefaultTaskFinishedProgressEvent;.<clinit>()V> (0x00000000ef00cc10) 
thrown [s\src\hotspot\share\prims\jni.cpp, line 1112]
Event: 26.372 Thread 0x0000024ee06b5b00 Exception <a 'java/lang/NoSuchMethodError'{0x00000000ef01e3c0}: static Lorg/gradle/internal/build/event/types/DefaultTaskSuccessResult;.<clinit>()V> (0x00000000ef01e3c0) 
thrown [s\src\hotspot\share\prims\jni.cpp, line 1112]
Event: 26.373 Thread 0x0000024ee06b5b00 Exception <a 'java/lang/NoSuchMethodError'{0x00000000ef01f630}: static Lorg/gradle/internal/build/event/types/AbstractTaskResult;.<clinit>()V> (0x00000000ef01f630) 
thrown [s\src\hotspot\share\prims\jni.cpp, line 1112]
Event: 26.385 Thread 0x0000024edf2c1df0 Exception <a 'java/lang/NoSuchMethodError'{0x00000000ef64d320}: 'java.lang.Object java.lang.invoke.DirectMethodHandle$Holder.invokeStatic(java.lang.Object, int, java.lang.Object)'> (0x00000000ef64d320) 
thrown [s\src\hotspot\share\interpreter\linkResolver.cpp, line 759]
Event: 27.111 Thread 0x0000024edf2c1df0 Implicit null exception at 0x0000024eb8c0ef90 to 0x0000024eb8c0f058
Event: 27.255 Thread 0x0000024edf2c1df0 Implicit null exception at 0x0000024eb8bc7a29 to 0x0000024eb8bc7b28
Event: 27.259 Thread 0x0000024edf2c1df0 Implicit null exception at 0x0000024eb8c1430a to 0x0000024eb8c143ea
Event: 27.281 Thread 0x0000024edf2c1df0 Implicit null exception at 0x0000024eb8c04d93 to 0x0000024eb8c0503f
Event: 27.282 Thread 0x0000024edf2c1df0 Implicit null exception at 0x0000024eb8a7a27a to 0x0000024eb8a7a4e3
Event: 27.282 Thread 0x0000024edf2c1df0 Implicit null exception at 0x0000024eb89ae0f6 to 0x0000024eb89ae2f5
Event: 27.651 Thread 0x0000024edf2c1df0 Exception <a 'sun/nio/fs/WindowsException'{0x00000000eb214b28}> (0x00000000eb214b28) 
thrown [s\src\hotspot\share\prims\jni.cpp, line 516]
Event: 27.651 Thread 0x0000024edf2c1df0 Exception <a 'sun/nio/fs/WindowsException'{0x00000000eb216278}> (0x00000000eb216278) 
thrown [s\src\hotspot\share\prims\jni.cpp, line 516]
Event: 27.652 Thread 0x0000024edf2c1df0 Exception <a 'sun/nio/fs/WindowsException'{0x00000000eb2179b8}> (0x00000000eb2179b8) 
thrown [s\src\hotspot\share\prims\jni.cpp, line 516]
Event: 27.652 Thread 0x0000024edf2c1df0 Exception <a 'sun/nio/fs/WindowsException'{0x00000000eb2190d0}> (0x00000000eb2190d0) 
thrown [s\src\hotspot\share\prims\jni.cpp, line 516]
Event: 29.077 Thread 0x0000024edf2c1df0 Exception <a 'java/lang/ClassNotFoundException'{0x00000000efef2108}: build_7rnjo2eo8nb709uqg7gfki7b7BeanInfo> (0x00000000efef2108) 
thrown [s\src\hotspot\share\classfile\systemDictionary.cpp, line 256]
Event: 29.077 Thread 0x0000024edf2c1df0 Exception <a 'java/lang/ClassNotFoundException'{0x00000000efef9240}: build_7rnjo2eo8nb709uqg7gfki7b7Customizer> (0x00000000efef9240) 
thrown [s\src\hotspot\share\classfile\systemDictionary.cpp, line 256]

VM Operations (20 events):
Event: 25.692 Executing VM operation: HandshakeAllThreads done
Event: 25.866 Executing VM operation: ICBufferFull
Event: 25.866 Executing VM operation: ICBufferFull done
Event: 25.955 Executing VM operation: HandshakeAllThreads
Event: 25.955 Executing VM operation: HandshakeAllThreads done
Event: 25.966 Executing VM operation: G1CollectForAllocation
Event: 25.973 Executing VM operation: G1CollectForAllocation done
Event: 26.363 Executing VM operation: HandshakeAllThreads
Event: 26.363 Executing VM operation: HandshakeAllThreads done
Event: 26.724 Executing VM operation: HandshakeAllThreads
Event: 26.725 Executing VM operation: HandshakeAllThreads done
Event: 26.895 Executing VM operation: ICBufferFull
Event: 26.895 Executing VM operation: ICBufferFull done
Event: 27.713 Executing VM operation: ICBufferFull
Event: 27.713 Executing VM operation: ICBufferFull done
Event: 28.726 Executing VM operation: Cleanup
Event: 28.975 Executing VM operation: Cleanup done
Event: 29.023 Executing VM operation: G1CollectForAllocation
Event: 29.040 Executing VM operation: G1CollectForAllocation done
Event: 30.044 Executing VM operation: Cleanup

Memory protections (0 events):
No events

Nmethod flushes (20 events):
Event: 19.810 Thread 0x0000024ec3f26be0 flushing  nmethod 0x0000024eb17a8e90
Event: 19.810 Thread 0x0000024ec3f26be0 flushing  nmethod 0x0000024eb17acc90
Event: 19.810 Thread 0x0000024ec3f26be0 flushing  nmethod 0x0000024eb17adb10
Event: 19.810 Thread 0x0000024ec3f26be0 flushing osr nmethod 0x0000024eb17c4b90
Event: 19.810 Thread 0x0000024ec3f26be0 flushing osr nmethod 0x0000024eb17dea90
Event: 19.810 Thread 0x0000024ec3f26be0 flushing  nmethod 0x0000024eb17e3210
Event: 19.810 Thread 0x0000024ec3f26be0 flushing  nmethod 0x0000024eb17fd010
Event: 19.810 Thread 0x0000024ec3f26be0 flushing  nmethod 0x0000024eb1801290
Event: 19.810 Thread 0x0000024ec3f26be0 flushing  nmethod 0x0000024eb1805990
Event: 19.811 Thread 0x0000024ec3f26be0 flushing  nmethod 0x0000024eb1834790
Event: 19.811 Thread 0x0000024ec3f26be0 flushing  nmethod 0x0000024eb18b6490
Event: 19.811 Thread 0x0000024ec3f26be0 flushing  nmethod 0x0000024eb18bc110
Event: 19.812 Thread 0x0000024ec3f26be0 flushing  nmethod 0x0000024eb196ef90
Event: 25.696 Thread 0x0000024ec3f26be0 flushing  nmethod 0x0000024eb0af4510
Event: 25.697 Thread 0x0000024ec3f26be0 flushing  nmethod 0x0000024eb0b2a790
Event: 25.705 Thread 0x0000024ec3f26be0 flushing  nmethod 0x0000024eb1495490
Event: 25.705 Thread 0x0000024ec3f26be0 flushing  nmethod 0x0000024eb14db310
Event: 25.705 Thread 0x0000024ec3f26be0 flushing  nmethod 0x0000024eb14de490
Event: 25.705 Thread 0x0000024ec3f26be0 flushing  nmethod 0x0000024eb153c690
Event: 25.708 Thread 0x0000024ec3f26be0 flushing  nmethod 0x0000024eb17eea10

Events (20 events):
Event: 27.900 Thread 0x0000024edf2c1df0 Thread added: 0x0000024ee06b5b00
Event: 27.901 Thread 0x0000024edf2c1df0 Thread added: 0x0000024ee06b6010
Event: 27.902 Thread 0x0000024edf2c1df0 Thread added: 0x0000024ee06b4bd0
Event: 27.902 Thread 0x0000024edf2c1df0 Thread added: 0x0000024ee06b6a30
Event: 27.903 Thread 0x0000024edf2c1df0 Thread added: 0x0000024ee06b7450
Event: 27.903 Thread 0x0000024edf2c1df0 Thread added: 0x0000024ee06b6f40
Event: 27.904 Thread 0x0000024edf2c1df0 Thread added: 0x0000024ee06b46c0
Event: 27.905 Thread 0x0000024edf2c1df0 Thread added: 0x0000024ee06b50e0
Event: 27.906 Thread 0x0000024edf2c1df0 Thread added: 0x0000024ee06b55f0
Event: 27.924 Thread 0x0000024edf2c1df0 Thread added: 0x0000024ee06b3ca0
Event: 27.925 Thread 0x0000024edf2c1df0 Thread added: 0x0000024ee06b7960
Event: 27.928 Thread 0x0000024edf2c1df0 Thread added: 0x0000024ee06b41b0
Event: 27.929 Thread 0x0000024edf2c1df0 Thread added: 0x0000024ee06ba1e0
Event: 27.930 Thread 0x0000024edf2c1df0 Thread added: 0x0000024ee06b8890
Event: 27.930 Thread 0x0000024edf2c1df0 Thread added: 0x0000024ee06b8380
Event: 27.931 Thread 0x0000024edf2c1df0 Thread added: 0x0000024ee06bac00
Event: 27.932 Thread 0x0000024edf2c1df0 Thread added: 0x0000024ee06b8da0
Event: 27.933 Thread 0x0000024edf2c1df0 Thread added: 0x0000024ee06b92b0
Event: 27.933 Thread 0x0000024edf2c1df0 Thread added: 0x0000024ee06b97c0
Event: 27.934 Thread 0x0000024edf2c1df0 Thread added: 0x0000024ee06b7e70


Dynamic libraries:
0x00007ff77d7d0000 - 0x00007ff77d7de000 	C:\Program Files\Microsoft\jdk-17.0.15.6-hotspot\bin\java.exe
0x00007ff8dc440000 - 0x00007ff8dc6a7000 	C:\WINDOWS\SYSTEM32\ntdll.dll
0x00007ff8db7d0000 - 0x00007ff8db899000 	C:\WINDOWS\System32\KERNEL32.DLL
0x00007ff8d9bd0000 - 0x00007ff8d9fc1000 	C:\WINDOWS\System32\KERNELBASE.dll
0x00007ff8d9fd0000 - 0x00007ff8da11b000 	C:\WINDOWS\System32\ucrtbase.dll
0x00007ff897430000 - 0x00007ff897447000 	C:\Program Files\Microsoft\jdk-17.0.15.6-hotspot\bin\jli.dll
0x00007ff8b9530000 - 0x00007ff8b954d000 	C:\Program Files\Microsoft\jdk-17.0.15.6-hotspot\bin\VCRUNTIME140.dll
0x00007ff8db410000 - 0x00007ff8db5d5000 	C:\WINDOWS\System32\USER32.dll
0x00007ff8d9970000 - 0x00007ff8d9997000 	C:\WINDOWS\System32\win32u.dll
0x00007ff8b8ca0000 - 0x00007ff8b8f33000 	C:\WINDOWS\WinSxS\amd64_microsoft.windows.common-controls_6595b64144ccf1df_6.0.26100.7922_none_3e089e1ee3342171\COMCTL32.dll
0x00007ff8dbed0000 - 0x00007ff8dbefb000 	C:\WINDOWS\System32\GDI32.dll
0x00007ff8da2b0000 - 0x00007ff8da359000 	C:\WINDOWS\System32\msvcrt.dll
0x00007ff8d97b0000 - 0x00007ff8d98da000 	C:\WINDOWS\System32\gdi32full.dll
0x00007ff8d9b20000 - 0x00007ff8d9bc3000 	C:\WINDOWS\System32\msvcp_win.dll
0x00007ff8da360000 - 0x00007ff8da391000 	C:\WINDOWS\System32\IMM32.DLL
0x00007ff899b90000 - 0x00007ff899b9c000 	C:\Program Files\Microsoft\jdk-17.0.15.6-hotspot\bin\vcruntime140_1.dll
0x00007ff83d120000 - 0x00007ff83d1ad000 	C:\Program Files\Microsoft\jdk-17.0.15.6-hotspot\bin\msvcp140.dll
0x00007ff834070000 - 0x00007ff834ce2000 	C:\Program Files\Microsoft\jdk-17.0.15.6-hotspot\bin\server\jvm.dll
0x00007ff8db220000 - 0x00007ff8db2db000 	C:\WINDOWS\System32\ADVAPI32.dll
0x00007ff8da9f0000 - 0x00007ff8daa97000 	C:\WINDOWS\System32\sechost.dll
0x00007ff8db2e0000 - 0x00007ff8db3f8000 	C:\WINDOWS\System32\RPCRT4.dll
0x00007ff8db740000 - 0x00007ff8db7b4000 	C:\WINDOWS\System32\WS2_32.dll
0x00007ff8d8b80000 - 0x00007ff8d8bde000 	C:\WINDOWS\SYSTEM32\POWRPROF.dll
0x00007ff8c6ef0000 - 0x00007ff8c6efb000 	C:\WINDOWS\SYSTEM32\VERSION.dll
0x00007ff8d0b20000 - 0x00007ff8d0b55000 	C:\WINDOWS\SYSTEM32\WINMM.dll
0x00007ff8d8b60000 - 0x00007ff8d8b74000 	C:\WINDOWS\SYSTEM32\UMPDC.dll
0x00007ff8d7ab0000 - 0x00007ff8d7acb000 	C:\WINDOWS\SYSTEM32\kernel.appcore.dll
0x00007ff897890000 - 0x00007ff89789a000 	C:\Program Files\Microsoft\jdk-17.0.15.6-hotspot\bin\jimage.dll
0x00007ff8d6bc0000 - 0x00007ff8d6e02000 	C:\WINDOWS\SYSTEM32\DBGHELP.DLL
0x00007ff8dbf70000 - 0x00007ff8dc2f2000 	C:\WINDOWS\System32\combase.dll
0x00007ff8dbb90000 - 0x00007ff8dbc67000 	C:\WINDOWS\System32\OLEAUT32.dll
0x00007ff8b6050000 - 0x00007ff8b608b000 	C:\WINDOWS\SYSTEM32\dbgcore.DLL
0x00007ff8d9700000 - 0x00007ff8d97a5000 	C:\WINDOWS\System32\bcryptPrimitives.dll
0x00007ff88e7d0000 - 0x00007ff88e7de000 	C:\Program Files\Microsoft\jdk-17.0.15.6-hotspot\bin\instrument.dll
0x00007ff897400000 - 0x00007ff897425000 	C:\Program Files\Microsoft\jdk-17.0.15.6-hotspot\bin\java.dll
0x00007ff83d040000 - 0x00007ff83d116000 	C:\Program Files\Microsoft\jdk-17.0.15.6-hotspot\bin\jsvml.dll
0x00007ff8daab0000 - 0x00007ff8db20f000 	C:\WINDOWS\System32\SHELL32.dll
0x00007ff8d8d20000 - 0x00007ff8d8e8a000 	C:\WINDOWS\System32\wintypes.dll
0x00007ff8d8e90000 - 0x00007ff8d96f4000 	C:\WINDOWS\System32\windows.storage.dll
0x00007ff8dbdd0000 - 0x00007ff8dbec7000 	C:\WINDOWS\System32\SHCORE.dll
0x00007ff8dbf00000 - 0x00007ff8dbf67000 	C:\WINDOWS\System32\shlwapi.dll
0x00007ff8d8c40000 - 0x00007ff8d8c69000 	C:\WINDOWS\SYSTEM32\profapi.dll
0x00007ff8838b0000 - 0x00007ff8838c8000 	C:\Program Files\Microsoft\jdk-17.0.15.6-hotspot\bin\zip.dll
0x00007ff88a720000 - 0x00007ff88a73a000 	C:\Program Files\Microsoft\jdk-17.0.15.6-hotspot\bin\net.dll
0x00007ff8cda60000 - 0x00007ff8cdb87000 	C:\WINDOWS\SYSTEM32\WINHTTP.dll
0x00007ff8d8020000 - 0x00007ff8d808b000 	C:\WINDOWS\system32\mswsock.dll
0x00007ff88a700000 - 0x00007ff88a716000 	C:\Program Files\Microsoft\jdk-17.0.15.6-hotspot\bin\nio.dll
0x00007ff8976e0000 - 0x00007ff8976f0000 	C:\Program Files\Microsoft\jdk-17.0.15.6-hotspot\bin\verify.dll
0x00007ff886160000 - 0x00007ff886187000 	C:\Users\HP\.gradle\native\c067742578af261105cb4f569cf0c3c89f3d7b1fecec35dd04571415982c5e48\windows-amd64\native-platform.dll
0x00007ff8796e0000 - 0x00007ff879824000 	C:\Users\HP\.gradle\native\100fb08df4bc3b14c8652ba06237920a3bd2aa13389f12d3474272988ae205f9\windows-amd64\native-platform-file-events.dll
0x00007ff894870000 - 0x00007ff89487a000 	C:\Program Files\Microsoft\jdk-17.0.15.6-hotspot\bin\management.dll
0x00007ff893630000 - 0x00007ff89363b000 	C:\Program Files\Microsoft\jdk-17.0.15.6-hotspot\bin\management_ext.dll
0x00007ff8db7c0000 - 0x00007ff8db7c8000 	C:\WINDOWS\System32\PSAPI.DLL
0x00007ff8d8300000 - 0x00007ff8d831b000 	C:\WINDOWS\SYSTEM32\CRYPTSP.dll
0x00007ff8d7a10000 - 0x00007ff8d7a49000 	C:\WINDOWS\system32\rsaenh.dll
0x00007ff8d80d0000 - 0x00007ff8d8102000 	C:\WINDOWS\SYSTEM32\USERENV.dll
0x00007ff8d8c10000 - 0x00007ff8d8c3a000 	C:\WINDOWS\SYSTEM32\bcrypt.dll
0x00007ff8d8320000 - 0x00007ff8d832c000 	C:\WINDOWS\SYSTEM32\CRYPTBASE.dll
0x00007ff8d7470000 - 0x00007ff8d74a3000 	C:\WINDOWS\SYSTEM32\IPHLPAPI.DLL
0x00007ff8daaa0000 - 0x00007ff8daaaa000 	C:\WINDOWS\System32\NSI.dll
0x00007ff8d0ef0000 - 0x00007ff8d0f0d000 	C:\WINDOWS\SYSTEM32\dhcpcsvc6.DLL
0x00007ff8cfb00000 - 0x00007ff8cfb23000 	C:\WINDOWS\SYSTEM32\dhcpcsvc.DLL
0x00007ff8d7500000 - 0x00007ff8d762a000 	C:\WINDOWS\SYSTEM32\DNSAPI.dll
0x00007ff893090000 - 0x00007ff893099000 	C:\Program Files\Microsoft\jdk-17.0.15.6-hotspot\bin\extnet.dll
0x00007ff88de20000 - 0x00007ff88de2e000 	C:\Program Files\Microsoft\jdk-17.0.15.6-hotspot\bin\sunmscapi.dll
0x00007ff8d99a0000 - 0x00007ff8d9b17000 	C:\WINDOWS\System32\CRYPT32.dll
0x00007ff8d8520000 - 0x00007ff8d8550000 	C:\WINDOWS\SYSTEM32\ncrypt.dll
0x00007ff8d84d0000 - 0x00007ff8d850f000 	C:\WINDOWS\SYSTEM32\NTASN1.dll
0x00007ff8c4030000 - 0x00007ff8c4038000 	C:\WINDOWS\system32\wshunix.dll

dbghelp: loaded successfully - version: 4.0.5 - missing functions: none
symbol engine: initialized successfully - sym options: 0x614 - pdb path: .;C:\Program Files\Microsoft\jdk-17.0.15.6-hotspot\bin;C:\WINDOWS\SYSTEM32;C:\WINDOWS\WinSxS\amd64_microsoft.windows.common-controls_6595b64144ccf1df_6.0.26100.7922_none_3e089e1ee3342171;C:\Program Files\Microsoft\jdk-17.0.15.6-hotspot\bin\server;C:\Users\HP\.gradle\native\c067742578af261105cb4f569cf0c3c89f3d7b1fecec35dd04571415982c5e48\windows-amd64;C:\Users\HP\.gradle\native\100fb08df4bc3b14c8652ba06237920a3bd2aa13389f12d3474272988ae205f9\windows-amd64

VM Arguments:
jvm_args: --add-opens=java.base/java.util=ALL-UNNAMED --add-opens=java.base/java.lang=ALL-UNNAMED --add-opens=java.base/java.lang.invoke=ALL-UNNAMED --add-opens=java.prefs/java.util.prefs=ALL-UNNAMED --add-exports=jdk.compiler/com.sun.tools.javac.api=ALL-UNNAMED --add-exports=jdk.compiler/com.sun.tools.javac.util=ALL-UNNAMED --add-opens=java.base/java.nio.charset=ALL-UNNAMED --add-opens=java.base/java.net=ALL-UNNAMED --add-opens=java.base/java.util.concurrent.atomic=ALL-UNNAMED -XX:MaxMetaspaceSize=384m -XX:+HeapDumpOnOutOfMemoryError -Xms256m -Xmx512m -Dfile.encoding=utf8 -Duser.country=IN -Duser.language=en -Duser.variant -javaagent:C:\Users\HP\.gradle\wrapper\dists\gradle-8.9-bin\90cnw93cvbtalezasaz0blq0a\gradle-8.9\lib\agents\gradle-instrumentation-agent-8.9.jar 
java_command: org.gradle.launcher.daemon.bootstrap.GradleDaemon 8.9
java_class_path (initial): C:\Users\HP\.gradle\wrapper\dists\gradle-8.9-bin\90cnw93cvbtalezasaz0blq0a\gradle-8.9\lib\gradle-daemon-main-8.9.jar
Launcher Type: SUN_STANDARD

[Global flags]
     intx CICompilerCount                          = 4                                         {product} {ergonomic}
   size_t CompressedClassSpaceSize                 = 335544320                                 {product} {ergonomic}
     uint ConcGCThreads                            = 3                                         {product} {ergonomic}
     uint G1ConcRefinementThreads                  = 10                                        {product} {ergonomic}
   size_t G1HeapRegionSize                         = 1048576                                   {product} {ergonomic}
    uintx GCDrainStackTargetSize                   = 64                                        {product} {ergonomic}
     bool HeapDumpOnOutOfMemoryError               = true                                   {manageable} {command line}
   size_t InitialHeapSize                          = 268435456                                 {product} {command line}
   size_t MarkStackSize                            = 4194304                                   {product} {ergonomic}
   size_t MaxHeapSize                              = 536870912                                 {product} {command line}
   size_t MaxMetaspaceSize                         = 402653184                                 {product} {command line}
   size_t MaxNewSize                               = 321912832                                 {product} {ergonomic}
   size_t MinHeapDeltaBytes                        = 1048576                                   {product} {ergonomic}
   size_t MinHeapSize                              = 268435456                                 {product} {command line}
    uintx NonNMethodCodeHeapSize                   = 5839372                                {pd product} {ergonomic}
    uintx NonProfiledCodeHeapSize                  = 122909434                              {pd product} {ergonomic}
    uintx ProfiledCodeHeapSize                     = 122909434                              {pd product} {ergonomic}
    uintx ReservedCodeCacheSize                    = 251658240                              {pd product} {ergonomic}
     bool SegmentedCodeCache                       = true                                      {product} {ergonomic}
   size_t SoftMaxHeapSize                          = 536870912                              {manageable} {ergonomic}
     bool UseCompressedClassPointers               = true                           {product lp64_product} {ergonomic}
     bool UseCompressedOops                        = true                           {product lp64_product} {ergonomic}
     bool UseG1GC                                  = true                                      {product} {ergonomic}
     bool UseLargePagesIndividualAllocation        = false                                  {pd product} {ergonomic}

Logging:
Log output configuration:
 #0: stdout all=warning uptime,level,tags
 #1: stderr all=off uptime,level,tags

Environment Variables:
JAVA_HOME=C:\Program Files\Microsoft\jdk-17.0.15.6-hotspot
PATH=C:\Users\HP\AppData\Local\Programs\Microsoft VS Code;C:\Program Files\Microsoft\jdk-17.0.15.6-hotspot\bin;C:\WINDOWS\system32;C:\WINDOWS;C:\WINDOWS\System32\Wbem;C:\WINDOWS\System32\WindowsPowerShell\v1.0\;C:\WINDOWS\System32\OpenSSH\;C:\Program Files\Git\cmd;C:\Program Files\dotnet\;C:\ProgramData\chocolatey\bin;C:\Users\HP\AppData\Local\Android\Sdk\platform-tools;C:\Users\HP\AppData\Local\Android\Sdk;C:\Users\HP\AppData\Local\Android\Sdk\emulator;;C:\Program Files\Docker\Docker\resources\bin;C:\Program Files\PuTTY\;C:\Program Files\nodejs\;C:\Program Files\MySQL\MySQL Shell 8.0\bin\;C:\Users\HP\AppData\Local\Microsoft\WindowsApps;C:\Users\HP\AppData\Local\Programs\Microsoft VS Code\bin;C:\Users\HP\AppData\Local\Android\Sdk\platform-tools;C:\Users\HP\AppData\Local\Android\Sdk;C:\Users\HP\AppData\Local\Android\Sdk\emulator;C:\Users\HP\AppData\Roaming\npm
USERNAME=HP
OS=Windows_NT
PROCESSOR_IDENTIFIER=Intel64 Family 6 Model 154 Stepping 4, GenuineIntel
TMP=C:\Users\HP\AppData\Local\Temp
TEMP=C:\Users\HP\AppData\Local\Temp



Periodic native trim disabled


---------------  S Y S T E M  ---------------

OS:
 Windows 11 , 64 bit Build 26100 (10.0.26100.7920)
OS uptime: 13 days 22:20 hours
Hyper-V role detected

CPU: total 12 (initial active 12) (6 cores per cpu, 2 threads per core) family 6 model 154 stepping 4 microcode 0x432, cx8, cmov, fxsr, ht, mmx, 3dnowpref, sse, sse2, sse3, ssse3, sse4.1, sse4.2, popcnt, lzcnt, tsc, tscinvbit, avx, avx2, aes, erms, clmul, bmi1, bmi2, adx, sha, fma, vzeroupper, clflush, clflushopt, clwb, hv
Processor Information for processor 0
  Max Mhz: 1300, Current Mhz: 1300, Mhz Limit: 1300
Processor Information for processor 1
  Max Mhz: 1300, Current Mhz: 1300, Mhz Limit: 1300
Processor Information for processor 2
  Max Mhz: 1300, Current Mhz: 1300, Mhz Limit: 1300
Processor Information for processor 3
  Max Mhz: 1300, Current Mhz: 1300, Mhz Limit: 1300
Processor Information for processor 4
  Max Mhz: 1300, Current Mhz: 900, Mhz Limit: 897
Processor Information for processor 5
  Max Mhz: 1300, Current Mhz: 900, Mhz Limit: 897
Processor Information for processor 6
  Max Mhz: 1300, Current Mhz: 900, Mhz Limit: 897
Processor Information for processor 7
  Max Mhz: 1300, Current Mhz: 900, Mhz Limit: 897
Processor Information for processor 8
  Max Mhz: 1300, Current Mhz: 900, Mhz Limit: 897
Processor Information for processor 9
  Max Mhz: 1300, Current Mhz: 900, Mhz Limit: 897
Processor Information for processor 10
  Max Mhz: 1300, Current Mhz: 900, Mhz Limit: 897
Processor Information for processor 11
  Max Mhz: 1300, Current Mhz: 900, Mhz Limit: 897

Memory: 4k page, system-wide physical 7835M (1000M free)
TotalPageFile size 31387M (AvailPageFile size 5M)
current process WorkingSet (physical memory assigned to process): 476M, peak: 478M
current process commit charge ("private bytes"): 577M, peak: 578M

vm_info: OpenJDK 64-Bit Server VM (17.0.15+6-LTS) for windows-amd64 JRE (17.0.15+6-LTS), built on Apr  9 2025 22:27:25 by "MicrosoftCorporation" with unknown MS VC++:1939

END.
