#
# There is insufficient memory for the Java Runtime Environment to continue.
# Native memory allocation (malloc) failed to allocate 1656336 bytes. Error detail: Chunk::new
# Possible reasons:
#   The system is out of physical RAM or swap space
#   This process is running with CompressedOops enabled, and the Java Heap may be blocking the growth of the native heap
# Possible solutions:
#   Reduce memory load on the system
#   Increase physical memory or swap space
#   Check if swap backing store is full
#   Decrease Java heap size (-Xmx/-Xms)
#   Decrease number of Java threads
#   Decrease Java thread stack sizes (-Xss)
#   Set larger code cache with -XX:ReservedCodeCacheSize=
#   JVM is running with Unscaled Compressed Oops mode in which the Java heap is
#     placed in the first 4GB address space. The Java Heap base address is the
#     maximum limit for the native heap growth. Please use -XX:HeapBaseMinAddress
#     to set the Java Heap base and to place the Java Heap above 4GB virtual address.
# This output file may be truncated or incomplete.
#
#  Out of Memory Error (arena.cpp:191), pid=4784, tid=23628
#
# JRE version: OpenJDK Runtime Environment Microsoft-11369865 (17.0.15+6) (build 17.0.15+6-LTS)
# Java VM: OpenJDK 64-Bit Server VM Microsoft-11369865 (17.0.15+6-LTS, mixed mode, sharing, tiered, compressed oops, compressed class ptrs, g1 gc, windows-amd64)
# No core dump will be written. Minidumps are not enabled by default on client versions of Windows
#

---------------  S U M M A R Y ------------

Command Line: --add-opens=java.base/java.util=ALL-UNNAMED --add-opens=java.base/java.lang=ALL-UNNAMED --add-opens=java.base/java.lang.invoke=ALL-UNNAMED --add-opens=java.prefs/java.util.prefs=ALL-UNNAMED --add-exports=jdk.compiler/com.sun.tools.javac.api=ALL-UNNAMED --add-exports=jdk.compiler/com.sun.tools.javac.util=ALL-UNNAMED --add-opens=java.base/java.nio.charset=ALL-UNNAMED --add-opens=java.base/java.net=ALL-UNNAMED --add-opens=java.base/java.util.concurrent.atomic=ALL-UNNAMED -XX:MaxMetaspaceSize=384m -XX:+HeapDumpOnOutOfMemoryError -Xms256m -Xmx512m -Dfile.encoding=utf8 -Duser.country=IN -Duser.language=en -Duser.variant -javaagent:C:\Users\HP\.gradle\wrapper\dists\gradle-8.9-bin\90cnw93cvbtalezasaz0blq0a\gradle-8.9\lib\agents\gradle-instrumentation-agent-8.9.jar org.gradle.launcher.daemon.bootstrap.GradleDaemon 8.9

Host: 12th Gen Intel(R) Core(TM) i5-1235U, 12 cores, 7G,  Windows 11 , 64 bit Build 26100 (10.0.26100.7920)
Time: Thu Mar 26 11:06:03 2026 India Standard Time elapsed time: 49.045195 seconds (0d 0h 0m 49s)

---------------  T H R E A D  ---------------

Current thread (0x000002b5f46c5820):  JavaThread "C2 CompilerThread0" daemon [_thread_in_native, id=23628, stack(0x000000deb9d00000,0x000000deb9e00000)]


Current CompileTask:
C2:  49045 17372   !   4       org.gradle.api.internal.artifacts.transform.AttributeMatchingArtifactVariantSelector::select (37 bytes)

Stack: [0x000000deb9d00000,0x000000deb9e00000]
Native frames: (J=compiled Java code, j=interpreted, Vv=VM code, C=native code)
V  [jvm.dll+0x6887a9]
V  [jvm.dll+0x83f5a8]
V  [jvm.dll+0x841053]
V  [jvm.dll+0x8416c3]
V  [jvm.dll+0x2496ef]
V  [jvm.dll+0xad134]
V  [jvm.dll+0xad7cc]
V  [jvm.dll+0x36aedf]
V  [jvm.dll+0x335513]
V  [jvm.dll+0x3349aa]
V  [jvm.dll+0x21a908]
V  [jvm.dll+0x219d3f]
V  [jvm.dll+0x1a55f6]
V  [jvm.dll+0x22a39a]
V  [jvm.dll+0x2284db]
V  [jvm.dll+0x7f4e28]
V  [jvm.dll+0x7ef2dc]
V  [jvm.dll+0x687687]
C  [ucrtbase.dll+0x37b0]
C  [KERNEL32.DLL+0x2e8d7]
C  [ntdll.dll+0x8c48c]


---------------  P R O C E S S  ---------------

Threads class SMR info:
_java_thread_list=0x000002b5ff5bdd70, length=86, elements={
0x000002b5d969beb0, 0x000002b5f46a7e10, 0x000002b5f46aa8f0, 0x000002b5f46beb80,
0x000002b5f46c1460, 0x000002b5f46c1d30, 0x000002b5f46c2c10, 0x000002b5f46c5820,
0x000002b5f46c61e0, 0x000002b5f46ce000, 0x000002b5f4697f70, 0x000002b5f48e8c60,
0x000002b5fa2f22f0, 0x000002b5f9de7d80, 0x000002b5fab0d1c0, 0x000002b5fad3ff00,
0x000002b5fad3cc60, 0x000002b5fad3f4e0, 0x000002b5fad3db90, 0x000002b5fad3e0a0,
0x000002b5fc3dbb70, 0x000002b5fc3da730, 0x000002b5fc3dc080, 0x000002b5fc3dd9d0,
0x000002b5fc3dc590, 0x000002b5fc3db150, 0x000002b5fc3ddee0, 0x000002b5fc3de900,
0x000002b5fc3df830, 0x000002b5fc3df320, 0x000002b5fc3dfd40, 0x000002b5fc3e0250,
0x000002b5fc3dcaa0, 0x000002b5fc3e0760, 0x000002b5fc3e0c70, 0x000002b5fc3dd4c0,
0x000002b5fcfe3b70, 0x000002b5f93292d0, 0x000002b5fc3da220, 0x000002b5f932edf0,
0x000002b5f932ca80, 0x000002b5fad3eac0, 0x000002b5fad3efd0, 0x000002b5fad3d170,
0x000002b5fad3f9f0, 0x000002b5fcfe4590, 0x000002b5fcfe4fb0, 0x000002b5fcfe7320,
0x000002b5fcfe5ee0, 0x000002b5fcfe7830, 0x000002b5fcfe4080, 0x000002b5fcfe7d40,
0x000002b5fcfe8250, 0x000002b5fcfe4aa0, 0x000002b5fcfe8760, 0x000002b5fcfe8c70,
0x000002b5fcfe54c0, 0x000002b5fcfe9180, 0x000002b5fcfeb4f0, 0x000002b5fcfe9690,
0x000002b5fcfe9ba0, 0x000002b5fcfea0b0, 0x000002b5fcfea5c0, 0x000002b5fcfeafe0,
0x000002b5fcfeaad0, 0x000002b5f932a200, 0x000002b5f932c570, 0x000002b5f932b640,
0x000002b5f932c060, 0x000002b5f9328dc0, 0x000002b5f932b130, 0x000002b5f932cf90,
0x000002b5f932d4a0, 0x000002b5f9329cf0, 0x000002b5f932a710, 0x000002b5f932d9b0,
0x000002b5f932dec0, 0x000002b5f932ac20, 0x000002b5f932f300, 0x000002b5f932f810,
0x000002b5f932fd20, 0x000002b5ff430fa0, 0x000002b5ff432e00, 0x000002b5ff4314b0,
0x000002b5ff8fdc10, 0x000002b5ff8fe160
}

Java Threads: ( => current thread )
  0x000002b5d969beb0 JavaThread "main" [_thread_blocked, id=9412, stack(0x000000deb9000000,0x000000deb9100000)]
  0x000002b5f46a7e10 JavaThread "Reference Handler" daemon [_thread_blocked, id=21456, stack(0x000000deb9700000,0x000000deb9800000)]
  0x000002b5f46aa8f0 JavaThread "Finalizer" daemon [_thread_blocked, id=2404, stack(0x000000deb9800000,0x000000deb9900000)]
  0x000002b5f46beb80 JavaThread "Signal Dispatcher" daemon [_thread_blocked, id=26844, stack(0x000000deb9900000,0x000000deb9a00000)]
  0x000002b5f46c1460 JavaThread "Attach Listener" daemon [_thread_blocked, id=27764, stack(0x000000deb9a00000,0x000000deb9b00000)]
  0x000002b5f46c1d30 JavaThread "Service Thread" daemon [_thread_blocked, id=17004, stack(0x000000deb9b00000,0x000000deb9c00000)]
  0x000002b5f46c2c10 JavaThread "Monitor Deflation Thread" daemon [_thread_blocked, id=21912, stack(0x000000deb9c00000,0x000000deb9d00000)]
=>0x000002b5f46c5820 JavaThread "C2 CompilerThread0" daemon [_thread_in_native, id=23628, stack(0x000000deb9d00000,0x000000deb9e00000)]
  0x000002b5f46c61e0 JavaThread "C1 CompilerThread0" daemon [_thread_blocked, id=17204, stack(0x000000deb9e00000,0x000000deb9f00000)]
  0x000002b5f46ce000 JavaThread "Sweeper thread" daemon [_thread_blocked, id=9696, stack(0x000000deb9f00000,0x000000deba000000)]
  0x000002b5f4697f70 JavaThread "Common-Cleaner" daemon [_thread_blocked, id=28360, stack(0x000000deba000000,0x000000deba100000)]
  0x000002b5f48e8c60 JavaThread "Notification Thread" daemon [_thread_blocked, id=1948, stack(0x000000deba100000,0x000000deba200000)]
  0x000002b5fa2f22f0 JavaThread "Daemon health stats" [_thread_blocked, id=19160, stack(0x000000deba300000,0x000000deba400000)]
  0x000002b5f9de7d80 JavaThread "Incoming local TCP Connector on port 53969" [_thread_in_native, id=24808, stack(0x000000deba400000,0x000000deba500000)]
  0x000002b5fab0d1c0 JavaThread "Daemon periodic checks" [_thread_blocked, id=22996, stack(0x000000debaa00000,0x000000debab00000)]
  0x000002b5fad3ff00 JavaThread "Daemon" [_thread_blocked, id=5184, stack(0x000000debab00000,0x000000debac00000)]
  0x000002b5fad3cc60 JavaThread "Daemon worker" [_thread_in_native, id=8220, stack(0x000000debae00000,0x000000debaf00000)]
  0x000002b5fad3f4e0 JavaThread "Cache worker for journal cache (C:\Users\HP\.gradle\caches\journal-1)" [_thread_blocked, id=20836, stack(0x000000debb200000,0x000000debb300000)]
  0x000002b5fad3db90 JavaThread "File lock request listener" [_thread_in_native, id=11244, stack(0x000000debb300000,0x000000debb400000)]
  0x000002b5fad3e0a0 JavaThread "Cache worker for file hash cache (C:\Users\HP\.gradle\caches\8.9\fileHashes)" [_thread_blocked, id=28132, stack(0x000000debb400000,0x000000debb500000)]
  0x000002b5fc3dbb70 JavaThread "File watcher server" daemon [_thread_in_native, id=23668, stack(0x000000debbe00000,0x000000debbf00000)]
  0x000002b5fc3da730 JavaThread "File watcher consumer" daemon [_thread_blocked, id=14540, stack(0x000000debbf00000,0x000000debc000000)]
  0x000002b5fc3dc080 JavaThread "jar transforms" [_thread_blocked, id=10552, stack(0x000000debc000000,0x000000debc100000)]
  0x000002b5fc3dd9d0 JavaThread "jar transforms Thread 2" [_thread_blocked, id=28280, stack(0x000000debc100000,0x000000debc200000)]
  0x000002b5fc3dc590 JavaThread "jar transforms Thread 3" [_thread_blocked, id=19652, stack(0x000000debc200000,0x000000debc300000)]
  0x000002b5fc3db150 JavaThread "Cache worker for file content cache (C:\Users\HP\.gradle\caches\8.9\fileContent)" [_thread_blocked, id=19212, stack(0x000000debc500000,0x000000debc600000)]
  0x000002b5fc3ddee0 JavaThread "jar transforms Thread 4" [_thread_blocked, id=25128, stack(0x000000debc800000,0x000000debc900000)]
  0x000002b5fc3de900 JavaThread "jar transforms Thread 5" [_thread_blocked, id=10692, stack(0x000000debc900000,0x000000debca00000)]
  0x000002b5fc3df830 JavaThread "jar transforms Thread 6" [_thread_blocked, id=28460, stack(0x000000debca00000,0x000000debcb00000)]
  0x000002b5fc3df320 JavaThread "jar transforms Thread 7" [_thread_blocked, id=20436, stack(0x000000debcb00000,0x000000debcc00000)]
  0x000002b5fc3dfd40 JavaThread "jar transforms Thread 8" [_thread_blocked, id=2892, stack(0x000000debcc00000,0x000000debcd00000)]
  0x000002b5fc3e0250 JavaThread "jar transforms Thread 9" [_thread_blocked, id=20276, stack(0x000000debcd00000,0x000000debce00000)]
  0x000002b5fc3dcaa0 JavaThread "jar transforms Thread 10" [_thread_blocked, id=20584, stack(0x000000debce00000,0x000000debcf00000)]
  0x000002b5fc3e0760 JavaThread "jar transforms Thread 11" [_thread_blocked, id=24804, stack(0x000000debcf00000,0x000000debd000000)]
  0x000002b5fc3e0c70 JavaThread "jar transforms Thread 12" [_thread_blocked, id=30540, stack(0x000000debd000000,0x000000debd100000)]
  0x000002b5fc3dd4c0 JavaThread "VFS cleanup" [_thread_blocked, id=25432, stack(0x000000debaf00000,0x000000debb000000)]
  0x000002b5fcfe3b70 JavaThread "Memory manager" [_thread_blocked, id=21240, stack(0x000000debfb00000,0x000000debfc00000)]
  0x000002b5f93292d0 JavaThread "included builds" [_thread_blocked, id=10868, stack(0x000000dec1200000,0x000000dec1300000)]
  0x000002b5fc3da220 JavaThread "included builds" [_thread_blocked, id=3104, stack(0x000000debf200000,0x000000debf300000)]
  0x000002b5f932edf0 JavaThread "included builds" [_thread_blocked, id=5720, stack(0x000000debe900000,0x000000debea00000)]
  0x000002b5f932ca80 JavaThread "included builds" [_thread_blocked, id=24848, stack(0x000000debea00000,0x000000debeb00000)]
  0x000002b5fad3eac0 JavaThread "Handler for socket connection from /127.0.0.1:53969 to /127.0.0.1:53571" [_thread_in_native, id=8608, stack(0x000000debac00000,0x000000debad00000)]
  0x000002b5fad3efd0 JavaThread "Cancel handler" [_thread_blocked, id=10800, stack(0x000000debad00000,0x000000debae00000)]
  0x000002b5fad3d170 JavaThread "Asynchronous log dispatcher for DefaultDaemonConnection: socket connection from /127.0.0.1:53969 to /127.0.0.1:53571" [_thread_blocked, id=8824, stack(0x000000debb000000,0x000000debb100000)]
  0x000002b5fad3f9f0 JavaThread "Stdin handler" [_thread_blocked, id=23724, stack(0x000000debb100000,0x000000debb200000)]
  0x000002b5fcfe4590 JavaThread "Daemon client event forwarder" [_thread_blocked, id=16368, stack(0x000000debb500000,0x000000debb600000)]
  0x000002b5fcfe4fb0 JavaThread "Cache worker for file hash cache (D:\Parkitdemo\Updated-Sundukpay\node_modules\@react-native-community\geolocation\android\.gradle\8.9\fileHashes)" [_thread_blocked, id=3064, stack(0x000000debba00000,0x000000debbb00000)]
  0x000002b5fcfe7320 JavaThread "Cache worker for Build Output Cleanup Cache (D:\Parkitdemo\Updated-Sundukpay\node_modules\@react-native-community\geolocation\android\.gradle\buildOutputCleanup)" [_thread_blocked, id=1208, stack(0x000000debbb00000,0x000000debbc00000)]
  0x000002b5fcfe5ee0 JavaThread "Cache worker for checksums cache (D:\Parkitdemo\Updated-Sundukpay\node_modules\@react-native-community\geolocation\android\.gradle\8.9\checksums)" [_thread_blocked, id=22240, stack(0x000000debc300000,0x000000debc400000)]
  0x000002b5fcfe7830 JavaThread "Cache worker for cache directory md-rule (C:\Users\HP\.gradle\caches\8.9\md-rule)" [_thread_blocked, id=30820, stack(0x000000debc400000,0x000000debc500000)]
  0x000002b5fcfe4080 JavaThread "Cache worker for cache directory md-supplier (C:\Users\HP\.gradle\caches\8.9\md-supplier)" [_thread_blocked, id=3232, stack(0x000000debc600000,0x000000debc700000)]
  0x000002b5fcfe7d40 JavaThread "Unconstrained build operations" [_thread_blocked, id=2772, stack(0x000000debc700000,0x000000debc800000)]
  0x000002b5fcfe8250 JavaThread "Unconstrained build operations Thread 2" [_thread_blocked, id=2740, stack(0x000000debd100000,0x000000debd200000)]
  0x000002b5fcfe4aa0 JavaThread "Unconstrained build operations Thread 3" [_thread_blocked, id=17668, stack(0x000000debd200000,0x000000debd300000)]
  0x000002b5fcfe8760 JavaThread "Unconstrained build operations Thread 4" [_thread_blocked, id=12816, stack(0x000000debd300000,0x000000debd400000)]
  0x000002b5fcfe8c70 JavaThread "Unconstrained build operations Thread 5" [_thread_blocked, id=9272, stack(0x000000debd400000,0x000000debd500000)]
  0x000002b5fcfe54c0 JavaThread "Unconstrained build operations Thread 6" [_thread_blocked, id=5928, stack(0x000000debd500000,0x000000debd600000)]
  0x000002b5fcfe9180 JavaThread "Unconstrained build operations Thread 7" [_thread_blocked, id=30336, stack(0x000000debd600000,0x000000debd700000)]
  0x000002b5fcfeb4f0 JavaThread "Unconstrained build operations Thread 8" [_thread_blocked, id=27960, stack(0x000000debd700000,0x000000debd800000)]
  0x000002b5fcfe9690 JavaThread "Unconstrained build operations Thread 9" [_thread_blocked, id=28600, stack(0x000000debd800000,0x000000debd900000)]
  0x000002b5fcfe9ba0 JavaThread "Unconstrained build operations Thread 10" [_thread_blocked, id=14520, stack(0x000000debd900000,0x000000debda00000)]
  0x000002b5fcfea0b0 JavaThread "Unconstrained build operations Thread 11" [_thread_blocked, id=14236, stack(0x000000debda00000,0x000000debdb00000)]
  0x000002b5fcfea5c0 JavaThread "Unconstrained build operations Thread 12" [_thread_blocked, id=5228, stack(0x000000debdb00000,0x000000debdc00000)]
  0x000002b5fcfeafe0 JavaThread "Unconstrained build operations Thread 13" [_thread_blocked, id=12956, stack(0x000000debdc00000,0x000000debdd00000)]
  0x000002b5fcfeaad0 JavaThread "Unconstrained build operations Thread 14" [_thread_blocked, id=11772, stack(0x000000debdd00000,0x000000debde00000)]
  0x000002b5f932a200 JavaThread "Unconstrained build operations Thread 15" [_thread_blocked, id=9552, stack(0x000000debde00000,0x000000debdf00000)]
  0x000002b5f932c570 JavaThread "Unconstrained build operations Thread 16" [_thread_blocked, id=14312, stack(0x000000debdf00000,0x000000debe000000)]
  0x000002b5f932b640 JavaThread "Unconstrained build operations Thread 17" [_thread_blocked, id=23236, stack(0x000000debe000000,0x000000debe100000)]
  0x000002b5f932c060 JavaThread "Unconstrained build operations Thread 18" [_thread_blocked, id=16800, stack(0x000000debe100000,0x000000debe200000)]
  0x000002b5f9328dc0 JavaThread "Unconstrained build operations Thread 19" [_thread_blocked, id=12372, stack(0x000000debe200000,0x000000debe300000)]
  0x000002b5f932b130 JavaThread "Unconstrained build operations Thread 20" [_thread_blocked, id=9940, stack(0x000000debe300000,0x000000debe400000)]
  0x000002b5f932cf90 JavaThread "Unconstrained build operations Thread 21" [_thread_blocked, id=5508, stack(0x000000debe400000,0x000000debe500000)]
  0x000002b5f932d4a0 JavaThread "Unconstrained build operations Thread 22" [_thread_blocked, id=20716, stack(0x000000debe500000,0x000000debe600000)]
  0x000002b5f9329cf0 JavaThread "Unconstrained build operations Thread 23" [_thread_blocked, id=13792, stack(0x000000debe600000,0x000000debe700000)]
  0x000002b5f932a710 JavaThread "Unconstrained build operations Thread 24" [_thread_blocked, id=12704, stack(0x000000debeb00000,0x000000debec00000)]
  0x000002b5f932d9b0 JavaThread "Unconstrained build operations Thread 25" [_thread_blocked, id=13320, stack(0x000000debec00000,0x000000debed00000)]
  0x000002b5f932dec0 JavaThread "Unconstrained build operations Thread 26" [_thread_blocked, id=25452, stack(0x000000debed00000,0x000000debee00000)]
  0x000002b5f932ac20 JavaThread "Unconstrained build operations Thread 27" [_thread_blocked, id=17948, stack(0x000000debee00000,0x000000debef00000)]
  0x000002b5f932f300 JavaThread "Unconstrained build operations Thread 28" [_thread_blocked, id=6080, stack(0x000000debef00000,0x000000debf000000)]
  0x000002b5f932f810 JavaThread "Unconstrained build operations Thread 29" [_thread_blocked, id=27288, stack(0x000000debf000000,0x000000debf100000)]
  0x000002b5f932fd20 JavaThread "Unconstrained build operations Thread 30" [_thread_blocked, id=23740, stack(0x000000debf100000,0x000000debf200000)]
  0x000002b5ff430fa0 JavaThread "Unconstrained build operations Thread 31" [_thread_blocked, id=28224, stack(0x000000debf300000,0x000000debf400000)]
  0x000002b5ff432e00 JavaThread "Unconstrained build operations Thread 32" [_thread_blocked, id=16072, stack(0x000000debf400000,0x000000debf500000)]
  0x000002b5ff4314b0 JavaThread "Unconstrained build operations Thread 33" [_thread_blocked, id=18648, stack(0x000000debf500000,0x000000debf600000)]
  0x000002b5ff8fdc10 JavaThread "C2 CompilerThread1" daemon [_thread_in_native, id=31368, stack(0x000000debf600000,0x000000debf700000)]
  0x000002b5ff8fe160 JavaThread "C2 CompilerThread2" daemon [_thread_blocked, id=15332, stack(0x000000debf700000,0x000000debf800000)]

Other Threads:
  0x000002b5f46a3e20 VMThread "VM Thread" [stack: 0x000000deb9600000,0x000000deb9700000] [id=19632]
  0x000002b5f48752b0 WatcherThread [stack: 0x000000deba200000,0x000000deba300000] [id=4888]
  0x000002b5d96cbd70 GCTaskThread "GC Thread#0" [stack: 0x000000deb9100000,0x000000deb9200000] [id=17908]
  0x000002b5f9686cd0 GCTaskThread "GC Thread#1" [stack: 0x000000deba500000,0x000000deba600000] [id=19228]
  0x000002b5f90b1f50 GCTaskThread "GC Thread#2" [stack: 0x000000deba600000,0x000000deba700000] [id=23084]
  0x000002b5f90b2210 GCTaskThread "GC Thread#3" [stack: 0x000000deba700000,0x000000deba800000] [id=4652]
  0x000002b5f92ebcd0 GCTaskThread "GC Thread#4" [stack: 0x000000deba800000,0x000000deba900000] [id=25876]
  0x000002b5f90b24d0 GCTaskThread "GC Thread#5" [stack: 0x000000deba900000,0x000000debaa00000] [id=21788]
  0x000002b5f9de8260 GCTaskThread "GC Thread#6" [stack: 0x000000debb600000,0x000000debb700000] [id=25864]
  0x000002b5fc672930 GCTaskThread "GC Thread#7" [stack: 0x000000debb700000,0x000000debb800000] [id=28300]
  0x000002b5fc672bf0 GCTaskThread "GC Thread#8" [stack: 0x000000debb800000,0x000000debb900000] [id=14444]
  0x000002b5fbe0f090 GCTaskThread "GC Thread#9" [stack: 0x000000debb900000,0x000000debba00000] [id=30380]
  0x000002b5d96d0bd0 ConcurrentGCThread "G1 Main Marker" [stack: 0x000000deb9200000,0x000000deb9300000] [id=27768]
  0x000002b5d96d21d0 ConcurrentGCThread "G1 Conc#0" [stack: 0x000000deb9300000,0x000000deb9400000] [id=8880]
  0x000002b5fb188c00 ConcurrentGCThread "G1 Conc#1" [stack: 0x000000debbc00000,0x000000debbd00000] [id=13524]
  0x000002b5fb189180 ConcurrentGCThread "G1 Conc#2" [stack: 0x000000debbd00000,0x000000debbe00000] [id=26412]
  0x000002b5d974df80 ConcurrentGCThread "G1 Refine#0" [stack: 0x000000deb9400000,0x000000deb9500000] [id=12620]
  0x000002b5f9690dd0 ConcurrentGCThread "G1 Refine#1" [stack: 0x000000debf900000,0x000000debfa00000] [id=13460]
  0x000002b5f96913b0 ConcurrentGCThread "G1 Refine#2" [stack: 0x000000debfa00000,0x000000debfb00000] [id=25044]
  0x000002b5d974e760 ConcurrentGCThread "G1 Service" [stack: 0x000000deb9500000,0x000000deb9600000] [id=19884]

Threads with active compile tasks:
C2 CompilerThread0    49158 17372   !   4       org.gradle.api.internal.artifacts.transform.AttributeMatchingArtifactVariantSelector::select (37 bytes)
C2 CompilerThread1    49158 17376       4       org.gradle.api.internal.changedetection.state.CachingFileHasher$FileInfoSerializer::read (6 bytes)

VM state: not at safepoint (normal execution)

VM Mutex/Monitor currently owned by a thread: None

Heap address: 0x00000000e0000000, size: 512 MB, Compressed Oops mode: 32-bit

CDS archive(s) mapped at: [0x000002b580000000-0x000002b580bb0000-0x000002b580bb0000), size 12255232, SharedBaseAddress: 0x000002b580000000, ArchiveRelocationMode: 1.
Compressed class space mapped at: 0x000002b581000000-0x000002b595000000, reserved size: 335544320
Narrow klass base: 0x000002b580000000, Narrow klass shift: 0, Narrow klass range: 0x100000000

GC Precious Log:
 CPUs: 12 total, 12 available
 Memory: 7835M
 Large Page Support: Disabled
 NUMA Support: Disabled
 Compressed Oops: Enabled (32-bit)
 Heap Region Size: 1M
 Heap Min Capacity: 256M
 Heap Initial Capacity: 256M
 Heap Max Capacity: 512M
 Pre-touch: Disabled
 Parallel Workers: 10
 Concurrent Workers: 3
 Concurrent Refinement Workers: 10
 Periodic GC: Disabled

Heap:
 garbage-first heap   total 262144K, used 168920K [0x00000000e0000000, 0x0000000100000000)
  region size 1024K, 23 young (23552K), 8 survivors (8192K)
 Metaspace       used 142479K, committed 143872K, reserved 458752K
  class space    used 19781K, committed 20480K, reserved 327680K

Heap Regions: E=young(eden), S=young(survivor), O=old, HS=humongous(starts), HC=humongous(continues), CS=collection set, F=free, OA=open archive, CA=closed archive, TAMS=top-at-mark-start (previous, next)
|   0|0x00000000e0000000, 0x00000000e0100000, 0x00000000e0100000|100%|HS|  |TAMS 0x00000000e0100000, 0x00000000e0000000| Complete 
|   1|0x00000000e0100000, 0x00000000e0200000, 0x00000000e0200000|100%|HC|  |TAMS 0x00000000e0200000, 0x00000000e0100000| Complete 
|   2|0x00000000e0200000, 0x00000000e0300000, 0x00000000e0300000|100%|HC|  |TAMS 0x00000000e0300000, 0x00000000e0200000| Complete 
|   3|0x00000000e0300000, 0x00000000e0400000, 0x00000000e0400000|100%|HC|  |TAMS 0x00000000e0400000, 0x00000000e0300000| Complete 
|   4|0x00000000e0400000, 0x00000000e0500000, 0x00000000e0500000|100%| O|  |TAMS 0x00000000e0500000, 0x00000000e0400000| Untracked 
|   5|0x00000000e0500000, 0x00000000e0600000, 0x00000000e0600000|100%| O|  |TAMS 0x00000000e0600000, 0x00000000e0500000| Untracked 
|   6|0x00000000e0600000, 0x00000000e0700000, 0x00000000e0700000|100%| O|  |TAMS 0x00000000e0700000, 0x00000000e0600000| Untracked 
|   7|0x00000000e0700000, 0x00000000e0800000, 0x00000000e0800000|100%| O|  |TAMS 0x00000000e0800000, 0x00000000e0700000| Untracked 
|   8|0x00000000e0800000, 0x00000000e0900000, 0x00000000e0900000|100%| O|  |TAMS 0x00000000e0900000, 0x00000000e0800000| Untracked 
|   9|0x00000000e0900000, 0x00000000e0a00000, 0x00000000e0a00000|100%| O|  |TAMS 0x00000000e0a00000, 0x00000000e0900000| Untracked 
|  10|0x00000000e0a00000, 0x00000000e0b00000, 0x00000000e0b00000|100%| O|  |TAMS 0x00000000e0b00000, 0x00000000e0a00000| Untracked 
|  11|0x00000000e0b00000, 0x00000000e0c00000, 0x00000000e0c00000|100%|HS|  |TAMS 0x00000000e0c00000, 0x00000000e0b00000| Complete 
|  12|0x00000000e0c00000, 0x00000000e0d00000, 0x00000000e0d00000|100%| O|  |TAMS 0x00000000e0d00000, 0x00000000e0c00000| Untracked 
|  13|0x00000000e0d00000, 0x00000000e0e00000, 0x00000000e0e00000|100%| O|  |TAMS 0x00000000e0e00000, 0x00000000e0d00000| Untracked 
|  14|0x00000000e0e00000, 0x00000000e0f00000, 0x00000000e0f00000|100%| O|  |TAMS 0x00000000e0f00000, 0x00000000e0e00000| Untracked 
|  15|0x00000000e0f00000, 0x00000000e1000000, 0x00000000e1000000|100%| O|  |TAMS 0x00000000e1000000, 0x00000000e0f00000| Untracked 
|  16|0x00000000e1000000, 0x00000000e1100000, 0x00000000e1100000|100%| O|  |TAMS 0x00000000e1100000, 0x00000000e1000000| Untracked 
|  17|0x00000000e1100000, 0x00000000e1200000, 0x00000000e1200000|100%| O|  |TAMS 0x00000000e1200000, 0x00000000e1100000| Untracked 
|  18|0x00000000e1200000, 0x00000000e1300000, 0x00000000e1300000|100%| O|  |TAMS 0x00000000e1300000, 0x00000000e1200000| Untracked 
|  19|0x00000000e1300000, 0x00000000e1400000, 0x00000000e1400000|100%| O|  |TAMS 0x00000000e1400000, 0x00000000e1300000| Untracked 
|  20|0x00000000e1400000, 0x00000000e1500000, 0x00000000e1500000|100%| O|  |TAMS 0x00000000e1500000, 0x00000000e1400000| Untracked 
|  21|0x00000000e1500000, 0x00000000e1600000, 0x00000000e1600000|100%| O|  |TAMS 0x00000000e1600000, 0x00000000e1500000| Untracked 
|  22|0x00000000e1600000, 0x00000000e1700000, 0x00000000e1700000|100%|HS|  |TAMS 0x00000000e1700000, 0x00000000e1600000| Complete 
|  23|0x00000000e1700000, 0x00000000e1800000, 0x00000000e1800000|100%|HC|  |TAMS 0x00000000e1800000, 0x00000000e1700000| Complete 
|  24|0x00000000e1800000, 0x00000000e1900000, 0x00000000e1900000|100%|HC|  |TAMS 0x00000000e1900000, 0x00000000e1800000| Complete 
|  25|0x00000000e1900000, 0x00000000e1a00000, 0x00000000e1a00000|100%|HS|  |TAMS 0x00000000e1a00000, 0x00000000e1900000| Complete 
|  26|0x00000000e1a00000, 0x00000000e1b00000, 0x00000000e1b00000|100%|HC|  |TAMS 0x00000000e1b00000, 0x00000000e1a00000| Complete 
|  27|0x00000000e1b00000, 0x00000000e1c00000, 0x00000000e1c00000|100%|HC|  |TAMS 0x00000000e1c00000, 0x00000000e1b00000| Complete 
|  28|0x00000000e1c00000, 0x00000000e1d00000, 0x00000000e1d00000|100%| O|  |TAMS 0x00000000e1d00000, 0x00000000e1c00000| Untracked 
|  29|0x00000000e1d00000, 0x00000000e1e00000, 0x00000000e1e00000|100%| O|  |TAMS 0x00000000e1e00000, 0x00000000e1d00000| Untracked 
|  30|0x00000000e1e00000, 0x00000000e1f00000, 0x00000000e1f00000|100%| O|  |TAMS 0x00000000e1f00000, 0x00000000e1e00000| Untracked 
|  31|0x00000000e1f00000, 0x00000000e2000000, 0x00000000e2000000|100%| O|  |TAMS 0x00000000e2000000, 0x00000000e1f00000| Untracked 
|  32|0x00000000e2000000, 0x00000000e2100000, 0x00000000e2100000|100%| O|  |TAMS 0x00000000e2100000, 0x00000000e2000000| Untracked 
|  33|0x00000000e2100000, 0x00000000e2200000, 0x00000000e2200000|100%| O|  |TAMS 0x00000000e2200000, 0x00000000e2100000| Untracked 
|  34|0x00000000e2200000, 0x00000000e2300000, 0x00000000e2300000|100%| O|  |TAMS 0x00000000e2300000, 0x00000000e2200000| Untracked 
|  35|0x00000000e2300000, 0x00000000e2400000, 0x00000000e2400000|100%| O|  |TAMS 0x00000000e2400000, 0x00000000e2300000| Untracked 
|  36|0x00000000e2400000, 0x00000000e2500000, 0x00000000e2500000|100%| O|  |TAMS 0x00000000e2500000, 0x00000000e2400000| Untracked 
|  37|0x00000000e2500000, 0x00000000e2600000, 0x00000000e2600000|100%| O|  |TAMS 0x00000000e2600000, 0x00000000e2500000| Untracked 
|  38|0x00000000e2600000, 0x00000000e2700000, 0x00000000e2700000|100%| O|  |TAMS 0x00000000e2700000, 0x00000000e2600000| Untracked 
|  39|0x00000000e2700000, 0x00000000e2800000, 0x00000000e2800000|100%| O|  |TAMS 0x00000000e2800000, 0x00000000e2700000| Untracked 
|  40|0x00000000e2800000, 0x00000000e2900000, 0x00000000e2900000|100%| O|  |TAMS 0x00000000e2900000, 0x00000000e2800000| Untracked 
|  41|0x00000000e2900000, 0x00000000e2a00000, 0x00000000e2a00000|100%| O|  |TAMS 0x00000000e2a00000, 0x00000000e2900000| Untracked 
|  42|0x00000000e2a00000, 0x00000000e2b00000, 0x00000000e2b00000|100%| O|  |TAMS 0x00000000e2b00000, 0x00000000e2a00000| Untracked 
|  43|0x00000000e2b00000, 0x00000000e2c00000, 0x00000000e2c00000|100%| O|  |TAMS 0x00000000e2c00000, 0x00000000e2b00000| Untracked 
|  44|0x00000000e2c00000, 0x00000000e2d00000, 0x00000000e2d00000|100%| O|  |TAMS 0x00000000e2d00000, 0x00000000e2c00000| Untracked 
|  45|0x00000000e2d00000, 0x00000000e2e00000, 0x00000000e2e00000|100%| O|  |TAMS 0x00000000e2e00000, 0x00000000e2d00000| Untracked 
|  46|0x00000000e2e00000, 0x00000000e2f00000, 0x00000000e2f00000|100%| O|  |TAMS 0x00000000e2f00000, 0x00000000e2e00000| Untracked 
|  47|0x00000000e2f00000, 0x00000000e3000000, 0x00000000e3000000|100%| O|  |TAMS 0x00000000e3000000, 0x00000000e2f00000| Untracked 
|  48|0x00000000e3000000, 0x00000000e3100000, 0x00000000e3100000|100%| O|  |TAMS 0x00000000e3100000, 0x00000000e3000000| Untracked 
|  49|0x00000000e3100000, 0x00000000e3200000, 0x00000000e3200000|100%| O|  |TAMS 0x00000000e3200000, 0x00000000e3100000| Untracked 
|  50|0x00000000e3200000, 0x00000000e3300000, 0x00000000e3300000|100%| O|  |TAMS 0x00000000e3300000, 0x00000000e3200000| Untracked 
|  51|0x00000000e3300000, 0x00000000e3400000, 0x00000000e3400000|100%| O|  |TAMS 0x00000000e3400000, 0x00000000e3300000| Untracked 
|  52|0x00000000e3400000, 0x00000000e3500000, 0x00000000e3500000|100%| O|  |TAMS 0x00000000e3500000, 0x00000000e3400000| Untracked 
|  53|0x00000000e3500000, 0x00000000e3600000, 0x00000000e3600000|100%| O|  |TAMS 0x00000000e3500000, 0x00000000e3500000| Untracked 
|  54|0x00000000e3600000, 0x00000000e3700000, 0x00000000e3700000|100%| O|  |TAMS 0x00000000e3700000, 0x00000000e3600000| Untracked 
|  55|0x00000000e3700000, 0x00000000e3800000, 0x00000000e3800000|100%| O|  |TAMS 0x00000000e3800000, 0x00000000e3700000| Untracked 
|  56|0x00000000e3800000, 0x00000000e3900000, 0x00000000e3900000|100%| O|  |TAMS 0x00000000e3900000, 0x00000000e3800000| Untracked 
|  57|0x00000000e3900000, 0x00000000e3a00000, 0x00000000e3a00000|100%| O|  |TAMS 0x00000000e3a00000, 0x00000000e3900000| Untracked 
|  58|0x00000000e3a00000, 0x00000000e3b00000, 0x00000000e3b00000|100%| O|  |TAMS 0x00000000e3b00000, 0x00000000e3a00000| Untracked 
|  59|0x00000000e3b00000, 0x00000000e3c00000, 0x00000000e3c00000|100%| O|  |TAMS 0x00000000e3c00000, 0x00000000e3b00000| Untracked 
|  60|0x00000000e3c00000, 0x00000000e3d00000, 0x00000000e3d00000|100%| O|  |TAMS 0x00000000e3d00000, 0x00000000e3c00000| Untracked 
|  61|0x00000000e3d00000, 0x00000000e3e00000, 0x00000000e3e00000|100%| O|  |TAMS 0x00000000e3e00000, 0x00000000e3d00000| Untracked 
|  62|0x00000000e3e00000, 0x00000000e3f00000, 0x00000000e3f00000|100%| O|  |TAMS 0x00000000e3e00000, 0x00000000e3e00000| Untracked 
|  63|0x00000000e3f00000, 0x00000000e4000000, 0x00000000e4000000|100%| O|  |TAMS 0x00000000e3f00000, 0x00000000e3f00000| Untracked 
|  64|0x00000000e4000000, 0x00000000e4100000, 0x00000000e4100000|100%| O|  |TAMS 0x00000000e4100000, 0x00000000e4000000| Untracked 
|  65|0x00000000e4100000, 0x00000000e4200000, 0x00000000e4200000|100%| O|  |TAMS 0x00000000e4200000, 0x00000000e4100000| Untracked 
|  66|0x00000000e4200000, 0x00000000e4300000, 0x00000000e4300000|100%| O|  |TAMS 0x00000000e4200000, 0x00000000e4200000| Untracked 
|  67|0x00000000e4300000, 0x00000000e4400000, 0x00000000e4400000|100%| O|  |TAMS 0x00000000e4300000, 0x00000000e4300000| Untracked 
|  68|0x00000000e4400000, 0x00000000e4500000, 0x00000000e4500000|100%| O|  |TAMS 0x00000000e4400000, 0x00000000e4400000| Untracked 
|  69|0x00000000e4500000, 0x00000000e4600000, 0x00000000e4600000|100%| O|  |TAMS 0x00000000e4600000, 0x00000000e4500000| Untracked 
|  70|0x00000000e4600000, 0x00000000e4700000, 0x00000000e4700000|100%| O|  |TAMS 0x00000000e4700000, 0x00000000e4600000| Untracked 
|  71|0x00000000e4700000, 0x00000000e4800000, 0x00000000e4800000|100%|HS|  |TAMS 0x00000000e4800000, 0x00000000e4700000| Complete 
|  72|0x00000000e4800000, 0x00000000e4900000, 0x00000000e4900000|100%|HS|  |TAMS 0x00000000e4900000, 0x00000000e4800000| Complete 
|  73|0x00000000e4900000, 0x00000000e4a00000, 0x00000000e4a00000|100%|HS|  |TAMS 0x00000000e4a00000, 0x00000000e4900000| Complete 
|  74|0x00000000e4a00000, 0x00000000e4b00000, 0x00000000e4b00000|100%|HS|  |TAMS 0x00000000e4b00000, 0x00000000e4a00000| Complete 
|  75|0x00000000e4b00000, 0x00000000e4c00000, 0x00000000e4c00000|100%|HC|  |TAMS 0x00000000e4c00000, 0x00000000e4b00000| Complete 
|  76|0x00000000e4c00000, 0x00000000e4d00000, 0x00000000e4d00000|100%| O|  |TAMS 0x00000000e4d00000, 0x00000000e4c00000| Untracked 
|  77|0x00000000e4d00000, 0x00000000e4e00000, 0x00000000e4e00000|100%| O|  |TAMS 0x00000000e4e00000, 0x00000000e4d00000| Untracked 
|  78|0x00000000e4e00000, 0x00000000e4f00000, 0x00000000e4f00000|100%|HS|  |TAMS 0x00000000e4f00000, 0x00000000e4e00000| Complete 
|  79|0x00000000e4f00000, 0x00000000e5000000, 0x00000000e5000000|100%| O|  |TAMS 0x00000000e5000000, 0x00000000e4f00000| Untracked 
|  80|0x00000000e5000000, 0x00000000e5100000, 0x00000000e5100000|100%| O|  |TAMS 0x00000000e5100000, 0x00000000e5000000| Untracked 
|  81|0x00000000e5100000, 0x00000000e5200000, 0x00000000e5200000|100%| O|  |TAMS 0x00000000e5200000, 0x00000000e5100000| Untracked 
|  82|0x00000000e5200000, 0x00000000e5300000, 0x00000000e5300000|100%| O|  |TAMS 0x00000000e5300000, 0x00000000e5200000| Untracked 
|  83|0x00000000e5300000, 0x00000000e5400000, 0x00000000e5400000|100%| O|  |TAMS 0x00000000e5400000, 0x00000000e5300000| Untracked 
|  84|0x00000000e5400000, 0x00000000e5500000, 0x00000000e5500000|100%| O|  |TAMS 0x00000000e5500000, 0x00000000e5400000| Untracked 
|  85|0x00000000e5500000, 0x00000000e5600000, 0x00000000e5600000|100%| O|  |TAMS 0x00000000e5600000, 0x00000000e5500000| Untracked 
|  86|0x00000000e5600000, 0x00000000e5700000, 0x00000000e5700000|100%| O|  |TAMS 0x00000000e5700000, 0x00000000e5600000| Untracked 
|  87|0x00000000e5700000, 0x00000000e5800000, 0x00000000e5800000|100%| O|  |TAMS 0x00000000e5800000, 0x00000000e5700000| Untracked 
|  88|0x00000000e5800000, 0x00000000e5900000, 0x00000000e5900000|100%| O|  |TAMS 0x00000000e5900000, 0x00000000e5800000| Untracked 
|  89|0x00000000e5900000, 0x00000000e5a00000, 0x00000000e5a00000|100%| O|  |TAMS 0x00000000e5900000, 0x00000000e5900000| Untracked 
|  90|0x00000000e5a00000, 0x00000000e5b00000, 0x00000000e5b00000|100%| O|  |TAMS 0x00000000e5a00000, 0x00000000e5a00000| Untracked 
|  91|0x00000000e5b00000, 0x00000000e5c00000, 0x00000000e5c00000|100%| O|  |TAMS 0x00000000e5b00000, 0x00000000e5b00000| Untracked 
|  92|0x00000000e5c00000, 0x00000000e5d00000, 0x00000000e5d00000|100%| O|  |TAMS 0x00000000e5c00000, 0x00000000e5c00000| Untracked 
|  93|0x00000000e5d00000, 0x00000000e5e00000, 0x00000000e5e00000|100%| O|  |TAMS 0x00000000e5d00000, 0x00000000e5d00000| Untracked 
|  94|0x00000000e5e00000, 0x00000000e5f00000, 0x00000000e5f00000|100%|HS|  |TAMS 0x00000000e5f00000, 0x00000000e5e00000| Complete 
|  95|0x00000000e5f00000, 0x00000000e6000000, 0x00000000e6000000|100%|HC|  |TAMS 0x00000000e6000000, 0x00000000e5f00000| Complete 
|  96|0x00000000e6000000, 0x00000000e6100000, 0x00000000e6100000|100%| O|  |TAMS 0x00000000e6100000, 0x00000000e6000000| Untracked 
|  97|0x00000000e6100000, 0x00000000e6200000, 0x00000000e6200000|100%| O|  |TAMS 0x00000000e6200000, 0x00000000e6100000| Untracked 
|  98|0x00000000e6200000, 0x00000000e6300000, 0x00000000e6300000|100%| O|  |TAMS 0x00000000e6300000, 0x00000000e6200000| Untracked 
|  99|0x00000000e6300000, 0x00000000e6400000, 0x00000000e6400000|100%| O|  |TAMS 0x00000000e6400000, 0x00000000e6300000| Untracked 
| 100|0x00000000e6400000, 0x00000000e6500000, 0x00000000e6500000|100%| O|  |TAMS 0x00000000e6500000, 0x00000000e6400000| Untracked 
| 101|0x00000000e6500000, 0x00000000e6600000, 0x00000000e6600000|100%| O|  |TAMS 0x00000000e6600000, 0x00000000e6500000| Untracked 
| 102|0x00000000e6600000, 0x00000000e6700000, 0x00000000e6700000|100%| O|  |TAMS 0x00000000e6700000, 0x00000000e6600000| Untracked 
| 103|0x00000000e6700000, 0x00000000e6800000, 0x00000000e6800000|100%| O|  |TAMS 0x00000000e6800000, 0x00000000e6700000| Untracked 
| 104|0x00000000e6800000, 0x00000000e6900000, 0x00000000e6900000|100%| O|  |TAMS 0x00000000e6900000, 0x00000000e6800000| Untracked 
| 105|0x00000000e6900000, 0x00000000e6a00000, 0x00000000e6a00000|100%| O|  |TAMS 0x00000000e6a00000, 0x00000000e6900000| Untracked 
| 106|0x00000000e6a00000, 0x00000000e6b00000, 0x00000000e6b00000|100%| O|  |TAMS 0x00000000e6b00000, 0x00000000e6a00000| Untracked 
| 107|0x00000000e6b00000, 0x00000000e6c00000, 0x00000000e6c00000|100%| O|  |TAMS 0x00000000e6c00000, 0x00000000e6b00000| Untracked 
| 108|0x00000000e6c00000, 0x00000000e6d00000, 0x00000000e6d00000|100%| O|  |TAMS 0x00000000e6d00000, 0x00000000e6c00000| Untracked 
| 109|0x00000000e6d00000, 0x00000000e6e00000, 0x00000000e6e00000|100%| O|  |TAMS 0x00000000e6d00000, 0x00000000e6d00000| Untracked 
| 110|0x00000000e6e00000, 0x00000000e6f00000, 0x00000000e6f00000|100%| O|  |TAMS 0x00000000e6f00000, 0x00000000e6e00000| Untracked 
| 111|0x00000000e6f00000, 0x00000000e7000000, 0x00000000e7000000|100%| O|  |TAMS 0x00000000e7000000, 0x00000000e6f00000| Untracked 
| 112|0x00000000e7000000, 0x00000000e7100000, 0x00000000e7100000|100%| O|  |TAMS 0x00000000e7000000, 0x00000000e7000000| Untracked 
| 113|0x00000000e7100000, 0x00000000e7200000, 0x00000000e7200000|100%| O|  |TAMS 0x00000000e7200000, 0x00000000e7100000| Untracked 
| 114|0x00000000e7200000, 0x00000000e7300000, 0x00000000e7300000|100%| O|  |TAMS 0x00000000e7300000, 0x00000000e7200000| Untracked 
| 115|0x00000000e7300000, 0x00000000e7400000, 0x00000000e7400000|100%| O|  |TAMS 0x00000000e7400000, 0x00000000e7300000| Untracked 
| 116|0x00000000e7400000, 0x00000000e7500000, 0x00000000e7500000|100%| O|  |TAMS 0x00000000e7500000, 0x00000000e7400000| Untracked 
| 117|0x00000000e7500000, 0x00000000e7600000, 0x00000000e7600000|100%| O|  |TAMS 0x00000000e7600000, 0x00000000e7500000| Untracked 
| 118|0x00000000e7600000, 0x00000000e7700000, 0x00000000e7700000|100%| O|  |TAMS 0x00000000e7700000, 0x00000000e7600000| Untracked 
| 119|0x00000000e7700000, 0x00000000e7800000, 0x00000000e7800000|100%| O|  |TAMS 0x00000000e7800000, 0x00000000e7700000| Untracked 
| 120|0x00000000e7800000, 0x00000000e7900000, 0x00000000e7900000|100%| O|  |TAMS 0x00000000e7900000, 0x00000000e7800000| Untracked 
| 121|0x00000000e7900000, 0x00000000e7a00000, 0x00000000e7a00000|100%| O|  |TAMS 0x00000000e7900000, 0x00000000e7900000| Untracked 
| 122|0x00000000e7a00000, 0x00000000e7b00000, 0x00000000e7b00000|100%| O|  |TAMS 0x00000000e7a00000, 0x00000000e7a00000| Untracked 
| 123|0x00000000e7b00000, 0x00000000e7b99000, 0x00000000e7c00000| 59%| O|  |TAMS 0x00000000e7b00000, 0x00000000e7b00000| Untracked 
| 124|0x00000000e7c00000, 0x00000000e7d00000, 0x00000000e7d00000|100%| O|  |TAMS 0x00000000e7d00000, 0x00000000e7c00000| Untracked 
| 125|0x00000000e7d00000, 0x00000000e7e00000, 0x00000000e7e00000|100%| O|  |TAMS 0x00000000e7e00000, 0x00000000e7d00000| Untracked 
| 126|0x00000000e7e00000, 0x00000000e7f00000, 0x00000000e7f00000|100%| O|  |TAMS 0x00000000e7f00000, 0x00000000e7e00000| Untracked 
| 127|0x00000000e7f00000, 0x00000000e8000000, 0x00000000e8000000|100%| O|  |TAMS 0x00000000e8000000, 0x00000000e7f00000| Untracked 
| 128|0x00000000e8000000, 0x00000000e8100000, 0x00000000e8100000|100%| O|  |TAMS 0x00000000e8100000, 0x00000000e8000000| Untracked 
| 129|0x00000000e8100000, 0x00000000e8200000, 0x00000000e8200000|100%| O|  |TAMS 0x00000000e8200000, 0x00000000e8100000| Untracked 
| 130|0x00000000e8200000, 0x00000000e8300000, 0x00000000e8300000|100%| O|  |TAMS 0x00000000e8300000, 0x00000000e8200000| Untracked 
| 131|0x00000000e8300000, 0x00000000e8400000, 0x00000000e8400000|100%| O|  |TAMS 0x00000000e8400000, 0x00000000e8300000| Untracked 
| 132|0x00000000e8400000, 0x00000000e8500000, 0x00000000e8500000|100%| O|  |TAMS 0x00000000e8500000, 0x00000000e8400000| Untracked 
| 133|0x00000000e8500000, 0x00000000e8600000, 0x00000000e8600000|100%| O|  |TAMS 0x00000000e8600000, 0x00000000e8500000| Untracked 
| 134|0x00000000e8600000, 0x00000000e8700000, 0x00000000e8700000|100%| O|  |TAMS 0x00000000e8700000, 0x00000000e8600000| Untracked 
| 135|0x00000000e8700000, 0x00000000e8800000, 0x00000000e8800000|100%| O|  |TAMS 0x00000000e8800000, 0x00000000e8700000| Untracked 
| 136|0x00000000e8800000, 0x00000000e8900000, 0x00000000e8900000|100%| O|  |TAMS 0x00000000e8900000, 0x00000000e8800000| Untracked 
| 137|0x00000000e8900000, 0x00000000e8a00000, 0x00000000e8a00000|100%| O|  |TAMS 0x00000000e8a00000, 0x00000000e8900000| Untracked 
| 138|0x00000000e8a00000, 0x00000000e8b00000, 0x00000000e8b00000|100%| O|  |TAMS 0x00000000e8a17c00, 0x00000000e8a00000| Untracked 
| 139|0x00000000e8b00000, 0x00000000e8c00000, 0x00000000e8c00000|100%| O|  |TAMS 0x00000000e8b00000, 0x00000000e8b00000| Untracked 
| 140|0x00000000e8c00000, 0x00000000e8d00000, 0x00000000e8d00000|100%| O|  |TAMS 0x00000000e8c00000, 0x00000000e8c00000| Untracked 
| 141|0x00000000e8d00000, 0x00000000e8e00000, 0x00000000e8e00000|100%| O|  |TAMS 0x00000000e8d00000, 0x00000000e8d00000| Untracked 
| 142|0x00000000e8e00000, 0x00000000e8f00000, 0x00000000e8f00000|100%| O|  |TAMS 0x00000000e8e00000, 0x00000000e8e00000| Untracked 
| 143|0x00000000e8f00000, 0x00000000e9000000, 0x00000000e9000000|100%| O|  |TAMS 0x00000000e8f00000, 0x00000000e8f00000| Untracked 
| 144|0x00000000e9000000, 0x00000000e9100000, 0x00000000e9100000|100%| O|  |TAMS 0x00000000e9000000, 0x00000000e9000000| Untracked 
| 145|0x00000000e9100000, 0x00000000e9100000, 0x00000000e9200000|  0%| F|  |TAMS 0x00000000e9100000, 0x00000000e9100000| Untracked 
| 146|0x00000000e9200000, 0x00000000e9200000, 0x00000000e9300000|  0%| F|  |TAMS 0x00000000e9200000, 0x00000000e9200000| Untracked 
| 147|0x00000000e9300000, 0x00000000e9300000, 0x00000000e9400000|  0%| F|  |TAMS 0x00000000e9300000, 0x00000000e9300000| Untracked 
| 148|0x00000000e9400000, 0x00000000e9400000, 0x00000000e9500000|  0%| F|  |TAMS 0x00000000e9400000, 0x00000000e9400000| Untracked 
| 149|0x00000000e9500000, 0x00000000e9500000, 0x00000000e9600000|  0%| F|  |TAMS 0x00000000e9500000, 0x00000000e9500000| Untracked 
| 150|0x00000000e9600000, 0x00000000e9600000, 0x00000000e9700000|  0%| F|  |TAMS 0x00000000e9600000, 0x00000000e9600000| Untracked 
| 151|0x00000000e9700000, 0x00000000e9700000, 0x00000000e9800000|  0%| F|  |TAMS 0x00000000e9700000, 0x00000000e9700000| Untracked 
| 152|0x00000000e9800000, 0x00000000e9800000, 0x00000000e9900000|  0%| F|  |TAMS 0x00000000e9800000, 0x00000000e9800000| Untracked 
| 153|0x00000000e9900000, 0x00000000e9900000, 0x00000000e9a00000|  0%| F|  |TAMS 0x00000000e9900000, 0x00000000e9900000| Untracked 
| 154|0x00000000e9a00000, 0x00000000e9a00000, 0x00000000e9b00000|  0%| F|  |TAMS 0x00000000e9a00000, 0x00000000e9a00000| Untracked 
| 155|0x00000000e9b00000, 0x00000000e9b00000, 0x00000000e9c00000|  0%| F|  |TAMS 0x00000000e9b00000, 0x00000000e9b00000| Untracked 
| 156|0x00000000e9c00000, 0x00000000e9c00000, 0x00000000e9d00000|  0%| F|  |TAMS 0x00000000e9c00000, 0x00000000e9c00000| Untracked 
| 157|0x00000000e9d00000, 0x00000000e9d00000, 0x00000000e9e00000|  0%| F|  |TAMS 0x00000000e9d00000, 0x00000000e9d00000| Untracked 
| 158|0x00000000e9e00000, 0x00000000e9e00000, 0x00000000e9f00000|  0%| F|  |TAMS 0x00000000e9e00000, 0x00000000e9e00000| Untracked 
| 159|0x00000000e9f00000, 0x00000000e9f00000, 0x00000000ea000000|  0%| F|  |TAMS 0x00000000e9f00000, 0x00000000e9f00000| Untracked 
| 160|0x00000000ea000000, 0x00000000ea000000, 0x00000000ea100000|  0%| F|  |TAMS 0x00000000ea000000, 0x00000000ea000000| Untracked 
| 161|0x00000000ea100000, 0x00000000ea100000, 0x00000000ea200000|  0%| F|  |TAMS 0x00000000ea100000, 0x00000000ea100000| Untracked 
| 162|0x00000000ea200000, 0x00000000ea200000, 0x00000000ea300000|  0%| F|  |TAMS 0x00000000ea200000, 0x00000000ea200000| Untracked 
| 163|0x00000000ea300000, 0x00000000ea300000, 0x00000000ea400000|  0%| F|  |TAMS 0x00000000ea300000, 0x00000000ea300000| Untracked 
| 164|0x00000000ea400000, 0x00000000ea400000, 0x00000000ea500000|  0%| F|  |TAMS 0x00000000ea400000, 0x00000000ea400000| Untracked 
| 165|0x00000000ea500000, 0x00000000ea500000, 0x00000000ea600000|  0%| F|  |TAMS 0x00000000ea500000, 0x00000000ea500000| Untracked 
| 166|0x00000000ea600000, 0x00000000ea600000, 0x00000000ea700000|  0%| F|  |TAMS 0x00000000ea600000, 0x00000000ea600000| Untracked 
| 167|0x00000000ea700000, 0x00000000ea700000, 0x00000000ea800000|  0%| F|  |TAMS 0x00000000ea700000, 0x00000000ea700000| Untracked 
| 168|0x00000000ea800000, 0x00000000ea800000, 0x00000000ea900000|  0%| F|  |TAMS 0x00000000ea800000, 0x00000000ea800000| Untracked 
| 169|0x00000000ea900000, 0x00000000ea900000, 0x00000000eaa00000|  0%| F|  |TAMS 0x00000000ea900000, 0x00000000ea900000| Untracked 
| 170|0x00000000eaa00000, 0x00000000eaa00000, 0x00000000eab00000|  0%| F|  |TAMS 0x00000000eaa00000, 0x00000000eaa00000| Untracked 
| 171|0x00000000eab00000, 0x00000000eab00000, 0x00000000eac00000|  0%| F|  |TAMS 0x00000000eab00000, 0x00000000eab00000| Untracked 
| 172|0x00000000eac00000, 0x00000000eac00000, 0x00000000ead00000|  0%| F|  |TAMS 0x00000000eac00000, 0x00000000eac00000| Untracked 
| 173|0x00000000ead00000, 0x00000000ead5d3f8, 0x00000000eae00000| 36%| S|CS|TAMS 0x00000000ead00000, 0x00000000ead00000| Complete 
| 174|0x00000000eae00000, 0x00000000eaf00000, 0x00000000eaf00000|100%| S|CS|TAMS 0x00000000eae00000, 0x00000000eae00000| Complete 
| 175|0x00000000eaf00000, 0x00000000eaf00000, 0x00000000eb000000|  0%| F|  |TAMS 0x00000000eaf00000, 0x00000000eaf00000| Untracked 
| 176|0x00000000eb000000, 0x00000000eb000000, 0x00000000eb100000|  0%| F|  |TAMS 0x00000000eb000000, 0x00000000eb000000| Untracked 
| 177|0x00000000eb100000, 0x00000000eb100000, 0x00000000eb200000|  0%| F|  |TAMS 0x00000000eb100000, 0x00000000eb100000| Untracked 
| 178|0x00000000eb200000, 0x00000000eb200000, 0x00000000eb300000|  0%| F|  |TAMS 0x00000000eb200000, 0x00000000eb200000| Untracked 
| 179|0x00000000eb300000, 0x00000000eb300000, 0x00000000eb400000|  0%| F|  |TAMS 0x00000000eb300000, 0x00000000eb300000| Untracked 
| 180|0x00000000eb400000, 0x00000000eb400000, 0x00000000eb500000|  0%| F|  |TAMS 0x00000000eb400000, 0x00000000eb400000| Untracked 
| 181|0x00000000eb500000, 0x00000000eb500000, 0x00000000eb600000|  0%| F|  |TAMS 0x00000000eb500000, 0x00000000eb500000| Untracked 
| 182|0x00000000eb600000, 0x00000000eb700000, 0x00000000eb700000|100%| S|CS|TAMS 0x00000000eb600000, 0x00000000eb600000| Complete 
| 183|0x00000000eb700000, 0x00000000eb800000, 0x00000000eb800000|100%| S|CS|TAMS 0x00000000eb700000, 0x00000000eb700000| Complete 
| 184|0x00000000eb800000, 0x00000000eb900000, 0x00000000eb900000|100%| S|CS|TAMS 0x00000000eb800000, 0x00000000eb800000| Complete 
| 185|0x00000000eb900000, 0x00000000eba00000, 0x00000000eba00000|100%| S|CS|TAMS 0x00000000eb900000, 0x00000000eb900000| Complete 
| 186|0x00000000eba00000, 0x00000000ebb00000, 0x00000000ebb00000|100%| S|CS|TAMS 0x00000000eba00000, 0x00000000eba00000| Complete 
| 187|0x00000000ebb00000, 0x00000000ebc00000, 0x00000000ebc00000|100%| S|CS|TAMS 0x00000000ebb00000, 0x00000000ebb00000| Complete 
| 188|0x00000000ebc00000, 0x00000000ebc00000, 0x00000000ebd00000|  0%| F|  |TAMS 0x00000000ebc00000, 0x00000000ebc00000| Untracked 
| 189|0x00000000ebd00000, 0x00000000ebd00000, 0x00000000ebe00000|  0%| F|  |TAMS 0x00000000ebd00000, 0x00000000ebd00000| Untracked 
| 190|0x00000000ebe00000, 0x00000000ebe00000, 0x00000000ebf00000|  0%| F|  |TAMS 0x00000000ebe00000, 0x00000000ebe00000| Untracked 
| 191|0x00000000ebf00000, 0x00000000ebf00000, 0x00000000ec000000|  0%| F|  |TAMS 0x00000000ebf00000, 0x00000000ebf00000| Untracked 
| 192|0x00000000ec000000, 0x00000000ec000000, 0x00000000ec100000|  0%| F|  |TAMS 0x00000000ec000000, 0x00000000ec000000| Untracked 
| 193|0x00000000ec100000, 0x00000000ec100000, 0x00000000ec200000|  0%| F|  |TAMS 0x00000000ec100000, 0x00000000ec100000| Untracked 
| 194|0x00000000ec200000, 0x00000000ec200000, 0x00000000ec300000|  0%| F|  |TAMS 0x00000000ec200000, 0x00000000ec200000| Untracked 
| 195|0x00000000ec300000, 0x00000000ec300000, 0x00000000ec400000|  0%| F|  |TAMS 0x00000000ec300000, 0x00000000ec300000| Untracked 
| 196|0x00000000ec400000, 0x00000000ec400000, 0x00000000ec500000|  0%| F|  |TAMS 0x00000000ec400000, 0x00000000ec400000| Untracked 
| 197|0x00000000ec500000, 0x00000000ec500000, 0x00000000ec600000|  0%| F|  |TAMS 0x00000000ec500000, 0x00000000ec500000| Untracked 
| 198|0x00000000ec600000, 0x00000000ec600000, 0x00000000ec700000|  0%| F|  |TAMS 0x00000000ec600000, 0x00000000ec600000| Untracked 
| 199|0x00000000ec700000, 0x00000000ec700000, 0x00000000ec800000|  0%| F|  |TAMS 0x00000000ec700000, 0x00000000ec700000| Untracked 
| 200|0x00000000ec800000, 0x00000000ec800000, 0x00000000ec900000|  0%| F|  |TAMS 0x00000000ec800000, 0x00000000ec800000| Untracked 
| 201|0x00000000ec900000, 0x00000000ec900000, 0x00000000eca00000|  0%| F|  |TAMS 0x00000000ec900000, 0x00000000ec900000| Untracked 
| 202|0x00000000eca00000, 0x00000000eca00000, 0x00000000ecb00000|  0%| F|  |TAMS 0x00000000eca00000, 0x00000000eca00000| Untracked 
| 203|0x00000000ecb00000, 0x00000000ecb00000, 0x00000000ecc00000|  0%| F|  |TAMS 0x00000000ecb00000, 0x00000000ecb00000| Untracked 
| 204|0x00000000ecc00000, 0x00000000ecc00000, 0x00000000ecd00000|  0%| F|  |TAMS 0x00000000ecc00000, 0x00000000ecc00000| Untracked 
| 205|0x00000000ecd00000, 0x00000000ecd00000, 0x00000000ece00000|  0%| F|  |TAMS 0x00000000ecd00000, 0x00000000ecd00000| Untracked 
| 206|0x00000000ece00000, 0x00000000ece00000, 0x00000000ecf00000|  0%| F|  |TAMS 0x00000000ece00000, 0x00000000ece00000| Untracked 
| 207|0x00000000ecf00000, 0x00000000ecf00000, 0x00000000ed000000|  0%| F|  |TAMS 0x00000000ecf00000, 0x00000000ecf00000| Untracked 
| 208|0x00000000ed000000, 0x00000000ed000000, 0x00000000ed100000|  0%| F|  |TAMS 0x00000000ed000000, 0x00000000ed000000| Untracked 
| 209|0x00000000ed100000, 0x00000000ed100000, 0x00000000ed200000|  0%| F|  |TAMS 0x00000000ed100000, 0x00000000ed100000| Untracked 
| 210|0x00000000ed200000, 0x00000000ed200000, 0x00000000ed300000|  0%| F|  |TAMS 0x00000000ed200000, 0x00000000ed200000| Untracked 
| 211|0x00000000ed300000, 0x00000000ed300000, 0x00000000ed400000|  0%| F|  |TAMS 0x00000000ed300000, 0x00000000ed300000| Untracked 
| 212|0x00000000ed400000, 0x00000000ed400000, 0x00000000ed500000|  0%| F|  |TAMS 0x00000000ed400000, 0x00000000ed400000| Untracked 
| 213|0x00000000ed500000, 0x00000000ed500000, 0x00000000ed600000|  0%| F|  |TAMS 0x00000000ed500000, 0x00000000ed500000| Untracked 
| 214|0x00000000ed600000, 0x00000000ed600000, 0x00000000ed700000|  0%| F|  |TAMS 0x00000000ed600000, 0x00000000ed600000| Untracked 
| 215|0x00000000ed700000, 0x00000000ed700000, 0x00000000ed800000|  0%| F|  |TAMS 0x00000000ed700000, 0x00000000ed700000| Untracked 
| 216|0x00000000ed800000, 0x00000000ed800000, 0x00000000ed900000|  0%| F|  |TAMS 0x00000000ed800000, 0x00000000ed800000| Untracked 
| 217|0x00000000ed900000, 0x00000000ed900000, 0x00000000eda00000|  0%| F|  |TAMS 0x00000000ed900000, 0x00000000ed900000| Untracked 
| 218|0x00000000eda00000, 0x00000000eda00000, 0x00000000edb00000|  0%| F|  |TAMS 0x00000000eda00000, 0x00000000eda00000| Untracked 
| 219|0x00000000edb00000, 0x00000000edb00000, 0x00000000edc00000|  0%| F|  |TAMS 0x00000000edb00000, 0x00000000edb00000| Untracked 
| 220|0x00000000edc00000, 0x00000000edc00000, 0x00000000edd00000|  0%| F|  |TAMS 0x00000000edc00000, 0x00000000edc00000| Untracked 
| 221|0x00000000edd00000, 0x00000000edd00000, 0x00000000ede00000|  0%| F|  |TAMS 0x00000000edd00000, 0x00000000edd00000| Untracked 
| 222|0x00000000ede00000, 0x00000000ede00000, 0x00000000edf00000|  0%| F|  |TAMS 0x00000000ede00000, 0x00000000ede00000| Untracked 
| 223|0x00000000edf00000, 0x00000000edf00000, 0x00000000ee000000|  0%| F|  |TAMS 0x00000000edf00000, 0x00000000edf00000| Untracked 
| 224|0x00000000ee000000, 0x00000000ee000000, 0x00000000ee100000|  0%| F|  |TAMS 0x00000000ee000000, 0x00000000ee000000| Untracked 
| 225|0x00000000ee100000, 0x00000000ee100000, 0x00000000ee200000|  0%| F|  |TAMS 0x00000000ee100000, 0x00000000ee100000| Untracked 
| 226|0x00000000ee200000, 0x00000000ee200000, 0x00000000ee300000|  0%| F|  |TAMS 0x00000000ee200000, 0x00000000ee200000| Untracked 
| 227|0x00000000ee300000, 0x00000000ee300000, 0x00000000ee400000|  0%| F|  |TAMS 0x00000000ee300000, 0x00000000ee300000| Untracked 
| 228|0x00000000ee400000, 0x00000000ee400000, 0x00000000ee500000|  0%| F|  |TAMS 0x00000000ee400000, 0x00000000ee400000| Untracked 
| 229|0x00000000ee500000, 0x00000000ee500000, 0x00000000ee600000|  0%| F|  |TAMS 0x00000000ee500000, 0x00000000ee500000| Untracked 
| 230|0x00000000ee600000, 0x00000000ee600000, 0x00000000ee700000|  0%| F|  |TAMS 0x00000000ee600000, 0x00000000ee600000| Untracked 
| 231|0x00000000ee700000, 0x00000000ee700000, 0x00000000ee800000|  0%| F|  |TAMS 0x00000000ee700000, 0x00000000ee700000| Untracked 
| 232|0x00000000ee800000, 0x00000000ee800000, 0x00000000ee900000|  0%| F|  |TAMS 0x00000000ee800000, 0x00000000ee800000| Untracked 
| 233|0x00000000ee900000, 0x00000000ee900000, 0x00000000eea00000|  0%| F|  |TAMS 0x00000000ee900000, 0x00000000ee900000| Untracked 
| 234|0x00000000eea00000, 0x00000000eea00000, 0x00000000eeb00000|  0%| F|  |TAMS 0x00000000eea00000, 0x00000000eea00000| Untracked 
| 235|0x00000000eeb00000, 0x00000000eeb00000, 0x00000000eec00000|  0%| F|  |TAMS 0x00000000eeb00000, 0x00000000eeb00000| Untracked 
| 236|0x00000000eec00000, 0x00000000eec00000, 0x00000000eed00000|  0%| F|  |TAMS 0x00000000eec00000, 0x00000000eec00000| Untracked 
| 237|0x00000000eed00000, 0x00000000eed00000, 0x00000000eee00000|  0%| F|  |TAMS 0x00000000eed00000, 0x00000000eed00000| Untracked 
| 238|0x00000000eee00000, 0x00000000eee00000, 0x00000000eef00000|  0%| F|  |TAMS 0x00000000eee00000, 0x00000000eee00000| Untracked 
| 239|0x00000000eef00000, 0x00000000eef00000, 0x00000000ef000000|  0%| F|  |TAMS 0x00000000eef00000, 0x00000000eef00000| Untracked 
| 240|0x00000000ef000000, 0x00000000ef000000, 0x00000000ef100000|  0%| F|  |TAMS 0x00000000ef000000, 0x00000000ef000000| Untracked 
| 241|0x00000000ef100000, 0x00000000ef1dd350, 0x00000000ef200000| 86%| E|  |TAMS 0x00000000ef100000, 0x00000000ef100000| Complete 
| 242|0x00000000ef200000, 0x00000000ef300000, 0x00000000ef300000|100%| E|CS|TAMS 0x00000000ef200000, 0x00000000ef200000| Complete 
| 243|0x00000000ef300000, 0x00000000ef400000, 0x00000000ef400000|100%| E|  |TAMS 0x00000000ef300000, 0x00000000ef300000| Complete 
| 244|0x00000000ef400000, 0x00000000ef500000, 0x00000000ef500000|100%| E|CS|TAMS 0x00000000ef400000, 0x00000000ef400000| Complete 
| 245|0x00000000ef500000, 0x00000000ef600000, 0x00000000ef600000|100%| E|CS|TAMS 0x00000000ef500000, 0x00000000ef500000| Complete 
| 246|0x00000000ef600000, 0x00000000ef700000, 0x00000000ef700000|100%| E|CS|TAMS 0x00000000ef600000, 0x00000000ef600000| Complete 
| 247|0x00000000ef700000, 0x00000000ef800000, 0x00000000ef800000|100%| E|CS|TAMS 0x00000000ef700000, 0x00000000ef700000| Complete 
| 248|0x00000000ef800000, 0x00000000ef900000, 0x00000000ef900000|100%| E|CS|TAMS 0x00000000ef800000, 0x00000000ef800000| Complete 
| 249|0x00000000ef900000, 0x00000000efa00000, 0x00000000efa00000|100%| E|CS|TAMS 0x00000000ef900000, 0x00000000ef900000| Complete 
| 250|0x00000000efa00000, 0x00000000efb00000, 0x00000000efb00000|100%| E|CS|TAMS 0x00000000efa00000, 0x00000000efa00000| Complete 
| 251|0x00000000efb00000, 0x00000000efc00000, 0x00000000efc00000|100%| E|CS|TAMS 0x00000000efb00000, 0x00000000efb00000| Complete 
| 252|0x00000000efc00000, 0x00000000efd00000, 0x00000000efd00000|100%| E|CS|TAMS 0x00000000efc00000, 0x00000000efc00000| Complete 
| 253|0x00000000efd00000, 0x00000000efe00000, 0x00000000efe00000|100%| E|CS|TAMS 0x00000000efd00000, 0x00000000efd00000| Complete 
| 254|0x00000000efe00000, 0x00000000eff00000, 0x00000000eff00000|100%| E|CS|TAMS 0x00000000efe00000, 0x00000000efe00000| Complete 
| 255|0x00000000eff00000, 0x00000000f0000000, 0x00000000f0000000|100%| E|CS|TAMS 0x00000000eff00000, 0x00000000eff00000| Complete 

Card table byte_map: [0x000002b5f0850000,0x000002b5f0950000] _byte_map_base: 0x000002b5f0150000

Marking Bits (Prev, Next): (CMBitMap*) 0x000002b5d96cc2e0, (CMBitMap*) 0x000002b5d96cc2a0
 Prev Bits: [0x000002b5f1250000, 0x000002b5f1a50000)
 Next Bits: [0x000002b5f0a50000, 0x000002b5f1250000)

Polling page: 0x000002b5d76a0000

Metaspace:

Usage:
  Non-class:    119.82 MB used.
      Class:     19.32 MB used.
       Both:    139.14 MB used.

Virtual space:
  Non-class space:      128.00 MB reserved,     120.50 MB ( 94%) committed,  2 nodes.
      Class space:      320.00 MB reserved,      20.00 MB (  6%) committed,  1 nodes.
             Both:      448.00 MB reserved,     140.50 MB ( 31%) committed. 

Chunk freelists:
   Non-Class:  6.99 MB
       Class:  11.92 MB
        Both:  18.91 MB

MaxMetaspaceSize: 384.00 MB
CompressedClassSpaceSize: 320.00 MB
Initial GC threshold: 21.00 MB
Current GC threshold: 196.50 MB
CDS: on
MetaspaceReclaimPolicy: balanced
 - commit_granule_bytes: 65536.
 - commit_granule_words: 8192.
 - virtual_space_node_default_size: 8388608.
 - enlarge_chunks_in_place: 1.
 - new_chunks_are_fully_committed: 0.
 - uncommit_free_chunks: 1.
 - use_allocation_guard: 0.
 - handle_deallocations: 1.


Internal statistics:

num_allocs_failed_limit: 12.
num_arena_births: 1826.
num_arena_deaths: 0.
num_vsnodes_births: 3.
num_vsnodes_deaths: 0.
num_space_committed: 2248.
num_space_uncommitted: 0.
num_chunks_returned_to_freelist: 12.
num_chunks_taken_from_freelist: 8096.
num_chunk_merges: 6.
num_chunk_splits: 5383.
num_chunks_enlarged: 3570.
num_inconsistent_stats: 0.

CodeHeap 'non-profiled nmethods': size=120000Kb used=11412Kb max_used=11412Kb free=108587Kb
 bounds [0x000002b5e8cb0000, 0x000002b5e97e0000, 0x000002b5f01e0000]
CodeHeap 'profiled nmethods': size=120000Kb used=29602Kb max_used=29602Kb free=90397Kb
 bounds [0x000002b5e11e0000, 0x000002b5e2ed0000, 0x000002b5e8710000]
CodeHeap 'non-nmethods': size=5760Kb used=2415Kb max_used=2492Kb free=3344Kb
 bounds [0x000002b5e8710000, 0x000002b5e8990000, 0x000002b5e8cb0000]
 total_blobs=15984 nmethods=15029 adapters=867
 compilation: enabled
              stopped_count=0, restarted_count=0
 full_count=0

Compilation events (20 events):
Event: 47.728 Thread 0x000002b5f46c5820 17367       4       com.esotericsoftware.kryo.io.Output::writeVarLong (1304 bytes)
Event: 47.742 Thread 0x000002b5f46c5820 nmethod 17367 0x000002b5e97c6c10 code [0x000002b5e97c6dc0, 0x000002b5e97c72c8]
Event: 47.742 Thread 0x000002b5f46c5820 17368       4       org.gradle.internal.serialize.kryo.StringDeduplicatingKryoBackedEncoder::writeByte (9 bytes)
Event: 47.747 Thread 0x000002b5f46c5820 nmethod 17368 0x000002b5e97c7710 code [0x000002b5e97c78a0, 0x000002b5e97c79c8]
Event: 47.747 Thread 0x000002b5f46c5820 17370       4       org.gradle.internal.Describables::of (11 bytes)
Event: 47.750 Thread 0x000002b5f46c5820 nmethod 17370 0x000002b5e97c7b10 code [0x000002b5e97c7c80, 0x000002b5e97c7d58]
Event: 47.751 Thread 0x000002b5f46c5820 17369       4       org.gradle.internal.component.external.model.AbstractLazyModuleComponentResolveMetadata::getAttributesSchema (5 bytes)
Event: 47.752 Thread 0x000002b5f46c5820 nmethod 17369 0x000002b5e97c7e10 code [0x000002b5e97c7f80, 0x000002b5e97c7ff8]
Event: 47.753 Thread 0x000002b5f46c61e0 17371   !   3       java.util.concurrent.ConcurrentHashMap::putVal (432 bytes)
Event: 47.758 Thread 0x000002b5f46c61e0 nmethod 17371 0x000002b5e2eba690 code [0x000002b5e2ebaa00, 0x000002b5e2ebc508]
Event: 47.795 Thread 0x000002b5f46c5820 17372   !   4       org.gradle.api.internal.artifacts.transform.AttributeMatchingArtifactVariantSelector::select (37 bytes)
Event: 47.806 Thread 0x000002b5f46c61e0 17373       3       java.util.Random::next (47 bytes)
Event: 47.806 Thread 0x000002b5f46c61e0 nmethod 17373 0x000002b5e2ebcf10 code [0x000002b5e2ebd0c0, 0x000002b5e2ebd348]
Event: 47.873 Thread 0x000002b5f46c61e0 17378   !   3       com.google.common.cache.LocalCache$Segment::lockedGetOrLoad (447 bytes)
Event: 47.878 Thread 0x000002b5f46c61e0 nmethod 17378 0x000002b5e2ebd490 code [0x000002b5e2ebdcc0, 0x000002b5e2ec2a98]
Event: 47.879 Thread 0x000002b5ff8fdc10 17374   !   4       com.google.common.cache.LocalCache$Segment::put (439 bytes)
Event: 47.894 Thread 0x000002b5f46c61e0 17381       1       java.io.InputStream::available (2 bytes)
Event: 47.894 Thread 0x000002b5f46c61e0 nmethod 17381 0x000002b5e97c8110 code [0x000002b5e97c82a0, 0x000002b5e97c8378]
Event: 48.030 Thread 0x000002b5f46c61e0 17384   !   3       java.util.concurrent.ConcurrentHashMap::fullAddCount (462 bytes)
Event: 48.032 Thread 0x000002b5f46c61e0 nmethod 17384 0x000002b5e2ec5290 code [0x000002b5e2ec5560, 0x000002b5e2ec6bc8]

GC Heap History (20 events):
Event: 39.718 GC heap before
{Heap before GC invocations=29 (full 0):
 garbage-first heap   total 262144K, used 141016K [0x00000000e0000000, 0x0000000100000000)
  region size 1024K, 13 young (13312K), 12 survivors (12288K)
 Metaspace       used 119459K, committed 120704K, reserved 458752K
  class space    used 16626K, committed 17216K, reserved 327680K
}
Event: 39.730 GC heap after
{Heap after GC invocations=30 (full 0):
 garbage-first heap   total 262144K, used 137497K [0x00000000e0000000, 0x0000000100000000)
  region size 1024K, 2 young (2048K), 2 survivors (2048K)
 Metaspace       used 119459K, committed 120704K, reserved 458752K
  class space    used 16626K, committed 17216K, reserved 327680K
}
Event: 40.706 GC heap before
{Heap before GC invocations=30 (full 0):
 garbage-first heap   total 262144K, used 213273K [0x00000000e0000000, 0x0000000100000000)
  region size 1024K, 77 young (78848K), 2 survivors (2048K)
 Metaspace       used 119531K, committed 120704K, reserved 458752K
  class space    used 16630K, committed 17216K, reserved 327680K
}
Event: 40.710 GC heap after
{Heap after GC invocations=31 (full 0):
 garbage-first heap   total 262144K, used 140254K [0x00000000e0000000, 0x0000000100000000)
  region size 1024K, 4 young (4096K), 4 survivors (4096K)
 Metaspace       used 119531K, committed 120704K, reserved 458752K
  class space    used 16630K, committed 17216K, reserved 327680K
}
Event: 41.836 GC heap before
{Heap before GC invocations=32 (full 0):
 garbage-first heap   total 262144K, used 215006K [0x00000000e0000000, 0x0000000100000000)
  region size 1024K, 78 young (79872K), 4 survivors (4096K)
 Metaspace       used 125222K, committed 126464K, reserved 458752K
  class space    used 17316K, committed 17920K, reserved 327680K
}
Event: 41.841 GC heap after
{Heap after GC invocations=33 (full 0):
 garbage-first heap   total 262144K, used 141320K [0x00000000e0000000, 0x0000000100000000)
  region size 1024K, 5 young (5120K), 5 survivors (5120K)
 Metaspace       used 125222K, committed 126464K, reserved 458752K
  class space    used 17316K, committed 17920K, reserved 327680K
}
Event: 41.908 GC heap before
{Heap before GC invocations=33 (full 0):
 garbage-first heap   total 262144K, used 147464K [0x00000000e0000000, 0x0000000100000000)
  region size 1024K, 12 young (12288K), 5 survivors (5120K)
 Metaspace       used 125448K, committed 126720K, reserved 458752K
  class space    used 17344K, committed 17984K, reserved 327680K
}
Event: 41.920 GC heap after
{Heap after GC invocations=34 (full 0):
 garbage-first heap   total 262144K, used 138765K [0x00000000e0000000, 0x0000000100000000)
  region size 1024K, 2 young (2048K), 2 survivors (2048K)
 Metaspace       used 125448K, committed 126720K, reserved 458752K
  class space    used 17344K, committed 17984K, reserved 327680K
}
Event: 42.791 GC heap before
{Heap before GC invocations=34 (full 0):
 garbage-first heap   total 262144K, used 218637K [0x00000000e0000000, 0x0000000100000000)
  region size 1024K, 79 young (80896K), 2 survivors (2048K)
 Metaspace       used 129571K, committed 130816K, reserved 458752K
  class space    used 17887K, committed 18496K, reserved 327680K
}
Event: 42.795 GC heap after
{Heap after GC invocations=35 (full 0):
 garbage-first heap   total 262144K, used 143962K [0x00000000e0000000, 0x0000000100000000)
  region size 1024K, 8 young (8192K), 8 survivors (8192K)
 Metaspace       used 129571K, committed 130816K, reserved 458752K
  class space    used 17887K, committed 18496K, reserved 327680K
}
Event: 43.927 GC heap before
{Heap before GC invocations=35 (full 0):
 garbage-first heap   total 262144K, used 216666K [0x00000000e0000000, 0x0000000100000000)
  region size 1024K, 79 young (80896K), 8 survivors (8192K)
 Metaspace       used 135893K, committed 137152K, reserved 458752K
  class space    used 18951K, committed 19584K, reserved 327680K
}
Event: 43.933 GC heap after
{Heap after GC invocations=36 (full 0):
 garbage-first heap   total 262144K, used 146890K [0x00000000e0000000, 0x0000000100000000)
  region size 1024K, 3 young (3072K), 3 survivors (3072K)
 Metaspace       used 135893K, committed 137152K, reserved 458752K
  class space    used 18951K, committed 19584K, reserved 327680K
}
Event: 45.085 GC heap before
{Heap before GC invocations=36 (full 0):
 garbage-first heap   total 262144K, used 219594K [0x00000000e0000000, 0x0000000100000000)
  region size 1024K, 74 young (75776K), 3 survivors (3072K)
 Metaspace       used 137381K, committed 138688K, reserved 458752K
  class space    used 19150K, committed 19776K, reserved 327680K
}
Event: 45.091 GC heap after
{Heap after GC invocations=37 (full 0):
 garbage-first heap   total 262144K, used 151161K [0x00000000e0000000, 0x0000000100000000)
  region size 1024K, 8 young (8192K), 8 survivors (8192K)
 Metaspace       used 137381K, committed 138688K, reserved 458752K
  class space    used 19150K, committed 19776K, reserved 327680K
}
Event: 46.202 GC heap before
{Heap before GC invocations=37 (full 0):
 garbage-first heap   total 262144K, used 219769K [0x00000000e0000000, 0x0000000100000000)
  region size 1024K, 75 young (76800K), 8 survivors (8192K)
 Metaspace       used 139434K, committed 140736K, reserved 458752K
  class space    used 19427K, committed 20096K, reserved 327680K
}
Event: 46.206 GC heap after
{Heap after GC invocations=38 (full 0):
 garbage-first heap   total 262144K, used 151478K [0x00000000e0000000, 0x0000000100000000)
  region size 1024K, 5 young (5120K), 5 survivors (5120K)
 Metaspace       used 139434K, committed 140736K, reserved 458752K
  class space    used 19427K, committed 20096K, reserved 327680K
}
Event: 46.906 GC heap before
{Heap before GC invocations=38 (full 0):
 garbage-first heap   total 262144K, used 221110K [0x00000000e0000000, 0x0000000100000000)
  region size 1024K, 74 young (75776K), 5 survivors (5120K)
 Metaspace       used 142370K, committed 143680K, reserved 458752K
  class space    used 19769K, committed 20416K, reserved 327680K
}
Event: 46.911 GC heap after
{Heap after GC invocations=39 (full 0):
 garbage-first heap   total 262144K, used 152671K [0x00000000e0000000, 0x0000000100000000)
  region size 1024K, 7 young (7168K), 7 survivors (7168K)
 Metaspace       used 142370K, committed 143680K, reserved 458752K
  class space    used 19769K, committed 20416K, reserved 327680K
}
Event: 48.022 GC heap before
{Heap before GC invocations=39 (full 0):
 garbage-first heap   total 262144K, used 221279K [0x00000000e0000000, 0x0000000100000000)
  region size 1024K, 75 young (76800K), 7 survivors (7168K)
 Metaspace       used 142439K, committed 143808K, reserved 458752K
  class space    used 19777K, committed 20480K, reserved 327680K
}
Event: 48.028 GC heap after
{Heap after GC invocations=40 (full 0):
 garbage-first heap   total 262144K, used 155608K [0x00000000e0000000, 0x0000000100000000)
  region size 1024K, 8 young (8192K), 8 survivors (8192K)
 Metaspace       used 142439K, committed 143808K, reserved 458752K
  class space    used 19777K, committed 20480K, reserved 327680K
}

Dll operation events (15 events):
Event: 0.009 Loaded shared library C:\Program Files\Microsoft\jdk-17.0.15.6-hotspot\bin\java.dll
Event: 0.026 Loaded shared library C:\Program Files\Microsoft\jdk-17.0.15.6-hotspot\bin\jsvml.dll
Event: 0.065 Loaded shared library C:\Program Files\Microsoft\jdk-17.0.15.6-hotspot\bin\zip.dll
Event: 0.068 Loaded shared library C:\Program Files\Microsoft\jdk-17.0.15.6-hotspot\bin\instrument.dll
Event: 0.073 Loaded shared library C:\Program Files\Microsoft\jdk-17.0.15.6-hotspot\bin\net.dll
Event: 0.074 Loaded shared library C:\Program Files\Microsoft\jdk-17.0.15.6-hotspot\bin\nio.dll
Event: 0.079 Loaded shared library C:\Program Files\Microsoft\jdk-17.0.15.6-hotspot\bin\zip.dll
Event: 0.271 Loaded shared library C:\Program Files\Microsoft\jdk-17.0.15.6-hotspot\bin\jimage.dll
Event: 0.457 Loaded shared library C:\Program Files\Microsoft\jdk-17.0.15.6-hotspot\bin\verify.dll
Event: 0.620 Loaded shared library C:\Users\HP\.gradle\native\c067742578af261105cb4f569cf0c3c89f3d7b1fecec35dd04571415982c5e48\windows-amd64\native-platform.dll
Event: 0.624 Loaded shared library C:\Users\HP\.gradle\native\100fb08df4bc3b14c8652ba06237920a3bd2aa13389f12d3474272988ae205f9\windows-amd64\native-platform-file-events.dll
Event: 1.637 Loaded shared library C:\Program Files\Microsoft\jdk-17.0.15.6-hotspot\bin\management.dll
Event: 1.639 Loaded shared library C:\Program Files\Microsoft\jdk-17.0.15.6-hotspot\bin\management_ext.dll
Event: 1.783 Loaded shared library C:\Program Files\Microsoft\jdk-17.0.15.6-hotspot\bin\extnet.dll
Event: 1.970 Loaded shared library C:\Program Files\Microsoft\jdk-17.0.15.6-hotspot\bin\sunmscapi.dll

Deoptimization events (20 events):
Event: 47.216 Thread 0x000002b5fad3ff00 Uncommon trap: trap_request=0xffffff45 fr.pc=0x000002b5e90720f8 relative=0x0000000000000638
Event: 47.216 Thread 0x000002b5fad3ff00 Uncommon trap: reason=unstable_if action=reinterpret pc=0x000002b5e90720f8 method=java.lang.ThreadLocal$ThreadLocalMap.set(Ljava/lang/ThreadLocal;Ljava/lang/Object;)V @ 53 c2
Event: 47.216 Thread 0x000002b5fad3ff00 DEOPT PACKING pc=0x000002b5e90720f8 sp=0x000000debabff080
Event: 47.216 Thread 0x000002b5fad3ff00 DEOPT UNPACKING pc=0x000002b5e87669a3 sp=0x000000debabfefc0 mode 2
Event: 47.747 Thread 0x000002b5fcfeb4f0 Uncommon trap: trap_request=0xffffff45 fr.pc=0x000002b5e90eb974 relative=0x0000000000001254
Event: 47.747 Thread 0x000002b5fcfeb4f0 Uncommon trap: reason=unstable_if action=reinterpret pc=0x000002b5e90eb974 method=java.util.concurrent.ConcurrentHashMap.putVal(Ljava/lang/Object;Ljava/lang/Object;Z)Ljava/lang/Object; @ 112 c2
Event: 47.747 Thread 0x000002b5fcfeb4f0 DEOPT PACKING pc=0x000002b5e90eb974 sp=0x000000debd7fe7f0
Event: 47.747 Thread 0x000002b5fcfeb4f0 DEOPT UNPACKING pc=0x000002b5e87669a3 sp=0x000000debd7fe780 mode 2
Event: 47.838 Thread 0x000002b5fad3cc60 Uncommon trap: trap_request=0xffffffd6 fr.pc=0x000002b5e979eafc relative=0x00000000000007bc
Event: 47.838 Thread 0x000002b5fad3cc60 Uncommon trap: reason=array_check action=maybe_recompile pc=0x000002b5e979eafc method=java.util.ComparableTimSort.binarySort([Ljava/lang/Object;III)V @ 215 c2
Event: 47.838 Thread 0x000002b5fad3cc60 DEOPT PACKING pc=0x000002b5e979eafc sp=0x000000debaef7ee0
Event: 47.838 Thread 0x000002b5fad3cc60 DEOPT UNPACKING pc=0x000002b5e87669a3 sp=0x000000debaef7e90 mode 2
Event: 47.838 Thread 0x000002b5fad3cc60 Uncommon trap: trap_request=0xffffffd6 fr.pc=0x000002b5e979eafc relative=0x00000000000007bc
Event: 47.838 Thread 0x000002b5fad3cc60 Uncommon trap: reason=array_check action=maybe_recompile pc=0x000002b5e979eafc method=java.util.ComparableTimSort.binarySort([Ljava/lang/Object;III)V @ 215 c2
Event: 47.838 Thread 0x000002b5fad3cc60 DEOPT PACKING pc=0x000002b5e979eafc sp=0x000000debaef7ee0
Event: 47.838 Thread 0x000002b5fad3cc60 DEOPT UNPACKING pc=0x000002b5e87669a3 sp=0x000000debaef7e90 mode 2
Event: 47.868 Thread 0x000002b5fad3cc60 Uncommon trap: trap_request=0xffffff45 fr.pc=0x000002b5e93544e4 relative=0x0000000000000d64
Event: 47.868 Thread 0x000002b5fad3cc60 Uncommon trap: reason=unstable_if action=reinterpret pc=0x000002b5e93544e4 method=com.google.common.cache.LongAdder.add(J)V @ 95 c2
Event: 47.868 Thread 0x000002b5fad3cc60 DEOPT PACKING pc=0x000002b5e93544e4 sp=0x000000debaef6ab0
Event: 47.868 Thread 0x000002b5fad3cc60 DEOPT UNPACKING pc=0x000002b5e87669a3 sp=0x000000debaef67b8 mode 2

Classes loaded (20 events):
Event: 39.344 Loading class javax/management/NotCompliantMBeanException
Event: 39.344 Loading class javax/management/NotCompliantMBeanException done
Event: 39.344 Loading class javax/management/AttributeNotFoundException
Event: 39.344 Loading class javax/management/AttributeNotFoundException done
Event: 39.344 Loading class javax/management/ReflectionException
Event: 39.345 Loading class javax/management/ReflectionException done
Event: 39.345 Loading class javax/management/InstanceNotFoundException
Event: 39.345 Loading class javax/management/InstanceNotFoundException done
Event: 39.378 Loading class java/util/stream/ReduceOps$5
Event: 39.379 Loading class java/util/stream/ReduceOps$5 done
Event: 39.379 Loading class java/util/stream/ReduceOps$CountingSink$OfRef
Event: 39.379 Loading class java/util/stream/ReduceOps$CountingSink
Event: 39.379 Loading class java/util/stream/ReduceOps$CountingSink done
Event: 39.379 Loading class java/util/stream/ReduceOps$CountingSink$OfRef done
Event: 39.381 Loading class java/time/format/DateTimeFormatterBuilder$WeekBasedFieldPrinterParser
Event: 39.381 Loading class java/time/format/DateTimeFormatterBuilder$WeekBasedFieldPrinterParser done
Event: 39.762 Loading class java/io/ObjectOutputStream$PutFieldImpl
Event: 39.763 Loading class java/io/ObjectOutputStream$PutField
Event: 39.763 Loading class java/io/ObjectOutputStream$PutField done
Event: 39.763 Loading class java/io/ObjectOutputStream$PutFieldImpl done

Classes unloaded (0 events):
No events

Classes redefined (0 events):
No events

Internal exceptions (20 events):
Event: 44.725 Thread 0x000002b5fad3cc60 Exception <a 'sun/nio/fs/WindowsException'{0x00000000ed7a5660}> (0x00000000ed7a5660) 
thrown [s\src\hotspot\share\prims\jni.cpp, line 516]
Event: 45.061 Thread 0x000002b5fad3cc60 Exception <a 'java/lang/ClassNotFoundException'{0x00000000ebd73978}: build_4tjqhlm6bjux0k9gvcigrtbzwBeanInfo> (0x00000000ebd73978) 
thrown [s\src\hotspot\share\classfile\systemDictionary.cpp, line 256]
Event: 45.061 Thread 0x000002b5fad3cc60 Exception <a 'java/lang/ClassNotFoundException'{0x00000000ebd7aab0}: build_4tjqhlm6bjux0k9gvcigrtbzwCustomizer> (0x00000000ebd7aab0) 
thrown [s\src\hotspot\share\classfile\systemDictionary.cpp, line 256]
Event: 45.150 Thread 0x000002b5fad3cc60 Exception <a 'java/lang/ClassNotFoundException'{0x00000000ef89bc08}: build_4tjqhlm6bjux0k9gvcigrtbzw$_run_closure1BeanInfo> (0x00000000ef89bc08) 
thrown [s\src\hotspot\share\classfile\systemDictionary.cpp, line 256]
Event: 45.151 Thread 0x000002b5fad3cc60 Exception <a 'java/lang/ClassNotFoundException'{0x00000000ef8a2a98}: build_4tjqhlm6bjux0k9gvcigrtbzw$_run_closure1Customizer> (0x00000000ef8a2a98) 
thrown [s\src\hotspot\share\classfile\systemDictionary.cpp, line 256]
Event: 45.235 Thread 0x000002b5fad3cc60 Exception <a 'java/lang/NoClassDefFoundError'{0x00000000ef2682c0}: org/jetbrains/kotlin/gradle/plugin/KotlinBasePluginWrapper> (0x00000000ef2682c0) 
thrown [s\src\hotspot\share\oops\constantPool.cpp, line 837]
Event: 45.481 Thread 0x000002b5fad3cc60 Implicit null exception at 0x000002b5e97833d5 to 0x000002b5e9783bb4
Event: 46.063 Thread 0x000002b5fad3cc60 Exception <a 'sun/nio/fs/WindowsException'{0x00000000ec1467f0}> (0x00000000ec1467f0) 
thrown [s\src\hotspot\share\prims\jni.cpp, line 516]
Event: 46.064 Thread 0x000002b5fad3cc60 Exception <a 'sun/nio/fs/WindowsException'{0x00000000ec147f30}> (0x00000000ec147f30) 
thrown [s\src\hotspot\share\prims\jni.cpp, line 516]
Event: 46.065 Thread 0x000002b5fad3cc60 Exception <a 'sun/nio/fs/WindowsException'{0x00000000ec149660}> (0x00000000ec149660) 
thrown [s\src\hotspot\share\prims\jni.cpp, line 516]
Event: 46.065 Thread 0x000002b5fad3cc60 Exception <a 'sun/nio/fs/WindowsException'{0x00000000ec14ad68}> (0x00000000ec14ad68) 
thrown [s\src\hotspot\share\prims\jni.cpp, line 516]
Event: 46.508 Thread 0x000002b5fad3cc60 Exception <a 'java/lang/ClassNotFoundException'{0x00000000ed55fcc0}: build_7rnjo2eo8nb709uqg7gfki7b7BeanInfo> (0x00000000ed55fcc0) 
thrown [s\src\hotspot\share\classfile\systemDictionary.cpp, line 256]
Event: 46.508 Thread 0x000002b5fad3cc60 Exception <a 'java/lang/ClassNotFoundException'{0x00000000ed566df8}: build_7rnjo2eo8nb709uqg7gfki7b7Customizer> (0x00000000ed566df8) 
thrown [s\src\hotspot\share\classfile\systemDictionary.cpp, line 256]
Event: 46.904 Thread 0x000002b5fad3cc60 Exception <a 'java/lang/NoClassDefFoundError'{0x00000000eb634570}: org/gradle/initialization/BuildCompletionListener> (0x00000000eb634570) 
thrown [s\src\hotspot\share\classfile\systemDictionary.cpp, line 245]
Event: 47.415 Thread 0x000002b5fad3cc60 Exception <a 'sun/nio/fs/WindowsException'{0x00000000eefe2b10}> (0x00000000eefe2b10) 
thrown [s\src\hotspot\share\prims\jni.cpp, line 516]
Event: 47.416 Thread 0x000002b5fad3cc60 Exception <a 'sun/nio/fs/WindowsException'{0x00000000eefe4250}> (0x00000000eefe4250) 
thrown [s\src\hotspot\share\prims\jni.cpp, line 516]
Event: 47.418 Thread 0x000002b5fad3cc60 Exception <a 'sun/nio/fs/WindowsException'{0x00000000eefe5980}> (0x00000000eefe5980) 
thrown [s\src\hotspot\share\prims\jni.cpp, line 516]
Event: 47.419 Thread 0x000002b5fad3cc60 Exception <a 'sun/nio/fs/WindowsException'{0x00000000eefe7088}> (0x00000000eefe7088) 
thrown [s\src\hotspot\share\prims\jni.cpp, line 516]
Event: 47.478 Thread 0x000002b5fad3cc60 Exception <a 'java/lang/ClassNotFoundException'{0x00000000eed64508}: build_ex6mhsmasvj6sxqseojmm7kt9BeanInfo> (0x00000000eed64508) 
thrown [s\src\hotspot\share\classfile\systemDictionary.cpp, line 256]
Event: 47.479 Thread 0x000002b5fad3cc60 Exception <a 'java/lang/ClassNotFoundException'{0x00000000eed6b6c8}: build_ex6mhsmasvj6sxqseojmm7kt9Customizer> (0x00000000eed6b6c8) 
thrown [s\src\hotspot\share\classfile\systemDictionary.cpp, line 256]

VM Operations (20 events):
Event: 43.800 Executing VM operation: Cleanup done
Event: 43.927 Executing VM operation: G1CollectForAllocation
Event: 43.933 Executing VM operation: G1CollectForAllocation done
Event: 44.250 Executing VM operation: HandshakeAllThreads
Event: 44.250 Executing VM operation: HandshakeAllThreads done
Event: 45.049 Executing VM operation: ICBufferFull
Event: 45.049 Executing VM operation: ICBufferFull done
Event: 45.085 Executing VM operation: G1CollectForAllocation
Event: 45.091 Executing VM operation: G1CollectForAllocation done
Event: 46.096 Executing VM operation: Cleanup
Event: 46.096 Executing VM operation: Cleanup done
Event: 46.202 Executing VM operation: G1CollectForAllocation
Event: 46.206 Executing VM operation: G1CollectForAllocation done
Event: 46.906 Executing VM operation: G1CollectForAllocation
Event: 46.911 Executing VM operation: G1CollectForAllocation done
Event: 47.916 Executing VM operation: Cleanup
Event: 47.917 Executing VM operation: Cleanup done
Event: 48.022 Executing VM operation: G1CollectForAllocation
Event: 48.028 Executing VM operation: G1CollectForAllocation done
Event: 49.035 Executing VM operation: Cleanup

Memory protections (0 events):
No events

Nmethod flushes (20 events):
Event: 31.516 Thread 0x000002b5f46ce000 flushing  nmethod 0x000002b5e2802190
Event: 31.516 Thread 0x000002b5f46ce000 flushing  nmethod 0x000002b5e282d690
Event: 31.516 Thread 0x000002b5f46ce000 flushing  nmethod 0x000002b5e2862790
Event: 31.516 Thread 0x000002b5f46ce000 flushing  nmethod 0x000002b5e2889190
Event: 31.516 Thread 0x000002b5f46ce000 flushing  nmethod 0x000002b5e28bff10
Event: 31.517 Thread 0x000002b5f46ce000 flushing  nmethod 0x000002b5e2932f90
Event: 31.517 Thread 0x000002b5f46ce000 flushing  nmethod 0x000002b5e2933410
Event: 31.517 Thread 0x000002b5f46ce000 flushing  nmethod 0x000002b5e2934e90
Event: 31.517 Thread 0x000002b5f46ce000 flushing  nmethod 0x000002b5e2949d10
Event: 31.517 Thread 0x000002b5f46ce000 flushing  nmethod 0x000002b5e2956d10
Event: 31.517 Thread 0x000002b5f46ce000 flushing  nmethod 0x000002b5e2970210
Event: 31.517 Thread 0x000002b5f46ce000 flushing  nmethod 0x000002b5e29ab710
Event: 31.517 Thread 0x000002b5f46ce000 flushing  nmethod 0x000002b5e29d4e90
Event: 31.517 Thread 0x000002b5f46ce000 flushing  nmethod 0x000002b5e29e1e10
Event: 38.622 Thread 0x000002b5f46ce000 flushing  nmethod 0x000002b5e9373a10
Event: 38.624 Thread 0x000002b5f46ce000 flushing  nmethod 0x000002b5e11fc390
Event: 38.625 Thread 0x000002b5f46ce000 flushing  nmethod 0x000002b5e13cd290
Event: 38.625 Thread 0x000002b5f46ce000 flushing  nmethod 0x000002b5e13cd690
Event: 38.625 Thread 0x000002b5f46ce000 flushing  nmethod 0x000002b5e13cdb90
Event: 38.630 Thread 0x000002b5f46ce000 flushing  nmethod 0x000002b5e1ad1010

Events (20 events):
Event: 47.803 Thread 0x000002b5fad3cc60 Thread added: 0x000002b5f932a200
Event: 47.805 Thread 0x000002b5fad3cc60 Thread added: 0x000002b5f932c570
Event: 47.806 Thread 0x000002b5fad3cc60 Thread added: 0x000002b5f932b640
Event: 47.808 Thread 0x000002b5fad3cc60 Thread added: 0x000002b5f932c060
Event: 47.809 Thread 0x000002b5fad3cc60 Thread added: 0x000002b5f9328dc0
Event: 47.809 Thread 0x000002b5fad3cc60 Thread added: 0x000002b5f932b130
Event: 47.811 Thread 0x000002b5fad3cc60 Thread added: 0x000002b5f932cf90
Event: 47.813 Thread 0x000002b5fad3cc60 Thread added: 0x000002b5f932d4a0
Event: 47.839 Thread 0x000002b5fad3cc60 Thread added: 0x000002b5f9329cf0
Event: 47.839 Thread 0x000002b5fad3cc60 Thread added: 0x000002b5f932a710
Event: 47.839 Thread 0x000002b5fad3cc60 Thread added: 0x000002b5f932d9b0
Event: 47.839 Thread 0x000002b5fad3cc60 Thread added: 0x000002b5f932dec0
Event: 47.840 Thread 0x000002b5fad3cc60 Thread added: 0x000002b5f932ac20
Event: 47.840 Thread 0x000002b5fad3cc60 Thread added: 0x000002b5f932f300
Event: 47.840 Thread 0x000002b5fad3cc60 Thread added: 0x000002b5f932f810
Event: 47.840 Thread 0x000002b5fad3cc60 Thread added: 0x000002b5f932fd20
Event: 47.841 Thread 0x000002b5fad3cc60 Thread added: 0x000002b5ff430fa0
Event: 47.841 Thread 0x000002b5fad3cc60 Thread added: 0x000002b5ff432e00
Event: 47.841 Thread 0x000002b5fad3cc60 Thread added: 0x000002b5ff4314b0
Event: 47.878 Thread 0x000002b5f46c61e0 Thread added: 0x000002b5ff8fdc10


Dynamic libraries:
0x00007ff77d7d0000 - 0x00007ff77d7de000 	C:\Program Files\Microsoft\jdk-17.0.15.6-hotspot\bin\java.exe
0x00007ff8dc440000 - 0x00007ff8dc6a7000 	C:\WINDOWS\SYSTEM32\ntdll.dll
0x00007ff8db7d0000 - 0x00007ff8db899000 	C:\WINDOWS\System32\KERNEL32.DLL
0x00007ff8d9bd0000 - 0x00007ff8d9fc1000 	C:\WINDOWS\System32\KERNELBASE.dll
0x00007ff8d9fd0000 - 0x00007ff8da11b000 	C:\WINDOWS\System32\ucrtbase.dll
0x00007ff897430000 - 0x00007ff897447000 	C:\Program Files\Microsoft\jdk-17.0.15.6-hotspot\bin\jli.dll
0x00007ff8b9530000 - 0x00007ff8b954d000 	C:\Program Files\Microsoft\jdk-17.0.15.6-hotspot\bin\VCRUNTIME140.dll
0x00007ff8db410000 - 0x00007ff8db5d5000 	C:\WINDOWS\System32\USER32.dll
0x00007ff8d9970000 - 0x00007ff8d9997000 	C:\WINDOWS\System32\win32u.dll
0x00007ff8b8ca0000 - 0x00007ff8b8f33000 	C:\WINDOWS\WinSxS\amd64_microsoft.windows.common-controls_6595b64144ccf1df_6.0.26100.7922_none_3e089e1ee3342171\COMCTL32.dll
0x00007ff8dbed0000 - 0x00007ff8dbefb000 	C:\WINDOWS\System32\GDI32.dll
0x00007ff8d97b0000 - 0x00007ff8d98da000 	C:\WINDOWS\System32\gdi32full.dll
0x00007ff8da2b0000 - 0x00007ff8da359000 	C:\WINDOWS\System32\msvcrt.dll
0x00007ff8d9b20000 - 0x00007ff8d9bc3000 	C:\WINDOWS\System32\msvcp_win.dll
0x00007ff8da360000 - 0x00007ff8da391000 	C:\WINDOWS\System32\IMM32.DLL
0x00007ff899b90000 - 0x00007ff899b9c000 	C:\Program Files\Microsoft\jdk-17.0.15.6-hotspot\bin\vcruntime140_1.dll
0x00007ff83d120000 - 0x00007ff83d1ad000 	C:\Program Files\Microsoft\jdk-17.0.15.6-hotspot\bin\msvcp140.dll
0x00007ff834070000 - 0x00007ff834ce2000 	C:\Program Files\Microsoft\jdk-17.0.15.6-hotspot\bin\server\jvm.dll
0x00007ff8db220000 - 0x00007ff8db2db000 	C:\WINDOWS\System32\ADVAPI32.dll
0x00007ff8da9f0000 - 0x00007ff8daa97000 	C:\WINDOWS\System32\sechost.dll
0x00007ff8db2e0000 - 0x00007ff8db3f8000 	C:\WINDOWS\System32\RPCRT4.dll
0x00007ff8db740000 - 0x00007ff8db7b4000 	C:\WINDOWS\System32\WS2_32.dll
0x00007ff8d8b80000 - 0x00007ff8d8bde000 	C:\WINDOWS\SYSTEM32\POWRPROF.dll
0x00007ff8c6ef0000 - 0x00007ff8c6efb000 	C:\WINDOWS\SYSTEM32\VERSION.dll
0x00007ff8d0b20000 - 0x00007ff8d0b55000 	C:\WINDOWS\SYSTEM32\WINMM.dll
0x00007ff8d8b60000 - 0x00007ff8d8b74000 	C:\WINDOWS\SYSTEM32\UMPDC.dll
0x00007ff8d7ab0000 - 0x00007ff8d7acb000 	C:\WINDOWS\SYSTEM32\kernel.appcore.dll
0x00007ff897890000 - 0x00007ff89789a000 	C:\Program Files\Microsoft\jdk-17.0.15.6-hotspot\bin\jimage.dll
0x00007ff8d6bc0000 - 0x00007ff8d6e02000 	C:\WINDOWS\SYSTEM32\DBGHELP.DLL
0x00007ff8dbf70000 - 0x00007ff8dc2f2000 	C:\WINDOWS\System32\combase.dll
0x00007ff8dbb90000 - 0x00007ff8dbc67000 	C:\WINDOWS\System32\OLEAUT32.dll
0x00007ff8b6050000 - 0x00007ff8b608b000 	C:\WINDOWS\SYSTEM32\dbgcore.DLL
0x00007ff8d9700000 - 0x00007ff8d97a5000 	C:\WINDOWS\System32\bcryptPrimitives.dll
0x00007ff88e7d0000 - 0x00007ff88e7de000 	C:\Program Files\Microsoft\jdk-17.0.15.6-hotspot\bin\instrument.dll
0x00007ff897400000 - 0x00007ff897425000 	C:\Program Files\Microsoft\jdk-17.0.15.6-hotspot\bin\java.dll
0x00007ff83d040000 - 0x00007ff83d116000 	C:\Program Files\Microsoft\jdk-17.0.15.6-hotspot\bin\jsvml.dll
0x00007ff8daab0000 - 0x00007ff8db20f000 	C:\WINDOWS\System32\SHELL32.dll
0x00007ff8d8d20000 - 0x00007ff8d8e8a000 	C:\WINDOWS\System32\wintypes.dll
0x00007ff8d8e90000 - 0x00007ff8d96f4000 	C:\WINDOWS\System32\windows.storage.dll
0x00007ff8dbdd0000 - 0x00007ff8dbec7000 	C:\WINDOWS\System32\SHCORE.dll
0x00007ff8dbf00000 - 0x00007ff8dbf67000 	C:\WINDOWS\System32\shlwapi.dll
0x00007ff8d8c40000 - 0x00007ff8d8c69000 	C:\WINDOWS\SYSTEM32\profapi.dll
0x00007ff8838b0000 - 0x00007ff8838c8000 	C:\Program Files\Microsoft\jdk-17.0.15.6-hotspot\bin\zip.dll
0x00007ff88a720000 - 0x00007ff88a73a000 	C:\Program Files\Microsoft\jdk-17.0.15.6-hotspot\bin\net.dll
0x00007ff8cda60000 - 0x00007ff8cdb87000 	C:\WINDOWS\SYSTEM32\WINHTTP.dll
0x00007ff8d8020000 - 0x00007ff8d808b000 	C:\WINDOWS\system32\mswsock.dll
0x00007ff88a700000 - 0x00007ff88a716000 	C:\Program Files\Microsoft\jdk-17.0.15.6-hotspot\bin\nio.dll
0x00007ff8976e0000 - 0x00007ff8976f0000 	C:\Program Files\Microsoft\jdk-17.0.15.6-hotspot\bin\verify.dll
0x00007ff886160000 - 0x00007ff886187000 	C:\Users\HP\.gradle\native\c067742578af261105cb4f569cf0c3c89f3d7b1fecec35dd04571415982c5e48\windows-amd64\native-platform.dll
0x00007ff8796e0000 - 0x00007ff879824000 	C:\Users\HP\.gradle\native\100fb08df4bc3b14c8652ba06237920a3bd2aa13389f12d3474272988ae205f9\windows-amd64\native-platform-file-events.dll
0x00007ff894870000 - 0x00007ff89487a000 	C:\Program Files\Microsoft\jdk-17.0.15.6-hotspot\bin\management.dll
0x00007ff893630000 - 0x00007ff89363b000 	C:\Program Files\Microsoft\jdk-17.0.15.6-hotspot\bin\management_ext.dll
0x00007ff8db7c0000 - 0x00007ff8db7c8000 	C:\WINDOWS\System32\PSAPI.DLL
0x00007ff8d8300000 - 0x00007ff8d831b000 	C:\WINDOWS\SYSTEM32\CRYPTSP.dll
0x00007ff8d7a10000 - 0x00007ff8d7a49000 	C:\WINDOWS\system32\rsaenh.dll
0x00007ff8d80d0000 - 0x00007ff8d8102000 	C:\WINDOWS\SYSTEM32\USERENV.dll
0x00007ff8d8c10000 - 0x00007ff8d8c3a000 	C:\WINDOWS\SYSTEM32\bcrypt.dll
0x00007ff8d8320000 - 0x00007ff8d832c000 	C:\WINDOWS\SYSTEM32\CRYPTBASE.dll
0x00007ff8d7470000 - 0x00007ff8d74a3000 	C:\WINDOWS\SYSTEM32\IPHLPAPI.DLL
0x00007ff8daaa0000 - 0x00007ff8daaaa000 	C:\WINDOWS\System32\NSI.dll
0x00007ff8d0ef0000 - 0x00007ff8d0f0d000 	C:\WINDOWS\SYSTEM32\dhcpcsvc6.DLL
0x00007ff8cfb00000 - 0x00007ff8cfb23000 	C:\WINDOWS\SYSTEM32\dhcpcsvc.DLL
0x00007ff8d7500000 - 0x00007ff8d762a000 	C:\WINDOWS\SYSTEM32\DNSAPI.dll
0x00007ff893090000 - 0x00007ff893099000 	C:\Program Files\Microsoft\jdk-17.0.15.6-hotspot\bin\extnet.dll
0x00007ff88de20000 - 0x00007ff88de2e000 	C:\Program Files\Microsoft\jdk-17.0.15.6-hotspot\bin\sunmscapi.dll
0x00007ff8d99a0000 - 0x00007ff8d9b17000 	C:\WINDOWS\System32\CRYPT32.dll
0x00007ff8d8520000 - 0x00007ff8d8550000 	C:\WINDOWS\SYSTEM32\ncrypt.dll
0x00007ff8d84d0000 - 0x00007ff8d850f000 	C:\WINDOWS\SYSTEM32\NTASN1.dll
0x00007ff8c4030000 - 0x00007ff8c4038000 	C:\WINDOWS\system32\wshunix.dll

dbghelp: loaded successfully - version: 4.0.5 - missing functions: none
symbol engine: initialized successfully - sym options: 0x614 - pdb path: .;C:\Program Files\Microsoft\jdk-17.0.15.6-hotspot\bin;C:\WINDOWS\SYSTEM32;C:\WINDOWS\WinSxS\amd64_microsoft.windows.common-controls_6595b64144ccf1df_6.0.26100.7922_none_3e089e1ee3342171;C:\Program Files\Microsoft\jdk-17.0.15.6-hotspot\bin\server;C:\Users\HP\.gradle\native\c067742578af261105cb4f569cf0c3c89f3d7b1fecec35dd04571415982c5e48\windows-amd64;C:\Users\HP\.gradle\native\100fb08df4bc3b14c8652ba06237920a3bd2aa13389f12d3474272988ae205f9\windows-amd64

VM Arguments:
jvm_args: --add-opens=java.base/java.util=ALL-UNNAMED --add-opens=java.base/java.lang=ALL-UNNAMED --add-opens=java.base/java.lang.invoke=ALL-UNNAMED --add-opens=java.prefs/java.util.prefs=ALL-UNNAMED --add-exports=jdk.compiler/com.sun.tools.javac.api=ALL-UNNAMED --add-exports=jdk.compiler/com.sun.tools.javac.util=ALL-UNNAMED --add-opens=java.base/java.nio.charset=ALL-UNNAMED --add-opens=java.base/java.net=ALL-UNNAMED --add-opens=java.base/java.util.concurrent.atomic=ALL-UNNAMED -XX:MaxMetaspaceSize=384m -XX:+HeapDumpOnOutOfMemoryError -Xms256m -Xmx512m -Dfile.encoding=utf8 -Duser.country=IN -Duser.language=en -Duser.variant -javaagent:C:\Users\HP\.gradle\wrapper\dists\gradle-8.9-bin\90cnw93cvbtalezasaz0blq0a\gradle-8.9\lib\agents\gradle-instrumentation-agent-8.9.jar 
java_command: org.gradle.launcher.daemon.bootstrap.GradleDaemon 8.9
java_class_path (initial): C:\Users\HP\.gradle\wrapper\dists\gradle-8.9-bin\90cnw93cvbtalezasaz0blq0a\gradle-8.9\lib\gradle-daemon-main-8.9.jar
Launcher Type: SUN_STANDARD

[Global flags]
     intx CICompilerCount                          = 4                                         {product} {ergonomic}
   size_t CompressedClassSpaceSize                 = 335544320                                 {product} {ergonomic}
     uint ConcGCThreads                            = 3                                         {product} {ergonomic}
     uint G1ConcRefinementThreads                  = 10                                        {product} {ergonomic}
   size_t G1HeapRegionSize                         = 1048576                                   {product} {ergonomic}
    uintx GCDrainStackTargetSize                   = 64                                        {product} {ergonomic}
     bool HeapDumpOnOutOfMemoryError               = true                                   {manageable} {command line}
   size_t InitialHeapSize                          = 268435456                                 {product} {command line}
   size_t MarkStackSize                            = 4194304                                   {product} {ergonomic}
   size_t MaxHeapSize                              = 536870912                                 {product} {command line}
   size_t MaxMetaspaceSize                         = 402653184                                 {product} {command line}
   size_t MaxNewSize                               = 321912832                                 {product} {ergonomic}
   size_t MinHeapDeltaBytes                        = 1048576                                   {product} {ergonomic}
   size_t MinHeapSize                              = 268435456                                 {product} {command line}
    uintx NonNMethodCodeHeapSize                   = 5839372                                {pd product} {ergonomic}
    uintx NonProfiledCodeHeapSize                  = 122909434                              {pd product} {ergonomic}
    uintx ProfiledCodeHeapSize                     = 122909434                              {pd product} {ergonomic}
    uintx ReservedCodeCacheSize                    = 251658240                              {pd product} {ergonomic}
     bool SegmentedCodeCache                       = true                                      {product} {ergonomic}
   size_t SoftMaxHeapSize                          = 536870912                              {manageable} {ergonomic}
     bool UseCompressedClassPointers               = true                           {product lp64_product} {ergonomic}
     bool UseCompressedOops                        = true                           {product lp64_product} {ergonomic}
     bool UseG1GC                                  = true                                      {product} {ergonomic}
     bool UseLargePagesIndividualAllocation        = false                                  {pd product} {ergonomic}

Logging:
Log output configuration:
 #0: stdout all=warning uptime,level,tags
 #1: stderr all=off uptime,level,tags

Environment Variables:
JAVA_HOME=C:\Program Files\Microsoft\jdk-17.0.15.6-hotspot
PATH=C:\Users\HP\AppData\Local\Programs\Microsoft VS Code;C:\Program Files\Microsoft\jdk-17.0.15.6-hotspot\bin;C:\WINDOWS\system32;C:\WINDOWS;C:\WINDOWS\System32\Wbem;C:\WINDOWS\System32\WindowsPowerShell\v1.0\;C:\WINDOWS\System32\OpenSSH\;C:\Program Files\Git\cmd;C:\Program Files\dotnet\;C:\ProgramData\chocolatey\bin;C:\Users\HP\AppData\Local\Android\Sdk\platform-tools;C:\Users\HP\AppData\Local\Android\Sdk;C:\Users\HP\AppData\Local\Android\Sdk\emulator;;C:\Program Files\Docker\Docker\resources\bin;C:\Program Files\PuTTY\;C:\Program Files\nodejs\;C:\Program Files\MySQL\MySQL Shell 8.0\bin\;C:\Users\HP\AppData\Local\Microsoft\WindowsApps;C:\Users\HP\AppData\Local\Programs\Microsoft VS Code\bin;C:\Users\HP\AppData\Local\Android\Sdk\platform-tools;C:\Users\HP\AppData\Local\Android\Sdk;C:\Users\HP\AppData\Local\Android\Sdk\emulator;C:\Users\HP\AppData\Roaming\npm
USERNAME=HP
OS=Windows_NT
PROCESSOR_IDENTIFIER=Intel64 Family 6 Model 154 Stepping 4, GenuineIntel
TMP=C:\Users\HP\AppData\Local\Temp
TEMP=C:\Users\HP\AppData\Local\Temp



Periodic native trim disabled


---------------  S Y S T E M  ---------------

OS:
 Windows 11 , 64 bit Build 26100 (10.0.26100.7920)
OS uptime: 13 days 22:19 hours
Hyper-V role detected

CPU: total 12 (initial active 12) (6 cores per cpu, 2 threads per core) family 6 model 154 stepping 4 microcode 0x432, cx8, cmov, fxsr, ht, mmx, 3dnowpref, sse, sse2, sse3, ssse3, sse4.1, sse4.2, popcnt, lzcnt, tsc, tscinvbit, avx, avx2, aes, erms, clmul, bmi1, bmi2, adx, sha, fma, vzeroupper, clflush, clflushopt, clwb, hv
Processor Information for processor 0
  Max Mhz: 1300, Current Mhz: 1300, Mhz Limit: 1300
Processor Information for processor 1
  Max Mhz: 1300, Current Mhz: 1300, Mhz Limit: 1300
Processor Information for processor 2
  Max Mhz: 1300, Current Mhz: 1300, Mhz Limit: 1300
Processor Information for processor 3
  Max Mhz: 1300, Current Mhz: 1300, Mhz Limit: 1300
Processor Information for processor 4
  Max Mhz: 1300, Current Mhz: 900, Mhz Limit: 897
Processor Information for processor 5
  Max Mhz: 1300, Current Mhz: 900, Mhz Limit: 897
Processor Information for processor 6
  Max Mhz: 1300, Current Mhz: 900, Mhz Limit: 897
Processor Information for processor 7
  Max Mhz: 1300, Current Mhz: 900, Mhz Limit: 897
Processor Information for processor 8
  Max Mhz: 1300, Current Mhz: 900, Mhz Limit: 897
Processor Information for processor 9
  Max Mhz: 1300, Current Mhz: 900, Mhz Limit: 897
Processor Information for processor 10
  Max Mhz: 1300, Current Mhz: 900, Mhz Limit: 897
Processor Information for processor 11
  Max Mhz: 1300, Current Mhz: 900, Mhz Limit: 897

Memory: 4k page, system-wide physical 7835M (588M free)
TotalPageFile size 31387M (AvailPageFile size 18M)
current process WorkingSet (physical memory assigned to process): 512M, peak: 529M
current process commit charge ("private bytes"): 653M, peak: 656M

vm_info: OpenJDK 64-Bit Server VM (17.0.15+6-LTS) for windows-amd64 JRE (17.0.15+6-LTS), built on Apr  9 2025 22:27:25 by "MicrosoftCorporation" with unknown MS VC++:1939

END.
