#
# There is insufficient memory for the Java Runtime Environment to continue.
# Native memory allocation (malloc) failed to allocate 1073440 bytes. Error detail: Chunk::new
# Possible reasons:
#   The system is out of physical RAM or swap space
#   This process is running with CompressedOops enabled, and the Java Heap may be blocking the growth of the native heap
# Possible solutions:
#   Reduce memory load on the system
#   Increase physical memory or swap space
#   Check if swap backing store is full
#   Decrease Java heap size (-Xmx/-Xms)
#   Decrease number of Java threads
#   Decrease Java thread stack sizes (-Xss)
#   Set larger code cache with -XX:ReservedCodeCacheSize=
#   JVM is running with Unscaled Compressed Oops mode in which the Java heap is
#     placed in the first 4GB address space. The Java Heap base address is the
#     maximum limit for the native heap growth. Please use -XX:HeapBaseMinAddress
#     to set the Java Heap base and to place the Java Heap above 4GB virtual address.
# This output file may be truncated or incomplete.
#
#  Out of Memory Error (arena.cpp:191), pid=33616, tid=13648
#
# JRE version: OpenJDK Runtime Environment Microsoft-11369865 (17.0.15+6) (build 17.0.15+6-LTS)
# Java VM: OpenJDK 64-Bit Server VM Microsoft-11369865 (17.0.15+6-LTS, mixed mode, sharing, tiered, compressed oops, compressed class ptrs, g1 gc, windows-amd64)
# No core dump will be written. Minidumps are not enabled by default on client versions of Windows
#

---------------  S U M M A R Y ------------

Command Line: --add-opens=java.base/java.util=ALL-UNNAMED --add-opens=java.base/java.lang=ALL-UNNAMED --add-opens=java.base/java.lang.invoke=ALL-UNNAMED --add-opens=java.prefs/java.util.prefs=ALL-UNNAMED --add-exports=jdk.compiler/com.sun.tools.javac.api=ALL-UNNAMED --add-exports=jdk.compiler/com.sun.tools.javac.util=ALL-UNNAMED --add-opens=java.base/java.nio.charset=ALL-UNNAMED --add-opens=java.base/java.net=ALL-UNNAMED --add-opens=java.base/java.util.concurrent.atomic=ALL-UNNAMED -XX:MaxMetaspaceSize=384m -XX:+HeapDumpOnOutOfMemoryError -Xms256m -Xmx512m -Dfile.encoding=utf8 -Duser.country=IN -Duser.language=en -Duser.variant -javaagent:C:\Users\HP\.gradle\wrapper\dists\gradle-8.9-bin\90cnw93cvbtalezasaz0blq0a\gradle-8.9\lib\agents\gradle-instrumentation-agent-8.9.jar org.gradle.launcher.daemon.bootstrap.GradleDaemon 8.9

Host: 12th Gen Intel(R) Core(TM) i5-1235U, 12 cores, 7G,  Windows 11 , 64 bit Build 26100 (10.0.26100.7920)
Time: Thu Mar 26 11:08:02 2026 India Standard Time elapsed time: 45.928676 seconds (0d 0h 0m 45s)

---------------  T H R E A D  ---------------

Current thread (0x0000024c5b2643d0):  JavaThread "C2 CompilerThread0" daemon [_thread_in_native, id=13648, stack(0x0000008bac700000,0x0000008bac800000)]


Current CompileTask:
C2:  45929 11309   !   4       org.gradle.internal.instantiation.generator.DependencyInjectingInstantiator::doCreate (64 bytes)

Stack: [0x0000008bac700000,0x0000008bac800000]
Native frames: (J=compiled Java code, j=interpreted, Vv=VM code, C=native code)
V  [jvm.dll+0x6887a9]
V  [jvm.dll+0x83f5a8]
V  [jvm.dll+0x841053]
V  [jvm.dll+0x8416c3]
V  [jvm.dll+0x2496ef]
V  [jvm.dll+0xad134]
V  [jvm.dll+0xad7cc]
V  [jvm.dll+0x36af2e]
V  [jvm.dll+0x335513]
V  [jvm.dll+0x3349aa]
V  [jvm.dll+0x21a908]
V  [jvm.dll+0x219d3f]
V  [jvm.dll+0x1a55f6]
V  [jvm.dll+0x22a39a]
V  [jvm.dll+0x2284db]
V  [jvm.dll+0x7f4e28]
V  [jvm.dll+0x7ef2dc]
V  [jvm.dll+0x687687]
C  [ucrtbase.dll+0x37b0]
C  [KERNEL32.DLL+0x2e8d7]
C  [ntdll.dll+0x8c48c]


---------------  P R O C E S S  ---------------

Threads class SMR info:
_java_thread_list=0x0000024c789426d0, length=47, elements={
0x0000024c4020d980, 0x0000024c5b246f20, 0x0000024c5b24aa10, 0x0000024c5b25cab0,
0x0000024c5b25d380, 0x0000024c5b25dc50, 0x0000024c5b25e520, 0x0000024c5b2643d0,
0x0000024c5b264ce0, 0x0000024c5b2655f0, 0x0000024c5b236070, 0x0000024c5b46fb60,
0x0000024c75bd94c0, 0x0000024c5b32d030, 0x0000024c5b803030, 0x0000024c5b38dbd0,
0x0000024c5b38ff40, 0x0000024c5b38f010, 0x0000024c5b390450, 0x0000024c5b38cca0,
0x0000024c77a78a70, 0x0000024c77a799a0, 0x0000024c77a7c220, 0x0000024c77a7a8d0,
0x0000024c77a7c730, 0x0000024c77a7cc40, 0x0000024c77a7d150, 0x0000024c77a7bd10,
0x0000024c77a79eb0, 0x0000024c77a7db70, 0x0000024c77a7a3c0, 0x0000024c77a7f9d0,
0x0000024c77a7e080, 0x0000024c77a7e590, 0x0000024c77a7eaa0, 0x0000024c76b4b970,
0x0000024c76b4be80, 0x0000024c76b4aa40, 0x0000024c76b4b460, 0x0000024c76b4cdb0,
0x0000024c76b4d2c0, 0x0000024c76b4a020, 0x0000024c76b4c390, 0x0000024c76b4c8a0,
0x0000024c76b4d7d0, 0x0000024c77a79490, 0x0000024c78b26cb0
}

Java Threads: ( => current thread )
  0x0000024c4020d980 JavaThread "main" [_thread_blocked, id=12820, stack(0x0000008baba00000,0x0000008babb00000)]
  0x0000024c5b246f20 JavaThread "Reference Handler" daemon [_thread_blocked, id=17420, stack(0x0000008bac100000,0x0000008bac200000)]
  0x0000024c5b24aa10 JavaThread "Finalizer" daemon [_thread_blocked, id=9412, stack(0x0000008bac200000,0x0000008bac300000)]
  0x0000024c5b25cab0 JavaThread "Signal Dispatcher" daemon [_thread_blocked, id=20060, stack(0x0000008bac300000,0x0000008bac400000)]
  0x0000024c5b25d380 JavaThread "Attach Listener" daemon [_thread_blocked, id=12600, stack(0x0000008bac400000,0x0000008bac500000)]
  0x0000024c5b25dc50 JavaThread "Service Thread" daemon [_thread_blocked, id=764, stack(0x0000008bac500000,0x0000008bac600000)]
  0x0000024c5b25e520 JavaThread "Monitor Deflation Thread" daemon [_thread_blocked, id=33040, stack(0x0000008bac600000,0x0000008bac700000)]
=>0x0000024c5b2643d0 JavaThread "C2 CompilerThread0" daemon [_thread_in_native, id=13648, stack(0x0000008bac700000,0x0000008bac800000)]
  0x0000024c5b264ce0 JavaThread "C1 CompilerThread0" daemon [_thread_blocked, id=18088, stack(0x0000008bac800000,0x0000008bac900000)]
  0x0000024c5b2655f0 JavaThread "Sweeper thread" daemon [_thread_blocked, id=32968, stack(0x0000008bac900000,0x0000008baca00000)]
  0x0000024c5b236070 JavaThread "Common-Cleaner" daemon [_thread_blocked, id=21876, stack(0x0000008baca00000,0x0000008bacb00000)]
  0x0000024c5b46fb60 JavaThread "Notification Thread" daemon [_thread_blocked, id=15500, stack(0x0000008bacb00000,0x0000008bacc00000)]
  0x0000024c75bd94c0 JavaThread "Daemon health stats" [_thread_blocked, id=28844, stack(0x0000008bacd00000,0x0000008bace00000)]
  0x0000024c5b32d030 JavaThread "Incoming local TCP Connector on port 53673" [_thread_in_native, id=32996, stack(0x0000008bace00000,0x0000008bacf00000)]
  0x0000024c5b803030 JavaThread "Daemon periodic checks" [_thread_blocked, id=33472, stack(0x0000008bad400000,0x0000008bad500000)]
  0x0000024c5b38dbd0 JavaThread "Daemon" [_thread_blocked, id=27196, stack(0x0000008bad500000,0x0000008bad600000)]
  0x0000024c5b38ff40 JavaThread "Daemon worker" [_thread_in_Java, id=32036, stack(0x0000008bad800000,0x0000008bad900000)]
  0x0000024c5b38f010 JavaThread "Cache worker for journal cache (C:\Users\HP\.gradle\caches\journal-1)" [_thread_blocked, id=14312, stack(0x0000008bad900000,0x0000008bada00000)]
  0x0000024c5b390450 JavaThread "File lock request listener" [_thread_in_native, id=22116, stack(0x0000008badd00000,0x0000008bade00000)]
  0x0000024c5b38cca0 JavaThread "Cache worker for file hash cache (C:\Users\HP\.gradle\caches\8.9\fileHashes)" [_thread_blocked, id=23540, stack(0x0000008badf00000,0x0000008bae000000)]
  0x0000024c77a78a70 JavaThread "File watcher server" daemon [_thread_in_native, id=32680, stack(0x0000008bae900000,0x0000008baea00000)]
  0x0000024c77a799a0 JavaThread "File watcher consumer" daemon [_thread_blocked, id=32636, stack(0x0000008baea00000,0x0000008baeb00000)]
  0x0000024c77a7c220 JavaThread "jar transforms" [_thread_blocked, id=28600, stack(0x0000008bae400000,0x0000008bae500000)]
  0x0000024c77a7a8d0 JavaThread "jar transforms Thread 2" [_thread_blocked, id=10868, stack(0x0000008baeb00000,0x0000008baec00000)]
  0x0000024c77a7c730 JavaThread "jar transforms Thread 3" [_thread_blocked, id=13144, stack(0x0000008baec00000,0x0000008baed00000)]
  0x0000024c77a7cc40 JavaThread "Cache worker for file content cache (C:\Users\HP\.gradle\caches\8.9\fileContent)" [_thread_blocked, id=34208, stack(0x0000008baed00000,0x0000008baee00000)]
  0x0000024c77a7d150 JavaThread "jar transforms Thread 4" [_thread_blocked, id=33336, stack(0x0000008baf000000,0x0000008baf100000)]
  0x0000024c77a7bd10 JavaThread "jar transforms Thread 5" [_thread_blocked, id=32928, stack(0x0000008baf100000,0x0000008baf200000)]
  0x0000024c77a79eb0 JavaThread "jar transforms Thread 6" [_thread_blocked, id=34584, stack(0x0000008baf800000,0x0000008baf900000)]
  0x0000024c77a7db70 JavaThread "jar transforms Thread 7" [_thread_blocked, id=34532, stack(0x0000008baf900000,0x0000008bafa00000)]
  0x0000024c77a7a3c0 JavaThread "jar transforms Thread 8" [_thread_blocked, id=34528, stack(0x0000008bafa00000,0x0000008bafb00000)]
  0x0000024c77a7f9d0 JavaThread "jar transforms Thread 9" [_thread_blocked, id=34524, stack(0x0000008bafb00000,0x0000008bafc00000)]
  0x0000024c77a7e080 JavaThread "jar transforms Thread 10" [_thread_blocked, id=34504, stack(0x0000008bafc00000,0x0000008bafd00000)]
  0x0000024c77a7e590 JavaThread "jar transforms Thread 11" [_thread_blocked, id=34500, stack(0x0000008bafd00000,0x0000008bafe00000)]
  0x0000024c77a7eaa0 JavaThread "jar transforms Thread 12" [_thread_blocked, id=34496, stack(0x0000008bafe00000,0x0000008baff00000)]
  0x0000024c76b4b970 JavaThread "VFS cleanup" [_thread_blocked, id=34632, stack(0x0000008bada00000,0x0000008badb00000)]
  0x0000024c76b4be80 JavaThread "Handler for socket connection from /127.0.0.1:53673 to /127.0.0.1:62196" [_thread_in_native, id=4948, stack(0x0000008bad600000,0x0000008bad700000)]
  0x0000024c76b4aa40 JavaThread "Cancel handler" [_thread_blocked, id=33016, stack(0x0000008bad700000,0x0000008bad800000)]
  0x0000024c76b4b460 JavaThread "Asynchronous log dispatcher for DefaultDaemonConnection: socket connection from /127.0.0.1:53673 to /127.0.0.1:62196" [_thread_blocked, id=34812, stack(0x0000008badb00000,0x0000008badc00000)]
  0x0000024c76b4cdb0 JavaThread "Stdin handler" [_thread_blocked, id=19252, stack(0x0000008badc00000,0x0000008badd00000)]
  0x0000024c76b4d2c0 JavaThread "Daemon client event forwarder" [_thread_blocked, id=13888, stack(0x0000008bade00000,0x0000008badf00000)]
  0x0000024c76b4a020 JavaThread "Cache worker for file hash cache (D:\Parkitdemo\Updated-Sundukpay\node_modules\@react-native-community\geolocation\android\.gradle\8.9\fileHashes)" [_thread_blocked, id=33496, stack(0x0000008baee00000,0x0000008baef00000)]
  0x0000024c76b4c390 JavaThread "Cache worker for Build Output Cleanup Cache (D:\Parkitdemo\Updated-Sundukpay\node_modules\@react-native-community\geolocation\android\.gradle\buildOutputCleanup)" [_thread_blocked, id=34776, stack(0x0000008baef00000,0x0000008baf000000)]
  0x0000024c76b4c8a0 JavaThread "Cache worker for checksums cache (D:\Parkitdemo\Updated-Sundukpay\node_modules\@react-native-community\geolocation\android\.gradle\8.9\checksums)" [_thread_blocked, id=33796, stack(0x0000008baf200000,0x0000008baf300000)]
  0x0000024c76b4d7d0 JavaThread "Cache worker for cache directory md-rule (C:\Users\HP\.gradle\caches\8.9\md-rule)" [_thread_blocked, id=34044, stack(0x0000008baff00000,0x0000008bb0000000)]
  0x0000024c77a79490 JavaThread "Cache worker for cache directory md-supplier (C:\Users\HP\.gradle\caches\8.9\md-supplier)" [_thread_blocked, id=34036, stack(0x0000008bb0000000,0x0000008bb0100000)]
  0x0000024c78b26cb0 JavaThread "C2 CompilerThread1" daemon [_thread_blocked, id=32720, stack(0x0000008bb0100000,0x0000008bb0200000)]

Other Threads:
  0x0000024c5b243f40 VMThread "VM Thread" [stack: 0x0000008bac000000,0x0000008bac100000] [id=1948]
  0x0000024c5b470040 WatcherThread [stack: 0x0000008bacc00000,0x0000008bacd00000] [id=32964]
  0x0000024c4023c180 GCTaskThread "GC Thread#0" [stack: 0x0000008babb00000,0x0000008babc00000] [id=33428]
  0x0000024c5bcd0530 GCTaskThread "GC Thread#1" [stack: 0x0000008bacf00000,0x0000008bad000000] [id=32884]
  0x0000024c5bcd07f0 GCTaskThread "GC Thread#2" [stack: 0x0000008bad000000,0x0000008bad100000] [id=32948]
  0x0000024c5b888b70 GCTaskThread "GC Thread#3" [stack: 0x0000008bad100000,0x0000008bad200000] [id=32708]
  0x0000024c5b888e30 GCTaskThread "GC Thread#4" [stack: 0x0000008bad200000,0x0000008bad300000] [id=32896]
  0x0000024c5b8890f0 GCTaskThread "GC Thread#5" [stack: 0x0000008bad300000,0x0000008bad400000] [id=32908]
  0x0000024c5b889930 GCTaskThread "GC Thread#6" [stack: 0x0000008bae000000,0x0000008bae100000] [id=32648]
  0x0000024c5b8885f0 GCTaskThread "GC Thread#7" [stack: 0x0000008bae100000,0x0000008bae200000] [id=32612]
  0x0000024c5b88a170 GCTaskThread "GC Thread#8" [stack: 0x0000008bae200000,0x0000008bae300000] [id=27288]
  0x0000024c5b8888b0 GCTaskThread "GC Thread#9" [stack: 0x0000008bae300000,0x0000008bae400000] [id=32640]
  0x0000024c40240fe0 ConcurrentGCThread "G1 Main Marker" [stack: 0x0000008babc00000,0x0000008babd00000] [id=33480]
  0x0000024c40244900 ConcurrentGCThread "G1 Conc#0" [stack: 0x0000008babd00000,0x0000008babe00000] [id=14008]
  0x0000024c76f45c90 ConcurrentGCThread "G1 Conc#1" [stack: 0x0000008bae700000,0x0000008bae800000] [id=27192]
  0x0000024c76f45f50 ConcurrentGCThread "G1 Conc#2" [stack: 0x0000008bae800000,0x0000008bae900000] [id=4052]
  0x0000024c5b0f2580 ConcurrentGCThread "G1 Refine#0" [stack: 0x0000008babe00000,0x0000008babf00000] [id=11772]
  0x0000024c7653abb0 ConcurrentGCThread "G1 Refine#1" [stack: 0x0000008baf300000,0x0000008baf400000] [id=34404]
  0x0000024c76f99290 ConcurrentGCThread "G1 Refine#2" [stack: 0x0000008baf400000,0x0000008baf500000] [id=34348]
  0x0000024c77f34f40 ConcurrentGCThread "G1 Refine#3" [stack: 0x0000008baf500000,0x0000008baf600000] [id=34412]
  0x0000024c77858990 ConcurrentGCThread "G1 Refine#4" [stack: 0x0000008baf600000,0x0000008baf700000] [id=34416]
  0x0000024c78665290 ConcurrentGCThread "G1 Refine#5" [stack: 0x0000008baf700000,0x0000008baf800000] [id=34380]
  0x0000024c5b0f2d60 ConcurrentGCThread "G1 Service" [stack: 0x0000008babf00000,0x0000008bac000000] [id=25788]

Threads with active compile tasks:
C2 CompilerThread0    46005 11309   !   4       org.gradle.internal.instantiation.generator.DependencyInjectingInstantiator::doCreate (64 bytes)

VM state: not at safepoint (normal execution)

VM Mutex/Monitor currently owned by a thread: None

Heap address: 0x00000000e0000000, size: 512 MB, Compressed Oops mode: 32-bit

CDS archive(s) mapped at: [0x0000024c5c000000-0x0000024c5cbb0000-0x0000024c5cbb0000), size 12255232, SharedBaseAddress: 0x0000024c5c000000, ArchiveRelocationMode: 1.
Compressed class space mapped at: 0x0000024c5d000000-0x0000024c71000000, reserved size: 335544320
Narrow klass base: 0x0000024c5c000000, Narrow klass shift: 0, Narrow klass range: 0x100000000

GC Precious Log:
 CPUs: 12 total, 12 available
 Memory: 7835M
 Large Page Support: Disabled
 NUMA Support: Disabled
 Compressed Oops: Enabled (32-bit)
 Heap Region Size: 1M
 Heap Min Capacity: 256M
 Heap Initial Capacity: 256M
 Heap Max Capacity: 512M
 Pre-touch: Disabled
 Parallel Workers: 10
 Concurrent Workers: 3
 Concurrent Refinement Workers: 10
 Periodic GC: Disabled

Heap:
 garbage-first heap   total 262144K, used 159026K [0x00000000e0000000, 0x0000000100000000)
  region size 1024K, 84 young (86016K), 4 survivors (4096K)
 Metaspace       used 71958K, committed 72768K, reserved 393216K
  class space    used 9416K, committed 9792K, reserved 327680K

Heap Regions: E=young(eden), S=young(survivor), O=old, HS=humongous(starts), HC=humongous(continues), CS=collection set, F=free, OA=open archive, CA=closed archive, TAMS=top-at-mark-start (previous, next)
|   0|0x00000000e0000000, 0x00000000e0100000, 0x00000000e0100000|100%|HS|  |TAMS 0x00000000e0100000, 0x00000000e0000000| Complete 
|   1|0x00000000e0100000, 0x00000000e0200000, 0x00000000e0200000|100%|HC|  |TAMS 0x00000000e0200000, 0x00000000e0100000| Complete 
|   2|0x00000000e0200000, 0x00000000e0300000, 0x00000000e0300000|100%|HC|  |TAMS 0x00000000e0300000, 0x00000000e0200000| Complete 
|   3|0x00000000e0300000, 0x00000000e0400000, 0x00000000e0400000|100%|HC|  |TAMS 0x00000000e0400000, 0x00000000e0300000| Complete 
|   4|0x00000000e0400000, 0x00000000e0500000, 0x00000000e0500000|100%| O|  |TAMS 0x00000000e0500000, 0x00000000e0400000| Untracked 
|   5|0x00000000e0500000, 0x00000000e0600000, 0x00000000e0600000|100%| O|  |TAMS 0x00000000e0600000, 0x00000000e0500000| Untracked 
|   6|0x00000000e0600000, 0x00000000e0700000, 0x00000000e0700000|100%| O|  |TAMS 0x00000000e0700000, 0x00000000e0600000| Untracked 
|   7|0x00000000e0700000, 0x00000000e0800000, 0x00000000e0800000|100%| O|  |TAMS 0x00000000e0800000, 0x00000000e0700000| Untracked 
|   8|0x00000000e0800000, 0x00000000e0900000, 0x00000000e0900000|100%| O|  |TAMS 0x00000000e0900000, 0x00000000e0800000| Untracked 
|   9|0x00000000e0900000, 0x00000000e0a00000, 0x00000000e0a00000|100%| O|  |TAMS 0x00000000e0a00000, 0x00000000e0900000| Untracked 
|  10|0x00000000e0a00000, 0x00000000e0b00000, 0x00000000e0b00000|100%| O|  |TAMS 0x00000000e0b00000, 0x00000000e0a00000| Untracked 
|  11|0x00000000e0b00000, 0x00000000e0c00000, 0x00000000e0c00000|100%|HS|  |TAMS 0x00000000e0c00000, 0x00000000e0b00000| Complete 
|  12|0x00000000e0c00000, 0x00000000e0d00000, 0x00000000e0d00000|100%| O|  |TAMS 0x00000000e0d00000, 0x00000000e0c00000| Untracked 
|  13|0x00000000e0d00000, 0x00000000e0e00000, 0x00000000e0e00000|100%| O|  |TAMS 0x00000000e0e00000, 0x00000000e0d00000| Untracked 
|  14|0x00000000e0e00000, 0x00000000e0f00000, 0x00000000e0f00000|100%| O|  |TAMS 0x00000000e0f00000, 0x00000000e0e00000| Untracked 
|  15|0x00000000e0f00000, 0x00000000e1000000, 0x00000000e1000000|100%| O|  |TAMS 0x00000000e1000000, 0x00000000e0f00000| Untracked 
|  16|0x00000000e1000000, 0x00000000e1100000, 0x00000000e1100000|100%| O|  |TAMS 0x00000000e1100000, 0x00000000e1000000| Untracked 
|  17|0x00000000e1100000, 0x00000000e1200000, 0x00000000e1200000|100%| O|  |TAMS 0x00000000e1200000, 0x00000000e1100000| Untracked 
|  18|0x00000000e1200000, 0x00000000e1300000, 0x00000000e1300000|100%| O|  |TAMS 0x00000000e1300000, 0x00000000e1200000| Untracked 
|  19|0x00000000e1300000, 0x00000000e1400000, 0x00000000e1400000|100%| O|  |TAMS 0x00000000e1400000, 0x00000000e1300000| Untracked 
|  20|0x00000000e1400000, 0x00000000e1500000, 0x00000000e1500000|100%| O|  |TAMS 0x00000000e1500000, 0x00000000e1400000| Untracked 
|  21|0x00000000e1500000, 0x00000000e1600000, 0x00000000e1600000|100%| O|  |TAMS 0x00000000e1600000, 0x00000000e1500000| Untracked 
|  22|0x00000000e1600000, 0x00000000e1700000, 0x00000000e1700000|100%| O|  |TAMS 0x00000000e1700000, 0x00000000e1600000| Untracked 
|  23|0x00000000e1700000, 0x00000000e1800000, 0x00000000e1800000|100%| O|  |TAMS 0x00000000e1800000, 0x00000000e1700000| Untracked 
|  24|0x00000000e1800000, 0x00000000e1900000, 0x00000000e1900000|100%| O|  |TAMS 0x00000000e1900000, 0x00000000e1800000| Untracked 
|  25|0x00000000e1900000, 0x00000000e1a00000, 0x00000000e1a00000|100%| O|  |TAMS 0x00000000e1a00000, 0x00000000e1900000| Untracked 
|  26|0x00000000e1a00000, 0x00000000e1b00000, 0x00000000e1b00000|100%| O|  |TAMS 0x00000000e1b00000, 0x00000000e1a00000| Untracked 
|  27|0x00000000e1b00000, 0x00000000e1c00000, 0x00000000e1c00000|100%| O|  |TAMS 0x00000000e1c00000, 0x00000000e1b00000| Untracked 
|  28|0x00000000e1c00000, 0x00000000e1d00000, 0x00000000e1d00000|100%| O|  |TAMS 0x00000000e1d00000, 0x00000000e1c00000| Untracked 
|  29|0x00000000e1d00000, 0x00000000e1e00000, 0x00000000e1e00000|100%| O|  |TAMS 0x00000000e1e00000, 0x00000000e1d00000| Untracked 
|  30|0x00000000e1e00000, 0x00000000e1f00000, 0x00000000e1f00000|100%| O|  |TAMS 0x00000000e1f00000, 0x00000000e1e00000| Untracked 
|  31|0x00000000e1f00000, 0x00000000e2000000, 0x00000000e2000000|100%| O|  |TAMS 0x00000000e2000000, 0x00000000e1f00000| Untracked 
|  32|0x00000000e2000000, 0x00000000e2100000, 0x00000000e2100000|100%|HS|  |TAMS 0x00000000e2100000, 0x00000000e2000000| Complete 
|  33|0x00000000e2100000, 0x00000000e2200000, 0x00000000e2200000|100%|HC|  |TAMS 0x00000000e2200000, 0x00000000e2100000| Complete 
|  34|0x00000000e2200000, 0x00000000e2300000, 0x00000000e2300000|100%| O|  |TAMS 0x00000000e2300000, 0x00000000e2200000| Untracked 
|  35|0x00000000e2300000, 0x00000000e2400000, 0x00000000e2400000|100%| O|  |TAMS 0x00000000e2400000, 0x00000000e2300000| Untracked 
|  36|0x00000000e2400000, 0x00000000e2500000, 0x00000000e2500000|100%| O|  |TAMS 0x00000000e2500000, 0x00000000e2400000| Untracked 
|  37|0x00000000e2500000, 0x00000000e2600000, 0x00000000e2600000|100%| O|  |TAMS 0x00000000e2600000, 0x00000000e2500000| Untracked 
|  38|0x00000000e2600000, 0x00000000e2700000, 0x00000000e2700000|100%| O|  |TAMS 0x00000000e2700000, 0x00000000e2600000| Untracked 
|  39|0x00000000e2700000, 0x00000000e2800000, 0x00000000e2800000|100%| O|  |TAMS 0x00000000e2800000, 0x00000000e2700000| Untracked 
|  40|0x00000000e2800000, 0x00000000e2900000, 0x00000000e2900000|100%| O|  |TAMS 0x00000000e2900000, 0x00000000e2800000| Untracked 
|  41|0x00000000e2900000, 0x00000000e2a00000, 0x00000000e2a00000|100%| O|  |TAMS 0x00000000e2a00000, 0x00000000e2900000| Untracked 
|  42|0x00000000e2a00000, 0x00000000e2b00000, 0x00000000e2b00000|100%| O|  |TAMS 0x00000000e2b00000, 0x00000000e2a00000| Untracked 
|  43|0x00000000e2b00000, 0x00000000e2c00000, 0x00000000e2c00000|100%| O|  |TAMS 0x00000000e2c00000, 0x00000000e2b00000| Untracked 
|  44|0x00000000e2c00000, 0x00000000e2d00000, 0x00000000e2d00000|100%| O|  |TAMS 0x00000000e2d00000, 0x00000000e2c00000| Untracked 
|  45|0x00000000e2d00000, 0x00000000e2e00000, 0x00000000e2e00000|100%|HS|  |TAMS 0x00000000e2e00000, 0x00000000e2d00000| Complete 
|  46|0x00000000e2e00000, 0x00000000e2f00000, 0x00000000e2f00000|100%|HC|  |TAMS 0x00000000e2f00000, 0x00000000e2e00000| Complete 
|  47|0x00000000e2f00000, 0x00000000e3000000, 0x00000000e3000000|100%|HS|  |TAMS 0x00000000e3000000, 0x00000000e2f00000| Complete 
|  48|0x00000000e3000000, 0x00000000e3100000, 0x00000000e3100000|100%|HC|  |TAMS 0x00000000e3100000, 0x00000000e3000000| Complete 
|  49|0x00000000e3100000, 0x00000000e3200000, 0x00000000e3200000|100%|HC|  |TAMS 0x00000000e3200000, 0x00000000e3100000| Complete 
|  50|0x00000000e3200000, 0x00000000e3300000, 0x00000000e3300000|100%| O|  |TAMS 0x00000000e3300000, 0x00000000e3200000| Untracked 
|  51|0x00000000e3300000, 0x00000000e3400000, 0x00000000e3400000|100%| O|  |TAMS 0x00000000e3400000, 0x00000000e3300000| Untracked 
|  52|0x00000000e3400000, 0x00000000e3500000, 0x00000000e3500000|100%| O|  |TAMS 0x00000000e3500000, 0x00000000e3400000| Untracked 
|  53|0x00000000e3500000, 0x00000000e3600000, 0x00000000e3600000|100%| O|  |TAMS 0x00000000e3600000, 0x00000000e3500000| Untracked 
|  54|0x00000000e3600000, 0x00000000e3700000, 0x00000000e3700000|100%| O|  |TAMS 0x00000000e3700000, 0x00000000e3600000| Untracked 
|  55|0x00000000e3700000, 0x00000000e3800000, 0x00000000e3800000|100%| O|  |TAMS 0x00000000e3800000, 0x00000000e3700000| Untracked 
|  56|0x00000000e3800000, 0x00000000e3900000, 0x00000000e3900000|100%| O|  |TAMS 0x00000000e3900000, 0x00000000e3800000| Untracked 
|  57|0x00000000e3900000, 0x00000000e3a00000, 0x00000000e3a00000|100%| O|  |TAMS 0x00000000e3a00000, 0x00000000e3900000| Untracked 
|  58|0x00000000e3a00000, 0x00000000e3a00000, 0x00000000e3b00000|  0%| F|  |TAMS 0x00000000e3a00000, 0x00000000e3a00000| Untracked 
|  59|0x00000000e3b00000, 0x00000000e3c00000, 0x00000000e3c00000|100%| O|  |TAMS 0x00000000e3b8da00, 0x00000000e3b00000| Untracked 
|  60|0x00000000e3c00000, 0x00000000e3d00000, 0x00000000e3d00000|100%| O|  |TAMS 0x00000000e3c00000, 0x00000000e3c00000| Untracked 
|  61|0x00000000e3d00000, 0x00000000e3e00000, 0x00000000e3e00000|100%| O|  |TAMS 0x00000000e3d00000, 0x00000000e3d00000| Untracked 
|  62|0x00000000e3e00000, 0x00000000e3f00000, 0x00000000e3f00000|100%| O|  |TAMS 0x00000000e3e00000, 0x00000000e3e00000| Untracked 
|  63|0x00000000e3f00000, 0x00000000e4000000, 0x00000000e4000000|100%| O|  |TAMS 0x00000000e3f00000, 0x00000000e3f00000| Untracked 
|  64|0x00000000e4000000, 0x00000000e4100000, 0x00000000e4100000|100%| O|  |TAMS 0x00000000e4000000, 0x00000000e4000000| Untracked 
|  65|0x00000000e4100000, 0x00000000e4200000, 0x00000000e4200000|100%| O|  |TAMS 0x00000000e4100000, 0x00000000e4100000| Untracked 
|  66|0x00000000e4200000, 0x00000000e4300000, 0x00000000e4300000|100%| O|  |TAMS 0x00000000e4200000, 0x00000000e4200000| Untracked 
|  67|0x00000000e4300000, 0x00000000e4400000, 0x00000000e4400000|100%| O|  |TAMS 0x00000000e4300000, 0x00000000e4300000| Untracked 
|  68|0x00000000e4400000, 0x00000000e4500000, 0x00000000e4500000|100%| O|  |TAMS 0x00000000e4400000, 0x00000000e4400000| Untracked 
|  69|0x00000000e4500000, 0x00000000e4600000, 0x00000000e4600000|100%| O|  |TAMS 0x00000000e4500000, 0x00000000e4500000| Untracked 
|  70|0x00000000e4600000, 0x00000000e4700000, 0x00000000e4700000|100%| O|  |TAMS 0x00000000e4600000, 0x00000000e4600000| Untracked 
|  71|0x00000000e4700000, 0x00000000e4800000, 0x00000000e4800000|100%| O|  |TAMS 0x00000000e4700000, 0x00000000e4700000| Untracked 
|  72|0x00000000e4800000, 0x00000000e4900000, 0x00000000e4900000|100%| O|  |TAMS 0x00000000e4800000, 0x00000000e4800000| Untracked 
|  73|0x00000000e4900000, 0x00000000e4968800, 0x00000000e4a00000| 40%| O|  |TAMS 0x00000000e4900000, 0x00000000e4900000| Untracked 
|  74|0x00000000e4a00000, 0x00000000e4a00000, 0x00000000e4b00000|  0%| F|  |TAMS 0x00000000e4a00000, 0x00000000e4a00000| Untracked 
|  75|0x00000000e4b00000, 0x00000000e4b00000, 0x00000000e4c00000|  0%| F|  |TAMS 0x00000000e4b00000, 0x00000000e4b00000| Untracked 
|  76|0x00000000e4c00000, 0x00000000e4c00000, 0x00000000e4d00000|  0%| F|  |TAMS 0x00000000e4c00000, 0x00000000e4c00000| Untracked 
|  77|0x00000000e4d00000, 0x00000000e4d00000, 0x00000000e4e00000|  0%| F|  |TAMS 0x00000000e4d00000, 0x00000000e4d00000| Untracked 
|  78|0x00000000e4e00000, 0x00000000e4e00000, 0x00000000e4f00000|  0%| F|  |TAMS 0x00000000e4e00000, 0x00000000e4e00000| Untracked 
|  79|0x00000000e4f00000, 0x00000000e4f00000, 0x00000000e5000000|  0%| F|  |TAMS 0x00000000e4f00000, 0x00000000e4f00000| Untracked 
|  80|0x00000000e5000000, 0x00000000e5000000, 0x00000000e5100000|  0%| F|  |TAMS 0x00000000e5000000, 0x00000000e5000000| Untracked 
|  81|0x00000000e5100000, 0x00000000e5100000, 0x00000000e5200000|  0%| F|  |TAMS 0x00000000e5100000, 0x00000000e5100000| Untracked 
|  82|0x00000000e5200000, 0x00000000e5200000, 0x00000000e5300000|  0%| F|  |TAMS 0x00000000e5200000, 0x00000000e5200000| Untracked 
|  83|0x00000000e5300000, 0x00000000e5300000, 0x00000000e5400000|  0%| F|  |TAMS 0x00000000e5300000, 0x00000000e5300000| Untracked 
|  84|0x00000000e5400000, 0x00000000e5400000, 0x00000000e5500000|  0%| F|  |TAMS 0x00000000e5400000, 0x00000000e5400000| Untracked 
|  85|0x00000000e5500000, 0x00000000e5500000, 0x00000000e5600000|  0%| F|  |TAMS 0x00000000e5500000, 0x00000000e5500000| Untracked 
|  86|0x00000000e5600000, 0x00000000e5600000, 0x00000000e5700000|  0%| F|  |TAMS 0x00000000e5600000, 0x00000000e5600000| Untracked 
|  87|0x00000000e5700000, 0x00000000e5700000, 0x00000000e5800000|  0%| F|  |TAMS 0x00000000e5700000, 0x00000000e5700000| Untracked 
|  88|0x00000000e5800000, 0x00000000e5800000, 0x00000000e5900000|  0%| F|  |TAMS 0x00000000e5800000, 0x00000000e5800000| Untracked 
|  89|0x00000000e5900000, 0x00000000e5900000, 0x00000000e5a00000|  0%| F|  |TAMS 0x00000000e5900000, 0x00000000e5900000| Untracked 
|  90|0x00000000e5a00000, 0x00000000e5a00000, 0x00000000e5b00000|  0%| F|  |TAMS 0x00000000e5a00000, 0x00000000e5a00000| Untracked 
|  91|0x00000000e5b00000, 0x00000000e5b00000, 0x00000000e5c00000|  0%| F|  |TAMS 0x00000000e5b00000, 0x00000000e5b00000| Untracked 
|  92|0x00000000e5c00000, 0x00000000e5c00000, 0x00000000e5d00000|  0%| F|  |TAMS 0x00000000e5c00000, 0x00000000e5c00000| Untracked 
|  93|0x00000000e5d00000, 0x00000000e5d00000, 0x00000000e5e00000|  0%| F|  |TAMS 0x00000000e5d00000, 0x00000000e5d00000| Untracked 
|  94|0x00000000e5e00000, 0x00000000e5e00000, 0x00000000e5f00000|  0%| F|  |TAMS 0x00000000e5e00000, 0x00000000e5e00000| Untracked 
|  95|0x00000000e5f00000, 0x00000000e5f00000, 0x00000000e6000000|  0%| F|  |TAMS 0x00000000e5f00000, 0x00000000e5f00000| Untracked 
|  96|0x00000000e6000000, 0x00000000e6000000, 0x00000000e6100000|  0%| F|  |TAMS 0x00000000e6000000, 0x00000000e6000000| Untracked 
|  97|0x00000000e6100000, 0x00000000e6100000, 0x00000000e6200000|  0%| F|  |TAMS 0x00000000e6100000, 0x00000000e6100000| Untracked 
|  98|0x00000000e6200000, 0x00000000e6200000, 0x00000000e6300000|  0%| F|  |TAMS 0x00000000e6200000, 0x00000000e6200000| Untracked 
|  99|0x00000000e6300000, 0x00000000e6300000, 0x00000000e6400000|  0%| F|  |TAMS 0x00000000e6300000, 0x00000000e6300000| Untracked 
| 100|0x00000000e6400000, 0x00000000e6400000, 0x00000000e6500000|  0%| F|  |TAMS 0x00000000e6400000, 0x00000000e6400000| Untracked 
| 101|0x00000000e6500000, 0x00000000e6500000, 0x00000000e6600000|  0%| F|  |TAMS 0x00000000e6500000, 0x00000000e6500000| Untracked 
| 102|0x00000000e6600000, 0x00000000e6600000, 0x00000000e6700000|  0%| F|  |TAMS 0x00000000e6600000, 0x00000000e6600000| Untracked 
| 103|0x00000000e6700000, 0x00000000e6700000, 0x00000000e6800000|  0%| F|  |TAMS 0x00000000e6700000, 0x00000000e6700000| Untracked 
| 104|0x00000000e6800000, 0x00000000e6800000, 0x00000000e6900000|  0%| F|  |TAMS 0x00000000e6800000, 0x00000000e6800000| Untracked 
| 105|0x00000000e6900000, 0x00000000e6900000, 0x00000000e6a00000|  0%| F|  |TAMS 0x00000000e6900000, 0x00000000e6900000| Untracked 
| 106|0x00000000e6a00000, 0x00000000e6a00000, 0x00000000e6b00000|  0%| F|  |TAMS 0x00000000e6a00000, 0x00000000e6a00000| Untracked 
| 107|0x00000000e6b00000, 0x00000000e6b00000, 0x00000000e6c00000|  0%| F|  |TAMS 0x00000000e6b00000, 0x00000000e6b00000| Untracked 
| 108|0x00000000e6c00000, 0x00000000e6c00000, 0x00000000e6d00000|  0%| F|  |TAMS 0x00000000e6c00000, 0x00000000e6c00000| Untracked 
| 109|0x00000000e6d00000, 0x00000000e6d00000, 0x00000000e6e00000|  0%| F|  |TAMS 0x00000000e6d00000, 0x00000000e6d00000| Untracked 
| 110|0x00000000e6e00000, 0x00000000e6e00000, 0x00000000e6f00000|  0%| F|  |TAMS 0x00000000e6e00000, 0x00000000e6e00000| Untracked 
| 111|0x00000000e6f00000, 0x00000000e6f00000, 0x00000000e7000000|  0%| F|  |TAMS 0x00000000e6f00000, 0x00000000e6f00000| Untracked 
| 112|0x00000000e7000000, 0x00000000e7000000, 0x00000000e7100000|  0%| F|  |TAMS 0x00000000e7000000, 0x00000000e7000000| Untracked 
| 113|0x00000000e7100000, 0x00000000e7100000, 0x00000000e7200000|  0%| F|  |TAMS 0x00000000e7100000, 0x00000000e7100000| Untracked 
| 114|0x00000000e7200000, 0x00000000e7200000, 0x00000000e7300000|  0%| F|  |TAMS 0x00000000e7200000, 0x00000000e7200000| Untracked 
| 115|0x00000000e7300000, 0x00000000e7300000, 0x00000000e7400000|  0%| F|  |TAMS 0x00000000e7300000, 0x00000000e7300000| Untracked 
| 116|0x00000000e7400000, 0x00000000e7400000, 0x00000000e7500000|  0%| F|  |TAMS 0x00000000e7400000, 0x00000000e7400000| Untracked 
| 117|0x00000000e7500000, 0x00000000e7500000, 0x00000000e7600000|  0%| F|  |TAMS 0x00000000e7500000, 0x00000000e7500000| Untracked 
| 118|0x00000000e7600000, 0x00000000e7600000, 0x00000000e7700000|  0%| F|  |TAMS 0x00000000e7600000, 0x00000000e7600000| Untracked 
| 119|0x00000000e7700000, 0x00000000e7700000, 0x00000000e7800000|  0%| F|  |TAMS 0x00000000e7700000, 0x00000000e7700000| Untracked 
| 120|0x00000000e7800000, 0x00000000e7800000, 0x00000000e7900000|  0%| F|  |TAMS 0x00000000e7800000, 0x00000000e7800000| Untracked 
| 121|0x00000000e7900000, 0x00000000e7900000, 0x00000000e7a00000|  0%| F|  |TAMS 0x00000000e7900000, 0x00000000e7900000| Untracked 
| 122|0x00000000e7a00000, 0x00000000e7ae4178, 0x00000000e7b00000| 89%| S|CS|TAMS 0x00000000e7a00000, 0x00000000e7a00000| Complete 
| 123|0x00000000e7b00000, 0x00000000e7c00000, 0x00000000e7c00000|100%| S|CS|TAMS 0x00000000e7b00000, 0x00000000e7b00000| Complete 
| 124|0x00000000e7c00000, 0x00000000e7d00000, 0x00000000e7d00000|100%| S|CS|TAMS 0x00000000e7c00000, 0x00000000e7c00000| Complete 
| 125|0x00000000e7d00000, 0x00000000e7e00000, 0x00000000e7e00000|100%| S|CS|TAMS 0x00000000e7d00000, 0x00000000e7d00000| Complete 
| 126|0x00000000e7e00000, 0x00000000e7e00000, 0x00000000e7f00000|  0%| F|  |TAMS 0x00000000e7e00000, 0x00000000e7e00000| Untracked 
| 127|0x00000000e7f00000, 0x00000000e7f00000, 0x00000000e8000000|  0%| F|  |TAMS 0x00000000e7f00000, 0x00000000e7f00000| Untracked 
| 128|0x00000000e8000000, 0x00000000e8000000, 0x00000000e8100000|  0%| F|  |TAMS 0x00000000e8000000, 0x00000000e8000000| Untracked 
| 129|0x00000000e8100000, 0x00000000e8100000, 0x00000000e8200000|  0%| F|  |TAMS 0x00000000e8100000, 0x00000000e8100000| Untracked 
| 130|0x00000000e8200000, 0x00000000e8200000, 0x00000000e8300000|  0%| F|  |TAMS 0x00000000e8200000, 0x00000000e8200000| Untracked 
| 131|0x00000000e8300000, 0x00000000e8300000, 0x00000000e8400000|  0%| F|  |TAMS 0x00000000e8300000, 0x00000000e8300000| Untracked 
| 132|0x00000000e8400000, 0x00000000e8400000, 0x00000000e8500000|  0%| F|  |TAMS 0x00000000e8400000, 0x00000000e8400000| Untracked 
| 133|0x00000000e8500000, 0x00000000e8500000, 0x00000000e8600000|  0%| F|  |TAMS 0x00000000e8500000, 0x00000000e8500000| Untracked 
| 134|0x00000000e8600000, 0x00000000e8600000, 0x00000000e8700000|  0%| F|  |TAMS 0x00000000e8600000, 0x00000000e8600000| Untracked 
| 135|0x00000000e8700000, 0x00000000e8700000, 0x00000000e8800000|  0%| F|  |TAMS 0x00000000e8700000, 0x00000000e8700000| Untracked 
| 136|0x00000000e8800000, 0x00000000e8800000, 0x00000000e8900000|  0%| F|  |TAMS 0x00000000e8800000, 0x00000000e8800000| Untracked 
| 137|0x00000000e8900000, 0x00000000e8900000, 0x00000000e8a00000|  0%| F|  |TAMS 0x00000000e8900000, 0x00000000e8900000| Untracked 
| 138|0x00000000e8a00000, 0x00000000e8a00000, 0x00000000e8b00000|  0%| F|  |TAMS 0x00000000e8a00000, 0x00000000e8a00000| Untracked 
| 139|0x00000000e8b00000, 0x00000000e8b00000, 0x00000000e8c00000|  0%| F|  |TAMS 0x00000000e8b00000, 0x00000000e8b00000| Untracked 
| 140|0x00000000e8c00000, 0x00000000e8c00000, 0x00000000e8d00000|  0%| F|  |TAMS 0x00000000e8c00000, 0x00000000e8c00000| Untracked 
| 141|0x00000000e8d00000, 0x00000000e8d00000, 0x00000000e8e00000|  0%| F|  |TAMS 0x00000000e8d00000, 0x00000000e8d00000| Untracked 
| 142|0x00000000e8e00000, 0x00000000e8e00000, 0x00000000e8f00000|  0%| F|  |TAMS 0x00000000e8e00000, 0x00000000e8e00000| Untracked 
| 143|0x00000000e8f00000, 0x00000000e8f00000, 0x00000000e9000000|  0%| F|  |TAMS 0x00000000e8f00000, 0x00000000e8f00000| Untracked 
| 144|0x00000000e9000000, 0x00000000e9000000, 0x00000000e9100000|  0%| F|  |TAMS 0x00000000e9000000, 0x00000000e9000000| Untracked 
| 145|0x00000000e9100000, 0x00000000e9100000, 0x00000000e9200000|  0%| F|  |TAMS 0x00000000e9100000, 0x00000000e9100000| Untracked 
| 146|0x00000000e9200000, 0x00000000e9200000, 0x00000000e9300000|  0%| F|  |TAMS 0x00000000e9200000, 0x00000000e9200000| Untracked 
| 147|0x00000000e9300000, 0x00000000e9300000, 0x00000000e9400000|  0%| F|  |TAMS 0x00000000e9300000, 0x00000000e9300000| Untracked 
| 148|0x00000000e9400000, 0x00000000e9400000, 0x00000000e9500000|  0%| F|  |TAMS 0x00000000e9400000, 0x00000000e9400000| Untracked 
| 149|0x00000000e9500000, 0x00000000e9500000, 0x00000000e9600000|  0%| F|  |TAMS 0x00000000e9500000, 0x00000000e9500000| Untracked 
| 150|0x00000000e9600000, 0x00000000e9600000, 0x00000000e9700000|  0%| F|  |TAMS 0x00000000e9600000, 0x00000000e9600000| Untracked 
| 151|0x00000000e9700000, 0x00000000e9700000, 0x00000000e9800000|  0%| F|  |TAMS 0x00000000e9700000, 0x00000000e9700000| Untracked 
| 152|0x00000000e9800000, 0x00000000e9800000, 0x00000000e9900000|  0%| F|  |TAMS 0x00000000e9800000, 0x00000000e9800000| Untracked 
| 153|0x00000000e9900000, 0x00000000e9900000, 0x00000000e9a00000|  0%| F|  |TAMS 0x00000000e9900000, 0x00000000e9900000| Untracked 
| 154|0x00000000e9a00000, 0x00000000e9a00000, 0x00000000e9b00000|  0%| F|  |TAMS 0x00000000e9a00000, 0x00000000e9a00000| Untracked 
| 155|0x00000000e9b00000, 0x00000000e9b00000, 0x00000000e9c00000|  0%| F|  |TAMS 0x00000000e9b00000, 0x00000000e9b00000| Untracked 
| 156|0x00000000e9c00000, 0x00000000e9c00000, 0x00000000e9d00000|  0%| F|  |TAMS 0x00000000e9c00000, 0x00000000e9c00000| Untracked 
| 157|0x00000000e9d00000, 0x00000000e9d00000, 0x00000000e9e00000|  0%| F|  |TAMS 0x00000000e9d00000, 0x00000000e9d00000| Untracked 
| 158|0x00000000e9e00000, 0x00000000e9e00000, 0x00000000e9f00000|  0%| F|  |TAMS 0x00000000e9e00000, 0x00000000e9e00000| Untracked 
| 159|0x00000000e9f00000, 0x00000000e9f00000, 0x00000000ea000000|  0%| F|  |TAMS 0x00000000e9f00000, 0x00000000e9f00000| Untracked 
| 160|0x00000000ea000000, 0x00000000ea000000, 0x00000000ea100000|  0%| F|  |TAMS 0x00000000ea000000, 0x00000000ea000000| Untracked 
| 161|0x00000000ea100000, 0x00000000ea100000, 0x00000000ea200000|  0%| F|  |TAMS 0x00000000ea100000, 0x00000000ea100000| Untracked 
| 162|0x00000000ea200000, 0x00000000ea200000, 0x00000000ea300000|  0%| F|  |TAMS 0x00000000ea200000, 0x00000000ea200000| Untracked 
| 163|0x00000000ea300000, 0x00000000ea300000, 0x00000000ea400000|  0%| F|  |TAMS 0x00000000ea300000, 0x00000000ea300000| Untracked 
| 164|0x00000000ea400000, 0x00000000ea400000, 0x00000000ea500000|  0%| F|  |TAMS 0x00000000ea400000, 0x00000000ea400000| Untracked 
| 165|0x00000000ea500000, 0x00000000ea500000, 0x00000000ea600000|  0%| F|  |TAMS 0x00000000ea500000, 0x00000000ea500000| Untracked 
| 166|0x00000000ea600000, 0x00000000ea600000, 0x00000000ea700000|  0%| F|  |TAMS 0x00000000ea600000, 0x00000000ea600000| Untracked 
| 167|0x00000000ea700000, 0x00000000ea700000, 0x00000000ea800000|  0%| F|  |TAMS 0x00000000ea700000, 0x00000000ea700000| Untracked 
| 168|0x00000000ea800000, 0x00000000ea800000, 0x00000000ea900000|  0%| F|  |TAMS 0x00000000ea800000, 0x00000000ea800000| Untracked 
| 169|0x00000000ea900000, 0x00000000ea900000, 0x00000000eaa00000|  0%| F|  |TAMS 0x00000000ea900000, 0x00000000ea900000| Untracked 
| 170|0x00000000eaa00000, 0x00000000eaa00000, 0x00000000eab00000|  0%| F|  |TAMS 0x00000000eaa00000, 0x00000000eaa00000| Untracked 
| 171|0x00000000eab00000, 0x00000000eab00000, 0x00000000eac00000|  0%| F|  |TAMS 0x00000000eab00000, 0x00000000eab00000| Untracked 
| 172|0x00000000eac00000, 0x00000000eac00000, 0x00000000ead00000|  0%| F|  |TAMS 0x00000000eac00000, 0x00000000eac00000| Untracked 
| 173|0x00000000ead00000, 0x00000000ead00000, 0x00000000eae00000|  0%| F|  |TAMS 0x00000000ead00000, 0x00000000ead00000| Untracked 
| 174|0x00000000eae00000, 0x00000000eae00000, 0x00000000eaf00000|  0%| F|  |TAMS 0x00000000eae00000, 0x00000000eae00000| Untracked 
| 175|0x00000000eaf00000, 0x00000000eaf00000, 0x00000000eb000000|  0%| F|  |TAMS 0x00000000eaf00000, 0x00000000eaf00000| Untracked 
| 176|0x00000000eb000000, 0x00000000eb100000, 0x00000000eb100000|100%| E|  |TAMS 0x00000000eb000000, 0x00000000eb000000| Complete 
| 177|0x00000000eb100000, 0x00000000eb200000, 0x00000000eb200000|100%| E|CS|TAMS 0x00000000eb100000, 0x00000000eb100000| Complete 
| 178|0x00000000eb200000, 0x00000000eb300000, 0x00000000eb300000|100%| E|CS|TAMS 0x00000000eb200000, 0x00000000eb200000| Complete 
| 179|0x00000000eb300000, 0x00000000eb400000, 0x00000000eb400000|100%| E|CS|TAMS 0x00000000eb300000, 0x00000000eb300000| Complete 
| 180|0x00000000eb400000, 0x00000000eb500000, 0x00000000eb500000|100%| E|CS|TAMS 0x00000000eb400000, 0x00000000eb400000| Complete 
| 181|0x00000000eb500000, 0x00000000eb600000, 0x00000000eb600000|100%| E|CS|TAMS 0x00000000eb500000, 0x00000000eb500000| Complete 
| 182|0x00000000eb600000, 0x00000000eb700000, 0x00000000eb700000|100%| E|CS|TAMS 0x00000000eb600000, 0x00000000eb600000| Complete 
| 183|0x00000000eb700000, 0x00000000eb800000, 0x00000000eb800000|100%| E|CS|TAMS 0x00000000eb700000, 0x00000000eb700000| Complete 
| 184|0x00000000eb800000, 0x00000000eb900000, 0x00000000eb900000|100%| E|CS|TAMS 0x00000000eb800000, 0x00000000eb800000| Complete 
| 185|0x00000000eb900000, 0x00000000eba00000, 0x00000000eba00000|100%| E|CS|TAMS 0x00000000eb900000, 0x00000000eb900000| Complete 
| 186|0x00000000eba00000, 0x00000000ebb00000, 0x00000000ebb00000|100%| E|CS|TAMS 0x00000000eba00000, 0x00000000eba00000| Complete 
| 187|0x00000000ebb00000, 0x00000000ebc00000, 0x00000000ebc00000|100%| E|CS|TAMS 0x00000000ebb00000, 0x00000000ebb00000| Complete 
| 188|0x00000000ebc00000, 0x00000000ebd00000, 0x00000000ebd00000|100%| E|CS|TAMS 0x00000000ebc00000, 0x00000000ebc00000| Complete 
| 189|0x00000000ebd00000, 0x00000000ebe00000, 0x00000000ebe00000|100%| E|CS|TAMS 0x00000000ebd00000, 0x00000000ebd00000| Complete 
| 190|0x00000000ebe00000, 0x00000000ebf00000, 0x00000000ebf00000|100%| E|CS|TAMS 0x00000000ebe00000, 0x00000000ebe00000| Complete 
| 191|0x00000000ebf00000, 0x00000000ec000000, 0x00000000ec000000|100%| E|CS|TAMS 0x00000000ebf00000, 0x00000000ebf00000| Complete 
| 192|0x00000000ec000000, 0x00000000ec100000, 0x00000000ec100000|100%| E|CS|TAMS 0x00000000ec000000, 0x00000000ec000000| Complete 
| 193|0x00000000ec100000, 0x00000000ec200000, 0x00000000ec200000|100%| E|CS|TAMS 0x00000000ec100000, 0x00000000ec100000| Complete 
| 194|0x00000000ec200000, 0x00000000ec300000, 0x00000000ec300000|100%| E|CS|TAMS 0x00000000ec200000, 0x00000000ec200000| Complete 
| 195|0x00000000ec300000, 0x00000000ec400000, 0x00000000ec400000|100%| E|CS|TAMS 0x00000000ec300000, 0x00000000ec300000| Complete 
| 196|0x00000000ec400000, 0x00000000ec500000, 0x00000000ec500000|100%| E|CS|TAMS 0x00000000ec400000, 0x00000000ec400000| Complete 
| 197|0x00000000ec500000, 0x00000000ec600000, 0x00000000ec600000|100%| E|CS|TAMS 0x00000000ec500000, 0x00000000ec500000| Complete 
| 198|0x00000000ec600000, 0x00000000ec700000, 0x00000000ec700000|100%| E|CS|TAMS 0x00000000ec600000, 0x00000000ec600000| Complete 
| 199|0x00000000ec700000, 0x00000000ec800000, 0x00000000ec800000|100%| E|CS|TAMS 0x00000000ec700000, 0x00000000ec700000| Complete 
| 200|0x00000000ec800000, 0x00000000ec900000, 0x00000000ec900000|100%| E|CS|TAMS 0x00000000ec800000, 0x00000000ec800000| Complete 
| 201|0x00000000ec900000, 0x00000000eca00000, 0x00000000eca00000|100%| E|CS|TAMS 0x00000000ec900000, 0x00000000ec900000| Complete 
| 202|0x00000000eca00000, 0x00000000ecb00000, 0x00000000ecb00000|100%| E|CS|TAMS 0x00000000eca00000, 0x00000000eca00000| Complete 
| 203|0x00000000ecb00000, 0x00000000ecc00000, 0x00000000ecc00000|100%| E|CS|TAMS 0x00000000ecb00000, 0x00000000ecb00000| Complete 
| 204|0x00000000ecc00000, 0x00000000ecd00000, 0x00000000ecd00000|100%| E|CS|TAMS 0x00000000ecc00000, 0x00000000ecc00000| Complete 
| 205|0x00000000ecd00000, 0x00000000ece00000, 0x00000000ece00000|100%| E|CS|TAMS 0x00000000ecd00000, 0x00000000ecd00000| Complete 
| 206|0x00000000ece00000, 0x00000000ecf00000, 0x00000000ecf00000|100%| E|CS|TAMS 0x00000000ece00000, 0x00000000ece00000| Complete 
| 207|0x00000000ecf00000, 0x00000000ed000000, 0x00000000ed000000|100%| E|CS|TAMS 0x00000000ecf00000, 0x00000000ecf00000| Complete 
| 208|0x00000000ed000000, 0x00000000ed100000, 0x00000000ed100000|100%| E|CS|TAMS 0x00000000ed000000, 0x00000000ed000000| Complete 
| 209|0x00000000ed100000, 0x00000000ed200000, 0x00000000ed200000|100%| E|CS|TAMS 0x00000000ed100000, 0x00000000ed100000| Complete 
| 210|0x00000000ed200000, 0x00000000ed300000, 0x00000000ed300000|100%| E|CS|TAMS 0x00000000ed200000, 0x00000000ed200000| Complete 
| 211|0x00000000ed300000, 0x00000000ed400000, 0x00000000ed400000|100%| E|CS|TAMS 0x00000000ed300000, 0x00000000ed300000| Complete 
| 212|0x00000000ed400000, 0x00000000ed500000, 0x00000000ed500000|100%| E|CS|TAMS 0x00000000ed400000, 0x00000000ed400000| Complete 
| 213|0x00000000ed500000, 0x00000000ed600000, 0x00000000ed600000|100%| E|CS|TAMS 0x00000000ed500000, 0x00000000ed500000| Complete 
| 214|0x00000000ed600000, 0x00000000ed700000, 0x00000000ed700000|100%| E|CS|TAMS 0x00000000ed600000, 0x00000000ed600000| Complete 
| 215|0x00000000ed700000, 0x00000000ed800000, 0x00000000ed800000|100%| E|CS|TAMS 0x00000000ed700000, 0x00000000ed700000| Complete 
| 216|0x00000000ed800000, 0x00000000ed900000, 0x00000000ed900000|100%| E|CS|TAMS 0x00000000ed800000, 0x00000000ed800000| Complete 
| 217|0x00000000ed900000, 0x00000000eda00000, 0x00000000eda00000|100%| E|CS|TAMS 0x00000000ed900000, 0x00000000ed900000| Complete 
| 218|0x00000000eda00000, 0x00000000edb00000, 0x00000000edb00000|100%| E|CS|TAMS 0x00000000eda00000, 0x00000000eda00000| Complete 
| 219|0x00000000edb00000, 0x00000000edc00000, 0x00000000edc00000|100%| E|CS|TAMS 0x00000000edb00000, 0x00000000edb00000| Complete 
| 220|0x00000000edc00000, 0x00000000edd00000, 0x00000000edd00000|100%| E|CS|TAMS 0x00000000edc00000, 0x00000000edc00000| Complete 
| 221|0x00000000edd00000, 0x00000000ede00000, 0x00000000ede00000|100%| E|CS|TAMS 0x00000000edd00000, 0x00000000edd00000| Complete 
| 222|0x00000000ede00000, 0x00000000edf00000, 0x00000000edf00000|100%| E|CS|TAMS 0x00000000ede00000, 0x00000000ede00000| Complete 
| 223|0x00000000edf00000, 0x00000000ee000000, 0x00000000ee000000|100%| E|CS|TAMS 0x00000000edf00000, 0x00000000edf00000| Complete 
| 224|0x00000000ee000000, 0x00000000ee100000, 0x00000000ee100000|100%| E|CS|TAMS 0x00000000ee000000, 0x00000000ee000000| Complete 
| 225|0x00000000ee100000, 0x00000000ee200000, 0x00000000ee200000|100%| E|CS|TAMS 0x00000000ee100000, 0x00000000ee100000| Complete 
| 226|0x00000000ee200000, 0x00000000ee300000, 0x00000000ee300000|100%| E|CS|TAMS 0x00000000ee200000, 0x00000000ee200000| Complete 
| 227|0x00000000ee300000, 0x00000000ee400000, 0x00000000ee400000|100%| E|CS|TAMS 0x00000000ee300000, 0x00000000ee300000| Complete 
| 228|0x00000000ee400000, 0x00000000ee500000, 0x00000000ee500000|100%| E|CS|TAMS 0x00000000ee400000, 0x00000000ee400000| Complete 
| 229|0x00000000ee500000, 0x00000000ee600000, 0x00000000ee600000|100%| E|CS|TAMS 0x00000000ee500000, 0x00000000ee500000| Complete 
| 230|0x00000000ee600000, 0x00000000ee700000, 0x00000000ee700000|100%| E|CS|TAMS 0x00000000ee600000, 0x00000000ee600000| Complete 
| 231|0x00000000ee700000, 0x00000000ee800000, 0x00000000ee800000|100%| E|CS|TAMS 0x00000000ee700000, 0x00000000ee700000| Complete 
| 232|0x00000000ee800000, 0x00000000ee900000, 0x00000000ee900000|100%| E|CS|TAMS 0x00000000ee800000, 0x00000000ee800000| Complete 
| 233|0x00000000ee900000, 0x00000000eea00000, 0x00000000eea00000|100%| E|CS|TAMS 0x00000000ee900000, 0x00000000ee900000| Complete 
| 234|0x00000000eea00000, 0x00000000eeb00000, 0x00000000eeb00000|100%| E|CS|TAMS 0x00000000eea00000, 0x00000000eea00000| Complete 
| 235|0x00000000eeb00000, 0x00000000eec00000, 0x00000000eec00000|100%| E|CS|TAMS 0x00000000eeb00000, 0x00000000eeb00000| Complete 
| 236|0x00000000eec00000, 0x00000000eed00000, 0x00000000eed00000|100%| E|CS|TAMS 0x00000000eec00000, 0x00000000eec00000| Complete 
| 237|0x00000000eed00000, 0x00000000eee00000, 0x00000000eee00000|100%| E|CS|TAMS 0x00000000eed00000, 0x00000000eed00000| Complete 
| 238|0x00000000eee00000, 0x00000000eef00000, 0x00000000eef00000|100%| E|CS|TAMS 0x00000000eee00000, 0x00000000eee00000| Complete 
| 239|0x00000000eef00000, 0x00000000ef000000, 0x00000000ef000000|100%| E|CS|TAMS 0x00000000eef00000, 0x00000000eef00000| Complete 
| 240|0x00000000ef000000, 0x00000000ef100000, 0x00000000ef100000|100%| E|CS|TAMS 0x00000000ef000000, 0x00000000ef000000| Complete 
| 241|0x00000000ef100000, 0x00000000ef200000, 0x00000000ef200000|100%| E|CS|TAMS 0x00000000ef100000, 0x00000000ef100000| Complete 
| 242|0x00000000ef200000, 0x00000000ef300000, 0x00000000ef300000|100%| E|CS|TAMS 0x00000000ef200000, 0x00000000ef200000| Complete 
| 243|0x00000000ef300000, 0x00000000ef400000, 0x00000000ef400000|100%| E|CS|TAMS 0x00000000ef300000, 0x00000000ef300000| Complete 
| 244|0x00000000ef400000, 0x00000000ef500000, 0x00000000ef500000|100%| E|CS|TAMS 0x00000000ef400000, 0x00000000ef400000| Complete 
| 245|0x00000000ef500000, 0x00000000ef600000, 0x00000000ef600000|100%| E|CS|TAMS 0x00000000ef500000, 0x00000000ef500000| Complete 
| 246|0x00000000ef600000, 0x00000000ef700000, 0x00000000ef700000|100%| E|CS|TAMS 0x00000000ef600000, 0x00000000ef600000| Complete 
| 247|0x00000000ef700000, 0x00000000ef800000, 0x00000000ef800000|100%| E|CS|TAMS 0x00000000ef700000, 0x00000000ef700000| Complete 
| 248|0x00000000ef800000, 0x00000000ef900000, 0x00000000ef900000|100%| E|CS|TAMS 0x00000000ef800000, 0x00000000ef800000| Complete 
| 249|0x00000000ef900000, 0x00000000efa00000, 0x00000000efa00000|100%| E|CS|TAMS 0x00000000ef900000, 0x00000000ef900000| Complete 
| 250|0x00000000efa00000, 0x00000000efb00000, 0x00000000efb00000|100%| E|CS|TAMS 0x00000000efa00000, 0x00000000efa00000| Complete 
| 251|0x00000000efb00000, 0x00000000efc00000, 0x00000000efc00000|100%| E|CS|TAMS 0x00000000efb00000, 0x00000000efb00000| Complete 
| 252|0x00000000efc00000, 0x00000000efd00000, 0x00000000efd00000|100%| E|CS|TAMS 0x00000000efc00000, 0x00000000efc00000| Complete 
| 253|0x00000000efd00000, 0x00000000efe00000, 0x00000000efe00000|100%| E|CS|TAMS 0x00000000efd00000, 0x00000000efd00000| Complete 
| 254|0x00000000efe00000, 0x00000000eff00000, 0x00000000eff00000|100%| E|CS|TAMS 0x00000000efe00000, 0x00000000efe00000| Complete 
| 255|0x00000000eff00000, 0x00000000f0000000, 0x00000000f0000000|100%| E|CS|TAMS 0x00000000eff00000, 0x00000000eff00000| Complete 

Card table byte_map: [0x0000024c573b0000,0x0000024c574b0000] _byte_map_base: 0x0000024c56cb0000

Marking Bits (Prev, Next): (CMBitMap*) 0x0000024c4023c6f0, (CMBitMap*) 0x0000024c4023c6b0
 Prev Bits: [0x0000024c57db0000, 0x0000024c585b0000)
 Next Bits: [0x0000024c575b0000, 0x0000024c57db0000)

Polling page: 0x0000024c3e050000

Metaspace:

Usage:
  Non-class:     61.08 MB used.
      Class:      9.20 MB used.
       Both:     70.27 MB used.

Virtual space:
  Non-class space:       64.00 MB reserved,      61.50 MB ( 96%) committed,  1 nodes.
      Class space:      320.00 MB reserved,       9.56 MB (  3%) committed,  1 nodes.
             Both:      384.00 MB reserved,      71.06 MB ( 19%) committed. 

Chunk freelists:
   Non-Class:  2.42 MB
       Class:  6.46 MB
        Both:  8.88 MB

MaxMetaspaceSize: 384.00 MB
CompressedClassSpaceSize: 320.00 MB
Initial GC threshold: 21.00 MB
Current GC threshold: 99.06 MB
CDS: on
MetaspaceReclaimPolicy: balanced
 - commit_granule_bytes: 65536.
 - commit_granule_words: 8192.
 - virtual_space_node_default_size: 8388608.
 - enlarge_chunks_in_place: 1.
 - new_chunks_are_fully_committed: 0.
 - uncommit_free_chunks: 1.
 - use_allocation_guard: 0.
 - handle_deallocations: 1.


Internal statistics:

num_allocs_failed_limit: 12.
num_arena_births: 970.
num_arena_deaths: 0.
num_vsnodes_births: 2.
num_vsnodes_deaths: 0.
num_space_committed: 1137.
num_space_uncommitted: 0.
num_chunks_returned_to_freelist: 12.
num_chunks_taken_from_freelist: 3851.
num_chunk_merges: 9.
num_chunk_splits: 2586.
num_chunks_enlarged: 1726.
num_inconsistent_stats: 0.

CodeHeap 'non-profiled nmethods': size=120000Kb used=6394Kb max_used=6394Kb free=113606Kb
 bounds [0x0000024c4f820000, 0x0000024c4fe60000, 0x0000024c56d50000]
CodeHeap 'profiled nmethods': size=120000Kb used=18614Kb max_used=18614Kb free=101385Kb
 bounds [0x0000024c47d50000, 0x0000024c48f80000, 0x0000024c4f280000]
CodeHeap 'non-nmethods': size=5760Kb used=2337Kb max_used=2387Kb free=3422Kb
 bounds [0x0000024c4f280000, 0x0000024c4f4f0000, 0x0000024c4f820000]
 total_blobs=10672 nmethods=9817 adapters=767
 compilation: enabled
              stopped_count=0, restarted_count=0
 full_count=0

Compilation events (20 events):
Event: 44.862 Thread 0x0000024c5b264ce0 11334       3       org.gradle.api.internal.tasks.DefaultTaskContainer::registerTask (72 bytes)
Event: 44.864 Thread 0x0000024c5b264ce0 nmethod 11334 0x0000024c48f71410 code [0x0000024c48f716e0, 0x0000024c48f72b48]
Event: 44.864 Thread 0x0000024c5b264ce0 11335       3       org.gradle.api.internal.tasks.DefaultTaskCollection::hasWithName (65 bytes)
Event: 44.865 Thread 0x0000024c5b264ce0 nmethod 11335 0x0000024c48f73110 code [0x0000024c48f73420, 0x0000024c48f74908]
Event: 44.865 Thread 0x0000024c5b264ce0 11337   !   3       jdk.internal.reflect.GeneratedMethodAccessor3::invoke (96 bytes)
Event: 44.866 Thread 0x0000024c5b264ce0 nmethod 11337 0x0000024c48f74f10 code [0x0000024c48f75160, 0x0000024c48f75c08]
Event: 44.866 Thread 0x0000024c5b264ce0 11336       3       org.gradle.api.internal.collections.SortedSetElementSource::collectorFromProvider (22 bytes)
Event: 44.867 Thread 0x0000024c5b264ce0 nmethod 11336 0x0000024c48f76090 code [0x0000024c48f762a0, 0x0000024c48f76ae8]
Event: 44.869 Thread 0x0000024c5b264ce0 11338   !   3       org.gradle.api.internal.plugins.DefaultPluginRegistry::uncheckedGet (17 bytes)
Event: 44.869 Thread 0x0000024c5b264ce0 nmethod 11338 0x0000024c48f76d90 code [0x0000024c48f76f60, 0x0000024c48f77328]
Event: 44.870 Thread 0x0000024c5b264ce0 11339       3       org.gradle.internal.classloader.CachingClassLoader::equals (33 bytes)
Event: 44.870 Thread 0x0000024c5b264ce0 nmethod 11339 0x0000024c48f77590 code [0x0000024c48f77760, 0x0000024c48f77c08]
Event: 44.870 Thread 0x0000024c5b264ce0 11340       1       com.google.common.cache.LocalCache$WeakEntry::getValueReference (5 bytes)
Event: 44.870 Thread 0x0000024c5b264ce0 nmethod 11340 0x0000024c4fe58d90 code [0x0000024c4fe58f20, 0x0000024c4fe58ff8]
Event: 44.870 Thread 0x0000024c5b264ce0 11341   !   3       jdk.internal.reflect.GeneratedConstructorAccessor16::newInstance (77 bytes)
Event: 44.871 Thread 0x0000024c5b264ce0 nmethod 11341 0x0000024c48f77d10 code [0x0000024c48f77f40, 0x0000024c48f78888]
Event: 44.871 Thread 0x0000024c5b264ce0 11342       3       org.gradle.api.internal.plugins.DefaultPluginRegistry::lookup (39 bytes)
Event: 44.871 Thread 0x0000024c5b264ce0 nmethod 11342 0x0000024c48f78c90 code [0x0000024c48f78e60, 0x0000024c48f791a8]
Event: 44.909 Thread 0x0000024c5b264ce0 11345       3       java.lang.Module::<init> (25 bytes)
Event: 44.910 Thread 0x0000024c5b264ce0 nmethod 11345 0x0000024c48f79310 code [0x0000024c48f794c0, 0x0000024c48f79718]

GC Heap History (20 events):
Event: 20.136 GC heap before
{Heap before GC invocations=5 (full 0):
 garbage-first heap   total 262144K, used 128415K [0x00000000e0000000, 0x0000000100000000)
  region size 1024K, 115 young (117760K), 12 survivors (12288K)
 Metaspace       used 35582K, committed 35968K, reserved 393216K
  class space    used 5040K, committed 5248K, reserved 327680K
}
Event: 20.152 GC heap after
{Heap after GC invocations=6 (full 0):
 garbage-first heap   total 262144K, used 32875K [0x00000000e0000000, 0x0000000100000000)
  region size 1024K, 11 young (11264K), 11 survivors (11264K)
 Metaspace       used 35582K, committed 35968K, reserved 393216K
  class space    used 5040K, committed 5248K, reserved 327680K
}
Event: 20.183 GC heap before
{Heap before GC invocations=6 (full 0):
 garbage-first heap   total 262144K, used 33899K [0x00000000e0000000, 0x0000000100000000)
  region size 1024K, 12 young (12288K), 11 survivors (11264K)
 Metaspace       used 35760K, committed 36160K, reserved 393216K
  class space    used 5054K, committed 5248K, reserved 327680K
}
Event: 20.196 GC heap after
{Heap after GC invocations=7 (full 0):
 garbage-first heap   total 262144K, used 33036K [0x00000000e0000000, 0x0000000100000000)
  region size 1024K, 2 young (2048K), 2 survivors (2048K)
 Metaspace       used 35760K, committed 36160K, reserved 393216K
  class space    used 5054K, committed 5248K, reserved 327680K
}
Event: 20.374 GC heap before
{Heap before GC invocations=7 (full 0):
 garbage-first heap   total 262144K, used 51468K [0x00000000e0000000, 0x0000000100000000)
  region size 1024K, 21 young (21504K), 2 survivors (2048K)
 Metaspace       used 35895K, committed 36288K, reserved 393216K
  class space    used 5059K, committed 5248K, reserved 327680K
}
Event: 20.376 GC heap after
{Heap after GC invocations=8 (full 0):
 garbage-first heap   total 262144K, used 33434K [0x00000000e0000000, 0x0000000100000000)
  region size 1024K, 2 young (2048K), 2 survivors (2048K)
 Metaspace       used 35895K, committed 36288K, reserved 393216K
  class space    used 5059K, committed 5248K, reserved 327680K
}
Event: 24.948 GC heap before
{Heap before GC invocations=9 (full 0):
 garbage-first heap   total 262144K, used 194202K [0x00000000e0000000, 0x0000000100000000)
  region size 1024K, 153 young (156672K), 2 survivors (2048K)
 Metaspace       used 48115K, committed 48704K, reserved 393216K
  class space    used 6731K, committed 7040K, reserved 327680K
}
Event: 24.958 GC heap after
{Heap after GC invocations=10 (full 0):
 garbage-first heap   total 262144K, used 45242K [0x00000000e0000000, 0x0000000100000000)
  region size 1024K, 14 young (14336K), 14 survivors (14336K)
 Metaspace       used 48115K, committed 48704K, reserved 393216K
  class space    used 6731K, committed 7040K, reserved 327680K
}
Event: 28.954 GC heap before
{Heap before GC invocations=10 (full 0):
 garbage-first heap   total 262144K, used 188602K [0x00000000e0000000, 0x0000000100000000)
  region size 1024K, 153 young (156672K), 14 survivors (14336K)
 Metaspace       used 54418K, committed 55040K, reserved 393216K
  class space    used 7493K, committed 7808K, reserved 327680K
}
Event: 28.974 GC heap after
{Heap after GC invocations=11 (full 0):
 garbage-first heap   total 262144K, used 58496K [0x00000000e0000000, 0x0000000100000000)
  region size 1024K, 13 young (13312K), 13 survivors (13312K)
 Metaspace       used 54418K, committed 55040K, reserved 393216K
  class space    used 7493K, committed 7808K, reserved 327680K
}
Event: 33.027 GC heap before
{Heap before GC invocations=11 (full 0):
 garbage-first heap   total 262144K, used 201856K [0x00000000e0000000, 0x0000000100000000)
  region size 1024K, 149 young (152576K), 13 survivors (13312K)
 Metaspace       used 56135K, committed 56832K, reserved 393216K
  class space    used 7671K, committed 8000K, reserved 327680K
}
Event: 33.046 GC heap after
{Heap after GC invocations=12 (full 0):
 garbage-first heap   total 262144K, used 70376K [0x00000000e0000000, 0x0000000100000000)
  region size 1024K, 10 young (10240K), 10 survivors (10240K)
 Metaspace       used 56135K, committed 56832K, reserved 393216K
  class space    used 7671K, committed 8000K, reserved 327680K
}
Event: 35.052 GC heap before
{Heap before GC invocations=12 (full 0):
 garbage-first heap   total 262144K, used 173800K [0x00000000e0000000, 0x0000000100000000)
  region size 1024K, 113 young (115712K), 10 survivors (10240K)
 Metaspace       used 60038K, committed 60736K, reserved 393216K
  class space    used 8086K, committed 8448K, reserved 327680K
}
Event: 35.060 GC heap after
{Heap after GC invocations=13 (full 0):
 garbage-first heap   total 262144K, used 73588K [0x00000000e0000000, 0x0000000100000000)
  region size 1024K, 13 young (13312K), 13 survivors (13312K)
 Metaspace       used 60038K, committed 60736K, reserved 393216K
  class space    used 8086K, committed 8448K, reserved 327680K
}
Event: 38.693 GC heap before
{Heap before GC invocations=14 (full 0):
 garbage-first heap   total 262144K, used 201588K [0x00000000e0000000, 0x0000000100000000)
  region size 1024K, 139 young (142336K), 13 survivors (13312K)
 Metaspace       used 65614K, committed 66432K, reserved 393216K
  class space    used 8711K, committed 9088K, reserved 327680K
}
Event: 38.703 GC heap after
{Heap after GC invocations=15 (full 0):
 garbage-first heap   total 262144K, used 75177K [0x00000000e0000000, 0x0000000100000000)
  region size 1024K, 8 young (8192K), 8 survivors (8192K)
 Metaspace       used 65614K, committed 66432K, reserved 393216K
  class space    used 8711K, committed 9088K, reserved 327680K
}
Event: 38.735 GC heap before
{Heap before GC invocations=15 (full 0):
 garbage-first heap   total 262144K, used 79273K [0x00000000e0000000, 0x0000000100000000)
  region size 1024K, 12 young (12288K), 8 survivors (8192K)
 Metaspace       used 65616K, committed 66432K, reserved 393216K
  class space    used 8711K, committed 9088K, reserved 327680K
}
Event: 38.742 GC heap after
{Heap after GC invocations=16 (full 0):
 garbage-first heap   total 262144K, used 75288K [0x00000000e0000000, 0x0000000100000000)
  region size 1024K, 2 young (2048K), 2 survivors (2048K)
 Metaspace       used 65616K, committed 66432K, reserved 393216K
  class space    used 8711K, committed 9088K, reserved 327680K
}
Event: 41.835 GC heap before
{Heap before GC invocations=16 (full 0):
 garbage-first heap   total 262144K, used 205336K [0x00000000e0000000, 0x0000000100000000)
  region size 1024K, 130 young (133120K), 2 survivors (2048K)
 Metaspace       used 69047K, committed 69824K, reserved 393216K
  class space    used 9078K, committed 9472K, reserved 327680K
}
Event: 41.839 GC heap after
{Heap after GC invocations=17 (full 0):
 garbage-first heap   total 262144K, used 78130K [0x00000000e0000000, 0x0000000100000000)
  region size 1024K, 4 young (4096K), 4 survivors (4096K)
 Metaspace       used 69047K, committed 69824K, reserved 393216K
  class space    used 9078K, committed 9472K, reserved 327680K
}

Dll operation events (15 events):
Event: 0.010 Loaded shared library C:\Program Files\Microsoft\jdk-17.0.15.6-hotspot\bin\java.dll
Event: 0.247 Loaded shared library C:\Program Files\Microsoft\jdk-17.0.15.6-hotspot\bin\jsvml.dll
Event: 0.308 Loaded shared library C:\Program Files\Microsoft\jdk-17.0.15.6-hotspot\bin\zip.dll
Event: 0.314 Loaded shared library C:\Program Files\Microsoft\jdk-17.0.15.6-hotspot\bin\instrument.dll
Event: 0.320 Loaded shared library C:\Program Files\Microsoft\jdk-17.0.15.6-hotspot\bin\net.dll
Event: 0.322 Loaded shared library C:\Program Files\Microsoft\jdk-17.0.15.6-hotspot\bin\nio.dll
Event: 0.325 Loaded shared library C:\Program Files\Microsoft\jdk-17.0.15.6-hotspot\bin\zip.dll
Event: 0.636 Loaded shared library C:\Program Files\Microsoft\jdk-17.0.15.6-hotspot\bin\jimage.dll
Event: 0.853 Loaded shared library C:\Program Files\Microsoft\jdk-17.0.15.6-hotspot\bin\verify.dll
Event: 1.045 Loaded shared library C:\Users\HP\.gradle\native\c067742578af261105cb4f569cf0c3c89f3d7b1fecec35dd04571415982c5e48\windows-amd64\native-platform.dll
Event: 1.064 Loaded shared library C:\Users\HP\.gradle\native\100fb08df4bc3b14c8652ba06237920a3bd2aa13389f12d3474272988ae205f9\windows-amd64\native-platform-file-events.dll
Event: 5.702 Loaded shared library C:\Program Files\Microsoft\jdk-17.0.15.6-hotspot\bin\management.dll
Event: 5.800 Loaded shared library C:\Program Files\Microsoft\jdk-17.0.15.6-hotspot\bin\management_ext.dll
Event: 8.261 Loaded shared library C:\Program Files\Microsoft\jdk-17.0.15.6-hotspot\bin\extnet.dll
Event: 8.782 Loaded shared library C:\Program Files\Microsoft\jdk-17.0.15.6-hotspot\bin\sunmscapi.dll

Deoptimization events (20 events):
Event: 41.652 Thread 0x0000024c5b38ff40 Uncommon trap: trap_request=0xffffffd6 fr.pc=0x0000024c4fdde1b8 relative=0x0000000000000378
Event: 41.652 Thread 0x0000024c5b38ff40 Uncommon trap: reason=array_check action=maybe_recompile pc=0x0000024c4fdde1b8 method=java.util.AbstractCollection.toArray([Ljava/lang/Object;)[Ljava/lang/Object; @ 116 c2
Event: 41.652 Thread 0x0000024c5b38ff40 DEOPT PACKING pc=0x0000024c4fdde1b8 sp=0x0000008bad8f8bf0
Event: 41.652 Thread 0x0000024c5b38ff40 DEOPT UNPACKING pc=0x0000024c4f2d69a3 sp=0x0000008bad8f8b90 mode 2
Event: 41.652 Thread 0x0000024c5b38ff40 Uncommon trap: trap_request=0xffffffd6 fr.pc=0x0000024c4fdde1b8 relative=0x0000000000000378
Event: 41.652 Thread 0x0000024c5b38ff40 Uncommon trap: reason=array_check action=maybe_recompile pc=0x0000024c4fdde1b8 method=java.util.AbstractCollection.toArray([Ljava/lang/Object;)[Ljava/lang/Object; @ 116 c2
Event: 41.652 Thread 0x0000024c5b38ff40 DEOPT PACKING pc=0x0000024c4fdde1b8 sp=0x0000008bad8f8bf0
Event: 41.652 Thread 0x0000024c5b38ff40 DEOPT UNPACKING pc=0x0000024c4f2d69a3 sp=0x0000008bad8f8b90 mode 2
Event: 43.052 Thread 0x0000024c5b38ff40 DEOPT PACKING pc=0x0000024c48377efe sp=0x0000008bad8f9da0
Event: 43.052 Thread 0x0000024c5b38ff40 DEOPT UNPACKING pc=0x0000024c4f2d7143 sp=0x0000008bad8f9260 mode 0
Event: 43.188 Thread 0x0000024c76b4cdb0 Uncommon trap: trap_request=0xffffff45 fr.pc=0x0000024c4fc012cc relative=0x000000000000076c
Event: 43.188 Thread 0x0000024c76b4cdb0 Uncommon trap: reason=unstable_if action=reinterpret pc=0x0000024c4fc012cc method=java.io.ObjectOutputStream$ReplaceTable.lookup(Ljava/lang/Object;)Ljava/lang/Object; @ 10 c2
Event: 43.188 Thread 0x0000024c76b4cdb0 DEOPT PACKING pc=0x0000024c4fc012cc sp=0x0000008baeefe640
Event: 43.188 Thread 0x0000024c76b4cdb0 DEOPT UNPACKING pc=0x0000024c4f2d69a3 sp=0x0000008baeefe5c0 mode 2
Event: 43.786 Thread 0x0000024c5b38ff40 Uncommon trap: trap_request=0xffffffc6 fr.pc=0x0000024c4faafc28 relative=0x0000000000000188
Event: 43.786 Thread 0x0000024c5b38ff40 Uncommon trap: reason=bimorphic_or_optimized_type_check action=maybe_recompile pc=0x0000024c4faafc28 method=java.util.stream.StreamOpFlag.fromCharacteristics(Ljava/util/Spliterator;)I @ 14 c2
Event: 43.786 Thread 0x0000024c5b38ff40 DEOPT PACKING pc=0x0000024c4faafc28 sp=0x0000008bad8f6e70
Event: 43.786 Thread 0x0000024c5b38ff40 DEOPT UNPACKING pc=0x0000024c4f2d69a3 sp=0x0000008bad8f6d58 mode 2
Event: 44.323 Thread 0x0000024c5b38ff40 DEOPT PACKING pc=0x0000024c48d219d3 sp=0x0000008bad8fcf70
Event: 44.323 Thread 0x0000024c5b38ff40 DEOPT UNPACKING pc=0x0000024c4f2d7143 sp=0x0000008bad8fc418 mode 0

Classes loaded (20 events):
Event: 29.880 Loading class java/util/HashMapBeanInfo
Event: 29.880 Loading class java/util/HashMapBeanInfo done
Event: 29.880 Loading class java/util/HashMapBeanInfo
Event: 29.880 Loading class java/util/HashMapBeanInfo done
Event: 29.880 Loading class java/util/AbstractMapBeanInfo
Event: 29.880 Loading class java/util/AbstractMapBeanInfo done
Event: 29.881 Loading class java/util/AbstractMapBeanInfo
Event: 29.881 Loading class java/util/AbstractMapBeanInfo done
Event: 29.881 Loading class java/util/AbstractMapCustomizer
Event: 29.881 Loading class java/util/AbstractMapCustomizer done
Event: 29.881 Loading class java/util/AbstractMapCustomizer
Event: 29.881 Loading class java/util/AbstractMapCustomizer done
Event: 29.886 Loading class java/util/HashMapCustomizer
Event: 29.886 Loading class java/util/HashMapCustomizer done
Event: 29.887 Loading class java/util/HashMapCustomizer
Event: 29.887 Loading class java/util/HashMapCustomizer done
Event: 31.556 Loading class jdk/internal/access/foreign/MemorySegmentProxy
Event: 31.557 Loading class jdk/internal/access/foreign/MemorySegmentProxy done
Event: 32.925 Loading class jdk/internal/misc/ScopedMemoryAccess$Scope$Handle
Event: 32.925 Loading class jdk/internal/misc/ScopedMemoryAccess$Scope$Handle done

Classes unloaded (0 events):
No events

Classes redefined (0 events):
No events

Internal exceptions (20 events):
Event: 40.607 Thread 0x0000024c5b38ff40 Exception <a 'sun/nio/fs/WindowsException'{0x00000000ea8c1420}> (0x00000000ea8c1420) 
thrown [s\src\hotspot\share\prims\jni.cpp, line 516]
Event: 40.608 Thread 0x0000024c5b38ff40 Exception <a 'sun/nio/fs/WindowsException'{0x00000000ea8c2b50}> (0x00000000ea8c2b50) 
thrown [s\src\hotspot\share\prims\jni.cpp, line 516]
Event: 40.609 Thread 0x0000024c5b38ff40 Exception <a 'sun/nio/fs/WindowsException'{0x00000000ea8c4258}> (0x00000000ea8c4258) 
thrown [s\src\hotspot\share\prims\jni.cpp, line 516]
Event: 41.705 Thread 0x0000024c5b38ff40 Exception <a 'java/lang/ClassNotFoundException'{0x00000000e81dfb10}: build_7rnjo2eo8nb709uqg7gfki7b7BeanInfo> (0x00000000e81dfb10) 
thrown [s\src\hotspot\share\classfile\systemDictionary.cpp, line 256]
Event: 41.706 Thread 0x0000024c5b38ff40 Exception <a 'java/lang/ClassNotFoundException'{0x00000000e81e6c48}: build_7rnjo2eo8nb709uqg7gfki7b7Customizer> (0x00000000e81e6c48) 
thrown [s\src\hotspot\share\classfile\systemDictionary.cpp, line 256]
Event: 42.442 Thread 0x0000024c5b38ff40 Exception <a 'java/lang/NoClassDefFoundError'{0x00000000ee827688}: org/gradle/initialization/BuildCompletionListener> (0x00000000ee827688) 
thrown [s\src\hotspot\share\classfile\systemDictionary.cpp, line 245]
Event: 43.115 Thread 0x0000024c5b38ff40 Exception <a 'sun/nio/fs/WindowsException'{0x00000000ed81d378}> (0x00000000ed81d378) 
thrown [s\src\hotspot\share\prims\jni.cpp, line 516]
Event: 43.116 Thread 0x0000024c5b38ff40 Exception <a 'sun/nio/fs/WindowsException'{0x00000000ed81eab8}> (0x00000000ed81eab8) 
thrown [s\src\hotspot\share\prims\jni.cpp, line 516]
Event: 43.117 Thread 0x0000024c5b38ff40 Exception <a 'sun/nio/fs/WindowsException'{0x00000000ed8201e8}> (0x00000000ed8201e8) 
thrown [s\src\hotspot\share\prims\jni.cpp, line 516]
Event: 43.121 Thread 0x0000024c5b38ff40 Exception <a 'sun/nio/fs/WindowsException'{0x00000000ed8218f0}> (0x00000000ed8218f0) 
thrown [s\src\hotspot\share\prims\jni.cpp, line 516]
Event: 43.767 Thread 0x0000024c5b38ff40 Exception <a 'sun/nio/fs/WindowsException'{0x00000000ecd9e0a8}> (0x00000000ecd9e0a8) 
thrown [s\src\hotspot\share\prims\jni.cpp, line 516]
Event: 43.767 Thread 0x0000024c5b38ff40 Exception <a 'sun/nio/fs/WindowsException'{0x00000000ecd9f7d0}> (0x00000000ecd9f7d0) 
thrown [s\src\hotspot\share\prims\jni.cpp, line 516]
Event: 43.768 Thread 0x0000024c5b38ff40 Exception <a 'sun/nio/fs/WindowsException'{0x00000000ecda0ee8}> (0x00000000ecda0ee8) 
thrown [s\src\hotspot\share\prims\jni.cpp, line 516]
Event: 43.769 Thread 0x0000024c5b38ff40 Exception <a 'sun/nio/fs/WindowsException'{0x00000000ecda25d8}> (0x00000000ecda25d8) 
thrown [s\src\hotspot\share\prims\jni.cpp, line 516]
Event: 44.211 Thread 0x0000024c5b38ff40 Exception <a 'java/lang/ClassNotFoundException'{0x00000000ebd5e018}: build_1kd2p99ts57p9gx0chi9bug57BeanInfo> (0x00000000ebd5e018) 
thrown [s\src\hotspot\share\classfile\systemDictionary.cpp, line 256]
Event: 44.211 Thread 0x0000024c5b38ff40 Exception <a 'java/lang/ClassNotFoundException'{0x00000000ebd65150}: build_1kd2p99ts57p9gx0chi9bug57Customizer> (0x00000000ebd65150) 
thrown [s\src\hotspot\share\classfile\systemDictionary.cpp, line 256]
Event: 44.852 Thread 0x0000024c5b38ff40 Exception <a 'sun/nio/fs/WindowsException'{0x00000000eb26d4d8}> (0x00000000eb26d4d8) 
thrown [s\src\hotspot\share\prims\jni.cpp, line 516]
Event: 44.853 Thread 0x0000024c5b38ff40 Exception <a 'sun/nio/fs/WindowsException'{0x00000000eb26ec00}> (0x00000000eb26ec00) 
thrown [s\src\hotspot\share\prims\jni.cpp, line 516]
Event: 44.853 Thread 0x0000024c5b38ff40 Exception <a 'sun/nio/fs/WindowsException'{0x00000000eb270318}> (0x00000000eb270318) 
thrown [s\src\hotspot\share\prims\jni.cpp, line 516]
Event: 44.854 Thread 0x0000024c5b38ff40 Exception <a 'sun/nio/fs/WindowsException'{0x00000000eb271a08}> (0x00000000eb271a08) 
thrown [s\src\hotspot\share\prims\jni.cpp, line 516]

VM Operations (20 events):
Event: 38.143 Executing VM operation: Cleanup done
Event: 38.693 Executing VM operation: G1CollectForAllocation
Event: 38.703 Executing VM operation: G1CollectForAllocation done
Event: 38.734 Executing VM operation: G1CollectForAllocation
Event: 38.742 Executing VM operation: G1CollectForAllocation done
Event: 39.744 Executing VM operation: Cleanup
Event: 39.745 Executing VM operation: Cleanup done
Event: 40.077 Executing VM operation: ICBufferFull
Event: 40.077 Executing VM operation: ICBufferFull done
Event: 41.078 Executing VM operation: Cleanup
Event: 41.078 Executing VM operation: Cleanup done
Event: 41.835 Executing VM operation: G1CollectForAllocation
Event: 41.839 Executing VM operation: G1CollectForAllocation done
Event: 42.845 Executing VM operation: Cleanup
Event: 42.846 Executing VM operation: Cleanup done
Event: 43.860 Executing VM operation: Cleanup
Event: 43.860 Executing VM operation: Cleanup done
Event: 44.861 Executing VM operation: Cleanup
Event: 44.861 Executing VM operation: Cleanup done
Event: 45.876 Executing VM operation: Cleanup

Memory protections (0 events):
No events

Nmethod flushes (20 events):
Event: 34.980 Thread 0x0000024c5b2655f0 flushing  nmethod 0x0000024c48a95c10
Event: 34.980 Thread 0x0000024c5b2655f0 flushing  nmethod 0x0000024c48a99510
Event: 34.980 Thread 0x0000024c5b2655f0 flushing  nmethod 0x0000024c48aa3c10
Event: 34.980 Thread 0x0000024c5b2655f0 flushing  nmethod 0x0000024c48aa4110
Event: 34.980 Thread 0x0000024c5b2655f0 flushing  nmethod 0x0000024c48aa4c10
Event: 34.980 Thread 0x0000024c5b2655f0 flushing  nmethod 0x0000024c48aa5310
Event: 34.980 Thread 0x0000024c5b2655f0 flushing  nmethod 0x0000024c48aa5a10
Event: 34.980 Thread 0x0000024c5b2655f0 flushing  nmethod 0x0000024c48aa5f90
Event: 34.980 Thread 0x0000024c5b2655f0 flushing  nmethod 0x0000024c48aa9310
Event: 34.980 Thread 0x0000024c5b2655f0 flushing  nmethod 0x0000024c48aace10
Event: 34.980 Thread 0x0000024c5b2655f0 flushing  nmethod 0x0000024c48ab7810
Event: 34.980 Thread 0x0000024c5b2655f0 flushing  nmethod 0x0000024c48ad3b90
Event: 34.980 Thread 0x0000024c5b2655f0 flushing  nmethod 0x0000024c48ad5b90
Event: 34.980 Thread 0x0000024c5b2655f0 flushing  nmethod 0x0000024c48adf090
Event: 34.980 Thread 0x0000024c5b2655f0 flushing  nmethod 0x0000024c48aeed10
Event: 34.980 Thread 0x0000024c5b2655f0 flushing  nmethod 0x0000024c48aefb90
Event: 34.980 Thread 0x0000024c5b2655f0 flushing  nmethod 0x0000024c48af7510
Event: 34.980 Thread 0x0000024c5b2655f0 flushing  nmethod 0x0000024c48affb90
Event: 34.981 Thread 0x0000024c5b2655f0 flushing  nmethod 0x0000024c48bc1a90
Event: 34.982 Thread 0x0000024c5b2655f0 flushing  nmethod 0x0000024c48cb6490

Events (20 events):
Event: 44.329 Thread 0x0000024c77a803f0 Thread exited: 0x0000024c77a803f0
Event: 44.329 Thread 0x0000024c77d52e10 Thread exited: 0x0000024c77d52e10
Event: 44.329 Thread 0x0000024c78212b20 Thread exited: 0x0000024c78212b20
Event: 44.329 Thread 0x0000024c782116e0 Thread exited: 0x0000024c782116e0
Event: 44.332 Thread 0x0000024c5b38e5f0 Thread exited: 0x0000024c5b38e5f0
Event: 44.334 Thread 0x0000024c5b38e0e0 Thread exited: 0x0000024c5b38e0e0
Event: 44.347 Thread 0x0000024c5b38d6c0 Thread exited: 0x0000024c5b38d6c0
Event: 44.361 Thread 0x0000024c5b38d1b0 Thread exited: 0x0000024c5b38d1b0
Event: 44.367 Thread 0x0000024c5b38fa30 Thread exited: 0x0000024c5b38fa30
Event: 44.766 Thread 0x0000024c78b281f0 Thread exited: 0x0000024c78b281f0
Event: 44.770 Thread 0x0000024c5b38dbd0 Thread added: 0x0000024c76b4be80
Event: 44.778 Thread 0x0000024c5b38dbd0 Thread added: 0x0000024c76b4aa40
Event: 44.786 Thread 0x0000024c5b38ff40 Thread added: 0x0000024c76b4b460
Event: 44.787 Thread 0x0000024c5b38ff40 Thread added: 0x0000024c76b4cdb0
Event: 44.787 Thread 0x0000024c5b38ff40 Thread added: 0x0000024c76b4d2c0
Event: 44.794 Thread 0x0000024c5b38ff40 Thread added: 0x0000024c76b4a020
Event: 44.800 Thread 0x0000024c5b38ff40 Thread added: 0x0000024c76b4c390
Event: 44.820 Thread 0x0000024c5b38ff40 Thread added: 0x0000024c76b4c8a0
Event: 44.826 Thread 0x0000024c5b38ff40 Thread added: 0x0000024c76b4d7d0
Event: 44.832 Thread 0x0000024c5b38ff40 Thread added: 0x0000024c77a79490


Dynamic libraries:
0x00007ff77d7d0000 - 0x00007ff77d7de000 	C:\Program Files\Microsoft\jdk-17.0.15.6-hotspot\bin\java.exe
0x00007ff8dc440000 - 0x00007ff8dc6a7000 	C:\WINDOWS\SYSTEM32\ntdll.dll
0x00007ff8db7d0000 - 0x00007ff8db899000 	C:\WINDOWS\System32\KERNEL32.DLL
0x00007ff8d9bd0000 - 0x00007ff8d9fc1000 	C:\WINDOWS\System32\KERNELBASE.dll
0x00007ff8d9fd0000 - 0x00007ff8da11b000 	C:\WINDOWS\System32\ucrtbase.dll
0x00007ff8b9530000 - 0x00007ff8b954d000 	C:\Program Files\Microsoft\jdk-17.0.15.6-hotspot\bin\VCRUNTIME140.dll
0x00007ff897430000 - 0x00007ff897447000 	C:\Program Files\Microsoft\jdk-17.0.15.6-hotspot\bin\jli.dll
0x00007ff8db410000 - 0x00007ff8db5d5000 	C:\WINDOWS\System32\USER32.dll
0x00007ff8b8ca0000 - 0x00007ff8b8f33000 	C:\WINDOWS\WinSxS\amd64_microsoft.windows.common-controls_6595b64144ccf1df_6.0.26100.7922_none_3e089e1ee3342171\COMCTL32.dll
0x00007ff8d9970000 - 0x00007ff8d9997000 	C:\WINDOWS\System32\win32u.dll
0x00007ff8da2b0000 - 0x00007ff8da359000 	C:\WINDOWS\System32\msvcrt.dll
0x00007ff8dbed0000 - 0x00007ff8dbefb000 	C:\WINDOWS\System32\GDI32.dll
0x00007ff8d97b0000 - 0x00007ff8d98da000 	C:\WINDOWS\System32\gdi32full.dll
0x00007ff8d9b20000 - 0x00007ff8d9bc3000 	C:\WINDOWS\System32\msvcp_win.dll
0x00007ff8da360000 - 0x00007ff8da391000 	C:\WINDOWS\System32\IMM32.DLL
0x00007ff899b90000 - 0x00007ff899b9c000 	C:\Program Files\Microsoft\jdk-17.0.15.6-hotspot\bin\vcruntime140_1.dll
0x00007ff83d120000 - 0x00007ff83d1ad000 	C:\Program Files\Microsoft\jdk-17.0.15.6-hotspot\bin\msvcp140.dll
0x00007ff834070000 - 0x00007ff834ce2000 	C:\Program Files\Microsoft\jdk-17.0.15.6-hotspot\bin\server\jvm.dll
0x00007ff8db220000 - 0x00007ff8db2db000 	C:\WINDOWS\System32\ADVAPI32.dll
0x00007ff8da9f0000 - 0x00007ff8daa97000 	C:\WINDOWS\System32\sechost.dll
0x00007ff8db2e0000 - 0x00007ff8db3f8000 	C:\WINDOWS\System32\RPCRT4.dll
0x00007ff8db740000 - 0x00007ff8db7b4000 	C:\WINDOWS\System32\WS2_32.dll
0x00007ff8d8b80000 - 0x00007ff8d8bde000 	C:\WINDOWS\SYSTEM32\POWRPROF.dll
0x00007ff8d0b20000 - 0x00007ff8d0b55000 	C:\WINDOWS\SYSTEM32\WINMM.dll
0x00007ff8c6ef0000 - 0x00007ff8c6efb000 	C:\WINDOWS\SYSTEM32\VERSION.dll
0x00007ff8d8b60000 - 0x00007ff8d8b74000 	C:\WINDOWS\SYSTEM32\UMPDC.dll
0x00007ff8d7ab0000 - 0x00007ff8d7acb000 	C:\WINDOWS\SYSTEM32\kernel.appcore.dll
0x00007ff897890000 - 0x00007ff89789a000 	C:\Program Files\Microsoft\jdk-17.0.15.6-hotspot\bin\jimage.dll
0x00007ff8d6bc0000 - 0x00007ff8d6e02000 	C:\WINDOWS\SYSTEM32\DBGHELP.DLL
0x00007ff8dbf70000 - 0x00007ff8dc2f2000 	C:\WINDOWS\System32\combase.dll
0x00007ff8dbb90000 - 0x00007ff8dbc67000 	C:\WINDOWS\System32\OLEAUT32.dll
0x00007ff8b6050000 - 0x00007ff8b608b000 	C:\WINDOWS\SYSTEM32\dbgcore.DLL
0x00007ff8d9700000 - 0x00007ff8d97a5000 	C:\WINDOWS\System32\bcryptPrimitives.dll
0x00007ff88e7d0000 - 0x00007ff88e7de000 	C:\Program Files\Microsoft\jdk-17.0.15.6-hotspot\bin\instrument.dll
0x00007ff897400000 - 0x00007ff897425000 	C:\Program Files\Microsoft\jdk-17.0.15.6-hotspot\bin\java.dll
0x00007ff83d040000 - 0x00007ff83d116000 	C:\Program Files\Microsoft\jdk-17.0.15.6-hotspot\bin\jsvml.dll
0x00007ff8daab0000 - 0x00007ff8db20f000 	C:\WINDOWS\System32\SHELL32.dll
0x00007ff8d8d20000 - 0x00007ff8d8e8a000 	C:\WINDOWS\System32\wintypes.dll
0x00007ff8d8e90000 - 0x00007ff8d96f4000 	C:\WINDOWS\System32\windows.storage.dll
0x00007ff8dbdd0000 - 0x00007ff8dbec7000 	C:\WINDOWS\System32\SHCORE.dll
0x00007ff8dbf00000 - 0x00007ff8dbf67000 	C:\WINDOWS\System32\shlwapi.dll
0x00007ff8d8c40000 - 0x00007ff8d8c69000 	C:\WINDOWS\SYSTEM32\profapi.dll
0x00007ff8838b0000 - 0x00007ff8838c8000 	C:\Program Files\Microsoft\jdk-17.0.15.6-hotspot\bin\zip.dll
0x00007ff88a720000 - 0x00007ff88a73a000 	C:\Program Files\Microsoft\jdk-17.0.15.6-hotspot\bin\net.dll
0x00007ff8cda60000 - 0x00007ff8cdb87000 	C:\WINDOWS\SYSTEM32\WINHTTP.dll
0x00007ff8d8020000 - 0x00007ff8d808b000 	C:\WINDOWS\system32\mswsock.dll
0x00007ff88a700000 - 0x00007ff88a716000 	C:\Program Files\Microsoft\jdk-17.0.15.6-hotspot\bin\nio.dll
0x00007ff8976e0000 - 0x00007ff8976f0000 	C:\Program Files\Microsoft\jdk-17.0.15.6-hotspot\bin\verify.dll
0x00007ff886160000 - 0x00007ff886187000 	C:\Users\HP\.gradle\native\c067742578af261105cb4f569cf0c3c89f3d7b1fecec35dd04571415982c5e48\windows-amd64\native-platform.dll
0x00007ff8796e0000 - 0x00007ff879824000 	C:\Users\HP\.gradle\native\100fb08df4bc3b14c8652ba06237920a3bd2aa13389f12d3474272988ae205f9\windows-amd64\native-platform-file-events.dll
0x00007ff894870000 - 0x00007ff89487a000 	C:\Program Files\Microsoft\jdk-17.0.15.6-hotspot\bin\management.dll
0x00007ff893630000 - 0x00007ff89363b000 	C:\Program Files\Microsoft\jdk-17.0.15.6-hotspot\bin\management_ext.dll
0x00007ff8db7c0000 - 0x00007ff8db7c8000 	C:\WINDOWS\System32\PSAPI.DLL
0x00007ff8d8300000 - 0x00007ff8d831b000 	C:\WINDOWS\SYSTEM32\CRYPTSP.dll
0x00007ff8d7a10000 - 0x00007ff8d7a49000 	C:\WINDOWS\system32\rsaenh.dll
0x00007ff8d80d0000 - 0x00007ff8d8102000 	C:\WINDOWS\SYSTEM32\USERENV.dll
0x00007ff8d8c10000 - 0x00007ff8d8c3a000 	C:\WINDOWS\SYSTEM32\bcrypt.dll
0x00007ff8d8320000 - 0x00007ff8d832c000 	C:\WINDOWS\SYSTEM32\CRYPTBASE.dll
0x00007ff8d7470000 - 0x00007ff8d74a3000 	C:\WINDOWS\SYSTEM32\IPHLPAPI.DLL
0x00007ff8daaa0000 - 0x00007ff8daaaa000 	C:\WINDOWS\System32\NSI.dll
0x00007ff8d0ef0000 - 0x00007ff8d0f0d000 	C:\WINDOWS\SYSTEM32\dhcpcsvc6.DLL
0x00007ff8cfb00000 - 0x00007ff8cfb23000 	C:\WINDOWS\SYSTEM32\dhcpcsvc.DLL
0x00007ff8d7500000 - 0x00007ff8d762a000 	C:\WINDOWS\SYSTEM32\DNSAPI.dll
0x00007ff893090000 - 0x00007ff893099000 	C:\Program Files\Microsoft\jdk-17.0.15.6-hotspot\bin\extnet.dll
0x00007ff88de20000 - 0x00007ff88de2e000 	C:\Program Files\Microsoft\jdk-17.0.15.6-hotspot\bin\sunmscapi.dll
0x00007ff8d99a0000 - 0x00007ff8d9b17000 	C:\WINDOWS\System32\CRYPT32.dll
0x00007ff8d8520000 - 0x00007ff8d8550000 	C:\WINDOWS\SYSTEM32\ncrypt.dll
0x00007ff8d84d0000 - 0x00007ff8d850f000 	C:\WINDOWS\SYSTEM32\NTASN1.dll
0x00007ff8c4030000 - 0x00007ff8c4038000 	C:\WINDOWS\system32\wshunix.dll

dbghelp: loaded successfully - version: 4.0.5 - missing functions: none
symbol engine: initialized successfully - sym options: 0x614 - pdb path: .;C:\Program Files\Microsoft\jdk-17.0.15.6-hotspot\bin;C:\WINDOWS\SYSTEM32;C:\WINDOWS\WinSxS\amd64_microsoft.windows.common-controls_6595b64144ccf1df_6.0.26100.7922_none_3e089e1ee3342171;C:\Program Files\Microsoft\jdk-17.0.15.6-hotspot\bin\server;C:\Users\HP\.gradle\native\c067742578af261105cb4f569cf0c3c89f3d7b1fecec35dd04571415982c5e48\windows-amd64;C:\Users\HP\.gradle\native\100fb08df4bc3b14c8652ba06237920a3bd2aa13389f12d3474272988ae205f9\windows-amd64

VM Arguments:
jvm_args: --add-opens=java.base/java.util=ALL-UNNAMED --add-opens=java.base/java.lang=ALL-UNNAMED --add-opens=java.base/java.lang.invoke=ALL-UNNAMED --add-opens=java.prefs/java.util.prefs=ALL-UNNAMED --add-exports=jdk.compiler/com.sun.tools.javac.api=ALL-UNNAMED --add-exports=jdk.compiler/com.sun.tools.javac.util=ALL-UNNAMED --add-opens=java.base/java.nio.charset=ALL-UNNAMED --add-opens=java.base/java.net=ALL-UNNAMED --add-opens=java.base/java.util.concurrent.atomic=ALL-UNNAMED -XX:MaxMetaspaceSize=384m -XX:+HeapDumpOnOutOfMemoryError -Xms256m -Xmx512m -Dfile.encoding=utf8 -Duser.country=IN -Duser.language=en -Duser.variant -javaagent:C:\Users\HP\.gradle\wrapper\dists\gradle-8.9-bin\90cnw93cvbtalezasaz0blq0a\gradle-8.9\lib\agents\gradle-instrumentation-agent-8.9.jar 
java_command: org.gradle.launcher.daemon.bootstrap.GradleDaemon 8.9
java_class_path (initial): C:\Users\HP\.gradle\wrapper\dists\gradle-8.9-bin\90cnw93cvbtalezasaz0blq0a\gradle-8.9\lib\gradle-daemon-main-8.9.jar
Launcher Type: SUN_STANDARD

[Global flags]
     intx CICompilerCount                          = 4                                         {product} {ergonomic}
   size_t CompressedClassSpaceSize                 = 335544320                                 {product} {ergonomic}
     uint ConcGCThreads                            = 3                                         {product} {ergonomic}
     uint G1ConcRefinementThreads                  = 10                                        {product} {ergonomic}
   size_t G1HeapRegionSize                         = 1048576                                   {product} {ergonomic}
    uintx GCDrainStackTargetSize                   = 64                                        {product} {ergonomic}
     bool HeapDumpOnOutOfMemoryError               = true                                   {manageable} {command line}
   size_t InitialHeapSize                          = 268435456                                 {product} {command line}
   size_t MarkStackSize                            = 4194304                                   {product} {ergonomic}
   size_t MaxHeapSize                              = 536870912                                 {product} {command line}
   size_t MaxMetaspaceSize                         = 402653184                                 {product} {command line}
   size_t MaxNewSize                               = 321912832                                 {product} {ergonomic}
   size_t MinHeapDeltaBytes                        = 1048576                                   {product} {ergonomic}
   size_t MinHeapSize                              = 268435456                                 {product} {command line}
    uintx NonNMethodCodeHeapSize                   = 5839372                                {pd product} {ergonomic}
    uintx NonProfiledCodeHeapSize                  = 122909434                              {pd product} {ergonomic}
    uintx ProfiledCodeHeapSize                     = 122909434                              {pd product} {ergonomic}
    uintx ReservedCodeCacheSize                    = 251658240                              {pd product} {ergonomic}
     bool SegmentedCodeCache                       = true                                      {product} {ergonomic}
   size_t SoftMaxHeapSize                          = 536870912                              {manageable} {ergonomic}
     bool UseCompressedClassPointers               = true                           {product lp64_product} {ergonomic}
     bool UseCompressedOops                        = true                           {product lp64_product} {ergonomic}
     bool UseG1GC                                  = true                                      {product} {ergonomic}
     bool UseLargePagesIndividualAllocation        = false                                  {pd product} {ergonomic}

Logging:
Log output configuration:
 #0: stdout all=warning uptime,level,tags
 #1: stderr all=off uptime,level,tags

Environment Variables:
JAVA_HOME=C:\Program Files\Microsoft\jdk-17.0.15.6-hotspot
PATH=C:\Users\HP\AppData\Local\Programs\Microsoft VS Code;C:\Program Files\Microsoft\jdk-17.0.15.6-hotspot\bin;C:\WINDOWS\system32;C:\WINDOWS;C:\WINDOWS\System32\Wbem;C:\WINDOWS\System32\WindowsPowerShell\v1.0\;C:\WINDOWS\System32\OpenSSH\;C:\Program Files\Git\cmd;C:\Program Files\dotnet\;C:\ProgramData\chocolatey\bin;C:\Users\HP\AppData\Local\Android\Sdk\platform-tools;C:\Users\HP\AppData\Local\Android\Sdk;C:\Users\HP\AppData\Local\Android\Sdk\emulator;;C:\Program Files\Docker\Docker\resources\bin;C:\Program Files\PuTTY\;C:\Program Files\nodejs\;C:\Program Files\MySQL\MySQL Shell 8.0\bin\;C:\Users\HP\AppData\Local\Microsoft\WindowsApps;C:\Users\HP\AppData\Local\Programs\Microsoft VS Code\bin;C:\Users\HP\AppData\Local\Android\Sdk\platform-tools;C:\Users\HP\AppData\Local\Android\Sdk;C:\Users\HP\AppData\Local\Android\Sdk\emulator;C:\Users\HP\AppData\Roaming\npm
USERNAME=HP
OS=Windows_NT
PROCESSOR_IDENTIFIER=Intel64 Family 6 Model 154 Stepping 4, GenuineIntel
TMP=C:\Users\HP\AppData\Local\Temp
TEMP=C:\Users\HP\AppData\Local\Temp



Periodic native trim disabled


---------------  S Y S T E M  ---------------

OS:
 Windows 11 , 64 bit Build 26100 (10.0.26100.7920)
OS uptime: 13 days 22:21 hours
Hyper-V role detected

CPU: total 12 (initial active 12) (6 cores per cpu, 2 threads per core) family 6 model 154 stepping 4 microcode 0x432, cx8, cmov, fxsr, ht, mmx, 3dnowpref, sse, sse2, sse3, ssse3, sse4.1, sse4.2, popcnt, lzcnt, tsc, tscinvbit, avx, avx2, aes, erms, clmul, bmi1, bmi2, adx, sha, fma, vzeroupper, clflush, clflushopt, clwb, hv
Processor Information for processor 0
  Max Mhz: 1300, Current Mhz: 1300, Mhz Limit: 1300
Processor Information for processor 1
  Max Mhz: 1300, Current Mhz: 1300, Mhz Limit: 1300
Processor Information for processor 2
  Max Mhz: 1300, Current Mhz: 1300, Mhz Limit: 1300
Processor Information for processor 3
  Max Mhz: 1300, Current Mhz: 1300, Mhz Limit: 1300
Processor Information for processor 4
  Max Mhz: 1300, Current Mhz: 900, Mhz Limit: 897
Processor Information for processor 5
  Max Mhz: 1300, Current Mhz: 900, Mhz Limit: 897
Processor Information for processor 6
  Max Mhz: 1300, Current Mhz: 900, Mhz Limit: 897
Processor Information for processor 7
  Max Mhz: 1300, Current Mhz: 900, Mhz Limit: 897
Processor Information for processor 8
  Max Mhz: 1300, Current Mhz: 900, Mhz Limit: 897
Processor Information for processor 9
  Max Mhz: 1300, Current Mhz: 900, Mhz Limit: 897
Processor Information for processor 10
  Max Mhz: 1300, Current Mhz: 900, Mhz Limit: 897
Processor Information for processor 11
  Max Mhz: 1300, Current Mhz: 900, Mhz Limit: 897

Memory: 4k page, system-wide physical 7835M (884M free)
TotalPageFile size 31387M (AvailPageFile size 38M)
current process WorkingSet (physical memory assigned to process): 373M, peak: 407M
current process commit charge ("private bytes"): 529M, peak: 541M

vm_info: OpenJDK 64-Bit Server VM (17.0.15+6-LTS) for windows-amd64 JRE (17.0.15+6-LTS), built on Apr  9 2025 22:27:25 by "MicrosoftCorporation" with unknown MS VC++:1939

END.
