#
# There is insufficient memory for the Java Runtime Environment to continue.
# Native memory allocation (malloc) failed to allocate 1776016 bytes. Error detail: Chunk::new
# Possible reasons:
#   The system is out of physical RAM or swap space
#   This process is running with CompressedOops enabled, and the Java Heap may be blocking the growth of the native heap
# Possible solutions:
#   Reduce memory load on the system
#   Increase physical memory or swap space
#   Check if swap backing store is full
#   Decrease Java heap size (-Xmx/-Xms)
#   Decrease number of Java threads
#   Decrease Java thread stack sizes (-Xss)
#   Set larger code cache with -XX:ReservedCodeCacheSize=
#   JVM is running with Unscaled Compressed Oops mode in which the Java heap is
#     placed in the first 4GB address space. The Java Heap base address is the
#     maximum limit for the native heap growth. Please use -XX:HeapBaseMinAddress
#     to set the Java Heap base and to place the Java Heap above 4GB virtual address.
# This output file may be truncated or incomplete.
#
#  Out of Memory Error (arena.cpp:191), pid=17836, tid=17968
#
# JRE version: OpenJDK Runtime Environment Microsoft-11369865 (17.0.15+6) (build 17.0.15+6-LTS)
# Java VM: OpenJDK 64-Bit Server VM Microsoft-11369865 (17.0.15+6-LTS, mixed mode, sharing, tiered, compressed oops, compressed class ptrs, g1 gc, windows-amd64)
# No core dump will be written. Minidumps are not enabled by default on client versions of Windows
#

---------------  S U M M A R Y ------------

Command Line: org.jetbrains.kotlin.cli.jvm.K2JVMCompiler @D:\Parkitdemo\Updated-Sundukpay\node_modules\react-native-gesture-handler\android\build\20260507_2877007956419713389.compiler.options

Host: 12th Gen Intel(R) Core(TM) i5-1235U, 12 cores, 7G,  Windows 11 , 64 bit Build 26100 (10.0.26100.8328)
Time: Thu May  7 15:43:40 2026 India Standard Time elapsed time: 14.360213 seconds (0d 0h 0m 14s)

---------------  T H R E A D  ---------------

Current thread (0x00000205b4d38b60):  JavaThread "C2 CompilerThread0" daemon [_thread_in_native, id=17968, stack(0x000000db87d00000,0x000000db87e00000)]


Current CompileTask:
C2:  14360 1455   !   4       jdk.internal.loader.BuiltinClassLoader::loadClassOrNull (143 bytes)

Stack: [0x000000db87d00000,0x000000db87e00000]
Native frames: (J=compiled Java code, j=interpreted, Vv=VM code, C=native code)
V  [jvm.dll+0x6887a9]
V  [jvm.dll+0x83f5a8]
V  [jvm.dll+0x841053]
V  [jvm.dll+0x8416c3]
V  [jvm.dll+0x2496ef]
V  [jvm.dll+0xad134]
V  [jvm.dll+0xad7cc]
V  [jvm.dll+0x36aedf]
V  [jvm.dll+0x1bd065]
V  [jvm.dll+0x21aa7c]
V  [jvm.dll+0x219d3f]
V  [jvm.dll+0x1a55f6]
V  [jvm.dll+0x22a39a]
V  [jvm.dll+0x2284db]
V  [jvm.dll+0x7f4e28]
V  [jvm.dll+0x7ef2dc]
V  [jvm.dll+0x687687]
C  [ucrtbase.dll+0x37b0]
C  [KERNEL32.DLL+0x2e957]
C  [ntdll.dll+0x427c]


---------------  P R O C E S S  ---------------

Threads class SMR info:
_java_thread_list=0x00000205fa9f3b00, length=13, elements={
0x00000205948d9970, 0x00000205b4d18800, 0x00000205b4d19d30, 0x00000205b4d30050,
0x00000205b4d34a20, 0x00000205b4d353e0, 0x00000205b4d36db0, 0x00000205b4d38b60,
0x00000205b4d40f60, 0x00000205b4d7dd10, 0x00000205fa0ffc80, 0x00000205fa1025c0,
0x00000205fb46cf50
}

Java Threads: ( => current thread )
  0x00000205948d9970 JavaThread "main" [_thread_in_native, id=19524, stack(0x000000db87000000,0x000000db87100000)]
  0x00000205b4d18800 JavaThread "Reference Handler" daemon [_thread_blocked, id=20144, stack(0x000000db87700000,0x000000db87800000)]
  0x00000205b4d19d30 JavaThread "Finalizer" daemon [_thread_blocked, id=14320, stack(0x000000db87800000,0x000000db87900000)]
  0x00000205b4d30050 JavaThread "Signal Dispatcher" daemon [_thread_blocked, id=22664, stack(0x000000db87900000,0x000000db87a00000)]
  0x00000205b4d34a20 JavaThread "Attach Listener" daemon [_thread_blocked, id=3064, stack(0x000000db87a00000,0x000000db87b00000)]
  0x00000205b4d353e0 JavaThread "Service Thread" daemon [_thread_blocked, id=12504, stack(0x000000db87b00000,0x000000db87c00000)]
  0x00000205b4d36db0 JavaThread "Monitor Deflation Thread" daemon [_thread_blocked, id=16276, stack(0x000000db87c00000,0x000000db87d00000)]
=>0x00000205b4d38b60 JavaThread "C2 CompilerThread0" daemon [_thread_in_native, id=17968, stack(0x000000db87d00000,0x000000db87e00000)]
  0x00000205b4d40f60 JavaThread "C1 CompilerThread0" daemon [_thread_in_vm, id=21284, stack(0x000000db87e00000,0x000000db87f00000)]
  0x00000205b4d7dd10 JavaThread "Sweeper thread" daemon [_thread_blocked, id=22756, stack(0x000000db87f00000,0x000000db88000000)]
  0x00000205fa0ffc80 JavaThread "Notification Thread" daemon [_thread_blocked, id=21620, stack(0x000000db88000000,0x000000db88100000)]
  0x00000205fa1025c0 JavaThread "Common-Cleaner" daemon [_thread_blocked, id=9588, stack(0x000000db88200000,0x000000db88300000)]
  0x00000205fb46cf50 JavaThread "C2 CompilerThread1" daemon [_thread_in_native, id=28196, stack(0x000000db88c00000,0x000000db88d00000)]

Other Threads:
  0x00000205b4d11cb0 VMThread "VM Thread" [stack: 0x000000db87600000,0x000000db87700000] [id=6896]
  0x00000205fa102170 WatcherThread [stack: 0x000000db88100000,0x000000db88200000] [id=26696]
  0x0000020594936cd0 GCTaskThread "GC Thread#0" [stack: 0x000000db87100000,0x000000db87200000] [id=21640]
  0x00000205fa5abe00 GCTaskThread "GC Thread#1" [stack: 0x000000db88300000,0x000000db88400000] [id=28500]
  0x00000205fa673df0 GCTaskThread "GC Thread#2" [stack: 0x000000db88400000,0x000000db88500000] [id=23880]
  0x00000205fa626440 GCTaskThread "GC Thread#3" [stack: 0x000000db88500000,0x000000db88600000] [id=2916]
  0x00000205fa693230 GCTaskThread "GC Thread#4" [stack: 0x000000db88600000,0x000000db88700000] [id=14028]
  0x00000205fa6934f0 GCTaskThread "GC Thread#5" [stack: 0x000000db88700000,0x000000db88800000] [id=24988]
  0x00000205fad646d0 GCTaskThread "GC Thread#6" [stack: 0x000000db88800000,0x000000db88900000] [id=25484]
  0x00000205faa609a0 GCTaskThread "GC Thread#7" [stack: 0x000000db88900000,0x000000db88a00000] [id=1896]
  0x00000205fa72f130 GCTaskThread "GC Thread#8" [stack: 0x000000db88a00000,0x000000db88b00000] [id=400]
  0x0000020594947020 ConcurrentGCThread "G1 Main Marker" [stack: 0x000000db87200000,0x000000db87300000] [id=736]
  0x0000020594947940 ConcurrentGCThread "G1 Conc#0" [stack: 0x000000db87300000,0x000000db87400000] [id=23924]
  0x000002059498d550 ConcurrentGCThread "G1 Refine#0" [stack: 0x000000db87400000,0x000000db87500000] [id=10076]
  0x00000205fab7fdd0 ConcurrentGCThread "G1 Refine#1" [stack: 0x000000db88b00000,0x000000db88c00000] [id=7204]
  0x000002059498de80 ConcurrentGCThread "G1 Service" [stack: 0x000000db87500000,0x000000db87600000] [id=13884]

Threads with active compile tasks:
C2 CompilerThread0    14425 1455   !   4       jdk.internal.loader.BuiltinClassLoader::loadClassOrNull (143 bytes)
C1 CompilerThread0    14425 1571       1       kotlin.collections.EmptyIterator::hasNext (2 bytes)
C2 CompilerThread1    14425 1563   !   4       java.lang.ref.ReferenceQueue::poll (28 bytes)

VM state: not at safepoint (normal execution)

VM Mutex/Monitor currently owned by a thread: None

Heap address: 0x0000000085800000, size: 1960 MB, Compressed Oops mode: 32-bit

CDS archive(s) mapped at: [0x00000205b5000000-0x00000205b5bb0000-0x00000205b5bb0000), size 12255232, SharedBaseAddress: 0x00000205b5000000, ArchiveRelocationMode: 1.
Compressed class space mapped at: 0x00000205b6000000-0x00000205f6000000, reserved size: 1073741824
Narrow klass base: 0x00000205b5000000, Narrow klass shift: 0, Narrow klass range: 0x100000000

GC Precious Log:
 CPUs: 12 total, 12 available
 Memory: 7835M
 Large Page Support: Disabled
 NUMA Support: Disabled
 Compressed Oops: Enabled (32-bit)
 Heap Region Size: 1M
 Heap Min Capacity: 8M
 Heap Initial Capacity: 124M
 Heap Max Capacity: 1960M
 Pre-touch: Disabled
 Parallel Workers: 10
 Concurrent Workers: 3
 Concurrent Refinement Workers: 10
 Periodic GC: Disabled

Heap:
 garbage-first heap   total 126976K, used 37369K [0x0000000085800000, 0x0000000100000000)
  region size 1024K, 31 young (31744K), 5 survivors (5120K)
 Metaspace       used 20932K, committed 21120K, reserved 1114112K
  class space    used 2771K, committed 2880K, reserved 1048576K

Heap Regions: E=young(eden), S=young(survivor), O=old, HS=humongous(starts), HC=humongous(continues), CS=collection set, F=free, OA=open archive, CA=closed archive, TAMS=top-at-mark-start (previous, next)
|   0|0x0000000085800000, 0x0000000085900000, 0x0000000085900000|100%|HS|  |TAMS 0x0000000085800000, 0x0000000085800000| Complete 
|   1|0x0000000085900000, 0x0000000085a00000, 0x0000000085a00000|100%|HC|  |TAMS 0x0000000085900000, 0x0000000085900000| Complete 
|   2|0x0000000085a00000, 0x0000000085b00000, 0x0000000085b00000|100%|HC|  |TAMS 0x0000000085a00000, 0x0000000085a00000| Complete 
|   3|0x0000000085b00000, 0x0000000085c00000, 0x0000000085c00000|100%| O|  |TAMS 0x0000000085b00000, 0x0000000085b00000| Untracked 
|   4|0x0000000085c00000, 0x0000000085d00000, 0x0000000085d00000|100%| O|  |TAMS 0x0000000085c00000, 0x0000000085c00000| Untracked 
|   5|0x0000000085d00000, 0x0000000085e00000, 0x0000000085e00000|100%| O|  |TAMS 0x0000000085d00000, 0x0000000085d00000| Untracked 
|   6|0x0000000085e00000, 0x0000000085e7e600, 0x0000000085f00000| 49%| O|  |TAMS 0x0000000085e00000, 0x0000000085e00000| Untracked 
|   7|0x0000000085f00000, 0x0000000085f00000, 0x0000000086000000|  0%| F|  |TAMS 0x0000000085f00000, 0x0000000085f00000| Untracked 
|   8|0x0000000086000000, 0x0000000086000000, 0x0000000086100000|  0%| F|  |TAMS 0x0000000086000000, 0x0000000086000000| Untracked 
|   9|0x0000000086100000, 0x0000000086100000, 0x0000000086200000|  0%| F|  |TAMS 0x0000000086100000, 0x0000000086100000| Untracked 
|  10|0x0000000086200000, 0x0000000086200000, 0x0000000086300000|  0%| F|  |TAMS 0x0000000086200000, 0x0000000086200000| Untracked 
|  11|0x0000000086300000, 0x0000000086300000, 0x0000000086400000|  0%| F|  |TAMS 0x0000000086300000, 0x0000000086300000| Untracked 
|  12|0x0000000086400000, 0x0000000086400000, 0x0000000086500000|  0%| F|  |TAMS 0x0000000086400000, 0x0000000086400000| Untracked 
|  13|0x0000000086500000, 0x0000000086500000, 0x0000000086600000|  0%| F|  |TAMS 0x0000000086500000, 0x0000000086500000| Untracked 
|  14|0x0000000086600000, 0x0000000086600000, 0x0000000086700000|  0%| F|  |TAMS 0x0000000086600000, 0x0000000086600000| Untracked 
|  15|0x0000000086700000, 0x0000000086700000, 0x0000000086800000|  0%| F|  |TAMS 0x0000000086700000, 0x0000000086700000| Untracked 
|  16|0x0000000086800000, 0x0000000086800000, 0x0000000086900000|  0%| F|  |TAMS 0x0000000086800000, 0x0000000086800000| Untracked 
|  17|0x0000000086900000, 0x0000000086900000, 0x0000000086a00000|  0%| F|  |TAMS 0x0000000086900000, 0x0000000086900000| Untracked 
|  18|0x0000000086a00000, 0x0000000086a00000, 0x0000000086b00000|  0%| F|  |TAMS 0x0000000086a00000, 0x0000000086a00000| Untracked 
|  19|0x0000000086b00000, 0x0000000086b00000, 0x0000000086c00000|  0%| F|  |TAMS 0x0000000086b00000, 0x0000000086b00000| Untracked 
|  20|0x0000000086c00000, 0x0000000086c00000, 0x0000000086d00000|  0%| F|  |TAMS 0x0000000086c00000, 0x0000000086c00000| Untracked 
|  21|0x0000000086d00000, 0x0000000086d00000, 0x0000000086e00000|  0%| F|  |TAMS 0x0000000086d00000, 0x0000000086d00000| Untracked 
|  22|0x0000000086e00000, 0x0000000086e00000, 0x0000000086f00000|  0%| F|  |TAMS 0x0000000086e00000, 0x0000000086e00000| Untracked 
|  23|0x0000000086f00000, 0x0000000086f00000, 0x0000000087000000|  0%| F|  |TAMS 0x0000000086f00000, 0x0000000086f00000| Untracked 
|  24|0x0000000087000000, 0x0000000087000000, 0x0000000087100000|  0%| F|  |TAMS 0x0000000087000000, 0x0000000087000000| Untracked 
|  25|0x0000000087100000, 0x0000000087100000, 0x0000000087200000|  0%| F|  |TAMS 0x0000000087100000, 0x0000000087100000| Untracked 
|  26|0x0000000087200000, 0x0000000087200000, 0x0000000087300000|  0%| F|  |TAMS 0x0000000087200000, 0x0000000087200000| Untracked 
|  27|0x0000000087300000, 0x0000000087300000, 0x0000000087400000|  0%| F|  |TAMS 0x0000000087300000, 0x0000000087300000| Untracked 
|  28|0x0000000087400000, 0x0000000087400000, 0x0000000087500000|  0%| F|  |TAMS 0x0000000087400000, 0x0000000087400000| Untracked 
|  29|0x0000000087500000, 0x0000000087500000, 0x0000000087600000|  0%| F|  |TAMS 0x0000000087500000, 0x0000000087500000| Untracked 
|  30|0x0000000087600000, 0x0000000087600000, 0x0000000087700000|  0%| F|  |TAMS 0x0000000087600000, 0x0000000087600000| Untracked 
|  31|0x0000000087700000, 0x0000000087700000, 0x0000000087800000|  0%| F|  |TAMS 0x0000000087700000, 0x0000000087700000| Untracked 
|  32|0x0000000087800000, 0x0000000087800000, 0x0000000087900000|  0%| F|  |TAMS 0x0000000087800000, 0x0000000087800000| Untracked 
|  33|0x0000000087900000, 0x0000000087900000, 0x0000000087a00000|  0%| F|  |TAMS 0x0000000087900000, 0x0000000087900000| Untracked 
|  34|0x0000000087a00000, 0x0000000087a00000, 0x0000000087b00000|  0%| F|  |TAMS 0x0000000087a00000, 0x0000000087a00000| Untracked 
|  35|0x0000000087b00000, 0x0000000087b00000, 0x0000000087c00000|  0%| F|  |TAMS 0x0000000087b00000, 0x0000000087b00000| Untracked 
|  36|0x0000000087c00000, 0x0000000087c00000, 0x0000000087d00000|  0%| F|  |TAMS 0x0000000087c00000, 0x0000000087c00000| Untracked 
|  37|0x0000000087d00000, 0x0000000087d00000, 0x0000000087e00000|  0%| F|  |TAMS 0x0000000087d00000, 0x0000000087d00000| Untracked 
|  38|0x0000000087e00000, 0x0000000087e00000, 0x0000000087f00000|  0%| F|  |TAMS 0x0000000087e00000, 0x0000000087e00000| Untracked 
|  39|0x0000000087f00000, 0x0000000087f00000, 0x0000000088000000|  0%| F|  |TAMS 0x0000000087f00000, 0x0000000087f00000| Untracked 
|  40|0x0000000088000000, 0x0000000088000000, 0x0000000088100000|  0%| F|  |TAMS 0x0000000088000000, 0x0000000088000000| Untracked 
|  41|0x0000000088100000, 0x0000000088100000, 0x0000000088200000|  0%| F|  |TAMS 0x0000000088100000, 0x0000000088100000| Untracked 
|  42|0x0000000088200000, 0x0000000088200000, 0x0000000088300000|  0%| F|  |TAMS 0x0000000088200000, 0x0000000088200000| Untracked 
|  43|0x0000000088300000, 0x0000000088300000, 0x0000000088400000|  0%| F|  |TAMS 0x0000000088300000, 0x0000000088300000| Untracked 
|  44|0x0000000088400000, 0x0000000088400000, 0x0000000088500000|  0%| F|  |TAMS 0x0000000088400000, 0x0000000088400000| Untracked 
|  45|0x0000000088500000, 0x0000000088500000, 0x0000000088600000|  0%| F|  |TAMS 0x0000000088500000, 0x0000000088500000| Untracked 
|  46|0x0000000088600000, 0x0000000088600000, 0x0000000088700000|  0%| F|  |TAMS 0x0000000088600000, 0x0000000088600000| Untracked 
|  47|0x0000000088700000, 0x0000000088700000, 0x0000000088800000|  0%| F|  |TAMS 0x0000000088700000, 0x0000000088700000| Untracked 
|  48|0x0000000088800000, 0x0000000088800000, 0x0000000088900000|  0%| F|  |TAMS 0x0000000088800000, 0x0000000088800000| Untracked 
|  49|0x0000000088900000, 0x0000000088900000, 0x0000000088a00000|  0%| F|  |TAMS 0x0000000088900000, 0x0000000088900000| Untracked 
|  50|0x0000000088a00000, 0x0000000088a00000, 0x0000000088b00000|  0%| F|  |TAMS 0x0000000088a00000, 0x0000000088a00000| Untracked 
|  51|0x0000000088b00000, 0x0000000088b00000, 0x0000000088c00000|  0%| F|  |TAMS 0x0000000088b00000, 0x0000000088b00000| Untracked 
|  52|0x0000000088c00000, 0x0000000088c00000, 0x0000000088d00000|  0%| F|  |TAMS 0x0000000088c00000, 0x0000000088c00000| Untracked 
|  53|0x0000000088d00000, 0x0000000088d00000, 0x0000000088e00000|  0%| F|  |TAMS 0x0000000088d00000, 0x0000000088d00000| Untracked 
|  54|0x0000000088e00000, 0x0000000088e00000, 0x0000000088f00000|  0%| F|  |TAMS 0x0000000088e00000, 0x0000000088e00000| Untracked 
|  55|0x0000000088f00000, 0x0000000088f00000, 0x0000000089000000|  0%| F|  |TAMS 0x0000000088f00000, 0x0000000088f00000| Untracked 
|  56|0x0000000089000000, 0x0000000089000000, 0x0000000089100000|  0%| F|  |TAMS 0x0000000089000000, 0x0000000089000000| Untracked 
|  57|0x0000000089100000, 0x0000000089100000, 0x0000000089200000|  0%| F|  |TAMS 0x0000000089100000, 0x0000000089100000| Untracked 
|  58|0x0000000089200000, 0x0000000089200000, 0x0000000089300000|  0%| F|  |TAMS 0x0000000089200000, 0x0000000089200000| Untracked 
|  59|0x0000000089300000, 0x0000000089300000, 0x0000000089400000|  0%| F|  |TAMS 0x0000000089300000, 0x0000000089300000| Untracked 
|  60|0x0000000089400000, 0x0000000089400000, 0x0000000089500000|  0%| F|  |TAMS 0x0000000089400000, 0x0000000089400000| Untracked 
|  61|0x0000000089500000, 0x0000000089500000, 0x0000000089600000|  0%| F|  |TAMS 0x0000000089500000, 0x0000000089500000| Untracked 
|  62|0x0000000089600000, 0x0000000089600000, 0x0000000089700000|  0%| F|  |TAMS 0x0000000089600000, 0x0000000089600000| Untracked 
|  63|0x0000000089700000, 0x0000000089700000, 0x0000000089800000|  0%| F|  |TAMS 0x0000000089700000, 0x0000000089700000| Untracked 
|  64|0x0000000089800000, 0x0000000089800000, 0x0000000089900000|  0%| F|  |TAMS 0x0000000089800000, 0x0000000089800000| Untracked 
|  65|0x0000000089900000, 0x0000000089900000, 0x0000000089a00000|  0%| F|  |TAMS 0x0000000089900000, 0x0000000089900000| Untracked 
|  66|0x0000000089a00000, 0x0000000089a00000, 0x0000000089b00000|  0%| F|  |TAMS 0x0000000089a00000, 0x0000000089a00000| Untracked 
|  67|0x0000000089b00000, 0x0000000089b00000, 0x0000000089c00000|  0%| F|  |TAMS 0x0000000089b00000, 0x0000000089b00000| Untracked 
|  68|0x0000000089c00000, 0x0000000089c00000, 0x0000000089d00000|  0%| F|  |TAMS 0x0000000089c00000, 0x0000000089c00000| Untracked 
|  69|0x0000000089d00000, 0x0000000089d00000, 0x0000000089e00000|  0%| F|  |TAMS 0x0000000089d00000, 0x0000000089d00000| Untracked 
|  70|0x0000000089e00000, 0x0000000089e00000, 0x0000000089f00000|  0%| F|  |TAMS 0x0000000089e00000, 0x0000000089e00000| Untracked 
|  71|0x0000000089f00000, 0x0000000089f00000, 0x000000008a000000|  0%| F|  |TAMS 0x0000000089f00000, 0x0000000089f00000| Untracked 
|  72|0x000000008a000000, 0x000000008a000000, 0x000000008a100000|  0%| F|  |TAMS 0x000000008a000000, 0x000000008a000000| Untracked 
|  73|0x000000008a100000, 0x000000008a100000, 0x000000008a200000|  0%| F|  |TAMS 0x000000008a100000, 0x000000008a100000| Untracked 
|  74|0x000000008a200000, 0x000000008a200000, 0x000000008a300000|  0%| F|  |TAMS 0x000000008a200000, 0x000000008a200000| Untracked 
|  75|0x000000008a300000, 0x000000008a300000, 0x000000008a400000|  0%| F|  |TAMS 0x000000008a300000, 0x000000008a300000| Untracked 
|  76|0x000000008a400000, 0x000000008a400000, 0x000000008a500000|  0%| F|  |TAMS 0x000000008a400000, 0x000000008a400000| Untracked 
|  77|0x000000008a500000, 0x000000008a500000, 0x000000008a600000|  0%| F|  |TAMS 0x000000008a500000, 0x000000008a500000| Untracked 
|  78|0x000000008a600000, 0x000000008a600000, 0x000000008a700000|  0%| F|  |TAMS 0x000000008a600000, 0x000000008a600000| Untracked 
|  79|0x000000008a700000, 0x000000008a700000, 0x000000008a800000|  0%| F|  |TAMS 0x000000008a700000, 0x000000008a700000| Untracked 
|  80|0x000000008a800000, 0x000000008a800000, 0x000000008a900000|  0%| F|  |TAMS 0x000000008a800000, 0x000000008a800000| Untracked 
|  81|0x000000008a900000, 0x000000008a900000, 0x000000008aa00000|  0%| F|  |TAMS 0x000000008a900000, 0x000000008a900000| Untracked 
|  82|0x000000008aa00000, 0x000000008aa00000, 0x000000008ab00000|  0%| F|  |TAMS 0x000000008aa00000, 0x000000008aa00000| Untracked 
|  83|0x000000008ab00000, 0x000000008ab00000, 0x000000008ac00000|  0%| F|  |TAMS 0x000000008ab00000, 0x000000008ab00000| Untracked 
|  84|0x000000008ac00000, 0x000000008ad00000, 0x000000008ad00000|100%| S|CS|TAMS 0x000000008ac00000, 0x000000008ac00000| Complete 
|  85|0x000000008ad00000, 0x000000008ae00000, 0x000000008ae00000|100%| S|CS|TAMS 0x000000008ad00000, 0x000000008ad00000| Complete 
|  86|0x000000008ae00000, 0x000000008af00000, 0x000000008af00000|100%| S|CS|TAMS 0x000000008ae00000, 0x000000008ae00000| Complete 
|  87|0x000000008af00000, 0x000000008b000000, 0x000000008b000000|100%| S|CS|TAMS 0x000000008af00000, 0x000000008af00000| Complete 
|  88|0x000000008b000000, 0x000000008b100000, 0x000000008b100000|100%| S|CS|TAMS 0x000000008b000000, 0x000000008b000000| Complete 
|  89|0x000000008b100000, 0x000000008b100000, 0x000000008b200000|  0%| F|  |TAMS 0x000000008b100000, 0x000000008b100000| Untracked 
|  90|0x000000008b200000, 0x000000008b200000, 0x000000008b300000|  0%| F|  |TAMS 0x000000008b200000, 0x000000008b200000| Untracked 
|  91|0x000000008b300000, 0x000000008b300000, 0x000000008b400000|  0%| F|  |TAMS 0x000000008b300000, 0x000000008b300000| Untracked 
|  92|0x000000008b400000, 0x000000008b400000, 0x000000008b500000|  0%| F|  |TAMS 0x000000008b400000, 0x000000008b400000| Untracked 
|  93|0x000000008b500000, 0x000000008b500000, 0x000000008b600000|  0%| F|  |TAMS 0x000000008b500000, 0x000000008b500000| Untracked 
|  94|0x000000008b600000, 0x000000008b600000, 0x000000008b700000|  0%| F|  |TAMS 0x000000008b600000, 0x000000008b600000| Untracked 
|  95|0x000000008b700000, 0x000000008b700000, 0x000000008b800000|  0%| F|  |TAMS 0x000000008b700000, 0x000000008b700000| Untracked 
|  96|0x000000008b800000, 0x000000008b800000, 0x000000008b900000|  0%| F|  |TAMS 0x000000008b800000, 0x000000008b800000| Untracked 
|  97|0x000000008b900000, 0x000000008b900000, 0x000000008ba00000|  0%| F|  |TAMS 0x000000008b900000, 0x000000008b900000| Untracked 
|  98|0x000000008ba00000, 0x000000008bb00000, 0x000000008bb00000|100%| E|  |TAMS 0x000000008ba00000, 0x000000008ba00000| Complete 
|  99|0x000000008bb00000, 0x000000008bc00000, 0x000000008bc00000|100%| E|CS|TAMS 0x000000008bb00000, 0x000000008bb00000| Complete 
| 100|0x000000008bc00000, 0x000000008bd00000, 0x000000008bd00000|100%| E|CS|TAMS 0x000000008bc00000, 0x000000008bc00000| Complete 
| 101|0x000000008bd00000, 0x000000008be00000, 0x000000008be00000|100%| E|CS|TAMS 0x000000008bd00000, 0x000000008bd00000| Complete 
| 102|0x000000008be00000, 0x000000008bf00000, 0x000000008bf00000|100%| E|CS|TAMS 0x000000008be00000, 0x000000008be00000| Complete 
| 103|0x000000008bf00000, 0x000000008c000000, 0x000000008c000000|100%| E|CS|TAMS 0x000000008bf00000, 0x000000008bf00000| Complete 
| 104|0x000000008c000000, 0x000000008c100000, 0x000000008c100000|100%| E|CS|TAMS 0x000000008c000000, 0x000000008c000000| Complete 
| 105|0x000000008c100000, 0x000000008c200000, 0x000000008c200000|100%| E|CS|TAMS 0x000000008c100000, 0x000000008c100000| Complete 
| 106|0x000000008c200000, 0x000000008c300000, 0x000000008c300000|100%| E|CS|TAMS 0x000000008c200000, 0x000000008c200000| Complete 
| 107|0x000000008c300000, 0x000000008c400000, 0x000000008c400000|100%| E|CS|TAMS 0x000000008c300000, 0x000000008c300000| Complete 
| 108|0x000000008c400000, 0x000000008c500000, 0x000000008c500000|100%| E|CS|TAMS 0x000000008c400000, 0x000000008c400000| Complete 
| 109|0x000000008c500000, 0x000000008c600000, 0x000000008c600000|100%| E|CS|TAMS 0x000000008c500000, 0x000000008c500000| Complete 
| 110|0x000000008c600000, 0x000000008c700000, 0x000000008c700000|100%| E|CS|TAMS 0x000000008c600000, 0x000000008c600000| Complete 
| 111|0x000000008c700000, 0x000000008c800000, 0x000000008c800000|100%| E|CS|TAMS 0x000000008c700000, 0x000000008c700000| Complete 
| 112|0x000000008c800000, 0x000000008c900000, 0x000000008c900000|100%| E|CS|TAMS 0x000000008c800000, 0x000000008c800000| Complete 
| 113|0x000000008c900000, 0x000000008ca00000, 0x000000008ca00000|100%| E|CS|TAMS 0x000000008c900000, 0x000000008c900000| Complete 
| 114|0x000000008ca00000, 0x000000008cb00000, 0x000000008cb00000|100%| E|CS|TAMS 0x000000008ca00000, 0x000000008ca00000| Complete 
| 115|0x000000008cb00000, 0x000000008cc00000, 0x000000008cc00000|100%| E|CS|TAMS 0x000000008cb00000, 0x000000008cb00000| Complete 
| 116|0x000000008cc00000, 0x000000008cd00000, 0x000000008cd00000|100%| E|CS|TAMS 0x000000008cc00000, 0x000000008cc00000| Complete 
| 117|0x000000008cd00000, 0x000000008ce00000, 0x000000008ce00000|100%| E|CS|TAMS 0x000000008cd00000, 0x000000008cd00000| Complete 
| 118|0x000000008ce00000, 0x000000008cf00000, 0x000000008cf00000|100%| E|CS|TAMS 0x000000008ce00000, 0x000000008ce00000| Complete 
| 119|0x000000008cf00000, 0x000000008d000000, 0x000000008d000000|100%| E|CS|TAMS 0x000000008cf00000, 0x000000008cf00000| Complete 
| 120|0x000000008d000000, 0x000000008d100000, 0x000000008d100000|100%| E|CS|TAMS 0x000000008d000000, 0x000000008d000000| Complete 
| 121|0x000000008d100000, 0x000000008d200000, 0x000000008d200000|100%| E|CS|TAMS 0x000000008d100000, 0x000000008d100000| Complete 
| 122|0x000000008d200000, 0x000000008d300000, 0x000000008d300000|100%| E|CS|TAMS 0x000000008d200000, 0x000000008d200000| Complete 
| 123|0x000000008d300000, 0x000000008d400000, 0x000000008d400000|100%| E|CS|TAMS 0x000000008d300000, 0x000000008d300000| Complete 

Card table byte_map: [0x00000205adb50000,0x00000205adf30000] _byte_map_base: 0x00000205ad724000

Marking Bits (Prev, Next): (CMBitMap*) 0x00000205949371f0, (CMBitMap*) 0x0000020594937230
 Prev Bits: [0x00000205ae310000, 0x00000205b01b0000)
 Next Bits: [0x00000205b01b0000, 0x00000205b2050000)

Polling page: 0x0000020594630000

Metaspace:

Usage:
  Non-class:     17.77 MB used.
      Class:      2.71 MB used.
       Both:     20.48 MB used.

Virtual space:
  Non-class space:       64.00 MB reserved,      17.88 MB ( 28%) committed,  1 nodes.
      Class space:        1.00 GB reserved,       2.81 MB ( <1%) committed,  1 nodes.
             Both:        1.06 GB reserved,      20.69 MB (  2%) committed. 

Chunk freelists:
   Non-Class:  12.23 MB
       Class:  13.17 MB
        Both:  25.39 MB

MaxMetaspaceSize: unlimited
CompressedClassSpaceSize: 1.00 GB
Initial GC threshold: 21.00 MB
Current GC threshold: 21.00 MB
CDS: on
MetaspaceReclaimPolicy: balanced
 - commit_granule_bytes: 65536.
 - commit_granule_words: 8192.
 - virtual_space_node_default_size: 8388608.
 - enlarge_chunks_in_place: 1.
 - new_chunks_are_fully_committed: 0.
 - uncommit_free_chunks: 1.
 - use_allocation_guard: 0.
 - handle_deallocations: 1.


Internal statistics:

num_allocs_failed_limit: 0.
num_arena_births: 156.
num_arena_deaths: 0.
num_vsnodes_births: 2.
num_vsnodes_deaths: 0.
num_space_committed: 331.
num_space_uncommitted: 0.
num_chunks_returned_to_freelist: 0.
num_chunks_taken_from_freelist: 877.
num_chunk_merges: 0.
num_chunk_splits: 690.
num_chunks_enlarged: 608.
num_inconsistent_stats: 0.

CodeHeap 'non-profiled nmethods': size=120000Kb used=602Kb max_used=602Kb free=119397Kb
 bounds [0x00000205a55b0000, 0x00000205a5820000, 0x00000205acae0000]
CodeHeap 'profiled nmethods': size=120000Kb used=2735Kb max_used=2735Kb free=117264Kb
 bounds [0x000002059dae0000, 0x000002059dd90000, 0x00000205a5010000]
CodeHeap 'non-nmethods': size=5760Kb used=1206Kb max_used=1225Kb free=4553Kb
 bounds [0x00000205a5010000, 0x00000205a5280000, 0x00000205a55b0000]
 total_blobs=2082 nmethods=1570 adapters=425
 compilation: enabled
              stopped_count=0, restarted_count=0
 full_count=0

Compilation events (20 events):
Event: 13.335 Thread 0x00000205b4d40f60 1497       3       sun.reflect.annotation.AnnotationParser::parseSig (62 bytes)
Event: 13.336 Thread 0x00000205b4d40f60 nmethod 1497 0x000002059dd5e110 code [0x000002059dd5e400, 0x000002059dd5f5b8]
Event: 13.336 Thread 0x00000205b4d40f60 1498       3       sun.reflect.generics.parser.SignatureParser::parseTypeSig (10 bytes)
Event: 13.337 Thread 0x00000205b4d40f60 nmethod 1498 0x000002059dd5fb10 code [0x000002059dd5fcc0, 0x000002059dd5fec8]
Event: 13.337 Thread 0x00000205b4d40f60 1499       3       sun.reflect.generics.scope.ClassScope::make (9 bytes)
Event: 13.337 Thread 0x00000205b4d40f60 nmethod 1499 0x000002059dd5ff90 code [0x000002059dd60140, 0x000002059dd603f8]
Event: 13.339 Thread 0x00000205fb46cf50 nmethod 1484% 0x00000205a563ee10 code [0x00000205a563efe0, 0x00000205a5640368]
Event: 13.339 Thread 0x00000205fb46cf50 1496       4       java.util.HashMap::getNode (150 bytes)
Event: 13.342 Thread 0x00000205b4d40f60 1500   !   3       java.lang.reflect.Executable::declaredAnnotations (85 bytes)
Event: 13.343 Thread 0x00000205b4d40f60 nmethod 1500 0x000002059dd60510 code [0x000002059dd60740, 0x000002059dd61048]
Event: 13.355 Thread 0x00000205b4d40f60 1502       3       java.lang.PublicMethods$MethodList::length (24 bytes)
Event: 13.355 Thread 0x00000205b4d40f60 nmethod 1502 0x000002059dd61410 code [0x000002059dd615a0, 0x000002059dd61758]
Event: 13.355 Thread 0x00000205b4d40f60 1504       3       java.lang.Class::getInterfaces (6 bytes)
Event: 13.355 Thread 0x00000205b4d40f60 nmethod 1504 0x000002059dd61890 code [0x000002059dd61a20, 0x000002059dd61b68]
Event: 13.355 Thread 0x00000205b4d40f60 1503       1       kotlin.sequences.GeneratorSequence::access$getGetNextValue$p (5 bytes)
Event: 13.355 Thread 0x00000205b4d40f60 nmethod 1503 0x00000205a5641010 code [0x00000205a56411a0, 0x00000205a5641258]
Event: 13.355 Thread 0x00000205b4d40f60 1507       3       java.lang.PublicMethods::merge (81 bytes)
Event: 13.356 Thread 0x00000205b4d40f60 nmethod 1507 0x000002059dd61c10 code [0x000002059dd61e60, 0x000002059dd62868]
Event: 13.356 Thread 0x00000205b4d40f60 1508       3       java.lang.PublicMethods$Key::<init> (24 bytes)
Event: 13.357 Thread 0x00000205b4d40f60 nmethod 1508 0x000002059dd62c90 code [0x000002059dd62e60, 0x000002059dd631d8]

GC Heap History (4 events):
Event: 4.150 GC heap before
{Heap before GC invocations=0 (full 0):
 garbage-first heap   total 126976K, used 26624K [0x0000000085800000, 0x0000000100000000)
  region size 1024K, 23 young (23552K), 0 survivors (0K)
 Metaspace       used 7179K, committed 7296K, reserved 1114112K
  class space    used 663K, committed 704K, reserved 1048576K
}
Event: 4.165 GC heap after
{Heap after GC invocations=1 (full 0):
 garbage-first heap   total 126976K, used 6063K [0x0000000085800000, 0x0000000100000000)
  region size 1024K, 3 young (3072K), 3 survivors (3072K)
 Metaspace       used 7179K, committed 7296K, reserved 1114112K
  class space    used 663K, committed 704K, reserved 1048576K
}
Event: 6.907 GC heap before
{Heap before GC invocations=1 (full 0):
 garbage-first heap   total 126976K, used 38831K [0x0000000085800000, 0x0000000100000000)
  region size 1024K, 35 young (35840K), 3 survivors (3072K)
 Metaspace       used 13760K, committed 14016K, reserved 1114112K
  class space    used 1479K, committed 1600K, reserved 1048576K
}
Event: 6.929 GC heap after
{Heap after GC invocations=2 (full 0):
 garbage-first heap   total 126976K, used 11769K [0x0000000085800000, 0x0000000100000000)
  region size 1024K, 5 young (5120K), 5 survivors (5120K)
 Metaspace       used 13760K, committed 14016K, reserved 1114112K
  class space    used 1479K, committed 1600K, reserved 1048576K
}

Dll operation events (7 events):
Event: 0.073 Loaded shared library C:\Program Files\Microsoft\jdk-17.0.15.6-hotspot\bin\java.dll
Event: 0.220 Loaded shared library C:\Program Files\Microsoft\jdk-17.0.15.6-hotspot\bin\jsvml.dll
Event: 0.687 Loaded shared library C:\Program Files\Microsoft\jdk-17.0.15.6-hotspot\bin\net.dll
Event: 0.697 Loaded shared library C:\Program Files\Microsoft\jdk-17.0.15.6-hotspot\bin\nio.dll
Event: 0.907 Loaded shared library C:\Program Files\Microsoft\jdk-17.0.15.6-hotspot\bin\zip.dll
Event: 1.121 Loaded shared library C:\Program Files\Microsoft\jdk-17.0.15.6-hotspot\bin\jimage.dll
Event: 7.387 Loaded shared library C:\Program Files\Microsoft\jdk-17.0.15.6-hotspot\bin\verify.dll

Deoptimization events (20 events):
Event: 13.212 Thread 0x00000205948d9970 Uncommon trap: trap_request=0xffffff54 fr.pc=0x00000205a560de88 relative=0x0000000000000088
Event: 13.213 Thread 0x00000205948d9970 Uncommon trap: reason=speculate_null_assert action=make_not_entrant pc=0x00000205a560de88 method=jdk.internal.misc.Unsafe.getIntUnaligned(Ljava/lang/Object;JZ)I @ 5 c2
Event: 13.213 Thread 0x00000205948d9970 DEOPT PACKING pc=0x00000205a560de88 sp=0x000000db870fb770
Event: 13.214 Thread 0x00000205948d9970 DEOPT UNPACKING pc=0x00000205a50669a3 sp=0x000000db870fb5e0 mode 2
Event: 13.214 Thread 0x00000205948d9970 Uncommon trap: trap_request=0xffffff54 fr.pc=0x00000205a560db68 relative=0x0000000000000068
Event: 13.214 Thread 0x00000205948d9970 Uncommon trap: reason=speculate_null_assert action=make_not_entrant pc=0x00000205a560db68 method=jdk.internal.misc.Unsafe.getIntUnaligned(Ljava/lang/Object;JZ)I @ 5 c2
Event: 13.214 Thread 0x00000205948d9970 DEOPT PACKING pc=0x00000205a560db68 sp=0x000000db870fb670
Event: 13.214 Thread 0x00000205948d9970 DEOPT UNPACKING pc=0x00000205a50669a3 sp=0x000000db870fb5d8 mode 2
Event: 13.214 Thread 0x00000205948d9970 Uncommon trap: trap_request=0xffffff45 fr.pc=0x00000205a55e7ddc relative=0x000000000000023c
Event: 13.214 Thread 0x00000205948d9970 Uncommon trap: reason=unstable_if action=reinterpret pc=0x00000205a55e7ddc method=java.util.concurrent.ConcurrentHashMap.get(Ljava/lang/Object;)Ljava/lang/Object; @ 76 c2
Event: 13.215 Thread 0x00000205948d9970 DEOPT PACKING pc=0x00000205a55e7ddc sp=0x000000db870fb530
Event: 13.215 Thread 0x00000205948d9970 DEOPT UNPACKING pc=0x00000205a50669a3 sp=0x000000db870fb4a8 mode 2
Event: 13.232 Thread 0x00000205948d9970 Uncommon trap: trap_request=0xffffff45 fr.pc=0x00000205a55d5e30 relative=0x0000000000000090
Event: 13.232 Thread 0x00000205948d9970 Uncommon trap: reason=unstable_if action=reinterpret pc=0x00000205a55d5e30 method=sun.reflect.generics.parser.SignatureParser.current()C @ 39 c2
Event: 13.232 Thread 0x00000205948d9970 DEOPT PACKING pc=0x00000205a55d5e30 sp=0x000000db870faf10
Event: 13.232 Thread 0x00000205948d9970 DEOPT UNPACKING pc=0x00000205a50669a3 sp=0x000000db870faea8 mode 2
Event: 13.262 Thread 0x00000205948d9970 Uncommon trap: trap_request=0xffffffde fr.pc=0x00000205a55f5618 relative=0x0000000000000358
Event: 13.262 Thread 0x00000205948d9970 Uncommon trap: reason=class_check action=maybe_recompile pc=0x00000205a55f5618 method=java.util.HashMap.getNode(Ljava/lang/Object;)Ljava/util/HashMap$Node; @ 63 c2
Event: 13.262 Thread 0x00000205948d9970 DEOPT PACKING pc=0x00000205a55f5618 sp=0x000000db870fbfd0
Event: 13.262 Thread 0x00000205948d9970 DEOPT UNPACKING pc=0x00000205a50669a3 sp=0x000000db870fbf38 mode 2

Classes loaded (20 events):
Event: 7.820 Loading class java/io/EOFException
Event: 7.821 Loading class java/io/EOFException done
Event: 10.160 Loading class java/util/concurrent/TimeUnit$1
Event: 10.161 Loading class java/util/concurrent/TimeUnit$1 done
Event: 13.211 Loading class jdk/internal/vm/annotation/IntrinsicCandidate
Event: 13.212 Loading class jdk/internal/vm/annotation/IntrinsicCandidate done
Event: 13.228 Loading class sun/reflect/generics/repository/ClassRepository
Event: 13.229 Loading class sun/reflect/generics/repository/GenericDeclRepository
Event: 13.229 Loading class sun/reflect/generics/repository/AbstractRepository
Event: 13.231 Loading class sun/reflect/generics/repository/AbstractRepository done
Event: 13.231 Loading class sun/reflect/generics/repository/GenericDeclRepository done
Event: 13.231 Loading class sun/reflect/generics/repository/ClassRepository done
Event: 13.231 Loading class java/lang/reflect/TypeVariable
Event: 13.231 Loading class java/lang/reflect/TypeVariable done
Event: 13.231 Loading class sun/reflect/generics/tree/FormalTypeParameter
Event: 13.232 Loading class sun/reflect/generics/tree/FormalTypeParameter done
Event: 13.232 Loading class sun/reflect/generics/tree/ClassSignature
Event: 13.233 Loading class sun/reflect/generics/tree/Signature
Event: 13.235 Loading class sun/reflect/generics/tree/Signature done
Event: 13.235 Loading class sun/reflect/generics/tree/ClassSignature done

Classes unloaded (0 events):
No events

Classes redefined (0 events):
No events

Internal exceptions (20 events):
Event: 4.627 Thread 0x00000205948d9970 Exception <a 'java/lang/NoSuchMethodError'{0x000000008d0882a8}: 'long java.lang.invoke.Invokers$Holder.invokeExact_MT(java.lang.Object, java.lang.Object, java.lang.Object)'> (0x000000008d0882a8) 
thrown [s\src\hotspot\share\interpreter\linkResolver.cpp, line 759]
Event: 4.639 Thread 0x00000205948d9970 Exception <a 'java/lang/NoSuchMethodError'{0x000000008d08c7a8}: 'int java.lang.invoke.Invokers$Holder.invokeExact_MT(java.lang.Object, java.lang.Object, java.lang.Object)'> (0x000000008d08c7a8) 
thrown [s\src\hotspot\share\interpreter\linkResolver.cpp, line 759]
Event: 4.736 Thread 0x00000205948d9970 Exception <a 'java/lang/NoSuchMethodError'{0x000000008cf74638}: 'int java.lang.invoke.DirectMethodHandle$Holder.invokeStaticInit(java.lang.Object, java.lang.Object, java.lang.Object)'> (0x000000008cf74638) 
thrown [s\src\hotspot\share\interpreter\linkResolver.cpp, line 759]
Event: 4.758 Thread 0x00000205948d9970 Exception <a 'java/lang/NoSuchMethodError'{0x000000008cfa4ce0}: 'int java.lang.invoke.DirectMethodHandle$Holder.invokeStaticInit(java.lang.Object, java.lang.Object)'> (0x000000008cfa4ce0) 
thrown [s\src\hotspot\share\interpreter\linkResolver.cpp, line 759]
Event: 4.835 Thread 0x00000205948d9970 Exception <a 'java/lang/NoSuchMethodError'{0x000000008ce69c60}: 'int java.lang.invoke.DirectMethodHandle$Holder.invokeStatic(java.lang.Object)'> (0x000000008ce69c60) 
thrown [s\src\hotspot\share\interpreter\linkResolver.cpp, line 759]
Event: 4.837 Thread 0x00000205948d9970 Exception <a 'java/lang/NoSuchMethodError'{0x000000008ce6d308}: 'int java.lang.invoke.DirectMethodHandle$Holder.invokeStaticInit(java.lang.Object)'> (0x000000008ce6d308) 
thrown [s\src\hotspot\share\interpreter\linkResolver.cpp, line 759]
Event: 4.856 Thread 0x00000205948d9970 Exception <a 'java/lang/NoSuchMethodError'{0x000000008ce97f88}: 'java.lang.Object java.lang.invoke.DirectMethodHandle$Holder.invokeStatic(java.lang.Object, java.lang.Object, int, java.lang.Object, int)'> (0x000000008ce97f88) 
thrown [s\src\hotspot\share\interpreter\linkResolver.cpp, line 759]
Event: 4.858 Thread 0x00000205948d9970 Exception <a 'java/lang/NoSuchMethodError'{0x000000008ce9f2b8}: 'java.lang.Object java.lang.invoke.DirectMethodHandle$Holder.newInvokeSpecial(java.lang.Object, java.lang.Object, int)'> (0x000000008ce9f2b8) 
thrown [s\src\hotspot\share\interpreter\linkResolver.cpp, line 759]
Event: 4.874 Thread 0x00000205948d9970 Exception <a 'java/lang/NoSuchMethodError'{0x000000008ced0cd0}: 'void java.lang.invoke.DirectMethodHandle$Holder.invokeSpecial(java.lang.Object, java.lang.Object, java.lang.Object)'> (0x000000008ced0cd0) 
thrown [s\src\hotspot\share\interpreter\linkResolver.cpp, line 759]
Event: 5.705 Thread 0x00000205948d9970 Exception <a 'java/lang/NoSuchMethodError'{0x000000008c75ae18}: 'java.lang.Object java.lang.invoke.DirectMethodHandle$Holder.invokeInterface(java.lang.Object, java.lang.Object)'> (0x000000008c75ae18) 
thrown [s\src\hotspot\share\interpreter\linkResolver.cpp, line 759]
Event: 5.863 Thread 0x00000205948d9970 Exception <a 'java/lang/NoSuchMethodError'{0x000000008c5dfa50}: 'void java.lang.invoke.DirectMethodHandle$Holder.invokeStaticInit(java.lang.Object, java.lang.Object)'> (0x000000008c5dfa50) 
thrown [s\src\hotspot\share\interpreter\linkResolver.cpp, line 759]
Event: 6.041 Thread 0x00000205948d9970 Exception <a 'java/lang/NoSuchMethodError'{0x000000008c3d9ff8}: 'int java.lang.invoke.DirectMethodHandle$Holder.invokeVirtual(java.lang.Object, java.lang.Object, java.lang.Object)'> (0x000000008c3d9ff8) 
thrown [s\src\hotspot\share\interpreter\linkResolver.cpp, line 759]
Event: 6.359 Thread 0x00000205948d9970 Exception <a 'java/lang/NoSuchMethodError'{0x000000008bf1dd58}: 'void java.lang.invoke.DirectMethodHandle$Holder.invokeVirtual(java.lang.Object, java.lang.Object)'> (0x000000008bf1dd58) 
thrown [s\src\hotspot\share\interpreter\linkResolver.cpp, line 759]
Event: 6.444 Thread 0x00000205948d9970 Exception <a 'java/lang/NoSuchMethodError'{0x000000008bfa66d8}: 'java.lang.Object java.lang.invoke.DirectMethodHandle$Holder.invokeStatic(java.lang.Object, java.lang.Object, long, long)'> (0x000000008bfa66d8) 
thrown [s\src\hotspot\share\interpreter\linkResolver.cpp, line 759]
Event: 6.482 Thread 0x00000205948d9970 Exception <a 'java/lang/NoSuchMethodError'{0x000000008bfcc048}: 'java.lang.Object java.lang.invoke.Invokers$Holder.invoke_MT(java.lang.Object, java.lang.Object, java.lang.Object)'> (0x000000008bfcc048) 
thrown [s\src\hotspot\share\interpreter\linkResolver.cpp, line 759]
Event: 6.506 Thread 0x00000205948d9970 Exception <a 'java/lang/NoSuchMethodError'{0x000000008bfdd350}: 'java.lang.Object java.lang.invoke.DirectMethodHandle$Holder.invokeStatic(java.lang.Object, java.lang.Object, java.lang.Object, long, java.lang.Object)'> (0x000000008bfdd350) 
thrown [s\src\hotspot\share\interpreter\linkResolver.cpp, line 759]
Event: 6.508 Thread 0x00000205948d9970 Exception <a 'java/lang/NoSuchMethodError'{0x000000008bfe53c8}: 'java.lang.Object java.lang.invoke.DirectMethodHandle$Holder.newInvokeSpecial(java.lang.Object, java.lang.Object, java.lang.Object, long)'> (0x000000008bfe53c8) 
thrown [s\src\hotspot\share\interpreter\linkResolver.cpp, line 759]
Event: 7.258 Thread 0x00000205948d9970 Exception <a 'java/lang/NoSuchMethodError'{0x000000008d00a320}: 'java.lang.Object java.lang.invoke.DirectMethodHandle$Holder.newInvokeSpecial(java.lang.Object, int, java.lang.Object, java.lang.Object, java.lang.Object, java.lang.Object)'> (0x000000008d00a320) 
thrown [s\src\hotspot\share\interpreter\linkResolver.cpp, line 759]
Event: 9.267 Thread 0x00000205948d9970 Exception <a 'java/lang/NoSuchMethodError'{0x000000008c9ab0c0}: 'java.lang.Object java.lang.invoke.DirectMethodHandle$Holder.newInvokeSpecial(java.lang.Object, java.lang.Object, java.lang.Object, java.lang.Object, java.lang.Object, java.lang.Object, java.lang.Object)'> (0x000000008c9ab0c0) 
thrown [s\src\hotspot\share\interpreter\linkResolver.cpp, line 759]
Event: 9.271 Thread 0x00000205948d9970 Exception <a 'java/lang/NoSuchMethodError'{0x000000008c9af9d0}: 'java.lang.Object java.lang.invoke.Invokers$Holder.linkToTargetMethod(java.lang.Object, java.lang.Object, java.lang.Object, java.lang.Object, java.lang.Object, java.lang.Object, java.lang.Object)'> (0x000000008c9af9d0) 
thrown [s\src\hotspot\share\interpreter\linkResolver.cpp, line 759]

VM Operations (20 events):
Event: 6.177 Executing VM operation: Cleanup
Event: 6.177 Executing VM operation: Cleanup done
Event: 6.907 Executing VM operation: G1CollectForAllocation
Event: 6.929 Executing VM operation: G1CollectForAllocation done
Event: 7.649 Executing VM operation: HandshakeAllThreads
Event: 7.649 Executing VM operation: HandshakeAllThreads done
Event: 7.689 Executing VM operation: HandshakeAllThreads
Event: 7.689 Executing VM operation: HandshakeAllThreads done
Event: 7.689 Executing VM operation: HandshakeAllThreads
Event: 7.689 Executing VM operation: HandshakeAllThreads done
Event: 8.701 Executing VM operation: Cleanup
Event: 8.751 Executing VM operation: Cleanup done
Event: 9.762 Executing VM operation: Cleanup
Event: 9.778 Executing VM operation: Cleanup done
Event: 10.790 Executing VM operation: Cleanup
Event: 11.767 Executing VM operation: Cleanup done
Event: 12.779 Executing VM operation: Cleanup
Event: 12.779 Executing VM operation: Cleanup done
Event: 13.790 Executing VM operation: Cleanup
Event: 13.790 Executing VM operation: Cleanup done

Memory protections (0 events):
No events

Nmethod flushes (0 events):
No events

Events (13 events):
Event: 0.222 Thread 0x00000205948d9970 Thread added: 0x00000205948d9970
Event: 0.251 Thread 0x00000205948d9970 Thread added: 0x00000205b4d18800
Event: 0.252 Thread 0x00000205948d9970 Thread added: 0x00000205b4d19d30
Event: 0.311 Thread 0x00000205948d9970 Thread added: 0x00000205b4d30050
Event: 0.312 Thread 0x00000205948d9970 Thread added: 0x00000205b4d34a20
Event: 0.312 Thread 0x00000205948d9970 Thread added: 0x00000205b4d353e0
Event: 0.312 Thread 0x00000205948d9970 Thread added: 0x00000205b4d36db0
Event: 0.312 Thread 0x00000205948d9970 Thread added: 0x00000205b4d38b60
Event: 0.333 Thread 0x00000205948d9970 Thread added: 0x00000205b4d40f60
Event: 0.341 Thread 0x00000205948d9970 Thread added: 0x00000205b4d7dd10
Event: 0.648 Thread 0x00000205948d9970 Thread added: 0x00000205fa0ffc80
Event: 0.655 Thread 0x00000205948d9970 Thread added: 0x00000205fa1025c0
Event: 13.285 Thread 0x00000205b4d40f60 Thread added: 0x00000205fb46cf50


Dynamic libraries:
0x00007ff67ed90000 - 0x00007ff67ed9e000 	C:\Program Files\Microsoft\jdk-17.0.15.6-hotspot\bin\java.exe
0x00007ffd97c20000 - 0x00007ffd97e87000 	C:\WINDOWS\SYSTEM32\ntdll.dll
0x00007ffd95d70000 - 0x00007ffd95e39000 	C:\WINDOWS\System32\KERNEL32.DLL
0x00007ffd948b0000 - 0x00007ffd94ca7000 	C:\WINDOWS\System32\KERNELBASE.dll
0x00007ffd955d0000 - 0x00007ffd9571b000 	C:\WINDOWS\System32\ucrtbase.dll
0x00007ffd51b10000 - 0x00007ffd51b27000 	C:\Program Files\Microsoft\jdk-17.0.15.6-hotspot\bin\jli.dll
0x00007ffd51af0000 - 0x00007ffd51b0d000 	C:\Program Files\Microsoft\jdk-17.0.15.6-hotspot\bin\VCRUNTIME140.dll
0x00007ffd97500000 - 0x00007ffd976c6000 	C:\WINDOWS\System32\USER32.dll
0x00007ffd94650000 - 0x00007ffd94677000 	C:\WINDOWS\System32\win32u.dll
0x00007ffd973f0000 - 0x00007ffd9741b000 	C:\WINDOWS\System32\GDI32.dll
0x00007ffd95870000 - 0x00007ffd9599c000 	C:\WINDOWS\System32\gdi32full.dll
0x00007ffd94800000 - 0x00007ffd948a3000 	C:\WINDOWS\System32\msvcp_win.dll
0x00007ffd70790000 - 0x00007ffd70a22000 	C:\WINDOWS\WinSxS\amd64_microsoft.windows.common-controls_6595b64144ccf1df_6.0.26100.8328_none_3e08182ce334b678\COMCTL32.dll
0x00007ffd97450000 - 0x00007ffd974f9000 	C:\WINDOWS\System32\msvcrt.dll
0x00007ffd973b0000 - 0x00007ffd973e2000 	C:\WINDOWS\System32\IMM32.DLL
0x00007ffd51ae0000 - 0x00007ffd51aec000 	C:\Program Files\Microsoft\jdk-17.0.15.6-hotspot\bin\vcruntime140_1.dll
0x00007ffd51a50000 - 0x00007ffd51add000 	C:\Program Files\Microsoft\jdk-17.0.15.6-hotspot\bin\msvcp140.dll
0x00007ffd083a0000 - 0x00007ffd09012000 	C:\Program Files\Microsoft\jdk-17.0.15.6-hotspot\bin\server\jvm.dll
0x00007ffd97ab0000 - 0x00007ffd97b66000 	C:\WINDOWS\System32\ADVAPI32.dll
0x00007ffd976f0000 - 0x00007ffd97797000 	C:\WINDOWS\System32\sechost.dll
0x00007ffd96030000 - 0x00007ffd96148000 	C:\WINDOWS\System32\RPCRT4.dll
0x00007ffd95ce0000 - 0x00007ffd95d60000 	C:\WINDOWS\System32\WS2_32.dll
0x00007ffd944b0000 - 0x00007ffd9450e000 	C:\WINDOWS\SYSTEM32\POWRPROF.dll
0x00007ffd8c750000 - 0x00007ffd8c786000 	C:\WINDOWS\SYSTEM32\WINMM.dll
0x00007ffd80a90000 - 0x00007ffd80a9b000 	C:\WINDOWS\SYSTEM32\VERSION.dll
0x00007ffd94490000 - 0x00007ffd944a4000 	C:\WINDOWS\SYSTEM32\UMPDC.dll
0x00007ffd933b0000 - 0x00007ffd933cb000 	C:\WINDOWS\SYSTEM32\kernel.appcore.dll
0x00007ffd51a40000 - 0x00007ffd51a4a000 	C:\Program Files\Microsoft\jdk-17.0.15.6-hotspot\bin\jimage.dll
0x00007ffd92550000 - 0x00007ffd92792000 	C:\WINDOWS\SYSTEM32\DBGHELP.DLL
0x00007ffd97020000 - 0x00007ffd973a3000 	C:\WINDOWS\System32\combase.dll
0x00007ffd967c0000 - 0x00007ffd96899000 	C:\WINDOWS\System32\OLEAUT32.dll
0x00007ffd6b740000 - 0x00007ffd6b77b000 	C:\WINDOWS\SYSTEM32\dbgcore.DLL
0x00007ffd95520000 - 0x00007ffd955c8000 	C:\WINDOWS\System32\bcryptPrimitives.dll
0x00007ffd51a10000 - 0x00007ffd51a35000 	C:\Program Files\Microsoft\jdk-17.0.15.6-hotspot\bin\java.dll
0x00007ffd46730000 - 0x00007ffd46806000 	C:\Program Files\Microsoft\jdk-17.0.15.6-hotspot\bin\jsvml.dll
0x00007ffd968a0000 - 0x00007ffd9700e000 	C:\WINDOWS\System32\SHELL32.dll
0x00007ffd94cb0000 - 0x00007ffd9551c000 	C:\WINDOWS\System32\windows.storage.dll
0x00007ffd95be0000 - 0x00007ffd95cd6000 	C:\WINDOWS\System32\SHCORE.dll
0x00007ffd97b70000 - 0x00007ffd97bd6000 	C:\WINDOWS\System32\shlwapi.dll
0x00007ffd94570000 - 0x00007ffd94599000 	C:\WINDOWS\SYSTEM32\profapi.dll
0x00007ffd519f0000 - 0x00007ffd51a0a000 	C:\Program Files\Microsoft\jdk-17.0.15.6-hotspot\bin\net.dll
0x00007ffd8b780000 - 0x00007ffd8b8a9000 	C:\WINDOWS\SYSTEM32\WINHTTP.dll
0x00007ffd93950000 - 0x00007ffd939bc000 	C:\WINDOWS\system32\mswsock.dll
0x00007ffd519d0000 - 0x00007ffd519e6000 	C:\Program Files\Microsoft\jdk-17.0.15.6-hotspot\bin\nio.dll
0x00007ffd519b0000 - 0x00007ffd519c8000 	C:\Program Files\Microsoft\jdk-17.0.15.6-hotspot\bin\zip.dll
0x00007ffd519a0000 - 0x00007ffd519b0000 	C:\Program Files\Microsoft\jdk-17.0.15.6-hotspot\bin\verify.dll

dbghelp: loaded successfully - version: 4.0.5 - missing functions: none
symbol engine: initialized successfully - sym options: 0x614 - pdb path: .;C:\Program Files\Microsoft\jdk-17.0.15.6-hotspot\bin;C:\WINDOWS\SYSTEM32;C:\WINDOWS\WinSxS\amd64_microsoft.windows.common-controls_6595b64144ccf1df_6.0.26100.8328_none_3e08182ce334b678;C:\Program Files\Microsoft\jdk-17.0.15.6-hotspot\bin\server

VM Arguments:
java_command: org.jetbrains.kotlin.cli.jvm.K2JVMCompiler @D:\Parkitdemo\Updated-Sundukpay\node_modules\react-native-gesture-handler\android\build\20260507_2877007956419713389.compiler.options
java_class_path (initial): C:\Users\HP\.gradle\caches\modules-2\files-2.1\org.jetbrains.kotlin\kotlin-compiler-embeddable\2.1.20\4ef56b3316798316bfac7a0ae443391c9e900ea1\kotlin-compiler-embeddable-2.1.20.jar;C:\Users\HP\.gradle\caches\modules-2\files-2.1\org.jetbrains.kotlin\kotlin-stdlib\2.1.20\aa8ca79cd50578314f6d1180c47cbe14c0fee567\kotlin-stdlib-2.1.20.jar;C:\Users\HP\.gradle\caches\modules-2\files-2.1\org.jetbrains.kotlin\kotlin-script-runtime\2.1.20\f7c623d7f7bdb01f5ccd6b437bc0a937fcd7c57e\kotlin-script-runtime-2.1.20.jar;C:\Users\HP\.gradle\caches\modules-2\files-2.1\org.jetbrains.kotlin\kotlin-reflect\1.6.10\1cbe9c92c12a94eea200d23c2bbaedaf3daf5132\kotlin-reflect-1.6.10.jar;C:\Users\HP\.gradle\caches\modules-2\files-2.1\org.jetbrains.kotlin\kotlin-daemon-embeddable\2.1.20\95670fce77befd02a70a0bc3abe8ee4533521334\kotlin-daemon-embeddable-2.1.20.jar;C:\Users\HP\.gradle\caches\modules-2\files-2.1\org.jetbrains.intellij.deps\trove4j\1.0.20200330\3afb14d5f9ceb459d724e907a21145e8ff394f02\trove4j-1.0.20200330.jar;C:\Users\HP\.gradle\caches\modules-2\files-2.1\org.jetbrains.kotlinx\kotlinx-coroutines-core-jvm\1.8.0\ac1dc37a30a93150b704022f8d895ee1bd3a36b3\kotlinx-coroutines-core-jvm-1.8.0.jar;C:\Users\HP\.gradle\caches\modules-2\files-2.1\org.jetbrains\annotations\13.0\919f0dfe192fb4e063e7dacadee7f8bb9a2672a9\annotations-13.0.jar
Launcher Type: SUN_STANDARD

[Global flags]
     intx CICompilerCount                          = 4                                         {product} {ergonomic}
     uint ConcGCThreads                            = 3                                         {product} {ergonomic}
     uint G1ConcRefinementThreads                  = 10                                        {product} {ergonomic}
   size_t G1HeapRegionSize                         = 1048576                                   {product} {ergonomic}
    uintx GCDrainStackTargetSize                   = 64                                        {product} {ergonomic}
   size_t InitialHeapSize                          = 130023424                                 {product} {ergonomic}
   size_t MarkStackSize                            = 4194304                                   {product} {ergonomic}
   size_t MaxHeapSize                              = 2055208960                                {product} {ergonomic}
   size_t MaxNewSize                               = 1233125376                                {product} {ergonomic}
   size_t MinHeapDeltaBytes                        = 1048576                                   {product} {ergonomic}
   size_t MinHeapSize                              = 8388608                                   {product} {ergonomic}
    uintx NonNMethodCodeHeapSize                   = 5839372                                {pd product} {ergonomic}
    uintx NonProfiledCodeHeapSize                  = 122909434                              {pd product} {ergonomic}
    uintx ProfiledCodeHeapSize                     = 122909434                              {pd product} {ergonomic}
    uintx ReservedCodeCacheSize                    = 251658240                              {pd product} {ergonomic}
     bool SegmentedCodeCache                       = true                                      {product} {ergonomic}
   size_t SoftMaxHeapSize                          = 2055208960                             {manageable} {ergonomic}
     bool UseCompressedClassPointers               = true                           {product lp64_product} {ergonomic}
     bool UseCompressedOops                        = true                           {product lp64_product} {ergonomic}
     bool UseG1GC                                  = true                                      {product} {ergonomic}
     bool UseLargePagesIndividualAllocation        = false                                  {pd product} {ergonomic}

Logging:
Log output configuration:
 #0: stdout all=warning uptime,level,tags
 #1: stderr all=off uptime,level,tags

Environment Variables:
JAVA_HOME=C:\Program Files\Microsoft\jdk-17.0.15.6-hotspot
PATH=C:\Users\HP\AppData\Local\Programs\Microsoft VS Code;C:\Program Files\Microsoft\jdk-17.0.15.6-hotspot\bin;C:\WINDOWS\system32;C:\WINDOWS;C:\WINDOWS\System32\Wbem;C:\WINDOWS\System32\WindowsPowerShell\v1.0\;C:\WINDOWS\System32\OpenSSH\;C:\Program Files\Git\cmd;C:\Program Files\dotnet\;C:\ProgramData\chocolatey\bin;C:\Users\HP\AppData\Local\Android\Sdk\platform-tools;C:\Users\HP\AppData\Local\Android\Sdk;C:\Users\HP\AppData\Local\Android\Sdk\emulator;;C:\Program Files\Docker\Docker\resources\bin;C:\Program Files\PuTTY\;C:\Program Files\nodejs\;C:\Program Files\MySQL\MySQL Shell 8.0\bin\;C:\Users\HP\AppData\Local\Microsoft\WindowsApps;C:\Users\HP\AppData\Local\Programs\Microsoft VS Code\bin;C:\Users\HP\AppData\Local\Android\Sdk\platform-tools;C:\Users\HP\AppData\Local\Android\Sdk;C:\Users\HP\AppData\Local\Android\Sdk\emulator;C:\Users\HP\AppData\Roaming\npm;c:\Users\HP\.vscode\extensions\vscjava.vscode-java-debug-0.59.0\bundled\scripts\noConfigScripts
USERNAME=HP
LANG=en_US.UTF-8
OS=Windows_NT
PROCESSOR_IDENTIFIER=Intel64 Family 6 Model 154 Stepping 4, GenuineIntel
TMP=C:\Users\HP\AppData\Local\Temp
TEMP=C:\Users\HP\AppData\Local\Temp



Periodic native trim disabled


---------------  S Y S T E M  ---------------

OS:
 Windows 11 , 64 bit Build 26100 (10.0.26100.8328)
OS uptime: 0 days 2:26 hours
Hyper-V role detected

CPU: total 12 (initial active 12) (6 cores per cpu, 2 threads per core) family 6 model 154 stepping 4 microcode 0x432, cx8, cmov, fxsr, ht, mmx, 3dnowpref, sse, sse2, sse3, ssse3, sse4.1, sse4.2, popcnt, lzcnt, tsc, tscinvbit, avx, avx2, aes, erms, clmul, bmi1, bmi2, adx, sha, fma, vzeroupper, clflush, clflushopt, clwb, hv
Processor Information for processor 0
  Max Mhz: 1300, Current Mhz: 1300, Mhz Limit: 1300
Processor Information for processor 1
  Max Mhz: 1300, Current Mhz: 1300, Mhz Limit: 1300
Processor Information for processor 2
  Max Mhz: 1300, Current Mhz: 1300, Mhz Limit: 1300
Processor Information for processor 3
  Max Mhz: 1300, Current Mhz: 1300, Mhz Limit: 1300
Processor Information for processor 4
  Max Mhz: 1300, Current Mhz: 900, Mhz Limit: 897
Processor Information for processor 5
  Max Mhz: 1300, Current Mhz: 900, Mhz Limit: 897
Processor Information for processor 6
  Max Mhz: 1300, Current Mhz: 900, Mhz Limit: 897
Processor Information for processor 7
  Max Mhz: 1300, Current Mhz: 900, Mhz Limit: 897
Processor Information for processor 8
  Max Mhz: 1300, Current Mhz: 900, Mhz Limit: 897
Processor Information for processor 9
  Max Mhz: 1300, Current Mhz: 900, Mhz Limit: 897
Processor Information for processor 10
  Max Mhz: 1300, Current Mhz: 900, Mhz Limit: 897
Processor Information for processor 11
  Max Mhz: 1300, Current Mhz: 900, Mhz Limit: 897

Memory: 4k page, system-wide physical 7835M (1081M free)
TotalPageFile size 31387M (AvailPageFile size 10M)
current process WorkingSet (physical memory assigned to process): 123M, peak: 123M
current process commit charge ("private bytes"): 264M, peak: 266M

vm_info: OpenJDK 64-Bit Server VM (17.0.15+6-LTS) for windows-amd64 JRE (17.0.15+6-LTS), built on Apr  9 2025 22:27:25 by "MicrosoftCorporation" with unknown MS VC++:1939

END.
