#
# There is insufficient memory for the Java Runtime Environment to continue.
# Native memory allocation (malloc) failed to allocate 1047216 bytes. Error detail: Chunk::new
# Possible reasons:
#   The system is out of physical RAM or swap space
#   This process is running with CompressedOops enabled, and the Java Heap may be blocking the growth of the native heap
# Possible solutions:
#   Reduce memory load on the system
#   Increase physical memory or swap space
#   Check if swap backing store is full
#   Decrease Java heap size (-Xmx/-Xms)
#   Decrease number of Java threads
#   Decrease Java thread stack sizes (-Xss)
#   Set larger code cache with -XX:ReservedCodeCacheSize=
#   JVM is running with Unscaled Compressed Oops mode in which the Java heap is
#     placed in the first 4GB address space. The Java Heap base address is the
#     maximum limit for the native heap growth. Please use -XX:HeapBaseMinAddress
#     to set the Java Heap base and to place the Java Heap above 4GB virtual address.
# This output file may be truncated or incomplete.
#
#  Out of Memory Error (arena.cpp:191), pid=12892, tid=1796
#
# JRE version: OpenJDK Runtime Environment Microsoft-11369865 (17.0.15+6) (build 17.0.15+6-LTS)
# Java VM: OpenJDK 64-Bit Server VM Microsoft-11369865 (17.0.15+6-LTS, mixed mode, sharing, tiered, compressed oops, compressed class ptrs, g1 gc, windows-amd64)
# No core dump will be written. Minidumps are not enabled by default on client versions of Windows
#

---------------  S U M M A R Y ------------

Command Line: org.jetbrains.kotlin.cli.jvm.K2JVMCompiler @D:\Parkitdemo\Updated-Sundukpay\node_modules\react-native-html-to-pdf\android\build\20260507_1225919953487083302.compiler.options

Host: 12th Gen Intel(R) Core(TM) i5-1235U, 12 cores, 7G,  Windows 11 , 64 bit Build 26100 (10.0.26100.8328)
Time: Thu May  7 15:44:13 2026 India Standard Time elapsed time: 46.964528 seconds (0d 0h 0m 46s)

---------------  T H R E A D  ---------------

Current thread (0x0000015d234c5660):  JavaThread "C2 CompilerThread0" daemon [_thread_in_native, id=1796, stack(0x0000000463d00000,0x0000000463e00000)]


Current CompileTask:
C2:  46968 7058   !   4       org.jetbrains.kotlin.metadata.ProtoBuf$ValueParameter::<init> (513 bytes)

Stack: [0x0000000463d00000,0x0000000463e00000]
Native frames: (J=compiled Java code, j=interpreted, Vv=VM code, C=native code)
V  [jvm.dll+0x6887a9]
V  [jvm.dll+0x83f5a8]
V  [jvm.dll+0x841053]
V  [jvm.dll+0x8416c3]
V  [jvm.dll+0x2496ef]
V  [jvm.dll+0xad134]
V  [jvm.dll+0xad7cc]
V  [jvm.dll+0x36af2e]
V  [jvm.dll+0x335513]
V  [jvm.dll+0x3349aa]
V  [jvm.dll+0x21a908]
V  [jvm.dll+0x219d3f]
V  [jvm.dll+0x1a55f6]
V  [jvm.dll+0x22a39a]
V  [jvm.dll+0x2284db]
V  [jvm.dll+0x7f4e28]
V  [jvm.dll+0x7ef2dc]
V  [jvm.dll+0x687687]
C  [ucrtbase.dll+0x37b0]
C  [KERNEL32.DLL+0x2e957]
C  [ntdll.dll+0x427c]


---------------  P R O C E S S  ---------------

Threads class SMR info:
_java_thread_list=0x0000015d6ad1c5b0, length=14, elements={
0x0000015d030395b0, 0x0000015d234a84d0, 0x0000015d234a8e90, 0x0000015d234c0850,
0x0000015d234c1120, 0x0000015d234c1ae0, 0x0000015d234c34b0, 0x0000015d234c5660,
0x0000015d234d0210, 0x0000015d234d3790, 0x0000015d2361b6d0, 0x0000015d23626680,
0x0000015d6a1d0760, 0x0000015d238bb2e0
}

Java Threads: ( => current thread )
  0x0000015d030395b0 JavaThread "main" [_thread_in_vm, id=15524, stack(0x0000000463000000,0x0000000463100000)]
  0x0000015d234a84d0 JavaThread "Reference Handler" daemon [_thread_blocked, id=19908, stack(0x0000000463700000,0x0000000463800000)]
  0x0000015d234a8e90 JavaThread "Finalizer" daemon [_thread_blocked, id=25864, stack(0x0000000463800000,0x0000000463900000)]
  0x0000015d234c0850 JavaThread "Signal Dispatcher" daemon [_thread_blocked, id=3044, stack(0x0000000463900000,0x0000000463a00000)]
  0x0000015d234c1120 JavaThread "Attach Listener" daemon [_thread_blocked, id=16296, stack(0x0000000463a00000,0x0000000463b00000)]
  0x0000015d234c1ae0 JavaThread "Service Thread" daemon [_thread_blocked, id=27364, stack(0x0000000463b00000,0x0000000463c00000)]
  0x0000015d234c34b0 JavaThread "Monitor Deflation Thread" daemon [_thread_blocked, id=8268, stack(0x0000000463c00000,0x0000000463d00000)]
=>0x0000015d234c5660 JavaThread "C2 CompilerThread0" daemon [_thread_in_native, id=1796, stack(0x0000000463d00000,0x0000000463e00000)]
  0x0000015d234d0210 JavaThread "C1 CompilerThread0" daemon [_thread_blocked, id=22460, stack(0x0000000463e00000,0x0000000463f00000)]
  0x0000015d234d3790 JavaThread "Sweeper thread" daemon [_thread_blocked, id=13460, stack(0x0000000463f00000,0x0000000464000000)]
  0x0000015d2361b6d0 JavaThread "Notification Thread" daemon [_thread_blocked, id=20684, stack(0x0000000464000000,0x0000000464100000)]
  0x0000015d23626680 JavaThread "Common-Cleaner" daemon [_thread_blocked, id=9124, stack(0x0000000464200000,0x0000000464300000)]
  0x0000015d6a1d0760 JavaThread "C2 CompilerThread1" daemon [_thread_blocked, id=6796, stack(0x0000000464f00000,0x0000000465000000)]
  0x0000015d238bb2e0 JavaThread "C2 CompilerThread2" daemon [_thread_in_native, id=20076, stack(0x0000000465000000,0x0000000465100000)]

Other Threads:
  0x0000015d234a1980 VMThread "VM Thread" [stack: 0x0000000463600000,0x0000000463700000] [id=12392]
  0x0000015d2361dbc0 WatcherThread [stack: 0x0000000464100000,0x0000000464200000] [id=25180]
  0x0000015d03096910 GCTaskThread "GC Thread#0" [stack: 0x0000000463100000,0x0000000463200000] [id=25828]
  0x0000015d6927b0a0 GCTaskThread "GC Thread#1" [stack: 0x0000000464300000,0x0000000464400000] [id=22836]
  0x0000015d692b1830 GCTaskThread "GC Thread#2" [stack: 0x0000000464400000,0x0000000464500000] [id=24032]
  0x0000015d692b1ef0 GCTaskThread "GC Thread#3" [stack: 0x0000000464500000,0x0000000464600000] [id=5064]
  0x0000015d692b21b0 GCTaskThread "GC Thread#4" [stack: 0x0000000464600000,0x0000000464700000] [id=28392]
  0x0000015d69349f30 GCTaskThread "GC Thread#5" [stack: 0x0000000464700000,0x0000000464800000] [id=17904]
  0x0000015d23586530 GCTaskThread "GC Thread#6" [stack: 0x0000000464800000,0x0000000464900000] [id=4512]
  0x0000015d6905dfe0 GCTaskThread "GC Thread#7" [stack: 0x0000000464900000,0x0000000464a00000] [id=12668]
  0x0000015d69620110 GCTaskThread "GC Thread#8" [stack: 0x0000000464a00000,0x0000000464b00000] [id=12608]
  0x0000015d69998590 GCTaskThread "GC Thread#9" [stack: 0x0000000464b00000,0x0000000464c00000] [id=21520]
  0x0000015d030a6c60 ConcurrentGCThread "G1 Main Marker" [stack: 0x0000000463200000,0x0000000463300000] [id=4380]
  0x0000015d030a8250 ConcurrentGCThread "G1 Conc#0" [stack: 0x0000000463300000,0x0000000463400000] [id=15984]
  0x0000015d69997a90 ConcurrentGCThread "G1 Conc#1" [stack: 0x0000000464c00000,0x0000000464d00000] [id=11016]
  0x0000015d69998dd0 ConcurrentGCThread "G1 Conc#2" [stack: 0x0000000464d00000,0x0000000464e00000] [id=22780]
  0x0000015d233484f0 ConcurrentGCThread "G1 Refine#0" [stack: 0x0000000463400000,0x0000000463500000] [id=6712]
  0x0000015d697e3fe0 ConcurrentGCThread "G1 Refine#1" [stack: 0x0000000464e00000,0x0000000464f00000] [id=22484]
  0x0000015d23348d30 ConcurrentGCThread "G1 Service" [stack: 0x0000000463500000,0x0000000463600000] [id=6788]

Threads with active compile tasks:
C2 CompilerThread0    48004 7058   !   4       org.jetbrains.kotlin.metadata.ProtoBuf$ValueParameter::<init> (513 bytes)
C2 CompilerThread2    48005 7093   !   4       org.jetbrains.kotlin.metadata.ProtoBuf$Type$Argument::<init> (401 bytes)

VM state: not at safepoint (normal execution)

VM Mutex/Monitor currently owned by a thread:  ([mutex/lock_event])
[0x0000015d03001f50] Metaspace_lock - owner thread: 0x0000015d030395b0

Heap address: 0x0000000085800000, size: 1960 MB, Compressed Oops mode: 32-bit

CDS archive(s) mapped at: [0x0000015d24000000-0x0000015d24bb0000-0x0000015d24bb0000), size 12255232, SharedBaseAddress: 0x0000015d24000000, ArchiveRelocationMode: 1.
Compressed class space mapped at: 0x0000015d25000000-0x0000015d65000000, reserved size: 1073741824
Narrow klass base: 0x0000015d24000000, Narrow klass shift: 0, Narrow klass range: 0x100000000

GC Precious Log:
 CPUs: 12 total, 12 available
 Memory: 7835M
 Large Page Support: Disabled
 NUMA Support: Disabled
 Compressed Oops: Enabled (32-bit)
 Heap Region Size: 1M
 Heap Min Capacity: 8M
 Heap Initial Capacity: 124M
 Heap Max Capacity: 1960M
 Pre-touch: Disabled
 Parallel Workers: 10
 Concurrent Workers: 3
 Concurrent Refinement Workers: 10
 Periodic GC: Disabled

Heap:
 garbage-first heap   total 90112K, used 50306K [0x0000000085800000, 0x0000000100000000)
  region size 1024K, 7 young (7168K), 3 survivors (3072K)
 Metaspace       used 55949K, committed 56192K, reserved 1114112K
  class space    used 6514K, committed 6656K, reserved 1048576K

Heap Regions: E=young(eden), S=young(survivor), O=old, HS=humongous(starts), HC=humongous(continues), CS=collection set, F=free, OA=open archive, CA=closed archive, TAMS=top-at-mark-start (previous, next)
|   0|0x0000000085800000, 0x0000000085900000, 0x0000000085900000|100%|HS|  |TAMS 0x0000000085900000, 0x0000000085800000| Complete 
|   1|0x0000000085900000, 0x0000000085a00000, 0x0000000085a00000|100%|HC|  |TAMS 0x0000000085a00000, 0x0000000085900000| Complete 
|   2|0x0000000085a00000, 0x0000000085b00000, 0x0000000085b00000|100%|HC|  |TAMS 0x0000000085b00000, 0x0000000085a00000| Complete 
|   3|0x0000000085b00000, 0x0000000085c00000, 0x0000000085c00000|100%| O|  |TAMS 0x0000000085c00000, 0x0000000085b00000| Untracked 
|   4|0x0000000085c00000, 0x0000000085d00000, 0x0000000085d00000|100%| O|  |TAMS 0x0000000085d00000, 0x0000000085c00000| Untracked 
|   5|0x0000000085d00000, 0x0000000085e00000, 0x0000000085e00000|100%|HS|  |TAMS 0x0000000085e00000, 0x0000000085d00000| Complete 
|   6|0x0000000085e00000, 0x0000000085f00000, 0x0000000085f00000|100%|HS|  |TAMS 0x0000000085f00000, 0x0000000085e00000| Complete 
|   7|0x0000000085f00000, 0x0000000086000000, 0x0000000086000000|100%| O|  |TAMS 0x0000000086000000, 0x0000000085f00000| Untracked 
|   8|0x0000000086000000, 0x0000000086100000, 0x0000000086100000|100%| O|  |TAMS 0x0000000086100000, 0x0000000086000000| Untracked 
|   9|0x0000000086100000, 0x0000000086200000, 0x0000000086200000|100%| O|  |TAMS 0x0000000086200000, 0x0000000086100000| Untracked 
|  10|0x0000000086200000, 0x0000000086300000, 0x0000000086300000|100%| O|  |TAMS 0x0000000086300000, 0x0000000086200000| Untracked 
|  11|0x0000000086300000, 0x0000000086400000, 0x0000000086400000|100%| O|  |TAMS 0x0000000086400000, 0x0000000086300000| Untracked 
|  12|0x0000000086400000, 0x0000000086500000, 0x0000000086500000|100%| O|  |TAMS 0x0000000086500000, 0x0000000086400000| Untracked 
|  13|0x0000000086500000, 0x0000000086600000, 0x0000000086600000|100%| O|  |TAMS 0x0000000086600000, 0x0000000086500000| Untracked 
|  14|0x0000000086600000, 0x0000000086700000, 0x0000000086700000|100%| O|  |TAMS 0x0000000086700000, 0x0000000086600000| Untracked 
|  15|0x0000000086700000, 0x0000000086800000, 0x0000000086800000|100%| O|  |TAMS 0x0000000086800000, 0x0000000086700000| Untracked 
|  16|0x0000000086800000, 0x0000000086900000, 0x0000000086900000|100%| O|  |TAMS 0x0000000086900000, 0x0000000086800000| Untracked 
|  17|0x0000000086900000, 0x0000000086a00000, 0x0000000086a00000|100%| O|  |TAMS 0x0000000086a00000, 0x0000000086900000| Untracked 
|  18|0x0000000086a00000, 0x0000000086b00000, 0x0000000086b00000|100%| O|  |TAMS 0x0000000086b00000, 0x0000000086a00000| Untracked 
|  19|0x0000000086b00000, 0x0000000086c00000, 0x0000000086c00000|100%| O|  |TAMS 0x0000000086c00000, 0x0000000086b00000| Untracked 
|  20|0x0000000086c00000, 0x0000000086d00000, 0x0000000086d00000|100%| O|  |TAMS 0x0000000086d00000, 0x0000000086c00000| Untracked 
|  21|0x0000000086d00000, 0x0000000086e00000, 0x0000000086e00000|100%| O|  |TAMS 0x0000000086e00000, 0x0000000086d00000| Untracked 
|  22|0x0000000086e00000, 0x0000000086f00000, 0x0000000086f00000|100%| O|  |TAMS 0x0000000086f00000, 0x0000000086e00000| Untracked 
|  23|0x0000000086f00000, 0x0000000087000000, 0x0000000087000000|100%| O|  |TAMS 0x0000000087000000, 0x0000000086f00000| Untracked 
|  24|0x0000000087000000, 0x0000000087100000, 0x0000000087100000|100%| O|  |TAMS 0x0000000087100000, 0x0000000087000000| Untracked 
|  25|0x0000000087100000, 0x0000000087200000, 0x0000000087200000|100%| O|  |TAMS 0x0000000087200000, 0x0000000087100000| Untracked 
|  26|0x0000000087200000, 0x0000000087300000, 0x0000000087300000|100%| O|  |TAMS 0x0000000087300000, 0x0000000087200000| Untracked 
|  27|0x0000000087300000, 0x0000000087400000, 0x0000000087400000|100%| O|  |TAMS 0x0000000087400000, 0x0000000087300000| Untracked 
|  28|0x0000000087400000, 0x0000000087500000, 0x0000000087500000|100%| O|  |TAMS 0x0000000087500000, 0x0000000087400000| Untracked 
|  29|0x0000000087500000, 0x0000000087600000, 0x0000000087600000|100%| O|  |TAMS 0x0000000087600000, 0x0000000087500000| Untracked 
|  30|0x0000000087600000, 0x0000000087700000, 0x0000000087700000|100%| O|  |TAMS 0x0000000087700000, 0x0000000087600000| Untracked 
|  31|0x0000000087700000, 0x0000000087800000, 0x0000000087800000|100%| O|  |TAMS 0x0000000087700000, 0x0000000087700000| Untracked 
|  32|0x0000000087800000, 0x0000000087900000, 0x0000000087900000|100%| O|  |TAMS 0x0000000087900000, 0x0000000087800000| Untracked 
|  33|0x0000000087900000, 0x0000000087a00000, 0x0000000087a00000|100%| O|  |TAMS 0x0000000087a00000, 0x0000000087900000| Untracked 
|  34|0x0000000087a00000, 0x0000000087b00000, 0x0000000087b00000|100%| O|  |TAMS 0x0000000087b00000, 0x0000000087a00000| Untracked 
|  35|0x0000000087b00000, 0x0000000087c00000, 0x0000000087c00000|100%| O|  |TAMS 0x0000000087c00000, 0x0000000087b00000| Untracked 
|  36|0x0000000087c00000, 0x0000000087d00000, 0x0000000087d00000|100%| O|  |TAMS 0x0000000087d00000, 0x0000000087c00000| Untracked 
|  37|0x0000000087d00000, 0x0000000087e00000, 0x0000000087e00000|100%| O|  |TAMS 0x0000000087e00000, 0x0000000087d00000| Untracked 
|  38|0x0000000087e00000, 0x0000000087f00000, 0x0000000087f00000|100%| O|  |TAMS 0x0000000087f00000, 0x0000000087e00000| Untracked 
|  39|0x0000000087f00000, 0x0000000088000000, 0x0000000088000000|100%| O|  |TAMS 0x0000000088000000, 0x0000000087f00000| Untracked 
|  40|0x0000000088000000, 0x0000000088100000, 0x0000000088100000|100%| O|  |TAMS 0x00000000880c2c00, 0x0000000088000000| Untracked 
|  41|0x0000000088100000, 0x0000000088200000, 0x0000000088200000|100%| O|  |TAMS 0x0000000088100000, 0x0000000088100000| Untracked 
|  42|0x0000000088200000, 0x0000000088300000, 0x0000000088300000|100%| O|  |TAMS 0x0000000088200000, 0x0000000088200000| Untracked 
|  43|0x0000000088300000, 0x00000000883cf600, 0x0000000088400000| 81%| O|  |TAMS 0x0000000088300000, 0x0000000088300000| Untracked 
|  44|0x0000000088400000, 0x0000000088400000, 0x0000000088500000|  0%| F|  |TAMS 0x0000000088400000, 0x0000000088400000| Untracked 
|  45|0x0000000088500000, 0x0000000088500000, 0x0000000088600000|  0%| F|  |TAMS 0x0000000088500000, 0x0000000088500000| Untracked 
|  46|0x0000000088600000, 0x0000000088600000, 0x0000000088700000|  0%| F|  |TAMS 0x0000000088600000, 0x0000000088600000| Untracked 
|  47|0x0000000088700000, 0x0000000088700000, 0x0000000088800000|  0%| F|  |TAMS 0x0000000088700000, 0x0000000088700000| Untracked 
|  48|0x0000000088800000, 0x0000000088800000, 0x0000000088900000|  0%| F|  |TAMS 0x0000000088800000, 0x0000000088800000| Untracked 
|  49|0x0000000088900000, 0x0000000088900000, 0x0000000088a00000|  0%| F|  |TAMS 0x0000000088900000, 0x0000000088900000| Untracked 
|  50|0x0000000088a00000, 0x0000000088a00000, 0x0000000088b00000|  0%| F|  |TAMS 0x0000000088a00000, 0x0000000088a00000| Untracked 
|  51|0x0000000088b00000, 0x0000000088b00000, 0x0000000088c00000|  0%| F|  |TAMS 0x0000000088b00000, 0x0000000088b00000| Untracked 
|  52|0x0000000088c00000, 0x0000000088c00000, 0x0000000088d00000|  0%| F|  |TAMS 0x0000000088c00000, 0x0000000088c00000| Untracked 
|  53|0x0000000088d00000, 0x0000000088d00000, 0x0000000088e00000|  0%| F|  |TAMS 0x0000000088d00000, 0x0000000088d00000| Untracked 
|  54|0x0000000088e00000, 0x0000000088e00000, 0x0000000088f00000|  0%| F|  |TAMS 0x0000000088e00000, 0x0000000088e00000| Untracked 
|  55|0x0000000088f00000, 0x0000000088f00000, 0x0000000089000000|  0%| F|  |TAMS 0x0000000088f00000, 0x0000000088f00000| Untracked 
|  56|0x0000000089000000, 0x0000000089000000, 0x0000000089100000|  0%| F|  |TAMS 0x0000000089000000, 0x0000000089000000| Untracked 
|  57|0x0000000089100000, 0x0000000089100000, 0x0000000089200000|  0%| F|  |TAMS 0x0000000089100000, 0x0000000089100000| Untracked 
|  58|0x0000000089200000, 0x0000000089200000, 0x0000000089300000|  0%| F|  |TAMS 0x0000000089200000, 0x0000000089200000| Untracked 
|  59|0x0000000089300000, 0x0000000089300000, 0x0000000089400000|  0%| F|  |TAMS 0x0000000089300000, 0x0000000089300000| Untracked 
|  60|0x0000000089400000, 0x0000000089400000, 0x0000000089500000|  0%| F|  |TAMS 0x0000000089400000, 0x0000000089400000| Untracked 
|  61|0x0000000089500000, 0x0000000089500000, 0x0000000089600000|  0%| F|  |TAMS 0x0000000089500000, 0x0000000089500000| Untracked 
|  62|0x0000000089600000, 0x0000000089651390, 0x0000000089700000| 31%| S|CS|TAMS 0x0000000089600000, 0x0000000089600000| Complete 
|  63|0x0000000089700000, 0x0000000089800000, 0x0000000089800000|100%| S|CS|TAMS 0x0000000089700000, 0x0000000089700000| Complete 
|  64|0x0000000089800000, 0x0000000089900000, 0x0000000089900000|100%| S|CS|TAMS 0x0000000089800000, 0x0000000089800000| Complete 
|  65|0x0000000089900000, 0x0000000089900000, 0x0000000089a00000|  0%| F|  |TAMS 0x0000000089900000, 0x0000000089900000| Untracked 
|  66|0x0000000089a00000, 0x0000000089a00000, 0x0000000089b00000|  0%| F|  |TAMS 0x0000000089a00000, 0x0000000089a00000| Untracked 
|  67|0x0000000089b00000, 0x0000000089b00000, 0x0000000089c00000|  0%| F|  |TAMS 0x0000000089b00000, 0x0000000089b00000| Untracked 
|  68|0x0000000089c00000, 0x0000000089c00000, 0x0000000089d00000|  0%| F|  |TAMS 0x0000000089c00000, 0x0000000089c00000| Untracked 
|  69|0x0000000089d00000, 0x0000000089d00000, 0x0000000089e00000|  0%| F|  |TAMS 0x0000000089d00000, 0x0000000089d00000| Untracked 
|  70|0x0000000089e00000, 0x0000000089e00000, 0x0000000089f00000|  0%| F|  |TAMS 0x0000000089e00000, 0x0000000089e00000| Untracked 
|  71|0x0000000089f00000, 0x0000000089f00000, 0x000000008a000000|  0%| F|  |TAMS 0x0000000089f00000, 0x0000000089f00000| Untracked 
|  72|0x000000008a000000, 0x000000008a000000, 0x000000008a100000|  0%| F|  |TAMS 0x000000008a000000, 0x000000008a000000| Untracked 
|  73|0x000000008a100000, 0x000000008a100000, 0x000000008a200000|  0%| F|  |TAMS 0x000000008a100000, 0x000000008a100000| Untracked 
|  74|0x000000008a200000, 0x000000008a200000, 0x000000008a300000|  0%| F|  |TAMS 0x000000008a200000, 0x000000008a200000| Untracked 
|  75|0x000000008a300000, 0x000000008a300000, 0x000000008a400000|  0%| F|  |TAMS 0x000000008a300000, 0x000000008a300000| Untracked 
|  76|0x000000008a400000, 0x000000008a400000, 0x000000008a500000|  0%| F|  |TAMS 0x000000008a400000, 0x000000008a400000| Untracked 
|  77|0x000000008a500000, 0x000000008a500000, 0x000000008a600000|  0%| F|  |TAMS 0x000000008a500000, 0x000000008a500000| Untracked 
|  78|0x000000008a600000, 0x000000008a600000, 0x000000008a700000|  0%| F|  |TAMS 0x000000008a600000, 0x000000008a600000| Untracked 
|  79|0x000000008a700000, 0x000000008a700000, 0x000000008a800000|  0%| F|  |TAMS 0x000000008a700000, 0x000000008a700000| Untracked 
|  80|0x000000008a800000, 0x000000008a800000, 0x000000008a900000|  0%| F|  |TAMS 0x000000008a800000, 0x000000008a800000| Untracked 
|  81|0x000000008a900000, 0x000000008a900000, 0x000000008aa00000|  0%| F|  |TAMS 0x000000008a900000, 0x000000008a900000| Untracked 
|  82|0x000000008aa00000, 0x000000008aa00000, 0x000000008ab00000|  0%| F|  |TAMS 0x000000008aa00000, 0x000000008aa00000| Untracked 
|  83|0x000000008ab00000, 0x000000008ab00000, 0x000000008ac00000|  0%| F|  |TAMS 0x000000008ab00000, 0x000000008ab00000| Untracked 
|  84|0x000000008ac00000, 0x000000008ace4f58, 0x000000008ad00000| 89%| E|  |TAMS 0x000000008ac00000, 0x000000008ac00000| Complete 
|  85|0x000000008ad00000, 0x000000008ae00000, 0x000000008ae00000|100%| E|CS|TAMS 0x000000008ad00000, 0x000000008ad00000| Complete 
|  86|0x000000008ae00000, 0x000000008af00000, 0x000000008af00000|100%| E|CS|TAMS 0x000000008ae00000, 0x000000008ae00000| Complete 
| 123|0x000000008d300000, 0x000000008d400000, 0x000000008d400000|100%| E|CS|TAMS 0x000000008d300000, 0x000000008d300000| Complete 

Card table byte_map: [0x0000015d1c2f0000,0x0000015d1c6d0000] _byte_map_base: 0x0000015d1bec4000

Marking Bits (Prev, Next): (CMBitMap*) 0x0000015d03096e30, (CMBitMap*) 0x0000015d03096e70
 Prev Bits: [0x0000015d1cab0000, 0x0000015d1e950000)
 Next Bits: [0x0000015d1e950000, 0x0000015d207f0000)

Polling page: 0x0000015d0c240000

Metaspace:

Usage:
  Non-class:     48.28 MB used.
      Class:      6.36 MB used.
       Both:     54.64 MB used.

Virtual space:
  Non-class space:       64.00 MB reserved,      48.38 MB ( 76%) committed,  1 nodes.
      Class space:        1.00 GB reserved,       6.50 MB ( <1%) committed,  1 nodes.
             Both:        1.06 GB reserved,      54.88 MB (  5%) committed. 

Chunk freelists:
   Non-Class:  14.48 MB
       Class:  9.53 MB
        Both:  24.02 MB

MaxMetaspaceSize: unlimited
CompressedClassSpaceSize: 1.00 GB
Initial GC threshold: 21.00 MB
Current GC threshold: 83.25 MB
CDS: on
MetaspaceReclaimPolicy: balanced
 - commit_granule_bytes: 65536.
 - commit_granule_words: 8192.
 - virtual_space_node_default_size: 8388608.
 - enlarge_chunks_in_place: 1.
 - new_chunks_are_fully_committed: 0.
 - uncommit_free_chunks: 1.
 - use_allocation_guard: 0.
 - handle_deallocations: 1.


Internal statistics:

num_allocs_failed_limit: 6.
num_arena_births: 294.
num_arena_deaths: 0.
num_vsnodes_births: 2.
num_vsnodes_deaths: 0.
num_space_committed: 876.
num_space_uncommitted: 0.
num_chunks_returned_to_freelist: 6.
num_chunks_taken_from_freelist: 2238.
num_chunk_merges: 6.
num_chunk_splits: 1824.
num_chunks_enlarged: 1652.
num_inconsistent_stats: 0.

CodeHeap 'non-profiled nmethods': size=120000Kb used=2782Kb max_used=3241Kb free=117217Kb
 bounds [0x0000015d13d30000, 0x0000015d14060000, 0x0000015d1b260000]
CodeHeap 'profiled nmethods': size=120000Kb used=18382Kb max_used=20959Kb free=101617Kb
 bounds [0x0000015d0c260000, 0x0000015d0d6e0000, 0x0000015d13790000]
CodeHeap 'non-nmethods': size=5760Kb used=1382Kb max_used=1391Kb free=4377Kb
 bounds [0x0000015d13790000, 0x0000015d13a00000, 0x0000015d13d30000]
 total_blobs=6990 nmethods=6286 adapters=614
 compilation: enabled
              stopped_count=0, restarted_count=0
 full_count=0

Compilation events (20 events):
Event: 45.861 Thread 0x0000015d234d0210 7082       3       org.jetbrains.kotlin.metadata.ProtoBuf$Class::getContextReceiverTypeCount (10 bytes)
Event: 45.861 Thread 0x0000015d234d0210 nmethod 7082 0x0000015d0c274010 code [0x0000015d0c2741c0, 0x0000015d0c274388]
Event: 45.861 Thread 0x0000015d234d0210 7083       3       org.jetbrains.kotlin.metadata.ProtoBuf$Class::getTypeAliasCount (10 bytes)
Event: 45.861 Thread 0x0000015d234d0210 nmethod 7083 0x0000015d0c275710 code [0x0000015d0c2758c0, 0x0000015d0c275a88]
Event: 45.861 Thread 0x0000015d234d0210 7084       3       org.jetbrains.kotlin.metadata.ProtoBuf$Class::hasInlineClassUnderlyingType (18 bytes)
Event: 45.862 Thread 0x0000015d234d0210 nmethod 7084 0x0000015d0c3a6590 code [0x0000015d0c3a6720, 0x0000015d0c3a6898]
Event: 45.862 Thread 0x0000015d234d0210 7087       3       org.jetbrains.kotlin.metadata.ProtoBuf$Property$1::parsePartialFrom (11 bytes)
Event: 45.862 Thread 0x0000015d234d0210 nmethod 7087 0x0000015d0c404c90 code [0x0000015d0c404e40, 0x0000015d0c405048]
Event: 45.862 Thread 0x0000015d234d0210 7086       3       org.jetbrains.kotlin.metadata.ProtoBuf$Class::initFields (167 bytes)
Event: 45.863 Thread 0x0000015d234d0210 nmethod 7086 0x0000015d0c2e5110 code [0x0000015d0c2e53e0, 0x0000015d0c2e64f8]
Event: 45.866 Thread 0x0000015d234d0210 7095       3       java.io.FilterInputStream::read (8 bytes)
Event: 45.866 Thread 0x0000015d234d0210 nmethod 7095 0x0000015d0c2a0390 code [0x0000015d0c2a0540, 0x0000015d0c2a0708]
Event: 45.866 Thread 0x0000015d234d0210 7096       3       java.util.zip.InflaterInputStream::read (32 bytes)
Event: 45.867 Thread 0x0000015d234d0210 nmethod 7096 0x0000015d0c29f810 code [0x0000015d0c29f9e0, 0x0000015d0c29fe38]
Event: 45.891 Thread 0x0000015d238bb2e0 7093   !   4       org.jetbrains.kotlin.metadata.ProtoBuf$Type$Argument::<init> (401 bytes)
Event: 45.891 Thread 0x0000015d6a1d0760 7074       4       java.lang.StringLatin1::lastIndexOf (125 bytes)
Event: 45.894 Thread 0x0000015d6a1d0760 nmethod 7074 0x0000015d13e66190 code [0x0000015d13e66320, 0x0000015d13e664b8]
Event: 45.894 Thread 0x0000015d6a1d0760 7085       4       org.jetbrains.kotlin.metadata.ProtoBuf$Type::<init> (7 bytes)
Event: 46.896 Thread 0x0000015d6a1d0760 nmethod 7085 0x0000015d13d56990 code [0x0000015d13d56b20, 0x0000015d13d56bc8]
Event: 46.896 Thread 0x0000015d6a1d0760 7075       4       java.lang.String::toLowerCase (29 bytes)

GC Heap History (20 events):
Event: 19.603 GC heap before
{Heap before GC invocations=6 (full 0):
 garbage-first heap   total 61440K, used 43801K [0x0000000085800000, 0x0000000100000000)
  region size 1024K, 25 young (25600K), 1 survivors (1024K)
 Metaspace       used 32748K, committed 32960K, reserved 1114112K
  class space    used 3994K, committed 4096K, reserved 1048576K
}
Event: 19.614 GC heap after
{Heap after GC invocations=7 (full 0):
 garbage-first heap   total 74752K, used 21121K [0x0000000085800000, 0x0000000100000000)
  region size 1024K, 2 young (2048K), 2 survivors (2048K)
 Metaspace       used 32748K, committed 32960K, reserved 1114112K
  class space    used 3994K, committed 4096K, reserved 1048576K
}
Event: 20.675 GC heap before
{Heap before GC invocations=7 (full 0):
 garbage-first heap   total 74752K, used 54913K [0x0000000085800000, 0x0000000100000000)
  region size 1024K, 34 young (34816K), 2 survivors (2048K)
 Metaspace       used 34005K, committed 34304K, reserved 1114112K
  class space    used 4095K, committed 4224K, reserved 1048576K
}
Event: 20.700 GC heap after
{Heap after GC invocations=8 (full 0):
 garbage-first heap   total 74752K, used 32267K [0x0000000085800000, 0x0000000100000000)
  region size 1024K, 5 young (5120K), 5 survivors (5120K)
 Metaspace       used 34005K, committed 34304K, reserved 1114112K
  class space    used 4095K, committed 4224K, reserved 1048576K
}
Event: 21.640 GC heap before
{Heap before GC invocations=8 (full 0):
 garbage-first heap   total 74752K, used 39435K [0x0000000085800000, 0x0000000100000000)
  region size 1024K, 14 young (14336K), 5 survivors (5120K)
 Metaspace       used 35707K, committed 35968K, reserved 1114112K
  class space    used 4263K, committed 4416K, reserved 1048576K
}
Event: 21.656 GC heap after
{Heap after GC invocations=9 (full 0):
 garbage-first heap   total 74752K, used 34108K [0x0000000085800000, 0x0000000100000000)
  region size 1024K, 2 young (2048K), 2 survivors (2048K)
 Metaspace       used 35707K, committed 35968K, reserved 1114112K
  class space    used 4263K, committed 4416K, reserved 1048576K
}
Event: 25.355 GC heap before
{Heap before GC invocations=10 (full 0):
 garbage-first heap   total 74752K, used 53564K [0x0000000085800000, 0x0000000100000000)
  region size 1024K, 21 young (21504K), 2 survivors (2048K)
 Metaspace       used 41462K, committed 41728K, reserved 1114112K
  class space    used 5033K, committed 5184K, reserved 1048576K
}
Event: 25.367 GC heap after
{Heap after GC invocations=11 (full 0):
 garbage-first heap   total 74752K, used 34909K [0x0000000085800000, 0x0000000100000000)
  region size 1024K, 3 young (3072K), 3 survivors (3072K)
 Metaspace       used 41462K, committed 41728K, reserved 1114112K
  class space    used 5033K, committed 5184K, reserved 1048576K
}
Event: 25.550 GC heap before
{Heap before GC invocations=11 (full 0):
 garbage-first heap   total 74752K, used 35933K [0x0000000085800000, 0x0000000100000000)
  region size 1024K, 4 young (4096K), 3 survivors (3072K)
 Metaspace       used 41547K, committed 41856K, reserved 1114112K
  class space    used 5035K, committed 5184K, reserved 1048576K
}
Event: 25.559 GC heap after
{Heap after GC invocations=12 (full 0):
 garbage-first heap   total 74752K, used 35010K [0x0000000085800000, 0x0000000100000000)
  region size 1024K, 1 young (1024K), 1 survivors (1024K)
 Metaspace       used 41547K, committed 41856K, reserved 1114112K
  class space    used 5035K, committed 5184K, reserved 1048576K
}
Event: 28.770 GC heap before
{Heap before GC invocations=12 (full 0):
 garbage-first heap   total 74752K, used 55490K [0x0000000085800000, 0x0000000100000000)
  region size 1024K, 21 young (21504K), 1 survivors (1024K)
 Metaspace       used 46057K, committed 46272K, reserved 1114112K
  class space    used 5593K, committed 5696K, reserved 1048576K
}
Event: 28.782 GC heap after
{Heap after GC invocations=13 (full 0):
 garbage-first heap   total 74752K, used 36401K [0x0000000085800000, 0x0000000100000000)
  region size 1024K, 2 young (2048K), 2 survivors (2048K)
 Metaspace       used 46057K, committed 46272K, reserved 1114112K
  class space    used 5593K, committed 5696K, reserved 1048576K
}
Event: 31.583 GC heap before
{Heap before GC invocations=14 (full 0):
 garbage-first heap   total 74752K, used 56881K [0x0000000085800000, 0x0000000100000000)
  region size 1024K, 22 young (22528K), 2 survivors (2048K)
 Metaspace       used 48485K, committed 48704K, reserved 1114112K
  class space    used 5903K, committed 6016K, reserved 1048576K
}
Event: 31.611 GC heap after
{Heap after GC invocations=15 (full 0):
 garbage-first heap   total 90112K, used 40960K [0x0000000085800000, 0x0000000100000000)
  region size 1024K, 3 young (3072K), 3 survivors (3072K)
 Metaspace       used 48485K, committed 48704K, reserved 1114112K
  class space    used 5903K, committed 6016K, reserved 1048576K
}
Event: 31.769 GC heap before
{Heap before GC invocations=15 (full 0):
 garbage-first heap   total 90112K, used 41984K [0x0000000085800000, 0x0000000100000000)
  region size 1024K, 4 young (4096K), 3 survivors (3072K)
 Metaspace       used 48519K, committed 48832K, reserved 1114112K
  class space    used 5904K, committed 6016K, reserved 1048576K
}
Event: 31.785 GC heap after
{Heap after GC invocations=16 (full 0):
 garbage-first heap   total 90112K, used 41252K [0x0000000085800000, 0x0000000100000000)
  region size 1024K, 1 young (1024K), 1 survivors (1024K)
 Metaspace       used 48519K, committed 48832K, reserved 1114112K
  class space    used 5904K, committed 6016K, reserved 1048576K
}
Event: 37.057 GC heap before
{Heap before GC invocations=16 (full 0):
 garbage-first heap   total 90112K, used 66852K [0x0000000085800000, 0x0000000100000000)
  region size 1024K, 26 young (26624K), 1 survivors (1024K)
 Metaspace       used 50880K, committed 51136K, reserved 1114112K
  class space    used 6034K, committed 6144K, reserved 1048576K
}
Event: 37.081 GC heap after
{Heap after GC invocations=17 (full 0):
 garbage-first heap   total 90112K, used 44811K [0x0000000085800000, 0x0000000100000000)
  region size 1024K, 4 young (4096K), 4 survivors (4096K)
 Metaspace       used 50880K, committed 51136K, reserved 1114112K
  class space    used 6034K, committed 6144K, reserved 1048576K
}
Event: 45.705 GC heap before
{Heap before GC invocations=18 (full 0):
 garbage-first heap   total 90112K, used 67339K [0x0000000085800000, 0x0000000100000000)
  region size 1024K, 27 young (27648K), 4 survivors (4096K)
 Metaspace       used 55440K, committed 55680K, reserved 1114112K
  class space    used 6459K, committed 6592K, reserved 1048576K
}
Event: 45.766 GC heap after
{Heap after GC invocations=19 (full 0):
 garbage-first heap   total 90112K, used 47234K [0x0000000085800000, 0x0000000100000000)
  region size 1024K, 3 young (3072K), 3 survivors (3072K)
 Metaspace       used 55440K, committed 55680K, reserved 1114112K
  class space    used 6459K, committed 6592K, reserved 1048576K
}

Dll operation events (7 events):
Event: 0.081 Loaded shared library C:\Program Files\Microsoft\jdk-17.0.15.6-hotspot\bin\java.dll
Event: 0.230 Loaded shared library C:\Program Files\Microsoft\jdk-17.0.15.6-hotspot\bin\jsvml.dll
Event: 0.889 Loaded shared library C:\Program Files\Microsoft\jdk-17.0.15.6-hotspot\bin\net.dll
Event: 0.895 Loaded shared library C:\Program Files\Microsoft\jdk-17.0.15.6-hotspot\bin\nio.dll
Event: 0.962 Loaded shared library C:\Program Files\Microsoft\jdk-17.0.15.6-hotspot\bin\zip.dll
Event: 1.347 Loaded shared library C:\Program Files\Microsoft\jdk-17.0.15.6-hotspot\bin\jimage.dll
Event: 7.537 Loaded shared library C:\Program Files\Microsoft\jdk-17.0.15.6-hotspot\bin\verify.dll

Deoptimization events (20 events):
Event: 39.721 Thread 0x0000015d030395b0 Uncommon trap: trap_request=0xfffffff4 fr.pc=0x0000015d13f0e034 relative=0x0000000000000214
Event: 39.721 Thread 0x0000015d030395b0 Uncommon trap: reason=null_check action=make_not_entrant pc=0x0000015d13f0e034 method=org.jetbrains.kotlin.name.FqName.equals(Ljava/lang/Object;)Z @ 8 c2
Event: 39.721 Thread 0x0000015d030395b0 DEOPT PACKING pc=0x0000015d13f0e034 sp=0x00000004630f6ff0
Event: 39.721 Thread 0x0000015d030395b0 DEOPT UNPACKING pc=0x0000015d137e69a3 sp=0x00000004630f6f80 mode 2
Event: 41.191 Thread 0x0000015d030395b0 Uncommon trap: trap_request=0xffffff45 fr.pc=0x0000015d13f8362c relative=0x00000000000007ac
Event: 41.191 Thread 0x0000015d030395b0 Uncommon trap: reason=unstable_if action=reinterpret pc=0x0000015d13f8362c method=org.jetbrains.kotlin.fir.resolve.TypeExpansionUtilsKt.fullyExpandedType(Lorg/jetbrains/kotlin/fir/types/ConeClassLikeType;Lorg/jetbrains/kotlin/fir/FirSession;Lkotlin/jvm/fu
Event: 41.191 Thread 0x0000015d030395b0 DEOPT PACKING pc=0x0000015d13f8362c sp=0x00000004630fcae0
Event: 41.191 Thread 0x0000015d030395b0 DEOPT UNPACKING pc=0x0000015d137e69a3 sp=0x00000004630fca98 mode 2
Event: 44.874 Thread 0x0000015d030395b0 Uncommon trap: trap_request=0xffffff45 fr.pc=0x0000015d13ecc5fc relative=0x000000000000133c
Event: 44.874 Thread 0x0000015d030395b0 Uncommon trap: reason=unstable_if action=reinterpret pc=0x0000015d13ecc5fc method=java.util.zip.ZipFile$ZipFileInflaterInputStream.close()V @ 4 c2
Event: 44.875 Thread 0x0000015d030395b0 DEOPT PACKING pc=0x0000015d13ecc5fc sp=0x00000004630fd340
Event: 44.875 Thread 0x0000015d030395b0 DEOPT UNPACKING pc=0x0000015d137e69a3 sp=0x00000004630fd350 mode 2
Event: 45.845 Thread 0x0000015d030395b0 Uncommon trap: trap_request=0xffffff45 fr.pc=0x0000015d13d83c18 relative=0x0000000000000758
Event: 45.845 Thread 0x0000015d030395b0 Uncommon trap: reason=unstable_if action=reinterpret pc=0x0000015d13d83c18 method=java.lang.AbstractStringBuilder.append(Ljava/lang/String;)Ljava/lang/AbstractStringBuilder; @ 1 c2
Event: 45.845 Thread 0x0000015d030395b0 DEOPT PACKING pc=0x0000015d13d83c18 sp=0x00000004630fdbb0
Event: 45.845 Thread 0x0000015d030395b0 DEOPT UNPACKING pc=0x0000015d137e69a3 sp=0x00000004630fdb30 mode 2
Event: 45.850 Thread 0x0000015d030395b0 Uncommon trap: trap_request=0xffffff45 fr.pc=0x0000015d13d73308 relative=0x0000000000000748
Event: 45.850 Thread 0x0000015d030395b0 Uncommon trap: reason=unstable_if action=reinterpret pc=0x0000015d13d73308 method=java.lang.AbstractStringBuilder.append(Ljava/lang/String;)Ljava/lang/AbstractStringBuilder; @ 1 c2
Event: 45.850 Thread 0x0000015d030395b0 DEOPT PACKING pc=0x0000015d13d73308 sp=0x00000004630fdb40
Event: 45.850 Thread 0x0000015d030395b0 DEOPT UNPACKING pc=0x0000015d137e69a3 sp=0x00000004630fdb28 mode 2

Classes loaded (20 events):
Event: 24.353 Loading class java/lang/Character$Subset done
Event: 24.353 Loading class java/lang/Character$UnicodeBlock done
Event: 24.577 Loading class java/util/ArrayList$SubList$1
Event: 24.580 Loading class java/util/ArrayList$SubList$1 done
Event: 24.869 Loading class java/util/EnumMap$EntrySet
Event: 24.870 Loading class java/util/EnumMap$EntrySet done
Event: 24.870 Loading class java/util/EnumMap$EntryIterator
Event: 24.870 Loading class java/util/EnumMap$EnumMapIterator
Event: 24.871 Loading class java/util/EnumMap$EnumMapIterator done
Event: 24.871 Loading class java/util/EnumMap$EntryIterator done
Event: 24.871 Loading class java/util/EnumMap$EntryIterator$Entry
Event: 24.871 Loading class java/util/EnumMap$EntryIterator$Entry done
Event: 29.116 Loading class java/util/AbstractList$RandomAccessSubList
Event: 29.117 Loading class java/util/AbstractList$RandomAccessSubList done
Event: 31.479 Loading class java/lang/Byte$ByteCache
Event: 31.505 Loading class java/lang/Byte$ByteCache done
Event: 38.298 Loading class java/text/MessageFormat
Event: 38.304 Loading class java/text/MessageFormat done
Event: 38.399 Loading class java/text/ChoiceFormat
Event: 38.402 Loading class java/text/ChoiceFormat done

Classes unloaded (0 events):
No events

Classes redefined (0 events):
No events

Internal exceptions (20 events):
Event: 29.251 Thread 0x0000015d030395b0 Exception <a 'java/lang/NoSuchMethodError'{0x000000008aae01f0}: 'java.lang.Object java.lang.invoke.Invokers$Holder.linkToTargetMethod(java.lang.Object, java.lang.Object, java.lang.Object, java.lang.Object, java.lang.Object, java.lang.Object, java.lang.Object, java.lang.Object, java.lang.Object)'> (0x000000008aae01f0) 
thrown [s\src\hotspot\share\interpreter\linkResolver.cpp, line 759]
Event: 29.284 Thread 0x0000015d030395b0 Exception <a 'java/lang/NoSuchMethodError'{0x000000008a90d570}: 'java.lang.Object java.lang.invoke.DirectMethodHandle$Holder.newInvokeSpecial(java.lang.Object, int, java.lang.Object)'> (0x000000008a90d570) 
thrown [s\src\hotspot\share\interpreter\linkResolver.cpp, line 759]
Event: 30.054 Thread 0x0000015d030395b0 Exception <a 'java/lang/NoSuchMethodError'{0x000000008a6cec10}: 'java.lang.Object java.lang.invoke.Invokers$Holder.linkToTargetMethod(int, java.lang.Object, java.lang.Object, java.lang.Object, java.lang.Object)'> (0x000000008a6cec10) 
thrown [s\src\hotspot\share\interpreter\linkResolver.cpp, line 759]
Event: 31.851 Thread 0x0000015d030395b0 Exception <a 'java/lang/NoSuchMethodError'{0x000000008d351318}: 'java.lang.Object java.lang.invoke.DirectMethodHandle$Holder.invokeStatic(java.lang.Object, int, java.lang.Object, java.lang.Object, java.lang.Object)'> (0x000000008d351318) 
thrown [s\src\hotspot\share\interpreter\linkResolver.cpp, line 759]
Event: 31.855 Thread 0x0000015d030395b0 Exception <a 'java/lang/NoSuchMethodError'{0x000000008d35e8c0}: 'java.lang.Object java.lang.invoke.DirectMethodHandle$Holder.invokeSpecial(java.lang.Object, java.lang.Object, int, java.lang.Object, java.lang.Object)'> (0x000000008d35e8c0) 
thrown [s\src\hotspot\share\interpreter\linkResolver.cpp, line 759]
Event: 31.857 Thread 0x0000015d030395b0 Exception <a 'java/lang/NoSuchMethodError'{0x000000008d3637d8}: 'java.lang.Object java.lang.invoke.Invokers$Holder.linkToTargetMethod(int, java.lang.Object, java.lang.Object, java.lang.Object)'> (0x000000008d3637d8) 
thrown [s\src\hotspot\share\interpreter\linkResolver.cpp, line 759]
Event: 32.230 Thread 0x0000015d030395b0 Exception <a 'java/lang/NoSuchMethodError'{0x000000008ad335f0}: 'java.lang.Object java.lang.invoke.DirectMethodHandle$Holder.invokeStatic(java.lang.Object, int, java.lang.Object, java.lang.Object)'> (0x000000008ad335f0) 
thrown [s\src\hotspot\share\interpreter\linkResolver.cpp, line 759]
Event: 32.255 Thread 0x0000015d030395b0 Exception <a 'java/lang/NoSuchMethodError'{0x000000008ad51a18}: 'java.lang.Object java.lang.invoke.DirectMethodHandle$Holder.invokeStatic(java.lang.Object, java.lang.Object, java.lang.Object, int, java.lang.Object, java.lang.Object)'> (0x000000008ad51a18) 
thrown [s\src\hotspot\share\interpreter\linkResolver.cpp, line 759]
Event: 33.794 Thread 0x0000015d030395b0 Exception <a 'java/lang/NoSuchMethodError'{0x000000008a552708}: 'java.lang.Object java.lang.invoke.DirectMethodHandle$Holder.newInvokeSpecial(java.lang.Object, java.lang.Object, java.lang.Object, java.lang.Object, java.lang.Object, int)'> (0x000000008a552708) 
thrown [s\src\hotspot\share\interpreter\linkResolver.cpp, line 759]
Event: 33.796 Thread 0x0000015d030395b0 Exception <a 'java/lang/NoSuchMethodError'{0x000000008a5570c0}: 'java.lang.Object java.lang.invoke.DirectMethodHandle$Holder.invokeSpecial(java.lang.Object, java.lang.Object, java.lang.Object, java.lang.Object, java.lang.Object, java.lang.Object, int)'> (0x000000008a5570c0) 
thrown [s\src\hotspot\share\interpreter\linkResolver.cpp, line 759]
Event: 33.797 Thread 0x0000015d030395b0 Exception <a 'java/lang/NoSuchMethodError'{0x000000008a55b400}: 'java.lang.Object java.lang.invoke.Invokers$Holder.linkToTargetMethod(java.lang.Object, java.lang.Object, java.lang.Object, java.lang.Object, int, java.lang.Object)'> (0x000000008a55b400) 
thrown [s\src\hotspot\share\interpreter\linkResolver.cpp, line 759]
Event: 38.580 Thread 0x0000015d030395b0 Exception <a 'java/lang/NoSuchMethodError'{0x000000008a65a6e0}: 'java.lang.Object java.lang.invoke.DirectMethodHandle$Holder.invokeStaticInit(java.lang.Object, int, int, java.lang.Object)'> (0x000000008a65a6e0) 
thrown [s\src\hotspot\share\interpreter\linkResolver.cpp, line 759]
Event: 39.506 Thread 0x0000015d030395b0 Implicit null exception at 0x0000015d13dfb8cc to 0x0000015d13dfb9a8
Event: 39.721 Thread 0x0000015d030395b0 Implicit null exception at 0x0000015d13f0de55 to 0x0000015d13f0e024
Event: 42.832 Thread 0x0000015d030395b0 Exception <a 'java/lang/NoSuchMethodError'{0x000000008a1b67d0}: 'java.lang.Object java.lang.invoke.DirectMethodHandle$Holder.invokeStatic(java.lang.Object, java.lang.Object, java.lang.Object, java.lang.Object, java.lang.Object, int)'> (0x000000008a1b67d0) 
thrown [s\src\hotspot\share\interpreter\linkResolver.cpp, line 759]
Event: 42.945 Thread 0x0000015d030395b0 Exception <a 'java/lang/NoSuchMethodError'{0x000000008a0184d8}: 'java.lang.Object java.lang.invoke.DirectMethodHandle$Holder.newInvokeSpecial(java.lang.Object, java.lang.Object, int, java.lang.Object, java.lang.Object, java.lang.Object)'> (0x000000008a0184d8) 
thrown [s\src\hotspot\share\interpreter\linkResolver.cpp, line 759]
Event: 42.949 Thread 0x0000015d030395b0 Exception <a 'java/lang/NoSuchMethodError'{0x000000008a01c800}: 'java.lang.Object java.lang.invoke.DirectMethodHandle$Holder.invokeSpecial(java.lang.Object, java.lang.Object, java.lang.Object, int, java.lang.Object, java.lang.Object, java.lang.Object)'> (0x000000008a01c800) 
thrown [s\src\hotspot\share\interpreter\linkResolver.cpp, line 759]
Event: 42.951 Thread 0x0000015d030395b0 Exception <a 'java/lang/NoSuchMethodError'{0x000000008a0200e0}: 'java.lang.Object java.lang.invoke.Invokers$Holder.linkToTargetMethod(java.lang.Object, int, java.lang.Object, java.lang.Object, java.lang.Object, java.lang.Object)'> (0x000000008a0200e0) 
thrown [s\src\hotspot\share\interpreter\linkResolver.cpp, line 759]
Event: 45.845 Thread 0x0000015d030395b0 Implicit null exception at 0x0000015d13d834f4 to 0x0000015d13d83c00
Event: 45.850 Thread 0x0000015d030395b0 Implicit null exception at 0x0000015d13d72bf4 to 0x0000015d13d732f0

VM Operations (20 events):
Event: 43.106 Executing VM operation: HandshakeAllThreads
Event: 43.106 Executing VM operation: HandshakeAllThreads done
Event: 43.106 Executing VM operation: Cleanup
Event: 43.106 Executing VM operation: Cleanup done
Event: 43.947 Executing VM operation: HandshakeAllThreads
Event: 43.947 Executing VM operation: HandshakeAllThreads done
Event: 44.961 Executing VM operation: Cleanup
Event: 44.963 Executing VM operation: Cleanup done
Event: 45.702 Executing VM operation: G1CollectForAllocation
Event: 45.767 Executing VM operation: G1CollectForAllocation done
Event: 45.797 Executing VM operation: HandshakeAllThreads
Event: 45.797 Executing VM operation: HandshakeAllThreads done
Event: 45.797 Executing VM operation: HandshakeAllThreads
Event: 45.798 Executing VM operation: HandshakeAllThreads done
Event: 45.845 Executing VM operation: HandshakeAllThreads
Event: 45.845 Executing VM operation: HandshakeAllThreads done
Event: 45.894 Executing VM operation: HandshakeAllThreads
Event: 45.894 Executing VM operation: HandshakeAllThreads done
Event: 46.896 Executing VM operation: Cleanup
Event: 46.896 Executing VM operation: Cleanup done

Memory protections (0 events):
No events

Nmethod flushes (20 events):
Event: 46.897 Thread 0x0000015d234d3790 flushing  nmethod 0x0000015d13f0dc90
Event: 46.897 Thread 0x0000015d234d3790 flushing  nmethod 0x0000015d13f2b790
Event: 46.897 Thread 0x0000015d234d3790 flushing  nmethod 0x0000015d13f6b890
Event: 46.897 Thread 0x0000015d234d3790 flushing  nmethod 0x0000015d13f82c90
Event: 46.897 Thread 0x0000015d234d3790 flushing  nmethod 0x0000015d13fbd210
Event: 46.897 Thread 0x0000015d234d3790 flushing  nmethod 0x0000015d13fbec10
Event: 46.897 Thread 0x0000015d234d3790 flushing  nmethod 0x0000015d13fbf510
Event: 46.897 Thread 0x0000015d234d3790 flushing  nmethod 0x0000015d13fd6990
Event: 46.897 Thread 0x0000015d234d3790 flushing  nmethod 0x0000015d13fe9b10
Event: 46.898 Thread 0x0000015d234d3790 flushing  nmethod 0x0000015d0c274490
Event: 46.898 Thread 0x0000015d234d3790 flushing  nmethod 0x0000015d0c275f10
Event: 46.898 Thread 0x0000015d234d3790 flushing  nmethod 0x0000015d0c29c010
Event: 46.898 Thread 0x0000015d234d3790 flushing  nmethod 0x0000015d0c2c3690
Event: 46.898 Thread 0x0000015d234d3790 flushing  nmethod 0x0000015d0c2c9690
Event: 46.898 Thread 0x0000015d234d3790 flushing  nmethod 0x0000015d0c2ef190
Event: 46.898 Thread 0x0000015d234d3790 flushing  nmethod 0x0000015d0c2f9010
Event: 46.898 Thread 0x0000015d234d3790 flushing  nmethod 0x0000015d0c30c890
Event: 46.898 Thread 0x0000015d234d3790 flushing  nmethod 0x0000015d0c316010
Event: 46.898 Thread 0x0000015d234d3790 flushing  nmethod 0x0000015d0c317490
Event: 46.898 Thread 0x0000015d234d3790 flushing  nmethod 0x0000015d0c331090

Events (20 events):
Event: 0.310 Thread 0x0000015d030395b0 Thread added: 0x0000015d234c1120
Event: 0.310 Thread 0x0000015d030395b0 Thread added: 0x0000015d234c1ae0
Event: 0.310 Thread 0x0000015d030395b0 Thread added: 0x0000015d234c34b0
Event: 0.311 Thread 0x0000015d030395b0 Thread added: 0x0000015d234c5660
Event: 0.329 Thread 0x0000015d030395b0 Thread added: 0x0000015d234d0210
Event: 0.330 Thread 0x0000015d030395b0 Thread added: 0x0000015d234d3790
Event: 0.839 Thread 0x0000015d030395b0 Thread added: 0x0000015d2361b6d0
Event: 0.882 Thread 0x0000015d030395b0 Thread added: 0x0000015d23626680
Event: 13.458 Thread 0x0000015d234d0210 Thread added: 0x0000015d69de96c0
Event: 14.667 Thread 0x0000015d69de96c0 Thread exited: 0x0000015d69de96c0
Event: 15.602 Thread 0x0000015d234d0210 Thread added: 0x0000015d69ea8f30
Event: 15.788 Thread 0x0000015d69ea8f30 Thread exited: 0x0000015d69ea8f30
Event: 17.226 Thread 0x0000015d234c5660 Thread added: 0x0000015d6a1d0760
Event: 17.343 Thread 0x0000015d6a1d0760 Thread exited: 0x0000015d6a1d0760
Event: 17.461 Thread 0x0000015d234d0210 Thread added: 0x0000015d696e2fa0
Event: 17.493 Thread 0x0000015d234c5660 Thread added: 0x0000015d6ab06160
Event: 17.698 Thread 0x0000015d6ab06160 Thread exited: 0x0000015d6ab06160
Event: 18.357 Thread 0x0000015d696e2fa0 Thread exited: 0x0000015d696e2fa0
Event: 45.858 Thread 0x0000015d234d0210 Thread added: 0x0000015d6a1d0760
Event: 45.860 Thread 0x0000015d234d0210 Thread added: 0x0000015d238bb2e0


Dynamic libraries:
0x00007ff67ed90000 - 0x00007ff67ed9e000 	C:\Program Files\Microsoft\jdk-17.0.15.6-hotspot\bin\java.exe
0x00007ffd97c20000 - 0x00007ffd97e87000 	C:\WINDOWS\SYSTEM32\ntdll.dll
0x00007ffd95d70000 - 0x00007ffd95e39000 	C:\WINDOWS\System32\KERNEL32.DLL
0x00007ffd948b0000 - 0x00007ffd94ca7000 	C:\WINDOWS\System32\KERNELBASE.dll
0x00007ffd955d0000 - 0x00007ffd9571b000 	C:\WINDOWS\System32\ucrtbase.dll
0x00007ffd51b10000 - 0x00007ffd51b27000 	C:\Program Files\Microsoft\jdk-17.0.15.6-hotspot\bin\jli.dll
0x00007ffd97500000 - 0x00007ffd976c6000 	C:\WINDOWS\System32\USER32.dll
0x00007ffd94650000 - 0x00007ffd94677000 	C:\WINDOWS\System32\win32u.dll
0x00007ffd973f0000 - 0x00007ffd9741b000 	C:\WINDOWS\System32\GDI32.dll
0x00007ffd95870000 - 0x00007ffd9599c000 	C:\WINDOWS\System32\gdi32full.dll
0x00007ffd94800000 - 0x00007ffd948a3000 	C:\WINDOWS\System32\msvcp_win.dll
0x00007ffd51af0000 - 0x00007ffd51b0d000 	C:\Program Files\Microsoft\jdk-17.0.15.6-hotspot\bin\VCRUNTIME140.dll
0x00007ffd70790000 - 0x00007ffd70a22000 	C:\WINDOWS\WinSxS\amd64_microsoft.windows.common-controls_6595b64144ccf1df_6.0.26100.8328_none_3e08182ce334b678\COMCTL32.dll
0x00007ffd97450000 - 0x00007ffd974f9000 	C:\WINDOWS\System32\msvcrt.dll
0x00007ffd973b0000 - 0x00007ffd973e2000 	C:\WINDOWS\System32\IMM32.DLL
0x00007ffd51ae0000 - 0x00007ffd51aec000 	C:\Program Files\Microsoft\jdk-17.0.15.6-hotspot\bin\vcruntime140_1.dll
0x00007ffd51a50000 - 0x00007ffd51add000 	C:\Program Files\Microsoft\jdk-17.0.15.6-hotspot\bin\msvcp140.dll
0x00007ffd083a0000 - 0x00007ffd09012000 	C:\Program Files\Microsoft\jdk-17.0.15.6-hotspot\bin\server\jvm.dll
0x00007ffd97ab0000 - 0x00007ffd97b66000 	C:\WINDOWS\System32\ADVAPI32.dll
0x00007ffd976f0000 - 0x00007ffd97797000 	C:\WINDOWS\System32\sechost.dll
0x00007ffd96030000 - 0x00007ffd96148000 	C:\WINDOWS\System32\RPCRT4.dll
0x00007ffd95ce0000 - 0x00007ffd95d60000 	C:\WINDOWS\System32\WS2_32.dll
0x00007ffd944b0000 - 0x00007ffd9450e000 	C:\WINDOWS\SYSTEM32\POWRPROF.dll
0x00007ffd8c750000 - 0x00007ffd8c786000 	C:\WINDOWS\SYSTEM32\WINMM.dll
0x00007ffd80a90000 - 0x00007ffd80a9b000 	C:\WINDOWS\SYSTEM32\VERSION.dll
0x00007ffd94490000 - 0x00007ffd944a4000 	C:\WINDOWS\SYSTEM32\UMPDC.dll
0x00007ffd933b0000 - 0x00007ffd933cb000 	C:\WINDOWS\SYSTEM32\kernel.appcore.dll
0x00007ffd51a40000 - 0x00007ffd51a4a000 	C:\Program Files\Microsoft\jdk-17.0.15.6-hotspot\bin\jimage.dll
0x00007ffd92550000 - 0x00007ffd92792000 	C:\WINDOWS\SYSTEM32\DBGHELP.DLL
0x00007ffd97020000 - 0x00007ffd973a3000 	C:\WINDOWS\System32\combase.dll
0x00007ffd967c0000 - 0x00007ffd96899000 	C:\WINDOWS\System32\OLEAUT32.dll
0x00007ffd6b740000 - 0x00007ffd6b77b000 	C:\WINDOWS\SYSTEM32\dbgcore.DLL
0x00007ffd95520000 - 0x00007ffd955c8000 	C:\WINDOWS\System32\bcryptPrimitives.dll
0x00007ffd51a10000 - 0x00007ffd51a35000 	C:\Program Files\Microsoft\jdk-17.0.15.6-hotspot\bin\java.dll
0x00007ffd46730000 - 0x00007ffd46806000 	C:\Program Files\Microsoft\jdk-17.0.15.6-hotspot\bin\jsvml.dll
0x00007ffd968a0000 - 0x00007ffd9700e000 	C:\WINDOWS\System32\SHELL32.dll
0x00007ffd94cb0000 - 0x00007ffd9551c000 	C:\WINDOWS\System32\windows.storage.dll
0x00007ffd95be0000 - 0x00007ffd95cd6000 	C:\WINDOWS\System32\SHCORE.dll
0x00007ffd97b70000 - 0x00007ffd97bd6000 	C:\WINDOWS\System32\shlwapi.dll
0x00007ffd94570000 - 0x00007ffd94599000 	C:\WINDOWS\SYSTEM32\profapi.dll
0x00007ffd519f0000 - 0x00007ffd51a0a000 	C:\Program Files\Microsoft\jdk-17.0.15.6-hotspot\bin\net.dll
0x00007ffd8b780000 - 0x00007ffd8b8a9000 	C:\WINDOWS\SYSTEM32\WINHTTP.dll
0x00007ffd93950000 - 0x00007ffd939bc000 	C:\WINDOWS\system32\mswsock.dll
0x00007ffd519d0000 - 0x00007ffd519e6000 	C:\Program Files\Microsoft\jdk-17.0.15.6-hotspot\bin\nio.dll
0x00007ffd519b0000 - 0x00007ffd519c8000 	C:\Program Files\Microsoft\jdk-17.0.15.6-hotspot\bin\zip.dll
0x00007ffd519a0000 - 0x00007ffd519b0000 	C:\Program Files\Microsoft\jdk-17.0.15.6-hotspot\bin\verify.dll

dbghelp: loaded successfully - version: 4.0.5 - missing functions: none
symbol engine: initialized successfully - sym options: 0x614 - pdb path: .;C:\Program Files\Microsoft\jdk-17.0.15.6-hotspot\bin;C:\WINDOWS\SYSTEM32;C:\WINDOWS\WinSxS\amd64_microsoft.windows.common-controls_6595b64144ccf1df_6.0.26100.8328_none_3e08182ce334b678;C:\Program Files\Microsoft\jdk-17.0.15.6-hotspot\bin\server

VM Arguments:
java_command: org.jetbrains.kotlin.cli.jvm.K2JVMCompiler @D:\Parkitdemo\Updated-Sundukpay\node_modules\react-native-html-to-pdf\android\build\20260507_1225919953487083302.compiler.options
java_class_path (initial): C:\Users\HP\.gradle\caches\modules-2\files-2.1\org.jetbrains.kotlin\kotlin-compiler-embeddable\2.1.20\4ef56b3316798316bfac7a0ae443391c9e900ea1\kotlin-compiler-embeddable-2.1.20.jar;C:\Users\HP\.gradle\caches\modules-2\files-2.1\org.jetbrains.kotlin\kotlin-stdlib\2.1.20\aa8ca79cd50578314f6d1180c47cbe14c0fee567\kotlin-stdlib-2.1.20.jar;C:\Users\HP\.gradle\caches\modules-2\files-2.1\org.jetbrains.kotlin\kotlin-script-runtime\2.1.20\f7c623d7f7bdb01f5ccd6b437bc0a937fcd7c57e\kotlin-script-runtime-2.1.20.jar;C:\Users\HP\.gradle\caches\modules-2\files-2.1\org.jetbrains.kotlin\kotlin-reflect\1.6.10\1cbe9c92c12a94eea200d23c2bbaedaf3daf5132\kotlin-reflect-1.6.10.jar;C:\Users\HP\.gradle\caches\modules-2\files-2.1\org.jetbrains.kotlin\kotlin-daemon-embeddable\2.1.20\95670fce77befd02a70a0bc3abe8ee4533521334\kotlin-daemon-embeddable-2.1.20.jar;C:\Users\HP\.gradle\caches\modules-2\files-2.1\org.jetbrains.intellij.deps\trove4j\1.0.20200330\3afb14d5f9ceb459d724e907a21145e8ff394f02\trove4j-1.0.20200330.jar;C:\Users\HP\.gradle\caches\modules-2\files-2.1\org.jetbrains.kotlinx\kotlinx-coroutines-core-jvm\1.8.0\ac1dc37a30a93150b704022f8d895ee1bd3a36b3\kotlinx-coroutines-core-jvm-1.8.0.jar;C:\Users\HP\.gradle\caches\modules-2\files-2.1\org.jetbrains\annotations\13.0\919f0dfe192fb4e063e7dacadee7f8bb9a2672a9\annotations-13.0.jar
Launcher Type: SUN_STANDARD

[Global flags]
     intx CICompilerCount                          = 4                                         {product} {ergonomic}
     uint ConcGCThreads                            = 3                                         {product} {ergonomic}
     uint G1ConcRefinementThreads                  = 10                                        {product} {ergonomic}
   size_t G1HeapRegionSize                         = 1048576                                   {product} {ergonomic}
    uintx GCDrainStackTargetSize                   = 64                                        {product} {ergonomic}
   size_t InitialHeapSize                          = 130023424                                 {product} {ergonomic}
   size_t MarkStackSize                            = 4194304                                   {product} {ergonomic}
   size_t MaxHeapSize                              = 2055208960                                {product} {ergonomic}
   size_t MaxNewSize                               = 1233125376                                {product} {ergonomic}
   size_t MinHeapDeltaBytes                        = 1048576                                   {product} {ergonomic}
   size_t MinHeapSize                              = 8388608                                   {product} {ergonomic}
    uintx NonNMethodCodeHeapSize                   = 5839372                                {pd product} {ergonomic}
    uintx NonProfiledCodeHeapSize                  = 122909434                              {pd product} {ergonomic}
    uintx ProfiledCodeHeapSize                     = 122909434                              {pd product} {ergonomic}
    uintx ReservedCodeCacheSize                    = 251658240                              {pd product} {ergonomic}
     bool SegmentedCodeCache                       = true                                      {product} {ergonomic}
   size_t SoftMaxHeapSize                          = 2055208960                             {manageable} {ergonomic}
     bool UseCompressedClassPointers               = true                           {product lp64_product} {ergonomic}
     bool UseCompressedOops                        = true                           {product lp64_product} {ergonomic}
     bool UseG1GC                                  = true                                      {product} {ergonomic}
     bool UseLargePagesIndividualAllocation        = false                                  {pd product} {ergonomic}

Logging:
Log output configuration:
 #0: stdout all=warning uptime,level,tags
 #1: stderr all=off uptime,level,tags

Environment Variables:
JAVA_HOME=C:\Program Files\Microsoft\jdk-17.0.15.6-hotspot
PATH=C:\Users\HP\AppData\Local\Programs\Microsoft VS Code;C:\Program Files\Microsoft\jdk-17.0.15.6-hotspot\bin;C:\WINDOWS\system32;C:\WINDOWS;C:\WINDOWS\System32\Wbem;C:\WINDOWS\System32\WindowsPowerShell\v1.0\;C:\WINDOWS\System32\OpenSSH\;C:\Program Files\Git\cmd;C:\Program Files\dotnet\;C:\ProgramData\chocolatey\bin;C:\Users\HP\AppData\Local\Android\Sdk\platform-tools;C:\Users\HP\AppData\Local\Android\Sdk;C:\Users\HP\AppData\Local\Android\Sdk\emulator;;C:\Program Files\Docker\Docker\resources\bin;C:\Program Files\PuTTY\;C:\Program Files\nodejs\;C:\Program Files\MySQL\MySQL Shell 8.0\bin\;C:\Users\HP\AppData\Local\Microsoft\WindowsApps;C:\Users\HP\AppData\Local\Programs\Microsoft VS Code\bin;C:\Users\HP\AppData\Local\Android\Sdk\platform-tools;C:\Users\HP\AppData\Local\Android\Sdk;C:\Users\HP\AppData\Local\Android\Sdk\emulator;C:\Users\HP\AppData\Roaming\npm;c:\Users\HP\.vscode\extensions\vscjava.vscode-java-debug-0.59.0\bundled\scripts\noConfigScripts
USERNAME=HP
LANG=en_US.UTF-8
OS=Windows_NT
PROCESSOR_IDENTIFIER=Intel64 Family 6 Model 154 Stepping 4, GenuineIntel
TMP=C:\Users\HP\AppData\Local\Temp
TEMP=C:\Users\HP\AppData\Local\Temp



Periodic native trim disabled


---------------  S Y S T E M  ---------------

OS:
 Windows 11 , 64 bit Build 26100 (10.0.26100.8328)
OS uptime: 0 days 2:26 hours
Hyper-V role detected

CPU: total 12 (initial active 12) (6 cores per cpu, 2 threads per core) family 6 model 154 stepping 4 microcode 0x432, cx8, cmov, fxsr, ht, mmx, 3dnowpref, sse, sse2, sse3, ssse3, sse4.1, sse4.2, popcnt, lzcnt, tsc, tscinvbit, avx, avx2, aes, erms, clmul, bmi1, bmi2, adx, sha, fma, vzeroupper, clflush, clflushopt, clwb, hv
Processor Information for processor 0
  Max Mhz: 1300, Current Mhz: 1300, Mhz Limit: 1300
Processor Information for processor 1
  Max Mhz: 1300, Current Mhz: 1300, Mhz Limit: 1300
Processor Information for processor 2
  Max Mhz: 1300, Current Mhz: 1300, Mhz Limit: 1300
Processor Information for processor 3
  Max Mhz: 1300, Current Mhz: 1300, Mhz Limit: 1300
Processor Information for processor 4
  Max Mhz: 1300, Current Mhz: 900, Mhz Limit: 897
Processor Information for processor 5
  Max Mhz: 1300, Current Mhz: 900, Mhz Limit: 897
Processor Information for processor 6
  Max Mhz: 1300, Current Mhz: 900, Mhz Limit: 897
Processor Information for processor 7
  Max Mhz: 1300, Current Mhz: 900, Mhz Limit: 897
Processor Information for processor 8
  Max Mhz: 1300, Current Mhz: 900, Mhz Limit: 897
Processor Information for processor 9
  Max Mhz: 1300, Current Mhz: 900, Mhz Limit: 897
Processor Information for processor 10
  Max Mhz: 1300, Current Mhz: 900, Mhz Limit: 897
Processor Information for processor 11
  Max Mhz: 1300, Current Mhz: 900, Mhz Limit: 897

Memory: 4k page, system-wide physical 7835M (1025M free)
TotalPageFile size 31387M (AvailPageFile size 2M)
current process WorkingSet (physical memory assigned to process): 157M, peak: 193M
current process commit charge ("private bytes"): 291M, peak: 291M

vm_info: OpenJDK 64-Bit Server VM (17.0.15+6-LTS) for windows-amd64 JRE (17.0.15+6-LTS), built on Apr  9 2025 22:27:25 by "MicrosoftCorporation" with unknown MS VC++:1939

END.
